****************************************
Report : timing
        -path_type full
        -delay_type max
        -max_paths 10
        -sort_by slack
Design : FP_RF_TOP
Version: PrimeTime 2023.06-SP3
Date   : Sat Aug 15 17:34:54 2026
Corner : ss_0p72v_0p72v_125c
Note   : Worst-case Setup — Slow corner, high temp
****************************************

Operating Conditions : ss_0p72v_0p72v_125c (Library: saed32nm_rvt)
Wire Load Model Mode : Interconnect (StarRC Extracted)

  Startpoint : u_fprf_rd0/din_reg[0]
               (rising edge-triggered flip-flop clocked by CLK_CORE)
  Endpoint   : u_fprf_byp/dout_reg[0]
               (rising edge-triggered flip-flop clocked by CLK_CORE)
  Path Group : CLK_CORE
  Path Type  : max

  Point                                                   Incr        Path
  -------------------------------------------------------------------------
  clock CLK_CORE (rise edge)                                  0.000       0.000
  clock network delay (propagated)                        0.136      0.136
  u_fprf_rd0/din_reg[0]/CK (DFFARX1_RVT)                        0.000       0.136 r
  u_fprf_rd0/din_reg[0]/Q  (DFFARX1_RVT)                        0.119       0.255 r
  u_fprf_rd0/U12/Y (INVX2_RVT)                                  0.034       0.289 f
  u_fprf_rd0/U34/Y (NAND2X1_RVT)                                0.087       0.376 r
  u_fprf_rd1/U07/Y (AOI22X1_RVT)                                0.096       0.472 f
  u_fprf_rd1/U19/Y (OAI21X1_RVT)                                0.106       0.578 r
  u_fprf_wr/U03/Y (MUX21X1_RVT)                                0.079       0.657 r
  u_fprf_wr/U11/Y (AND2X1_RVT)                                 0.047       0.704 f
  u_fprf_wr/U22/Y (NOR2X1_RVT)                                 0.038       0.742 r
  u_fprf_byp/U05/Y (BUFX4_RVT)                                  0.078       0.82 r
  u_fprf_byp/dout_reg[0]/D (DFFARX1_RVT)                        0.065      0.885 f
  data arrival time                                                    0.885

  clock CLK_CORE (rise edge)                                  2     2
  clock network delay (propagated)                        0.136      2.136
  clock uncertainty                                      -0.05   2.086
  u_fprf_byp/dout_reg[0]/CK (DFFARX1_RVT)                       0.000       2.086 r
  library setup time                                     -0.065   2.021
  data required time                                                   2.021
  -------------------------------------------------------------------------
  data required time                                                   2.021
  data arrival time                                                   -0.885
  -------------------------------------------------------------------------
  slack (MET)   1.136


=========================================================================
                   FP_RF_TOP — TIMING SUMMARY
=========================================================================

  Block        : FP_RF_TOP
  Corner       : ss_0p72v_0p72v_125c
  Check        : max  (Worst-case Setup — Slow corner, high temp)
  Clock        : CLK_CORE  Period = 2 ns  (500 MHz)
  Technology   : SAED 32nm RVT

  ┌────────────────────────────────────────────────────────────────┐
  │ Sub-Unit      WNS (ns)  TNS (ns)  #Viol   WHS (ns)  #HViol  │
  ├────────────────────────────────────────────────────────────────┤
  │ u_fprf_rd0          1.136       0        0      0.063        0     │
  │ u_fprf_rd1          0.073       0        0      0.075        0     │
  │ u_fprf_wr          0.131       0        0      0.123        0     │
  │ u_fprf_byp          0.103       0        0      0.095        0     │
  ├────────────────────────────────────────────────────────────────┤
  │ FP_RF_TOP  1.136       0        0      0.063        0     │
  └────────────────────────────────────────────────────────────────┘

  Status : ALL PATHS CLEAN — No Setup or Hold Violations


=========================================================================
                   TIMING EXCEPTIONS APPLIED
=========================================================================

  set_false_path -from [get_ports SCAN_EN]      -to [all_registers]
  set_false_path -from [get_ports TEST_MODE]     -to [all_registers]
  set_multicycle_path 2 -setup -from [get_cells u_fprf_rd0/*] -to [get_cells u_fprf_byp/*]
  set_multicycle_path 1 -hold  -from [get_cells u_fprf_rd0/*] -to [get_cells u_fprf_byp/*]
  set_input_delay  0.400 -clock CLK_CORE -max [all_inputs]
  set_output_delay 0.350 -clock CLK_CORE -max [all_outputs]


=========================================================================
                   CLOCK DOMAIN SUMMARY
=========================================================================

  Clock    : CLK_CORE
  Period   : 2 ns
  Waveform : {0.000 1}
  Skew     : 0.026 ns  (max across FP_RF_TOP)
  Latency  : 0.136 ns  (max)


=========================================================================
                   CONSTRAINT COVERAGE
=========================================================================

  Total register endpoints   : 5403
  Constrained endpoints      : 2597
  Unconstrained endpoints    :      0
  Coverage                   :  100.0%


=========================================================================
                   TOOL / RUN INFORMATION
=========================================================================

  Tool         : Synopsys PrimeTime 2023.06-SP3
  Run Host     : sta-server-01
  Run Dir      : /proj/cpu_rtl/sta/WRITEBACK/PRF/FP_RF/run_ss_0p72v_0p72v_125c
  SDC File     : /proj/cpu_rtl/constraints/FP_RF_TOP.sdc
  Netlist      : /proj/cpu_rtl/netlist/FP_RF_TOP.v.gz
  SPEF File    : /proj/cpu_rtl/spef/FP_RF_TOP.spef.gz
  Liberty      : saed32nm_rvt_ss_0p72v_0p72v_125c.db
  Elapsed Time : 00:05:46
  Peak Memory  : 4.778 GB

=========================================================================
End of Report
=========================================================================
