****************************************
Report : timing
        -path_type full
        -delay_type min
        -max_paths 10
        -sort_by slack
Design : FP_RF_TOP
Version: PrimeTime 2023.06-SP3
Date   : Sat Aug 15 17:34:54 2026
Corner : tt_0p90v_0p90v_25c
Note   : Typical Hold    — Nominal corner
****************************************

Operating Conditions : tt_0p90v_0p90v_25c (Library: saed32nm_rvt)
Wire Load Model Mode : Interconnect (StarRC Extracted)

  Startpoint : u_fprf_rd0/din_reg[0]
               (rising edge-triggered flip-flop clocked by CLK_CORE)
  Endpoint   : u_fprf_byp/dout_reg[0]
               (rising edge-triggered flip-flop clocked by CLK_CORE)
  Path Group : CLK_CORE
  Path Type  : min

  Point                                                   Incr        Path
  -------------------------------------------------------------------------
  clock CLK_CORE (rise edge)                                  0.000       0.000
  clock network delay (propagated)                        0.141      0.141
  u_fprf_rd0/din_reg[0]/CK (DFFARX1_RVT)                        0.000       0.141 r
  u_fprf_rd0/din_reg[0]/Q  (DFFARX1_RVT)                        0.118       0.259 r
  u_fprf_rd0/U12/Y (INVX2_RVT)                                  0.064       0.323 f
  u_fprf_rd0/U34/Y (NAND2X1_RVT)                                0.085       0.408 r
  u_fprf_rd1/U07/Y (AOI22X1_RVT)                                0.072       0.48 f
  u_fprf_rd1/U19/Y (OAI21X1_RVT)                                0.12       0.6 r
  u_fprf_wr/U03/Y (MUX21X1_RVT)                                0.096       0.696 r
  u_fprf_wr/U11/Y (AND2X1_RVT)                                 0.074       0.77 f
  u_fprf_wr/U22/Y (NOR2X1_RVT)                                 0.04       0.81 r
  u_fprf_byp/U05/Y (BUFX4_RVT)                                  0.07       0.88 r
  u_fprf_byp/dout_reg[0]/D (DFFARX1_RVT)                        0.067      0.947 f
  data arrival time                                                    0.947

  clock CLK_CORE (rise edge)                                  2     2
  clock network delay (propagated)                        0.141      2.141
  clock uncertainty                                      -0.05   2.091
  u_fprf_byp/dout_reg[0]/CK (DFFARX1_RVT)                       0.000       2.091 r
  library setup time                                     -0.066   2.025
  data required time                                                   2.025
  -------------------------------------------------------------------------
  data required time                                                   2.025
  data arrival time                                                   -0.947
  -------------------------------------------------------------------------
  slack (MET)   1.078


=========================================================================
                   FP_RF_TOP — TIMING SUMMARY
=========================================================================

  Block        : FP_RF_TOP
  Corner       : tt_0p90v_0p90v_25c
  Check        : min  (Typical Hold    — Nominal corner)
  Clock        : CLK_CORE  Period = 2 ns  (500 MHz)
  Technology   : SAED 32nm RVT

  ┌────────────────────────────────────────────────────────────────┐
  │ Sub-Unit      WNS (ns)  TNS (ns)  #Viol   WHS (ns)  #HViol  │
  ├────────────────────────────────────────────────────────────────┤
  │ u_fprf_rd0          1.078       0        0      0.113        0     │
  │ u_fprf_rd1          0.068       0        0      0.08        0     │
  │ u_fprf_wr          0.131       0        0      0.063        0     │
  │ u_fprf_byp          0.18       0        0      0.101        0     │
  ├────────────────────────────────────────────────────────────────┤
  │ FP_RF_TOP  1.078       0        0      0.113        0     │
  └────────────────────────────────────────────────────────────────┘

  Status : ALL PATHS CLEAN — No Setup or Hold Violations


=========================================================================
                   TIMING EXCEPTIONS APPLIED
=========================================================================

  set_false_path -from [get_ports SCAN_EN]      -to [all_registers]
  set_false_path -from [get_ports TEST_MODE]     -to [all_registers]
  set_multicycle_path 2 -setup -from [get_cells u_fprf_rd0/*] -to [get_cells u_fprf_byp/*]
  set_multicycle_path 1 -hold  -from [get_cells u_fprf_rd0/*] -to [get_cells u_fprf_byp/*]
  set_input_delay  0.400 -clock CLK_CORE -max [all_inputs]
  set_output_delay 0.350 -clock CLK_CORE -max [all_outputs]


=========================================================================
                   CLOCK DOMAIN SUMMARY
=========================================================================

  Clock    : CLK_CORE
  Period   : 2 ns
  Waveform : {0.000 1}
  Skew     : 0.016 ns  (max across FP_RF_TOP)
  Latency  : 0.141 ns  (max)


=========================================================================
                   CONSTRAINT COVERAGE
=========================================================================

  Total register endpoints   : 1700
  Constrained endpoints      : 4478
  Unconstrained endpoints    :      0
  Coverage                   :  100.0%


=========================================================================
                   TOOL / RUN INFORMATION
=========================================================================

  Tool         : Synopsys PrimeTime 2023.06-SP3
  Run Host     : sta-server-01
  Run Dir      : /proj/cpu_rtl/sta/WRITEBACK/PRF/FP_RF/run_tt_0p90v_0p90v_25c
  SDC File     : /proj/cpu_rtl/constraints/FP_RF_TOP.sdc
  Netlist      : /proj/cpu_rtl/netlist/FP_RF_TOP.v.gz
  SPEF File    : /proj/cpu_rtl/spef/FP_RF_TOP.spef.gz
  Liberty      : saed32nm_rvt_tt_0p90v_0p90v_25c.db
  Elapsed Time : 00:01:27
  Peak Memory  : 2.637 GB

=========================================================================
End of Report
=========================================================================
