****************************************
Report : timing
        -path_type full
        -delay_type max
        -max_paths 10
        -sort_by slack
Design : FP_RF_TOP
Version: PrimeTime 2023.06-SP3
Date   : Sat Aug 15 17:34:54 2026
Corner : ss_0p72v_0p72v_n40c
Note   : Cold Setup      — Slow corner, cold temp
****************************************

Operating Conditions : ss_0p72v_0p72v_n40c (Library: saed32nm_rvt)
Wire Load Model Mode : Interconnect (StarRC Extracted)

  Startpoint : u_fprf_rd0/din_reg[0]
               (rising edge-triggered flip-flop clocked by CLK_CORE)
  Endpoint   : u_fprf_byp/dout_reg[0]
               (rising edge-triggered flip-flop clocked by CLK_CORE)
  Path Group : CLK_CORE
  Path Type  : max

  Point                                                   Incr        Path
  -------------------------------------------------------------------------
  clock CLK_CORE (rise edge)                                  0.000       0.000
  clock network delay (propagated)                        0.138      0.138
  u_fprf_rd0/din_reg[0]/CK (DFFARX1_RVT)                        0.000       0.138 r
  u_fprf_rd0/din_reg[0]/Q  (DFFARX1_RVT)                        0.137       0.275 r
  u_fprf_rd0/U12/Y (INVX2_RVT)                                  0.032       0.307 f
  u_fprf_rd0/U34/Y (NAND2X1_RVT)                                0.091       0.398 r
  u_fprf_rd1/U07/Y (AOI22X1_RVT)                                0.083       0.481 f
  u_fprf_rd1/U19/Y (OAI21X1_RVT)                                0.111       0.592 r
  u_fprf_wr/U03/Y (MUX21X1_RVT)                                0.061       0.653 r
  u_fprf_wr/U11/Y (AND2X1_RVT)                                 0.079       0.732 f
  u_fprf_wr/U22/Y (NOR2X1_RVT)                                 0.039       0.771 r
  u_fprf_byp/U05/Y (BUFX4_RVT)                                  0.089       0.86 r
  u_fprf_byp/dout_reg[0]/D (DFFARX1_RVT)                        0.06      0.92 f
  data arrival time                                                    0.92

  clock CLK_CORE (rise edge)                                  2     2
  clock network delay (propagated)                        0.138      2.138
  clock uncertainty                                      -0.05   2.088
  u_fprf_byp/dout_reg[0]/CK (DFFARX1_RVT)                       0.000       2.088 r
  library setup time                                     -0.08   2.008
  data required time                                                   2.008
  -------------------------------------------------------------------------
  data required time                                                   2.008
  data arrival time                                                   -0.92
  -------------------------------------------------------------------------
  slack (MET)   1.088


=========================================================================
                   FP_RF_TOP — TIMING SUMMARY
=========================================================================

  Block        : FP_RF_TOP
  Corner       : ss_0p72v_0p72v_n40c
  Check        : max  (Cold Setup      — Slow corner, cold temp)
  Clock        : CLK_CORE  Period = 2 ns  (500 MHz)
  Technology   : SAED 32nm RVT

  ┌────────────────────────────────────────────────────────────────┐
  │ Sub-Unit      WNS (ns)  TNS (ns)  #Viol   WHS (ns)  #HViol  │
  ├────────────────────────────────────────────────────────────────┤
  │ u_fprf_rd0          1.088       0        0      0.109        0     │
  │ u_fprf_rd1          0.189       0        0      0.114        0     │
  │ u_fprf_wr          0.136       0        0      0.063        0     │
  │ u_fprf_byp          0.102       0        0      0.067        0     │
  ├────────────────────────────────────────────────────────────────┤
  │ FP_RF_TOP  1.088       0        0      0.109        0     │
  └────────────────────────────────────────────────────────────────┘

  Status : ALL PATHS CLEAN — No Setup or Hold Violations


=========================================================================
                   TIMING EXCEPTIONS APPLIED
=========================================================================

  set_false_path -from [get_ports SCAN_EN]      -to [all_registers]
  set_false_path -from [get_ports TEST_MODE]     -to [all_registers]
  set_multicycle_path 2 -setup -from [get_cells u_fprf_rd0/*] -to [get_cells u_fprf_byp/*]
  set_multicycle_path 1 -hold  -from [get_cells u_fprf_rd0/*] -to [get_cells u_fprf_byp/*]
  set_input_delay  0.400 -clock CLK_CORE -max [all_inputs]
  set_output_delay 0.350 -clock CLK_CORE -max [all_outputs]


=========================================================================
                   CLOCK DOMAIN SUMMARY
=========================================================================

  Clock    : CLK_CORE
  Period   : 2 ns
  Waveform : {0.000 1}
  Skew     : 0.02 ns  (max across FP_RF_TOP)
  Latency  : 0.138 ns  (max)


=========================================================================
                   CONSTRAINT COVERAGE
=========================================================================

  Total register endpoints   : 3069
  Constrained endpoints      : 2450
  Unconstrained endpoints    :      0
  Coverage                   :  100.0%


=========================================================================
                   TOOL / RUN INFORMATION
=========================================================================

  Tool         : Synopsys PrimeTime 2023.06-SP3
  Run Host     : sta-server-01
  Run Dir      : /proj/cpu_rtl/sta/WRITEBACK/PRF/FP_RF/run_ss_0p72v_0p72v_n40c
  SDC File     : /proj/cpu_rtl/constraints/FP_RF_TOP.sdc
  Netlist      : /proj/cpu_rtl/netlist/FP_RF_TOP.v.gz
  SPEF File    : /proj/cpu_rtl/spef/FP_RF_TOP.spef.gz
  Liberty      : saed32nm_rvt_ss_0p72v_0p72v_n40c.db
  Elapsed Time : 00:05:36
  Peak Memory  : 2.938 GB

=========================================================================
End of Report
=========================================================================
