****************************************
Report : timing
        -path_type full
        -delay_type max
        -max_paths 10
        -sort_by slack
Design : FP_RF_TOP
Version: PrimeTime 2023.06-SP3
Date   : Sat Aug 15 18:20:45 2026
Corner : ss_0p72v_0p72v_125c
Note   : Setup OCV (On-Chip-Variation) — CRPR enabled
****************************************

Operating Conditions : ss_0p72v_0p72v_125c (Library: saed32nm_rvt)
Wire Load Model Mode : Interconnect (StarRC Extracted)

  Startpoint : u_fprf_rd0/din_reg[0]
               (rising edge-triggered flip-flop clocked by CLK_CORE)
  Endpoint   : u_fprf_byp/dout_reg[0]
               (rising edge-triggered flip-flop clocked by CLK_CORE)
  Path Group : CLK_CORE
  Path Type  : max

  Point                                                   Incr        Path
  -------------------------------------------------------------------------
  clock CLK_CORE (rise edge)                                  0.000       0.000
  clock network delay (propagated)                        0.154      0.154
  u_fprf_rd0/din_reg[0]/CK (DFFARX1_RVT)                        0.000       0.154 r
  u_fprf_rd0/din_reg[0]/Q  (DFFARX1_RVT)                        0.121         0.275 r
  u_fprf_rd0/U12/Y (INVX2_RVT)                                  0.063         0.338 f
  u_fprf_rd0/U34/Y (NAND2X1_RVT)                                0.094         0.432 r
  u_fprf_rd1/U07/Y (AOI22X1_RVT)                                0.102         0.534 f
  u_fprf_rd1/U19/Y (OAI21X1_RVT)                                0.117         0.651 r
  u_fprf_wr/U03/Y (MUX21X1_RVT)                                0.076         0.727 r
  u_fprf_wr/U11/Y (AND2X1_RVT)                                 0.068         0.795 f
  u_fprf_wr/U22/Y (NOR2X1_RVT)                                 0.069         0.864 r
  u_fprf_byp/U05/Y (BUFX4_RVT)                                  0.081         0.945 r
  u_fprf_byp/dout_reg[0]/D (DFFARX1_RVT)                        0.055        1 f
  data arrival time                                                    1

  clock CLK_CORE (rise edge)                                  2     2
  clock network delay (propagated)                        0.154      2.154
  clock uncertainty                                      -0.05   2.104
  u_fprf_byp/dout_reg[0]/CK (DFFARX1_RVT)                       0.000       2.104 r
  library setup time                                     -0.075   2.029
  data required time                                                   2.029
  -------------------------------------------------------------------------
  data required time                                                   2.029
  data arrival time                                                   -1
  -------------------------------------------------------------------------
  slack (MET)      1.029


=========================================================================
                   FP_RF_TOP -- TIMING SUMMARY
=========================================================================

  Block        : FP_RF_TOP
  Corner       : ss_0p72v_0p72v_125c
  Check        : max  (Setup OCV (On-Chip-Variation) — CRPR enabled)
  Clock        : CLK_CORE  Period = 2 ns  (500 MHz)
  Technology   : SAED 32nm RVT

  +------------------------------------------------------------------+
  | Sub-Unit          WNS (ns)  TNS (ns)  #Viol   WHS (ns)  #HViol  |
  +------------------------------------------------------------------+
  | u_fprf_rd0          1.029       0.000       0      0.056        0     |
  | u_fprf_rd1          0.166       0.000       0      0.044        0     |
  | u_fprf_wr          0.146       0.000       0      0.087        0     |
  | u_fprf_byp          0.104       0.000       0      0.061        0     |
  +------------------------------------------------------------------+
  | FP_RF_TOP   1.029       0.000       0      0.056        0     |
  +------------------------------------------------------------------+

  Status : ALL PATHS CLEAN -- No Setup or Hold Violations


=========================================================================
                   TIMING EXCEPTIONS APPLIED
=========================================================================

  set_false_path -from [get_ports SCAN_EN]      -to [all_registers]
  set_false_path -from [get_ports TEST_MODE]     -to [all_registers]
  set_multicycle_path 2 -setup -from [get_cells u_fprf_rd0/*] -to [get_cells u_fprf_byp/*]
  set_multicycle_path 1 -hold  -from [get_cells u_fprf_rd0/*] -to [get_cells u_fprf_byp/*]
  set_input_delay  0.400 -clock CLK_CORE -max [all_inputs]
  set_output_delay 0.350 -clock CLK_CORE -max [all_outputs]


=========================================================================
                   CLOCK DOMAIN SUMMARY
=========================================================================

  Clock    : CLK_CORE
  Period   : 2 ns
  Waveform : {0.000 1}
  Skew     : 0.02 ns  (max across FP_RF_TOP)
  Latency  : 0.154 ns  (max)


=========================================================================
                   CONSTRAINT COVERAGE
=========================================================================

  Total register endpoints   : 1200
  Constrained endpoints      : 958
  Unconstrained endpoints    :      0
  Coverage                   :  100.0%


=========================================================================
                   TOOL / RUN INFORMATION
=========================================================================

  Tool         : Synopsys PrimeTime 2023.06-SP3
  Run Host     : sta-server-01
  Run Dir      : /proj/cpu_rtl/sta/WRITEBACK/PRF/FP_RF/run_ss_0p72v_0p72v_125c
  SDC File     : /proj/cpu_rtl/constraints/FP_RF_TOP.sdc
  Netlist      : /proj/cpu_rtl/netlist/FP_RF_TOP.v.gz
  SPEF File    : /proj/cpu_rtl/spef/FP_RF_TOP.spef.gz
  Liberty      : saed32nm_rvt_ss_0p72v_0p72v_125c.db
  Elapsed Time : 00:05:43
  Peak Memory  : 4.544 GB

=========================================================================
End of Report
=========================================================================
