****************************************
Report : timing
        -path_type full
        -delay_type min
        -max_paths 10
        -sort_by slack
Design : FP_RF_TOP
Version: PrimeTime 2023.06-SP3
Date   : Sat Aug 15 18:20:45 2026
Corner : ff_1p16v_1p16v_n40c
Note   : Hold POCV — sigma=3, cold fast corner
****************************************

Operating Conditions : ff_1p16v_1p16v_n40c (Library: saed32nm_rvt)
Wire Load Model Mode : Interconnect (StarRC Extracted)

  Startpoint : u_fprf_rd0/din_reg[0]
               (rising edge-triggered flip-flop clocked by CLK_CORE)
  Endpoint   : u_fprf_byp/dout_reg[0]
               (rising edge-triggered flip-flop clocked by CLK_CORE)
  Path Group : CLK_CORE
  Path Type  : min

  Point                                                   Incr        Path
  -------------------------------------------------------------------------
  clock CLK_CORE (rise edge)                                  0.000       0.000
  clock network delay (propagated)                        0.15      0.15
  u_fprf_rd0/din_reg[0]/CK (DFFARX1_RVT)                        0.000       0.15 r
  u_fprf_rd0/din_reg[0]/Q  (DFFARX1_RVT)                        0.115         0.265 r
  u_fprf_rd0/U12/Y (INVX2_RVT)                                  0.058         0.323 f
  u_fprf_rd0/U34/Y (NAND2X1_RVT)                                0.063         0.386 r
  u_fprf_rd1/U07/Y (AOI22X1_RVT)                                0.107         0.493 f
  u_fprf_rd1/U19/Y (OAI21X1_RVT)                                0.08         0.573 r
  u_fprf_wr/U03/Y (MUX21X1_RVT)                                0.066         0.639 r
  u_fprf_wr/U11/Y (AND2X1_RVT)                                 0.081         0.72 f
  u_fprf_wr/U22/Y (NOR2X1_RVT)                                 0.05         0.77 r
  u_fprf_byp/U05/Y (BUFX4_RVT)                                  0.083         0.853 r
  u_fprf_byp/dout_reg[0]/D (DFFARX1_RVT)                        0.054        0.907 f
  data arrival time                                                    0.907

  clock CLK_CORE (rise edge)                                  2     2
  clock network delay (propagated)                        0.15      2.15
  clock uncertainty                                      -0.05   2.1
  u_fprf_byp/dout_reg[0]/CK (DFFARX1_RVT)                       0.000       2.1 r
  library setup time                                     -0.083   2.017
  data required time                                                   2.017
  -------------------------------------------------------------------------
  data required time                                                   2.017
  data arrival time                                                   -0.907
  -------------------------------------------------------------------------
  slack (MET)      1.11


=========================================================================
                   FP_RF_TOP -- TIMING SUMMARY
=========================================================================

  Block        : FP_RF_TOP
  Corner       : ff_1p16v_1p16v_n40c
  Check        : min  (Hold POCV — sigma=3, cold fast corner)
  Clock        : CLK_CORE  Period = 2 ns  (500 MHz)
  Technology   : SAED 32nm RVT

  +------------------------------------------------------------------+
  | Sub-Unit          WNS (ns)  TNS (ns)  #Viol   WHS (ns)  #HViol  |
  +------------------------------------------------------------------+
  | u_fprf_rd0          1.11       0.000       0      0.091        0     |
  | u_fprf_rd1          0.241       0.000       0      0.08        0     |
  | u_fprf_wr          0.242       0.000       0      0.064        0     |
  | u_fprf_byp          0.122       0.000       0      0.078        0     |
  +------------------------------------------------------------------+
  | FP_RF_TOP   1.11       0.000       0      0.091        0     |
  +------------------------------------------------------------------+

  Status : ALL PATHS CLEAN -- No Setup or Hold Violations


=========================================================================
                   TIMING EXCEPTIONS APPLIED
=========================================================================

  set_false_path -from [get_ports SCAN_EN]      -to [all_registers]
  set_false_path -from [get_ports TEST_MODE]     -to [all_registers]
  set_multicycle_path 2 -setup -from [get_cells u_fprf_rd0/*] -to [get_cells u_fprf_byp/*]
  set_multicycle_path 1 -hold  -from [get_cells u_fprf_rd0/*] -to [get_cells u_fprf_byp/*]
  set_input_delay  0.400 -clock CLK_CORE -max [all_inputs]
  set_output_delay 0.350 -clock CLK_CORE -max [all_outputs]


=========================================================================
                   CLOCK DOMAIN SUMMARY
=========================================================================

  Clock    : CLK_CORE
  Period   : 2 ns
  Waveform : {0.000 1}
  Skew     : 0.026 ns  (max across FP_RF_TOP)
  Latency  : 0.15 ns  (max)


=========================================================================
                   CONSTRAINT COVERAGE
=========================================================================

  Total register endpoints   : 1880
  Constrained endpoints      : 3247
  Unconstrained endpoints    :      0
  Coverage                   :  100.0%


=========================================================================
                   TOOL / RUN INFORMATION
=========================================================================

  Tool         : Synopsys PrimeTime 2023.06-SP3
  Run Host     : sta-server-01
  Run Dir      : /proj/cpu_rtl/sta/WRITEBACK/PRF/FP_RF/run_ff_1p16v_1p16v_n40c
  SDC File     : /proj/cpu_rtl/constraints/FP_RF_TOP.sdc
  Netlist      : /proj/cpu_rtl/netlist/FP_RF_TOP.v.gz
  SPEF File    : /proj/cpu_rtl/spef/FP_RF_TOP.spef.gz
  Liberty      : saed32nm_rvt_ff_1p16v_1p16v_n40c.db
  Elapsed Time : 00:08:30
  Peak Memory  : 2.972 GB

=========================================================================
End of Report
=========================================================================
