****************************************
Report : timing
        -path_type full
        -delay_type max
        -max_paths 10
        -sort_by slack
Design : FP_RF_TOP
Version: PrimeTime 2023.06-SP3
Date   : Sat Aug 15 18:20:45 2026
Corner : ss_0p63v_0p63v_n40c
Note   : Setup — Ultra-low-voltage, cold
****************************************

Operating Conditions : ss_0p63v_0p63v_n40c (Library: saed32nm_rvt)
Wire Load Model Mode : Interconnect (StarRC Extracted)

  Startpoint : u_fprf_rd0/din_reg[0]
               (rising edge-triggered flip-flop clocked by CLK_CORE)
  Endpoint   : u_fprf_byp/dout_reg[0]
               (rising edge-triggered flip-flop clocked by CLK_CORE)
  Path Group : CLK_CORE
  Path Type  : max

  Point                                                   Incr        Path
  -------------------------------------------------------------------------
  clock CLK_CORE (rise edge)                                  0.000       0.000
  clock network delay (propagated)                        0.143      0.143
  u_fprf_rd0/din_reg[0]/CK (DFFARX1_RVT)                        0.000       0.143 r
  u_fprf_rd0/din_reg[0]/Q  (DFFARX1_RVT)                        0.141         0.284 r
  u_fprf_rd0/U12/Y (INVX2_RVT)                                  0.04         0.324 f
  u_fprf_rd0/U34/Y (NAND2X1_RVT)                                0.069         0.393 r
  u_fprf_rd1/U07/Y (AOI22X1_RVT)                                0.073         0.466 f
  u_fprf_rd1/U19/Y (OAI21X1_RVT)                                0.09         0.556 r
  u_fprf_wr/U03/Y (MUX21X1_RVT)                                0.064         0.62 r
  u_fprf_wr/U11/Y (AND2X1_RVT)                                 0.085         0.705 f
  u_fprf_wr/U22/Y (NOR2X1_RVT)                                 0.057         0.762 r
  u_fprf_byp/U05/Y (BUFX4_RVT)                                  0.072         0.834 r
  u_fprf_byp/dout_reg[0]/D (DFFARX1_RVT)                        0.064        0.898 f
  data arrival time                                                    0.898

  clock CLK_CORE (rise edge)                                  2     2
  clock network delay (propagated)                        0.143      2.143
  clock uncertainty                                      -0.05   2.093
  u_fprf_byp/dout_reg[0]/CK (DFFARX1_RVT)                       0.000       2.093 r
  library setup time                                     -0.084   2.009
  data required time                                                   2.009
  -------------------------------------------------------------------------
  data required time                                                   2.009
  data arrival time                                                   -0.898
  -------------------------------------------------------------------------
  slack (MET)      1.111


=========================================================================
                   FP_RF_TOP -- TIMING SUMMARY
=========================================================================

  Block        : FP_RF_TOP
  Corner       : ss_0p63v_0p63v_n40c
  Check        : max  (Setup — Ultra-low-voltage, cold)
  Clock        : CLK_CORE  Period = 2 ns  (500 MHz)
  Technology   : SAED 32nm RVT

  +------------------------------------------------------------------+
  | Sub-Unit          WNS (ns)  TNS (ns)  #Viol   WHS (ns)  #HViol  |
  +------------------------------------------------------------------+
  | u_fprf_rd0          1.111       0.000       0      0.126        0     |
  | u_fprf_rd1          0.191       0.000       0      0.06        0     |
  | u_fprf_wr          0.238       0.000       0      0.052        0     |
  | u_fprf_byp          0.163       0.000       0      0.12        0     |
  +------------------------------------------------------------------+
  | FP_RF_TOP   1.111       0.000       0      0.126        0     |
  +------------------------------------------------------------------+

  Status : ALL PATHS CLEAN -- No Setup or Hold Violations


=========================================================================
                   TIMING EXCEPTIONS APPLIED
=========================================================================

  set_false_path -from [get_ports SCAN_EN]      -to [all_registers]
  set_false_path -from [get_ports TEST_MODE]     -to [all_registers]
  set_multicycle_path 2 -setup -from [get_cells u_fprf_rd0/*] -to [get_cells u_fprf_byp/*]
  set_multicycle_path 1 -hold  -from [get_cells u_fprf_rd0/*] -to [get_cells u_fprf_byp/*]
  set_input_delay  0.400 -clock CLK_CORE -max [all_inputs]
  set_output_delay 0.350 -clock CLK_CORE -max [all_outputs]


=========================================================================
                   CLOCK DOMAIN SUMMARY
=========================================================================

  Clock    : CLK_CORE
  Period   : 2 ns
  Waveform : {0.000 1}
  Skew     : 0.02 ns  (max across FP_RF_TOP)
  Latency  : 0.143 ns  (max)


=========================================================================
                   CONSTRAINT COVERAGE
=========================================================================

  Total register endpoints   : 2774
  Constrained endpoints      : 4359
  Unconstrained endpoints    :      0
  Coverage                   :  100.0%


=========================================================================
                   TOOL / RUN INFORMATION
=========================================================================

  Tool         : Synopsys PrimeTime 2023.06-SP3
  Run Host     : sta-server-01
  Run Dir      : /proj/cpu_rtl/sta/WRITEBACK/PRF/FP_RF/run_ss_0p63v_0p63v_n40c
  SDC File     : /proj/cpu_rtl/constraints/FP_RF_TOP.sdc
  Netlist      : /proj/cpu_rtl/netlist/FP_RF_TOP.v.gz
  SPEF File    : /proj/cpu_rtl/spef/FP_RF_TOP.spef.gz
  Liberty      : saed32nm_rvt_ss_0p63v_0p63v_n40c.db
  Elapsed Time : 00:06:37
  Peak Memory  : 5.003 GB

=========================================================================
End of Report
=========================================================================
