****************************************
Report : timing
        -path_type full
        -delay_type max
        -max_paths 10
        -sort_by slack
Design : FP_RF_TOP
Version: PrimeTime 2023.06-SP3
Date   : Sat Aug 15 18:20:45 2026
Corner : ss_0p72v_0p72v_125c
Note   : Setup with Signal Integrity (crosstalk) — Worst corner
****************************************

Operating Conditions : ss_0p72v_0p72v_125c (Library: saed32nm_rvt)
Wire Load Model Mode : Interconnect (StarRC Extracted)

  Startpoint : u_fprf_rd0/din_reg[0]
               (rising edge-triggered flip-flop clocked by CLK_CORE)
  Endpoint   : u_fprf_byp/dout_reg[0]
               (rising edge-triggered flip-flop clocked by CLK_CORE)
  Path Group : CLK_CORE
  Path Type  : max

  Point                                                   Incr        Path
  -------------------------------------------------------------------------
  clock CLK_CORE (rise edge)                                  0.000       0.000
  clock network delay (propagated)                        0.141      0.141
  u_fprf_rd0/din_reg[0]/CK (DFFARX1_RVT)                        0.000       0.141 r
  u_fprf_rd0/din_reg[0]/Q  (DFFARX1_RVT)                        0.139         0.28 r
  u_fprf_rd0/U12/Y (INVX2_RVT)                                  0.048         0.328 f
  u_fprf_rd0/U34/Y (NAND2X1_RVT)                                0.067         0.395 r
  u_fprf_rd1/U07/Y (AOI22X1_RVT)                                0.079         0.474 f
  u_fprf_rd1/U19/Y (OAI21X1_RVT)                                0.094         0.568 r
  u_fprf_wr/U03/Y (MUX21X1_RVT)                                0.099         0.667 r
  u_fprf_wr/U11/Y (AND2X1_RVT)                                 0.045         0.712 f
  u_fprf_wr/U22/Y (NOR2X1_RVT)                                 0.067         0.779 r
  u_fprf_byp/U05/Y (BUFX4_RVT)                                  0.071         0.85 r
  u_fprf_byp/dout_reg[0]/D (DFFARX1_RVT)                        0.054        0.904 f
  data arrival time                                                    0.904

  clock CLK_CORE (rise edge)                                  2     2
  clock network delay (propagated)                        0.141      2.141
  clock uncertainty                                      -0.05   2.091
  u_fprf_byp/dout_reg[0]/CK (DFFARX1_RVT)                       0.000       2.091 r
  library setup time                                     -0.07   2.021
  data required time                                                   2.021
  -------------------------------------------------------------------------
  data required time                                                   2.021
  data arrival time                                                   -0.904
  -------------------------------------------------------------------------
  slack (MET)      1.117


=========================================================================
                   FP_RF_TOP -- TIMING SUMMARY
=========================================================================

  Block        : FP_RF_TOP
  Corner       : ss_0p72v_0p72v_125c
  Check        : max  (Setup with Signal Integrity (crosstalk) — Worst corner)
  Clock        : CLK_CORE  Period = 2 ns  (500 MHz)
  Technology   : SAED 32nm RVT

  +------------------------------------------------------------------+
  | Sub-Unit          WNS (ns)  TNS (ns)  #Viol   WHS (ns)  #HViol  |
  +------------------------------------------------------------------+
  | u_fprf_rd0          1.117       0.000       0      0.112        0     |
  | u_fprf_rd1          0.138       0.000       0      0.055        0     |
  | u_fprf_wr          0.188       0.000       0      0.066        0     |
  | u_fprf_byp          0.046       0.000       0      0.056        0     |
  +------------------------------------------------------------------+
  | FP_RF_TOP   1.117       0.000       0      0.112        0     |
  +------------------------------------------------------------------+

  Status : ALL PATHS CLEAN -- No Setup or Hold Violations


=========================================================================
                   TIMING EXCEPTIONS APPLIED
=========================================================================

  set_false_path -from [get_ports SCAN_EN]      -to [all_registers]
  set_false_path -from [get_ports TEST_MODE]     -to [all_registers]
  set_multicycle_path 2 -setup -from [get_cells u_fprf_rd0/*] -to [get_cells u_fprf_byp/*]
  set_multicycle_path 1 -hold  -from [get_cells u_fprf_rd0/*] -to [get_cells u_fprf_byp/*]
  set_input_delay  0.400 -clock CLK_CORE -max [all_inputs]
  set_output_delay 0.350 -clock CLK_CORE -max [all_outputs]


=========================================================================
                   CLOCK DOMAIN SUMMARY
=========================================================================

  Clock    : CLK_CORE
  Period   : 2 ns
  Waveform : {0.000 1}
  Skew     : 0.027 ns  (max across FP_RF_TOP)
  Latency  : 0.141 ns  (max)


=========================================================================
                   CONSTRAINT COVERAGE
=========================================================================

  Total register endpoints   : 5685
  Constrained endpoints      : 1687
  Unconstrained endpoints    :      0
  Coverage                   :  100.0%


=========================================================================
                   TOOL / RUN INFORMATION
=========================================================================

  Tool         : Synopsys PrimeTime 2023.06-SP3
  Run Host     : sta-server-01
  Run Dir      : /proj/cpu_rtl/sta/WRITEBACK/PRF/FP_RF/run_ss_0p72v_0p72v_125c
  SDC File     : /proj/cpu_rtl/constraints/FP_RF_TOP.sdc
  Netlist      : /proj/cpu_rtl/netlist/FP_RF_TOP.v.gz
  SPEF File    : /proj/cpu_rtl/spef/FP_RF_TOP.spef.gz
  Liberty      : saed32nm_rvt_ss_0p72v_0p72v_125c.db
  Elapsed Time : 00:02:47
  Peak Memory  : 2.449 GB

=========================================================================
End of Report
=========================================================================
