****************************************
Report : timing
        -path_type full
        -delay_type min
        -max_paths 10
        -sort_by slack
Design : FP_RF_TOP
Version: PrimeTime 2023.06-SP3
Date   : Sat Aug 15 18:20:45 2026
Corner : ff_1p16v_1p16v_n40c
Note   : Final tapeout sign-off hold — Fast cold
****************************************

Operating Conditions : ff_1p16v_1p16v_n40c (Library: saed32nm_rvt)
Wire Load Model Mode : Interconnect (StarRC Extracted)

  Startpoint : u_fprf_rd0/din_reg[0]
               (rising edge-triggered flip-flop clocked by CLK_CORE)
  Endpoint   : u_fprf_byp/dout_reg[0]
               (rising edge-triggered flip-flop clocked by CLK_CORE)
  Path Group : CLK_CORE
  Path Type  : min

  Point                                                   Incr        Path
  -------------------------------------------------------------------------
  clock CLK_CORE (rise edge)                                  0.000       0.000
  clock network delay (propagated)                        0.131      0.131
  u_fprf_rd0/din_reg[0]/CK (DFFARX1_RVT)                        0.000       0.131 r
  u_fprf_rd0/din_reg[0]/Q  (DFFARX1_RVT)                        0.131         0.262 r
  u_fprf_rd0/U12/Y (INVX2_RVT)                                  0.043         0.305 f
  u_fprf_rd0/U34/Y (NAND2X1_RVT)                                0.078         0.383 r
  u_fprf_rd1/U07/Y (AOI22X1_RVT)                                0.087         0.47 f
  u_fprf_rd1/U19/Y (OAI21X1_RVT)                                0.1         0.57 r
  u_fprf_wr/U03/Y (MUX21X1_RVT)                                0.094         0.664 r
  u_fprf_wr/U11/Y (AND2X1_RVT)                                 0.075         0.739 f
  u_fprf_wr/U22/Y (NOR2X1_RVT)                                 0.052         0.791 r
  u_fprf_byp/U05/Y (BUFX4_RVT)                                  0.09         0.881 r
  u_fprf_byp/dout_reg[0]/D (DFFARX1_RVT)                        0.067        0.948 f
  data arrival time                                                    0.948

  clock CLK_CORE (rise edge)                                  2     2
  clock network delay (propagated)                        0.131      2.131
  clock uncertainty                                      -0.05   2.081
  u_fprf_byp/dout_reg[0]/CK (DFFARX1_RVT)                       0.000       2.081 r
  library setup time                                     -0.079   2.002
  data required time                                                   2.002
  -------------------------------------------------------------------------
  data required time                                                   2.002
  data arrival time                                                   -0.948
  -------------------------------------------------------------------------
  slack (MET)      1.054


=========================================================================
                   FP_RF_TOP -- TIMING SUMMARY
=========================================================================

  Block        : FP_RF_TOP
  Corner       : ff_1p16v_1p16v_n40c
  Check        : min  (Final tapeout sign-off hold — Fast cold)
  Clock        : CLK_CORE  Period = 2 ns  (500 MHz)
  Technology   : SAED 32nm RVT

  +------------------------------------------------------------------+
  | Sub-Unit          WNS (ns)  TNS (ns)  #Viol   WHS (ns)  #HViol  |
  +------------------------------------------------------------------+
  | u_fprf_rd0          1.054       0.000       0      0.08        0     |
  | u_fprf_rd1          0.236       0.000       0      0.112        0     |
  | u_fprf_wr          0.076       0.000       0      0.046        0     |
  | u_fprf_byp          0.074       0.000       0      0.043        0     |
  +------------------------------------------------------------------+
  | FP_RF_TOP   1.054       0.000       0      0.08        0     |
  +------------------------------------------------------------------+

  Status : ALL PATHS CLEAN -- No Setup or Hold Violations


=========================================================================
                   TIMING EXCEPTIONS APPLIED
=========================================================================

  set_false_path -from [get_ports SCAN_EN]      -to [all_registers]
  set_false_path -from [get_ports TEST_MODE]     -to [all_registers]
  set_multicycle_path 2 -setup -from [get_cells u_fprf_rd0/*] -to [get_cells u_fprf_byp/*]
  set_multicycle_path 1 -hold  -from [get_cells u_fprf_rd0/*] -to [get_cells u_fprf_byp/*]
  set_input_delay  0.400 -clock CLK_CORE -max [all_inputs]
  set_output_delay 0.350 -clock CLK_CORE -max [all_outputs]


=========================================================================
                   CLOCK DOMAIN SUMMARY
=========================================================================

  Clock    : CLK_CORE
  Period   : 2 ns
  Waveform : {0.000 1}
  Skew     : 0.026 ns  (max across FP_RF_TOP)
  Latency  : 0.131 ns  (max)


=========================================================================
                   CONSTRAINT COVERAGE
=========================================================================

  Total register endpoints   : 3723
  Constrained endpoints      : 2167
  Unconstrained endpoints    :      0
  Coverage                   :  100.0%


=========================================================================
                   TOOL / RUN INFORMATION
=========================================================================

  Tool         : Synopsys PrimeTime 2023.06-SP3
  Run Host     : sta-server-01
  Run Dir      : /proj/cpu_rtl/sta/WRITEBACK/PRF/FP_RF/run_ff_1p16v_1p16v_n40c
  SDC File     : /proj/cpu_rtl/constraints/FP_RF_TOP.sdc
  Netlist      : /proj/cpu_rtl/netlist/FP_RF_TOP.v.gz
  SPEF File    : /proj/cpu_rtl/spef/FP_RF_TOP.spef.gz
  Liberty      : saed32nm_rvt_ff_1p16v_1p16v_n40c.db
  Elapsed Time : 00:04:53
  Peak Memory  : 4.524 GB

=========================================================================
End of Report
=========================================================================
