****************************************
Report : timing
        -path_type full
        -delay_type max
        -max_paths 10
        -sort_by slack
Design : ALU1_TOP
Version: PrimeTime 2023.06-SP3
Date   : Sat Aug 15 17:34:53 2026
Corner : tt_0p90v_0p90v_25c
Note   : Typical Setup   — Nominal corner
****************************************

Operating Conditions : tt_0p90v_0p90v_25c (Library: saed32nm_rvt)
Wire Load Model Mode : Interconnect (StarRC Extracted)

  Startpoint : u_alu1_add/din_reg[0]
               (rising edge-triggered flip-flop clocked by CLK_CORE)
  Endpoint   : u_alu1_cmp/dout_reg[0]
               (rising edge-triggered flip-flop clocked by CLK_CORE)
  Path Group : CLK_CORE
  Path Type  : max

  Point                                                   Incr        Path
  -------------------------------------------------------------------------
  clock CLK_CORE (rise edge)                                  0.000       0.000
  clock network delay (propagated)                        0.137      0.137
  u_alu1_add/din_reg[0]/CK (DFFARX1_RVT)                        0.000       0.137 r
  u_alu1_add/din_reg[0]/Q  (DFFARX1_RVT)                        0.143       0.28 r
  u_alu1_add/U12/Y (INVX2_RVT)                                  0.046       0.326 f
  u_alu1_add/U34/Y (NAND2X1_RVT)                                0.065       0.391 r
  u_alu1_log/U07/Y (AOI22X1_RVT)                                0.108       0.499 f
  u_alu1_log/U19/Y (OAI21X1_RVT)                                0.115       0.614 r
  u_alu1_shf/U03/Y (MUX21X1_RVT)                                0.065       0.679 r
  u_alu1_shf/U11/Y (AND2X1_RVT)                                 0.051       0.73 f
  u_alu1_shf/U22/Y (NOR2X1_RVT)                                 0.047       0.777 r
  u_alu1_cmp/U05/Y (BUFX4_RVT)                                  0.078       0.855 r
  u_alu1_cmp/dout_reg[0]/D (DFFARX1_RVT)                        0.058      0.913 f
  data arrival time                                                    0.913

  clock CLK_CORE (rise edge)                                  2     2
  clock network delay (propagated)                        0.137      2.137
  clock uncertainty                                      -0.05   2.087
  u_alu1_cmp/dout_reg[0]/CK (DFFARX1_RVT)                       0.000       2.087 r
  library setup time                                     -0.081   2.006
  data required time                                                   2.006
  -------------------------------------------------------------------------
  data required time                                                   2.006
  data arrival time                                                   -0.913
  -------------------------------------------------------------------------
  slack (MET)   1.093


=========================================================================
                   ALU1_TOP — TIMING SUMMARY
=========================================================================

  Block        : ALU1_TOP
  Corner       : tt_0p90v_0p90v_25c
  Check        : max  (Typical Setup   — Nominal corner)
  Clock        : CLK_CORE  Period = 2 ns  (500 MHz)
  Technology   : SAED 32nm RVT

  ┌────────────────────────────────────────────────────────────────┐
  │ Sub-Unit      WNS (ns)  TNS (ns)  #Viol   WHS (ns)  #HViol  │
  ├────────────────────────────────────────────────────────────────┤
  │ u_alu1_add          1.093       0        0      0.076        0     │
  │ u_alu1_log          0.154       0        0      0.104        0     │
  │ u_alu1_shf          0.056       0        0      0.07        0     │
  │ u_alu1_cmp          0.059       0        0      0.105        0     │
  ├────────────────────────────────────────────────────────────────┤
  │ ALU1_TOP  1.093       0        0      0.076        0     │
  └────────────────────────────────────────────────────────────────┘

  Status : ALL PATHS CLEAN — No Setup or Hold Violations


=========================================================================
                   TIMING EXCEPTIONS APPLIED
=========================================================================

  set_false_path -from [get_ports SCAN_EN]      -to [all_registers]
  set_false_path -from [get_ports TEST_MODE]     -to [all_registers]
  set_multicycle_path 2 -setup -from [get_cells u_alu1_add/*] -to [get_cells u_alu1_cmp/*]
  set_multicycle_path 1 -hold  -from [get_cells u_alu1_add/*] -to [get_cells u_alu1_cmp/*]
  set_input_delay  0.400 -clock CLK_CORE -max [all_inputs]
  set_output_delay 0.350 -clock CLK_CORE -max [all_outputs]


=========================================================================
                   CLOCK DOMAIN SUMMARY
=========================================================================

  Clock    : CLK_CORE
  Period   : 2 ns
  Waveform : {0.000 1}
  Skew     : 0.019 ns  (max across ALU1_TOP)
  Latency  : 0.137 ns  (max)


=========================================================================
                   CONSTRAINT COVERAGE
=========================================================================

  Total register endpoints   : 1378
  Constrained endpoints      : 3504
  Unconstrained endpoints    :      0
  Coverage                   :  100.0%


=========================================================================
                   TOOL / RUN INFORMATION
=========================================================================

  Tool         : Synopsys PrimeTime 2023.06-SP3
  Run Host     : sta-server-01
  Run Dir      : /proj/cpu_rtl/sta/EXECUTE/ALU/ALU1/run_tt_0p90v_0p90v_25c
  SDC File     : /proj/cpu_rtl/constraints/ALU1_TOP.sdc
  Netlist      : /proj/cpu_rtl/netlist/ALU1_TOP.v.gz
  SPEF File    : /proj/cpu_rtl/spef/ALU1_TOP.spef.gz
  Liberty      : saed32nm_rvt_tt_0p90v_0p90v_25c.db
  Elapsed Time : 00:03:57
  Peak Memory  : 3.134 GB

=========================================================================
End of Report
=========================================================================
