================================================================================
  STA BLOCK DUMP LOG  —  ALU1_TOP
================================================================================

  Block Directory : D:\Certificates\PD_STA_REPORTS\EXECUTE\ALU\ALU1
  Design          : ALU1_TOP
  Parsed At       : 2026-08-15T22:16:47
  Total Reports   : 11


OWNERSHIP
----------------------------------------
  BLOCK TIMING OWNER           : User22  <user22@company.com>  [EMP-2022]
  TEAM LEAD                    : MTO_User5  <mto5@company.com>  [EMP-1005]
  RTL TEAM LEAD                : TeamLead5  <teamlead5@company.com>
  PD ENGINEER                  : PDEng5  <pdeng5@company.com>
  STA ENGINEER                 : STAEng5  <staeng5@company.com>
  CHIP STA LEAD                : STALead1  <stalead1@company.com>  [EMP-0004]

AGGREGATE SUMMARY
----------------------------------------
  Overall Status   : MET
  Worst WNS  (ns)  : 0.000
  Worst TNS  (ns)  : 0.000
  Worst WHS  (ns)  : 0.000
  Best  WNS  (ns)  : 1.148
  Total Violations : 0

BY CORNER
----------------------------------------
  Name                                              #       WNS       TNS       WHS  STATUS
  ─────────────────────────────────────────────  ────  ────────  ────────  ────────  ──────────
  N/A                                               1     0.000     0.000     0.000  MET
  ff_1p16v_1p16v_125c                               1     1.049     0.000     0.098  MET
  ff_1p16v_1p16v_n40c                               1     1.145     0.000     0.106  MET
  ss_0p63v_0p63v_125c                               1     1.120     0.000     0.111  MET
  ss_0p72v_0p72v_125c                               2     1.070     0.000     0.094  MET
  ss_0p72v_0p72v_n40c                               1     1.091     0.000     0.101  MET
  tt_0p90v_0p90v_25c                                4     1.079     0.000     0.061  MET

BY CHECK TYPE
----------------------------------------
  Name                                              #       WNS       TNS       WHS  STATUS
  ─────────────────────────────────────────────  ────  ────────  ────────  ────────  ──────────
  N/A                                               1     0.000     0.000     0.000  MET
  hold                                              3     1.049     0.000     0.061  MET
  setup                                             7     1.070     0.000     0.076  MET

PER-REPORT DETAIL
----------------------------------------
  File     : 10_MULTICYCLE_TT_25C_ALU1_TOP.rpt
  Design   : ALU1_TOP              Corner : tt_0p90v_0p90v_25c
  Check    : setup       Clock  : CLK_CORE  Period = 2.0 ns  (500.0 MHz)
  WNS      :   +1.148 ns   TNS :   +0.000 ns   WHS :   +0.085 ns
  Slack    :   +1.148 ns   Status : MET
  Status   : ALL PATHS CLEAN — No Setup or Hold Violations
  Coverage : 100.0%   Endpoints : 3982 / 2708
  Tool     : Synopsys PrimeTime 2023.06-SP3
  Runtime  : 00:01:16         Memory : 3.672 GB
  Run Dir  : /proj/cpu_rtl/sta/EXECUTE/ALU/ALU1/run_tt_0p90v_0p90v_25c

  File     : 08_CG_CHECK_TT_25C_ALU1_TOP.rpt
  Design   : ALU1_TOP              Corner : tt_0p90v_0p90v_25c
  Check    : setup       Clock  : CLK_CORE  Period = 2.0 ns  (500.0 MHz)
  WNS      :   +1.123 ns   TNS :   +0.000 ns   WHS :   +0.084 ns
  Slack    :   +1.123 ns   Status : MET
  Status   : ALL PATHS CLEAN — No Setup or Hold Violations
  Coverage : 100.0%   Endpoints : 5338 / 1986
  Tool     : Synopsys PrimeTime 2023.06-SP3
  Runtime  : 00:06:18         Memory : 1.428 GB
  Run Dir  : /proj/cpu_rtl/sta/EXECUTE/ALU/ALU1/run_tt_0p90v_0p90v_25c

  File     : 07_SETUP_LVSS_125C_ALU1_TOP.rpt
  Design   : ALU1_TOP              Corner : ss_0p63v_0p63v_125c
  Check    : setup       Clock  : CLK_CORE  Period = 2.0 ns  (500.0 MHz)
  WNS      :   +1.120 ns   TNS :   +0.000 ns   WHS :   +0.111 ns
  Slack    :   +1.120 ns   Status : MET
  Status   : ALL PATHS CLEAN — No Setup or Hold Violations
  Coverage : 100.0%   Endpoints : 4087 / 5966
  Tool     : Synopsys PrimeTime 2023.06-SP3
  Runtime  : 00:03:10         Memory : 3.086 GB
  Run Dir  : /proj/cpu_rtl/sta/EXECUTE/ALU/ALU1/run_ss_0p63v_0p63v_125c

  File     : 01_SETUP_SS_125C_ALU1_TOP.rpt
  Design   : ALU1_TOP              Corner : ss_0p72v_0p72v_125c
  Check    : setup       Clock  : CLK_CORE  Period = 2.0 ns  (500.0 MHz)
  WNS      :   +1.095 ns   TNS :   +0.000 ns   WHS :   +0.094 ns
  Slack    :   +1.095 ns   Status : MET
  Status   : ALL PATHS CLEAN — No Setup or Hold Violations
  Coverage : 100.0%   Endpoints : 4691 / 2510
  Tool     : Synopsys PrimeTime 2023.06-SP3
  Runtime  : 00:05:13         Memory : 3.111 GB
  Run Dir  : /proj/cpu_rtl/sta/EXECUTE/ALU/ALU1/run_ss_0p72v_0p72v_125c

  File     : 03_SETUP_TT_25C_ALU1_TOP.rpt
  Design   : ALU1_TOP              Corner : tt_0p90v_0p90v_25c
  Check    : setup       Clock  : CLK_CORE  Period = 2.0 ns  (500.0 MHz)
  WNS      :   +1.093 ns   TNS :   +0.000 ns   WHS :   +0.076 ns
  Slack    :   +1.093 ns   Status : MET
  Status   : ALL PATHS CLEAN — No Setup or Hold Violations
  Coverage : 100.0%   Endpoints : 3504 / 1378
  Tool     : Synopsys PrimeTime 2023.06-SP3
  Runtime  : 00:03:57         Memory : 3.134 GB
  Run Dir  : /proj/cpu_rtl/sta/EXECUTE/ALU/ALU1/run_tt_0p90v_0p90v_25c

  File     : 05_SETUP_SS_M40C_ALU1_TOP.rpt
  Design   : ALU1_TOP              Corner : ss_0p72v_0p72v_n40c
  Check    : setup       Clock  : CLK_CORE  Period = 2.0 ns  (500.0 MHz)
  WNS      :   +1.091 ns   TNS :   +0.000 ns   WHS :   +0.101 ns
  Slack    :   +1.091 ns   Status : MET
  Status   : ALL PATHS CLEAN — No Setup or Hold Violations
  Coverage : 100.0%   Endpoints : 4367 / 5102
  Tool     : Synopsys PrimeTime 2023.06-SP3
  Runtime  : 00:08:44         Memory : 3.355 GB
  Run Dir  : /proj/cpu_rtl/sta/EXECUTE/ALU/ALU1/run_ss_0p72v_0p72v_n40c

  File     : 09_RECOVERY_SS_125C_ALU1_TOP.rpt
  Design   : ALU1_TOP              Corner : ss_0p72v_0p72v_125c
  Check    : setup       Clock  : CLK_CORE  Period = 2.0 ns  (500.0 MHz)
  WNS      :   +1.070 ns   TNS :   +0.000 ns   WHS :   +0.120 ns
  Slack    :   +1.070 ns   Status : MET
  Status   : ALL PATHS CLEAN — No Setup or Hold Violations
  Coverage : 100.0%   Endpoints : 4736 / 2791
  Tool     : Synopsys PrimeTime 2023.06-SP3
  Runtime  : 00:08:32         Memory : 2.05 GB
  Run Dir  : /proj/cpu_rtl/sta/EXECUTE/ALU/ALU1/run_ss_0p72v_0p72v_125c

  File     : 02_HOLD_FF_N40C_ALU1_TOP.rpt
  Design   : ALU1_TOP              Corner : ff_1p16v_1p16v_n40c
  Check    : hold        Clock  : CLK_CORE  Period = 2.0 ns  (500.0 MHz)
  WNS      :   +1.145 ns   TNS :   +0.000 ns   WHS :   +0.106 ns
  Slack    :   +1.145 ns   Status : MET
  Status   : ALL PATHS CLEAN — No Setup or Hold Violations
  Coverage : 100.0%   Endpoints : 5552 / 4811
  Tool     : Synopsys PrimeTime 2023.06-SP3
  Runtime  : 00:04:51         Memory : 2.637 GB
  Run Dir  : /proj/cpu_rtl/sta/EXECUTE/ALU/ALU1/run_ff_1p16v_1p16v_n40c

  File     : 06_HOLD_FF_125C_ALU1_TOP.rpt
  Design   : ALU1_TOP              Corner : ff_1p16v_1p16v_125c
  Check    : hold        Clock  : CLK_CORE  Period = 2.0 ns  (500.0 MHz)
  WNS      :   +1.049 ns   TNS :   +0.000 ns   WHS :   +0.098 ns
  Slack    :   +1.049 ns   Status : MET
  Status   : ALL PATHS CLEAN — No Setup or Hold Violations
  Coverage : 100.0%   Endpoints : 3717 / 2754
  Tool     : Synopsys PrimeTime 2023.06-SP3
  Runtime  : 00:01:36         Memory : 1.802 GB
  Run Dir  : /proj/cpu_rtl/sta/EXECUTE/ALU/ALU1/run_ff_1p16v_1p16v_125c

  File     : 04_HOLD_TT_25C_ALU1_TOP.rpt
  Design   : ALU1_TOP              Corner : tt_0p90v_0p90v_25c
  Check    : hold        Clock  : CLK_CORE  Period = 2.0 ns  (500.0 MHz)
  WNS      :   +1.079 ns   TNS :   +0.000 ns   WHS :   +0.061 ns
  Slack    :   +1.079 ns   Status : MET
  Status   : ALL PATHS CLEAN — No Setup or Hold Violations
  Coverage : 100.0%   Endpoints : 3216 / 2930
  Tool     : Synopsys PrimeTime 2023.06-SP3
  Runtime  : 00:05:30         Memory : 4.238 GB
  Run Dir  : /proj/cpu_rtl/sta/EXECUTE/ALU/ALU1/run_tt_0p90v_0p90v_25c

  File     : ALU1_TIMING.rpt
  Design   : N/A                   Corner : N/A
  Check    : N/A         Clock  : N/A  Period = 0.0 ns  (0.0 MHz)
  WNS      :   +0.000 ns   TNS :   +0.000 ns   WHS :   +0.000 ns
  Slack    :   +0.000 ns   Status : UNKNOWN
  Status   : N/A
  Coverage : 0.0%   Endpoints : 0 / 0
  Tool     : N/A
  Runtime  : N/A              Memory : N/A
  Run Dir  : N/A


================================================================================
END OF BLOCK DUMP LOG
================================================================================