****************************************
Report : timing
        -path_type full
        -delay_type min
        -max_paths 10
        -sort_by slack
Design : PC_TOP
Version: PrimeTime 2023.06-SP3
Date   : Sat Aug 15 17:34:53 2026
Corner : ff_1p16v_1p16v_n40c
Note   : Worst-case Hold  — Fast corner, cold temp
****************************************

Operating Conditions : ff_1p16v_1p16v_n40c (Library: saed32nm_rvt)
Wire Load Model Mode : Interconnect (StarRC Extracted)

  Startpoint : u_pc_mux/din_reg[0]
               (rising edge-triggered flip-flop clocked by CLK_CORE)
  Endpoint   : u_pc_buf/dout_reg[0]
               (rising edge-triggered flip-flop clocked by CLK_CORE)
  Path Group : CLK_CORE
  Path Type  : min

  Point                                                   Incr        Path
  -------------------------------------------------------------------------
  clock CLK_CORE (rise edge)                                  0.000       0.000
  clock network delay (propagated)                        0.147      0.147
  u_pc_mux/din_reg[0]/CK (DFFARX1_RVT)                        0.000       0.147 r
  u_pc_mux/din_reg[0]/Q  (DFFARX1_RVT)                        0.123       0.27 r
  u_pc_mux/U12/Y (INVX2_RVT)                                  0.034       0.304 f
  u_pc_mux/U34/Y (NAND2X1_RVT)                                0.09       0.394 r
  u_pc_adder/U07/Y (AOI22X1_RVT)                                0.101       0.495 f
  u_pc_adder/U19/Y (OAI21X1_RVT)                                0.101       0.596 r
  u_pc_reg/U03/Y (MUX21X1_RVT)                                0.081       0.677 r
  u_pc_reg/U11/Y (AND2X1_RVT)                                 0.061       0.738 f
  u_pc_reg/U22/Y (NOR2X1_RVT)                                 0.048       0.786 r
  u_pc_buf/U05/Y (BUFX4_RVT)                                  0.058       0.844 r
  u_pc_buf/dout_reg[0]/D (DFFARX1_RVT)                        0.051      0.895 f
  data arrival time                                                    0.895

  clock CLK_CORE (rise edge)                                  2     2
  clock network delay (propagated)                        0.147      2.147
  clock uncertainty                                      -0.05   2.097
  u_pc_buf/dout_reg[0]/CK (DFFARX1_RVT)                       0.000       2.097 r
  library setup time                                     -0.082   2.015
  data required time                                                   2.015
  -------------------------------------------------------------------------
  data required time                                                   2.015
  data arrival time                                                   -0.895
  -------------------------------------------------------------------------
  slack (MET)   1.12


=========================================================================
                   PC_TOP — TIMING SUMMARY
=========================================================================

  Block        : PC_TOP
  Corner       : ff_1p16v_1p16v_n40c
  Check        : min  (Worst-case Hold  — Fast corner, cold temp)
  Clock        : CLK_CORE  Period = 2 ns  (500 MHz)
  Technology   : SAED 32nm RVT

  ┌────────────────────────────────────────────────────────────────┐
  │ Sub-Unit      WNS (ns)  TNS (ns)  #Viol   WHS (ns)  #HViol  │
  ├────────────────────────────────────────────────────────────────┤
  │ u_pc_mux          1.12       0        0      0.111        0     │
  │ u_pc_adder          0.108       0        0      0.116        0     │
  │ u_pc_reg          0.083       0        0      0.12        0     │
  │ u_pc_buf          0.181       0        0      0.087        0     │
  ├────────────────────────────────────────────────────────────────┤
  │ PC_TOP  1.12       0        0      0.111        0     │
  └────────────────────────────────────────────────────────────────┘

  Status : ALL PATHS CLEAN — No Setup or Hold Violations


=========================================================================
                   TIMING EXCEPTIONS APPLIED
=========================================================================

  set_false_path -from [get_ports SCAN_EN]      -to [all_registers]
  set_false_path -from [get_ports TEST_MODE]     -to [all_registers]
  set_multicycle_path 2 -setup -from [get_cells u_pc_mux/*] -to [get_cells u_pc_buf/*]
  set_multicycle_path 1 -hold  -from [get_cells u_pc_mux/*] -to [get_cells u_pc_buf/*]
  set_input_delay  0.400 -clock CLK_CORE -max [all_inputs]
  set_output_delay 0.350 -clock CLK_CORE -max [all_outputs]


=========================================================================
                   CLOCK DOMAIN SUMMARY
=========================================================================

  Clock    : CLK_CORE
  Period   : 2 ns
  Waveform : {0.000 1}
  Skew     : 0.02 ns  (max across PC_TOP)
  Latency  : 0.147 ns  (max)


=========================================================================
                   CONSTRAINT COVERAGE
=========================================================================

  Total register endpoints   : 3188
  Constrained endpoints      : 5207
  Unconstrained endpoints    :      0
  Coverage                   :  100.0%


=========================================================================
                   TOOL / RUN INFORMATION
=========================================================================

  Tool         : Synopsys PrimeTime 2023.06-SP3
  Run Host     : sta-server-01
  Run Dir      : /proj/cpu_rtl/sta/FETCH/PC/run_ff_1p16v_1p16v_n40c
  SDC File     : /proj/cpu_rtl/constraints/PC_TOP.sdc
  Netlist      : /proj/cpu_rtl/netlist/PC_TOP.v.gz
  SPEF File    : /proj/cpu_rtl/spef/PC_TOP.spef.gz
  Liberty      : saed32nm_rvt_ff_1p16v_1p16v_n40c.db
  Elapsed Time : 00:04:35
  Peak Memory  : 1.429 GB

=========================================================================
End of Report
=========================================================================
