****************************************
Report : timing
        -path_type full
        -delay_type min
        -max_paths 10
        -sort_by slack
Design : PC_TOP
Version: PrimeTime 2023.06-SP3
Date   : Sat Aug 15 17:34:53 2026
Corner : tt_0p90v_0p90v_25c
Note   : Typical Hold    — Nominal corner
****************************************

Operating Conditions : tt_0p90v_0p90v_25c (Library: saed32nm_rvt)
Wire Load Model Mode : Interconnect (StarRC Extracted)

  Startpoint : u_pc_mux/din_reg[0]
               (rising edge-triggered flip-flop clocked by CLK_CORE)
  Endpoint   : u_pc_buf/dout_reg[0]
               (rising edge-triggered flip-flop clocked by CLK_CORE)
  Path Group : CLK_CORE
  Path Type  : min

  Point                                                   Incr        Path
  -------------------------------------------------------------------------
  clock CLK_CORE (rise edge)                                  0.000       0.000
  clock network delay (propagated)                        0.137      0.137
  u_pc_mux/din_reg[0]/CK (DFFARX1_RVT)                        0.000       0.137 r
  u_pc_mux/din_reg[0]/Q  (DFFARX1_RVT)                        0.112       0.249 r
  u_pc_mux/U12/Y (INVX2_RVT)                                  0.062       0.311 f
  u_pc_mux/U34/Y (NAND2X1_RVT)                                0.09       0.401 r
  u_pc_adder/U07/Y (AOI22X1_RVT)                                0.079       0.48 f
  u_pc_adder/U19/Y (OAI21X1_RVT)                                0.082       0.562 r
  u_pc_reg/U03/Y (MUX21X1_RVT)                                0.084       0.646 r
  u_pc_reg/U11/Y (AND2X1_RVT)                                 0.061       0.707 f
  u_pc_reg/U22/Y (NOR2X1_RVT)                                 0.037       0.744 r
  u_pc_buf/U05/Y (BUFX4_RVT)                                  0.059       0.803 r
  u_pc_buf/dout_reg[0]/D (DFFARX1_RVT)                        0.072      0.875 f
  data arrival time                                                    0.875

  clock CLK_CORE (rise edge)                                  2     2
  clock network delay (propagated)                        0.137      2.137
  clock uncertainty                                      -0.05   2.087
  u_pc_buf/dout_reg[0]/CK (DFFARX1_RVT)                       0.000       2.087 r
  library setup time                                     -0.077   2.01
  data required time                                                   2.01
  -------------------------------------------------------------------------
  data required time                                                   2.01
  data arrival time                                                   -0.875
  -------------------------------------------------------------------------
  slack (MET)   1.135


=========================================================================
                   PC_TOP — TIMING SUMMARY
=========================================================================

  Block        : PC_TOP
  Corner       : tt_0p90v_0p90v_25c
  Check        : min  (Typical Hold    — Nominal corner)
  Clock        : CLK_CORE  Period = 2 ns  (500 MHz)
  Technology   : SAED 32nm RVT

  ┌────────────────────────────────────────────────────────────────┐
  │ Sub-Unit      WNS (ns)  TNS (ns)  #Viol   WHS (ns)  #HViol  │
  ├────────────────────────────────────────────────────────────────┤
  │ u_pc_mux          1.135       0        0      0.064        0     │
  │ u_pc_adder          0.062       0        0      0.077        0     │
  │ u_pc_reg          0.155       0        0      0.09        0     │
  │ u_pc_buf          0.181       0        0      0.126        0     │
  ├────────────────────────────────────────────────────────────────┤
  │ PC_TOP  1.135       0        0      0.064        0     │
  └────────────────────────────────────────────────────────────────┘

  Status : ALL PATHS CLEAN — No Setup or Hold Violations


=========================================================================
                   TIMING EXCEPTIONS APPLIED
=========================================================================

  set_false_path -from [get_ports SCAN_EN]      -to [all_registers]
  set_false_path -from [get_ports TEST_MODE]     -to [all_registers]
  set_multicycle_path 2 -setup -from [get_cells u_pc_mux/*] -to [get_cells u_pc_buf/*]
  set_multicycle_path 1 -hold  -from [get_cells u_pc_mux/*] -to [get_cells u_pc_buf/*]
  set_input_delay  0.400 -clock CLK_CORE -max [all_inputs]
  set_output_delay 0.350 -clock CLK_CORE -max [all_outputs]


=========================================================================
                   CLOCK DOMAIN SUMMARY
=========================================================================

  Clock    : CLK_CORE
  Period   : 2 ns
  Waveform : {0.000 1}
  Skew     : 0.023 ns  (max across PC_TOP)
  Latency  : 0.137 ns  (max)


=========================================================================
                   CONSTRAINT COVERAGE
=========================================================================

  Total register endpoints   : 2943
  Constrained endpoints      : 1399
  Unconstrained endpoints    :      0
  Coverage                   :  100.0%


=========================================================================
                   TOOL / RUN INFORMATION
=========================================================================

  Tool         : Synopsys PrimeTime 2023.06-SP3
  Run Host     : sta-server-01
  Run Dir      : /proj/cpu_rtl/sta/FETCH/PC/run_tt_0p90v_0p90v_25c
  SDC File     : /proj/cpu_rtl/constraints/PC_TOP.sdc
  Netlist      : /proj/cpu_rtl/netlist/PC_TOP.v.gz
  SPEF File    : /proj/cpu_rtl/spef/PC_TOP.spef.gz
  Liberty      : saed32nm_rvt_tt_0p90v_0p90v_25c.db
  Elapsed Time : 00:06:48
  Peak Memory  : 3.587 GB

=========================================================================
End of Report
=========================================================================
