****************************************
Report : timing
        -path_type full
        -delay_type max
        -max_paths 10
        -sort_by slack
Design : PC_TOP
Version: PrimeTime 2023.06-SP3
Date   : Sat Aug 15 17:34:53 2026
Corner : ss_0p63v_0p63v_125c
Note   : Low-Vdd Setup   — Ultra-low voltage corner
****************************************

Operating Conditions : ss_0p63v_0p63v_125c (Library: saed32nm_rvt)
Wire Load Model Mode : Interconnect (StarRC Extracted)

  Startpoint : u_pc_mux/din_reg[0]
               (rising edge-triggered flip-flop clocked by CLK_CORE)
  Endpoint   : u_pc_buf/dout_reg[0]
               (rising edge-triggered flip-flop clocked by CLK_CORE)
  Path Group : CLK_CORE
  Path Type  : max

  Point                                                   Incr        Path
  -------------------------------------------------------------------------
  clock CLK_CORE (rise edge)                                  0.000       0.000
  clock network delay (propagated)                        0.139      0.139
  u_pc_mux/din_reg[0]/CK (DFFARX1_RVT)                        0.000       0.139 r
  u_pc_mux/din_reg[0]/Q  (DFFARX1_RVT)                        0.144       0.283 r
  u_pc_mux/U12/Y (INVX2_RVT)                                  0.044       0.327 f
  u_pc_mux/U34/Y (NAND2X1_RVT)                                0.073       0.4 r
  u_pc_adder/U07/Y (AOI22X1_RVT)                                0.105       0.505 f
  u_pc_adder/U19/Y (OAI21X1_RVT)                                0.107       0.612 r
  u_pc_reg/U03/Y (MUX21X1_RVT)                                0.06       0.672 r
  u_pc_reg/U11/Y (AND2X1_RVT)                                 0.076       0.748 f
  u_pc_reg/U22/Y (NOR2X1_RVT)                                 0.069       0.817 r
  u_pc_buf/U05/Y (BUFX4_RVT)                                  0.056       0.873 r
  u_pc_buf/dout_reg[0]/D (DFFARX1_RVT)                        0.063      0.936 f
  data arrival time                                                    0.936

  clock CLK_CORE (rise edge)                                  2     2
  clock network delay (propagated)                        0.139      2.139
  clock uncertainty                                      -0.05   2.089
  u_pc_buf/dout_reg[0]/CK (DFFARX1_RVT)                       0.000       2.089 r
  library setup time                                     -0.069   2.02
  data required time                                                   2.02
  -------------------------------------------------------------------------
  data required time                                                   2.02
  data arrival time                                                   -0.936
  -------------------------------------------------------------------------
  slack (MET)   1.084


=========================================================================
                   PC_TOP — TIMING SUMMARY
=========================================================================

  Block        : PC_TOP
  Corner       : ss_0p63v_0p63v_125c
  Check        : max  (Low-Vdd Setup   — Ultra-low voltage corner)
  Clock        : CLK_CORE  Period = 2 ns  (500 MHz)
  Technology   : SAED 32nm RVT

  ┌────────────────────────────────────────────────────────────────┐
  │ Sub-Unit      WNS (ns)  TNS (ns)  #Viol   WHS (ns)  #HViol  │
  ├────────────────────────────────────────────────────────────────┤
  │ u_pc_mux          1.084       0        0      0.088        0     │
  │ u_pc_adder          0.163       0        0      0.091        0     │
  │ u_pc_reg          0.103       0        0      0.09        0     │
  │ u_pc_buf          0.195       0        0      0.088        0     │
  ├────────────────────────────────────────────────────────────────┤
  │ PC_TOP  1.084       0        0      0.088        0     │
  └────────────────────────────────────────────────────────────────┘

  Status : ALL PATHS CLEAN — No Setup or Hold Violations


=========================================================================
                   TIMING EXCEPTIONS APPLIED
=========================================================================

  set_false_path -from [get_ports SCAN_EN]      -to [all_registers]
  set_false_path -from [get_ports TEST_MODE]     -to [all_registers]
  set_multicycle_path 2 -setup -from [get_cells u_pc_mux/*] -to [get_cells u_pc_buf/*]
  set_multicycle_path 1 -hold  -from [get_cells u_pc_mux/*] -to [get_cells u_pc_buf/*]
  set_input_delay  0.400 -clock CLK_CORE -max [all_inputs]
  set_output_delay 0.350 -clock CLK_CORE -max [all_outputs]


=========================================================================
                   CLOCK DOMAIN SUMMARY
=========================================================================

  Clock    : CLK_CORE
  Period   : 2 ns
  Waveform : {0.000 1}
  Skew     : 0.027 ns  (max across PC_TOP)
  Latency  : 0.139 ns  (max)


=========================================================================
                   CONSTRAINT COVERAGE
=========================================================================

  Total register endpoints   : 1507
  Constrained endpoints      : 5742
  Unconstrained endpoints    :      0
  Coverage                   :  100.0%


=========================================================================
                   TOOL / RUN INFORMATION
=========================================================================

  Tool         : Synopsys PrimeTime 2023.06-SP3
  Run Host     : sta-server-01
  Run Dir      : /proj/cpu_rtl/sta/FETCH/PC/run_ss_0p63v_0p63v_125c
  SDC File     : /proj/cpu_rtl/constraints/PC_TOP.sdc
  Netlist      : /proj/cpu_rtl/netlist/PC_TOP.v.gz
  SPEF File    : /proj/cpu_rtl/spef/PC_TOP.spef.gz
  Liberty      : saed32nm_rvt_ss_0p63v_0p63v_125c.db
  Elapsed Time : 00:02:14
  Peak Memory  : 3.879 GB

=========================================================================
End of Report
=========================================================================
