****************************************
Report : timing
        -path_type full
        -delay_type max
        -max_paths 10
        -sort_by slack
Design : PC_TOP
Version: PrimeTime 2023.06-SP3
Date   : Sat Aug 15 17:34:53 2026
Corner : ss_0p72v_0p72v_125c
Note   : Recovery/Removal Check — Async reset paths
****************************************

Operating Conditions : ss_0p72v_0p72v_125c (Library: saed32nm_rvt)
Wire Load Model Mode : Interconnect (StarRC Extracted)

  Startpoint : u_pc_mux/din_reg[0]
               (rising edge-triggered flip-flop clocked by CLK_CORE)
  Endpoint   : u_pc_buf/dout_reg[0]
               (rising edge-triggered flip-flop clocked by CLK_CORE)
  Path Group : CLK_CORE
  Path Type  : max

  Point                                                   Incr        Path
  -------------------------------------------------------------------------
  clock CLK_CORE (rise edge)                                  0.000       0.000
  clock network delay (propagated)                        0.141      0.141
  u_pc_mux/din_reg[0]/CK (DFFARX1_RVT)                        0.000       0.141 r
  u_pc_mux/din_reg[0]/Q  (DFFARX1_RVT)                        0.113       0.254 r
  u_pc_mux/U12/Y (INVX2_RVT)                                  0.035       0.289 f
  u_pc_mux/U34/Y (NAND2X1_RVT)                                0.06       0.349 r
  u_pc_adder/U07/Y (AOI22X1_RVT)                                0.087       0.436 f
  u_pc_adder/U19/Y (OAI21X1_RVT)                                0.092       0.528 r
  u_pc_reg/U03/Y (MUX21X1_RVT)                                0.076       0.604 r
  u_pc_reg/U11/Y (AND2X1_RVT)                                 0.072       0.676 f
  u_pc_reg/U22/Y (NOR2X1_RVT)                                 0.068       0.744 r
  u_pc_buf/U05/Y (BUFX4_RVT)                                  0.071       0.815 r
  u_pc_buf/dout_reg[0]/D (DFFARX1_RVT)                        0.058      0.873 f
  data arrival time                                                    0.873

  clock CLK_CORE (rise edge)                                  2     2
  clock network delay (propagated)                        0.141      2.141
  clock uncertainty                                      -0.05   2.091
  u_pc_buf/dout_reg[0]/CK (DFFARX1_RVT)                       0.000       2.091 r
  library setup time                                     -0.07   2.021
  data required time                                                   2.021
  -------------------------------------------------------------------------
  data required time                                                   2.021
  data arrival time                                                   -0.873
  -------------------------------------------------------------------------
  slack (MET)   1.148


=========================================================================
                   PC_TOP — TIMING SUMMARY
=========================================================================

  Block        : PC_TOP
  Corner       : ss_0p72v_0p72v_125c
  Check        : max  (Recovery/Removal Check — Async reset paths)
  Clock        : CLK_CORE  Period = 2 ns  (500 MHz)
  Technology   : SAED 32nm RVT

  ┌────────────────────────────────────────────────────────────────┐
  │ Sub-Unit      WNS (ns)  TNS (ns)  #Viol   WHS (ns)  #HViol  │
  ├────────────────────────────────────────────────────────────────┤
  │ u_pc_mux          1.148       0        0      0.066        0     │
  │ u_pc_adder          0.156       0        0      0.078        0     │
  │ u_pc_reg          0.1       0        0      0.066        0     │
  │ u_pc_buf          0.152       0        0      0.091        0     │
  ├────────────────────────────────────────────────────────────────┤
  │ PC_TOP  1.148       0        0      0.066        0     │
  └────────────────────────────────────────────────────────────────┘

  Status : ALL PATHS CLEAN — No Setup or Hold Violations


=========================================================================
                   TIMING EXCEPTIONS APPLIED
=========================================================================

  set_false_path -from [get_ports SCAN_EN]      -to [all_registers]
  set_false_path -from [get_ports TEST_MODE]     -to [all_registers]
  set_multicycle_path 2 -setup -from [get_cells u_pc_mux/*] -to [get_cells u_pc_buf/*]
  set_multicycle_path 1 -hold  -from [get_cells u_pc_mux/*] -to [get_cells u_pc_buf/*]
  set_input_delay  0.400 -clock CLK_CORE -max [all_inputs]
  set_output_delay 0.350 -clock CLK_CORE -max [all_outputs]


=========================================================================
                   CLOCK DOMAIN SUMMARY
=========================================================================

  Clock    : CLK_CORE
  Period   : 2 ns
  Waveform : {0.000 1}
  Skew     : 0.026 ns  (max across PC_TOP)
  Latency  : 0.141 ns  (max)


=========================================================================
                   CONSTRAINT COVERAGE
=========================================================================

  Total register endpoints   : 5768
  Constrained endpoints      : 1686
  Unconstrained endpoints    :      0
  Coverage                   :  100.0%


=========================================================================
                   TOOL / RUN INFORMATION
=========================================================================

  Tool         : Synopsys PrimeTime 2023.06-SP3
  Run Host     : sta-server-01
  Run Dir      : /proj/cpu_rtl/sta/FETCH/PC/run_ss_0p72v_0p72v_125c
  SDC File     : /proj/cpu_rtl/constraints/PC_TOP.sdc
  Netlist      : /proj/cpu_rtl/netlist/PC_TOP.v.gz
  SPEF File    : /proj/cpu_rtl/spef/PC_TOP.spef.gz
  Liberty      : saed32nm_rvt_ss_0p72v_0p72v_125c.db
  Elapsed Time : 00:06:56
  Peak Memory  : 3.249 GB

=========================================================================
End of Report
=========================================================================
