================================================================================
  STA BLOCK DUMP LOG  —  PC_TOP
================================================================================

  Block Directory : D:\Certificates\PD_STA_REPORTS\FETCH\PC
  Design          : PC_TOP
  Parsed At       : 2026-08-15T22:23:24
  Total Reports   : 11


OWNERSHIP
----------------------------------------
  BLOCK TIMING OWNER           : User1  <user1@company.com>  [EMP-2001]
  TEAM LEAD                    : MTO_User1  <mto1@company.com>  [EMP-1001]
  RTL TEAM LEAD                : TeamLead1  <teamlead1@company.com>
  PD ENGINEER                  : PDEng1  <pdeng1@company.com>
  STA ENGINEER                 : STAEng1  <staeng1@company.com>
  CHIP STA LEAD                : STALead1  <stalead1@company.com>  [EMP-0004]

AGGREGATE SUMMARY
----------------------------------------
  Overall Status   : MET
  Worst WNS  (ns)  : 0.000
  Worst TNS  (ns)  : 0.000
  Worst WHS  (ns)  : 0.000
  Best  WNS  (ns)  : 1.148
  Total Violations : 0

BY CORNER
----------------------------------------
  Name                                              #       WNS       TNS       WHS  STATUS
  ─────────────────────────────────────────────  ────  ────────  ────────  ────────  ──────────
  N/A                                               1     0.000     0.000     0.000  MET
  ff_1p16v_1p16v_125c                               1     1.049     0.000     0.098  MET
  ff_1p16v_1p16v_n40c                               1     1.120     0.000     0.111  MET
  ss_0p63v_0p63v_125c                               1     1.084     0.000     0.088  MET
  ss_0p72v_0p72v_125c                               2     1.075     0.000     0.066  MET
  ss_0p72v_0p72v_n40c                               1     1.078     0.000     0.078  MET
  tt_0p90v_0p90v_25c                                4     1.080     0.000     0.064  MET

BY CHECK TYPE
----------------------------------------
  Name                                              #       WNS       TNS       WHS  STATUS
  ─────────────────────────────────────────────  ────  ────────  ────────  ────────  ──────────
  N/A                                               1     0.000     0.000     0.000  MET
  hold                                              3     1.049     0.000     0.064  MET
  setup                                             7     1.075     0.000     0.066  MET

PER-REPORT DETAIL
----------------------------------------
  File     : 09_RECOVERY_SS_125C_PC_TOP.rpt
  Design   : PC_TOP                Corner : ss_0p72v_0p72v_125c
  Check    : setup       Clock  : CLK_CORE  Period = 2.0 ns  (500.0 MHz)
  WNS      :   +1.148 ns   TNS :   +0.000 ns   WHS :   +0.066 ns
  Slack    :   +1.148 ns   Status : MET
  Status   : ALL PATHS CLEAN — No Setup or Hold Violations
  Coverage : 100.0%   Endpoints : 1686 / 5768
  Tool     : Synopsys PrimeTime 2023.06-SP3
  Runtime  : 00:06:56         Memory : 3.249 GB
  Run Dir  : /proj/cpu_rtl/sta/FETCH/PC/run_ss_0p72v_0p72v_125c

  File     : 10_MULTICYCLE_TT_25C_PC_TOP.rpt
  Design   : PC_TOP                Corner : tt_0p90v_0p90v_25c
  Check    : setup       Clock  : CLK_CORE  Period = 2.0 ns  (500.0 MHz)
  WNS      :   +1.128 ns   TNS :   +0.000 ns   WHS :   +0.119 ns
  Slack    :   +1.128 ns   Status : MET
  Status   : ALL PATHS CLEAN — No Setup or Hold Violations
  Coverage : 100.0%   Endpoints : 4057 / 5031
  Tool     : Synopsys PrimeTime 2023.06-SP3
  Runtime  : 00:06:50         Memory : 3.232 GB
  Run Dir  : /proj/cpu_rtl/sta/FETCH/PC/run_tt_0p90v_0p90v_25c

  File     : 08_CG_CHECK_TT_25C_PC_TOP.rpt
  Design   : PC_TOP                Corner : tt_0p90v_0p90v_25c
  Check    : setup       Clock  : CLK_CORE  Period = 2.0 ns  (500.0 MHz)
  WNS      :   +1.091 ns   TNS :   +0.000 ns   WHS :   +0.087 ns
  Slack    :   +1.091 ns   Status : MET
  Status   : ALL PATHS CLEAN — No Setup or Hold Violations
  Coverage : 100.0%   Endpoints : 1039 / 3936
  Tool     : Synopsys PrimeTime 2023.06-SP3
  Runtime  : 00:07:18         Memory : 3.47 GB
  Run Dir  : /proj/cpu_rtl/sta/FETCH/PC/run_tt_0p90v_0p90v_25c

  File     : 07_SETUP_LVSS_125C_PC_TOP.rpt
  Design   : PC_TOP                Corner : ss_0p63v_0p63v_125c
  Check    : setup       Clock  : CLK_CORE  Period = 2.0 ns  (500.0 MHz)
  WNS      :   +1.084 ns   TNS :   +0.000 ns   WHS :   +0.088 ns
  Slack    :   +1.084 ns   Status : MET
  Status   : ALL PATHS CLEAN — No Setup or Hold Violations
  Coverage : 100.0%   Endpoints : 5742 / 1507
  Tool     : Synopsys PrimeTime 2023.06-SP3
  Runtime  : 00:02:14         Memory : 3.879 GB
  Run Dir  : /proj/cpu_rtl/sta/FETCH/PC/run_ss_0p63v_0p63v_125c

  File     : 03_SETUP_TT_25C_PC_TOP.rpt
  Design   : PC_TOP                Corner : tt_0p90v_0p90v_25c
  Check    : setup       Clock  : CLK_CORE  Period = 2.0 ns  (500.0 MHz)
  WNS      :   +1.080 ns   TNS :   +0.000 ns   WHS :   +0.067 ns
  Slack    :   +1.080 ns   Status : MET
  Status   : ALL PATHS CLEAN — No Setup or Hold Violations
  Coverage : 100.0%   Endpoints : 4413 / 1595
  Tool     : Synopsys PrimeTime 2023.06-SP3
  Runtime  : 00:07:24         Memory : 2.902 GB
  Run Dir  : /proj/cpu_rtl/sta/FETCH/PC/run_tt_0p90v_0p90v_25c

  File     : 05_SETUP_SS_M40C_PC_TOP.rpt
  Design   : PC_TOP                Corner : ss_0p72v_0p72v_n40c
  Check    : setup       Clock  : CLK_CORE  Period = 2.0 ns  (500.0 MHz)
  WNS      :   +1.078 ns   TNS :   +0.000 ns   WHS :   +0.078 ns
  Slack    :   +1.078 ns   Status : MET
  Status   : ALL PATHS CLEAN — No Setup or Hold Violations
  Coverage : 100.0%   Endpoints : 2700 / 1174
  Tool     : Synopsys PrimeTime 2023.06-SP3
  Runtime  : 00:05:12         Memory : 3.812 GB
  Run Dir  : /proj/cpu_rtl/sta/FETCH/PC/run_ss_0p72v_0p72v_n40c

  File     : 01_SETUP_SS_125C_PC_TOP.rpt
  Design   : PC_TOP                Corner : ss_0p72v_0p72v_125c
  Check    : setup       Clock  : CLK_CORE  Period = 2.0 ns  (500.0 MHz)
  WNS      :   +1.075 ns   TNS :   +0.000 ns   WHS :   +0.083 ns
  Slack    :   +1.075 ns   Status : MET
  Status   : ALL PATHS CLEAN — No Setup or Hold Violations
  Coverage : 100.0%   Endpoints : 2385 / 1333
  Tool     : Synopsys PrimeTime 2023.06-SP3
  Runtime  : 00:08:35         Memory : 2.109 GB
  Run Dir  : /proj/cpu_rtl/sta/FETCH/PC/run_ss_0p72v_0p72v_125c

  File     : 02_HOLD_FF_N40C_PC_TOP.rpt
  Design   : PC_TOP                Corner : ff_1p16v_1p16v_n40c
  Check    : hold        Clock  : CLK_CORE  Period = 2.0 ns  (500.0 MHz)
  WNS      :   +1.120 ns   TNS :   +0.000 ns   WHS :   +0.111 ns
  Slack    :   +1.120 ns   Status : MET
  Status   : ALL PATHS CLEAN — No Setup or Hold Violations
  Coverage : 100.0%   Endpoints : 5207 / 3188
  Tool     : Synopsys PrimeTime 2023.06-SP3
  Runtime  : 00:04:35         Memory : 1.429 GB
  Run Dir  : /proj/cpu_rtl/sta/FETCH/PC/run_ff_1p16v_1p16v_n40c

  File     : 06_HOLD_FF_125C_PC_TOP.rpt
  Design   : PC_TOP                Corner : ff_1p16v_1p16v_125c
  Check    : hold        Clock  : CLK_CORE  Period = 2.0 ns  (500.0 MHz)
  WNS      :   +1.049 ns   TNS :   +0.000 ns   WHS :   +0.098 ns
  Slack    :   +1.049 ns   Status : MET
  Status   : ALL PATHS CLEAN — No Setup or Hold Violations
  Coverage : 100.0%   Endpoints : 3272 / 3812
  Tool     : Synopsys PrimeTime 2023.06-SP3
  Runtime  : 00:03:50         Memory : 3.91 GB
  Run Dir  : /proj/cpu_rtl/sta/FETCH/PC/run_ff_1p16v_1p16v_125c

  File     : 04_HOLD_TT_25C_PC_TOP.rpt
  Design   : PC_TOP                Corner : tt_0p90v_0p90v_25c
  Check    : hold        Clock  : CLK_CORE  Period = 2.0 ns  (500.0 MHz)
  WNS      :   +1.135 ns   TNS :   +0.000 ns   WHS :   +0.064 ns
  Slack    :   +1.135 ns   Status : MET
  Status   : ALL PATHS CLEAN — No Setup or Hold Violations
  Coverage : 100.0%   Endpoints : 1399 / 2943
  Tool     : Synopsys PrimeTime 2023.06-SP3
  Runtime  : 00:06:48         Memory : 3.587 GB
  Run Dir  : /proj/cpu_rtl/sta/FETCH/PC/run_tt_0p90v_0p90v_25c

  File     : PC_TIMING.rpt
  Design   : N/A                   Corner : N/A
  Check    : N/A         Clock  : N/A  Period = 0.0 ns  (0.0 MHz)
  WNS      :   +0.000 ns   TNS :   +0.000 ns   WHS :   +0.000 ns
  Slack    :   +0.000 ns   Status : UNKNOWN
  Status   : N/A
  Coverage : 0.0%   Endpoints : 0 / 0
  Tool     : N/A
  Runtime  : N/A              Memory : N/A
  Run Dir  : N/A


================================================================================
END OF BLOCK DUMP LOG
================================================================================