****************************************
Report : timing
        -path_type full
        -delay_type min
        -max_paths 10
        -sort_by slack
Design : EXCEPTION_HANDLER_TOP
Version: PrimeTime 2023.06-SP3
Date   : Sat Aug 15 17:34:54 2026
Corner : ff_1p16v_1p16v_n40c
Note   : Worst-case Hold  — Fast corner, cold temp
****************************************

Operating Conditions : ff_1p16v_1p16v_n40c (Library: saed32nm_rvt)
Wire Load Model Mode : Interconnect (StarRC Extracted)

  Startpoint : u_exc_det/din_reg[0]
               (rising edge-triggered flip-flop clocked by CLK_CORE)
  Endpoint   : u_exc_flush/dout_reg[0]
               (rising edge-triggered flip-flop clocked by CLK_CORE)
  Path Group : CLK_CORE
  Path Type  : min

  Point                                                   Incr        Path
  -------------------------------------------------------------------------
  clock CLK_CORE (rise edge)                                  0.000       0.000
  clock network delay (propagated)                        0.141      0.141
  u_exc_det/din_reg[0]/CK (DFFARX1_RVT)                        0.000       0.141 r
  u_exc_det/din_reg[0]/Q  (DFFARX1_RVT)                        0.131       0.272 r
  u_exc_det/U12/Y (INVX2_RVT)                                  0.044       0.316 f
  u_exc_det/U34/Y (NAND2X1_RVT)                                0.063       0.379 r
  u_exc_pri/U07/Y (AOI22X1_RVT)                                0.102       0.481 f
  u_exc_pri/U19/Y (OAI21X1_RVT)                                0.114       0.595 r
  u_exc_vec/U03/Y (MUX21X1_RVT)                                0.063       0.658 r
  u_exc_vec/U11/Y (AND2X1_RVT)                                 0.068       0.726 f
  u_exc_vec/U22/Y (NOR2X1_RVT)                                 0.063       0.789 r
  u_exc_flush/U05/Y (BUFX4_RVT)                                  0.084       0.873 r
  u_exc_flush/dout_reg[0]/D (DFFARX1_RVT)                        0.066      0.939 f
  data arrival time                                                    0.939

  clock CLK_CORE (rise edge)                                  2     2
  clock network delay (propagated)                        0.141      2.141
  clock uncertainty                                      -0.05   2.091
  u_exc_flush/dout_reg[0]/CK (DFFARX1_RVT)                       0.000       2.091 r
  library setup time                                     -0.066   2.025
  data required time                                                   2.025
  -------------------------------------------------------------------------
  data required time                                                   2.025
  data arrival time                                                   -0.939
  -------------------------------------------------------------------------
  slack (MET)   1.086


=========================================================================
                   EXCEPTION_HANDLER_TOP — TIMING SUMMARY
=========================================================================

  Block        : EXCEPTION_HANDLER_TOP
  Corner       : ff_1p16v_1p16v_n40c
  Check        : min  (Worst-case Hold  — Fast corner, cold temp)
  Clock        : CLK_CORE  Period = 2 ns  (500 MHz)
  Technology   : SAED 32nm RVT

  ┌────────────────────────────────────────────────────────────────┐
  │ Sub-Unit      WNS (ns)  TNS (ns)  #Viol   WHS (ns)  #HViol  │
  ├────────────────────────────────────────────────────────────────┤
  │ u_exc_det          1.086       0        0      0.069        0     │
  │ u_exc_pri          0.119       0        0      0.103        0     │
  │ u_exc_vec          0.175       0        0      0.06        0     │
  │ u_exc_flush          0.195       0        0      0.093        0     │
  ├────────────────────────────────────────────────────────────────┤
  │ EXCEPTION_HANDLER_TOP  1.086       0        0      0.069        0     │
  └────────────────────────────────────────────────────────────────┘

  Status : ALL PATHS CLEAN — No Setup or Hold Violations


=========================================================================
                   TIMING EXCEPTIONS APPLIED
=========================================================================

  set_false_path -from [get_ports SCAN_EN]      -to [all_registers]
  set_false_path -from [get_ports TEST_MODE]     -to [all_registers]
  set_multicycle_path 2 -setup -from [get_cells u_exc_det/*] -to [get_cells u_exc_flush/*]
  set_multicycle_path 1 -hold  -from [get_cells u_exc_det/*] -to [get_cells u_exc_flush/*]
  set_input_delay  0.400 -clock CLK_CORE -max [all_inputs]
  set_output_delay 0.350 -clock CLK_CORE -max [all_outputs]


=========================================================================
                   CLOCK DOMAIN SUMMARY
=========================================================================

  Clock    : CLK_CORE
  Period   : 2 ns
  Waveform : {0.000 1}
  Skew     : 0.017 ns  (max across EXCEPTION_HANDLER_TOP)
  Latency  : 0.141 ns  (max)


=========================================================================
                   CONSTRAINT COVERAGE
=========================================================================

  Total register endpoints   : 3796
  Constrained endpoints      : 2167
  Unconstrained endpoints    :      0
  Coverage                   :  100.0%


=========================================================================
                   TOOL / RUN INFORMATION
=========================================================================

  Tool         : Synopsys PrimeTime 2023.06-SP3
  Run Host     : sta-server-01
  Run Dir      : /proj/cpu_rtl/sta/COMMIT/EXCEPTION_HANDLER/run_ff_1p16v_1p16v_n40c
  SDC File     : /proj/cpu_rtl/constraints/EXCEPTION_HANDLER_TOP.sdc
  Netlist      : /proj/cpu_rtl/netlist/EXCEPTION_HANDLER_TOP.v.gz
  SPEF File    : /proj/cpu_rtl/spef/EXCEPTION_HANDLER_TOP.spef.gz
  Liberty      : saed32nm_rvt_ff_1p16v_1p16v_n40c.db
  Elapsed Time : 00:08:20
  Peak Memory  : 2.93 GB

=========================================================================
End of Report
=========================================================================
