****************************************
Report : timing
        -path_type full
        -delay_type min
        -max_paths 10
        -sort_by slack
Design : EXCEPTION_HANDLER_TOP
Version: PrimeTime 2023.06-SP3
Date   : Sat Aug 15 17:34:54 2026
Corner : tt_0p90v_0p90v_25c
Note   : Typical Hold    — Nominal corner
****************************************

Operating Conditions : tt_0p90v_0p90v_25c (Library: saed32nm_rvt)
Wire Load Model Mode : Interconnect (StarRC Extracted)

  Startpoint : u_exc_det/din_reg[0]
               (rising edge-triggered flip-flop clocked by CLK_CORE)
  Endpoint   : u_exc_flush/dout_reg[0]
               (rising edge-triggered flip-flop clocked by CLK_CORE)
  Path Group : CLK_CORE
  Path Type  : min

  Point                                                   Incr        Path
  -------------------------------------------------------------------------
  clock CLK_CORE (rise edge)                                  0.000       0.000
  clock network delay (propagated)                        0.153      0.153
  u_exc_det/din_reg[0]/CK (DFFARX1_RVT)                        0.000       0.153 r
  u_exc_det/din_reg[0]/Q  (DFFARX1_RVT)                        0.14       0.293 r
  u_exc_det/U12/Y (INVX2_RVT)                                  0.065       0.358 f
  u_exc_det/U34/Y (NAND2X1_RVT)                                0.068       0.426 r
  u_exc_pri/U07/Y (AOI22X1_RVT)                                0.078       0.504 f
  u_exc_pri/U19/Y (OAI21X1_RVT)                                0.114       0.618 r
  u_exc_vec/U03/Y (MUX21X1_RVT)                                0.076       0.694 r
  u_exc_vec/U11/Y (AND2X1_RVT)                                 0.047       0.741 f
  u_exc_vec/U22/Y (NOR2X1_RVT)                                 0.059       0.8 r
  u_exc_flush/U05/Y (BUFX4_RVT)                                  0.084       0.884 r
  u_exc_flush/dout_reg[0]/D (DFFARX1_RVT)                        0.055      0.939 f
  data arrival time                                                    0.939

  clock CLK_CORE (rise edge)                                  2     2
  clock network delay (propagated)                        0.153      2.153
  clock uncertainty                                      -0.05   2.103
  u_exc_flush/dout_reg[0]/CK (DFFARX1_RVT)                       0.000       2.103 r
  library setup time                                     -0.069   2.034
  data required time                                                   2.034
  -------------------------------------------------------------------------
  data required time                                                   2.034
  data arrival time                                                   -0.939
  -------------------------------------------------------------------------
  slack (MET)   1.095


=========================================================================
                   EXCEPTION_HANDLER_TOP — TIMING SUMMARY
=========================================================================

  Block        : EXCEPTION_HANDLER_TOP
  Corner       : tt_0p90v_0p90v_25c
  Check        : min  (Typical Hold    — Nominal corner)
  Clock        : CLK_CORE  Period = 2 ns  (500 MHz)
  Technology   : SAED 32nm RVT

  ┌────────────────────────────────────────────────────────────────┐
  │ Sub-Unit      WNS (ns)  TNS (ns)  #Viol   WHS (ns)  #HViol  │
  ├────────────────────────────────────────────────────────────────┤
  │ u_exc_det          1.095       0        0      0.062        0     │
  │ u_exc_pri          0.117       0        0      0.081        0     │
  │ u_exc_vec          0.118       0        0      0.09        0     │
  │ u_exc_flush          0.133       0        0      0.084        0     │
  ├────────────────────────────────────────────────────────────────┤
  │ EXCEPTION_HANDLER_TOP  1.095       0        0      0.062        0     │
  └────────────────────────────────────────────────────────────────┘

  Status : ALL PATHS CLEAN — No Setup or Hold Violations


=========================================================================
                   TIMING EXCEPTIONS APPLIED
=========================================================================

  set_false_path -from [get_ports SCAN_EN]      -to [all_registers]
  set_false_path -from [get_ports TEST_MODE]     -to [all_registers]
  set_multicycle_path 2 -setup -from [get_cells u_exc_det/*] -to [get_cells u_exc_flush/*]
  set_multicycle_path 1 -hold  -from [get_cells u_exc_det/*] -to [get_cells u_exc_flush/*]
  set_input_delay  0.400 -clock CLK_CORE -max [all_inputs]
  set_output_delay 0.350 -clock CLK_CORE -max [all_outputs]


=========================================================================
                   CLOCK DOMAIN SUMMARY
=========================================================================

  Clock    : CLK_CORE
  Period   : 2 ns
  Waveform : {0.000 1}
  Skew     : 0.018 ns  (max across EXCEPTION_HANDLER_TOP)
  Latency  : 0.153 ns  (max)


=========================================================================
                   CONSTRAINT COVERAGE
=========================================================================

  Total register endpoints   : 1640
  Constrained endpoints      : 3068
  Unconstrained endpoints    :      0
  Coverage                   :  100.0%


=========================================================================
                   TOOL / RUN INFORMATION
=========================================================================

  Tool         : Synopsys PrimeTime 2023.06-SP3
  Run Host     : sta-server-01
  Run Dir      : /proj/cpu_rtl/sta/COMMIT/EXCEPTION_HANDLER/run_tt_0p90v_0p90v_25c
  SDC File     : /proj/cpu_rtl/constraints/EXCEPTION_HANDLER_TOP.sdc
  Netlist      : /proj/cpu_rtl/netlist/EXCEPTION_HANDLER_TOP.v.gz
  SPEF File    : /proj/cpu_rtl/spef/EXCEPTION_HANDLER_TOP.spef.gz
  Liberty      : saed32nm_rvt_tt_0p90v_0p90v_25c.db
  Elapsed Time : 00:06:44
  Peak Memory  : 2.237 GB

=========================================================================
End of Report
=========================================================================
