****************************************
Report : timing
        -path_type full
        -delay_type max
        -max_paths 10
        -sort_by slack
Design : EXCEPTION_HANDLER_TOP
Version: PrimeTime 2023.06-SP3
Date   : Sat Aug 15 17:34:54 2026
Corner : ss_0p72v_0p72v_n40c
Note   : Cold Setup      — Slow corner, cold temp
****************************************

Operating Conditions : ss_0p72v_0p72v_n40c (Library: saed32nm_rvt)
Wire Load Model Mode : Interconnect (StarRC Extracted)

  Startpoint : u_exc_det/din_reg[0]
               (rising edge-triggered flip-flop clocked by CLK_CORE)
  Endpoint   : u_exc_flush/dout_reg[0]
               (rising edge-triggered flip-flop clocked by CLK_CORE)
  Path Group : CLK_CORE
  Path Type  : max

  Point                                                   Incr        Path
  -------------------------------------------------------------------------
  clock CLK_CORE (rise edge)                                  0.000       0.000
  clock network delay (propagated)                        0.144      0.144
  u_exc_det/din_reg[0]/CK (DFFARX1_RVT)                        0.000       0.144 r
  u_exc_det/din_reg[0]/Q  (DFFARX1_RVT)                        0.122       0.266 r
  u_exc_det/U12/Y (INVX2_RVT)                                  0.051       0.317 f
  u_exc_det/U34/Y (NAND2X1_RVT)                                0.075       0.392 r
  u_exc_pri/U07/Y (AOI22X1_RVT)                                0.096       0.488 f
  u_exc_pri/U19/Y (OAI21X1_RVT)                                0.091       0.579 r
  u_exc_vec/U03/Y (MUX21X1_RVT)                                0.066       0.645 r
  u_exc_vec/U11/Y (AND2X1_RVT)                                 0.052       0.697 f
  u_exc_vec/U22/Y (NOR2X1_RVT)                                 0.074       0.771 r
  u_exc_flush/U05/Y (BUFX4_RVT)                                  0.059       0.83 r
  u_exc_flush/dout_reg[0]/D (DFFARX1_RVT)                        0.067      0.897 f
  data arrival time                                                    0.897

  clock CLK_CORE (rise edge)                                  2     2
  clock network delay (propagated)                        0.144      2.144
  clock uncertainty                                      -0.05   2.094
  u_exc_flush/dout_reg[0]/CK (DFFARX1_RVT)                       0.000       2.094 r
  library setup time                                     -0.08   2.014
  data required time                                                   2.014
  -------------------------------------------------------------------------
  data required time                                                   2.014
  data arrival time                                                   -0.897
  -------------------------------------------------------------------------
  slack (MET)   1.117


=========================================================================
                   EXCEPTION_HANDLER_TOP — TIMING SUMMARY
=========================================================================

  Block        : EXCEPTION_HANDLER_TOP
  Corner       : ss_0p72v_0p72v_n40c
  Check        : max  (Cold Setup      — Slow corner, cold temp)
  Clock        : CLK_CORE  Period = 2 ns  (500 MHz)
  Technology   : SAED 32nm RVT

  ┌────────────────────────────────────────────────────────────────┐
  │ Sub-Unit      WNS (ns)  TNS (ns)  #Viol   WHS (ns)  #HViol  │
  ├────────────────────────────────────────────────────────────────┤
  │ u_exc_det          1.117       0        0      0.112        0     │
  │ u_exc_pri          0.129       0        0      0.107        0     │
  │ u_exc_vec          0.052       0        0      0.085        0     │
  │ u_exc_flush          0.168       0        0      0.102        0     │
  ├────────────────────────────────────────────────────────────────┤
  │ EXCEPTION_HANDLER_TOP  1.117       0        0      0.112        0     │
  └────────────────────────────────────────────────────────────────┘

  Status : ALL PATHS CLEAN — No Setup or Hold Violations


=========================================================================
                   TIMING EXCEPTIONS APPLIED
=========================================================================

  set_false_path -from [get_ports SCAN_EN]      -to [all_registers]
  set_false_path -from [get_ports TEST_MODE]     -to [all_registers]
  set_multicycle_path 2 -setup -from [get_cells u_exc_det/*] -to [get_cells u_exc_flush/*]
  set_multicycle_path 1 -hold  -from [get_cells u_exc_det/*] -to [get_cells u_exc_flush/*]
  set_input_delay  0.400 -clock CLK_CORE -max [all_inputs]
  set_output_delay 0.350 -clock CLK_CORE -max [all_outputs]


=========================================================================
                   CLOCK DOMAIN SUMMARY
=========================================================================

  Clock    : CLK_CORE
  Period   : 2 ns
  Waveform : {0.000 1}
  Skew     : 0.023 ns  (max across EXCEPTION_HANDLER_TOP)
  Latency  : 0.144 ns  (max)


=========================================================================
                   CONSTRAINT COVERAGE
=========================================================================

  Total register endpoints   : 5119
  Constrained endpoints      : 3564
  Unconstrained endpoints    :      0
  Coverage                   :  100.0%


=========================================================================
                   TOOL / RUN INFORMATION
=========================================================================

  Tool         : Synopsys PrimeTime 2023.06-SP3
  Run Host     : sta-server-01
  Run Dir      : /proj/cpu_rtl/sta/COMMIT/EXCEPTION_HANDLER/run_ss_0p72v_0p72v_n40c
  SDC File     : /proj/cpu_rtl/constraints/EXCEPTION_HANDLER_TOP.sdc
  Netlist      : /proj/cpu_rtl/netlist/EXCEPTION_HANDLER_TOP.v.gz
  SPEF File    : /proj/cpu_rtl/spef/EXCEPTION_HANDLER_TOP.spef.gz
  Liberty      : saed32nm_rvt_ss_0p72v_0p72v_n40c.db
  Elapsed Time : 00:08:30
  Peak Memory  : 4.072 GB

=========================================================================
End of Report
=========================================================================
