****************************************
Report : timing
        -path_type full
        -delay_type max
        -max_paths 10
        -sort_by slack
Design : MC_TOP
Version: PrimeTime 2023.06-SP3
Date   : Sat Aug 15 17:34:54 2026
Corner : ss_0p72v_0p72v_125c
Note   : Worst-case Setup — Slow corner, high temp
****************************************

Operating Conditions : ss_0p72v_0p72v_125c (Library: saed32nm_rvt)
Wire Load Model Mode : Interconnect (StarRC Extracted)

  Startpoint : u_mc_sched/din_reg[0]
               (rising edge-triggered flip-flop clocked by CLK_UNCORE)
  Endpoint   : u_mc_phy/dout_reg[0]
               (rising edge-triggered flip-flop clocked by CLK_UNCORE)
  Path Group : CLK_UNCORE
  Path Type  : max

  Point                                                   Incr        Path
  -------------------------------------------------------------------------
  clock CLK_UNCORE (rise edge)                                  0.000       0.000
  clock network delay (propagated)                        0.133      0.133
  u_mc_sched/din_reg[0]/CK (DFFARX1_RVT)                        0.000       0.133 r
  u_mc_sched/din_reg[0]/Q  (DFFARX1_RVT)                        0.122       0.255 r
  u_mc_sched/U12/Y (INVX2_RVT)                                  0.047       0.302 f
  u_mc_sched/U34/Y (NAND2X1_RVT)                                0.088       0.39 r
  u_mc_ref/U07/Y (AOI22X1_RVT)                                0.085       0.475 f
  u_mc_ref/U19/Y (OAI21X1_RVT)                                0.084       0.559 r
  u_mc_trn/U03/Y (MUX21X1_RVT)                                0.06       0.619 r
  u_mc_trn/U11/Y (AND2X1_RVT)                                 0.083       0.702 f
  u_mc_trn/U22/Y (NOR2X1_RVT)                                 0.057       0.759 r
  u_mc_phy/U05/Y (BUFX4_RVT)                                  0.071       0.83 r
  u_mc_phy/dout_reg[0]/D (DFFARX1_RVT)                        0.073      0.903 f
  data arrival time                                                    0.903

  clock CLK_UNCORE (rise edge)                                  3.333     3.333
  clock network delay (propagated)                        0.133      3.466
  clock uncertainty                                      -0.05   3.416
  u_mc_phy/dout_reg[0]/CK (DFFARX1_RVT)                       0.000       3.416 r
  library setup time                                     -0.076   3.34
  data required time                                                   3.34
  -------------------------------------------------------------------------
  data required time                                                   3.34
  data arrival time                                                   -0.903
  -------------------------------------------------------------------------
  slack (MET)   2.437


=========================================================================
                   MC_TOP — TIMING SUMMARY
=========================================================================

  Block        : MC_TOP
  Corner       : ss_0p72v_0p72v_125c
  Check        : max  (Worst-case Setup — Slow corner, high temp)
  Clock        : CLK_UNCORE  Period = 3.333 ns  (300 MHz)
  Technology   : SAED 32nm RVT

  ┌────────────────────────────────────────────────────────────────┐
  │ Sub-Unit      WNS (ns)  TNS (ns)  #Viol   WHS (ns)  #HViol  │
  ├────────────────────────────────────────────────────────────────┤
  │ u_mc_sched          2.437       0        0      0.105        0     │
  │ u_mc_ref          0.068       0        0      0.097        0     │
  │ u_mc_trn          0.166       0        0      0.104        0     │
  │ u_mc_phy          0.092       0        0      0.108        0     │
  ├────────────────────────────────────────────────────────────────┤
  │ MC_TOP  2.437       0        0      0.105        0     │
  └────────────────────────────────────────────────────────────────┘

  Status : ALL PATHS CLEAN — No Setup or Hold Violations


=========================================================================
                   TIMING EXCEPTIONS APPLIED
=========================================================================

  set_false_path -from [get_ports SCAN_EN]      -to [all_registers]
  set_false_path -from [get_ports TEST_MODE]     -to [all_registers]
  set_multicycle_path 2 -setup -from [get_cells u_mc_sched/*] -to [get_cells u_mc_phy/*]
  set_multicycle_path 1 -hold  -from [get_cells u_mc_sched/*] -to [get_cells u_mc_phy/*]
  set_input_delay  0.400 -clock CLK_UNCORE -max [all_inputs]
  set_output_delay 0.350 -clock CLK_UNCORE -max [all_outputs]


=========================================================================
                   CLOCK DOMAIN SUMMARY
=========================================================================

  Clock    : CLK_UNCORE
  Period   : 3.333 ns
  Waveform : {0.000 1.666}
  Skew     : 0.024 ns  (max across MC_TOP)
  Latency  : 0.133 ns  (max)


=========================================================================
                   CONSTRAINT COVERAGE
=========================================================================

  Total register endpoints   : 4618
  Constrained endpoints      : 4066
  Unconstrained endpoints    :      0
  Coverage                   :  100.0%


=========================================================================
                   TOOL / RUN INFORMATION
=========================================================================

  Tool         : Synopsys PrimeTime 2023.06-SP3
  Run Host     : sta-server-01
  Run Dir      : /proj/cpu_rtl/sta/UNCORE/MEMORY_CONTROLLER/run_ss_0p72v_0p72v_125c
  SDC File     : /proj/cpu_rtl/constraints/MC_TOP.sdc
  Netlist      : /proj/cpu_rtl/netlist/MC_TOP.v.gz
  SPEF File    : /proj/cpu_rtl/spef/MC_TOP.spef.gz
  Liberty      : saed32nm_rvt_ss_0p72v_0p72v_125c.db
  Elapsed Time : 00:03:33
  Peak Memory  : 4.656 GB

=========================================================================
End of Report
=========================================================================
