****************************************
Report : timing
        -path_type full
        -delay_type max
        -max_paths 10
        -sort_by slack
Design : MC_TOP
Version: PrimeTime 2023.06-SP3
Date   : Sat Aug 15 17:34:54 2026
Corner : tt_0p90v_0p90v_25c
Note   : Clock Gating Check — Nominal corner
****************************************

Operating Conditions : tt_0p90v_0p90v_25c (Library: saed32nm_rvt)
Wire Load Model Mode : Interconnect (StarRC Extracted)

  Startpoint : u_mc_sched/din_reg[0]
               (rising edge-triggered flip-flop clocked by CLK_UNCORE)
  Endpoint   : u_mc_phy/dout_reg[0]
               (rising edge-triggered flip-flop clocked by CLK_UNCORE)
  Path Group : CLK_UNCORE
  Path Type  : max

  Point                                                   Incr        Path
  -------------------------------------------------------------------------
  clock CLK_UNCORE (rise edge)                                  0.000       0.000
  clock network delay (propagated)                        0.164      0.164
  u_mc_sched/din_reg[0]/CK (DFFARX1_RVT)                        0.000       0.164 r
  u_mc_sched/din_reg[0]/Q  (DFFARX1_RVT)                        0.115       0.279 r
  u_mc_sched/U12/Y (INVX2_RVT)                                  0.033       0.312 f
  u_mc_sched/U34/Y (NAND2X1_RVT)                                0.091       0.403 r
  u_mc_ref/U07/Y (AOI22X1_RVT)                                0.102       0.505 f
  u_mc_ref/U19/Y (OAI21X1_RVT)                                0.104       0.609 r
  u_mc_trn/U03/Y (MUX21X1_RVT)                                0.074       0.683 r
  u_mc_trn/U11/Y (AND2X1_RVT)                                 0.065       0.748 f
  u_mc_trn/U22/Y (NOR2X1_RVT)                                 0.067       0.815 r
  u_mc_phy/U05/Y (BUFX4_RVT)                                  0.086       0.901 r
  u_mc_phy/dout_reg[0]/D (DFFARX1_RVT)                        0.065      0.966 f
  data arrival time                                                    0.966

  clock CLK_UNCORE (rise edge)                                  3.333     3.333
  clock network delay (propagated)                        0.164      3.497
  clock uncertainty                                      -0.05   3.447
  u_mc_phy/dout_reg[0]/CK (DFFARX1_RVT)                       0.000       3.447 r
  library setup time                                     -0.079   3.368
  data required time                                                   3.368
  -------------------------------------------------------------------------
  data required time                                                   3.368
  data arrival time                                                   -0.966
  -------------------------------------------------------------------------
  slack (MET)   2.402


=========================================================================
                   MC_TOP — TIMING SUMMARY
=========================================================================

  Block        : MC_TOP
  Corner       : tt_0p90v_0p90v_25c
  Check        : max  (Clock Gating Check — Nominal corner)
  Clock        : CLK_UNCORE  Period = 3.333 ns  (300 MHz)
  Technology   : SAED 32nm RVT

  ┌────────────────────────────────────────────────────────────────┐
  │ Sub-Unit      WNS (ns)  TNS (ns)  #Viol   WHS (ns)  #HViol  │
  ├────────────────────────────────────────────────────────────────┤
  │ u_mc_sched          2.402       0        0      0.093        0     │
  │ u_mc_ref          0.085       0        0      0.088        0     │
  │ u_mc_trn          0.071       0        0      0.123        0     │
  │ u_mc_phy          0.168       0        0      0.102        0     │
  ├────────────────────────────────────────────────────────────────┤
  │ MC_TOP  2.402       0        0      0.093        0     │
  └────────────────────────────────────────────────────────────────┘

  Status : ALL PATHS CLEAN — No Setup or Hold Violations


=========================================================================
                   TIMING EXCEPTIONS APPLIED
=========================================================================

  set_false_path -from [get_ports SCAN_EN]      -to [all_registers]
  set_false_path -from [get_ports TEST_MODE]     -to [all_registers]
  set_multicycle_path 2 -setup -from [get_cells u_mc_sched/*] -to [get_cells u_mc_phy/*]
  set_multicycle_path 1 -hold  -from [get_cells u_mc_sched/*] -to [get_cells u_mc_phy/*]
  set_input_delay  0.400 -clock CLK_UNCORE -max [all_inputs]
  set_output_delay 0.350 -clock CLK_UNCORE -max [all_outputs]


=========================================================================
                   CLOCK DOMAIN SUMMARY
=========================================================================

  Clock    : CLK_UNCORE
  Period   : 3.333 ns
  Waveform : {0.000 1.666}
  Skew     : 0.021 ns  (max across MC_TOP)
  Latency  : 0.164 ns  (max)


=========================================================================
                   CONSTRAINT COVERAGE
=========================================================================

  Total register endpoints   : 3952
  Constrained endpoints      : 4832
  Unconstrained endpoints    :      0
  Coverage                   :  100.0%


=========================================================================
                   TOOL / RUN INFORMATION
=========================================================================

  Tool         : Synopsys PrimeTime 2023.06-SP3
  Run Host     : sta-server-01
  Run Dir      : /proj/cpu_rtl/sta/UNCORE/MEMORY_CONTROLLER/run_tt_0p90v_0p90v_25c
  SDC File     : /proj/cpu_rtl/constraints/MC_TOP.sdc
  Netlist      : /proj/cpu_rtl/netlist/MC_TOP.v.gz
  SPEF File    : /proj/cpu_rtl/spef/MC_TOP.spef.gz
  Liberty      : saed32nm_rvt_tt_0p90v_0p90v_25c.db
  Elapsed Time : 00:07:44
  Peak Memory  : 3.524 GB

=========================================================================
End of Report
=========================================================================
