****************************************
Report : timing
        -path_type full
        -delay_type max
        -max_paths 10
        -sort_by slack
Design : MC_TOP
Version: PrimeTime 2023.06-SP3
Date   : Sat Aug 15 17:34:54 2026
Corner : ss_0p72v_0p72v_125c
Note   : Recovery/Removal Check — Async reset paths
****************************************

Operating Conditions : ss_0p72v_0p72v_125c (Library: saed32nm_rvt)
Wire Load Model Mode : Interconnect (StarRC Extracted)

  Startpoint : u_mc_sched/din_reg[0]
               (rising edge-triggered flip-flop clocked by CLK_UNCORE)
  Endpoint   : u_mc_phy/dout_reg[0]
               (rising edge-triggered flip-flop clocked by CLK_UNCORE)
  Path Group : CLK_UNCORE
  Path Type  : max

  Point                                                   Incr        Path
  -------------------------------------------------------------------------
  clock CLK_UNCORE (rise edge)                                  0.000       0.000
  clock network delay (propagated)                        0.147      0.147
  u_mc_sched/din_reg[0]/CK (DFFARX1_RVT)                        0.000       0.147 r
  u_mc_sched/din_reg[0]/Q  (DFFARX1_RVT)                        0.119       0.266 r
  u_mc_sched/U12/Y (INVX2_RVT)                                  0.058       0.324 f
  u_mc_sched/U34/Y (NAND2X1_RVT)                                0.086       0.41 r
  u_mc_ref/U07/Y (AOI22X1_RVT)                                0.099       0.509 f
  u_mc_ref/U19/Y (OAI21X1_RVT)                                0.099       0.608 r
  u_mc_trn/U03/Y (MUX21X1_RVT)                                0.091       0.699 r
  u_mc_trn/U11/Y (AND2X1_RVT)                                 0.063       0.762 f
  u_mc_trn/U22/Y (NOR2X1_RVT)                                 0.038       0.8 r
  u_mc_phy/U05/Y (BUFX4_RVT)                                  0.074       0.874 r
  u_mc_phy/dout_reg[0]/D (DFFARX1_RVT)                        0.076      0.95 f
  data arrival time                                                    0.95

  clock CLK_UNCORE (rise edge)                                  3.333     3.333
  clock network delay (propagated)                        0.147      3.48
  clock uncertainty                                      -0.05   3.43
  u_mc_phy/dout_reg[0]/CK (DFFARX1_RVT)                       0.000       3.43 r
  library setup time                                     -0.085   3.345
  data required time                                                   3.345
  -------------------------------------------------------------------------
  data required time                                                   3.345
  data arrival time                                                   -0.95
  -------------------------------------------------------------------------
  slack (MET)   2.395


=========================================================================
                   MC_TOP — TIMING SUMMARY
=========================================================================

  Block        : MC_TOP
  Corner       : ss_0p72v_0p72v_125c
  Check        : max  (Recovery/Removal Check — Async reset paths)
  Clock        : CLK_UNCORE  Period = 3.333 ns  (300 MHz)
  Technology   : SAED 32nm RVT

  ┌────────────────────────────────────────────────────────────────┐
  │ Sub-Unit      WNS (ns)  TNS (ns)  #Viol   WHS (ns)  #HViol  │
  ├────────────────────────────────────────────────────────────────┤
  │ u_mc_sched          2.395       0        0      0.109        0     │
  │ u_mc_ref          0.076       0        0      0.076        0     │
  │ u_mc_trn          0.08       0        0      0.124        0     │
  │ u_mc_phy          0.111       0        0      0.12        0     │
  ├────────────────────────────────────────────────────────────────┤
  │ MC_TOP  2.395       0        0      0.109        0     │
  └────────────────────────────────────────────────────────────────┘

  Status : ALL PATHS CLEAN — No Setup or Hold Violations


=========================================================================
                   TIMING EXCEPTIONS APPLIED
=========================================================================

  set_false_path -from [get_ports SCAN_EN]      -to [all_registers]
  set_false_path -from [get_ports TEST_MODE]     -to [all_registers]
  set_multicycle_path 2 -setup -from [get_cells u_mc_sched/*] -to [get_cells u_mc_phy/*]
  set_multicycle_path 1 -hold  -from [get_cells u_mc_sched/*] -to [get_cells u_mc_phy/*]
  set_input_delay  0.400 -clock CLK_UNCORE -max [all_inputs]
  set_output_delay 0.350 -clock CLK_UNCORE -max [all_outputs]


=========================================================================
                   CLOCK DOMAIN SUMMARY
=========================================================================

  Clock    : CLK_UNCORE
  Period   : 3.333 ns
  Waveform : {0.000 1.666}
  Skew     : 0.019 ns  (max across MC_TOP)
  Latency  : 0.147 ns  (max)


=========================================================================
                   CONSTRAINT COVERAGE
=========================================================================

  Total register endpoints   : 2848
  Constrained endpoints      : 2439
  Unconstrained endpoints    :      0
  Coverage                   :  100.0%


=========================================================================
                   TOOL / RUN INFORMATION
=========================================================================

  Tool         : Synopsys PrimeTime 2023.06-SP3
  Run Host     : sta-server-01
  Run Dir      : /proj/cpu_rtl/sta/UNCORE/MEMORY_CONTROLLER/run_ss_0p72v_0p72v_125c
  SDC File     : /proj/cpu_rtl/constraints/MC_TOP.sdc
  Netlist      : /proj/cpu_rtl/netlist/MC_TOP.v.gz
  SPEF File    : /proj/cpu_rtl/spef/MC_TOP.spef.gz
  Liberty      : saed32nm_rvt_ss_0p72v_0p72v_125c.db
  Elapsed Time : 00:08:46
  Peak Memory  : 1.474 GB

=========================================================================
End of Report
=========================================================================
