****************************************
Report : timing
        -path_type full
        -delay_type min
        -max_paths 10
        -sort_by slack
Design : MC_TOP
Version: PrimeTime 2023.06-SP3
Date   : Sat Aug 15 18:20:45 2026
Corner : tt_0p90v_0p90v_85c
Note   : Hold check — Typical corner, 85 deg C
****************************************

Operating Conditions : tt_0p90v_0p90v_85c (Library: saed32nm_rvt)
Wire Load Model Mode : Interconnect (StarRC Extracted)

  Startpoint : u_mc_sched/din_reg[0]
               (rising edge-triggered flip-flop clocked by CLK_UNCORE)
  Endpoint   : u_mc_phy/dout_reg[0]
               (rising edge-triggered flip-flop clocked by CLK_UNCORE)
  Path Group : CLK_UNCORE
  Path Type  : min

  Point                                                   Incr        Path
  -------------------------------------------------------------------------
  clock CLK_UNCORE (rise edge)                                  0.000       0.000
  clock network delay (propagated)                        0.158      0.158
  u_mc_sched/din_reg[0]/CK (DFFARX1_RVT)                        0.000       0.158 r
  u_mc_sched/din_reg[0]/Q  (DFFARX1_RVT)                        0.131         0.289 r
  u_mc_sched/U12/Y (INVX2_RVT)                                  0.034         0.323 f
  u_mc_sched/U34/Y (NAND2X1_RVT)                                0.055         0.378 r
  u_mc_ref/U07/Y (AOI22X1_RVT)                                0.088         0.466 f
  u_mc_ref/U19/Y (OAI21X1_RVT)                                0.108         0.574 r
  u_mc_trn/U03/Y (MUX21X1_RVT)                                0.084         0.658 r
  u_mc_trn/U11/Y (AND2X1_RVT)                                 0.055         0.713 f
  u_mc_trn/U22/Y (NOR2X1_RVT)                                 0.045         0.758 r
  u_mc_phy/U05/Y (BUFX4_RVT)                                  0.084         0.842 r
  u_mc_phy/dout_reg[0]/D (DFFARX1_RVT)                        0.064        0.906 f
  data arrival time                                                    0.906

  clock CLK_UNCORE (rise edge)                                  3.333     3.333
  clock network delay (propagated)                        0.158      3.491
  clock uncertainty                                      -0.05   3.441
  u_mc_phy/dout_reg[0]/CK (DFFARX1_RVT)                       0.000       3.441 r
  library setup time                                     -0.071   3.37
  data required time                                                   3.37
  -------------------------------------------------------------------------
  data required time                                                   3.37
  data arrival time                                                   -0.906
  -------------------------------------------------------------------------
  slack (MET)      2.464


=========================================================================
                   MC_TOP -- TIMING SUMMARY
=========================================================================

  Block        : MC_TOP
  Corner       : tt_0p90v_0p90v_85c
  Check        : min  (Hold check — Typical corner, 85 deg C)
  Clock        : CLK_UNCORE  Period = 3.333 ns  (300 MHz)
  Technology   : SAED 32nm RVT

  +------------------------------------------------------------------+
  | Sub-Unit          WNS (ns)  TNS (ns)  #Viol   WHS (ns)  #HViol  |
  +------------------------------------------------------------------+
  | u_mc_sched          2.464       0.000       0      0.071        0     |
  | u_mc_ref          0.08       0.000       0      0.071        0     |
  | u_mc_trn          0.184       0.000       0      0.128        0     |
  | u_mc_phy          0.138       0.000       0      0.043        0     |
  +------------------------------------------------------------------+
  | MC_TOP   2.464       0.000       0      0.071        0     |
  +------------------------------------------------------------------+

  Status : ALL PATHS CLEAN -- No Setup or Hold Violations


=========================================================================
                   TIMING EXCEPTIONS APPLIED
=========================================================================

  set_false_path -from [get_ports SCAN_EN]      -to [all_registers]
  set_false_path -from [get_ports TEST_MODE]     -to [all_registers]
  set_multicycle_path 2 -setup -from [get_cells u_mc_sched/*] -to [get_cells u_mc_phy/*]
  set_multicycle_path 1 -hold  -from [get_cells u_mc_sched/*] -to [get_cells u_mc_phy/*]
  set_input_delay  0.400 -clock CLK_UNCORE -max [all_inputs]
  set_output_delay 0.350 -clock CLK_UNCORE -max [all_outputs]


=========================================================================
                   CLOCK DOMAIN SUMMARY
=========================================================================

  Clock    : CLK_UNCORE
  Period   : 3.333 ns
  Waveform : {0.000 1.666}
  Skew     : 0.016 ns  (max across MC_TOP)
  Latency  : 0.158 ns  (max)


=========================================================================
                   CONSTRAINT COVERAGE
=========================================================================

  Total register endpoints   : 1172
  Constrained endpoints      : 6012
  Unconstrained endpoints    :      0
  Coverage                   :  100.0%


=========================================================================
                   TOOL / RUN INFORMATION
=========================================================================

  Tool         : Synopsys PrimeTime 2023.06-SP3
  Run Host     : sta-server-01
  Run Dir      : /proj/cpu_rtl/sta/UNCORE/MEMORY_CONTROLLER/run_tt_0p90v_0p90v_85c
  SDC File     : /proj/cpu_rtl/constraints/MC_TOP.sdc
  Netlist      : /proj/cpu_rtl/netlist/MC_TOP.v.gz
  SPEF File    : /proj/cpu_rtl/spef/MC_TOP.spef.gz
  Liberty      : saed32nm_rvt_tt_0p90v_0p90v_85c.db
  Elapsed Time : 00:01:18
  Peak Memory  : 2.557 GB

=========================================================================
End of Report
=========================================================================
