****************************************
Report : timing
        -path_type full
        -delay_type max
        -max_paths 10
        -sort_by slack
Design : MC_TOP
Version: PrimeTime 2023.06-SP3
Date   : Sat Aug 15 18:20:45 2026
Corner : ss_0p72v_0p72v_125c
Note   : Clock Gating check — Slow worst corner
****************************************

Operating Conditions : ss_0p72v_0p72v_125c (Library: saed32nm_rvt)
Wire Load Model Mode : Interconnect (StarRC Extracted)

  Startpoint : u_mc_sched/din_reg[0]
               (rising edge-triggered flip-flop clocked by CLK_UNCORE)
  Endpoint   : u_mc_phy/dout_reg[0]
               (rising edge-triggered flip-flop clocked by CLK_UNCORE)
  Path Group : CLK_UNCORE
  Path Type  : max

  Point                                                   Incr        Path
  -------------------------------------------------------------------------
  clock CLK_UNCORE (rise edge)                                  0.000       0.000
  clock network delay (propagated)                        0.134      0.134
  u_mc_sched/din_reg[0]/CK (DFFARX1_RVT)                        0.000       0.134 r
  u_mc_sched/din_reg[0]/Q  (DFFARX1_RVT)                        0.14         0.274 r
  u_mc_sched/U12/Y (INVX2_RVT)                                  0.036         0.31 f
  u_mc_sched/U34/Y (NAND2X1_RVT)                                0.077         0.387 r
  u_mc_ref/U07/Y (AOI22X1_RVT)                                0.099         0.486 f
  u_mc_ref/U19/Y (OAI21X1_RVT)                                0.1         0.586 r
  u_mc_trn/U03/Y (MUX21X1_RVT)                                0.096         0.682 r
  u_mc_trn/U11/Y (AND2X1_RVT)                                 0.061         0.743 f
  u_mc_trn/U22/Y (NOR2X1_RVT)                                 0.053         0.796 r
  u_mc_phy/U05/Y (BUFX4_RVT)                                  0.088         0.884 r
  u_mc_phy/dout_reg[0]/D (DFFARX1_RVT)                        0.057        0.941 f
  data arrival time                                                    0.941

  clock CLK_UNCORE (rise edge)                                  3.333     3.333
  clock network delay (propagated)                        0.134      3.467
  clock uncertainty                                      -0.05   3.417
  u_mc_phy/dout_reg[0]/CK (DFFARX1_RVT)                       0.000       3.417 r
  library setup time                                     -0.077   3.34
  data required time                                                   3.34
  -------------------------------------------------------------------------
  data required time                                                   3.34
  data arrival time                                                   -0.941
  -------------------------------------------------------------------------
  slack (MET)      2.399


=========================================================================
                   MC_TOP -- TIMING SUMMARY
=========================================================================

  Block        : MC_TOP
  Corner       : ss_0p72v_0p72v_125c
  Check        : max  (Clock Gating check — Slow worst corner)
  Clock        : CLK_UNCORE  Period = 3.333 ns  (300 MHz)
  Technology   : SAED 32nm RVT

  +------------------------------------------------------------------+
  | Sub-Unit          WNS (ns)  TNS (ns)  #Viol   WHS (ns)  #HViol  |
  +------------------------------------------------------------------+
  | u_mc_sched          2.399       0.000       0      0.068        0     |
  | u_mc_ref          0.082       0.000       0      0.092        0     |
  | u_mc_trn          0.247       0.000       0      0.1        0     |
  | u_mc_phy          0.192       0.000       0      0.117        0     |
  +------------------------------------------------------------------+
  | MC_TOP   2.399       0.000       0      0.068        0     |
  +------------------------------------------------------------------+

  Status : ALL PATHS CLEAN -- No Setup or Hold Violations


=========================================================================
                   TIMING EXCEPTIONS APPLIED
=========================================================================

  set_false_path -from [get_ports SCAN_EN]      -to [all_registers]
  set_false_path -from [get_ports TEST_MODE]     -to [all_registers]
  set_multicycle_path 2 -setup -from [get_cells u_mc_sched/*] -to [get_cells u_mc_phy/*]
  set_multicycle_path 1 -hold  -from [get_cells u_mc_sched/*] -to [get_cells u_mc_phy/*]
  set_input_delay  0.400 -clock CLK_UNCORE -max [all_inputs]
  set_output_delay 0.350 -clock CLK_UNCORE -max [all_outputs]


=========================================================================
                   CLOCK DOMAIN SUMMARY
=========================================================================

  Clock    : CLK_UNCORE
  Period   : 3.333 ns
  Waveform : {0.000 1.666}
  Skew     : 0.022 ns  (max across MC_TOP)
  Latency  : 0.134 ns  (max)


=========================================================================
                   CONSTRAINT COVERAGE
=========================================================================

  Total register endpoints   : 4531
  Constrained endpoints      : 2501
  Unconstrained endpoints    :      0
  Coverage                   :  100.0%


=========================================================================
                   TOOL / RUN INFORMATION
=========================================================================

  Tool         : Synopsys PrimeTime 2023.06-SP3
  Run Host     : sta-server-01
  Run Dir      : /proj/cpu_rtl/sta/UNCORE/MEMORY_CONTROLLER/run_ss_0p72v_0p72v_125c
  SDC File     : /proj/cpu_rtl/constraints/MC_TOP.sdc
  Netlist      : /proj/cpu_rtl/netlist/MC_TOP.v.gz
  SPEF File    : /proj/cpu_rtl/spef/MC_TOP.spef.gz
  Liberty      : saed32nm_rvt_ss_0p72v_0p72v_125c.db
  Elapsed Time : 00:04:39
  Peak Memory  : 4.629 GB

=========================================================================
End of Report
=========================================================================
