****************************************
Report : timing
        -path_type full
        -delay_type max
        -max_paths 10
        -sort_by slack
Design : MC_TOP
Version: PrimeTime 2023.06-SP3
Date   : Sat Aug 15 18:20:45 2026
Corner : ss_0p72v_0p72v_125c
Note   : Multicycle 2-cycle — Worst-case corner
****************************************

Operating Conditions : ss_0p72v_0p72v_125c (Library: saed32nm_rvt)
Wire Load Model Mode : Interconnect (StarRC Extracted)

  Startpoint : u_mc_sched/din_reg[0]
               (rising edge-triggered flip-flop clocked by CLK_UNCORE)
  Endpoint   : u_mc_phy/dout_reg[0]
               (rising edge-triggered flip-flop clocked by CLK_UNCORE)
  Path Group : CLK_UNCORE
  Path Type  : max

  Point                                                   Incr        Path
  -------------------------------------------------------------------------
  clock CLK_UNCORE (rise edge)                                  0.000       0.000
  clock network delay (propagated)                        0.141      0.141
  u_mc_sched/din_reg[0]/CK (DFFARX1_RVT)                        0.000       0.141 r
  u_mc_sched/din_reg[0]/Q  (DFFARX1_RVT)                        0.138         0.279 r
  u_mc_sched/U12/Y (INVX2_RVT)                                  0.057         0.336 f
  u_mc_sched/U34/Y (NAND2X1_RVT)                                0.079         0.415 r
  u_mc_ref/U07/Y (AOI22X1_RVT)                                0.082         0.497 f
  u_mc_ref/U19/Y (OAI21X1_RVT)                                0.114         0.611 r
  u_mc_trn/U03/Y (MUX21X1_RVT)                                0.098         0.709 r
  u_mc_trn/U11/Y (AND2X1_RVT)                                 0.076         0.785 f
  u_mc_trn/U22/Y (NOR2X1_RVT)                                 0.052         0.837 r
  u_mc_phy/U05/Y (BUFX4_RVT)                                  0.058         0.895 r
  u_mc_phy/dout_reg[0]/D (DFFARX1_RVT)                        0.056        0.951 f
  data arrival time                                                    0.951

  clock CLK_UNCORE (rise edge)                                  3.333     3.333
  clock network delay (propagated)                        0.141      3.474
  clock uncertainty                                      -0.05   3.424
  u_mc_phy/dout_reg[0]/CK (DFFARX1_RVT)                       0.000       3.424 r
  library setup time                                     -0.071   3.353
  data required time                                                   3.353
  -------------------------------------------------------------------------
  data required time                                                   3.353
  data arrival time                                                   -0.951
  -------------------------------------------------------------------------
  slack (MET)      2.402


=========================================================================
                   MC_TOP -- TIMING SUMMARY
=========================================================================

  Block        : MC_TOP
  Corner       : ss_0p72v_0p72v_125c
  Check        : max  (Multicycle 2-cycle — Worst-case corner)
  Clock        : CLK_UNCORE  Period = 3.333 ns  (300 MHz)
  Technology   : SAED 32nm RVT

  +------------------------------------------------------------------+
  | Sub-Unit          WNS (ns)  TNS (ns)  #Viol   WHS (ns)  #HViol  |
  +------------------------------------------------------------------+
  | u_mc_sched          2.402       0.000       0      0.1        0     |
  | u_mc_ref          0.149       0.000       0      0.113        0     |
  | u_mc_trn          0.168       0.000       0      0.086        0     |
  | u_mc_phy          0.162       0.000       0      0.049        0     |
  +------------------------------------------------------------------+
  | MC_TOP   2.402       0.000       0      0.1        0     |
  +------------------------------------------------------------------+

  Status : ALL PATHS CLEAN -- No Setup or Hold Violations


=========================================================================
                   TIMING EXCEPTIONS APPLIED
=========================================================================

  set_false_path -from [get_ports SCAN_EN]      -to [all_registers]
  set_false_path -from [get_ports TEST_MODE]     -to [all_registers]
  set_multicycle_path 2 -setup -from [get_cells u_mc_sched/*] -to [get_cells u_mc_phy/*]
  set_multicycle_path 1 -hold  -from [get_cells u_mc_sched/*] -to [get_cells u_mc_phy/*]
  set_input_delay  0.400 -clock CLK_UNCORE -max [all_inputs]
  set_output_delay 0.350 -clock CLK_UNCORE -max [all_outputs]


=========================================================================
                   CLOCK DOMAIN SUMMARY
=========================================================================

  Clock    : CLK_UNCORE
  Period   : 3.333 ns
  Waveform : {0.000 1.666}
  Skew     : 0.017 ns  (max across MC_TOP)
  Latency  : 0.141 ns  (max)


=========================================================================
                   CONSTRAINT COVERAGE
=========================================================================

  Total register endpoints   : 2719
  Constrained endpoints      : 5860
  Unconstrained endpoints    :      0
  Coverage                   :  100.0%


=========================================================================
                   TOOL / RUN INFORMATION
=========================================================================

  Tool         : Synopsys PrimeTime 2023.06-SP3
  Run Host     : sta-server-01
  Run Dir      : /proj/cpu_rtl/sta/UNCORE/MEMORY_CONTROLLER/run_ss_0p72v_0p72v_125c
  SDC File     : /proj/cpu_rtl/constraints/MC_TOP.sdc
  Netlist      : /proj/cpu_rtl/netlist/MC_TOP.v.gz
  SPEF File    : /proj/cpu_rtl/spef/MC_TOP.spef.gz
  Liberty      : saed32nm_rvt_ss_0p72v_0p72v_125c.db
  Elapsed Time : 00:04:37
  Peak Memory  : 4.997 GB

=========================================================================
End of Report
=========================================================================
