****************************************
Report : timing
        -path_type full
        -delay_type max
        -max_paths 10
        -sort_by slack
Design : MC_TOP
Version: PrimeTime 2023.06-SP3
Date   : Sat Aug 15 18:20:45 2026
Corner : tt_0p90v_0p90v_25c
Note   : Setup post-ECO sign-off — Nominal corner
****************************************

Operating Conditions : tt_0p90v_0p90v_25c (Library: saed32nm_rvt)
Wire Load Model Mode : Interconnect (StarRC Extracted)

  Startpoint : u_mc_sched/din_reg[0]
               (rising edge-triggered flip-flop clocked by CLK_UNCORE)
  Endpoint   : u_mc_phy/dout_reg[0]
               (rising edge-triggered flip-flop clocked by CLK_UNCORE)
  Path Group : CLK_UNCORE
  Path Type  : max

  Point                                                   Incr        Path
  -------------------------------------------------------------------------
  clock CLK_UNCORE (rise edge)                                  0.000       0.000
  clock network delay (propagated)                        0.136      0.136
  u_mc_sched/din_reg[0]/CK (DFFARX1_RVT)                        0.000       0.136 r
  u_mc_sched/din_reg[0]/Q  (DFFARX1_RVT)                        0.14         0.276 r
  u_mc_sched/U12/Y (INVX2_RVT)                                  0.032         0.308 f
  u_mc_sched/U34/Y (NAND2X1_RVT)                                0.059         0.367 r
  u_mc_ref/U07/Y (AOI22X1_RVT)                                0.083         0.45 f
  u_mc_ref/U19/Y (OAI21X1_RVT)                                0.082         0.532 r
  u_mc_trn/U03/Y (MUX21X1_RVT)                                0.082         0.614 r
  u_mc_trn/U11/Y (AND2X1_RVT)                                 0.082         0.696 f
  u_mc_trn/U22/Y (NOR2X1_RVT)                                 0.064         0.76 r
  u_mc_phy/U05/Y (BUFX4_RVT)                                  0.076         0.836 r
  u_mc_phy/dout_reg[0]/D (DFFARX1_RVT)                        0.074        0.91 f
  data arrival time                                                    0.91

  clock CLK_UNCORE (rise edge)                                  3.333     3.333
  clock network delay (propagated)                        0.136      3.469
  clock uncertainty                                      -0.05   3.419
  u_mc_phy/dout_reg[0]/CK (DFFARX1_RVT)                       0.000       3.419 r
  library setup time                                     -0.085   3.334
  data required time                                                   3.334
  -------------------------------------------------------------------------
  data required time                                                   3.334
  data arrival time                                                   -0.91
  -------------------------------------------------------------------------
  slack (MET)      2.424


=========================================================================
                   MC_TOP -- TIMING SUMMARY
=========================================================================

  Block        : MC_TOP
  Corner       : tt_0p90v_0p90v_25c
  Check        : max  (Setup post-ECO sign-off — Nominal corner)
  Clock        : CLK_UNCORE  Period = 3.333 ns  (300 MHz)
  Technology   : SAED 32nm RVT

  +------------------------------------------------------------------+
  | Sub-Unit          WNS (ns)  TNS (ns)  #Viol   WHS (ns)  #HViol  |
  +------------------------------------------------------------------+
  | u_mc_sched          2.424       0.000       0      0.069        0     |
  | u_mc_ref          0.156       0.000       0      0.098        0     |
  | u_mc_trn          0.192       0.000       0      0.047        0     |
  | u_mc_phy          0.174       0.000       0      0.118        0     |
  +------------------------------------------------------------------+
  | MC_TOP   2.424       0.000       0      0.069        0     |
  +------------------------------------------------------------------+

  Status : ALL PATHS CLEAN -- No Setup or Hold Violations


=========================================================================
                   TIMING EXCEPTIONS APPLIED
=========================================================================

  set_false_path -from [get_ports SCAN_EN]      -to [all_registers]
  set_false_path -from [get_ports TEST_MODE]     -to [all_registers]
  set_multicycle_path 2 -setup -from [get_cells u_mc_sched/*] -to [get_cells u_mc_phy/*]
  set_multicycle_path 1 -hold  -from [get_cells u_mc_sched/*] -to [get_cells u_mc_phy/*]
  set_input_delay  0.400 -clock CLK_UNCORE -max [all_inputs]
  set_output_delay 0.350 -clock CLK_UNCORE -max [all_outputs]


=========================================================================
                   CLOCK DOMAIN SUMMARY
=========================================================================

  Clock    : CLK_UNCORE
  Period   : 3.333 ns
  Waveform : {0.000 1.666}
  Skew     : 0.019 ns  (max across MC_TOP)
  Latency  : 0.136 ns  (max)


=========================================================================
                   CONSTRAINT COVERAGE
=========================================================================

  Total register endpoints   : 2417
  Constrained endpoints      : 3633
  Unconstrained endpoints    :      0
  Coverage                   :  100.0%


=========================================================================
                   TOOL / RUN INFORMATION
=========================================================================

  Tool         : Synopsys PrimeTime 2023.06-SP3
  Run Host     : sta-server-01
  Run Dir      : /proj/cpu_rtl/sta/UNCORE/MEMORY_CONTROLLER/run_tt_0p90v_0p90v_25c
  SDC File     : /proj/cpu_rtl/constraints/MC_TOP.sdc
  Netlist      : /proj/cpu_rtl/netlist/MC_TOP.v.gz
  SPEF File    : /proj/cpu_rtl/spef/MC_TOP.spef.gz
  Liberty      : saed32nm_rvt_tt_0p90v_0p90v_25c.db
  Elapsed Time : 00:04:45
  Peak Memory  : 3.059 GB

=========================================================================
End of Report
=========================================================================
