****************************************
Report : timing
        -path_type full
        -delay_type min
        -max_paths 10
        -sort_by slack
Design : MC_TOP
Version: PrimeTime 2023.06-SP3
Date   : Sat Aug 15 18:20:45 2026
Corner : ff_1p16v_1p16v_n40c
Note   : Final tapeout sign-off hold — Fast cold
****************************************

Operating Conditions : ff_1p16v_1p16v_n40c (Library: saed32nm_rvt)
Wire Load Model Mode : Interconnect (StarRC Extracted)

  Startpoint : u_mc_sched/din_reg[0]
               (rising edge-triggered flip-flop clocked by CLK_UNCORE)
  Endpoint   : u_mc_phy/dout_reg[0]
               (rising edge-triggered flip-flop clocked by CLK_UNCORE)
  Path Group : CLK_UNCORE
  Path Type  : min

  Point                                                   Incr        Path
  -------------------------------------------------------------------------
  clock CLK_UNCORE (rise edge)                                  0.000       0.000
  clock network delay (propagated)                        0.13      0.13
  u_mc_sched/din_reg[0]/CK (DFFARX1_RVT)                        0.000       0.13 r
  u_mc_sched/din_reg[0]/Q  (DFFARX1_RVT)                        0.142         0.272 r
  u_mc_sched/U12/Y (INVX2_RVT)                                  0.041         0.313 f
  u_mc_sched/U34/Y (NAND2X1_RVT)                                0.087         0.4 r
  u_mc_ref/U07/Y (AOI22X1_RVT)                                0.107         0.507 f
  u_mc_ref/U19/Y (OAI21X1_RVT)                                0.102         0.609 r
  u_mc_trn/U03/Y (MUX21X1_RVT)                                0.085         0.694 r
  u_mc_trn/U11/Y (AND2X1_RVT)                                 0.046         0.74 f
  u_mc_trn/U22/Y (NOR2X1_RVT)                                 0.051         0.791 r
  u_mc_phy/U05/Y (BUFX4_RVT)                                  0.077         0.868 r
  u_mc_phy/dout_reg[0]/D (DFFARX1_RVT)                        0.052        0.92 f
  data arrival time                                                    0.92

  clock CLK_UNCORE (rise edge)                                  3.333     3.333
  clock network delay (propagated)                        0.13      3.463
  clock uncertainty                                      -0.05   3.413
  u_mc_phy/dout_reg[0]/CK (DFFARX1_RVT)                       0.000       3.413 r
  library setup time                                     -0.065   3.348
  data required time                                                   3.348
  -------------------------------------------------------------------------
  data required time                                                   3.348
  data arrival time                                                   -0.92
  -------------------------------------------------------------------------
  slack (MET)      2.428


=========================================================================
                   MC_TOP -- TIMING SUMMARY
=========================================================================

  Block        : MC_TOP
  Corner       : ff_1p16v_1p16v_n40c
  Check        : min  (Final tapeout sign-off hold — Fast cold)
  Clock        : CLK_UNCORE  Period = 3.333 ns  (300 MHz)
  Technology   : SAED 32nm RVT

  +------------------------------------------------------------------+
  | Sub-Unit          WNS (ns)  TNS (ns)  #Viol   WHS (ns)  #HViol  |
  +------------------------------------------------------------------+
  | u_mc_sched          2.428       0.000       0      0.101        0     |
  | u_mc_ref          0.179       0.000       0      0.107        0     |
  | u_mc_trn          0.212       0.000       0      0.078        0     |
  | u_mc_phy          0.063       0.000       0      0.117        0     |
  +------------------------------------------------------------------+
  | MC_TOP   2.428       0.000       0      0.101        0     |
  +------------------------------------------------------------------+

  Status : ALL PATHS CLEAN -- No Setup or Hold Violations


=========================================================================
                   TIMING EXCEPTIONS APPLIED
=========================================================================

  set_false_path -from [get_ports SCAN_EN]      -to [all_registers]
  set_false_path -from [get_ports TEST_MODE]     -to [all_registers]
  set_multicycle_path 2 -setup -from [get_cells u_mc_sched/*] -to [get_cells u_mc_phy/*]
  set_multicycle_path 1 -hold  -from [get_cells u_mc_sched/*] -to [get_cells u_mc_phy/*]
  set_input_delay  0.400 -clock CLK_UNCORE -max [all_inputs]
  set_output_delay 0.350 -clock CLK_UNCORE -max [all_outputs]


=========================================================================
                   CLOCK DOMAIN SUMMARY
=========================================================================

  Clock    : CLK_UNCORE
  Period   : 3.333 ns
  Waveform : {0.000 1.666}
  Skew     : 0.016 ns  (max across MC_TOP)
  Latency  : 0.13 ns  (max)


=========================================================================
                   CONSTRAINT COVERAGE
=========================================================================

  Total register endpoints   : 6309
  Constrained endpoints      : 4849
  Unconstrained endpoints    :      0
  Coverage                   :  100.0%


=========================================================================
                   TOOL / RUN INFORMATION
=========================================================================

  Tool         : Synopsys PrimeTime 2023.06-SP3
  Run Host     : sta-server-01
  Run Dir      : /proj/cpu_rtl/sta/UNCORE/MEMORY_CONTROLLER/run_ff_1p16v_1p16v_n40c
  SDC File     : /proj/cpu_rtl/constraints/MC_TOP.sdc
  Netlist      : /proj/cpu_rtl/netlist/MC_TOP.v.gz
  SPEF File    : /proj/cpu_rtl/spef/MC_TOP.spef.gz
  Liberty      : saed32nm_rvt_ff_1p16v_1p16v_n40c.db
  Elapsed Time : 00:02:27
  Peak Memory  : 4.811 GB

=========================================================================
End of Report
=========================================================================
