****************************************
Report : timing
        -path_type full
        -delay_type max
        -max_paths 10
        -sort_by slack
Design : RESULT_BUS_TOP
Version: PrimeTime 2023.06-SP3
Date   : Sat Aug 15 17:34:54 2026
Corner : tt_0p90v_0p90v_25c
Note   : Typical Setup   — Nominal corner
****************************************

Operating Conditions : tt_0p90v_0p90v_25c (Library: saed32nm_rvt)
Wire Load Model Mode : Interconnect (StarRC Extracted)

  Startpoint : u_rbus_arb/din_reg[0]
               (rising edge-triggered flip-flop clocked by CLK_CORE)
  Endpoint   : u_rbus_fwd/dout_reg[0]
               (rising edge-triggered flip-flop clocked by CLK_CORE)
  Path Group : CLK_CORE
  Path Type  : max

  Point                                                   Incr        Path
  -------------------------------------------------------------------------
  clock CLK_CORE (rise edge)                                  0.000       0.000
  clock network delay (propagated)                        0.165      0.165
  u_rbus_arb/din_reg[0]/CK (DFFARX1_RVT)                        0.000       0.165 r
  u_rbus_arb/din_reg[0]/Q  (DFFARX1_RVT)                        0.123       0.288 r
  u_rbus_arb/U12/Y (INVX2_RVT)                                  0.063       0.351 f
  u_rbus_arb/U34/Y (NAND2X1_RVT)                                0.076       0.427 r
  u_rbus_mux/U07/Y (AOI22X1_RVT)                                0.078       0.505 f
  u_rbus_mux/U19/Y (OAI21X1_RVT)                                0.099       0.604 r
  u_rbus_buf/U03/Y (MUX21X1_RVT)                                0.094       0.698 r
  u_rbus_buf/U11/Y (AND2X1_RVT)                                 0.081       0.779 f
  u_rbus_buf/U22/Y (NOR2X1_RVT)                                 0.042       0.821 r
  u_rbus_fwd/U05/Y (BUFX4_RVT)                                  0.057       0.878 r
  u_rbus_fwd/dout_reg[0]/D (DFFARX1_RVT)                        0.065      0.943 f
  data arrival time                                                    0.943

  clock CLK_CORE (rise edge)                                  2     2
  clock network delay (propagated)                        0.165      2.165
  clock uncertainty                                      -0.05   2.115
  u_rbus_fwd/dout_reg[0]/CK (DFFARX1_RVT)                       0.000       2.115 r
  library setup time                                     -0.068   2.047
  data required time                                                   2.047
  -------------------------------------------------------------------------
  data required time                                                   2.047
  data arrival time                                                   -0.943
  -------------------------------------------------------------------------
  slack (MET)   1.104


=========================================================================
                   RESULT_BUS_TOP — TIMING SUMMARY
=========================================================================

  Block        : RESULT_BUS_TOP
  Corner       : tt_0p90v_0p90v_25c
  Check        : max  (Typical Setup   — Nominal corner)
  Clock        : CLK_CORE  Period = 2 ns  (500 MHz)
  Technology   : SAED 32nm RVT

  ┌────────────────────────────────────────────────────────────────┐
  │ Sub-Unit      WNS (ns)  TNS (ns)  #Viol   WHS (ns)  #HViol  │
  ├────────────────────────────────────────────────────────────────┤
  │ u_rbus_arb          1.104       0        0      0.092        0     │
  │ u_rbus_mux          0.063       0        0      0.103        0     │
  │ u_rbus_buf          0.079       0        0      0.094        0     │
  │ u_rbus_fwd          0.137       0        0      0.075        0     │
  ├────────────────────────────────────────────────────────────────┤
  │ RESULT_BUS_TOP  1.104       0        0      0.092        0     │
  └────────────────────────────────────────────────────────────────┘

  Status : ALL PATHS CLEAN — No Setup or Hold Violations


=========================================================================
                   TIMING EXCEPTIONS APPLIED
=========================================================================

  set_false_path -from [get_ports SCAN_EN]      -to [all_registers]
  set_false_path -from [get_ports TEST_MODE]     -to [all_registers]
  set_multicycle_path 2 -setup -from [get_cells u_rbus_arb/*] -to [get_cells u_rbus_fwd/*]
  set_multicycle_path 1 -hold  -from [get_cells u_rbus_arb/*] -to [get_cells u_rbus_fwd/*]
  set_input_delay  0.400 -clock CLK_CORE -max [all_inputs]
  set_output_delay 0.350 -clock CLK_CORE -max [all_outputs]


=========================================================================
                   CLOCK DOMAIN SUMMARY
=========================================================================

  Clock    : CLK_CORE
  Period   : 2 ns
  Waveform : {0.000 1}
  Skew     : 0.025 ns  (max across RESULT_BUS_TOP)
  Latency  : 0.165 ns  (max)


=========================================================================
                   CONSTRAINT COVERAGE
=========================================================================

  Total register endpoints   : 5157
  Constrained endpoints      : 5987
  Unconstrained endpoints    :      0
  Coverage                   :  100.0%


=========================================================================
                   TOOL / RUN INFORMATION
=========================================================================

  Tool         : Synopsys PrimeTime 2023.06-SP3
  Run Host     : sta-server-01
  Run Dir      : /proj/cpu_rtl/sta/WRITEBACK/RESULT_BROADCAST_BUS/run_tt_0p90v_0p90v_25c
  SDC File     : /proj/cpu_rtl/constraints/RESULT_BUS_TOP.sdc
  Netlist      : /proj/cpu_rtl/netlist/RESULT_BUS_TOP.v.gz
  SPEF File    : /proj/cpu_rtl/spef/RESULT_BUS_TOP.spef.gz
  Liberty      : saed32nm_rvt_tt_0p90v_0p90v_25c.db
  Elapsed Time : 00:06:33
  Peak Memory  : 3.915 GB

=========================================================================
End of Report
=========================================================================
