****************************************
Report : timing
        -path_type full
        -delay_type max
        -max_paths 10
        -sort_by slack
Design : RESULT_BUS_TOP
Version: PrimeTime 2023.06-SP3
Date   : Sat Aug 15 17:34:54 2026
Corner : ss_0p63v_0p63v_125c
Note   : Low-Vdd Setup   — Ultra-low voltage corner
****************************************

Operating Conditions : ss_0p63v_0p63v_125c (Library: saed32nm_rvt)
Wire Load Model Mode : Interconnect (StarRC Extracted)

  Startpoint : u_rbus_arb/din_reg[0]
               (rising edge-triggered flip-flop clocked by CLK_CORE)
  Endpoint   : u_rbus_fwd/dout_reg[0]
               (rising edge-triggered flip-flop clocked by CLK_CORE)
  Path Group : CLK_CORE
  Path Type  : max

  Point                                                   Incr        Path
  -------------------------------------------------------------------------
  clock CLK_CORE (rise edge)                                  0.000       0.000
  clock network delay (propagated)                        0.161      0.161
  u_rbus_arb/din_reg[0]/CK (DFFARX1_RVT)                        0.000       0.161 r
  u_rbus_arb/din_reg[0]/Q  (DFFARX1_RVT)                        0.141       0.302 r
  u_rbus_arb/U12/Y (INVX2_RVT)                                  0.033       0.335 f
  u_rbus_arb/U34/Y (NAND2X1_RVT)                                0.084       0.419 r
  u_rbus_mux/U07/Y (AOI22X1_RVT)                                0.1       0.519 f
  u_rbus_mux/U19/Y (OAI21X1_RVT)                                0.101       0.62 r
  u_rbus_buf/U03/Y (MUX21X1_RVT)                                0.09       0.71 r
  u_rbus_buf/U11/Y (AND2X1_RVT)                                 0.048       0.758 f
  u_rbus_buf/U22/Y (NOR2X1_RVT)                                 0.069       0.827 r
  u_rbus_fwd/U05/Y (BUFX4_RVT)                                  0.08       0.907 r
  u_rbus_fwd/dout_reg[0]/D (DFFARX1_RVT)                        0.075      0.982 f
  data arrival time                                                    0.982

  clock CLK_CORE (rise edge)                                  2     2
  clock network delay (propagated)                        0.161      2.161
  clock uncertainty                                      -0.05   2.111
  u_rbus_fwd/dout_reg[0]/CK (DFFARX1_RVT)                       0.000       2.111 r
  library setup time                                     -0.084   2.027
  data required time                                                   2.027
  -------------------------------------------------------------------------
  data required time                                                   2.027
  data arrival time                                                   -0.982
  -------------------------------------------------------------------------
  slack (MET)   1.045


=========================================================================
                   RESULT_BUS_TOP — TIMING SUMMARY
=========================================================================

  Block        : RESULT_BUS_TOP
  Corner       : ss_0p63v_0p63v_125c
  Check        : max  (Low-Vdd Setup   — Ultra-low voltage corner)
  Clock        : CLK_CORE  Period = 2 ns  (500 MHz)
  Technology   : SAED 32nm RVT

  ┌────────────────────────────────────────────────────────────────┐
  │ Sub-Unit      WNS (ns)  TNS (ns)  #Viol   WHS (ns)  #HViol  │
  ├────────────────────────────────────────────────────────────────┤
  │ u_rbus_arb          1.045       0        0      0.099        0     │
  │ u_rbus_mux          0.106       0        0      0.059        0     │
  │ u_rbus_buf          0.181       0        0      0.112        0     │
  │ u_rbus_fwd          0.079       0        0      0.122        0     │
  ├────────────────────────────────────────────────────────────────┤
  │ RESULT_BUS_TOP  1.045       0        0      0.099        0     │
  └────────────────────────────────────────────────────────────────┘

  Status : ALL PATHS CLEAN — No Setup or Hold Violations


=========================================================================
                   TIMING EXCEPTIONS APPLIED
=========================================================================

  set_false_path -from [get_ports SCAN_EN]      -to [all_registers]
  set_false_path -from [get_ports TEST_MODE]     -to [all_registers]
  set_multicycle_path 2 -setup -from [get_cells u_rbus_arb/*] -to [get_cells u_rbus_fwd/*]
  set_multicycle_path 1 -hold  -from [get_cells u_rbus_arb/*] -to [get_cells u_rbus_fwd/*]
  set_input_delay  0.400 -clock CLK_CORE -max [all_inputs]
  set_output_delay 0.350 -clock CLK_CORE -max [all_outputs]


=========================================================================
                   CLOCK DOMAIN SUMMARY
=========================================================================

  Clock    : CLK_CORE
  Period   : 2 ns
  Waveform : {0.000 1}
  Skew     : 0.024 ns  (max across RESULT_BUS_TOP)
  Latency  : 0.161 ns  (max)


=========================================================================
                   CONSTRAINT COVERAGE
=========================================================================

  Total register endpoints   : 3148
  Constrained endpoints      : 3259
  Unconstrained endpoints    :      0
  Coverage                   :  100.0%


=========================================================================
                   TOOL / RUN INFORMATION
=========================================================================

  Tool         : Synopsys PrimeTime 2023.06-SP3
  Run Host     : sta-server-01
  Run Dir      : /proj/cpu_rtl/sta/WRITEBACK/RESULT_BROADCAST_BUS/run_ss_0p63v_0p63v_125c
  SDC File     : /proj/cpu_rtl/constraints/RESULT_BUS_TOP.sdc
  Netlist      : /proj/cpu_rtl/netlist/RESULT_BUS_TOP.v.gz
  SPEF File    : /proj/cpu_rtl/spef/RESULT_BUS_TOP.spef.gz
  Liberty      : saed32nm_rvt_ss_0p63v_0p63v_125c.db
  Elapsed Time : 00:03:22
  Peak Memory  : 2.948 GB

=========================================================================
End of Report
=========================================================================
