****************************************
Report : timing
        -path_type full
        -delay_type min
        -max_paths 10
        -sort_by slack
Design : RESULT_BUS_TOP
Version: PrimeTime 2023.06-SP3
Date   : Sat Aug 15 18:20:45 2026
Corner : tt_0p90v_0p90v_85c
Note   : Hold check — Typical corner, 85 deg C
****************************************

Operating Conditions : tt_0p90v_0p90v_85c (Library: saed32nm_rvt)
Wire Load Model Mode : Interconnect (StarRC Extracted)

  Startpoint : u_rbus_arb/din_reg[0]
               (rising edge-triggered flip-flop clocked by CLK_CORE)
  Endpoint   : u_rbus_fwd/dout_reg[0]
               (rising edge-triggered flip-flop clocked by CLK_CORE)
  Path Group : CLK_CORE
  Path Type  : min

  Point                                                   Incr        Path
  -------------------------------------------------------------------------
  clock CLK_CORE (rise edge)                                  0.000       0.000
  clock network delay (propagated)                        0.159      0.159
  u_rbus_arb/din_reg[0]/CK (DFFARX1_RVT)                        0.000       0.159 r
  u_rbus_arb/din_reg[0]/Q  (DFFARX1_RVT)                        0.135         0.294 r
  u_rbus_arb/U12/Y (INVX2_RVT)                                  0.06         0.354 f
  u_rbus_arb/U34/Y (NAND2X1_RVT)                                0.064         0.418 r
  u_rbus_mux/U07/Y (AOI22X1_RVT)                                0.086         0.504 f
  u_rbus_mux/U19/Y (OAI21X1_RVT)                                0.108         0.612 r
  u_rbus_buf/U03/Y (MUX21X1_RVT)                                0.082         0.694 r
  u_rbus_buf/U11/Y (AND2X1_RVT)                                 0.077         0.771 f
  u_rbus_buf/U22/Y (NOR2X1_RVT)                                 0.056         0.827 r
  u_rbus_fwd/U05/Y (BUFX4_RVT)                                  0.085         0.912 r
  u_rbus_fwd/dout_reg[0]/D (DFFARX1_RVT)                        0.054        0.966 f
  data arrival time                                                    0.966

  clock CLK_CORE (rise edge)                                  2     2
  clock network delay (propagated)                        0.159      2.159
  clock uncertainty                                      -0.05   2.109
  u_rbus_fwd/dout_reg[0]/CK (DFFARX1_RVT)                       0.000       2.109 r
  library setup time                                     -0.066   2.043
  data required time                                                   2.043
  -------------------------------------------------------------------------
  data required time                                                   2.043
  data arrival time                                                   -0.966
  -------------------------------------------------------------------------
  slack (MET)      1.077


=========================================================================
                   RESULT_BUS_TOP -- TIMING SUMMARY
=========================================================================

  Block        : RESULT_BUS_TOP
  Corner       : tt_0p90v_0p90v_85c
  Check        : min  (Hold check — Typical corner, 85 deg C)
  Clock        : CLK_CORE  Period = 2 ns  (500 MHz)
  Technology   : SAED 32nm RVT

  +------------------------------------------------------------------+
  | Sub-Unit          WNS (ns)  TNS (ns)  #Viol   WHS (ns)  #HViol  |
  +------------------------------------------------------------------+
  | u_rbus_arb          1.077       0.000       0      0.074        0     |
  | u_rbus_mux          0.097       0.000       0      0.047        0     |
  | u_rbus_buf          0.146       0.000       0      0.065        0     |
  | u_rbus_fwd          0.214       0.000       0      0.128        0     |
  +------------------------------------------------------------------+
  | RESULT_BUS_TOP   1.077       0.000       0      0.074        0     |
  +------------------------------------------------------------------+

  Status : ALL PATHS CLEAN -- No Setup or Hold Violations


=========================================================================
                   TIMING EXCEPTIONS APPLIED
=========================================================================

  set_false_path -from [get_ports SCAN_EN]      -to [all_registers]
  set_false_path -from [get_ports TEST_MODE]     -to [all_registers]
  set_multicycle_path 2 -setup -from [get_cells u_rbus_arb/*] -to [get_cells u_rbus_fwd/*]
  set_multicycle_path 1 -hold  -from [get_cells u_rbus_arb/*] -to [get_cells u_rbus_fwd/*]
  set_input_delay  0.400 -clock CLK_CORE -max [all_inputs]
  set_output_delay 0.350 -clock CLK_CORE -max [all_outputs]


=========================================================================
                   CLOCK DOMAIN SUMMARY
=========================================================================

  Clock    : CLK_CORE
  Period   : 2 ns
  Waveform : {0.000 1}
  Skew     : 0.019 ns  (max across RESULT_BUS_TOP)
  Latency  : 0.159 ns  (max)


=========================================================================
                   CONSTRAINT COVERAGE
=========================================================================

  Total register endpoints   : 4537
  Constrained endpoints      : 2926
  Unconstrained endpoints    :      0
  Coverage                   :  100.0%


=========================================================================
                   TOOL / RUN INFORMATION
=========================================================================

  Tool         : Synopsys PrimeTime 2023.06-SP3
  Run Host     : sta-server-01
  Run Dir      : /proj/cpu_rtl/sta/WRITEBACK/RESULT_BROADCAST_BUS/run_tt_0p90v_0p90v_85c
  SDC File     : /proj/cpu_rtl/constraints/RESULT_BUS_TOP.sdc
  Netlist      : /proj/cpu_rtl/netlist/RESULT_BUS_TOP.v.gz
  SPEF File    : /proj/cpu_rtl/spef/RESULT_BUS_TOP.spef.gz
  Liberty      : saed32nm_rvt_tt_0p90v_0p90v_85c.db
  Elapsed Time : 00:02:16
  Peak Memory  : 1.415 GB

=========================================================================
End of Report
=========================================================================
