****************************************
Report : timing
        -path_type full
        -delay_type max
        -max_paths 10
        -sort_by slack
Design : RESULT_BUS_TOP
Version: PrimeTime 2023.06-SP3
Date   : Sat Aug 15 18:20:45 2026
Corner : ss_0p72v_0p72v_125c
Note   : Setup with Signal Integrity (crosstalk) — Worst corner
****************************************

Operating Conditions : ss_0p72v_0p72v_125c (Library: saed32nm_rvt)
Wire Load Model Mode : Interconnect (StarRC Extracted)

  Startpoint : u_rbus_arb/din_reg[0]
               (rising edge-triggered flip-flop clocked by CLK_CORE)
  Endpoint   : u_rbus_fwd/dout_reg[0]
               (rising edge-triggered flip-flop clocked by CLK_CORE)
  Path Group : CLK_CORE
  Path Type  : max

  Point                                                   Incr        Path
  -------------------------------------------------------------------------
  clock CLK_CORE (rise edge)                                  0.000       0.000
  clock network delay (propagated)                        0.151      0.151
  u_rbus_arb/din_reg[0]/CK (DFFARX1_RVT)                        0.000       0.151 r
  u_rbus_arb/din_reg[0]/Q  (DFFARX1_RVT)                        0.133         0.284 r
  u_rbus_arb/U12/Y (INVX2_RVT)                                  0.034         0.318 f
  u_rbus_arb/U34/Y (NAND2X1_RVT)                                0.088         0.406 r
  u_rbus_mux/U07/Y (AOI22X1_RVT)                                0.094         0.5 f
  u_rbus_mux/U19/Y (OAI21X1_RVT)                                0.112         0.612 r
  u_rbus_buf/U03/Y (MUX21X1_RVT)                                0.097         0.709 r
  u_rbus_buf/U11/Y (AND2X1_RVT)                                 0.082         0.791 f
  u_rbus_buf/U22/Y (NOR2X1_RVT)                                 0.048         0.839 r
  u_rbus_fwd/U05/Y (BUFX4_RVT)                                  0.061         0.9 r
  u_rbus_fwd/dout_reg[0]/D (DFFARX1_RVT)                        0.074        0.974 f
  data arrival time                                                    0.974

  clock CLK_CORE (rise edge)                                  2     2
  clock network delay (propagated)                        0.151      2.151
  clock uncertainty                                      -0.05   2.101
  u_rbus_fwd/dout_reg[0]/CK (DFFARX1_RVT)                       0.000       2.101 r
  library setup time                                     -0.074   2.027
  data required time                                                   2.027
  -------------------------------------------------------------------------
  data required time                                                   2.027
  data arrival time                                                   -0.974
  -------------------------------------------------------------------------
  slack (MET)      1.053


=========================================================================
                   RESULT_BUS_TOP -- TIMING SUMMARY
=========================================================================

  Block        : RESULT_BUS_TOP
  Corner       : ss_0p72v_0p72v_125c
  Check        : max  (Setup with Signal Integrity (crosstalk) — Worst corner)
  Clock        : CLK_CORE  Period = 2 ns  (500 MHz)
  Technology   : SAED 32nm RVT

  +------------------------------------------------------------------+
  | Sub-Unit          WNS (ns)  TNS (ns)  #Viol   WHS (ns)  #HViol  |
  +------------------------------------------------------------------+
  | u_rbus_arb          1.053       0.000       0      0.06        0     |
  | u_rbus_mux          0.208       0.000       0      0.102        0     |
  | u_rbus_buf          0.128       0.000       0      0.088        0     |
  | u_rbus_fwd          0.1       0.000       0      0.054        0     |
  +------------------------------------------------------------------+
  | RESULT_BUS_TOP   1.053       0.000       0      0.06        0     |
  +------------------------------------------------------------------+

  Status : ALL PATHS CLEAN -- No Setup or Hold Violations


=========================================================================
                   TIMING EXCEPTIONS APPLIED
=========================================================================

  set_false_path -from [get_ports SCAN_EN]      -to [all_registers]
  set_false_path -from [get_ports TEST_MODE]     -to [all_registers]
  set_multicycle_path 2 -setup -from [get_cells u_rbus_arb/*] -to [get_cells u_rbus_fwd/*]
  set_multicycle_path 1 -hold  -from [get_cells u_rbus_arb/*] -to [get_cells u_rbus_fwd/*]
  set_input_delay  0.400 -clock CLK_CORE -max [all_inputs]
  set_output_delay 0.350 -clock CLK_CORE -max [all_outputs]


=========================================================================
                   CLOCK DOMAIN SUMMARY
=========================================================================

  Clock    : CLK_CORE
  Period   : 2 ns
  Waveform : {0.000 1}
  Skew     : 0.02 ns  (max across RESULT_BUS_TOP)
  Latency  : 0.151 ns  (max)


=========================================================================
                   CONSTRAINT COVERAGE
=========================================================================

  Total register endpoints   : 6767
  Constrained endpoints      : 5041
  Unconstrained endpoints    :      0
  Coverage                   :  100.0%


=========================================================================
                   TOOL / RUN INFORMATION
=========================================================================

  Tool         : Synopsys PrimeTime 2023.06-SP3
  Run Host     : sta-server-01
  Run Dir      : /proj/cpu_rtl/sta/WRITEBACK/RESULT_BROADCAST_BUS/run_ss_0p72v_0p72v_125c
  SDC File     : /proj/cpu_rtl/constraints/RESULT_BUS_TOP.sdc
  Netlist      : /proj/cpu_rtl/netlist/RESULT_BUS_TOP.v.gz
  SPEF File    : /proj/cpu_rtl/spef/RESULT_BUS_TOP.spef.gz
  Liberty      : saed32nm_rvt_ss_0p72v_0p72v_125c.db
  Elapsed Time : 00:03:34
  Peak Memory  : 3.572 GB

=========================================================================
End of Report
=========================================================================
