****************************************
Report : timing
        -path_type full
        -delay_type max
        -max_paths 10
        -sort_by slack
Design : RESULT_BUS_TOP
Version: PrimeTime 2023.06-SP3
Date   : Sat Aug 15 18:20:45 2026
Corner : ss_0p72v_0p72v_125c
Note   : Final tapeout sign-off setup — Worst corner
****************************************

Operating Conditions : ss_0p72v_0p72v_125c (Library: saed32nm_rvt)
Wire Load Model Mode : Interconnect (StarRC Extracted)

  Startpoint : u_rbus_arb/din_reg[0]
               (rising edge-triggered flip-flop clocked by CLK_CORE)
  Endpoint   : u_rbus_fwd/dout_reg[0]
               (rising edge-triggered flip-flop clocked by CLK_CORE)
  Path Group : CLK_CORE
  Path Type  : max

  Point                                                   Incr        Path
  -------------------------------------------------------------------------
  clock CLK_CORE (rise edge)                                  0.000       0.000
  clock network delay (propagated)                        0.156      0.156
  u_rbus_arb/din_reg[0]/CK (DFFARX1_RVT)                        0.000       0.156 r
  u_rbus_arb/din_reg[0]/Q  (DFFARX1_RVT)                        0.11         0.266 r
  u_rbus_arb/U12/Y (INVX2_RVT)                                  0.035         0.301 f
  u_rbus_arb/U34/Y (NAND2X1_RVT)                                0.092         0.393 r
  u_rbus_mux/U07/Y (AOI22X1_RVT)                                0.095         0.488 f
  u_rbus_mux/U19/Y (OAI21X1_RVT)                                0.086         0.574 r
  u_rbus_buf/U03/Y (MUX21X1_RVT)                                0.073         0.647 r
  u_rbus_buf/U11/Y (AND2X1_RVT)                                 0.066         0.713 f
  u_rbus_buf/U22/Y (NOR2X1_RVT)                                 0.07         0.783 r
  u_rbus_fwd/U05/Y (BUFX4_RVT)                                  0.07         0.853 r
  u_rbus_fwd/dout_reg[0]/D (DFFARX1_RVT)                        0.08        0.933 f
  data arrival time                                                    0.933

  clock CLK_CORE (rise edge)                                  2     2
  clock network delay (propagated)                        0.156      2.156
  clock uncertainty                                      -0.05   2.106
  u_rbus_fwd/dout_reg[0]/CK (DFFARX1_RVT)                       0.000       2.106 r
  library setup time                                     -0.068   2.038
  data required time                                                   2.038
  -------------------------------------------------------------------------
  data required time                                                   2.038
  data arrival time                                                   -0.933
  -------------------------------------------------------------------------
  slack (MET)      1.105


=========================================================================
                   RESULT_BUS_TOP -- TIMING SUMMARY
=========================================================================

  Block        : RESULT_BUS_TOP
  Corner       : ss_0p72v_0p72v_125c
  Check        : max  (Final tapeout sign-off setup — Worst corner)
  Clock        : CLK_CORE  Period = 2 ns  (500 MHz)
  Technology   : SAED 32nm RVT

  +------------------------------------------------------------------+
  | Sub-Unit          WNS (ns)  TNS (ns)  #Viol   WHS (ns)  #HViol  |
  +------------------------------------------------------------------+
  | u_rbus_arb          1.105       0.000       0      0.085        0     |
  | u_rbus_mux          0.056       0.000       0      0.087        0     |
  | u_rbus_buf          0.116       0.000       0      0.102        0     |
  | u_rbus_fwd          0.224       0.000       0      0.11        0     |
  +------------------------------------------------------------------+
  | RESULT_BUS_TOP   1.105       0.000       0      0.085        0     |
  +------------------------------------------------------------------+

  Status : ALL PATHS CLEAN -- No Setup or Hold Violations


=========================================================================
                   TIMING EXCEPTIONS APPLIED
=========================================================================

  set_false_path -from [get_ports SCAN_EN]      -to [all_registers]
  set_false_path -from [get_ports TEST_MODE]     -to [all_registers]
  set_multicycle_path 2 -setup -from [get_cells u_rbus_arb/*] -to [get_cells u_rbus_fwd/*]
  set_multicycle_path 1 -hold  -from [get_cells u_rbus_arb/*] -to [get_cells u_rbus_fwd/*]
  set_input_delay  0.400 -clock CLK_CORE -max [all_inputs]
  set_output_delay 0.350 -clock CLK_CORE -max [all_outputs]


=========================================================================
                   CLOCK DOMAIN SUMMARY
=========================================================================

  Clock    : CLK_CORE
  Period   : 2 ns
  Waveform : {0.000 1}
  Skew     : 0.021 ns  (max across RESULT_BUS_TOP)
  Latency  : 0.156 ns  (max)


=========================================================================
                   CONSTRAINT COVERAGE
=========================================================================

  Total register endpoints   : 5502
  Constrained endpoints      : 6671
  Unconstrained endpoints    :      0
  Coverage                   :  100.0%


=========================================================================
                   TOOL / RUN INFORMATION
=========================================================================

  Tool         : Synopsys PrimeTime 2023.06-SP3
  Run Host     : sta-server-01
  Run Dir      : /proj/cpu_rtl/sta/WRITEBACK/RESULT_BROADCAST_BUS/run_ss_0p72v_0p72v_125c
  SDC File     : /proj/cpu_rtl/constraints/RESULT_BUS_TOP.sdc
  Netlist      : /proj/cpu_rtl/netlist/RESULT_BUS_TOP.v.gz
  SPEF File    : /proj/cpu_rtl/spef/RESULT_BUS_TOP.spef.gz
  Liberty      : saed32nm_rvt_ss_0p72v_0p72v_125c.db
  Elapsed Time : 00:05:35
  Peak Memory  : 4.309 GB

=========================================================================
End of Report
=========================================================================
