****************************************
Report : timing
        -path_type full
        -delay_type max
        -max_paths 10
        -sort_by slack
Design : RESULT_BUS_TOP
Version: PrimeTime 2023.06-SP3
Date   : Sat Aug 15 18:20:45 2026
Corner : tt_0p90v_0p90v_25c
Note   : Final tapeout sign-off setup — Nominal corner
****************************************

Operating Conditions : tt_0p90v_0p90v_25c (Library: saed32nm_rvt)
Wire Load Model Mode : Interconnect (StarRC Extracted)

  Startpoint : u_rbus_arb/din_reg[0]
               (rising edge-triggered flip-flop clocked by CLK_CORE)
  Endpoint   : u_rbus_fwd/dout_reg[0]
               (rising edge-triggered flip-flop clocked by CLK_CORE)
  Path Group : CLK_CORE
  Path Type  : max

  Point                                                   Incr        Path
  -------------------------------------------------------------------------
  clock CLK_CORE (rise edge)                                  0.000       0.000
  clock network delay (propagated)                        0.158      0.158
  u_rbus_arb/din_reg[0]/CK (DFFARX1_RVT)                        0.000       0.158 r
  u_rbus_arb/din_reg[0]/Q  (DFFARX1_RVT)                        0.144         0.302 r
  u_rbus_arb/U12/Y (INVX2_RVT)                                  0.037         0.339 f
  u_rbus_arb/U34/Y (NAND2X1_RVT)                                0.07         0.409 r
  u_rbus_mux/U07/Y (AOI22X1_RVT)                                0.078         0.487 f
  u_rbus_mux/U19/Y (OAI21X1_RVT)                                0.104         0.591 r
  u_rbus_buf/U03/Y (MUX21X1_RVT)                                0.076         0.667 r
  u_rbus_buf/U11/Y (AND2X1_RVT)                                 0.053         0.72 f
  u_rbus_buf/U22/Y (NOR2X1_RVT)                                 0.051         0.771 r
  u_rbus_fwd/U05/Y (BUFX4_RVT)                                  0.067         0.838 r
  u_rbus_fwd/dout_reg[0]/D (DFFARX1_RVT)                        0.056        0.894 f
  data arrival time                                                    0.894

  clock CLK_CORE (rise edge)                                  2     2
  clock network delay (propagated)                        0.158      2.158
  clock uncertainty                                      -0.05   2.108
  u_rbus_fwd/dout_reg[0]/CK (DFFARX1_RVT)                       0.000       2.108 r
  library setup time                                     -0.083   2.025
  data required time                                                   2.025
  -------------------------------------------------------------------------
  data required time                                                   2.025
  data arrival time                                                   -0.894
  -------------------------------------------------------------------------
  slack (MET)      1.131


=========================================================================
                   RESULT_BUS_TOP -- TIMING SUMMARY
=========================================================================

  Block        : RESULT_BUS_TOP
  Corner       : tt_0p90v_0p90v_25c
  Check        : max  (Final tapeout sign-off setup — Nominal corner)
  Clock        : CLK_CORE  Period = 2 ns  (500 MHz)
  Technology   : SAED 32nm RVT

  +------------------------------------------------------------------+
  | Sub-Unit          WNS (ns)  TNS (ns)  #Viol   WHS (ns)  #HViol  |
  +------------------------------------------------------------------+
  | u_rbus_arb          1.131       0.000       0      0.08        0     |
  | u_rbus_mux          0.073       0.000       0      0.077        0     |
  | u_rbus_buf          0.21       0.000       0      0.115        0     |
  | u_rbus_fwd          0.218       0.000       0      0.048        0     |
  +------------------------------------------------------------------+
  | RESULT_BUS_TOP   1.131       0.000       0      0.08        0     |
  +------------------------------------------------------------------+

  Status : ALL PATHS CLEAN -- No Setup or Hold Violations


=========================================================================
                   TIMING EXCEPTIONS APPLIED
=========================================================================

  set_false_path -from [get_ports SCAN_EN]      -to [all_registers]
  set_false_path -from [get_ports TEST_MODE]     -to [all_registers]
  set_multicycle_path 2 -setup -from [get_cells u_rbus_arb/*] -to [get_cells u_rbus_fwd/*]
  set_multicycle_path 1 -hold  -from [get_cells u_rbus_arb/*] -to [get_cells u_rbus_fwd/*]
  set_input_delay  0.400 -clock CLK_CORE -max [all_inputs]
  set_output_delay 0.350 -clock CLK_CORE -max [all_outputs]


=========================================================================
                   CLOCK DOMAIN SUMMARY
=========================================================================

  Clock    : CLK_CORE
  Period   : 2 ns
  Waveform : {0.000 1}
  Skew     : 0.025 ns  (max across RESULT_BUS_TOP)
  Latency  : 0.158 ns  (max)


=========================================================================
                   CONSTRAINT COVERAGE
=========================================================================

  Total register endpoints   : 1851
  Constrained endpoints      : 2719
  Unconstrained endpoints    :      0
  Coverage                   :  100.0%


=========================================================================
                   TOOL / RUN INFORMATION
=========================================================================

  Tool         : Synopsys PrimeTime 2023.06-SP3
  Run Host     : sta-server-01
  Run Dir      : /proj/cpu_rtl/sta/WRITEBACK/RESULT_BROADCAST_BUS/run_tt_0p90v_0p90v_25c
  SDC File     : /proj/cpu_rtl/constraints/RESULT_BUS_TOP.sdc
  Netlist      : /proj/cpu_rtl/netlist/RESULT_BUS_TOP.v.gz
  SPEF File    : /proj/cpu_rtl/spef/RESULT_BUS_TOP.spef.gz
  Liberty      : saed32nm_rvt_tt_0p90v_0p90v_25c.db
  Elapsed Time : 00:01:30
  Peak Memory  : 1.839 GB

=========================================================================
End of Report
=========================================================================
