================================================================================
  STA BLOCK DUMP LOG  —  RESULT_BUS_TOP
================================================================================

  Block Directory : D:\Certificates\PD_STA_REPORTS\WRITEBACK\RESULT_BROADCAST_BUS
  Design          : RESULT_BUS_TOP
  Parsed At       : 2026-08-15T22:23:24
  Total Reports   : 31


OWNERSHIP
----------------------------------------
  BLOCK TIMING OWNER           : User42  <user42@company.com>  [EMP-2042]
  TEAM LEAD                    : MTO_User7  <mto7@company.com>  [EMP-1007]
  RTL TEAM LEAD                : TeamLead7  <teamlead7@company.com>
  PD ENGINEER                  : PDEng7  <pdeng7@company.com>
  STA ENGINEER                 : STAEng7  <staeng7@company.com>
  CHIP STA LEAD                : STALead1  <stalead1@company.com>  [EMP-0004]

AGGREGATE SUMMARY
----------------------------------------
  Overall Status   : MET
  Worst WNS  (ns)  : 0.000
  Worst TNS  (ns)  : 0.000
  Worst WHS  (ns)  : 0.000
  Best  WNS  (ns)  : 1.160
  Total Violations : 0

BY CORNER
----------------------------------------
  Name                                              #       WNS       TNS       WHS  STATUS
  ─────────────────────────────────────────────  ────  ────────  ────────  ────────  ──────────
  N/A                                               1     0.000     0.000     0.000  MET
  ff_1p16v_1p16v_125c                               2     1.076     0.000     0.000  MET
  ff_1p16v_1p16v_n40c                               5     1.069     0.000     0.000  MET
  ff_1p32v_1p32v_n40c                               1     1.059     0.000     0.000  MET
  ss_0p63v_0p63v_125c                               1     1.045     0.000     0.099  MET
  ss_0p63v_0p63v_n40c                               1     1.150     0.000     0.000  MET
  ss_0p72v_0p72v_125c                               9     1.053     0.000     0.000  MET
  ss_0p72v_0p72v_n40c                               1     1.030     0.000     0.082  MET
  tt_0p90v_0p90v_25c                                8     1.020     0.000     0.000  MET
  tt_0p90v_0p90v_85c                                2     1.077     0.000     0.000  MET

BY CHECK TYPE
----------------------------------------
  Name                                              #       WNS       TNS       WHS  STATUS
  ─────────────────────────────────────────────  ────  ────────  ────────  ────────  ──────────
  N/A                                               1     0.000     0.000     0.000  MET
  hold                                             11     1.055     0.000     0.000  MET
  setup                                            19     1.020     0.000     0.000  MET

PER-REPORT DETAIL
----------------------------------------
  File     : 19_SETUP_LVSS_N40C_RESULT_BUS_TOP.rpt
  Design   : RESULT_BUS_TOP        Corner : ss_0p63v_0p63v_n40c
  Check    : setup       Clock  : CLK_CORE  Period = 2.0 ns  (500.0 MHz)
  WNS      :   +1.150 ns   TNS :   +0.000 ns   WHS :   +0.000 ns
  Slack    :   +1.150 ns   Status : MET
  Status   : ALL PATHS CLEAN -- No Setup or Hold Violations
  Coverage : 100.0%   Endpoints : 5310 / 5883
  Tool     : Synopsys PrimeTime 2023.06-SP3
  Runtime  : 00:06:31         Memory : 2.501 GB
  Run Dir  : /proj/cpu_rtl/sta/WRITEBACK/RESULT_BROADCAST_BUS/run_ss_0p63v_0p63v_n40c

  File     : 13_SETUP_SS_125C_POCV_RESULT_BUS_TOP.rpt
  Design   : RESULT_BUS_TOP        Corner : ss_0p72v_0p72v_125c
  Check    : setup       Clock  : CLK_CORE  Period = 2.0 ns  (500.0 MHz)
  WNS      :   +1.147 ns   TNS :   +0.000 ns   WHS :   +0.000 ns
  Slack    :   +1.147 ns   Status : MET
  Status   : ALL PATHS CLEAN -- No Setup or Hold Violations
  Coverage : 100.0%   Endpoints : 3580 / 5287
  Tool     : Synopsys PrimeTime 2023.06-SP3
  Runtime  : 00:02:32         Memory : 2.456 GB
  Run Dir  : /proj/cpu_rtl/sta/WRITEBACK/RESULT_BROADCAST_BUS/run_ss_0p72v_0p72v_125c

  File     : 22_RECOVERY_TT_25C_RESULT_BUS_TOP.rpt
  Design   : RESULT_BUS_TOP        Corner : tt_0p90v_0p90v_25c
  Check    : setup       Clock  : CLK_CORE  Period = 2.0 ns  (500.0 MHz)
  WNS      :   +1.140 ns   TNS :   +0.000 ns   WHS :   +0.000 ns
  Slack    :   +1.140 ns   Status : MET
  Status   : ALL PATHS CLEAN -- No Setup or Hold Violations
  Coverage : 100.0%   Endpoints : 1438 / 5102
  Tool     : Synopsys PrimeTime 2023.06-SP3
  Runtime  : 00:05:20         Memory : 1.553 GB
  Run Dir  : /proj/cpu_rtl/sta/WRITEBACK/RESULT_BROADCAST_BUS/run_tt_0p90v_0p90v_25c

  File     : 30_SETUP_TT_25C_FINAL_RESULT_BUS_TOP.rpt
  Design   : RESULT_BUS_TOP        Corner : tt_0p90v_0p90v_25c
  Check    : setup       Clock  : CLK_CORE  Period = 2.0 ns  (500.0 MHz)
  WNS      :   +1.131 ns   TNS :   +0.000 ns   WHS :   +0.000 ns
  Slack    :   +1.131 ns   Status : MET
  Status   : ALL PATHS CLEAN -- No Setup or Hold Violations
  Coverage : 100.0%   Endpoints : 2719 / 1851
  Tool     : Synopsys PrimeTime 2023.06-SP3
  Runtime  : 00:01:30         Memory : 1.839 GB
  Run Dir  : /proj/cpu_rtl/sta/WRITEBACK/RESULT_BROADCAST_BUS/run_tt_0p90v_0p90v_25c

  File     : 23_MULTICYCLE_SS_125C_RESULT_BUS_TOP.rpt
  Design   : RESULT_BUS_TOP        Corner : ss_0p72v_0p72v_125c
  Check    : setup       Clock  : CLK_CORE  Period = 2.0 ns  (500.0 MHz)
  WNS      :   +1.117 ns   TNS :   +0.000 ns   WHS :   +0.000 ns
  Slack    :   +1.117 ns   Status : MET
  Status   : ALL PATHS CLEAN -- No Setup or Hold Violations
  Coverage : 100.0%   Endpoints : 3020 / 906
  Tool     : Synopsys PrimeTime 2023.06-SP3
  Runtime  : 00:06:28         Memory : 1.763 GB
  Run Dir  : /proj/cpu_rtl/sta/WRITEBACK/RESULT_BROADCAST_BUS/run_ss_0p72v_0p72v_125c

  File     : 01_SETUP_SS_125C_RESULT_BUS_TOP.rpt
  Design   : RESULT_BUS_TOP        Corner : ss_0p72v_0p72v_125c
  Check    : setup       Clock  : CLK_CORE  Period = 2.0 ns  (500.0 MHz)
  WNS      :   +1.111 ns   TNS :   +0.000 ns   WHS :   +0.113 ns
  Slack    :   +1.111 ns   Status : MET
  Status   : ALL PATHS CLEAN — No Setup or Hold Violations
  Coverage : 100.0%   Endpoints : 4358 / 5337
  Tool     : Synopsys PrimeTime 2023.06-SP3
  Runtime  : 00:06:16         Memory : 2.483 GB
  Run Dir  : /proj/cpu_rtl/sta/WRITEBACK/RESULT_BROADCAST_BUS/run_ss_0p72v_0p72v_125c

  File     : 21_CG_CHECK_SS_125C_RESULT_BUS_TOP.rpt
  Design   : RESULT_BUS_TOP        Corner : ss_0p72v_0p72v_125c
  Check    : setup       Clock  : CLK_CORE  Period = 2.0 ns  (500.0 MHz)
  WNS      :   +1.107 ns   TNS :   +0.000 ns   WHS :   +0.000 ns
  Slack    :   +1.107 ns   Status : MET
  Status   : ALL PATHS CLEAN -- No Setup or Hold Violations
  Coverage : 100.0%   Endpoints : 2742 / 4209
  Tool     : Synopsys PrimeTime 2023.06-SP3
  Runtime  : 00:02:48         Memory : 3.097 GB
  Run Dir  : /proj/cpu_rtl/sta/WRITEBACK/RESULT_BROADCAST_BUS/run_ss_0p72v_0p72v_125c

  File     : 28_SETUP_SS_125C_FINAL_RESULT_BUS_TOP.rpt
  Design   : RESULT_BUS_TOP        Corner : ss_0p72v_0p72v_125c
  Check    : setup       Clock  : CLK_CORE  Period = 2.0 ns  (500.0 MHz)
  WNS      :   +1.105 ns   TNS :   +0.000 ns   WHS :   +0.000 ns
  Slack    :   +1.105 ns   Status : MET
  Status   : ALL PATHS CLEAN -- No Setup or Hold Violations
  Coverage : 100.0%   Endpoints : 6671 / 5502
  Tool     : Synopsys PrimeTime 2023.06-SP3
  Runtime  : 00:05:35         Memory : 4.309 GB
  Run Dir  : /proj/cpu_rtl/sta/WRITEBACK/RESULT_BROADCAST_BUS/run_ss_0p72v_0p72v_125c

  File     : 03_SETUP_TT_25C_RESULT_BUS_TOP.rpt
  Design   : RESULT_BUS_TOP        Corner : tt_0p90v_0p90v_25c
  Check    : setup       Clock  : CLK_CORE  Period = 2.0 ns  (500.0 MHz)
  WNS      :   +1.104 ns   TNS :   +0.000 ns   WHS :   +0.092 ns
  Slack    :   +1.104 ns   Status : MET
  Status   : ALL PATHS CLEAN — No Setup or Hold Violations
  Coverage : 100.0%   Endpoints : 5987 / 5157
  Tool     : Synopsys PrimeTime 2023.06-SP3
  Runtime  : 00:06:33         Memory : 3.915 GB
  Run Dir  : /proj/cpu_rtl/sta/WRITEBACK/RESULT_BROADCAST_BUS/run_tt_0p90v_0p90v_25c

  File     : 08_CG_CHECK_TT_25C_RESULT_BUS_TOP.rpt
  Design   : RESULT_BUS_TOP        Corner : tt_0p90v_0p90v_25c
  Check    : setup       Clock  : CLK_CORE  Period = 2.0 ns  (500.0 MHz)
  WNS      :   +1.098 ns   TNS :   +0.000 ns   WHS :   +0.074 ns
  Slack    :   +1.098 ns   Status : MET
  Status   : ALL PATHS CLEAN — No Setup or Hold Violations
  Coverage : 100.0%   Endpoints : 1417 / 3775
  Tool     : Synopsys PrimeTime 2023.06-SP3
  Runtime  : 00:07:18         Memory : 1.474 GB
  Run Dir  : /proj/cpu_rtl/sta/WRITEBACK/RESULT_BROADCAST_BUS/run_tt_0p90v_0p90v_25c

  File     : 09_RECOVERY_SS_125C_RESULT_BUS_TOP.rpt
  Design   : RESULT_BUS_TOP        Corner : ss_0p72v_0p72v_125c
  Check    : setup       Clock  : CLK_CORE  Period = 2.0 ns  (500.0 MHz)
  WNS      :   +1.095 ns   TNS :   +0.000 ns   WHS :   +0.081 ns
  Slack    :   +1.095 ns   Status : MET
  Status   : ALL PATHS CLEAN — No Setup or Hold Violations
  Coverage : 100.0%   Endpoints : 5481 / 3257
  Tool     : Synopsys PrimeTime 2023.06-SP3
  Runtime  : 00:02:22         Memory : 2.48 GB
  Run Dir  : /proj/cpu_rtl/sta/WRITEBACK/RESULT_BROADCAST_BUS/run_ss_0p72v_0p72v_125c

  File     : 17_SETUP_FF_125C_RESULT_BUS_TOP.rpt
  Design   : RESULT_BUS_TOP        Corner : ff_1p16v_1p16v_125c
  Check    : setup       Clock  : CLK_CORE  Period = 2.0 ns  (500.0 MHz)
  WNS      :   +1.088 ns   TNS :   +0.000 ns   WHS :   +0.000 ns
  Slack    :   +1.088 ns   Status : MET
  Status   : ALL PATHS CLEAN -- No Setup or Hold Violations
  Coverage : 100.0%   Endpoints : 1657 / 1889
  Tool     : Synopsys PrimeTime 2023.06-SP3
  Runtime  : 00:06:52         Memory : 3.002 GB
  Run Dir  : /proj/cpu_rtl/sta/WRITEBACK/RESULT_BROADCAST_BUS/run_ff_1p16v_1p16v_125c

  File     : 10_MULTICYCLE_TT_25C_RESULT_BUS_TOP.rpt
  Design   : RESULT_BUS_TOP        Corner : tt_0p90v_0p90v_25c
  Check    : setup       Clock  : CLK_CORE  Period = 2.0 ns  (500.0 MHz)
  WNS      :   +1.087 ns   TNS :   +0.000 ns   WHS :   +0.100 ns
  Slack    :   +1.087 ns   Status : MET
  Status   : ALL PATHS CLEAN — No Setup or Hold Violations
  Coverage : 100.0%   Endpoints : 2410 / 4070
  Tool     : Synopsys PrimeTime 2023.06-SP3
  Runtime  : 00:02:47         Memory : 2.412 GB
  Run Dir  : /proj/cpu_rtl/sta/WRITEBACK/RESULT_BROADCAST_BUS/run_tt_0p90v_0p90v_25c

  File     : 15_SETUP_TT_85C_RESULT_BUS_TOP.rpt
  Design   : RESULT_BUS_TOP        Corner : tt_0p90v_0p90v_85c
  Check    : setup       Clock  : CLK_CORE  Period = 2.0 ns  (500.0 MHz)
  WNS      :   +1.078 ns   TNS :   +0.000 ns   WHS :   +0.000 ns
  Slack    :   +1.078 ns   Status : MET
  Status   : ALL PATHS CLEAN -- No Setup or Hold Violations
  Coverage : 100.0%   Endpoints : 1851 / 1817
  Tool     : Synopsys PrimeTime 2023.06-SP3
  Runtime  : 00:02:18         Memory : 3.154 GB
  Run Dir  : /proj/cpu_rtl/sta/WRITEBACK/RESULT_BROADCAST_BUS/run_tt_0p90v_0p90v_85c

  File     : 11_SETUP_SS_125C_OCV_RESULT_BUS_TOP.rpt
  Design   : RESULT_BUS_TOP        Corner : ss_0p72v_0p72v_125c
  Check    : setup       Clock  : CLK_CORE  Period = 2.0 ns  (500.0 MHz)
  WNS      :   +1.056 ns   TNS :   +0.000 ns   WHS :   +0.000 ns
  Slack    :   +1.056 ns   Status : MET
  Status   : ALL PATHS CLEAN -- No Setup or Hold Violations
  Coverage : 100.0%   Endpoints : 2236 / 1619
  Tool     : Synopsys PrimeTime 2023.06-SP3
  Runtime  : 00:01:43         Memory : 4.357 GB
  Run Dir  : /proj/cpu_rtl/sta/WRITEBACK/RESULT_BROADCAST_BUS/run_ss_0p72v_0p72v_125c

  File     : 26_SETUP_SS_125C_SI_RESULT_BUS_TOP.rpt
  Design   : RESULT_BUS_TOP        Corner : ss_0p72v_0p72v_125c
  Check    : setup       Clock  : CLK_CORE  Period = 2.0 ns  (500.0 MHz)
  WNS      :   +1.053 ns   TNS :   +0.000 ns   WHS :   +0.000 ns
  Slack    :   +1.053 ns   Status : MET
  Status   : ALL PATHS CLEAN -- No Setup or Hold Violations
  Coverage : 100.0%   Endpoints : 5041 / 6767
  Tool     : Synopsys PrimeTime 2023.06-SP3
  Runtime  : 00:03:34         Memory : 3.572 GB
  Run Dir  : /proj/cpu_rtl/sta/WRITEBACK/RESULT_BROADCAST_BUS/run_ss_0p72v_0p72v_125c

  File     : 07_SETUP_LVSS_125C_RESULT_BUS_TOP.rpt
  Design   : RESULT_BUS_TOP        Corner : ss_0p63v_0p63v_125c
  Check    : setup       Clock  : CLK_CORE  Period = 2.0 ns  (500.0 MHz)
  WNS      :   +1.045 ns   TNS :   +0.000 ns   WHS :   +0.099 ns
  Slack    :   +1.045 ns   Status : MET
  Status   : ALL PATHS CLEAN — No Setup or Hold Violations
  Coverage : 100.0%   Endpoints : 3259 / 3148
  Tool     : Synopsys PrimeTime 2023.06-SP3
  Runtime  : 00:03:22         Memory : 2.948 GB
  Run Dir  : /proj/cpu_rtl/sta/WRITEBACK/RESULT_BROADCAST_BUS/run_ss_0p63v_0p63v_125c

  File     : 05_SETUP_SS_M40C_RESULT_BUS_TOP.rpt
  Design   : RESULT_BUS_TOP        Corner : ss_0p72v_0p72v_n40c
  Check    : setup       Clock  : CLK_CORE  Period = 2.0 ns  (500.0 MHz)
  WNS      :   +1.030 ns   TNS :   +0.000 ns   WHS :   +0.082 ns
  Slack    :   +1.030 ns   Status : MET
  Status   : ALL PATHS CLEAN — No Setup or Hold Violations
  Coverage : 100.0%   Endpoints : 4677 / 3460
  Tool     : Synopsys PrimeTime 2023.06-SP3
  Runtime  : 00:03:26         Memory : 3.843 GB
  Run Dir  : /proj/cpu_rtl/sta/WRITEBACK/RESULT_BROADCAST_BUS/run_ss_0p72v_0p72v_n40c

  File     : 24_SETUP_TT_25C_ECO_RESULT_BUS_TOP.rpt
  Design   : RESULT_BUS_TOP        Corner : tt_0p90v_0p90v_25c
  Check    : setup       Clock  : CLK_CORE  Period = 2.0 ns  (500.0 MHz)
  WNS      :   +1.020 ns   TNS :   +0.000 ns   WHS :   +0.000 ns
  Slack    :   +1.020 ns   Status : MET
  Status   : ALL PATHS CLEAN -- No Setup or Hold Violations
  Coverage : 100.0%   Endpoints : 4826 / 3565
  Tool     : Synopsys PrimeTime 2023.06-SP3
  Runtime  : 00:03:54         Memory : 4.072 GB
  Run Dir  : /proj/cpu_rtl/sta/WRITEBACK/RESULT_BROADCAST_BUS/run_tt_0p90v_0p90v_25c

  File     : 06_HOLD_FF_125C_RESULT_BUS_TOP.rpt
  Design   : RESULT_BUS_TOP        Corner : ff_1p16v_1p16v_125c
  Check    : hold        Clock  : CLK_CORE  Period = 2.0 ns  (500.0 MHz)
  WNS      :   +1.076 ns   TNS :   +0.000 ns   WHS :   +0.108 ns
  Slack    :   +1.076 ns   Status : MET
  Status   : ALL PATHS CLEAN — No Setup or Hold Violations
  Coverage : 100.0%   Endpoints : 5757 / 1630
  Tool     : Synopsys PrimeTime 2023.06-SP3
  Runtime  : 00:01:34         Memory : 3.203 GB
  Run Dir  : /proj/cpu_rtl/sta/WRITEBACK/RESULT_BROADCAST_BUS/run_ff_1p16v_1p16v_125c

  File     : 02_HOLD_FF_N40C_RESULT_BUS_TOP.rpt
  Design   : RESULT_BUS_TOP        Corner : ff_1p16v_1p16v_n40c
  Check    : hold        Clock  : CLK_CORE  Period = 2.0 ns  (500.0 MHz)
  WNS      :   +1.160 ns   TNS :   +0.000 ns   WHS :   +0.099 ns
  Slack    :   +1.160 ns   Status : MET
  Status   : ALL PATHS CLEAN — No Setup or Hold Violations
  Coverage : 100.0%   Endpoints : 4069 / 3722
  Tool     : Synopsys PrimeTime 2023.06-SP3
  Runtime  : 00:05:53         Memory : 3.557 GB
  Run Dir  : /proj/cpu_rtl/sta/WRITEBACK/RESULT_BROADCAST_BUS/run_ff_1p16v_1p16v_n40c

  File     : 04_HOLD_TT_25C_RESULT_BUS_TOP.rpt
  Design   : RESULT_BUS_TOP        Corner : tt_0p90v_0p90v_25c
  Check    : hold        Clock  : CLK_CORE  Period = 2.0 ns  (500.0 MHz)
  WNS      :   +1.055 ns   TNS :   +0.000 ns   WHS :   +0.086 ns
  Slack    :   +1.055 ns   Status : MET
  Status   : ALL PATHS CLEAN — No Setup or Hold Violations
  Coverage : 100.0%   Endpoints : 5007 / 1423
  Tool     : Synopsys PrimeTime 2023.06-SP3
  Runtime  : 00:06:32         Memory : 4.432 GB
  Run Dir  : /proj/cpu_rtl/sta/WRITEBACK/RESULT_BROADCAST_BUS/run_tt_0p90v_0p90v_25c

  File     : 12_HOLD_FF_N40C_OCV_RESULT_BUS_TOP.rpt
  Design   : RESULT_BUS_TOP        Corner : ff_1p16v_1p16v_n40c
  Check    : hold        Clock  : CLK_CORE  Period = 2.0 ns  (500.0 MHz)
  WNS      :   +1.119 ns   TNS :   +0.000 ns   WHS :   +0.000 ns
  Slack    :   +1.119 ns   Status : MET
  Status   : ALL PATHS CLEAN -- No Setup or Hold Violations
  Coverage : 100.0%   Endpoints : 4666 / 5112
  Tool     : Synopsys PrimeTime 2023.06-SP3
  Runtime  : 00:07:34         Memory : 2.242 GB
  Run Dir  : /proj/cpu_rtl/sta/WRITEBACK/RESULT_BROADCAST_BUS/run_ff_1p16v_1p16v_n40c

  File     : 14_HOLD_FF_N40C_POCV_RESULT_BUS_TOP.rpt
  Design   : RESULT_BUS_TOP        Corner : ff_1p16v_1p16v_n40c
  Check    : hold        Clock  : CLK_CORE  Period = 2.0 ns  (500.0 MHz)
  WNS      :   +1.109 ns   TNS :   +0.000 ns   WHS :   +0.000 ns
  Slack    :   +1.109 ns   Status : MET
  Status   : ALL PATHS CLEAN -- No Setup or Hold Violations
  Coverage : 100.0%   Endpoints : 6002 / 2195
  Tool     : Synopsys PrimeTime 2023.06-SP3
  Runtime  : 00:02:10         Memory : 2.132 GB
  Run Dir  : /proj/cpu_rtl/sta/WRITEBACK/RESULT_BROADCAST_BUS/run_ff_1p16v_1p16v_n40c

  File     : 16_HOLD_TT_85C_RESULT_BUS_TOP.rpt
  Design   : RESULT_BUS_TOP        Corner : tt_0p90v_0p90v_85c
  Check    : hold        Clock  : CLK_CORE  Period = 2.0 ns  (500.0 MHz)
  WNS      :   +1.077 ns   TNS :   +0.000 ns   WHS :   +0.000 ns
  Slack    :   +1.077 ns   Status : MET
  Status   : ALL PATHS CLEAN -- No Setup or Hold Violations
  Coverage : 100.0%   Endpoints : 2926 / 4537
  Tool     : Synopsys PrimeTime 2023.06-SP3
  Runtime  : 00:02:16         Memory : 1.415 GB
  Run Dir  : /proj/cpu_rtl/sta/WRITEBACK/RESULT_BROADCAST_BUS/run_tt_0p90v_0p90v_85c

  File     : 18_HOLD_SS_125C_RESULT_BUS_TOP.rpt
  Design   : RESULT_BUS_TOP        Corner : ss_0p72v_0p72v_125c
  Check    : hold        Clock  : CLK_CORE  Period = 2.0 ns  (500.0 MHz)
  WNS      :   +1.073 ns   TNS :   +0.000 ns   WHS :   +0.000 ns
  Slack    :   +1.073 ns   Status : MET
  Status   : ALL PATHS CLEAN -- No Setup or Hold Violations
  Coverage : 100.0%   Endpoints : 1869 / 5292
  Tool     : Synopsys PrimeTime 2023.06-SP3
  Runtime  : 00:01:54         Memory : 1.394 GB
  Run Dir  : /proj/cpu_rtl/sta/WRITEBACK/RESULT_BROADCAST_BUS/run_ss_0p72v_0p72v_125c

  File     : 20_HOLD_LVFF_N40C_RESULT_BUS_TOP.rpt
  Design   : RESULT_BUS_TOP        Corner : ff_1p32v_1p32v_n40c
  Check    : hold        Clock  : CLK_CORE  Period = 2.0 ns  (500.0 MHz)
  WNS      :   +1.059 ns   TNS :   +0.000 ns   WHS :   +0.000 ns
  Slack    :   +1.059 ns   Status : MET
  Status   : ALL PATHS CLEAN -- No Setup or Hold Violations
  Coverage : 100.0%   Endpoints : 5596 / 2926
  Tool     : Synopsys PrimeTime 2023.06-SP3
  Runtime  : 00:01:50         Memory : 1.959 GB
  Run Dir  : /proj/cpu_rtl/sta/WRITEBACK/RESULT_BROADCAST_BUS/run_ff_1p32v_1p32v_n40c

  File     : 25_HOLD_TT_25C_ECO_RESULT_BUS_TOP.rpt
  Design   : RESULT_BUS_TOP        Corner : tt_0p90v_0p90v_25c
  Check    : hold        Clock  : CLK_CORE  Period = 2.0 ns  (500.0 MHz)
  WNS      :   +1.154 ns   TNS :   +0.000 ns   WHS :   +0.000 ns
  Slack    :   +1.154 ns   Status : MET
  Status   : ALL PATHS CLEAN -- No Setup or Hold Violations
  Coverage : 100.0%   Endpoints : 3808 / 3085
  Tool     : Synopsys PrimeTime 2023.06-SP3
  Runtime  : 00:08:50         Memory : 4.266 GB
  Run Dir  : /proj/cpu_rtl/sta/WRITEBACK/RESULT_BROADCAST_BUS/run_tt_0p90v_0p90v_25c

  File     : 27_HOLD_FF_N40C_SI_RESULT_BUS_TOP.rpt
  Design   : RESULT_BUS_TOP        Corner : ff_1p16v_1p16v_n40c
  Check    : hold        Clock  : CLK_CORE  Period = 2.0 ns  (500.0 MHz)
  WNS      :   +1.098 ns   TNS :   +0.000 ns   WHS :   +0.000 ns
  Slack    :   +1.098 ns   Status : MET
  Status   : ALL PATHS CLEAN -- No Setup or Hold Violations
  Coverage : 100.0%   Endpoints : 5781 / 6982
  Tool     : Synopsys PrimeTime 2023.06-SP3
  Runtime  : 00:07:47         Memory : 1.469 GB
  Run Dir  : /proj/cpu_rtl/sta/WRITEBACK/RESULT_BROADCAST_BUS/run_ff_1p16v_1p16v_n40c

  File     : 29_HOLD_FF_N40C_FINAL_RESULT_BUS_TOP.rpt
  Design   : RESULT_BUS_TOP        Corner : ff_1p16v_1p16v_n40c
  Check    : hold        Clock  : CLK_CORE  Period = 2.0 ns  (500.0 MHz)
  WNS      :   +1.069 ns   TNS :   +0.000 ns   WHS :   +0.000 ns
  Slack    :   +1.069 ns   Status : MET
  Status   : ALL PATHS CLEAN -- No Setup or Hold Violations
  Coverage : 100.0%   Endpoints : 3341 / 1809
  Tool     : Synopsys PrimeTime 2023.06-SP3
  Runtime  : 00:03:43         Memory : 3.679 GB
  Run Dir  : /proj/cpu_rtl/sta/WRITEBACK/RESULT_BROADCAST_BUS/run_ff_1p16v_1p16v_n40c

  File     : RESULT_BUS_TIMING.rpt
  Design   : N/A                   Corner : N/A
  Check    : N/A         Clock  : N/A  Period = 0.0 ns  (0.0 MHz)
  WNS      :   +0.000 ns   TNS :   +0.000 ns   WHS :   +0.000 ns
  Slack    :   +0.000 ns   Status : UNKNOWN
  Status   : N/A
  Coverage : 0.0%   Endpoints : 0 / 0
  Tool     : N/A
  Runtime  : N/A              Memory : N/A
  Run Dir  : N/A


================================================================================
END OF BLOCK DUMP LOG
================================================================================