****************************************
Report : timing
        -path_type full
        -delay_type max
        -max_paths 10
        -sort_by slack
Design : DTLB_TOP
Version: PrimeTime 2023.06-SP3
Date   : Sat Aug 15 17:34:54 2026
Corner : ss_0p63v_0p63v_125c
Note   : Low-Vdd Setup   — Ultra-low voltage corner
****************************************

Operating Conditions : ss_0p63v_0p63v_125c (Library: saed32nm_rvt)
Wire Load Model Mode : Interconnect (StarRC Extracted)

  Startpoint : u_dtlb_tag/din_reg[0]
               (rising edge-triggered flip-flop clocked by CLK_CORE)
  Endpoint   : u_dtlb_lru/dout_reg[0]
               (rising edge-triggered flip-flop clocked by CLK_CORE)
  Path Group : CLK_CORE
  Path Type  : max

  Point                                                   Incr        Path
  -------------------------------------------------------------------------
  clock CLK_CORE (rise edge)                                  0.000       0.000
  clock network delay (propagated)                        0.131      0.131
  u_dtlb_tag/din_reg[0]/CK (DFFARX1_RVT)                        0.000       0.131 r
  u_dtlb_tag/din_reg[0]/Q  (DFFARX1_RVT)                        0.114       0.245 r
  u_dtlb_tag/U12/Y (INVX2_RVT)                                  0.036       0.281 f
  u_dtlb_tag/U34/Y (NAND2X1_RVT)                                0.069       0.35 r
  u_dtlb_data/U07/Y (AOI22X1_RVT)                                0.101       0.451 f
  u_dtlb_data/U19/Y (OAI21X1_RVT)                                0.095       0.546 r
  u_dtlb_ctrl/U03/Y (MUX21X1_RVT)                                0.062       0.608 r
  u_dtlb_ctrl/U11/Y (AND2X1_RVT)                                 0.056       0.664 f
  u_dtlb_ctrl/U22/Y (NOR2X1_RVT)                                 0.062       0.726 r
  u_dtlb_lru/U05/Y (BUFX4_RVT)                                  0.077       0.803 r
  u_dtlb_lru/dout_reg[0]/D (DFFARX1_RVT)                        0.054      0.857 f
  data arrival time                                                    0.857

  clock CLK_CORE (rise edge)                                  2     2
  clock network delay (propagated)                        0.131      2.131
  clock uncertainty                                      -0.05   2.081
  u_dtlb_lru/dout_reg[0]/CK (DFFARX1_RVT)                       0.000       2.081 r
  library setup time                                     -0.078   2.003
  data required time                                                   2.003
  -------------------------------------------------------------------------
  data required time                                                   2.003
  data arrival time                                                   -0.857
  -------------------------------------------------------------------------
  slack (MET)   1.146


=========================================================================
                   DTLB_TOP — TIMING SUMMARY
=========================================================================

  Block        : DTLB_TOP
  Corner       : ss_0p63v_0p63v_125c
  Check        : max  (Low-Vdd Setup   — Ultra-low voltage corner)
  Clock        : CLK_CORE  Period = 2 ns  (500 MHz)
  Technology   : SAED 32nm RVT

  ┌────────────────────────────────────────────────────────────────┐
  │ Sub-Unit      WNS (ns)  TNS (ns)  #Viol   WHS (ns)  #HViol  │
  ├────────────────────────────────────────────────────────────────┤
  │ u_dtlb_tag          1.146       0        0      0.076        0     │
  │ u_dtlb_data          0.179       0        0      0.058        0     │
  │ u_dtlb_ctrl          0.177       0        0      0.09        0     │
  │ u_dtlb_lru          0.142       0        0      0.119        0     │
  ├────────────────────────────────────────────────────────────────┤
  │ DTLB_TOP  1.146       0        0      0.076        0     │
  └────────────────────────────────────────────────────────────────┘

  Status : ALL PATHS CLEAN — No Setup or Hold Violations


=========================================================================
                   TIMING EXCEPTIONS APPLIED
=========================================================================

  set_false_path -from [get_ports SCAN_EN]      -to [all_registers]
  set_false_path -from [get_ports TEST_MODE]     -to [all_registers]
  set_multicycle_path 2 -setup -from [get_cells u_dtlb_tag/*] -to [get_cells u_dtlb_lru/*]
  set_multicycle_path 1 -hold  -from [get_cells u_dtlb_tag/*] -to [get_cells u_dtlb_lru/*]
  set_input_delay  0.400 -clock CLK_CORE -max [all_inputs]
  set_output_delay 0.350 -clock CLK_CORE -max [all_outputs]


=========================================================================
                   CLOCK DOMAIN SUMMARY
=========================================================================

  Clock    : CLK_CORE
  Period   : 2 ns
  Waveform : {0.000 1}
  Skew     : 0.021 ns  (max across DTLB_TOP)
  Latency  : 0.131 ns  (max)


=========================================================================
                   CONSTRAINT COVERAGE
=========================================================================

  Total register endpoints   : 2382
  Constrained endpoints      : 1866
  Unconstrained endpoints    :      0
  Coverage                   :  100.0%


=========================================================================
                   TOOL / RUN INFORMATION
=========================================================================

  Tool         : Synopsys PrimeTime 2023.06-SP3
  Run Host     : sta-server-01
  Run Dir      : /proj/cpu_rtl/sta/MEMORY/DTLB/run_ss_0p63v_0p63v_125c
  SDC File     : /proj/cpu_rtl/constraints/DTLB_TOP.sdc
  Netlist      : /proj/cpu_rtl/netlist/DTLB_TOP.v.gz
  SPEF File    : /proj/cpu_rtl/spef/DTLB_TOP.spef.gz
  Liberty      : saed32nm_rvt_ss_0p63v_0p63v_125c.db
  Elapsed Time : 00:05:41
  Peak Memory  : 2.339 GB

=========================================================================
End of Report
=========================================================================
