****************************************
Report : timing
        -path_type full
        -delay_type max
        -max_paths 10
        -sort_by slack
Design : DTLB_TOP
Version: PrimeTime 2023.06-SP3
Date   : Sat Aug 15 18:20:44 2026
Corner : ss_0p72v_0p72v_125c
Note   : Setup POCV (Parametric OCV) — sigma=3
****************************************

Operating Conditions : ss_0p72v_0p72v_125c (Library: saed32nm_rvt)
Wire Load Model Mode : Interconnect (StarRC Extracted)

  Startpoint : u_dtlb_tag/din_reg[0]
               (rising edge-triggered flip-flop clocked by CLK_CORE)
  Endpoint   : u_dtlb_lru/dout_reg[0]
               (rising edge-triggered flip-flop clocked by CLK_CORE)
  Path Group : CLK_CORE
  Path Type  : max

  Point                                                   Incr        Path
  -------------------------------------------------------------------------
  clock CLK_CORE (rise edge)                                  0.000       0.000
  clock network delay (propagated)                        0.155      0.155
  u_dtlb_tag/din_reg[0]/CK (DFFARX1_RVT)                        0.000       0.155 r
  u_dtlb_tag/din_reg[0]/Q  (DFFARX1_RVT)                        0.122         0.277 r
  u_dtlb_tag/U12/Y (INVX2_RVT)                                  0.046         0.323 f
  u_dtlb_tag/U34/Y (NAND2X1_RVT)                                0.057         0.38 r
  u_dtlb_data/U07/Y (AOI22X1_RVT)                                0.078         0.458 f
  u_dtlb_data/U19/Y (OAI21X1_RVT)                                0.118         0.576 r
  u_dtlb_ctrl/U03/Y (MUX21X1_RVT)                                0.096         0.672 r
  u_dtlb_ctrl/U11/Y (AND2X1_RVT)                                 0.071         0.743 f
  u_dtlb_ctrl/U22/Y (NOR2X1_RVT)                                 0.04         0.783 r
  u_dtlb_lru/U05/Y (BUFX4_RVT)                                  0.083         0.866 r
  u_dtlb_lru/dout_reg[0]/D (DFFARX1_RVT)                        0.071        0.937 f
  data arrival time                                                    0.937

  clock CLK_CORE (rise edge)                                  2     2
  clock network delay (propagated)                        0.155      2.155
  clock uncertainty                                      -0.05   2.105
  u_dtlb_lru/dout_reg[0]/CK (DFFARX1_RVT)                       0.000       2.105 r
  library setup time                                     -0.068   2.037
  data required time                                                   2.037
  -------------------------------------------------------------------------
  data required time                                                   2.037
  data arrival time                                                   -0.937
  -------------------------------------------------------------------------
  slack (MET)      1.1


=========================================================================
                   DTLB_TOP -- TIMING SUMMARY
=========================================================================

  Block        : DTLB_TOP
  Corner       : ss_0p72v_0p72v_125c
  Check        : max  (Setup POCV (Parametric OCV) — sigma=3)
  Clock        : CLK_CORE  Period = 2 ns  (500 MHz)
  Technology   : SAED 32nm RVT

  +------------------------------------------------------------------+
  | Sub-Unit          WNS (ns)  TNS (ns)  #Viol   WHS (ns)  #HViol  |
  +------------------------------------------------------------------+
  | u_dtlb_tag          1.1       0.000       0      0.118        0     |
  | u_dtlb_data          0.159       0.000       0      0.06        0     |
  | u_dtlb_ctrl          0.159       0.000       0      0.105        0     |
  | u_dtlb_lru          0.222       0.000       0      0.072        0     |
  +------------------------------------------------------------------+
  | DTLB_TOP   1.1       0.000       0      0.118        0     |
  +------------------------------------------------------------------+

  Status : ALL PATHS CLEAN -- No Setup or Hold Violations


=========================================================================
                   TIMING EXCEPTIONS APPLIED
=========================================================================

  set_false_path -from [get_ports SCAN_EN]      -to [all_registers]
  set_false_path -from [get_ports TEST_MODE]     -to [all_registers]
  set_multicycle_path 2 -setup -from [get_cells u_dtlb_tag/*] -to [get_cells u_dtlb_lru/*]
  set_multicycle_path 1 -hold  -from [get_cells u_dtlb_tag/*] -to [get_cells u_dtlb_lru/*]
  set_input_delay  0.400 -clock CLK_CORE -max [all_inputs]
  set_output_delay 0.350 -clock CLK_CORE -max [all_outputs]


=========================================================================
                   CLOCK DOMAIN SUMMARY
=========================================================================

  Clock    : CLK_CORE
  Period   : 2 ns
  Waveform : {0.000 1}
  Skew     : 0.017 ns  (max across DTLB_TOP)
  Latency  : 0.155 ns  (max)


=========================================================================
                   CONSTRAINT COVERAGE
=========================================================================

  Total register endpoints   : 4378
  Constrained endpoints      : 2923
  Unconstrained endpoints    :      0
  Coverage                   :  100.0%


=========================================================================
                   TOOL / RUN INFORMATION
=========================================================================

  Tool         : Synopsys PrimeTime 2023.06-SP3
  Run Host     : sta-server-01
  Run Dir      : /proj/cpu_rtl/sta/MEMORY/DTLB/run_ss_0p72v_0p72v_125c
  SDC File     : /proj/cpu_rtl/constraints/DTLB_TOP.sdc
  Netlist      : /proj/cpu_rtl/netlist/DTLB_TOP.v.gz
  SPEF File    : /proj/cpu_rtl/spef/DTLB_TOP.spef.gz
  Liberty      : saed32nm_rvt_ss_0p72v_0p72v_125c.db
  Elapsed Time : 00:07:54
  Peak Memory  : 2.903 GB

=========================================================================
End of Report
=========================================================================
