****************************************
Report : timing
        -path_type full
        -delay_type min
        -max_paths 10
        -sort_by slack
Design : DTLB_TOP
Version: PrimeTime 2023.06-SP3
Date   : Sat Aug 15 18:20:45 2026
Corner : ff_1p16v_1p16v_n40c
Note   : Hold with Signal Integrity (crosstalk) — Fast cold
****************************************

Operating Conditions : ff_1p16v_1p16v_n40c (Library: saed32nm_rvt)
Wire Load Model Mode : Interconnect (StarRC Extracted)

  Startpoint : u_dtlb_tag/din_reg[0]
               (rising edge-triggered flip-flop clocked by CLK_CORE)
  Endpoint   : u_dtlb_lru/dout_reg[0]
               (rising edge-triggered flip-flop clocked by CLK_CORE)
  Path Group : CLK_CORE
  Path Type  : min

  Point                                                   Incr        Path
  -------------------------------------------------------------------------
  clock CLK_CORE (rise edge)                                  0.000       0.000
  clock network delay (propagated)                        0.147      0.147
  u_dtlb_tag/din_reg[0]/CK (DFFARX1_RVT)                        0.000       0.147 r
  u_dtlb_tag/din_reg[0]/Q  (DFFARX1_RVT)                        0.114         0.261 r
  u_dtlb_tag/U12/Y (INVX2_RVT)                                  0.052         0.313 f
  u_dtlb_tag/U34/Y (NAND2X1_RVT)                                0.076         0.389 r
  u_dtlb_data/U07/Y (AOI22X1_RVT)                                0.093         0.482 f
  u_dtlb_data/U19/Y (OAI21X1_RVT)                                0.084         0.566 r
  u_dtlb_ctrl/U03/Y (MUX21X1_RVT)                                0.061         0.627 r
  u_dtlb_ctrl/U11/Y (AND2X1_RVT)                                 0.064         0.691 f
  u_dtlb_ctrl/U22/Y (NOR2X1_RVT)                                 0.063         0.754 r
  u_dtlb_lru/U05/Y (BUFX4_RVT)                                  0.082         0.836 r
  u_dtlb_lru/dout_reg[0]/D (DFFARX1_RVT)                        0.057        0.893 f
  data arrival time                                                    0.893

  clock CLK_CORE (rise edge)                                  2     2
  clock network delay (propagated)                        0.147      2.147
  clock uncertainty                                      -0.05   2.097
  u_dtlb_lru/dout_reg[0]/CK (DFFARX1_RVT)                       0.000       2.097 r
  library setup time                                     -0.079   2.018
  data required time                                                   2.018
  -------------------------------------------------------------------------
  data required time                                                   2.018
  data arrival time                                                   -0.893
  -------------------------------------------------------------------------
  slack (MET)      1.125


=========================================================================
                   DTLB_TOP -- TIMING SUMMARY
=========================================================================

  Block        : DTLB_TOP
  Corner       : ff_1p16v_1p16v_n40c
  Check        : min  (Hold with Signal Integrity (crosstalk) — Fast cold)
  Clock        : CLK_CORE  Period = 2 ns  (500 MHz)
  Technology   : SAED 32nm RVT

  +------------------------------------------------------------------+
  | Sub-Unit          WNS (ns)  TNS (ns)  #Viol   WHS (ns)  #HViol  |
  +------------------------------------------------------------------+
  | u_dtlb_tag          1.125       0.000       0      0.092        0     |
  | u_dtlb_data          0.18       0.000       0      0.055        0     |
  | u_dtlb_ctrl          0.081       0.000       0      0.106        0     |
  | u_dtlb_lru          0.117       0.000       0      0.076        0     |
  +------------------------------------------------------------------+
  | DTLB_TOP   1.125       0.000       0      0.092        0     |
  +------------------------------------------------------------------+

  Status : ALL PATHS CLEAN -- No Setup or Hold Violations


=========================================================================
                   TIMING EXCEPTIONS APPLIED
=========================================================================

  set_false_path -from [get_ports SCAN_EN]      -to [all_registers]
  set_false_path -from [get_ports TEST_MODE]     -to [all_registers]
  set_multicycle_path 2 -setup -from [get_cells u_dtlb_tag/*] -to [get_cells u_dtlb_lru/*]
  set_multicycle_path 1 -hold  -from [get_cells u_dtlb_tag/*] -to [get_cells u_dtlb_lru/*]
  set_input_delay  0.400 -clock CLK_CORE -max [all_inputs]
  set_output_delay 0.350 -clock CLK_CORE -max [all_outputs]


=========================================================================
                   CLOCK DOMAIN SUMMARY
=========================================================================

  Clock    : CLK_CORE
  Period   : 2 ns
  Waveform : {0.000 1}
  Skew     : 0.02 ns  (max across DTLB_TOP)
  Latency  : 0.147 ns  (max)


=========================================================================
                   CONSTRAINT COVERAGE
=========================================================================

  Total register endpoints   : 3382
  Constrained endpoints      : 2473
  Unconstrained endpoints    :      0
  Coverage                   :  100.0%


=========================================================================
                   TOOL / RUN INFORMATION
=========================================================================

  Tool         : Synopsys PrimeTime 2023.06-SP3
  Run Host     : sta-server-01
  Run Dir      : /proj/cpu_rtl/sta/MEMORY/DTLB/run_ff_1p16v_1p16v_n40c
  SDC File     : /proj/cpu_rtl/constraints/DTLB_TOP.sdc
  Netlist      : /proj/cpu_rtl/netlist/DTLB_TOP.v.gz
  SPEF File    : /proj/cpu_rtl/spef/DTLB_TOP.spef.gz
  Liberty      : saed32nm_rvt_ff_1p16v_1p16v_n40c.db
  Elapsed Time : 00:04:20
  Peak Memory  : 1.28 GB

=========================================================================
End of Report
=========================================================================
