****************************************
Report : timing
        -path_type full
        -delay_type max
        -max_paths 10
        -sort_by slack
Design : DTLB_TOP
Version: PrimeTime 2023.06-SP3
Date   : Sat Aug 15 18:20:45 2026
Corner : tt_0p90v_0p90v_25c
Note   : Final tapeout sign-off setup — Nominal corner
****************************************

Operating Conditions : tt_0p90v_0p90v_25c (Library: saed32nm_rvt)
Wire Load Model Mode : Interconnect (StarRC Extracted)

  Startpoint : u_dtlb_tag/din_reg[0]
               (rising edge-triggered flip-flop clocked by CLK_CORE)
  Endpoint   : u_dtlb_lru/dout_reg[0]
               (rising edge-triggered flip-flop clocked by CLK_CORE)
  Path Group : CLK_CORE
  Path Type  : max

  Point                                                   Incr        Path
  -------------------------------------------------------------------------
  clock CLK_CORE (rise edge)                                  0.000       0.000
  clock network delay (propagated)                        0.161      0.161
  u_dtlb_tag/din_reg[0]/CK (DFFARX1_RVT)                        0.000       0.161 r
  u_dtlb_tag/din_reg[0]/Q  (DFFARX1_RVT)                        0.143         0.304 r
  u_dtlb_tag/U12/Y (INVX2_RVT)                                  0.034         0.338 f
  u_dtlb_tag/U34/Y (NAND2X1_RVT)                                0.056         0.394 r
  u_dtlb_data/U07/Y (AOI22X1_RVT)                                0.094         0.488 f
  u_dtlb_data/U19/Y (OAI21X1_RVT)                                0.091         0.579 r
  u_dtlb_ctrl/U03/Y (MUX21X1_RVT)                                0.086         0.665 r
  u_dtlb_ctrl/U11/Y (AND2X1_RVT)                                 0.083         0.748 f
  u_dtlb_ctrl/U22/Y (NOR2X1_RVT)                                 0.06         0.808 r
  u_dtlb_lru/U05/Y (BUFX4_RVT)                                  0.059         0.867 r
  u_dtlb_lru/dout_reg[0]/D (DFFARX1_RVT)                        0.074        0.941 f
  data arrival time                                                    0.941

  clock CLK_CORE (rise edge)                                  2     2
  clock network delay (propagated)                        0.161      2.161
  clock uncertainty                                      -0.05   2.111
  u_dtlb_lru/dout_reg[0]/CK (DFFARX1_RVT)                       0.000       2.111 r
  library setup time                                     -0.07   2.041
  data required time                                                   2.041
  -------------------------------------------------------------------------
  data required time                                                   2.041
  data arrival time                                                   -0.941
  -------------------------------------------------------------------------
  slack (MET)      1.1


=========================================================================
                   DTLB_TOP -- TIMING SUMMARY
=========================================================================

  Block        : DTLB_TOP
  Corner       : tt_0p90v_0p90v_25c
  Check        : max  (Final tapeout sign-off setup — Nominal corner)
  Clock        : CLK_CORE  Period = 2 ns  (500 MHz)
  Technology   : SAED 32nm RVT

  +------------------------------------------------------------------+
  | Sub-Unit          WNS (ns)  TNS (ns)  #Viol   WHS (ns)  #HViol  |
  +------------------------------------------------------------------+
  | u_dtlb_tag          1.1       0.000       0      0.083        0     |
  | u_dtlb_data          0.12       0.000       0      0.088        0     |
  | u_dtlb_ctrl          0.217       0.000       0      0.114        0     |
  | u_dtlb_lru          0.126       0.000       0      0.09        0     |
  +------------------------------------------------------------------+
  | DTLB_TOP   1.1       0.000       0      0.083        0     |
  +------------------------------------------------------------------+

  Status : ALL PATHS CLEAN -- No Setup or Hold Violations


=========================================================================
                   TIMING EXCEPTIONS APPLIED
=========================================================================

  set_false_path -from [get_ports SCAN_EN]      -to [all_registers]
  set_false_path -from [get_ports TEST_MODE]     -to [all_registers]
  set_multicycle_path 2 -setup -from [get_cells u_dtlb_tag/*] -to [get_cells u_dtlb_lru/*]
  set_multicycle_path 1 -hold  -from [get_cells u_dtlb_tag/*] -to [get_cells u_dtlb_lru/*]
  set_input_delay  0.400 -clock CLK_CORE -max [all_inputs]
  set_output_delay 0.350 -clock CLK_CORE -max [all_outputs]


=========================================================================
                   CLOCK DOMAIN SUMMARY
=========================================================================

  Clock    : CLK_CORE
  Period   : 2 ns
  Waveform : {0.000 1}
  Skew     : 0.02 ns  (max across DTLB_TOP)
  Latency  : 0.161 ns  (max)


=========================================================================
                   CONSTRAINT COVERAGE
=========================================================================

  Total register endpoints   : 2908
  Constrained endpoints      : 3711
  Unconstrained endpoints    :      0
  Coverage                   :  100.0%


=========================================================================
                   TOOL / RUN INFORMATION
=========================================================================

  Tool         : Synopsys PrimeTime 2023.06-SP3
  Run Host     : sta-server-01
  Run Dir      : /proj/cpu_rtl/sta/MEMORY/DTLB/run_tt_0p90v_0p90v_25c
  SDC File     : /proj/cpu_rtl/constraints/DTLB_TOP.sdc
  Netlist      : /proj/cpu_rtl/netlist/DTLB_TOP.v.gz
  SPEF File    : /proj/cpu_rtl/spef/DTLB_TOP.spef.gz
  Liberty      : saed32nm_rvt_tt_0p90v_0p90v_25c.db
  Elapsed Time : 00:02:47
  Peak Memory  : 2.261 GB

=========================================================================
End of Report
=========================================================================
