****************************************
Report : timing
        -path_type full
        -delay_type min
        -max_paths 10
        -sort_by slack
Design : L3_LLC_TOP
Version: PrimeTime 2023.06-SP3
Date   : Sat Aug 15 17:34:54 2026
Corner : tt_0p90v_0p90v_25c
Note   : Typical Hold    — Nominal corner
****************************************

Operating Conditions : tt_0p90v_0p90v_25c (Library: saed32nm_rvt)
Wire Load Model Mode : Interconnect (StarRC Extracted)

  Startpoint : u_l3_tag/din_reg[0]
               (rising edge-triggered flip-flop clocked by CLK_UNCORE)
  Endpoint   : u_l3_lru/dout_reg[0]
               (rising edge-triggered flip-flop clocked by CLK_UNCORE)
  Path Group : CLK_UNCORE
  Path Type  : min

  Point                                                   Incr        Path
  -------------------------------------------------------------------------
  clock CLK_UNCORE (rise edge)                                  0.000       0.000
  clock network delay (propagated)                        0.14      0.14
  u_l3_tag/din_reg[0]/CK (DFFARX1_RVT)                        0.000       0.14 r
  u_l3_tag/din_reg[0]/Q  (DFFARX1_RVT)                        0.119       0.259 r
  u_l3_tag/U12/Y (INVX2_RVT)                                  0.04       0.299 f
  u_l3_tag/U34/Y (NAND2X1_RVT)                                0.06       0.359 r
  u_l3_data/U07/Y (AOI22X1_RVT)                                0.079       0.438 f
  u_l3_data/U19/Y (OAI21X1_RVT)                                0.085       0.523 r
  u_l3_ctrl/U03/Y (MUX21X1_RVT)                                0.092       0.615 r
  u_l3_ctrl/U11/Y (AND2X1_RVT)                                 0.071       0.686 f
  u_l3_ctrl/U22/Y (NOR2X1_RVT)                                 0.049       0.735 r
  u_l3_lru/U05/Y (BUFX4_RVT)                                  0.068       0.803 r
  u_l3_lru/dout_reg[0]/D (DFFARX1_RVT)                        0.071      0.874 f
  data arrival time                                                    0.874

  clock CLK_UNCORE (rise edge)                                  3.333     3.333
  clock network delay (propagated)                        0.14      3.473
  clock uncertainty                                      -0.05   3.423
  u_l3_lru/dout_reg[0]/CK (DFFARX1_RVT)                       0.000       3.423 r
  library setup time                                     -0.074   3.349
  data required time                                                   3.349
  -------------------------------------------------------------------------
  data required time                                                   3.349
  data arrival time                                                   -0.874
  -------------------------------------------------------------------------
  slack (MET)   2.475


=========================================================================
                   L3_LLC_TOP — TIMING SUMMARY
=========================================================================

  Block        : L3_LLC_TOP
  Corner       : tt_0p90v_0p90v_25c
  Check        : min  (Typical Hold    — Nominal corner)
  Clock        : CLK_UNCORE  Period = 3.333 ns  (300 MHz)
  Technology   : SAED 32nm RVT

  ┌────────────────────────────────────────────────────────────────┐
  │ Sub-Unit      WNS (ns)  TNS (ns)  #Viol   WHS (ns)  #HViol  │
  ├────────────────────────────────────────────────────────────────┤
  │ u_l3_tag          2.475       0        0      0.101        0     │
  │ u_l3_data          0.13       0        0      0.065        0     │
  │ u_l3_ctrl          0.088       0        0      0.089        0     │
  │ u_l3_lru          0.183       0        0      0.1        0     │
  ├────────────────────────────────────────────────────────────────┤
  │ L3_LLC_TOP  2.475       0        0      0.101        0     │
  └────────────────────────────────────────────────────────────────┘

  Status : ALL PATHS CLEAN — No Setup or Hold Violations


=========================================================================
                   TIMING EXCEPTIONS APPLIED
=========================================================================

  set_false_path -from [get_ports SCAN_EN]      -to [all_registers]
  set_false_path -from [get_ports TEST_MODE]     -to [all_registers]
  set_multicycle_path 2 -setup -from [get_cells u_l3_tag/*] -to [get_cells u_l3_lru/*]
  set_multicycle_path 1 -hold  -from [get_cells u_l3_tag/*] -to [get_cells u_l3_lru/*]
  set_input_delay  0.400 -clock CLK_UNCORE -max [all_inputs]
  set_output_delay 0.350 -clock CLK_UNCORE -max [all_outputs]


=========================================================================
                   CLOCK DOMAIN SUMMARY
=========================================================================

  Clock    : CLK_UNCORE
  Period   : 3.333 ns
  Waveform : {0.000 1.666}
  Skew     : 0.015 ns  (max across L3_LLC_TOP)
  Latency  : 0.14 ns  (max)


=========================================================================
                   CONSTRAINT COVERAGE
=========================================================================

  Total register endpoints   : 5122
  Constrained endpoints      : 2603
  Unconstrained endpoints    :      0
  Coverage                   :  100.0%


=========================================================================
                   TOOL / RUN INFORMATION
=========================================================================

  Tool         : Synopsys PrimeTime 2023.06-SP3
  Run Host     : sta-server-01
  Run Dir      : /proj/cpu_rtl/sta/CACHE/L3_LLC/run_tt_0p90v_0p90v_25c
  SDC File     : /proj/cpu_rtl/constraints/L3_LLC_TOP.sdc
  Netlist      : /proj/cpu_rtl/netlist/L3_LLC_TOP.v.gz
  SPEF File    : /proj/cpu_rtl/spef/L3_LLC_TOP.spef.gz
  Liberty      : saed32nm_rvt_tt_0p90v_0p90v_25c.db
  Elapsed Time : 00:04:31
  Peak Memory  : 3.327 GB

=========================================================================
End of Report
=========================================================================
