****************************************
Report : timing
        -path_type full
        -delay_type max
        -max_paths 10
        -sort_by slack
Design : L3_LLC_TOP
Version: PrimeTime 2023.06-SP3
Date   : Sat Aug 15 17:34:54 2026
Corner : tt_0p90v_0p90v_25c
Note   : Clock Gating Check — Nominal corner
****************************************

Operating Conditions : tt_0p90v_0p90v_25c (Library: saed32nm_rvt)
Wire Load Model Mode : Interconnect (StarRC Extracted)

  Startpoint : u_l3_tag/din_reg[0]
               (rising edge-triggered flip-flop clocked by CLK_UNCORE)
  Endpoint   : u_l3_lru/dout_reg[0]
               (rising edge-triggered flip-flop clocked by CLK_UNCORE)
  Path Group : CLK_UNCORE
  Path Type  : max

  Point                                                   Incr        Path
  -------------------------------------------------------------------------
  clock CLK_UNCORE (rise edge)                                  0.000       0.000
  clock network delay (propagated)                        0.148      0.148
  u_l3_tag/din_reg[0]/CK (DFFARX1_RVT)                        0.000       0.148 r
  u_l3_tag/din_reg[0]/Q  (DFFARX1_RVT)                        0.139       0.287 r
  u_l3_tag/U12/Y (INVX2_RVT)                                  0.037       0.324 f
  u_l3_tag/U34/Y (NAND2X1_RVT)                                0.085       0.409 r
  u_l3_data/U07/Y (AOI22X1_RVT)                                0.099       0.508 f
  u_l3_data/U19/Y (OAI21X1_RVT)                                0.084       0.592 r
  u_l3_ctrl/U03/Y (MUX21X1_RVT)                                0.076       0.668 r
  u_l3_ctrl/U11/Y (AND2X1_RVT)                                 0.069       0.737 f
  u_l3_ctrl/U22/Y (NOR2X1_RVT)                                 0.069       0.806 r
  u_l3_lru/U05/Y (BUFX4_RVT)                                  0.086       0.892 r
  u_l3_lru/dout_reg[0]/D (DFFARX1_RVT)                        0.077      0.969 f
  data arrival time                                                    0.969

  clock CLK_UNCORE (rise edge)                                  3.333     3.333
  clock network delay (propagated)                        0.148      3.481
  clock uncertainty                                      -0.05   3.431
  u_l3_lru/dout_reg[0]/CK (DFFARX1_RVT)                       0.000       3.431 r
  library setup time                                     -0.069   3.362
  data required time                                                   3.362
  -------------------------------------------------------------------------
  data required time                                                   3.362
  data arrival time                                                   -0.969
  -------------------------------------------------------------------------
  slack (MET)   2.393


=========================================================================
                   L3_LLC_TOP — TIMING SUMMARY
=========================================================================

  Block        : L3_LLC_TOP
  Corner       : tt_0p90v_0p90v_25c
  Check        : max  (Clock Gating Check — Nominal corner)
  Clock        : CLK_UNCORE  Period = 3.333 ns  (300 MHz)
  Technology   : SAED 32nm RVT

  ┌────────────────────────────────────────────────────────────────┐
  │ Sub-Unit      WNS (ns)  TNS (ns)  #Viol   WHS (ns)  #HViol  │
  ├────────────────────────────────────────────────────────────────┤
  │ u_l3_tag          2.393       0        0      0.117        0     │
  │ u_l3_data          0.126       0        0      0.072        0     │
  │ u_l3_ctrl          0.192       0        0      0.09        0     │
  │ u_l3_lru          0.052       0        0      0.081        0     │
  ├────────────────────────────────────────────────────────────────┤
  │ L3_LLC_TOP  2.393       0        0      0.117        0     │
  └────────────────────────────────────────────────────────────────┘

  Status : ALL PATHS CLEAN — No Setup or Hold Violations


=========================================================================
                   TIMING EXCEPTIONS APPLIED
=========================================================================

  set_false_path -from [get_ports SCAN_EN]      -to [all_registers]
  set_false_path -from [get_ports TEST_MODE]     -to [all_registers]
  set_multicycle_path 2 -setup -from [get_cells u_l3_tag/*] -to [get_cells u_l3_lru/*]
  set_multicycle_path 1 -hold  -from [get_cells u_l3_tag/*] -to [get_cells u_l3_lru/*]
  set_input_delay  0.400 -clock CLK_UNCORE -max [all_inputs]
  set_output_delay 0.350 -clock CLK_UNCORE -max [all_outputs]


=========================================================================
                   CLOCK DOMAIN SUMMARY
=========================================================================

  Clock    : CLK_UNCORE
  Period   : 3.333 ns
  Waveform : {0.000 1.666}
  Skew     : 0.024 ns  (max across L3_LLC_TOP)
  Latency  : 0.148 ns  (max)


=========================================================================
                   CONSTRAINT COVERAGE
=========================================================================

  Total register endpoints   : 5422
  Constrained endpoints      : 1052
  Unconstrained endpoints    :      0
  Coverage                   :  100.0%


=========================================================================
                   TOOL / RUN INFORMATION
=========================================================================

  Tool         : Synopsys PrimeTime 2023.06-SP3
  Run Host     : sta-server-01
  Run Dir      : /proj/cpu_rtl/sta/CACHE/L3_LLC/run_tt_0p90v_0p90v_25c
  SDC File     : /proj/cpu_rtl/constraints/L3_LLC_TOP.sdc
  Netlist      : /proj/cpu_rtl/netlist/L3_LLC_TOP.v.gz
  SPEF File    : /proj/cpu_rtl/spef/L3_LLC_TOP.spef.gz
  Liberty      : saed32nm_rvt_tt_0p90v_0p90v_25c.db
  Elapsed Time : 00:01:31
  Peak Memory  : 2.659 GB

=========================================================================
End of Report
=========================================================================
