================================================================================
  STA BLOCK DUMP LOG  —  L3_LLC_TOP
================================================================================

  Block Directory : D:\Certificates\PD_STA_REPORTS\CACHE\L3_LLC
  Design          : L3_LLC_TOP
  Parsed At       : 2026-08-15T22:26:20
  Total Reports   : 11


OWNERSHIP
----------------------------------------
  BLOCK TIMING OWNER           : User51  <user51@company.com>  [EMP-2051]
  TEAM LEAD                    : MTO_User9  <mto9@company.com>  [EMP-1009]
  RTL TEAM LEAD                : TeamLead9  <teamlead9@company.com>
  PD ENGINEER                  : PDEng9  <pdeng9@company.com>
  STA ENGINEER                 : STAEng9  <staeng9@company.com>
  CHIP STA LEAD                : STALead1  <stalead1@company.com>  [EMP-0004]

AGGREGATE SUMMARY
----------------------------------------
  Overall Status   : MET
  Worst WNS  (ns)  : 0.000
  Worst TNS  (ns)  : 0.000
  Worst WHS  (ns)  : 0.000
  Best  WNS  (ns)  : 2.489
  Total Violations : 0

BY CORNER
----------------------------------------
  Name                                              #       WNS       TNS       WHS  STATUS
  ─────────────────────────────────────────────  ────  ────────  ────────  ────────  ──────────
  N/A                                               1     0.000     0.000     0.000  MET
  ff_1p16v_1p16v_125c                               1     2.429     0.000     0.096  MET
  ff_1p16v_1p16v_n40c                               1     2.426     0.000     0.105  MET
  ss_0p63v_0p63v_125c                               1     2.407     0.000     0.069  MET
  ss_0p72v_0p72v_125c                               2     2.375     0.000     0.077  MET
  ss_0p72v_0p72v_n40c                               1     2.444     0.000     0.108  MET
  tt_0p90v_0p90v_25c                                4     2.393     0.000     0.083  MET

BY CHECK TYPE
----------------------------------------
  Name                                              #       WNS       TNS       WHS  STATUS
  ─────────────────────────────────────────────  ────  ────────  ────────  ────────  ──────────
  N/A                                               1     0.000     0.000     0.000  MET
  hold                                              3     2.426     0.000     0.096  MET
  setup                                             7     2.375     0.000     0.069  MET

PER-REPORT DETAIL
----------------------------------------
  File     : 01_SETUP_SS_125C_L3_LLC_TOP.rpt
  Design   : L3_LLC_TOP            Corner : ss_0p72v_0p72v_125c
  Check    : setup       Clock  : CLK_UNCORE  Period = 3.333 ns  (300.0 MHz)
  WNS      :   +2.489 ns   TNS :   +0.000 ns   WHS :   +0.077 ns
  Slack    :   +2.489 ns   Status : MET
  Status   : ALL PATHS CLEAN — No Setup or Hold Violations
  Coverage : 100.0%   Endpoints : 4737 / 1990
  Tool     : Synopsys PrimeTime 2023.06-SP3
  Runtime  : 00:07:52         Memory : 3.348 GB
  Run Dir  : /proj/cpu_rtl/sta/CACHE/L3_LLC/run_ss_0p72v_0p72v_125c

  File     : 03_SETUP_TT_25C_L3_LLC_TOP.rpt
  Design   : L3_LLC_TOP            Corner : tt_0p90v_0p90v_25c
  Check    : setup       Clock  : CLK_UNCORE  Period = 3.333 ns  (300.0 MHz)
  WNS      :   +2.478 ns   TNS :   +0.000 ns   WHS :   +0.083 ns
  Slack    :   +2.478 ns   Status : MET
  Status   : ALL PATHS CLEAN — No Setup or Hold Violations
  Coverage : 100.0%   Endpoints : 5624 / 5872
  Tool     : Synopsys PrimeTime 2023.06-SP3
  Runtime  : 00:06:11         Memory : 4.329 GB
  Run Dir  : /proj/cpu_rtl/sta/CACHE/L3_LLC/run_tt_0p90v_0p90v_25c

  File     : 05_SETUP_SS_M40C_L3_LLC_TOP.rpt
  Design   : L3_LLC_TOP            Corner : ss_0p72v_0p72v_n40c
  Check    : setup       Clock  : CLK_UNCORE  Period = 3.333 ns  (300.0 MHz)
  WNS      :   +2.444 ns   TNS :   +0.000 ns   WHS :   +0.108 ns
  Slack    :   +2.444 ns   Status : MET
  Status   : ALL PATHS CLEAN — No Setup or Hold Violations
  Coverage : 100.0%   Endpoints : 5307 / 2320
  Tool     : Synopsys PrimeTime 2023.06-SP3
  Runtime  : 00:05:58         Memory : 4.793 GB
  Run Dir  : /proj/cpu_rtl/sta/CACHE/L3_LLC/run_ss_0p72v_0p72v_n40c

  File     : 07_SETUP_LVSS_125C_L3_LLC_TOP.rpt
  Design   : L3_LLC_TOP            Corner : ss_0p63v_0p63v_125c
  Check    : setup       Clock  : CLK_UNCORE  Period = 3.333 ns  (300.0 MHz)
  WNS      :   +2.407 ns   TNS :   +0.000 ns   WHS :   +0.069 ns
  Slack    :   +2.407 ns   Status : MET
  Status   : ALL PATHS CLEAN — No Setup or Hold Violations
  Coverage : 100.0%   Endpoints : 2538 / 3560
  Tool     : Synopsys PrimeTime 2023.06-SP3
  Runtime  : 00:07:24         Memory : 3.972 GB
  Run Dir  : /proj/cpu_rtl/sta/CACHE/L3_LLC/run_ss_0p63v_0p63v_125c

  File     : 10_MULTICYCLE_TT_25C_L3_LLC_TOP.rpt
  Design   : L3_LLC_TOP            Corner : tt_0p90v_0p90v_25c
  Check    : setup       Clock  : CLK_UNCORE  Period = 3.333 ns  (300.0 MHz)
  WNS      :   +2.403 ns   TNS :   +0.000 ns   WHS :   +0.098 ns
  Slack    :   +2.403 ns   Status : MET
  Status   : ALL PATHS CLEAN — No Setup or Hold Violations
  Coverage : 100.0%   Endpoints : 5468 / 1793
  Tool     : Synopsys PrimeTime 2023.06-SP3
  Runtime  : 00:04:33         Memory : 1.241 GB
  Run Dir  : /proj/cpu_rtl/sta/CACHE/L3_LLC/run_tt_0p90v_0p90v_25c

  File     : 08_CG_CHECK_TT_25C_L3_LLC_TOP.rpt
  Design   : L3_LLC_TOP            Corner : tt_0p90v_0p90v_25c
  Check    : setup       Clock  : CLK_UNCORE  Period = 3.333 ns  (300.0 MHz)
  WNS      :   +2.393 ns   TNS :   +0.000 ns   WHS :   +0.117 ns
  Slack    :   +2.393 ns   Status : MET
  Status   : ALL PATHS CLEAN — No Setup or Hold Violations
  Coverage : 100.0%   Endpoints : 1052 / 5422
  Tool     : Synopsys PrimeTime 2023.06-SP3
  Runtime  : 00:01:31         Memory : 2.659 GB
  Run Dir  : /proj/cpu_rtl/sta/CACHE/L3_LLC/run_tt_0p90v_0p90v_25c

  File     : 09_RECOVERY_SS_125C_L3_LLC_TOP.rpt
  Design   : L3_LLC_TOP            Corner : ss_0p72v_0p72v_125c
  Check    : setup       Clock  : CLK_UNCORE  Period = 3.333 ns  (300.0 MHz)
  WNS      :   +2.375 ns   TNS :   +0.000 ns   WHS :   +0.103 ns
  Slack    :   +2.375 ns   Status : MET
  Status   : ALL PATHS CLEAN — No Setup or Hold Violations
  Coverage : 100.0%   Endpoints : 4882 / 2791
  Tool     : Synopsys PrimeTime 2023.06-SP3
  Runtime  : 00:01:43         Memory : 2.444 GB
  Run Dir  : /proj/cpu_rtl/sta/CACHE/L3_LLC/run_ss_0p72v_0p72v_125c

  File     : 02_HOLD_FF_N40C_L3_LLC_TOP.rpt
  Design   : L3_LLC_TOP            Corner : ff_1p16v_1p16v_n40c
  Check    : hold        Clock  : CLK_UNCORE  Period = 3.333 ns  (300.0 MHz)
  WNS      :   +2.426 ns   TNS :   +0.000 ns   WHS :   +0.105 ns
  Slack    :   +2.426 ns   Status : MET
  Status   : ALL PATHS CLEAN — No Setup or Hold Violations
  Coverage : 100.0%   Endpoints : 1285 / 4415
  Tool     : Synopsys PrimeTime 2023.06-SP3
  Runtime  : 00:01:57         Memory : 2.79 GB
  Run Dir  : /proj/cpu_rtl/sta/CACHE/L3_LLC/run_ff_1p16v_1p16v_n40c

  File     : 04_HOLD_TT_25C_L3_LLC_TOP.rpt
  Design   : L3_LLC_TOP            Corner : tt_0p90v_0p90v_25c
  Check    : hold        Clock  : CLK_UNCORE  Period = 3.333 ns  (300.0 MHz)
  WNS      :   +2.475 ns   TNS :   +0.000 ns   WHS :   +0.101 ns
  Slack    :   +2.475 ns   Status : MET
  Status   : ALL PATHS CLEAN — No Setup or Hold Violations
  Coverage : 100.0%   Endpoints : 2603 / 5122
  Tool     : Synopsys PrimeTime 2023.06-SP3
  Runtime  : 00:04:31         Memory : 3.327 GB
  Run Dir  : /proj/cpu_rtl/sta/CACHE/L3_LLC/run_tt_0p90v_0p90v_25c

  File     : 06_HOLD_FF_125C_L3_LLC_TOP.rpt
  Design   : L3_LLC_TOP            Corner : ff_1p16v_1p16v_125c
  Check    : hold        Clock  : CLK_UNCORE  Period = 3.333 ns  (300.0 MHz)
  WNS      :   +2.429 ns   TNS :   +0.000 ns   WHS :   +0.096 ns
  Slack    :   +2.429 ns   Status : MET
  Status   : ALL PATHS CLEAN — No Setup or Hold Violations
  Coverage : 100.0%   Endpoints : 2965 / 2292
  Tool     : Synopsys PrimeTime 2023.06-SP3
  Runtime  : 00:08:48         Memory : 4.082 GB
  Run Dir  : /proj/cpu_rtl/sta/CACHE/L3_LLC/run_ff_1p16v_1p16v_125c

  File     : L3_LLC_TIMING.rpt
  Design   : N/A                   Corner : N/A
  Check    : N/A         Clock  : N/A  Period = 0.0 ns  (0.0 MHz)
  WNS      :   +0.000 ns   TNS :   +0.000 ns   WHS :   +0.000 ns
  Slack    :   +0.000 ns   Status : UNKNOWN
  Status   : N/A
  Coverage : 0.0%   Endpoints : 0 / 0
  Tool     : N/A
  Runtime  : N/A              Memory : N/A
  Run Dir  : N/A


================================================================================
END OF BLOCK DUMP LOG
================================================================================