****************************************
Report : timing
        -path_type full
        -delay_type max
        -max_paths 10
        -sort_by slack
Design : IQ_FP_TOP
Version: PrimeTime 2023.06-SP3
Date   : Sat Aug 15 17:34:53 2026
Corner : ss_0p72v_0p72v_125c
Note   : Worst-case Setup — Slow corner, high temp
****************************************

Operating Conditions : ss_0p72v_0p72v_125c (Library: saed32nm_rvt)
Wire Load Model Mode : Interconnect (StarRC Extracted)

  Startpoint : u_iqf_ent/din_reg[0]
               (rising edge-triggered flip-flop clocked by CLK_CORE)
  Endpoint   : u_iqf_age/dout_reg[0]
               (rising edge-triggered flip-flop clocked by CLK_CORE)
  Path Group : CLK_CORE
  Path Type  : max

  Point                                                   Incr        Path
  -------------------------------------------------------------------------
  clock CLK_CORE (rise edge)                                  0.000       0.000
  clock network delay (propagated)                        0.151      0.151
  u_iqf_ent/din_reg[0]/CK (DFFARX1_RVT)                        0.000       0.151 r
  u_iqf_ent/din_reg[0]/Q  (DFFARX1_RVT)                        0.114       0.265 r
  u_iqf_ent/U12/Y (INVX2_RVT)                                  0.064       0.329 f
  u_iqf_ent/U34/Y (NAND2X1_RVT)                                0.073       0.402 r
  u_iqf_wkup/U07/Y (AOI22X1_RVT)                                0.102       0.504 f
  u_iqf_wkup/U19/Y (OAI21X1_RVT)                                0.1       0.604 r
  u_iqf_sel/U03/Y (MUX21X1_RVT)                                0.099       0.703 r
  u_iqf_sel/U11/Y (AND2X1_RVT)                                 0.052       0.755 f
  u_iqf_sel/U22/Y (NOR2X1_RVT)                                 0.061       0.816 r
  u_iqf_age/U05/Y (BUFX4_RVT)                                  0.064       0.88 r
  u_iqf_age/dout_reg[0]/D (DFFARX1_RVT)                        0.051      0.931 f
  data arrival time                                                    0.931

  clock CLK_CORE (rise edge)                                  2     2
  clock network delay (propagated)                        0.151      2.151
  clock uncertainty                                      -0.05   2.101
  u_iqf_age/dout_reg[0]/CK (DFFARX1_RVT)                       0.000       2.101 r
  library setup time                                     -0.071   2.03
  data required time                                                   2.03
  -------------------------------------------------------------------------
  data required time                                                   2.03
  data arrival time                                                   -0.931
  -------------------------------------------------------------------------
  slack (MET)   1.099


=========================================================================
                   IQ_FP_TOP — TIMING SUMMARY
=========================================================================

  Block        : IQ_FP_TOP
  Corner       : ss_0p72v_0p72v_125c
  Check        : max  (Worst-case Setup — Slow corner, high temp)
  Clock        : CLK_CORE  Period = 2 ns  (500 MHz)
  Technology   : SAED 32nm RVT

  ┌────────────────────────────────────────────────────────────────┐
  │ Sub-Unit      WNS (ns)  TNS (ns)  #Viol   WHS (ns)  #HViol  │
  ├────────────────────────────────────────────────────────────────┤
  │ u_iqf_ent          1.099       0        0      0.103        0     │
  │ u_iqf_wkup          0.056       0        0      0.119        0     │
  │ u_iqf_sel          0.12       0        0      0.11        0     │
  │ u_iqf_age          0.184       0        0      0.059        0     │
  ├────────────────────────────────────────────────────────────────┤
  │ IQ_FP_TOP  1.099       0        0      0.103        0     │
  └────────────────────────────────────────────────────────────────┘

  Status : ALL PATHS CLEAN — No Setup or Hold Violations


=========================================================================
                   TIMING EXCEPTIONS APPLIED
=========================================================================

  set_false_path -from [get_ports SCAN_EN]      -to [all_registers]
  set_false_path -from [get_ports TEST_MODE]     -to [all_registers]
  set_multicycle_path 2 -setup -from [get_cells u_iqf_ent/*] -to [get_cells u_iqf_age/*]
  set_multicycle_path 1 -hold  -from [get_cells u_iqf_ent/*] -to [get_cells u_iqf_age/*]
  set_input_delay  0.400 -clock CLK_CORE -max [all_inputs]
  set_output_delay 0.350 -clock CLK_CORE -max [all_outputs]


=========================================================================
                   CLOCK DOMAIN SUMMARY
=========================================================================

  Clock    : CLK_CORE
  Period   : 2 ns
  Waveform : {0.000 1}
  Skew     : 0.027 ns  (max across IQ_FP_TOP)
  Latency  : 0.151 ns  (max)


=========================================================================
                   CONSTRAINT COVERAGE
=========================================================================

  Total register endpoints   : 3469
  Constrained endpoints      : 4608
  Unconstrained endpoints    :      0
  Coverage                   :  100.0%


=========================================================================
                   TOOL / RUN INFORMATION
=========================================================================

  Tool         : Synopsys PrimeTime 2023.06-SP3
  Run Host     : sta-server-01
  Run Dir      : /proj/cpu_rtl/sta/ISSUE/IQ_FP/run_ss_0p72v_0p72v_125c
  SDC File     : /proj/cpu_rtl/constraints/IQ_FP_TOP.sdc
  Netlist      : /proj/cpu_rtl/netlist/IQ_FP_TOP.v.gz
  SPEF File    : /proj/cpu_rtl/spef/IQ_FP_TOP.spef.gz
  Liberty      : saed32nm_rvt_ss_0p72v_0p72v_125c.db
  Elapsed Time : 00:01:30
  Peak Memory  : 2.334 GB

=========================================================================
End of Report
=========================================================================
