****************************************
Report : timing
        -path_type full
        -delay_type min
        -max_paths 10
        -sort_by slack
Design : IQ_FP_TOP
Version: PrimeTime 2023.06-SP3
Date   : Sat Aug 15 17:34:53 2026
Corner : ff_1p16v_1p16v_n40c
Note   : Worst-case Hold  — Fast corner, cold temp
****************************************

Operating Conditions : ff_1p16v_1p16v_n40c (Library: saed32nm_rvt)
Wire Load Model Mode : Interconnect (StarRC Extracted)

  Startpoint : u_iqf_ent/din_reg[0]
               (rising edge-triggered flip-flop clocked by CLK_CORE)
  Endpoint   : u_iqf_age/dout_reg[0]
               (rising edge-triggered flip-flop clocked by CLK_CORE)
  Path Group : CLK_CORE
  Path Type  : min

  Point                                                   Incr        Path
  -------------------------------------------------------------------------
  clock CLK_CORE (rise edge)                                  0.000       0.000
  clock network delay (propagated)                        0.156      0.156
  u_iqf_ent/din_reg[0]/CK (DFFARX1_RVT)                        0.000       0.156 r
  u_iqf_ent/din_reg[0]/Q  (DFFARX1_RVT)                        0.12       0.276 r
  u_iqf_ent/U12/Y (INVX2_RVT)                                  0.031       0.307 f
  u_iqf_ent/U34/Y (NAND2X1_RVT)                                0.071       0.378 r
  u_iqf_wkup/U07/Y (AOI22X1_RVT)                                0.088       0.466 f
  u_iqf_wkup/U19/Y (OAI21X1_RVT)                                0.117       0.583 r
  u_iqf_sel/U03/Y (MUX21X1_RVT)                                0.091       0.674 r
  u_iqf_sel/U11/Y (AND2X1_RVT)                                 0.055       0.729 f
  u_iqf_sel/U22/Y (NOR2X1_RVT)                                 0.074       0.803 r
  u_iqf_age/U05/Y (BUFX4_RVT)                                  0.081       0.884 r
  u_iqf_age/dout_reg[0]/D (DFFARX1_RVT)                        0.052      0.936 f
  data arrival time                                                    0.936

  clock CLK_CORE (rise edge)                                  2     2
  clock network delay (propagated)                        0.156      2.156
  clock uncertainty                                      -0.05   2.106
  u_iqf_age/dout_reg[0]/CK (DFFARX1_RVT)                       0.000       2.106 r
  library setup time                                     -0.077   2.029
  data required time                                                   2.029
  -------------------------------------------------------------------------
  data required time                                                   2.029
  data arrival time                                                   -0.936
  -------------------------------------------------------------------------
  slack (MET)   1.093


=========================================================================
                   IQ_FP_TOP — TIMING SUMMARY
=========================================================================

  Block        : IQ_FP_TOP
  Corner       : ff_1p16v_1p16v_n40c
  Check        : min  (Worst-case Hold  — Fast corner, cold temp)
  Clock        : CLK_CORE  Period = 2 ns  (500 MHz)
  Technology   : SAED 32nm RVT

  ┌────────────────────────────────────────────────────────────────┐
  │ Sub-Unit      WNS (ns)  TNS (ns)  #Viol   WHS (ns)  #HViol  │
  ├────────────────────────────────────────────────────────────────┤
  │ u_iqf_ent          1.093       0        0      0.077        0     │
  │ u_iqf_wkup          0.055       0        0      0.115        0     │
  │ u_iqf_sel          0.123       0        0      0.109        0     │
  │ u_iqf_age          0.098       0        0      0.126        0     │
  ├────────────────────────────────────────────────────────────────┤
  │ IQ_FP_TOP  1.093       0        0      0.077        0     │
  └────────────────────────────────────────────────────────────────┘

  Status : ALL PATHS CLEAN — No Setup or Hold Violations


=========================================================================
                   TIMING EXCEPTIONS APPLIED
=========================================================================

  set_false_path -from [get_ports SCAN_EN]      -to [all_registers]
  set_false_path -from [get_ports TEST_MODE]     -to [all_registers]
  set_multicycle_path 2 -setup -from [get_cells u_iqf_ent/*] -to [get_cells u_iqf_age/*]
  set_multicycle_path 1 -hold  -from [get_cells u_iqf_ent/*] -to [get_cells u_iqf_age/*]
  set_input_delay  0.400 -clock CLK_CORE -max [all_inputs]
  set_output_delay 0.350 -clock CLK_CORE -max [all_outputs]


=========================================================================
                   CLOCK DOMAIN SUMMARY
=========================================================================

  Clock    : CLK_CORE
  Period   : 2 ns
  Waveform : {0.000 1}
  Skew     : 0.02 ns  (max across IQ_FP_TOP)
  Latency  : 0.156 ns  (max)


=========================================================================
                   CONSTRAINT COVERAGE
=========================================================================

  Total register endpoints   : 5669
  Constrained endpoints      : 873
  Unconstrained endpoints    :      0
  Coverage                   :  100.0%


=========================================================================
                   TOOL / RUN INFORMATION
=========================================================================

  Tool         : Synopsys PrimeTime 2023.06-SP3
  Run Host     : sta-server-01
  Run Dir      : /proj/cpu_rtl/sta/ISSUE/IQ_FP/run_ff_1p16v_1p16v_n40c
  SDC File     : /proj/cpu_rtl/constraints/IQ_FP_TOP.sdc
  Netlist      : /proj/cpu_rtl/netlist/IQ_FP_TOP.v.gz
  SPEF File    : /proj/cpu_rtl/spef/IQ_FP_TOP.spef.gz
  Liberty      : saed32nm_rvt_ff_1p16v_1p16v_n40c.db
  Elapsed Time : 00:02:17
  Peak Memory  : 4.577 GB

=========================================================================
End of Report
=========================================================================
