****************************************
Report : timing
        -path_type full
        -delay_type min
        -max_paths 10
        -sort_by slack
Design : IQ_FP_TOP
Version: PrimeTime 2023.06-SP3
Date   : Sat Aug 15 17:34:53 2026
Corner : ff_1p16v_1p16v_125c
Note   : Hot Hold        — Fast corner, high temp
****************************************

Operating Conditions : ff_1p16v_1p16v_125c (Library: saed32nm_rvt)
Wire Load Model Mode : Interconnect (StarRC Extracted)

  Startpoint : u_iqf_ent/din_reg[0]
               (rising edge-triggered flip-flop clocked by CLK_CORE)
  Endpoint   : u_iqf_age/dout_reg[0]
               (rising edge-triggered flip-flop clocked by CLK_CORE)
  Path Group : CLK_CORE
  Path Type  : min

  Point                                                   Incr        Path
  -------------------------------------------------------------------------
  clock CLK_CORE (rise edge)                                  0.000       0.000
  clock network delay (propagated)                        0.148      0.148
  u_iqf_ent/din_reg[0]/CK (DFFARX1_RVT)                        0.000       0.148 r
  u_iqf_ent/din_reg[0]/Q  (DFFARX1_RVT)                        0.112       0.26 r
  u_iqf_ent/U12/Y (INVX2_RVT)                                  0.061       0.321 f
  u_iqf_ent/U34/Y (NAND2X1_RVT)                                0.063       0.384 r
  u_iqf_wkup/U07/Y (AOI22X1_RVT)                                0.091       0.475 f
  u_iqf_wkup/U19/Y (OAI21X1_RVT)                                0.097       0.572 r
  u_iqf_sel/U03/Y (MUX21X1_RVT)                                0.084       0.656 r
  u_iqf_sel/U11/Y (AND2X1_RVT)                                 0.066       0.722 f
  u_iqf_sel/U22/Y (NOR2X1_RVT)                                 0.058       0.78 r
  u_iqf_age/U05/Y (BUFX4_RVT)                                  0.076       0.856 r
  u_iqf_age/dout_reg[0]/D (DFFARX1_RVT)                        0.052      0.908 f
  data arrival time                                                    0.908

  clock CLK_CORE (rise edge)                                  2     2
  clock network delay (propagated)                        0.148      2.148
  clock uncertainty                                      -0.05   2.098
  u_iqf_age/dout_reg[0]/CK (DFFARX1_RVT)                       0.000       2.098 r
  library setup time                                     -0.077   2.021
  data required time                                                   2.021
  -------------------------------------------------------------------------
  data required time                                                   2.021
  data arrival time                                                   -0.908
  -------------------------------------------------------------------------
  slack (MET)   1.113


=========================================================================
                   IQ_FP_TOP — TIMING SUMMARY
=========================================================================

  Block        : IQ_FP_TOP
  Corner       : ff_1p16v_1p16v_125c
  Check        : min  (Hot Hold        — Fast corner, high temp)
  Clock        : CLK_CORE  Period = 2 ns  (500 MHz)
  Technology   : SAED 32nm RVT

  ┌────────────────────────────────────────────────────────────────┐
  │ Sub-Unit      WNS (ns)  TNS (ns)  #Viol   WHS (ns)  #HViol  │
  ├────────────────────────────────────────────────────────────────┤
  │ u_iqf_ent          1.113       0        0      0.06        0     │
  │ u_iqf_wkup          0.156       0        0      0.089        0     │
  │ u_iqf_sel          0.113       0        0      0.12        0     │
  │ u_iqf_age          0.078       0        0      0.056        0     │
  ├────────────────────────────────────────────────────────────────┤
  │ IQ_FP_TOP  1.113       0        0      0.06        0     │
  └────────────────────────────────────────────────────────────────┘

  Status : ALL PATHS CLEAN — No Setup or Hold Violations


=========================================================================
                   TIMING EXCEPTIONS APPLIED
=========================================================================

  set_false_path -from [get_ports SCAN_EN]      -to [all_registers]
  set_false_path -from [get_ports TEST_MODE]     -to [all_registers]
  set_multicycle_path 2 -setup -from [get_cells u_iqf_ent/*] -to [get_cells u_iqf_age/*]
  set_multicycle_path 1 -hold  -from [get_cells u_iqf_ent/*] -to [get_cells u_iqf_age/*]
  set_input_delay  0.400 -clock CLK_CORE -max [all_inputs]
  set_output_delay 0.350 -clock CLK_CORE -max [all_outputs]


=========================================================================
                   CLOCK DOMAIN SUMMARY
=========================================================================

  Clock    : CLK_CORE
  Period   : 2 ns
  Waveform : {0.000 1}
  Skew     : 0.025 ns  (max across IQ_FP_TOP)
  Latency  : 0.148 ns  (max)


=========================================================================
                   CONSTRAINT COVERAGE
=========================================================================

  Total register endpoints   : 5184
  Constrained endpoints      : 5385
  Unconstrained endpoints    :      0
  Coverage                   :  100.0%


=========================================================================
                   TOOL / RUN INFORMATION
=========================================================================

  Tool         : Synopsys PrimeTime 2023.06-SP3
  Run Host     : sta-server-01
  Run Dir      : /proj/cpu_rtl/sta/ISSUE/IQ_FP/run_ff_1p16v_1p16v_125c
  SDC File     : /proj/cpu_rtl/constraints/IQ_FP_TOP.sdc
  Netlist      : /proj/cpu_rtl/netlist/IQ_FP_TOP.v.gz
  SPEF File    : /proj/cpu_rtl/spef/IQ_FP_TOP.spef.gz
  Liberty      : saed32nm_rvt_ff_1p16v_1p16v_125c.db
  Elapsed Time : 00:05:56
  Peak Memory  : 1.911 GB

=========================================================================
End of Report
=========================================================================
