****************************************
Report : timing
        -path_type full
        -delay_type max
        -max_paths 10
        -sort_by slack
Design : IQ_FP_TOP
Version: PrimeTime 2023.06-SP3
Date   : Sat Aug 15 17:34:53 2026
Corner : ss_0p63v_0p63v_125c
Note   : Low-Vdd Setup   — Ultra-low voltage corner
****************************************

Operating Conditions : ss_0p63v_0p63v_125c (Library: saed32nm_rvt)
Wire Load Model Mode : Interconnect (StarRC Extracted)

  Startpoint : u_iqf_ent/din_reg[0]
               (rising edge-triggered flip-flop clocked by CLK_CORE)
  Endpoint   : u_iqf_age/dout_reg[0]
               (rising edge-triggered flip-flop clocked by CLK_CORE)
  Path Group : CLK_CORE
  Path Type  : max

  Point                                                   Incr        Path
  -------------------------------------------------------------------------
  clock CLK_CORE (rise edge)                                  0.000       0.000
  clock network delay (propagated)                        0.163      0.163
  u_iqf_ent/din_reg[0]/CK (DFFARX1_RVT)                        0.000       0.163 r
  u_iqf_ent/din_reg[0]/Q  (DFFARX1_RVT)                        0.122       0.285 r
  u_iqf_ent/U12/Y (INVX2_RVT)                                  0.047       0.332 f
  u_iqf_ent/U34/Y (NAND2X1_RVT)                                0.068       0.4 r
  u_iqf_wkup/U07/Y (AOI22X1_RVT)                                0.093       0.493 f
  u_iqf_wkup/U19/Y (OAI21X1_RVT)                                0.084       0.577 r
  u_iqf_sel/U03/Y (MUX21X1_RVT)                                0.1       0.677 r
  u_iqf_sel/U11/Y (AND2X1_RVT)                                 0.049       0.726 f
  u_iqf_sel/U22/Y (NOR2X1_RVT)                                 0.054       0.78 r
  u_iqf_age/U05/Y (BUFX4_RVT)                                  0.055       0.835 r
  u_iqf_age/dout_reg[0]/D (DFFARX1_RVT)                        0.076      0.911 f
  data arrival time                                                    0.911

  clock CLK_CORE (rise edge)                                  2     2
  clock network delay (propagated)                        0.163      2.163
  clock uncertainty                                      -0.05   2.113
  u_iqf_age/dout_reg[0]/CK (DFFARX1_RVT)                       0.000       2.113 r
  library setup time                                     -0.071   2.042
  data required time                                                   2.042
  -------------------------------------------------------------------------
  data required time                                                   2.042
  data arrival time                                                   -0.911
  -------------------------------------------------------------------------
  slack (MET)   1.131


=========================================================================
                   IQ_FP_TOP — TIMING SUMMARY
=========================================================================

  Block        : IQ_FP_TOP
  Corner       : ss_0p63v_0p63v_125c
  Check        : max  (Low-Vdd Setup   — Ultra-low voltage corner)
  Clock        : CLK_CORE  Period = 2 ns  (500 MHz)
  Technology   : SAED 32nm RVT

  ┌────────────────────────────────────────────────────────────────┐
  │ Sub-Unit      WNS (ns)  TNS (ns)  #Viol   WHS (ns)  #HViol  │
  ├────────────────────────────────────────────────────────────────┤
  │ u_iqf_ent          1.131       0        0      0.085        0     │
  │ u_iqf_wkup          0.091       0        0      0.091        0     │
  │ u_iqf_sel          0.111       0        0      0.13        0     │
  │ u_iqf_age          0.139       0        0      0.082        0     │
  ├────────────────────────────────────────────────────────────────┤
  │ IQ_FP_TOP  1.131       0        0      0.085        0     │
  └────────────────────────────────────────────────────────────────┘

  Status : ALL PATHS CLEAN — No Setup or Hold Violations


=========================================================================
                   TIMING EXCEPTIONS APPLIED
=========================================================================

  set_false_path -from [get_ports SCAN_EN]      -to [all_registers]
  set_false_path -from [get_ports TEST_MODE]     -to [all_registers]
  set_multicycle_path 2 -setup -from [get_cells u_iqf_ent/*] -to [get_cells u_iqf_age/*]
  set_multicycle_path 1 -hold  -from [get_cells u_iqf_ent/*] -to [get_cells u_iqf_age/*]
  set_input_delay  0.400 -clock CLK_CORE -max [all_inputs]
  set_output_delay 0.350 -clock CLK_CORE -max [all_outputs]


=========================================================================
                   CLOCK DOMAIN SUMMARY
=========================================================================

  Clock    : CLK_CORE
  Period   : 2 ns
  Waveform : {0.000 1}
  Skew     : 0.025 ns  (max across IQ_FP_TOP)
  Latency  : 0.163 ns  (max)


=========================================================================
                   CONSTRAINT COVERAGE
=========================================================================

  Total register endpoints   : 3302
  Constrained endpoints      : 5326
  Unconstrained endpoints    :      0
  Coverage                   :  100.0%


=========================================================================
                   TOOL / RUN INFORMATION
=========================================================================

  Tool         : Synopsys PrimeTime 2023.06-SP3
  Run Host     : sta-server-01
  Run Dir      : /proj/cpu_rtl/sta/ISSUE/IQ_FP/run_ss_0p63v_0p63v_125c
  SDC File     : /proj/cpu_rtl/constraints/IQ_FP_TOP.sdc
  Netlist      : /proj/cpu_rtl/netlist/IQ_FP_TOP.v.gz
  SPEF File    : /proj/cpu_rtl/spef/IQ_FP_TOP.spef.gz
  Liberty      : saed32nm_rvt_ss_0p63v_0p63v_125c.db
  Elapsed Time : 00:01:41
  Peak Memory  : 4.323 GB

=========================================================================
End of Report
=========================================================================
