****************************************
Report : timing
        -path_type full
        -delay_type max
        -max_paths 10
        -sort_by slack
Design : IQ_FP_TOP
Version: PrimeTime 2023.06-SP3
Date   : Sat Aug 15 17:34:53 2026
Corner : ss_0p72v_0p72v_125c
Note   : Recovery/Removal Check — Async reset paths
****************************************

Operating Conditions : ss_0p72v_0p72v_125c (Library: saed32nm_rvt)
Wire Load Model Mode : Interconnect (StarRC Extracted)

  Startpoint : u_iqf_ent/din_reg[0]
               (rising edge-triggered flip-flop clocked by CLK_CORE)
  Endpoint   : u_iqf_age/dout_reg[0]
               (rising edge-triggered flip-flop clocked by CLK_CORE)
  Path Group : CLK_CORE
  Path Type  : max

  Point                                                   Incr        Path
  -------------------------------------------------------------------------
  clock CLK_CORE (rise edge)                                  0.000       0.000
  clock network delay (propagated)                        0.147      0.147
  u_iqf_ent/din_reg[0]/CK (DFFARX1_RVT)                        0.000       0.147 r
  u_iqf_ent/din_reg[0]/Q  (DFFARX1_RVT)                        0.131       0.278 r
  u_iqf_ent/U12/Y (INVX2_RVT)                                  0.039       0.317 f
  u_iqf_ent/U34/Y (NAND2X1_RVT)                                0.082       0.399 r
  u_iqf_wkup/U07/Y (AOI22X1_RVT)                                0.089       0.488 f
  u_iqf_wkup/U19/Y (OAI21X1_RVT)                                0.112       0.6 r
  u_iqf_sel/U03/Y (MUX21X1_RVT)                                0.078       0.678 r
  u_iqf_sel/U11/Y (AND2X1_RVT)                                 0.057       0.735 f
  u_iqf_sel/U22/Y (NOR2X1_RVT)                                 0.048       0.783 r
  u_iqf_age/U05/Y (BUFX4_RVT)                                  0.078       0.861 r
  u_iqf_age/dout_reg[0]/D (DFFARX1_RVT)                        0.071      0.932 f
  data arrival time                                                    0.932

  clock CLK_CORE (rise edge)                                  2     2
  clock network delay (propagated)                        0.147      2.147
  clock uncertainty                                      -0.05   2.097
  u_iqf_age/dout_reg[0]/CK (DFFARX1_RVT)                       0.000       2.097 r
  library setup time                                     -0.066   2.031
  data required time                                                   2.031
  -------------------------------------------------------------------------
  data required time                                                   2.031
  data arrival time                                                   -0.932
  -------------------------------------------------------------------------
  slack (MET)   1.099


=========================================================================
                   IQ_FP_TOP — TIMING SUMMARY
=========================================================================

  Block        : IQ_FP_TOP
  Corner       : ss_0p72v_0p72v_125c
  Check        : max  (Recovery/Removal Check — Async reset paths)
  Clock        : CLK_CORE  Period = 2 ns  (500 MHz)
  Technology   : SAED 32nm RVT

  ┌────────────────────────────────────────────────────────────────┐
  │ Sub-Unit      WNS (ns)  TNS (ns)  #Viol   WHS (ns)  #HViol  │
  ├────────────────────────────────────────────────────────────────┤
  │ u_iqf_ent          1.099       0        0      0.117        0     │
  │ u_iqf_wkup          0.112       0        0      0.104        0     │
  │ u_iqf_sel          0.128       0        0      0.107        0     │
  │ u_iqf_age          0.111       0        0      0.061        0     │
  ├────────────────────────────────────────────────────────────────┤
  │ IQ_FP_TOP  1.099       0        0      0.117        0     │
  └────────────────────────────────────────────────────────────────┘

  Status : ALL PATHS CLEAN — No Setup or Hold Violations


=========================================================================
                   TIMING EXCEPTIONS APPLIED
=========================================================================

  set_false_path -from [get_ports SCAN_EN]      -to [all_registers]
  set_false_path -from [get_ports TEST_MODE]     -to [all_registers]
  set_multicycle_path 2 -setup -from [get_cells u_iqf_ent/*] -to [get_cells u_iqf_age/*]
  set_multicycle_path 1 -hold  -from [get_cells u_iqf_ent/*] -to [get_cells u_iqf_age/*]
  set_input_delay  0.400 -clock CLK_CORE -max [all_inputs]
  set_output_delay 0.350 -clock CLK_CORE -max [all_outputs]


=========================================================================
                   CLOCK DOMAIN SUMMARY
=========================================================================

  Clock    : CLK_CORE
  Period   : 2 ns
  Waveform : {0.000 1}
  Skew     : 0.017 ns  (max across IQ_FP_TOP)
  Latency  : 0.147 ns  (max)


=========================================================================
                   CONSTRAINT COVERAGE
=========================================================================

  Total register endpoints   : 1734
  Constrained endpoints      : 2861
  Unconstrained endpoints    :      0
  Coverage                   :  100.0%


=========================================================================
                   TOOL / RUN INFORMATION
=========================================================================

  Tool         : Synopsys PrimeTime 2023.06-SP3
  Run Host     : sta-server-01
  Run Dir      : /proj/cpu_rtl/sta/ISSUE/IQ_FP/run_ss_0p72v_0p72v_125c
  SDC File     : /proj/cpu_rtl/constraints/IQ_FP_TOP.sdc
  Netlist      : /proj/cpu_rtl/netlist/IQ_FP_TOP.v.gz
  SPEF File    : /proj/cpu_rtl/spef/IQ_FP_TOP.spef.gz
  Liberty      : saed32nm_rvt_ss_0p72v_0p72v_125c.db
  Elapsed Time : 00:02:13
  Peak Memory  : 2.28 GB

=========================================================================
End of Report
=========================================================================
