================================================================================
  STA BLOCK DUMP LOG  —  IQ_FP_TOP
================================================================================

  Block Directory : D:\Certificates\PD_STA_REPORTS\ISSUE\IQ_FP
  Design          : IQ_FP_TOP
  Parsed At       : 2026-08-15T22:26:20
  Total Reports   : 11


OWNERSHIP
----------------------------------------
  BLOCK TIMING OWNER           : User17  <user17@company.com>  [EMP-2017]
  TEAM LEAD                    : MTO_User4  <mto4@company.com>  [EMP-1004]
  RTL TEAM LEAD                : TeamLead4  <teamlead4@company.com>
  PD ENGINEER                  : PDEng4  <pdeng4@company.com>
  STA ENGINEER                 : STAEng4  <staeng4@company.com>
  CHIP STA LEAD                : STALead1  <stalead1@company.com>  [EMP-0004]

AGGREGATE SUMMARY
----------------------------------------
  Overall Status   : MET
  Worst WNS  (ns)  : 0.000
  Worst TNS  (ns)  : 0.000
  Worst WHS  (ns)  : 0.000
  Best  WNS  (ns)  : 1.131
  Total Violations : 0

BY CORNER
----------------------------------------
  Name                                              #       WNS       TNS       WHS  STATUS
  ─────────────────────────────────────────────  ────  ────────  ────────  ────────  ──────────
  N/A                                               1     0.000     0.000     0.000  MET
  ff_1p16v_1p16v_125c                               1     1.113     0.000     0.060  MET
  ff_1p16v_1p16v_n40c                               1     1.093     0.000     0.077  MET
  ss_0p63v_0p63v_125c                               1     1.131     0.000     0.085  MET
  ss_0p72v_0p72v_125c                               2     1.099     0.000     0.103  MET
  ss_0p72v_0p72v_n40c                               1     1.090     0.000     0.073  MET
  tt_0p90v_0p90v_25c                                4     1.064     0.000     0.079  MET

BY CHECK TYPE
----------------------------------------
  Name                                              #       WNS       TNS       WHS  STATUS
  ─────────────────────────────────────────────  ────  ────────  ────────  ────────  ──────────
  N/A                                               1     0.000     0.000     0.000  MET
  hold                                              3     1.093     0.000     0.060  MET
  setup                                             7     1.064     0.000     0.073  MET

PER-REPORT DETAIL
----------------------------------------
  File     : 07_SETUP_LVSS_125C_IQ_FP_TOP.rpt
  Design   : IQ_FP_TOP             Corner : ss_0p63v_0p63v_125c
  Check    : setup       Clock  : CLK_CORE  Period = 2.0 ns  (500.0 MHz)
  WNS      :   +1.131 ns   TNS :   +0.000 ns   WHS :   +0.085 ns
  Slack    :   +1.131 ns   Status : MET
  Status   : ALL PATHS CLEAN — No Setup or Hold Violations
  Coverage : 100.0%   Endpoints : 5326 / 3302
  Tool     : Synopsys PrimeTime 2023.06-SP3
  Runtime  : 00:01:41         Memory : 4.323 GB
  Run Dir  : /proj/cpu_rtl/sta/ISSUE/IQ_FP/run_ss_0p63v_0p63v_125c

  File     : 10_MULTICYCLE_TT_25C_IQ_FP_TOP.rpt
  Design   : IQ_FP_TOP             Corner : tt_0p90v_0p90v_25c
  Check    : setup       Clock  : CLK_CORE  Period = 2.0 ns  (500.0 MHz)
  WNS      :   +1.127 ns   TNS :   +0.000 ns   WHS :   +0.079 ns
  Slack    :   +1.127 ns   Status : MET
  Status   : ALL PATHS CLEAN — No Setup or Hold Violations
  Coverage : 100.0%   Endpoints : 2437 / 1781
  Tool     : Synopsys PrimeTime 2023.06-SP3
  Runtime  : 00:07:13         Memory : 1.923 GB
  Run Dir  : /proj/cpu_rtl/sta/ISSUE/IQ_FP/run_tt_0p90v_0p90v_25c

  File     : 08_CG_CHECK_TT_25C_IQ_FP_TOP.rpt
  Design   : IQ_FP_TOP             Corner : tt_0p90v_0p90v_25c
  Check    : setup       Clock  : CLK_CORE  Period = 2.0 ns  (500.0 MHz)
  WNS      :   +1.121 ns   TNS :   +0.000 ns   WHS :   +0.086 ns
  Slack    :   +1.121 ns   Status : MET
  Status   : ALL PATHS CLEAN — No Setup or Hold Violations
  Coverage : 100.0%   Endpoints : 4957 / 1448
  Tool     : Synopsys PrimeTime 2023.06-SP3
  Runtime  : 00:01:55         Memory : 1.826 GB
  Run Dir  : /proj/cpu_rtl/sta/ISSUE/IQ_FP/run_tt_0p90v_0p90v_25c

  File     : 01_SETUP_SS_125C_IQ_FP_TOP.rpt
  Design   : IQ_FP_TOP             Corner : ss_0p72v_0p72v_125c
  Check    : setup       Clock  : CLK_CORE  Period = 2.0 ns  (500.0 MHz)
  WNS      :   +1.099 ns   TNS :   +0.000 ns   WHS :   +0.103 ns
  Slack    :   +1.099 ns   Status : MET
  Status   : ALL PATHS CLEAN — No Setup or Hold Violations
  Coverage : 100.0%   Endpoints : 4608 / 3469
  Tool     : Synopsys PrimeTime 2023.06-SP3
  Runtime  : 00:01:30         Memory : 2.334 GB
  Run Dir  : /proj/cpu_rtl/sta/ISSUE/IQ_FP/run_ss_0p72v_0p72v_125c

  File     : 09_RECOVERY_SS_125C_IQ_FP_TOP.rpt
  Design   : IQ_FP_TOP             Corner : ss_0p72v_0p72v_125c
  Check    : setup       Clock  : CLK_CORE  Period = 2.0 ns  (500.0 MHz)
  WNS      :   +1.099 ns   TNS :   +0.000 ns   WHS :   +0.117 ns
  Slack    :   +1.099 ns   Status : MET
  Status   : ALL PATHS CLEAN — No Setup or Hold Violations
  Coverage : 100.0%   Endpoints : 2861 / 1734
  Tool     : Synopsys PrimeTime 2023.06-SP3
  Runtime  : 00:02:13         Memory : 2.28 GB
  Run Dir  : /proj/cpu_rtl/sta/ISSUE/IQ_FP/run_ss_0p72v_0p72v_125c

  File     : 05_SETUP_SS_M40C_IQ_FP_TOP.rpt
  Design   : IQ_FP_TOP             Corner : ss_0p72v_0p72v_n40c
  Check    : setup       Clock  : CLK_CORE  Period = 2.0 ns  (500.0 MHz)
  WNS      :   +1.090 ns   TNS :   +0.000 ns   WHS :   +0.073 ns
  Slack    :   +1.090 ns   Status : MET
  Status   : ALL PATHS CLEAN — No Setup or Hold Violations
  Coverage : 100.0%   Endpoints : 1460 / 1141
  Tool     : Synopsys PrimeTime 2023.06-SP3
  Runtime  : 00:03:10         Memory : 4.182 GB
  Run Dir  : /proj/cpu_rtl/sta/ISSUE/IQ_FP/run_ss_0p72v_0p72v_n40c

  File     : 03_SETUP_TT_25C_IQ_FP_TOP.rpt
  Design   : IQ_FP_TOP             Corner : tt_0p90v_0p90v_25c
  Check    : setup       Clock  : CLK_CORE  Period = 2.0 ns  (500.0 MHz)
  WNS      :   +1.064 ns   TNS :   +0.000 ns   WHS :   +0.081 ns
  Slack    :   +1.064 ns   Status : MET
  Status   : ALL PATHS CLEAN — No Setup or Hold Violations
  Coverage : 100.0%   Endpoints : 2038 / 4762
  Tool     : Synopsys PrimeTime 2023.06-SP3
  Runtime  : 00:02:35         Memory : 2.707 GB
  Run Dir  : /proj/cpu_rtl/sta/ISSUE/IQ_FP/run_tt_0p90v_0p90v_25c

  File     : 04_HOLD_TT_25C_IQ_FP_TOP.rpt
  Design   : IQ_FP_TOP             Corner : tt_0p90v_0p90v_25c
  Check    : hold        Clock  : CLK_CORE  Period = 2.0 ns  (500.0 MHz)
  WNS      :   +1.128 ns   TNS :   +0.000 ns   WHS :   +0.106 ns
  Slack    :   +1.128 ns   Status : MET
  Status   : ALL PATHS CLEAN — No Setup or Hold Violations
  Coverage : 100.0%   Endpoints : 5959 / 3371
  Tool     : Synopsys PrimeTime 2023.06-SP3
  Runtime  : 00:02:44         Memory : 1.995 GB
  Run Dir  : /proj/cpu_rtl/sta/ISSUE/IQ_FP/run_tt_0p90v_0p90v_25c

  File     : 02_HOLD_FF_N40C_IQ_FP_TOP.rpt
  Design   : IQ_FP_TOP             Corner : ff_1p16v_1p16v_n40c
  Check    : hold        Clock  : CLK_CORE  Period = 2.0 ns  (500.0 MHz)
  WNS      :   +1.093 ns   TNS :   +0.000 ns   WHS :   +0.077 ns
  Slack    :   +1.093 ns   Status : MET
  Status   : ALL PATHS CLEAN — No Setup or Hold Violations
  Coverage : 100.0%   Endpoints : 873 / 5669
  Tool     : Synopsys PrimeTime 2023.06-SP3
  Runtime  : 00:02:17         Memory : 4.577 GB
  Run Dir  : /proj/cpu_rtl/sta/ISSUE/IQ_FP/run_ff_1p16v_1p16v_n40c

  File     : 06_HOLD_FF_125C_IQ_FP_TOP.rpt
  Design   : IQ_FP_TOP             Corner : ff_1p16v_1p16v_125c
  Check    : hold        Clock  : CLK_CORE  Period = 2.0 ns  (500.0 MHz)
  WNS      :   +1.113 ns   TNS :   +0.000 ns   WHS :   +0.060 ns
  Slack    :   +1.113 ns   Status : MET
  Status   : ALL PATHS CLEAN — No Setup or Hold Violations
  Coverage : 100.0%   Endpoints : 5385 / 5184
  Tool     : Synopsys PrimeTime 2023.06-SP3
  Runtime  : 00:05:56         Memory : 1.911 GB
  Run Dir  : /proj/cpu_rtl/sta/ISSUE/IQ_FP/run_ff_1p16v_1p16v_125c

  File     : IQ_FP_TIMING.rpt
  Design   : N/A                   Corner : N/A
  Check    : N/A         Clock  : N/A  Period = 0.0 ns  (0.0 MHz)
  WNS      :   +0.000 ns   TNS :   +0.000 ns   WHS :   +0.000 ns
  Slack    :   +0.000 ns   Status : UNKNOWN
  Status   : N/A
  Coverage : 0.0%   Endpoints : 0 / 0
  Tool     : N/A
  Runtime  : N/A              Memory : N/A
  Run Dir  : N/A


================================================================================
END OF BLOCK DUMP LOG
================================================================================