****************************************
Report : timing
        -path_type full
        -delay_type min
        -max_paths 10
        -sort_by slack
Design : ITLB_TOP
Version: PrimeTime 2023.06-SP3
Date   : Sat Aug 15 17:34:53 2026
Corner : ff_1p16v_1p16v_n40c
Note   : Worst-case Hold  — Fast corner, cold temp
****************************************

Operating Conditions : ff_1p16v_1p16v_n40c (Library: saed32nm_rvt)
Wire Load Model Mode : Interconnect (StarRC Extracted)

  Startpoint : u_itlb_tag/din_reg[0]
               (rising edge-triggered flip-flop clocked by CLK_CORE)
  Endpoint   : u_itlb_lru/dout_reg[0]
               (rising edge-triggered flip-flop clocked by CLK_CORE)
  Path Group : CLK_CORE
  Path Type  : min

  Point                                                   Incr        Path
  -------------------------------------------------------------------------
  clock CLK_CORE (rise edge)                                  0.000       0.000
  clock network delay (propagated)                        0.144      0.144
  u_itlb_tag/din_reg[0]/CK (DFFARX1_RVT)                        0.000       0.144 r
  u_itlb_tag/din_reg[0]/Q  (DFFARX1_RVT)                        0.111       0.255 r
  u_itlb_tag/U12/Y (INVX2_RVT)                                  0.062       0.317 f
  u_itlb_tag/U34/Y (NAND2X1_RVT)                                0.058       0.375 r
  u_itlb_data/U07/Y (AOI22X1_RVT)                                0.099       0.474 f
  u_itlb_data/U19/Y (OAI21X1_RVT)                                0.113       0.587 r
  u_itlb_ctrl/U03/Y (MUX21X1_RVT)                                0.098       0.685 r
  u_itlb_ctrl/U11/Y (AND2X1_RVT)                                 0.08       0.765 f
  u_itlb_ctrl/U22/Y (NOR2X1_RVT)                                 0.069       0.834 r
  u_itlb_lru/U05/Y (BUFX4_RVT)                                  0.069       0.903 r
  u_itlb_lru/dout_reg[0]/D (DFFARX1_RVT)                        0.071      0.974 f
  data arrival time                                                    0.974

  clock CLK_CORE (rise edge)                                  2     2
  clock network delay (propagated)                        0.144      2.144
  clock uncertainty                                      -0.05   2.094
  u_itlb_lru/dout_reg[0]/CK (DFFARX1_RVT)                       0.000       2.094 r
  library setup time                                     -0.072   2.022
  data required time                                                   2.022
  -------------------------------------------------------------------------
  data required time                                                   2.022
  data arrival time                                                   -0.974
  -------------------------------------------------------------------------
  slack (MET)   1.048


=========================================================================
                   ITLB_TOP — TIMING SUMMARY
=========================================================================

  Block        : ITLB_TOP
  Corner       : ff_1p16v_1p16v_n40c
  Check        : min  (Worst-case Hold  — Fast corner, cold temp)
  Clock        : CLK_CORE  Period = 2 ns  (500 MHz)
  Technology   : SAED 32nm RVT

  ┌────────────────────────────────────────────────────────────────┐
  │ Sub-Unit      WNS (ns)  TNS (ns)  #Viol   WHS (ns)  #HViol  │
  ├────────────────────────────────────────────────────────────────┤
  │ u_itlb_tag          1.048       0        0      0.078        0     │
  │ u_itlb_data          0.164       0        0      0.11        0     │
  │ u_itlb_ctrl          0.195       0        0      0.101        0     │
  │ u_itlb_lru          0.154       0        0      0.084        0     │
  ├────────────────────────────────────────────────────────────────┤
  │ ITLB_TOP  1.048       0        0      0.078        0     │
  └────────────────────────────────────────────────────────────────┘

  Status : ALL PATHS CLEAN — No Setup or Hold Violations


=========================================================================
                   TIMING EXCEPTIONS APPLIED
=========================================================================

  set_false_path -from [get_ports SCAN_EN]      -to [all_registers]
  set_false_path -from [get_ports TEST_MODE]     -to [all_registers]
  set_multicycle_path 2 -setup -from [get_cells u_itlb_tag/*] -to [get_cells u_itlb_lru/*]
  set_multicycle_path 1 -hold  -from [get_cells u_itlb_tag/*] -to [get_cells u_itlb_lru/*]
  set_input_delay  0.400 -clock CLK_CORE -max [all_inputs]
  set_output_delay 0.350 -clock CLK_CORE -max [all_outputs]


=========================================================================
                   CLOCK DOMAIN SUMMARY
=========================================================================

  Clock    : CLK_CORE
  Period   : 2 ns
  Waveform : {0.000 1}
  Skew     : 0.027 ns  (max across ITLB_TOP)
  Latency  : 0.144 ns  (max)


=========================================================================
                   CONSTRAINT COVERAGE
=========================================================================

  Total register endpoints   : 1473
  Constrained endpoints      : 2817
  Unconstrained endpoints    :      0
  Coverage                   :  100.0%


=========================================================================
                   TOOL / RUN INFORMATION
=========================================================================

  Tool         : Synopsys PrimeTime 2023.06-SP3
  Run Host     : sta-server-01
  Run Dir      : /proj/cpu_rtl/sta/FETCH/ITLB/run_ff_1p16v_1p16v_n40c
  SDC File     : /proj/cpu_rtl/constraints/ITLB_TOP.sdc
  Netlist      : /proj/cpu_rtl/netlist/ITLB_TOP.v.gz
  SPEF File    : /proj/cpu_rtl/spef/ITLB_TOP.spef.gz
  Liberty      : saed32nm_rvt_ff_1p16v_1p16v_n40c.db
  Elapsed Time : 00:07:18
  Peak Memory  : 1.207 GB

=========================================================================
End of Report
=========================================================================
