****************************************
Report : timing
        -path_type full
        -delay_type min
        -max_paths 10
        -sort_by slack
Design : ITLB_TOP
Version: PrimeTime 2023.06-SP3
Date   : Sat Aug 15 17:34:53 2026
Corner : ff_1p16v_1p16v_125c
Note   : Hot Hold        — Fast corner, high temp
****************************************

Operating Conditions : ff_1p16v_1p16v_125c (Library: saed32nm_rvt)
Wire Load Model Mode : Interconnect (StarRC Extracted)

  Startpoint : u_itlb_tag/din_reg[0]
               (rising edge-triggered flip-flop clocked by CLK_CORE)
  Endpoint   : u_itlb_lru/dout_reg[0]
               (rising edge-triggered flip-flop clocked by CLK_CORE)
  Path Group : CLK_CORE
  Path Type  : min

  Point                                                   Incr        Path
  -------------------------------------------------------------------------
  clock CLK_CORE (rise edge)                                  0.000       0.000
  clock network delay (propagated)                        0.164      0.164
  u_itlb_tag/din_reg[0]/CK (DFFARX1_RVT)                        0.000       0.164 r
  u_itlb_tag/din_reg[0]/Q  (DFFARX1_RVT)                        0.144       0.308 r
  u_itlb_tag/U12/Y (INVX2_RVT)                                  0.036       0.344 f
  u_itlb_tag/U34/Y (NAND2X1_RVT)                                0.072       0.416 r
  u_itlb_data/U07/Y (AOI22X1_RVT)                                0.095       0.511 f
  u_itlb_data/U19/Y (OAI21X1_RVT)                                0.088       0.599 r
  u_itlb_ctrl/U03/Y (MUX21X1_RVT)                                0.07       0.669 r
  u_itlb_ctrl/U11/Y (AND2X1_RVT)                                 0.074       0.743 f
  u_itlb_ctrl/U22/Y (NOR2X1_RVT)                                 0.039       0.782 r
  u_itlb_lru/U05/Y (BUFX4_RVT)                                  0.075       0.857 r
  u_itlb_lru/dout_reg[0]/D (DFFARX1_RVT)                        0.061      0.918 f
  data arrival time                                                    0.918

  clock CLK_CORE (rise edge)                                  2     2
  clock network delay (propagated)                        0.164      2.164
  clock uncertainty                                      -0.05   2.114
  u_itlb_lru/dout_reg[0]/CK (DFFARX1_RVT)                       0.000       2.114 r
  library setup time                                     -0.078   2.036
  data required time                                                   2.036
  -------------------------------------------------------------------------
  data required time                                                   2.036
  data arrival time                                                   -0.918
  -------------------------------------------------------------------------
  slack (MET)   1.118


=========================================================================
                   ITLB_TOP — TIMING SUMMARY
=========================================================================

  Block        : ITLB_TOP
  Corner       : ff_1p16v_1p16v_125c
  Check        : min  (Hot Hold        — Fast corner, high temp)
  Clock        : CLK_CORE  Period = 2 ns  (500 MHz)
  Technology   : SAED 32nm RVT

  ┌────────────────────────────────────────────────────────────────┐
  │ Sub-Unit      WNS (ns)  TNS (ns)  #Viol   WHS (ns)  #HViol  │
  ├────────────────────────────────────────────────────────────────┤
  │ u_itlb_tag          1.118       0        0      0.079        0     │
  │ u_itlb_data          0.153       0        0      0.099        0     │
  │ u_itlb_ctrl          0.077       0        0      0.106        0     │
  │ u_itlb_lru          0.136       0        0      0.117        0     │
  ├────────────────────────────────────────────────────────────────┤
  │ ITLB_TOP  1.118       0        0      0.079        0     │
  └────────────────────────────────────────────────────────────────┘

  Status : ALL PATHS CLEAN — No Setup or Hold Violations


=========================================================================
                   TIMING EXCEPTIONS APPLIED
=========================================================================

  set_false_path -from [get_ports SCAN_EN]      -to [all_registers]
  set_false_path -from [get_ports TEST_MODE]     -to [all_registers]
  set_multicycle_path 2 -setup -from [get_cells u_itlb_tag/*] -to [get_cells u_itlb_lru/*]
  set_multicycle_path 1 -hold  -from [get_cells u_itlb_tag/*] -to [get_cells u_itlb_lru/*]
  set_input_delay  0.400 -clock CLK_CORE -max [all_inputs]
  set_output_delay 0.350 -clock CLK_CORE -max [all_outputs]


=========================================================================
                   CLOCK DOMAIN SUMMARY
=========================================================================

  Clock    : CLK_CORE
  Period   : 2 ns
  Waveform : {0.000 1}
  Skew     : 0.017 ns  (max across ITLB_TOP)
  Latency  : 0.164 ns  (max)


=========================================================================
                   CONSTRAINT COVERAGE
=========================================================================

  Total register endpoints   : 4754
  Constrained endpoints      : 3383
  Unconstrained endpoints    :      0
  Coverage                   :  100.0%


=========================================================================
                   TOOL / RUN INFORMATION
=========================================================================

  Tool         : Synopsys PrimeTime 2023.06-SP3
  Run Host     : sta-server-01
  Run Dir      : /proj/cpu_rtl/sta/FETCH/ITLB/run_ff_1p16v_1p16v_125c
  SDC File     : /proj/cpu_rtl/constraints/ITLB_TOP.sdc
  Netlist      : /proj/cpu_rtl/netlist/ITLB_TOP.v.gz
  SPEF File    : /proj/cpu_rtl/spef/ITLB_TOP.spef.gz
  Liberty      : saed32nm_rvt_ff_1p16v_1p16v_125c.db
  Elapsed Time : 00:06:13
  Peak Memory  : 3.787 GB

=========================================================================
End of Report
=========================================================================
