****************************************
Report : timing
        -path_type full
        -delay_type max
        -max_paths 10
        -sort_by slack
Design : ITLB_TOP
Version: PrimeTime 2023.06-SP3
Date   : Sat Aug 15 17:34:53 2026
Corner : ss_0p63v_0p63v_125c
Note   : Low-Vdd Setup   — Ultra-low voltage corner
****************************************

Operating Conditions : ss_0p63v_0p63v_125c (Library: saed32nm_rvt)
Wire Load Model Mode : Interconnect (StarRC Extracted)

  Startpoint : u_itlb_tag/din_reg[0]
               (rising edge-triggered flip-flop clocked by CLK_CORE)
  Endpoint   : u_itlb_lru/dout_reg[0]
               (rising edge-triggered flip-flop clocked by CLK_CORE)
  Path Group : CLK_CORE
  Path Type  : max

  Point                                                   Incr        Path
  -------------------------------------------------------------------------
  clock CLK_CORE (rise edge)                                  0.000       0.000
  clock network delay (propagated)                        0.148      0.148
  u_itlb_tag/din_reg[0]/CK (DFFARX1_RVT)                        0.000       0.148 r
  u_itlb_tag/din_reg[0]/Q  (DFFARX1_RVT)                        0.119       0.267 r
  u_itlb_tag/U12/Y (INVX2_RVT)                                  0.055       0.322 f
  u_itlb_tag/U34/Y (NAND2X1_RVT)                                0.056       0.378 r
  u_itlb_data/U07/Y (AOI22X1_RVT)                                0.078       0.456 f
  u_itlb_data/U19/Y (OAI21X1_RVT)                                0.102       0.558 r
  u_itlb_ctrl/U03/Y (MUX21X1_RVT)                                0.079       0.637 r
  u_itlb_ctrl/U11/Y (AND2X1_RVT)                                 0.054       0.691 f
  u_itlb_ctrl/U22/Y (NOR2X1_RVT)                                 0.072       0.763 r
  u_itlb_lru/U05/Y (BUFX4_RVT)                                  0.068       0.831 r
  u_itlb_lru/dout_reg[0]/D (DFFARX1_RVT)                        0.065      0.896 f
  data arrival time                                                    0.896

  clock CLK_CORE (rise edge)                                  2     2
  clock network delay (propagated)                        0.148      2.148
  clock uncertainty                                      -0.05   2.098
  u_itlb_lru/dout_reg[0]/CK (DFFARX1_RVT)                       0.000       2.098 r
  library setup time                                     -0.076   2.022
  data required time                                                   2.022
  -------------------------------------------------------------------------
  data required time                                                   2.022
  data arrival time                                                   -0.896
  -------------------------------------------------------------------------
  slack (MET)   1.126


=========================================================================
                   ITLB_TOP — TIMING SUMMARY
=========================================================================

  Block        : ITLB_TOP
  Corner       : ss_0p63v_0p63v_125c
  Check        : max  (Low-Vdd Setup   — Ultra-low voltage corner)
  Clock        : CLK_CORE  Period = 2 ns  (500 MHz)
  Technology   : SAED 32nm RVT

  ┌────────────────────────────────────────────────────────────────┐
  │ Sub-Unit      WNS (ns)  TNS (ns)  #Viol   WHS (ns)  #HViol  │
  ├────────────────────────────────────────────────────────────────┤
  │ u_itlb_tag          1.126       0        0      0.081        0     │
  │ u_itlb_data          0.152       0        0      0.105        0     │
  │ u_itlb_ctrl          0.077       0        0      0.107        0     │
  │ u_itlb_lru          0.127       0        0      0.09        0     │
  ├────────────────────────────────────────────────────────────────┤
  │ ITLB_TOP  1.126       0        0      0.081        0     │
  └────────────────────────────────────────────────────────────────┘

  Status : ALL PATHS CLEAN — No Setup or Hold Violations


=========================================================================
                   TIMING EXCEPTIONS APPLIED
=========================================================================

  set_false_path -from [get_ports SCAN_EN]      -to [all_registers]
  set_false_path -from [get_ports TEST_MODE]     -to [all_registers]
  set_multicycle_path 2 -setup -from [get_cells u_itlb_tag/*] -to [get_cells u_itlb_lru/*]
  set_multicycle_path 1 -hold  -from [get_cells u_itlb_tag/*] -to [get_cells u_itlb_lru/*]
  set_input_delay  0.400 -clock CLK_CORE -max [all_inputs]
  set_output_delay 0.350 -clock CLK_CORE -max [all_outputs]


=========================================================================
                   CLOCK DOMAIN SUMMARY
=========================================================================

  Clock    : CLK_CORE
  Period   : 2 ns
  Waveform : {0.000 1}
  Skew     : 0.025 ns  (max across ITLB_TOP)
  Latency  : 0.148 ns  (max)


=========================================================================
                   CONSTRAINT COVERAGE
=========================================================================

  Total register endpoints   : 2606
  Constrained endpoints      : 4822
  Unconstrained endpoints    :      0
  Coverage                   :  100.0%


=========================================================================
                   TOOL / RUN INFORMATION
=========================================================================

  Tool         : Synopsys PrimeTime 2023.06-SP3
  Run Host     : sta-server-01
  Run Dir      : /proj/cpu_rtl/sta/FETCH/ITLB/run_ss_0p63v_0p63v_125c
  SDC File     : /proj/cpu_rtl/constraints/ITLB_TOP.sdc
  Netlist      : /proj/cpu_rtl/netlist/ITLB_TOP.v.gz
  SPEF File    : /proj/cpu_rtl/spef/ITLB_TOP.spef.gz
  Liberty      : saed32nm_rvt_ss_0p63v_0p63v_125c.db
  Elapsed Time : 00:03:57
  Peak Memory  : 1.435 GB

=========================================================================
End of Report
=========================================================================
