****************************************
Report : timing
        -path_type full
        -delay_type max
        -max_paths 10
        -sort_by slack
Design : ITLB_TOP
Version: PrimeTime 2023.06-SP3
Date   : Sat Aug 15 17:34:53 2026
Corner : tt_0p90v_0p90v_25c
Note   : Clock Gating Check — Nominal corner
****************************************

Operating Conditions : tt_0p90v_0p90v_25c (Library: saed32nm_rvt)
Wire Load Model Mode : Interconnect (StarRC Extracted)

  Startpoint : u_itlb_tag/din_reg[0]
               (rising edge-triggered flip-flop clocked by CLK_CORE)
  Endpoint   : u_itlb_lru/dout_reg[0]
               (rising edge-triggered flip-flop clocked by CLK_CORE)
  Path Group : CLK_CORE
  Path Type  : max

  Point                                                   Incr        Path
  -------------------------------------------------------------------------
  clock CLK_CORE (rise edge)                                  0.000       0.000
  clock network delay (propagated)                        0.152      0.152
  u_itlb_tag/din_reg[0]/CK (DFFARX1_RVT)                        0.000       0.152 r
  u_itlb_tag/din_reg[0]/Q  (DFFARX1_RVT)                        0.121       0.273 r
  u_itlb_tag/U12/Y (INVX2_RVT)                                  0.038       0.311 f
  u_itlb_tag/U34/Y (NAND2X1_RVT)                                0.09       0.401 r
  u_itlb_data/U07/Y (AOI22X1_RVT)                                0.094       0.495 f
  u_itlb_data/U19/Y (OAI21X1_RVT)                                0.086       0.581 r
  u_itlb_ctrl/U03/Y (MUX21X1_RVT)                                0.097       0.678 r
  u_itlb_ctrl/U11/Y (AND2X1_RVT)                                 0.084       0.762 f
  u_itlb_ctrl/U22/Y (NOR2X1_RVT)                                 0.039       0.801 r
  u_itlb_lru/U05/Y (BUFX4_RVT)                                  0.064       0.865 r
  u_itlb_lru/dout_reg[0]/D (DFFARX1_RVT)                        0.056      0.921 f
  data arrival time                                                    0.921

  clock CLK_CORE (rise edge)                                  2     2
  clock network delay (propagated)                        0.152      2.152
  clock uncertainty                                      -0.05   2.102
  u_itlb_lru/dout_reg[0]/CK (DFFARX1_RVT)                       0.000       2.102 r
  library setup time                                     -0.065   2.037
  data required time                                                   2.037
  -------------------------------------------------------------------------
  data required time                                                   2.037
  data arrival time                                                   -0.921
  -------------------------------------------------------------------------
  slack (MET)   1.116


=========================================================================
                   ITLB_TOP — TIMING SUMMARY
=========================================================================

  Block        : ITLB_TOP
  Corner       : tt_0p90v_0p90v_25c
  Check        : max  (Clock Gating Check — Nominal corner)
  Clock        : CLK_CORE  Period = 2 ns  (500 MHz)
  Technology   : SAED 32nm RVT

  ┌────────────────────────────────────────────────────────────────┐
  │ Sub-Unit      WNS (ns)  TNS (ns)  #Viol   WHS (ns)  #HViol  │
  ├────────────────────────────────────────────────────────────────┤
  │ u_itlb_tag          1.116       0        0      0.105        0     │
  │ u_itlb_data          0.082       0        0      0.105        0     │
  │ u_itlb_ctrl          0.167       0        0      0.067        0     │
  │ u_itlb_lru          0.172       0        0      0.084        0     │
  ├────────────────────────────────────────────────────────────────┤
  │ ITLB_TOP  1.116       0        0      0.105        0     │
  └────────────────────────────────────────────────────────────────┘

  Status : ALL PATHS CLEAN — No Setup or Hold Violations


=========================================================================
                   TIMING EXCEPTIONS APPLIED
=========================================================================

  set_false_path -from [get_ports SCAN_EN]      -to [all_registers]
  set_false_path -from [get_ports TEST_MODE]     -to [all_registers]
  set_multicycle_path 2 -setup -from [get_cells u_itlb_tag/*] -to [get_cells u_itlb_lru/*]
  set_multicycle_path 1 -hold  -from [get_cells u_itlb_tag/*] -to [get_cells u_itlb_lru/*]
  set_input_delay  0.400 -clock CLK_CORE -max [all_inputs]
  set_output_delay 0.350 -clock CLK_CORE -max [all_outputs]


=========================================================================
                   CLOCK DOMAIN SUMMARY
=========================================================================

  Clock    : CLK_CORE
  Period   : 2 ns
  Waveform : {0.000 1}
  Skew     : 0.017 ns  (max across ITLB_TOP)
  Latency  : 0.152 ns  (max)


=========================================================================
                   CONSTRAINT COVERAGE
=========================================================================

  Total register endpoints   : 3815
  Constrained endpoints      : 2861
  Unconstrained endpoints    :      0
  Coverage                   :  100.0%


=========================================================================
                   TOOL / RUN INFORMATION
=========================================================================

  Tool         : Synopsys PrimeTime 2023.06-SP3
  Run Host     : sta-server-01
  Run Dir      : /proj/cpu_rtl/sta/FETCH/ITLB/run_tt_0p90v_0p90v_25c
  SDC File     : /proj/cpu_rtl/constraints/ITLB_TOP.sdc
  Netlist      : /proj/cpu_rtl/netlist/ITLB_TOP.v.gz
  SPEF File    : /proj/cpu_rtl/spef/ITLB_TOP.spef.gz
  Liberty      : saed32nm_rvt_tt_0p90v_0p90v_25c.db
  Elapsed Time : 00:04:34
  Peak Memory  : 3.968 GB

=========================================================================
End of Report
=========================================================================
