****************************************
Report : timing
        -path_type full
        -delay_type max
        -max_paths 10
        -sort_by slack
Design : ITLB_TOP
Version: PrimeTime 2023.06-SP3
Date   : Sat Aug 15 17:34:53 2026
Corner : ss_0p72v_0p72v_125c
Note   : Recovery/Removal Check — Async reset paths
****************************************

Operating Conditions : ss_0p72v_0p72v_125c (Library: saed32nm_rvt)
Wire Load Model Mode : Interconnect (StarRC Extracted)

  Startpoint : u_itlb_tag/din_reg[0]
               (rising edge-triggered flip-flop clocked by CLK_CORE)
  Endpoint   : u_itlb_lru/dout_reg[0]
               (rising edge-triggered flip-flop clocked by CLK_CORE)
  Path Group : CLK_CORE
  Path Type  : max

  Point                                                   Incr        Path
  -------------------------------------------------------------------------
  clock CLK_CORE (rise edge)                                  0.000       0.000
  clock network delay (propagated)                        0.148      0.148
  u_itlb_tag/din_reg[0]/CK (DFFARX1_RVT)                        0.000       0.148 r
  u_itlb_tag/din_reg[0]/Q  (DFFARX1_RVT)                        0.123       0.271 r
  u_itlb_tag/U12/Y (INVX2_RVT)                                  0.036       0.307 f
  u_itlb_tag/U34/Y (NAND2X1_RVT)                                0.089       0.396 r
  u_itlb_data/U07/Y (AOI22X1_RVT)                                0.077       0.473 f
  u_itlb_data/U19/Y (OAI21X1_RVT)                                0.082       0.555 r
  u_itlb_ctrl/U03/Y (MUX21X1_RVT)                                0.078       0.633 r
  u_itlb_ctrl/U11/Y (AND2X1_RVT)                                 0.076       0.709 f
  u_itlb_ctrl/U22/Y (NOR2X1_RVT)                                 0.06       0.769 r
  u_itlb_lru/U05/Y (BUFX4_RVT)                                  0.065       0.834 r
  u_itlb_lru/dout_reg[0]/D (DFFARX1_RVT)                        0.069      0.903 f
  data arrival time                                                    0.903

  clock CLK_CORE (rise edge)                                  2     2
  clock network delay (propagated)                        0.148      2.148
  clock uncertainty                                      -0.05   2.098
  u_itlb_lru/dout_reg[0]/CK (DFFARX1_RVT)                       0.000       2.098 r
  library setup time                                     -0.067   2.031
  data required time                                                   2.031
  -------------------------------------------------------------------------
  data required time                                                   2.031
  data arrival time                                                   -0.903
  -------------------------------------------------------------------------
  slack (MET)   1.128


=========================================================================
                   ITLB_TOP — TIMING SUMMARY
=========================================================================

  Block        : ITLB_TOP
  Corner       : ss_0p72v_0p72v_125c
  Check        : max  (Recovery/Removal Check — Async reset paths)
  Clock        : CLK_CORE  Period = 2 ns  (500 MHz)
  Technology   : SAED 32nm RVT

  ┌────────────────────────────────────────────────────────────────┐
  │ Sub-Unit      WNS (ns)  TNS (ns)  #Viol   WHS (ns)  #HViol  │
  ├────────────────────────────────────────────────────────────────┤
  │ u_itlb_tag          1.128       0        0      0.114        0     │
  │ u_itlb_data          0.085       0        0      0.079        0     │
  │ u_itlb_ctrl          0.1       0        0      0.083        0     │
  │ u_itlb_lru          0.192       0        0      0.06        0     │
  ├────────────────────────────────────────────────────────────────┤
  │ ITLB_TOP  1.128       0        0      0.114        0     │
  └────────────────────────────────────────────────────────────────┘

  Status : ALL PATHS CLEAN — No Setup or Hold Violations


=========================================================================
                   TIMING EXCEPTIONS APPLIED
=========================================================================

  set_false_path -from [get_ports SCAN_EN]      -to [all_registers]
  set_false_path -from [get_ports TEST_MODE]     -to [all_registers]
  set_multicycle_path 2 -setup -from [get_cells u_itlb_tag/*] -to [get_cells u_itlb_lru/*]
  set_multicycle_path 1 -hold  -from [get_cells u_itlb_tag/*] -to [get_cells u_itlb_lru/*]
  set_input_delay  0.400 -clock CLK_CORE -max [all_inputs]
  set_output_delay 0.350 -clock CLK_CORE -max [all_outputs]


=========================================================================
                   CLOCK DOMAIN SUMMARY
=========================================================================

  Clock    : CLK_CORE
  Period   : 2 ns
  Waveform : {0.000 1}
  Skew     : 0.027 ns  (max across ITLB_TOP)
  Latency  : 0.148 ns  (max)


=========================================================================
                   CONSTRAINT COVERAGE
=========================================================================

  Total register endpoints   : 5256
  Constrained endpoints      : 5915
  Unconstrained endpoints    :      0
  Coverage                   :  100.0%


=========================================================================
                   TOOL / RUN INFORMATION
=========================================================================

  Tool         : Synopsys PrimeTime 2023.06-SP3
  Run Host     : sta-server-01
  Run Dir      : /proj/cpu_rtl/sta/FETCH/ITLB/run_ss_0p72v_0p72v_125c
  SDC File     : /proj/cpu_rtl/constraints/ITLB_TOP.sdc
  Netlist      : /proj/cpu_rtl/netlist/ITLB_TOP.v.gz
  SPEF File    : /proj/cpu_rtl/spef/ITLB_TOP.spef.gz
  Liberty      : saed32nm_rvt_ss_0p72v_0p72v_125c.db
  Elapsed Time : 00:02:47
  Peak Memory  : 3.59 GB

=========================================================================
End of Report
=========================================================================
