****************************************
Report : timing
        -path_type full
        -delay_type max
        -max_paths 10
        -sort_by slack
Design : ITLB_TOP
Version: PrimeTime 2023.06-SP3
Date   : Sat Aug 15 17:34:53 2026
Corner : tt_0p90v_0p90v_25c
Note   : Multicycle Path Check — 2-cycle paths
****************************************

Operating Conditions : tt_0p90v_0p90v_25c (Library: saed32nm_rvt)
Wire Load Model Mode : Interconnect (StarRC Extracted)

  Startpoint : u_itlb_tag/din_reg[0]
               (rising edge-triggered flip-flop clocked by CLK_CORE)
  Endpoint   : u_itlb_lru/dout_reg[0]
               (rising edge-triggered flip-flop clocked by CLK_CORE)
  Path Group : CLK_CORE
  Path Type  : max

  Point                                                   Incr        Path
  -------------------------------------------------------------------------
  clock CLK_CORE (rise edge)                                  0.000       0.000
  clock network delay (propagated)                        0.146      0.146
  u_itlb_tag/din_reg[0]/CK (DFFARX1_RVT)                        0.000       0.146 r
  u_itlb_tag/din_reg[0]/Q  (DFFARX1_RVT)                        0.123       0.269 r
  u_itlb_tag/U12/Y (INVX2_RVT)                                  0.052       0.321 f
  u_itlb_tag/U34/Y (NAND2X1_RVT)                                0.078       0.399 r
  u_itlb_data/U07/Y (AOI22X1_RVT)                                0.102       0.501 f
  u_itlb_data/U19/Y (OAI21X1_RVT)                                0.105       0.606 r
  u_itlb_ctrl/U03/Y (MUX21X1_RVT)                                0.087       0.693 r
  u_itlb_ctrl/U11/Y (AND2X1_RVT)                                 0.049       0.742 f
  u_itlb_ctrl/U22/Y (NOR2X1_RVT)                                 0.074       0.816 r
  u_itlb_lru/U05/Y (BUFX4_RVT)                                  0.07       0.886 r
  u_itlb_lru/dout_reg[0]/D (DFFARX1_RVT)                        0.07      0.956 f
  data arrival time                                                    0.956

  clock CLK_CORE (rise edge)                                  2     2
  clock network delay (propagated)                        0.146      2.146
  clock uncertainty                                      -0.05   2.096
  u_itlb_lru/dout_reg[0]/CK (DFFARX1_RVT)                       0.000       2.096 r
  library setup time                                     -0.077   2.019
  data required time                                                   2.019
  -------------------------------------------------------------------------
  data required time                                                   2.019
  data arrival time                                                   -0.956
  -------------------------------------------------------------------------
  slack (MET)   1.063


=========================================================================
                   ITLB_TOP — TIMING SUMMARY
=========================================================================

  Block        : ITLB_TOP
  Corner       : tt_0p90v_0p90v_25c
  Check        : max  (Multicycle Path Check — 2-cycle paths)
  Clock        : CLK_CORE  Period = 2 ns  (500 MHz)
  Technology   : SAED 32nm RVT

  ┌────────────────────────────────────────────────────────────────┐
  │ Sub-Unit      WNS (ns)  TNS (ns)  #Viol   WHS (ns)  #HViol  │
  ├────────────────────────────────────────────────────────────────┤
  │ u_itlb_tag          1.063       0        0      0.077        0     │
  │ u_itlb_data          0.121       0        0      0.082        0     │
  │ u_itlb_ctrl          0.108       0        0      0.107        0     │
  │ u_itlb_lru          0.118       0        0      0.08        0     │
  ├────────────────────────────────────────────────────────────────┤
  │ ITLB_TOP  1.063       0        0      0.077        0     │
  └────────────────────────────────────────────────────────────────┘

  Status : ALL PATHS CLEAN — No Setup or Hold Violations


=========================================================================
                   TIMING EXCEPTIONS APPLIED
=========================================================================

  set_false_path -from [get_ports SCAN_EN]      -to [all_registers]
  set_false_path -from [get_ports TEST_MODE]     -to [all_registers]
  set_multicycle_path 2 -setup -from [get_cells u_itlb_tag/*] -to [get_cells u_itlb_lru/*]
  set_multicycle_path 1 -hold  -from [get_cells u_itlb_tag/*] -to [get_cells u_itlb_lru/*]
  set_input_delay  0.400 -clock CLK_CORE -max [all_inputs]
  set_output_delay 0.350 -clock CLK_CORE -max [all_outputs]


=========================================================================
                   CLOCK DOMAIN SUMMARY
=========================================================================

  Clock    : CLK_CORE
  Period   : 2 ns
  Waveform : {0.000 1}
  Skew     : 0.025 ns  (max across ITLB_TOP)
  Latency  : 0.146 ns  (max)


=========================================================================
                   CONSTRAINT COVERAGE
=========================================================================

  Total register endpoints   : 2881
  Constrained endpoints      : 4113
  Unconstrained endpoints    :      0
  Coverage                   :  100.0%


=========================================================================
                   TOOL / RUN INFORMATION
=========================================================================

  Tool         : Synopsys PrimeTime 2023.06-SP3
  Run Host     : sta-server-01
  Run Dir      : /proj/cpu_rtl/sta/FETCH/ITLB/run_tt_0p90v_0p90v_25c
  SDC File     : /proj/cpu_rtl/constraints/ITLB_TOP.sdc
  Netlist      : /proj/cpu_rtl/netlist/ITLB_TOP.v.gz
  SPEF File    : /proj/cpu_rtl/spef/ITLB_TOP.spef.gz
  Liberty      : saed32nm_rvt_tt_0p90v_0p90v_25c.db
  Elapsed Time : 00:04:17
  Peak Memory  : 1.574 GB

=========================================================================
End of Report
=========================================================================
