================================================================================
  STA BLOCK DUMP LOG  —  ITLB_TOP
================================================================================

  Block Directory : D:\Certificates\PD_STA_REPORTS\FETCH\ITLB
  Design          : ITLB_TOP
  Parsed At       : 2026-08-15T22:16:48
  Total Reports   : 11


OWNERSHIP
----------------------------------------
  BLOCK TIMING OWNER           : User3  <user3@company.com>  [EMP-2003]
  TEAM LEAD                    : MTO_User1  <mto1@company.com>  [EMP-1001]
  RTL TEAM LEAD                : TeamLead1  <teamlead1@company.com>
  PD ENGINEER                  : PDEng1  <pdeng1@company.com>
  STA ENGINEER                 : STAEng1  <staeng1@company.com>
  CHIP STA LEAD                : STALead1  <stalead1@company.com>  [EMP-0004]

AGGREGATE SUMMARY
----------------------------------------
  Overall Status   : MET
  Worst WNS  (ns)  : 0.000
  Worst TNS  (ns)  : 0.000
  Worst WHS  (ns)  : 0.000
  Best  WNS  (ns)  : 1.196
  Total Violations : 0

BY CORNER
----------------------------------------
  Name                                              #       WNS       TNS       WHS  STATUS
  ─────────────────────────────────────────────  ────  ────────  ────────  ────────  ──────────
  N/A                                               1     0.000     0.000     0.000  MET
  ff_1p16v_1p16v_125c                               1     1.118     0.000     0.079  MET
  ff_1p16v_1p16v_n40c                               1     1.048     0.000     0.078  MET
  ss_0p63v_0p63v_125c                               1     1.126     0.000     0.081  MET
  ss_0p72v_0p72v_125c                               2     1.071     0.000     0.062  MET
  ss_0p72v_0p72v_n40c                               1     1.196     0.000     0.106  MET
  tt_0p90v_0p90v_25c                                4     1.063     0.000     0.077  MET

BY CHECK TYPE
----------------------------------------
  Name                                              #       WNS       TNS       WHS  STATUS
  ─────────────────────────────────────────────  ────  ────────  ────────  ────────  ──────────
  N/A                                               1     0.000     0.000     0.000  MET
  hold                                              3     1.048     0.000     0.078  MET
  setup                                             7     1.063     0.000     0.062  MET

PER-REPORT DETAIL
----------------------------------------
  File     : 05_SETUP_SS_M40C_ITLB_TOP.rpt
  Design   : ITLB_TOP              Corner : ss_0p72v_0p72v_n40c
  Check    : setup       Clock  : CLK_CORE  Period = 2.0 ns  (500.0 MHz)
  WNS      :   +1.196 ns   TNS :   +0.000 ns   WHS :   +0.106 ns
  Slack    :   +1.196 ns   Status : MET
  Status   : ALL PATHS CLEAN — No Setup or Hold Violations
  Coverage : 100.0%   Endpoints : 4958 / 2089
  Tool     : Synopsys PrimeTime 2023.06-SP3
  Runtime  : 00:03:19         Memory : 2.752 GB
  Run Dir  : /proj/cpu_rtl/sta/FETCH/ITLB/run_ss_0p72v_0p72v_n40c

  File     : 09_RECOVERY_SS_125C_ITLB_TOP.rpt
  Design   : ITLB_TOP              Corner : ss_0p72v_0p72v_125c
  Check    : setup       Clock  : CLK_CORE  Period = 2.0 ns  (500.0 MHz)
  WNS      :   +1.128 ns   TNS :   +0.000 ns   WHS :   +0.114 ns
  Slack    :   +1.128 ns   Status : MET
  Status   : ALL PATHS CLEAN — No Setup or Hold Violations
  Coverage : 100.0%   Endpoints : 5915 / 5256
  Tool     : Synopsys PrimeTime 2023.06-SP3
  Runtime  : 00:02:47         Memory : 3.59 GB
  Run Dir  : /proj/cpu_rtl/sta/FETCH/ITLB/run_ss_0p72v_0p72v_125c

  File     : 07_SETUP_LVSS_125C_ITLB_TOP.rpt
  Design   : ITLB_TOP              Corner : ss_0p63v_0p63v_125c
  Check    : setup       Clock  : CLK_CORE  Period = 2.0 ns  (500.0 MHz)
  WNS      :   +1.126 ns   TNS :   +0.000 ns   WHS :   +0.081 ns
  Slack    :   +1.126 ns   Status : MET
  Status   : ALL PATHS CLEAN — No Setup or Hold Violations
  Coverage : 100.0%   Endpoints : 4822 / 2606
  Tool     : Synopsys PrimeTime 2023.06-SP3
  Runtime  : 00:03:57         Memory : 1.435 GB
  Run Dir  : /proj/cpu_rtl/sta/FETCH/ITLB/run_ss_0p63v_0p63v_125c

  File     : 08_CG_CHECK_TT_25C_ITLB_TOP.rpt
  Design   : ITLB_TOP              Corner : tt_0p90v_0p90v_25c
  Check    : setup       Clock  : CLK_CORE  Period = 2.0 ns  (500.0 MHz)
  WNS      :   +1.116 ns   TNS :   +0.000 ns   WHS :   +0.105 ns
  Slack    :   +1.116 ns   Status : MET
  Status   : ALL PATHS CLEAN — No Setup or Hold Violations
  Coverage : 100.0%   Endpoints : 2861 / 3815
  Tool     : Synopsys PrimeTime 2023.06-SP3
  Runtime  : 00:04:34         Memory : 3.968 GB
  Run Dir  : /proj/cpu_rtl/sta/FETCH/ITLB/run_tt_0p90v_0p90v_25c

  File     : 03_SETUP_TT_25C_ITLB_TOP.rpt
  Design   : ITLB_TOP              Corner : tt_0p90v_0p90v_25c
  Check    : setup       Clock  : CLK_CORE  Period = 2.0 ns  (500.0 MHz)
  WNS      :   +1.082 ns   TNS :   +0.000 ns   WHS :   +0.092 ns
  Slack    :   +1.082 ns   Status : MET
  Status   : ALL PATHS CLEAN — No Setup or Hold Violations
  Coverage : 100.0%   Endpoints : 3753 / 5037
  Tool     : Synopsys PrimeTime 2023.06-SP3
  Runtime  : 00:05:13         Memory : 4.422 GB
  Run Dir  : /proj/cpu_rtl/sta/FETCH/ITLB/run_tt_0p90v_0p90v_25c

  File     : 01_SETUP_SS_125C_ITLB_TOP.rpt
  Design   : ITLB_TOP              Corner : ss_0p72v_0p72v_125c
  Check    : setup       Clock  : CLK_CORE  Period = 2.0 ns  (500.0 MHz)
  WNS      :   +1.071 ns   TNS :   +0.000 ns   WHS :   +0.062 ns
  Slack    :   +1.071 ns   Status : MET
  Status   : ALL PATHS CLEAN — No Setup or Hold Violations
  Coverage : 100.0%   Endpoints : 4499 / 4545
  Tool     : Synopsys PrimeTime 2023.06-SP3
  Runtime  : 00:01:14         Memory : 3.538 GB
  Run Dir  : /proj/cpu_rtl/sta/FETCH/ITLB/run_ss_0p72v_0p72v_125c

  File     : 10_MULTICYCLE_TT_25C_ITLB_TOP.rpt
  Design   : ITLB_TOP              Corner : tt_0p90v_0p90v_25c
  Check    : setup       Clock  : CLK_CORE  Period = 2.0 ns  (500.0 MHz)
  WNS      :   +1.063 ns   TNS :   +0.000 ns   WHS :   +0.077 ns
  Slack    :   +1.063 ns   Status : MET
  Status   : ALL PATHS CLEAN — No Setup or Hold Violations
  Coverage : 100.0%   Endpoints : 4113 / 2881
  Tool     : Synopsys PrimeTime 2023.06-SP3
  Runtime  : 00:04:17         Memory : 1.574 GB
  Run Dir  : /proj/cpu_rtl/sta/FETCH/ITLB/run_tt_0p90v_0p90v_25c

  File     : 04_HOLD_TT_25C_ITLB_TOP.rpt
  Design   : ITLB_TOP              Corner : tt_0p90v_0p90v_25c
  Check    : hold        Clock  : CLK_CORE  Period = 2.0 ns  (500.0 MHz)
  WNS      :   +1.094 ns   TNS :   +0.000 ns   WHS :   +0.102 ns
  Slack    :   +1.094 ns   Status : MET
  Status   : ALL PATHS CLEAN — No Setup or Hold Violations
  Coverage : 100.0%   Endpoints : 1061 / 4507
  Tool     : Synopsys PrimeTime 2023.06-SP3
  Runtime  : 00:06:38         Memory : 1.256 GB
  Run Dir  : /proj/cpu_rtl/sta/FETCH/ITLB/run_tt_0p90v_0p90v_25c

  File     : 06_HOLD_FF_125C_ITLB_TOP.rpt
  Design   : ITLB_TOP              Corner : ff_1p16v_1p16v_125c
  Check    : hold        Clock  : CLK_CORE  Period = 2.0 ns  (500.0 MHz)
  WNS      :   +1.118 ns   TNS :   +0.000 ns   WHS :   +0.079 ns
  Slack    :   +1.118 ns   Status : MET
  Status   : ALL PATHS CLEAN — No Setup or Hold Violations
  Coverage : 100.0%   Endpoints : 3383 / 4754
  Tool     : Synopsys PrimeTime 2023.06-SP3
  Runtime  : 00:06:13         Memory : 3.787 GB
  Run Dir  : /proj/cpu_rtl/sta/FETCH/ITLB/run_ff_1p16v_1p16v_125c

  File     : 02_HOLD_FF_N40C_ITLB_TOP.rpt
  Design   : ITLB_TOP              Corner : ff_1p16v_1p16v_n40c
  Check    : hold        Clock  : CLK_CORE  Period = 2.0 ns  (500.0 MHz)
  WNS      :   +1.048 ns   TNS :   +0.000 ns   WHS :   +0.078 ns
  Slack    :   +1.048 ns   Status : MET
  Status   : ALL PATHS CLEAN — No Setup or Hold Violations
  Coverage : 100.0%   Endpoints : 2817 / 1473
  Tool     : Synopsys PrimeTime 2023.06-SP3
  Runtime  : 00:07:18         Memory : 1.207 GB
  Run Dir  : /proj/cpu_rtl/sta/FETCH/ITLB/run_ff_1p16v_1p16v_n40c

  File     : ITLB_TIMING.rpt
  Design   : N/A                   Corner : N/A
  Check    : N/A         Clock  : N/A  Period = 0.0 ns  (0.0 MHz)
  WNS      :   +0.000 ns   TNS :   +0.000 ns   WHS :   +0.000 ns
  Slack    :   +0.000 ns   Status : UNKNOWN
  Status   : N/A
  Coverage : 0.0%   Endpoints : 0 / 0
  Tool     : N/A
  Runtime  : N/A              Memory : N/A
  Run Dir  : N/A


================================================================================
END OF BLOCK DUMP LOG
================================================================================