****************************************
Report : timing
        -path_type full
        -delay_type max
        -max_paths 10
        -sort_by slack
Design : ICACHE_TOP
Version: PrimeTime 2023.06-SP3
Date   : Sat Aug 15 17:34:53 2026
Corner : ss_0p72v_0p72v_125c
Note   : Worst-case Setup — Slow corner, high temp
****************************************

Operating Conditions : ss_0p72v_0p72v_125c (Library: saed32nm_rvt)
Wire Load Model Mode : Interconnect (StarRC Extracted)

  Startpoint : u_ic_tag/din_reg[0]
               (rising edge-triggered flip-flop clocked by CLK_CORE)
  Endpoint   : u_ic_lru/dout_reg[0]
               (rising edge-triggered flip-flop clocked by CLK_CORE)
  Path Group : CLK_CORE
  Path Type  : max

  Point                                                   Incr        Path
  -------------------------------------------------------------------------
  clock CLK_CORE (rise edge)                                  0.000       0.000
  clock network delay (propagated)                        0.148      0.148
  u_ic_tag/din_reg[0]/CK (DFFARX1_RVT)                        0.000       0.148 r
  u_ic_tag/din_reg[0]/Q  (DFFARX1_RVT)                        0.12       0.268 r
  u_ic_tag/U12/Y (INVX2_RVT)                                  0.058       0.326 f
  u_ic_tag/U34/Y (NAND2X1_RVT)                                0.078       0.404 r
  u_ic_data/U07/Y (AOI22X1_RVT)                                0.109       0.513 f
  u_ic_data/U19/Y (OAI21X1_RVT)                                0.084       0.597 r
  u_ic_ctrl/U03/Y (MUX21X1_RVT)                                0.077       0.674 r
  u_ic_ctrl/U11/Y (AND2X1_RVT)                                 0.082       0.756 f
  u_ic_ctrl/U22/Y (NOR2X1_RVT)                                 0.043       0.799 r
  u_ic_lru/U05/Y (BUFX4_RVT)                                  0.066       0.865 r
  u_ic_lru/dout_reg[0]/D (DFFARX1_RVT)                        0.066      0.931 f
  data arrival time                                                    0.931

  clock CLK_CORE (rise edge)                                  2     2
  clock network delay (propagated)                        0.148      2.148
  clock uncertainty                                      -0.05   2.098
  u_ic_lru/dout_reg[0]/CK (DFFARX1_RVT)                       0.000       2.098 r
  library setup time                                     -0.074   2.024
  data required time                                                   2.024
  -------------------------------------------------------------------------
  data required time                                                   2.024
  data arrival time                                                   -0.931
  -------------------------------------------------------------------------
  slack (MET)   1.093


=========================================================================
                   ICACHE_TOP — TIMING SUMMARY
=========================================================================

  Block        : ICACHE_TOP
  Corner       : ss_0p72v_0p72v_125c
  Check        : max  (Worst-case Setup — Slow corner, high temp)
  Clock        : CLK_CORE  Period = 2 ns  (500 MHz)
  Technology   : SAED 32nm RVT

  ┌────────────────────────────────────────────────────────────────┐
  │ Sub-Unit      WNS (ns)  TNS (ns)  #Viol   WHS (ns)  #HViol  │
  ├────────────────────────────────────────────────────────────────┤
  │ u_ic_tag          1.093       0        0      0.098        0     │
  │ u_ic_data          0.195       0        0      0.122        0     │
  │ u_ic_ctrl          0.185       0        0      0.089        0     │
  │ u_ic_lru          0.167       0        0      0.111        0     │
  ├────────────────────────────────────────────────────────────────┤
  │ ICACHE_TOP  1.093       0        0      0.098        0     │
  └────────────────────────────────────────────────────────────────┘

  Status : ALL PATHS CLEAN — No Setup or Hold Violations


=========================================================================
                   TIMING EXCEPTIONS APPLIED
=========================================================================

  set_false_path -from [get_ports SCAN_EN]      -to [all_registers]
  set_false_path -from [get_ports TEST_MODE]     -to [all_registers]
  set_multicycle_path 2 -setup -from [get_cells u_ic_tag/*] -to [get_cells u_ic_lru/*]
  set_multicycle_path 1 -hold  -from [get_cells u_ic_tag/*] -to [get_cells u_ic_lru/*]
  set_input_delay  0.400 -clock CLK_CORE -max [all_inputs]
  set_output_delay 0.350 -clock CLK_CORE -max [all_outputs]


=========================================================================
                   CLOCK DOMAIN SUMMARY
=========================================================================

  Clock    : CLK_CORE
  Period   : 2 ns
  Waveform : {0.000 1}
  Skew     : 0.026 ns  (max across ICACHE_TOP)
  Latency  : 0.148 ns  (max)


=========================================================================
                   CONSTRAINT COVERAGE
=========================================================================

  Total register endpoints   : 3566
  Constrained endpoints      : 5152
  Unconstrained endpoints    :      0
  Coverage                   :  100.0%


=========================================================================
                   TOOL / RUN INFORMATION
=========================================================================

  Tool         : Synopsys PrimeTime 2023.06-SP3
  Run Host     : sta-server-01
  Run Dir      : /proj/cpu_rtl/sta/FETCH/ICACHE/run_ss_0p72v_0p72v_125c
  SDC File     : /proj/cpu_rtl/constraints/ICACHE_TOP.sdc
  Netlist      : /proj/cpu_rtl/netlist/ICACHE_TOP.v.gz
  SPEF File    : /proj/cpu_rtl/spef/ICACHE_TOP.spef.gz
  Liberty      : saed32nm_rvt_ss_0p72v_0p72v_125c.db
  Elapsed Time : 00:02:56
  Peak Memory  : 1.797 GB

=========================================================================
End of Report
=========================================================================
