****************************************
Report : timing
        -path_type full
        -delay_type min
        -max_paths 10
        -sort_by slack
Design : ICACHE_TOP
Version: PrimeTime 2023.06-SP3
Date   : Sat Aug 15 17:34:53 2026
Corner : tt_0p90v_0p90v_25c
Note   : Typical Hold    — Nominal corner
****************************************

Operating Conditions : tt_0p90v_0p90v_25c (Library: saed32nm_rvt)
Wire Load Model Mode : Interconnect (StarRC Extracted)

  Startpoint : u_ic_tag/din_reg[0]
               (rising edge-triggered flip-flop clocked by CLK_CORE)
  Endpoint   : u_ic_lru/dout_reg[0]
               (rising edge-triggered flip-flop clocked by CLK_CORE)
  Path Group : CLK_CORE
  Path Type  : min

  Point                                                   Incr        Path
  -------------------------------------------------------------------------
  clock CLK_CORE (rise edge)                                  0.000       0.000
  clock network delay (propagated)                        0.139      0.139
  u_ic_tag/din_reg[0]/CK (DFFARX1_RVT)                        0.000       0.139 r
  u_ic_tag/din_reg[0]/Q  (DFFARX1_RVT)                        0.135       0.274 r
  u_ic_tag/U12/Y (INVX2_RVT)                                  0.048       0.322 f
  u_ic_tag/U34/Y (NAND2X1_RVT)                                0.076       0.398 r
  u_ic_data/U07/Y (AOI22X1_RVT)                                0.076       0.474 f
  u_ic_data/U19/Y (OAI21X1_RVT)                                0.08       0.554 r
  u_ic_ctrl/U03/Y (MUX21X1_RVT)                                0.073       0.627 r
  u_ic_ctrl/U11/Y (AND2X1_RVT)                                 0.07       0.697 f
  u_ic_ctrl/U22/Y (NOR2X1_RVT)                                 0.056       0.753 r
  u_ic_lru/U05/Y (BUFX4_RVT)                                  0.066       0.819 r
  u_ic_lru/dout_reg[0]/D (DFFARX1_RVT)                        0.077      0.896 f
  data arrival time                                                    0.896

  clock CLK_CORE (rise edge)                                  2     2
  clock network delay (propagated)                        0.139      2.139
  clock uncertainty                                      -0.05   2.089
  u_ic_lru/dout_reg[0]/CK (DFFARX1_RVT)                       0.000       2.089 r
  library setup time                                     -0.075   2.014
  data required time                                                   2.014
  -------------------------------------------------------------------------
  data required time                                                   2.014
  data arrival time                                                   -0.896
  -------------------------------------------------------------------------
  slack (MET)   1.118


=========================================================================
                   ICACHE_TOP — TIMING SUMMARY
=========================================================================

  Block        : ICACHE_TOP
  Corner       : tt_0p90v_0p90v_25c
  Check        : min  (Typical Hold    — Nominal corner)
  Clock        : CLK_CORE  Period = 2 ns  (500 MHz)
  Technology   : SAED 32nm RVT

  ┌────────────────────────────────────────────────────────────────┐
  │ Sub-Unit      WNS (ns)  TNS (ns)  #Viol   WHS (ns)  #HViol  │
  ├────────────────────────────────────────────────────────────────┤
  │ u_ic_tag          1.118       0        0      0.086        0     │
  │ u_ic_data          0.168       0        0      0.113        0     │
  │ u_ic_ctrl          0.168       0        0      0.094        0     │
  │ u_ic_lru          0.085       0        0      0.13        0     │
  ├────────────────────────────────────────────────────────────────┤
  │ ICACHE_TOP  1.118       0        0      0.086        0     │
  └────────────────────────────────────────────────────────────────┘

  Status : ALL PATHS CLEAN — No Setup or Hold Violations


=========================================================================
                   TIMING EXCEPTIONS APPLIED
=========================================================================

  set_false_path -from [get_ports SCAN_EN]      -to [all_registers]
  set_false_path -from [get_ports TEST_MODE]     -to [all_registers]
  set_multicycle_path 2 -setup -from [get_cells u_ic_tag/*] -to [get_cells u_ic_lru/*]
  set_multicycle_path 1 -hold  -from [get_cells u_ic_tag/*] -to [get_cells u_ic_lru/*]
  set_input_delay  0.400 -clock CLK_CORE -max [all_inputs]
  set_output_delay 0.350 -clock CLK_CORE -max [all_outputs]


=========================================================================
                   CLOCK DOMAIN SUMMARY
=========================================================================

  Clock    : CLK_CORE
  Period   : 2 ns
  Waveform : {0.000 1}
  Skew     : 0.025 ns  (max across ICACHE_TOP)
  Latency  : 0.139 ns  (max)


=========================================================================
                   CONSTRAINT COVERAGE
=========================================================================

  Total register endpoints   : 4156
  Constrained endpoints      : 1695
  Unconstrained endpoints    :      0
  Coverage                   :  100.0%


=========================================================================
                   TOOL / RUN INFORMATION
=========================================================================

  Tool         : Synopsys PrimeTime 2023.06-SP3
  Run Host     : sta-server-01
  Run Dir      : /proj/cpu_rtl/sta/FETCH/ICACHE/run_tt_0p90v_0p90v_25c
  SDC File     : /proj/cpu_rtl/constraints/ICACHE_TOP.sdc
  Netlist      : /proj/cpu_rtl/netlist/ICACHE_TOP.v.gz
  SPEF File    : /proj/cpu_rtl/spef/ICACHE_TOP.spef.gz
  Liberty      : saed32nm_rvt_tt_0p90v_0p90v_25c.db
  Elapsed Time : 00:01:11
  Peak Memory  : 2.955 GB

=========================================================================
End of Report
=========================================================================
