****************************************
Report : timing
        -path_type full
        -delay_type max
        -max_paths 10
        -sort_by slack
Design : ICACHE_TOP
Version: PrimeTime 2023.06-SP3
Date   : Sat Aug 15 17:34:53 2026
Corner : ss_0p63v_0p63v_125c
Note   : Low-Vdd Setup   — Ultra-low voltage corner
****************************************

Operating Conditions : ss_0p63v_0p63v_125c (Library: saed32nm_rvt)
Wire Load Model Mode : Interconnect (StarRC Extracted)

  Startpoint : u_ic_tag/din_reg[0]
               (rising edge-triggered flip-flop clocked by CLK_CORE)
  Endpoint   : u_ic_lru/dout_reg[0]
               (rising edge-triggered flip-flop clocked by CLK_CORE)
  Path Group : CLK_CORE
  Path Type  : max

  Point                                                   Incr        Path
  -------------------------------------------------------------------------
  clock CLK_CORE (rise edge)                                  0.000       0.000
  clock network delay (propagated)                        0.147      0.147
  u_ic_tag/din_reg[0]/CK (DFFARX1_RVT)                        0.000       0.147 r
  u_ic_tag/din_reg[0]/Q  (DFFARX1_RVT)                        0.13       0.277 r
  u_ic_tag/U12/Y (INVX2_RVT)                                  0.037       0.314 f
  u_ic_tag/U34/Y (NAND2X1_RVT)                                0.059       0.373 r
  u_ic_data/U07/Y (AOI22X1_RVT)                                0.099       0.472 f
  u_ic_data/U19/Y (OAI21X1_RVT)                                0.092       0.564 r
  u_ic_ctrl/U03/Y (MUX21X1_RVT)                                0.092       0.656 r
  u_ic_ctrl/U11/Y (AND2X1_RVT)                                 0.049       0.705 f
  u_ic_ctrl/U22/Y (NOR2X1_RVT)                                 0.055       0.76 r
  u_ic_lru/U05/Y (BUFX4_RVT)                                  0.068       0.828 r
  u_ic_lru/dout_reg[0]/D (DFFARX1_RVT)                        0.055      0.883 f
  data arrival time                                                    0.883

  clock CLK_CORE (rise edge)                                  2     2
  clock network delay (propagated)                        0.147      2.147
  clock uncertainty                                      -0.05   2.097
  u_ic_lru/dout_reg[0]/CK (DFFARX1_RVT)                       0.000       2.097 r
  library setup time                                     -0.082   2.015
  data required time                                                   2.015
  -------------------------------------------------------------------------
  data required time                                                   2.015
  data arrival time                                                   -0.883
  -------------------------------------------------------------------------
  slack (MET)   1.132


=========================================================================
                   ICACHE_TOP — TIMING SUMMARY
=========================================================================

  Block        : ICACHE_TOP
  Corner       : ss_0p63v_0p63v_125c
  Check        : max  (Low-Vdd Setup   — Ultra-low voltage corner)
  Clock        : CLK_CORE  Period = 2 ns  (500 MHz)
  Technology   : SAED 32nm RVT

  ┌────────────────────────────────────────────────────────────────┐
  │ Sub-Unit      WNS (ns)  TNS (ns)  #Viol   WHS (ns)  #HViol  │
  ├────────────────────────────────────────────────────────────────┤
  │ u_ic_tag          1.132       0        0      0.111        0     │
  │ u_ic_data          0.154       0        0      0.084        0     │
  │ u_ic_ctrl          0.122       0        0      0.129        0     │
  │ u_ic_lru          0.066       0        0      0.126        0     │
  ├────────────────────────────────────────────────────────────────┤
  │ ICACHE_TOP  1.132       0        0      0.111        0     │
  └────────────────────────────────────────────────────────────────┘

  Status : ALL PATHS CLEAN — No Setup or Hold Violations


=========================================================================
                   TIMING EXCEPTIONS APPLIED
=========================================================================

  set_false_path -from [get_ports SCAN_EN]      -to [all_registers]
  set_false_path -from [get_ports TEST_MODE]     -to [all_registers]
  set_multicycle_path 2 -setup -from [get_cells u_ic_tag/*] -to [get_cells u_ic_lru/*]
  set_multicycle_path 1 -hold  -from [get_cells u_ic_tag/*] -to [get_cells u_ic_lru/*]
  set_input_delay  0.400 -clock CLK_CORE -max [all_inputs]
  set_output_delay 0.350 -clock CLK_CORE -max [all_outputs]


=========================================================================
                   CLOCK DOMAIN SUMMARY
=========================================================================

  Clock    : CLK_CORE
  Period   : 2 ns
  Waveform : {0.000 1}
  Skew     : 0.026 ns  (max across ICACHE_TOP)
  Latency  : 0.147 ns  (max)


=========================================================================
                   CONSTRAINT COVERAGE
=========================================================================

  Total register endpoints   : 4820
  Constrained endpoints      : 2270
  Unconstrained endpoints    :      0
  Coverage                   :  100.0%


=========================================================================
                   TOOL / RUN INFORMATION
=========================================================================

  Tool         : Synopsys PrimeTime 2023.06-SP3
  Run Host     : sta-server-01
  Run Dir      : /proj/cpu_rtl/sta/FETCH/ICACHE/run_ss_0p63v_0p63v_125c
  SDC File     : /proj/cpu_rtl/constraints/ICACHE_TOP.sdc
  Netlist      : /proj/cpu_rtl/netlist/ICACHE_TOP.v.gz
  SPEF File    : /proj/cpu_rtl/spef/ICACHE_TOP.spef.gz
  Liberty      : saed32nm_rvt_ss_0p63v_0p63v_125c.db
  Elapsed Time : 00:01:56
  Peak Memory  : 3.414 GB

=========================================================================
End of Report
=========================================================================
