****************************************
Report : timing
        -path_type full
        -delay_type max
        -max_paths 10
        -sort_by slack
Design : ICACHE_TOP
Version: PrimeTime 2023.06-SP3
Date   : Sat Aug 15 17:34:53 2026
Corner : ss_0p72v_0p72v_125c
Note   : Recovery/Removal Check — Async reset paths
****************************************

Operating Conditions : ss_0p72v_0p72v_125c (Library: saed32nm_rvt)
Wire Load Model Mode : Interconnect (StarRC Extracted)

  Startpoint : u_ic_tag/din_reg[0]
               (rising edge-triggered flip-flop clocked by CLK_CORE)
  Endpoint   : u_ic_lru/dout_reg[0]
               (rising edge-triggered flip-flop clocked by CLK_CORE)
  Path Group : CLK_CORE
  Path Type  : max

  Point                                                   Incr        Path
  -------------------------------------------------------------------------
  clock CLK_CORE (rise edge)                                  0.000       0.000
  clock network delay (propagated)                        0.138      0.138
  u_ic_tag/din_reg[0]/CK (DFFARX1_RVT)                        0.000       0.138 r
  u_ic_tag/din_reg[0]/Q  (DFFARX1_RVT)                        0.128       0.266 r
  u_ic_tag/U12/Y (INVX2_RVT)                                  0.04       0.306 f
  u_ic_tag/U34/Y (NAND2X1_RVT)                                0.082       0.388 r
  u_ic_data/U07/Y (AOI22X1_RVT)                                0.104       0.492 f
  u_ic_data/U19/Y (OAI21X1_RVT)                                0.09       0.582 r
  u_ic_ctrl/U03/Y (MUX21X1_RVT)                                0.094       0.676 r
  u_ic_ctrl/U11/Y (AND2X1_RVT)                                 0.074       0.75 f
  u_ic_ctrl/U22/Y (NOR2X1_RVT)                                 0.072       0.822 r
  u_ic_lru/U05/Y (BUFX4_RVT)                                  0.063       0.885 r
  u_ic_lru/dout_reg[0]/D (DFFARX1_RVT)                        0.051      0.936 f
  data arrival time                                                    0.936

  clock CLK_CORE (rise edge)                                  2     2
  clock network delay (propagated)                        0.138      2.138
  clock uncertainty                                      -0.05   2.088
  u_ic_lru/dout_reg[0]/CK (DFFARX1_RVT)                       0.000       2.088 r
  library setup time                                     -0.075   2.013
  data required time                                                   2.013
  -------------------------------------------------------------------------
  data required time                                                   2.013
  data arrival time                                                   -0.936
  -------------------------------------------------------------------------
  slack (MET)   1.077


=========================================================================
                   ICACHE_TOP — TIMING SUMMARY
=========================================================================

  Block        : ICACHE_TOP
  Corner       : ss_0p72v_0p72v_125c
  Check        : max  (Recovery/Removal Check — Async reset paths)
  Clock        : CLK_CORE  Period = 2 ns  (500 MHz)
  Technology   : SAED 32nm RVT

  ┌────────────────────────────────────────────────────────────────┐
  │ Sub-Unit      WNS (ns)  TNS (ns)  #Viol   WHS (ns)  #HViol  │
  ├────────────────────────────────────────────────────────────────┤
  │ u_ic_tag          1.077       0        0      0.082        0     │
  │ u_ic_data          0.189       0        0      0.107        0     │
  │ u_ic_ctrl          0.125       0        0      0.124        0     │
  │ u_ic_lru          0.196       0        0      0.059        0     │
  ├────────────────────────────────────────────────────────────────┤
  │ ICACHE_TOP  1.077       0        0      0.082        0     │
  └────────────────────────────────────────────────────────────────┘

  Status : ALL PATHS CLEAN — No Setup or Hold Violations


=========================================================================
                   TIMING EXCEPTIONS APPLIED
=========================================================================

  set_false_path -from [get_ports SCAN_EN]      -to [all_registers]
  set_false_path -from [get_ports TEST_MODE]     -to [all_registers]
  set_multicycle_path 2 -setup -from [get_cells u_ic_tag/*] -to [get_cells u_ic_lru/*]
  set_multicycle_path 1 -hold  -from [get_cells u_ic_tag/*] -to [get_cells u_ic_lru/*]
  set_input_delay  0.400 -clock CLK_CORE -max [all_inputs]
  set_output_delay 0.350 -clock CLK_CORE -max [all_outputs]


=========================================================================
                   CLOCK DOMAIN SUMMARY
=========================================================================

  Clock    : CLK_CORE
  Period   : 2 ns
  Waveform : {0.000 1}
  Skew     : 0.025 ns  (max across ICACHE_TOP)
  Latency  : 0.138 ns  (max)


=========================================================================
                   CONSTRAINT COVERAGE
=========================================================================

  Total register endpoints   : 1155
  Constrained endpoints      : 1120
  Unconstrained endpoints    :      0
  Coverage                   :  100.0%


=========================================================================
                   TOOL / RUN INFORMATION
=========================================================================

  Tool         : Synopsys PrimeTime 2023.06-SP3
  Run Host     : sta-server-01
  Run Dir      : /proj/cpu_rtl/sta/FETCH/ICACHE/run_ss_0p72v_0p72v_125c
  SDC File     : /proj/cpu_rtl/constraints/ICACHE_TOP.sdc
  Netlist      : /proj/cpu_rtl/netlist/ICACHE_TOP.v.gz
  SPEF File    : /proj/cpu_rtl/spef/ICACHE_TOP.spef.gz
  Liberty      : saed32nm_rvt_ss_0p72v_0p72v_125c.db
  Elapsed Time : 00:05:11
  Peak Memory  : 4.231 GB

=========================================================================
End of Report
=========================================================================
