================================================================================
  STA BLOCK DUMP LOG  —  ICACHE_TOP
================================================================================

  Block Directory : D:\Certificates\PD_STA_REPORTS\FETCH\ICACHE
  Design          : ICACHE_TOP
  Parsed At       : 2026-08-15T22:26:20
  Total Reports   : 11


OWNERSHIP
----------------------------------------
  BLOCK TIMING OWNER           : User2  <user2@company.com>  [EMP-2002]
  TEAM LEAD                    : MTO_User1  <mto1@company.com>  [EMP-1001]
  RTL TEAM LEAD                : TeamLead1  <teamlead1@company.com>
  PD ENGINEER                  : PDEng1  <pdeng1@company.com>
  STA ENGINEER                 : STAEng1  <staeng1@company.com>
  CHIP STA LEAD                : STALead1  <stalead1@company.com>  [EMP-0004]

AGGREGATE SUMMARY
----------------------------------------
  Overall Status   : VIOLATED
  Worst WNS  (ns)  : -0.048
  Worst TNS  (ns)  : -0.468
  Worst WHS  (ns)  : 0.000
  Best  WNS  (ns)  : 1.155
  Total Violations : 1

BY CORNER
----------------------------------------
  Name                                              #       WNS       TNS       WHS  STATUS
  ─────────────────────────────────────────────  ────  ────────  ────────  ────────  ──────────
  N/A                                               1     0.000     0.000     0.000  MET
  ff_1p16v_1p16v_125c                               1     1.155     0.000     0.069  MET
  ff_1p16v_1p16v_n40c                               1     1.089     0.000     0.063  MET
  ss_0p63v_0p63v_125c                               1     1.132     0.000     0.111  MET
  ss_0p72v_0p72v_125c                               2     1.077     0.000     0.082  MET
  ss_0p72v_0p72v_n40c                               1     1.145     0.000     0.111  MET
  tt_0p90v_0p90v_25c                                4    -0.048    -0.468     0.086  VIOLATED

BY CHECK TYPE
----------------------------------------
  Name                                              #       WNS       TNS       WHS  STATUS
  ─────────────────────────────────────────────  ────  ────────  ────────  ────────  ──────────
  N/A                                               1     0.000     0.000     0.000  MET
  hold                                              3     1.089     0.000     0.063  MET
  setup                                             7    -0.048    -0.468     0.082  VIOLATED

PER-REPORT DETAIL
----------------------------------------
  File     : 08_CG_CHECK_TT_25C_ICACHE_TOP.rpt
  Design   : ICACHE_TOP            Corner : tt_0p90v_0p90v_25c
  Check    : setup       Clock  : CLK_CORE  Period = 2.0 ns  (500.0 MHz)
  WNS      :   -0.048 ns   TNS :   -0.468 ns   WHS :   +0.091 ns
  Slack    :   -0.048 ns   Status : VIOLATED
  Status   : TIMING VIOLATED — Clock gating setup violations detected
  Coverage : 100.0%   Endpoints : 6231 / 6231
  Tool     : Synopsys PrimeTime 2023.06-SP3
  Runtime  : 00:04:55         Memory : 5.014 GB
  Run Dir  : /proj/cpu_rtl/sta/FETCH/ICACHE/run_tt_0p90v_0p90v_25c

  File     : 05_SETUP_SS_M40C_ICACHE_TOP.rpt
  Design   : ICACHE_TOP            Corner : ss_0p72v_0p72v_n40c
  Check    : setup       Clock  : CLK_CORE  Period = 2.0 ns  (500.0 MHz)
  WNS      :   +1.145 ns   TNS :   +0.000 ns   WHS :   +0.111 ns
  Slack    :   +1.145 ns   Status : MET
  Status   : ALL PATHS CLEAN — No Setup or Hold Violations
  Coverage : 100.0%   Endpoints : 2485 / 1887
  Tool     : Synopsys PrimeTime 2023.06-SP3
  Runtime  : 00:07:19         Memory : 2.935 GB
  Run Dir  : /proj/cpu_rtl/sta/FETCH/ICACHE/run_ss_0p72v_0p72v_n40c

  File     : 10_MULTICYCLE_TT_25C_ICACHE_TOP.rpt
  Design   : ICACHE_TOP            Corner : tt_0p90v_0p90v_25c
  Check    : setup       Clock  : CLK_CORE  Period = 2.0 ns  (500.0 MHz)
  WNS      :   +1.144 ns   TNS :   +0.000 ns   WHS :   +0.114 ns
  Slack    :   +1.144 ns   Status : MET
  Status   : ALL PATHS CLEAN — No Setup or Hold Violations
  Coverage : 100.0%   Endpoints : 2066 / 3648
  Tool     : Synopsys PrimeTime 2023.06-SP3
  Runtime  : 00:07:48         Memory : 4.336 GB
  Run Dir  : /proj/cpu_rtl/sta/FETCH/ICACHE/run_tt_0p90v_0p90v_25c

  File     : 07_SETUP_LVSS_125C_ICACHE_TOP.rpt
  Design   : ICACHE_TOP            Corner : ss_0p63v_0p63v_125c
  Check    : setup       Clock  : CLK_CORE  Period = 2.0 ns  (500.0 MHz)
  WNS      :   +1.132 ns   TNS :   +0.000 ns   WHS :   +0.111 ns
  Slack    :   +1.132 ns   Status : MET
  Status   : ALL PATHS CLEAN — No Setup or Hold Violations
  Coverage : 100.0%   Endpoints : 2270 / 4820
  Tool     : Synopsys PrimeTime 2023.06-SP3
  Runtime  : 00:01:56         Memory : 3.414 GB
  Run Dir  : /proj/cpu_rtl/sta/FETCH/ICACHE/run_ss_0p63v_0p63v_125c

  File     : 03_SETUP_TT_25C_ICACHE_TOP.rpt
  Design   : ICACHE_TOP            Corner : tt_0p90v_0p90v_25c
  Check    : setup       Clock  : CLK_CORE  Period = 2.0 ns  (500.0 MHz)
  WNS      :   +1.102 ns   TNS :   +0.000 ns   WHS :   +0.116 ns
  Slack    :   +1.102 ns   Status : MET
  Status   : ALL PATHS CLEAN — No Setup or Hold Violations
  Coverage : 100.0%   Endpoints : 2588 / 2502
  Tool     : Synopsys PrimeTime 2023.06-SP3
  Runtime  : 00:01:46         Memory : 2.611 GB
  Run Dir  : /proj/cpu_rtl/sta/FETCH/ICACHE/run_tt_0p90v_0p90v_25c

  File     : 01_SETUP_SS_125C_ICACHE_TOP.rpt
  Design   : ICACHE_TOP            Corner : ss_0p72v_0p72v_125c
  Check    : setup       Clock  : CLK_CORE  Period = 2.0 ns  (500.0 MHz)
  WNS      :   +1.093 ns   TNS :   +0.000 ns   WHS :   +0.098 ns
  Slack    :   +1.093 ns   Status : MET
  Status   : ALL PATHS CLEAN — No Setup or Hold Violations
  Coverage : 100.0%   Endpoints : 5152 / 3566
  Tool     : Synopsys PrimeTime 2023.06-SP3
  Runtime  : 00:02:56         Memory : 1.797 GB
  Run Dir  : /proj/cpu_rtl/sta/FETCH/ICACHE/run_ss_0p72v_0p72v_125c

  File     : 09_RECOVERY_SS_125C_ICACHE_TOP.rpt
  Design   : ICACHE_TOP            Corner : ss_0p72v_0p72v_125c
  Check    : setup       Clock  : CLK_CORE  Period = 2.0 ns  (500.0 MHz)
  WNS      :   +1.077 ns   TNS :   +0.000 ns   WHS :   +0.082 ns
  Slack    :   +1.077 ns   Status : MET
  Status   : ALL PATHS CLEAN — No Setup or Hold Violations
  Coverage : 100.0%   Endpoints : 1120 / 1155
  Tool     : Synopsys PrimeTime 2023.06-SP3
  Runtime  : 00:05:11         Memory : 4.231 GB
  Run Dir  : /proj/cpu_rtl/sta/FETCH/ICACHE/run_ss_0p72v_0p72v_125c

  File     : 04_HOLD_TT_25C_ICACHE_TOP.rpt
  Design   : ICACHE_TOP            Corner : tt_0p90v_0p90v_25c
  Check    : hold        Clock  : CLK_CORE  Period = 2.0 ns  (500.0 MHz)
  WNS      :   +1.118 ns   TNS :   +0.000 ns   WHS :   +0.086 ns
  Slack    :   +1.118 ns   Status : MET
  Status   : ALL PATHS CLEAN — No Setup or Hold Violations
  Coverage : 100.0%   Endpoints : 1695 / 4156
  Tool     : Synopsys PrimeTime 2023.06-SP3
  Runtime  : 00:01:11         Memory : 2.955 GB
  Run Dir  : /proj/cpu_rtl/sta/FETCH/ICACHE/run_tt_0p90v_0p90v_25c

  File     : 06_HOLD_FF_125C_ICACHE_TOP.rpt
  Design   : ICACHE_TOP            Corner : ff_1p16v_1p16v_125c
  Check    : hold        Clock  : CLK_CORE  Period = 2.0 ns  (500.0 MHz)
  WNS      :   +1.155 ns   TNS :   +0.000 ns   WHS :   +0.069 ns
  Slack    :   +1.155 ns   Status : MET
  Status   : ALL PATHS CLEAN — No Setup or Hold Violations
  Coverage : 100.0%   Endpoints : 5567 / 4005
  Tool     : Synopsys PrimeTime 2023.06-SP3
  Runtime  : 00:03:11         Memory : 3.924 GB
  Run Dir  : /proj/cpu_rtl/sta/FETCH/ICACHE/run_ff_1p16v_1p16v_125c

  File     : 02_HOLD_FF_N40C_ICACHE_TOP.rpt
  Design   : ICACHE_TOP            Corner : ff_1p16v_1p16v_n40c
  Check    : hold        Clock  : CLK_CORE  Period = 2.0 ns  (500.0 MHz)
  WNS      :   +1.089 ns   TNS :   +0.000 ns   WHS :   +0.063 ns
  Slack    :   +1.089 ns   Status : MET
  Status   : ALL PATHS CLEAN — No Setup or Hold Violations
  Coverage : 100.0%   Endpoints : 4140 / 4329
  Tool     : Synopsys PrimeTime 2023.06-SP3
  Runtime  : 00:07:18         Memory : 4.345 GB
  Run Dir  : /proj/cpu_rtl/sta/FETCH/ICACHE/run_ff_1p16v_1p16v_n40c

  File     : ICACHE_TIMING.rpt
  Design   : N/A                   Corner : N/A
  Check    : N/A         Clock  : N/A  Period = 0.0 ns  (0.0 MHz)
  WNS      :   +0.000 ns   TNS :   +0.000 ns   WHS :   +0.000 ns
  Slack    :   +0.000 ns   Status : UNKNOWN
  Status   : N/A
  Coverage : 0.0%   Endpoints : 0 / 0
  Tool     : N/A
  Runtime  : N/A              Memory : N/A
  Run Dir  : N/A


================================================================================
END OF BLOCK DUMP LOG
================================================================================