****************************************
Report : timing
        -path_type full
        -delay_type max
        -max_paths 10
        -sort_by slack
Design : DECODE_QUEUE_TOP
Version: PrimeTime 2023.06-SP3
Date   : Sat Aug 15 17:34:53 2026
Corner : ss_0p72v_0p72v_125c
Note   : Worst-case Setup — Slow corner, high temp
****************************************

Operating Conditions : ss_0p72v_0p72v_125c (Library: saed32nm_rvt)
Wire Load Model Mode : Interconnect (StarRC Extracted)

  Startpoint : u_dq_ctrl/din_reg[0]
               (rising edge-triggered flip-flop clocked by CLK_CORE)
  Endpoint   : u_dq_val/dout_reg[0]
               (rising edge-triggered flip-flop clocked by CLK_CORE)
  Path Group : CLK_CORE
  Path Type  : max

  Point                                                   Incr        Path
  -------------------------------------------------------------------------
  clock CLK_CORE (rise edge)                                  0.000       0.000
  clock network delay (propagated)                        0.156      0.156
  u_dq_ctrl/din_reg[0]/CK (DFFARX1_RVT)                        0.000       0.156 r
  u_dq_ctrl/din_reg[0]/Q  (DFFARX1_RVT)                        0.137       0.293 r
  u_dq_ctrl/U12/Y (INVX2_RVT)                                  0.036       0.329 f
  u_dq_ctrl/U34/Y (NAND2X1_RVT)                                0.06       0.389 r
  u_dq_buf/U07/Y (AOI22X1_RVT)                                0.075       0.464 f
  u_dq_buf/U19/Y (OAI21X1_RVT)                                0.112       0.576 r
  u_dq_ptr/U03/Y (MUX21X1_RVT)                                0.067       0.643 r
  u_dq_ptr/U11/Y (AND2X1_RVT)                                 0.066       0.709 f
  u_dq_ptr/U22/Y (NOR2X1_RVT)                                 0.049       0.758 r
  u_dq_val/U05/Y (BUFX4_RVT)                                  0.067       0.825 r
  u_dq_val/dout_reg[0]/D (DFFARX1_RVT)                        0.078      0.903 f
  data arrival time                                                    0.903

  clock CLK_CORE (rise edge)                                  2     2
  clock network delay (propagated)                        0.156      2.156
  clock uncertainty                                      -0.05   2.106
  u_dq_val/dout_reg[0]/CK (DFFARX1_RVT)                       0.000       2.106 r
  library setup time                                     -0.067   2.039
  data required time                                                   2.039
  -------------------------------------------------------------------------
  data required time                                                   2.039
  data arrival time                                                   -0.903
  -------------------------------------------------------------------------
  slack (MET)   1.136


=========================================================================
                   DECODE_QUEUE_TOP — TIMING SUMMARY
=========================================================================

  Block        : DECODE_QUEUE_TOP
  Corner       : ss_0p72v_0p72v_125c
  Check        : max  (Worst-case Setup — Slow corner, high temp)
  Clock        : CLK_CORE  Period = 2 ns  (500 MHz)
  Technology   : SAED 32nm RVT

  ┌────────────────────────────────────────────────────────────────┐
  │ Sub-Unit      WNS (ns)  TNS (ns)  #Viol   WHS (ns)  #HViol  │
  ├────────────────────────────────────────────────────────────────┤
  │ u_dq_ctrl          1.136       0        0      0.075        0     │
  │ u_dq_buf          0.176       0        0      0.08        0     │
  │ u_dq_ptr          0.179       0        0      0.104        0     │
  │ u_dq_val          0.198       0        0      0.098        0     │
  ├────────────────────────────────────────────────────────────────┤
  │ DECODE_QUEUE_TOP  1.136       0        0      0.075        0     │
  └────────────────────────────────────────────────────────────────┘

  Status : ALL PATHS CLEAN — No Setup or Hold Violations


=========================================================================
                   TIMING EXCEPTIONS APPLIED
=========================================================================

  set_false_path -from [get_ports SCAN_EN]      -to [all_registers]
  set_false_path -from [get_ports TEST_MODE]     -to [all_registers]
  set_multicycle_path 2 -setup -from [get_cells u_dq_ctrl/*] -to [get_cells u_dq_val/*]
  set_multicycle_path 1 -hold  -from [get_cells u_dq_ctrl/*] -to [get_cells u_dq_val/*]
  set_input_delay  0.400 -clock CLK_CORE -max [all_inputs]
  set_output_delay 0.350 -clock CLK_CORE -max [all_outputs]


=========================================================================
                   CLOCK DOMAIN SUMMARY
=========================================================================

  Clock    : CLK_CORE
  Period   : 2 ns
  Waveform : {0.000 1}
  Skew     : 0.019 ns  (max across DECODE_QUEUE_TOP)
  Latency  : 0.156 ns  (max)


=========================================================================
                   CONSTRAINT COVERAGE
=========================================================================

  Total register endpoints   : 1414
  Constrained endpoints      : 3432
  Unconstrained endpoints    :      0
  Coverage                   :  100.0%


=========================================================================
                   TOOL / RUN INFORMATION
=========================================================================

  Tool         : Synopsys PrimeTime 2023.06-SP3
  Run Host     : sta-server-01
  Run Dir      : /proj/cpu_rtl/sta/DECODE/DECODE_QUEUE/run_ss_0p72v_0p72v_125c
  SDC File     : /proj/cpu_rtl/constraints/DECODE_QUEUE_TOP.sdc
  Netlist      : /proj/cpu_rtl/netlist/DECODE_QUEUE_TOP.v.gz
  SPEF File    : /proj/cpu_rtl/spef/DECODE_QUEUE_TOP.spef.gz
  Liberty      : saed32nm_rvt_ss_0p72v_0p72v_125c.db
  Elapsed Time : 00:08:37
  Peak Memory  : 2.76 GB

=========================================================================
End of Report
=========================================================================
