****************************************
Report : timing
        -path_type full
        -delay_type min
        -max_paths 10
        -sort_by slack
Design : DECODE_QUEUE_TOP
Version: PrimeTime 2023.06-SP3
Date   : Sat Aug 15 17:34:53 2026
Corner : ff_1p16v_1p16v_n40c
Note   : Worst-case Hold  — Fast corner, cold temp
****************************************

Operating Conditions : ff_1p16v_1p16v_n40c (Library: saed32nm_rvt)
Wire Load Model Mode : Interconnect (StarRC Extracted)

  Startpoint : u_dq_ctrl/din_reg[0]
               (rising edge-triggered flip-flop clocked by CLK_CORE)
  Endpoint   : u_dq_val/dout_reg[0]
               (rising edge-triggered flip-flop clocked by CLK_CORE)
  Path Group : CLK_CORE
  Path Type  : min

  Point                                                   Incr        Path
  -------------------------------------------------------------------------
  clock CLK_CORE (rise edge)                                  0.000       0.000
  clock network delay (propagated)                        0.15      0.15
  u_dq_ctrl/din_reg[0]/CK (DFFARX1_RVT)                        0.000       0.15 r
  u_dq_ctrl/din_reg[0]/Q  (DFFARX1_RVT)                        0.137       0.287 r
  u_dq_ctrl/U12/Y (INVX2_RVT)                                  0.052       0.339 f
  u_dq_ctrl/U34/Y (NAND2X1_RVT)                                0.082       0.421 r
  u_dq_buf/U07/Y (AOI22X1_RVT)                                0.081       0.502 f
  u_dq_buf/U19/Y (OAI21X1_RVT)                                0.084       0.586 r
  u_dq_ptr/U03/Y (MUX21X1_RVT)                                0.099       0.685 r
  u_dq_ptr/U11/Y (AND2X1_RVT)                                 0.078       0.763 f
  u_dq_ptr/U22/Y (NOR2X1_RVT)                                 0.037       0.8 r
  u_dq_val/U05/Y (BUFX4_RVT)                                  0.078       0.878 r
  u_dq_val/dout_reg[0]/D (DFFARX1_RVT)                        0.06      0.938 f
  data arrival time                                                    0.938

  clock CLK_CORE (rise edge)                                  2     2
  clock network delay (propagated)                        0.15      2.15
  clock uncertainty                                      -0.05   2.1
  u_dq_val/dout_reg[0]/CK (DFFARX1_RVT)                       0.000       2.1 r
  library setup time                                     -0.065   2.035
  data required time                                                   2.035
  -------------------------------------------------------------------------
  data required time                                                   2.035
  data arrival time                                                   -0.938
  -------------------------------------------------------------------------
  slack (MET)   1.097


=========================================================================
                   DECODE_QUEUE_TOP — TIMING SUMMARY
=========================================================================

  Block        : DECODE_QUEUE_TOP
  Corner       : ff_1p16v_1p16v_n40c
  Check        : min  (Worst-case Hold  — Fast corner, cold temp)
  Clock        : CLK_CORE  Period = 2 ns  (500 MHz)
  Technology   : SAED 32nm RVT

  ┌────────────────────────────────────────────────────────────────┐
  │ Sub-Unit      WNS (ns)  TNS (ns)  #Viol   WHS (ns)  #HViol  │
  ├────────────────────────────────────────────────────────────────┤
  │ u_dq_ctrl          1.097       0        0      0.072        0     │
  │ u_dq_buf          0.167       0        0      0.056        0     │
  │ u_dq_ptr          0.076       0        0      0.128        0     │
  │ u_dq_val          0.188       0        0      0.083        0     │
  ├────────────────────────────────────────────────────────────────┤
  │ DECODE_QUEUE_TOP  1.097       0        0      0.072        0     │
  └────────────────────────────────────────────────────────────────┘

  Status : ALL PATHS CLEAN — No Setup or Hold Violations


=========================================================================
                   TIMING EXCEPTIONS APPLIED
=========================================================================

  set_false_path -from [get_ports SCAN_EN]      -to [all_registers]
  set_false_path -from [get_ports TEST_MODE]     -to [all_registers]
  set_multicycle_path 2 -setup -from [get_cells u_dq_ctrl/*] -to [get_cells u_dq_val/*]
  set_multicycle_path 1 -hold  -from [get_cells u_dq_ctrl/*] -to [get_cells u_dq_val/*]
  set_input_delay  0.400 -clock CLK_CORE -max [all_inputs]
  set_output_delay 0.350 -clock CLK_CORE -max [all_outputs]


=========================================================================
                   CLOCK DOMAIN SUMMARY
=========================================================================

  Clock    : CLK_CORE
  Period   : 2 ns
  Waveform : {0.000 1}
  Skew     : 0.028 ns  (max across DECODE_QUEUE_TOP)
  Latency  : 0.15 ns  (max)


=========================================================================
                   CONSTRAINT COVERAGE
=========================================================================

  Total register endpoints   : 1585
  Constrained endpoints      : 4744
  Unconstrained endpoints    :      0
  Coverage                   :  100.0%


=========================================================================
                   TOOL / RUN INFORMATION
=========================================================================

  Tool         : Synopsys PrimeTime 2023.06-SP3
  Run Host     : sta-server-01
  Run Dir      : /proj/cpu_rtl/sta/DECODE/DECODE_QUEUE/run_ff_1p16v_1p16v_n40c
  SDC File     : /proj/cpu_rtl/constraints/DECODE_QUEUE_TOP.sdc
  Netlist      : /proj/cpu_rtl/netlist/DECODE_QUEUE_TOP.v.gz
  SPEF File    : /proj/cpu_rtl/spef/DECODE_QUEUE_TOP.spef.gz
  Liberty      : saed32nm_rvt_ff_1p16v_1p16v_n40c.db
  Elapsed Time : 00:01:44
  Peak Memory  : 1.603 GB

=========================================================================
End of Report
=========================================================================
