****************************************
Report : timing
        -path_type full
        -delay_type min
        -max_paths 10
        -sort_by slack
Design : DECODE_QUEUE_TOP
Version: PrimeTime 2023.06-SP3
Date   : Sat Aug 15 17:34:53 2026
Corner : tt_0p90v_0p90v_25c
Note   : Typical Hold    — Nominal corner
****************************************

Operating Conditions : tt_0p90v_0p90v_25c (Library: saed32nm_rvt)
Wire Load Model Mode : Interconnect (StarRC Extracted)

  Startpoint : u_dq_ctrl/din_reg[0]
               (rising edge-triggered flip-flop clocked by CLK_CORE)
  Endpoint   : u_dq_val/dout_reg[0]
               (rising edge-triggered flip-flop clocked by CLK_CORE)
  Path Group : CLK_CORE
  Path Type  : min

  Point                                                   Incr        Path
  -------------------------------------------------------------------------
  clock CLK_CORE (rise edge)                                  0.000       0.000
  clock network delay (propagated)                        0.152      0.152
  u_dq_ctrl/din_reg[0]/CK (DFFARX1_RVT)                        0.000       0.152 r
  u_dq_ctrl/din_reg[0]/Q  (DFFARX1_RVT)                        0.131       0.283 r
  u_dq_ctrl/U12/Y (INVX2_RVT)                                  0.042       0.325 f
  u_dq_ctrl/U34/Y (NAND2X1_RVT)                                0.061       0.386 r
  u_dq_buf/U07/Y (AOI22X1_RVT)                                0.079       0.465 f
  u_dq_buf/U19/Y (OAI21X1_RVT)                                0.1       0.565 r
  u_dq_ptr/U03/Y (MUX21X1_RVT)                                0.083       0.648 r
  u_dq_ptr/U11/Y (AND2X1_RVT)                                 0.074       0.722 f
  u_dq_ptr/U22/Y (NOR2X1_RVT)                                 0.061       0.783 r
  u_dq_val/U05/Y (BUFX4_RVT)                                  0.074       0.857 r
  u_dq_val/dout_reg[0]/D (DFFARX1_RVT)                        0.073      0.93 f
  data arrival time                                                    0.93

  clock CLK_CORE (rise edge)                                  2     2
  clock network delay (propagated)                        0.152      2.152
  clock uncertainty                                      -0.05   2.102
  u_dq_val/dout_reg[0]/CK (DFFARX1_RVT)                       0.000       2.102 r
  library setup time                                     -0.071   2.031
  data required time                                                   2.031
  -------------------------------------------------------------------------
  data required time                                                   2.031
  data arrival time                                                   -0.93
  -------------------------------------------------------------------------
  slack (MET)   1.101


=========================================================================
                   DECODE_QUEUE_TOP — TIMING SUMMARY
=========================================================================

  Block        : DECODE_QUEUE_TOP
  Corner       : tt_0p90v_0p90v_25c
  Check        : min  (Typical Hold    — Nominal corner)
  Clock        : CLK_CORE  Period = 2 ns  (500 MHz)
  Technology   : SAED 32nm RVT

  ┌────────────────────────────────────────────────────────────────┐
  │ Sub-Unit      WNS (ns)  TNS (ns)  #Viol   WHS (ns)  #HViol  │
  ├────────────────────────────────────────────────────────────────┤
  │ u_dq_ctrl          1.101       0        0      0.08        0     │
  │ u_dq_buf          0.091       0        0      0.121        0     │
  │ u_dq_ptr          0.073       0        0      0.094        0     │
  │ u_dq_val          0.159       0        0      0.068        0     │
  ├────────────────────────────────────────────────────────────────┤
  │ DECODE_QUEUE_TOP  1.101       0        0      0.08        0     │
  └────────────────────────────────────────────────────────────────┘

  Status : ALL PATHS CLEAN — No Setup or Hold Violations


=========================================================================
                   TIMING EXCEPTIONS APPLIED
=========================================================================

  set_false_path -from [get_ports SCAN_EN]      -to [all_registers]
  set_false_path -from [get_ports TEST_MODE]     -to [all_registers]
  set_multicycle_path 2 -setup -from [get_cells u_dq_ctrl/*] -to [get_cells u_dq_val/*]
  set_multicycle_path 1 -hold  -from [get_cells u_dq_ctrl/*] -to [get_cells u_dq_val/*]
  set_input_delay  0.400 -clock CLK_CORE -max [all_inputs]
  set_output_delay 0.350 -clock CLK_CORE -max [all_outputs]


=========================================================================
                   CLOCK DOMAIN SUMMARY
=========================================================================

  Clock    : CLK_CORE
  Period   : 2 ns
  Waveform : {0.000 1}
  Skew     : 0.017 ns  (max across DECODE_QUEUE_TOP)
  Latency  : 0.152 ns  (max)


=========================================================================
                   CONSTRAINT COVERAGE
=========================================================================

  Total register endpoints   : 5472
  Constrained endpoints      : 4591
  Unconstrained endpoints    :      0
  Coverage                   :  100.0%


=========================================================================
                   TOOL / RUN INFORMATION
=========================================================================

  Tool         : Synopsys PrimeTime 2023.06-SP3
  Run Host     : sta-server-01
  Run Dir      : /proj/cpu_rtl/sta/DECODE/DECODE_QUEUE/run_tt_0p90v_0p90v_25c
  SDC File     : /proj/cpu_rtl/constraints/DECODE_QUEUE_TOP.sdc
  Netlist      : /proj/cpu_rtl/netlist/DECODE_QUEUE_TOP.v.gz
  SPEF File    : /proj/cpu_rtl/spef/DECODE_QUEUE_TOP.spef.gz
  Liberty      : saed32nm_rvt_tt_0p90v_0p90v_25c.db
  Elapsed Time : 00:07:29
  Peak Memory  : 4.278 GB

=========================================================================
End of Report
=========================================================================
