****************************************
Report : timing
        -path_type full
        -delay_type min
        -max_paths 10
        -sort_by slack
Design : DECODE_QUEUE_TOP
Version: PrimeTime 2023.06-SP3
Date   : Sat Aug 15 17:34:53 2026
Corner : ff_1p16v_1p16v_125c
Note   : Hot Hold        — Fast corner, high temp
****************************************

Operating Conditions : ff_1p16v_1p16v_125c (Library: saed32nm_rvt)
Wire Load Model Mode : Interconnect (StarRC Extracted)

  Startpoint : u_dq_ctrl/din_reg[0]
               (rising edge-triggered flip-flop clocked by CLK_CORE)
  Endpoint   : u_dq_val/dout_reg[0]
               (rising edge-triggered flip-flop clocked by CLK_CORE)
  Path Group : CLK_CORE
  Path Type  : min

  Point                                                   Incr        Path
  -------------------------------------------------------------------------
  clock CLK_CORE (rise edge)                                  0.000       0.000
  clock network delay (propagated)                        0.163      0.163
  u_dq_ctrl/din_reg[0]/CK (DFFARX1_RVT)                        0.000       0.163 r
  u_dq_ctrl/din_reg[0]/Q  (DFFARX1_RVT)                        0.115       0.278 r
  u_dq_ctrl/U12/Y (INVX2_RVT)                                  0.052       0.33 f
  u_dq_ctrl/U34/Y (NAND2X1_RVT)                                0.056       0.386 r
  u_dq_buf/U07/Y (AOI22X1_RVT)                                0.083       0.469 f
  u_dq_buf/U19/Y (OAI21X1_RVT)                                0.118       0.587 r
  u_dq_ptr/U03/Y (MUX21X1_RVT)                                0.068       0.655 r
  u_dq_ptr/U11/Y (AND2X1_RVT)                                 0.073       0.728 f
  u_dq_ptr/U22/Y (NOR2X1_RVT)                                 0.056       0.784 r
  u_dq_val/U05/Y (BUFX4_RVT)                                  0.063       0.847 r
  u_dq_val/dout_reg[0]/D (DFFARX1_RVT)                        0.08      0.927 f
  data arrival time                                                    0.927

  clock CLK_CORE (rise edge)                                  2     2
  clock network delay (propagated)                        0.163      2.163
  clock uncertainty                                      -0.05   2.113
  u_dq_val/dout_reg[0]/CK (DFFARX1_RVT)                       0.000       2.113 r
  library setup time                                     -0.081   2.032
  data required time                                                   2.032
  -------------------------------------------------------------------------
  data required time                                                   2.032
  data arrival time                                                   -0.927
  -------------------------------------------------------------------------
  slack (MET)   1.105


=========================================================================
                   DECODE_QUEUE_TOP — TIMING SUMMARY
=========================================================================

  Block        : DECODE_QUEUE_TOP
  Corner       : ff_1p16v_1p16v_125c
  Check        : min  (Hot Hold        — Fast corner, high temp)
  Clock        : CLK_CORE  Period = 2 ns  (500 MHz)
  Technology   : SAED 32nm RVT

  ┌────────────────────────────────────────────────────────────────┐
  │ Sub-Unit      WNS (ns)  TNS (ns)  #Viol   WHS (ns)  #HViol  │
  ├────────────────────────────────────────────────────────────────┤
  │ u_dq_ctrl          1.105       0        0      0.061        0     │
  │ u_dq_buf          0.052       0        0      0.096        0     │
  │ u_dq_ptr          0.095       0        0      0.077        0     │
  │ u_dq_val          0.153       0        0      0.118        0     │
  ├────────────────────────────────────────────────────────────────┤
  │ DECODE_QUEUE_TOP  1.105       0        0      0.061        0     │
  └────────────────────────────────────────────────────────────────┘

  Status : ALL PATHS CLEAN — No Setup or Hold Violations


=========================================================================
                   TIMING EXCEPTIONS APPLIED
=========================================================================

  set_false_path -from [get_ports SCAN_EN]      -to [all_registers]
  set_false_path -from [get_ports TEST_MODE]     -to [all_registers]
  set_multicycle_path 2 -setup -from [get_cells u_dq_ctrl/*] -to [get_cells u_dq_val/*]
  set_multicycle_path 1 -hold  -from [get_cells u_dq_ctrl/*] -to [get_cells u_dq_val/*]
  set_input_delay  0.400 -clock CLK_CORE -max [all_inputs]
  set_output_delay 0.350 -clock CLK_CORE -max [all_outputs]


=========================================================================
                   CLOCK DOMAIN SUMMARY
=========================================================================

  Clock    : CLK_CORE
  Period   : 2 ns
  Waveform : {0.000 1}
  Skew     : 0.025 ns  (max across DECODE_QUEUE_TOP)
  Latency  : 0.163 ns  (max)


=========================================================================
                   CONSTRAINT COVERAGE
=========================================================================

  Total register endpoints   : 4220
  Constrained endpoints      : 2119
  Unconstrained endpoints    :      0
  Coverage                   :  100.0%


=========================================================================
                   TOOL / RUN INFORMATION
=========================================================================

  Tool         : Synopsys PrimeTime 2023.06-SP3
  Run Host     : sta-server-01
  Run Dir      : /proj/cpu_rtl/sta/DECODE/DECODE_QUEUE/run_ff_1p16v_1p16v_125c
  SDC File     : /proj/cpu_rtl/constraints/DECODE_QUEUE_TOP.sdc
  Netlist      : /proj/cpu_rtl/netlist/DECODE_QUEUE_TOP.v.gz
  SPEF File    : /proj/cpu_rtl/spef/DECODE_QUEUE_TOP.spef.gz
  Liberty      : saed32nm_rvt_ff_1p16v_1p16v_125c.db
  Elapsed Time : 00:01:12
  Peak Memory  : 2.989 GB

=========================================================================
End of Report
=========================================================================
