****************************************
Report : timing
        -path_type full
        -delay_type max
        -max_paths 10
        -sort_by slack
Design : DECODE_QUEUE_TOP
Version: PrimeTime 2023.06-SP3
Date   : Sat Aug 15 17:34:53 2026
Corner : ss_0p63v_0p63v_125c
Note   : Low-Vdd Setup   — Ultra-low voltage corner
****************************************

Operating Conditions : ss_0p63v_0p63v_125c (Library: saed32nm_rvt)
Wire Load Model Mode : Interconnect (StarRC Extracted)

  Startpoint : u_dq_ctrl/din_reg[0]
               (rising edge-triggered flip-flop clocked by CLK_CORE)
  Endpoint   : u_dq_val/dout_reg[0]
               (rising edge-triggered flip-flop clocked by CLK_CORE)
  Path Group : CLK_CORE
  Path Type  : max

  Point                                                   Incr        Path
  -------------------------------------------------------------------------
  clock CLK_CORE (rise edge)                                  0.000       0.000
  clock network delay (propagated)                        0.143      0.143
  u_dq_ctrl/din_reg[0]/CK (DFFARX1_RVT)                        0.000       0.143 r
  u_dq_ctrl/din_reg[0]/Q  (DFFARX1_RVT)                        0.137       0.28 r
  u_dq_ctrl/U12/Y (INVX2_RVT)                                  0.034       0.314 f
  u_dq_ctrl/U34/Y (NAND2X1_RVT)                                0.06       0.374 r
  u_dq_buf/U07/Y (AOI22X1_RVT)                                0.082       0.456 f
  u_dq_buf/U19/Y (OAI21X1_RVT)                                0.099       0.555 r
  u_dq_ptr/U03/Y (MUX21X1_RVT)                                0.069       0.624 r
  u_dq_ptr/U11/Y (AND2X1_RVT)                                 0.065       0.689 f
  u_dq_ptr/U22/Y (NOR2X1_RVT)                                 0.049       0.738 r
  u_dq_val/U05/Y (BUFX4_RVT)                                  0.086       0.824 r
  u_dq_val/dout_reg[0]/D (DFFARX1_RVT)                        0.063      0.887 f
  data arrival time                                                    0.887

  clock CLK_CORE (rise edge)                                  2     2
  clock network delay (propagated)                        0.143      2.143
  clock uncertainty                                      -0.05   2.093
  u_dq_val/dout_reg[0]/CK (DFFARX1_RVT)                       0.000       2.093 r
  library setup time                                     -0.077   2.016
  data required time                                                   2.016
  -------------------------------------------------------------------------
  data required time                                                   2.016
  data arrival time                                                   -0.887
  -------------------------------------------------------------------------
  slack (MET)   1.129


=========================================================================
                   DECODE_QUEUE_TOP — TIMING SUMMARY
=========================================================================

  Block        : DECODE_QUEUE_TOP
  Corner       : ss_0p63v_0p63v_125c
  Check        : max  (Low-Vdd Setup   — Ultra-low voltage corner)
  Clock        : CLK_CORE  Period = 2 ns  (500 MHz)
  Technology   : SAED 32nm RVT

  ┌────────────────────────────────────────────────────────────────┐
  │ Sub-Unit      WNS (ns)  TNS (ns)  #Viol   WHS (ns)  #HViol  │
  ├────────────────────────────────────────────────────────────────┤
  │ u_dq_ctrl          1.129       0        0      0.096        0     │
  │ u_dq_buf          0.063       0        0      0.085        0     │
  │ u_dq_ptr          0.134       0        0      0.089        0     │
  │ u_dq_val          0.154       0        0      0.101        0     │
  ├────────────────────────────────────────────────────────────────┤
  │ DECODE_QUEUE_TOP  1.129       0        0      0.096        0     │
  └────────────────────────────────────────────────────────────────┘

  Status : ALL PATHS CLEAN — No Setup or Hold Violations


=========================================================================
                   TIMING EXCEPTIONS APPLIED
=========================================================================

  set_false_path -from [get_ports SCAN_EN]      -to [all_registers]
  set_false_path -from [get_ports TEST_MODE]     -to [all_registers]
  set_multicycle_path 2 -setup -from [get_cells u_dq_ctrl/*] -to [get_cells u_dq_val/*]
  set_multicycle_path 1 -hold  -from [get_cells u_dq_ctrl/*] -to [get_cells u_dq_val/*]
  set_input_delay  0.400 -clock CLK_CORE -max [all_inputs]
  set_output_delay 0.350 -clock CLK_CORE -max [all_outputs]


=========================================================================
                   CLOCK DOMAIN SUMMARY
=========================================================================

  Clock    : CLK_CORE
  Period   : 2 ns
  Waveform : {0.000 1}
  Skew     : 0.022 ns  (max across DECODE_QUEUE_TOP)
  Latency  : 0.143 ns  (max)


=========================================================================
                   CONSTRAINT COVERAGE
=========================================================================

  Total register endpoints   : 4595
  Constrained endpoints      : 3413
  Unconstrained endpoints    :      0
  Coverage                   :  100.0%


=========================================================================
                   TOOL / RUN INFORMATION
=========================================================================

  Tool         : Synopsys PrimeTime 2023.06-SP3
  Run Host     : sta-server-01
  Run Dir      : /proj/cpu_rtl/sta/DECODE/DECODE_QUEUE/run_ss_0p63v_0p63v_125c
  SDC File     : /proj/cpu_rtl/constraints/DECODE_QUEUE_TOP.sdc
  Netlist      : /proj/cpu_rtl/netlist/DECODE_QUEUE_TOP.v.gz
  SPEF File    : /proj/cpu_rtl/spef/DECODE_QUEUE_TOP.spef.gz
  Liberty      : saed32nm_rvt_ss_0p63v_0p63v_125c.db
  Elapsed Time : 00:02:26
  Peak Memory  : 2.142 GB

=========================================================================
End of Report
=========================================================================
