****************************************
Report : timing
        -path_type full
        -delay_type min
        -max_paths 10
        -sort_by slack
Design : FADD_TOP
Version: PrimeTime 2023.06-SP3
Date   : Sat Aug 15 17:34:53 2026
Corner : tt_0p90v_0p90v_25c
Note   : Typical Hold    — Nominal corner
****************************************

Operating Conditions : tt_0p90v_0p90v_25c (Library: saed32nm_rvt)
Wire Load Model Mode : Interconnect (StarRC Extracted)

  Startpoint : u_fadd_exp/din_reg[0]
               (rising edge-triggered flip-flop clocked by CLK_CORE)
  Endpoint   : u_fadd_rnd/dout_reg[0]
               (rising edge-triggered flip-flop clocked by CLK_CORE)
  Path Group : CLK_CORE
  Path Type  : min

  Point                                                   Incr        Path
  -------------------------------------------------------------------------
  clock CLK_CORE (rise edge)                                  0.000       0.000
  clock network delay (propagated)                        0.131      0.131
  u_fadd_exp/din_reg[0]/CK (DFFARX1_RVT)                        0.000       0.131 r
  u_fadd_exp/din_reg[0]/Q  (DFFARX1_RVT)                        0.118       0.249 r
  u_fadd_exp/U12/Y (INVX2_RVT)                                  0.06       0.309 f
  u_fadd_exp/U34/Y (NAND2X1_RVT)                                0.067       0.376 r
  u_fadd_sig/U07/Y (AOI22X1_RVT)                                0.095       0.471 f
  u_fadd_sig/U19/Y (OAI21X1_RVT)                                0.117       0.588 r
  u_fadd_norm/U03/Y (MUX21X1_RVT)                                0.079       0.667 r
  u_fadd_norm/U11/Y (AND2X1_RVT)                                 0.072       0.739 f
  u_fadd_norm/U22/Y (NOR2X1_RVT)                                 0.051       0.79 r
  u_fadd_rnd/U05/Y (BUFX4_RVT)                                  0.056       0.846 r
  u_fadd_rnd/dout_reg[0]/D (DFFARX1_RVT)                        0.054      0.9 f
  data arrival time                                                    0.9

  clock CLK_CORE (rise edge)                                  2     2
  clock network delay (propagated)                        0.131      2.131
  clock uncertainty                                      -0.05   2.081
  u_fadd_rnd/dout_reg[0]/CK (DFFARX1_RVT)                       0.000       2.081 r
  library setup time                                     -0.071   2.01
  data required time                                                   2.01
  -------------------------------------------------------------------------
  data required time                                                   2.01
  data arrival time                                                   -0.9
  -------------------------------------------------------------------------
  slack (MET)   1.11


=========================================================================
                   FADD_TOP — TIMING SUMMARY
=========================================================================

  Block        : FADD_TOP
  Corner       : tt_0p90v_0p90v_25c
  Check        : min  (Typical Hold    — Nominal corner)
  Clock        : CLK_CORE  Period = 2 ns  (500 MHz)
  Technology   : SAED 32nm RVT

  ┌────────────────────────────────────────────────────────────────┐
  │ Sub-Unit      WNS (ns)  TNS (ns)  #Viol   WHS (ns)  #HViol  │
  ├────────────────────────────────────────────────────────────────┤
  │ u_fadd_exp          1.11       0        0      0.106        0     │
  │ u_fadd_sig          0.106       0        0      0.071        0     │
  │ u_fadd_norm          0.064       0        0      0.082        0     │
  │ u_fadd_rnd          0.14       0        0      0.088        0     │
  ├────────────────────────────────────────────────────────────────┤
  │ FADD_TOP  1.11       0        0      0.106        0     │
  └────────────────────────────────────────────────────────────────┘

  Status : ALL PATHS CLEAN — No Setup or Hold Violations


=========================================================================
                   TIMING EXCEPTIONS APPLIED
=========================================================================

  set_false_path -from [get_ports SCAN_EN]      -to [all_registers]
  set_false_path -from [get_ports TEST_MODE]     -to [all_registers]
  set_multicycle_path 2 -setup -from [get_cells u_fadd_exp/*] -to [get_cells u_fadd_rnd/*]
  set_multicycle_path 1 -hold  -from [get_cells u_fadd_exp/*] -to [get_cells u_fadd_rnd/*]
  set_input_delay  0.400 -clock CLK_CORE -max [all_inputs]
  set_output_delay 0.350 -clock CLK_CORE -max [all_outputs]


=========================================================================
                   CLOCK DOMAIN SUMMARY
=========================================================================

  Clock    : CLK_CORE
  Period   : 2 ns
  Waveform : {0.000 1}
  Skew     : 0.021 ns  (max across FADD_TOP)
  Latency  : 0.131 ns  (max)


=========================================================================
                   CONSTRAINT COVERAGE
=========================================================================

  Total register endpoints   : 4996
  Constrained endpoints      : 5796
  Unconstrained endpoints    :      0
  Coverage                   :  100.0%


=========================================================================
                   TOOL / RUN INFORMATION
=========================================================================

  Tool         : Synopsys PrimeTime 2023.06-SP3
  Run Host     : sta-server-01
  Run Dir      : /proj/cpu_rtl/sta/EXECUTE/FPU/FADD/run_tt_0p90v_0p90v_25c
  SDC File     : /proj/cpu_rtl/constraints/FADD_TOP.sdc
  Netlist      : /proj/cpu_rtl/netlist/FADD_TOP.v.gz
  SPEF File    : /proj/cpu_rtl/spef/FADD_TOP.spef.gz
  Liberty      : saed32nm_rvt_tt_0p90v_0p90v_25c.db
  Elapsed Time : 00:06:44
  Peak Memory  : 2.788 GB

=========================================================================
End of Report
=========================================================================
