****************************************
Report : timing
        -path_type full
        -delay_type max
        -max_paths 10
        -sort_by slack
Design : FADD_TOP
Version: PrimeTime 2023.06-SP3
Date   : Sat Aug 15 17:34:53 2026
Corner : ss_0p72v_0p72v_n40c
Note   : Cold Setup      — Slow corner, cold temp
****************************************

Operating Conditions : ss_0p72v_0p72v_n40c (Library: saed32nm_rvt)
Wire Load Model Mode : Interconnect (StarRC Extracted)

  Startpoint : u_fadd_exp/din_reg[0]
               (rising edge-triggered flip-flop clocked by CLK_CORE)
  Endpoint   : u_fadd_rnd/dout_reg[0]
               (rising edge-triggered flip-flop clocked by CLK_CORE)
  Path Group : CLK_CORE
  Path Type  : max

  Point                                                   Incr        Path
  -------------------------------------------------------------------------
  clock CLK_CORE (rise edge)                                  0.000       0.000
  clock network delay (propagated)                        0.149      0.149
  u_fadd_exp/din_reg[0]/CK (DFFARX1_RVT)                        0.000       0.149 r
  u_fadd_exp/din_reg[0]/Q  (DFFARX1_RVT)                        0.124       0.273 r
  u_fadd_exp/U12/Y (INVX2_RVT)                                  0.044       0.317 f
  u_fadd_exp/U34/Y (NAND2X1_RVT)                                0.086       0.403 r
  u_fadd_sig/U07/Y (AOI22X1_RVT)                                0.102       0.505 f
  u_fadd_sig/U19/Y (OAI21X1_RVT)                                0.099       0.604 r
  u_fadd_norm/U03/Y (MUX21X1_RVT)                                0.068       0.672 r
  u_fadd_norm/U11/Y (AND2X1_RVT)                                 0.078       0.75 f
  u_fadd_norm/U22/Y (NOR2X1_RVT)                                 0.042       0.792 r
  u_fadd_rnd/U05/Y (BUFX4_RVT)                                  0.069       0.861 r
  u_fadd_rnd/dout_reg[0]/D (DFFARX1_RVT)                        0.056      0.917 f
  data arrival time                                                    0.917

  clock CLK_CORE (rise edge)                                  2     2
  clock network delay (propagated)                        0.149      2.149
  clock uncertainty                                      -0.05   2.099
  u_fadd_rnd/dout_reg[0]/CK (DFFARX1_RVT)                       0.000       2.099 r
  library setup time                                     -0.083   2.016
  data required time                                                   2.016
  -------------------------------------------------------------------------
  data required time                                                   2.016
  data arrival time                                                   -0.917
  -------------------------------------------------------------------------
  slack (MET)   1.099


=========================================================================
                   FADD_TOP — TIMING SUMMARY
=========================================================================

  Block        : FADD_TOP
  Corner       : ss_0p72v_0p72v_n40c
  Check        : max  (Cold Setup      — Slow corner, cold temp)
  Clock        : CLK_CORE  Period = 2 ns  (500 MHz)
  Technology   : SAED 32nm RVT

  ┌────────────────────────────────────────────────────────────────┐
  │ Sub-Unit      WNS (ns)  TNS (ns)  #Viol   WHS (ns)  #HViol  │
  ├────────────────────────────────────────────────────────────────┤
  │ u_fadd_exp          1.099       0        0      0.099        0     │
  │ u_fadd_sig          0.13       0        0      0.099        0     │
  │ u_fadd_norm          0.082       0        0      0.125        0     │
  │ u_fadd_rnd          0.14       0        0      0.078        0     │
  ├────────────────────────────────────────────────────────────────┤
  │ FADD_TOP  1.099       0        0      0.099        0     │
  └────────────────────────────────────────────────────────────────┘

  Status : ALL PATHS CLEAN — No Setup or Hold Violations


=========================================================================
                   TIMING EXCEPTIONS APPLIED
=========================================================================

  set_false_path -from [get_ports SCAN_EN]      -to [all_registers]
  set_false_path -from [get_ports TEST_MODE]     -to [all_registers]
  set_multicycle_path 2 -setup -from [get_cells u_fadd_exp/*] -to [get_cells u_fadd_rnd/*]
  set_multicycle_path 1 -hold  -from [get_cells u_fadd_exp/*] -to [get_cells u_fadd_rnd/*]
  set_input_delay  0.400 -clock CLK_CORE -max [all_inputs]
  set_output_delay 0.350 -clock CLK_CORE -max [all_outputs]


=========================================================================
                   CLOCK DOMAIN SUMMARY
=========================================================================

  Clock    : CLK_CORE
  Period   : 2 ns
  Waveform : {0.000 1}
  Skew     : 0.019 ns  (max across FADD_TOP)
  Latency  : 0.149 ns  (max)


=========================================================================
                   CONSTRAINT COVERAGE
=========================================================================

  Total register endpoints   : 4970
  Constrained endpoints      : 2244
  Unconstrained endpoints    :      0
  Coverage                   :  100.0%


=========================================================================
                   TOOL / RUN INFORMATION
=========================================================================

  Tool         : Synopsys PrimeTime 2023.06-SP3
  Run Host     : sta-server-01
  Run Dir      : /proj/cpu_rtl/sta/EXECUTE/FPU/FADD/run_ss_0p72v_0p72v_n40c
  SDC File     : /proj/cpu_rtl/constraints/FADD_TOP.sdc
  Netlist      : /proj/cpu_rtl/netlist/FADD_TOP.v.gz
  SPEF File    : /proj/cpu_rtl/spef/FADD_TOP.spef.gz
  Liberty      : saed32nm_rvt_ss_0p72v_0p72v_n40c.db
  Elapsed Time : 00:08:19
  Peak Memory  : 2.192 GB

=========================================================================
End of Report
=========================================================================
