****************************************
Report : timing
        -path_type full
        -delay_type min
        -max_paths 10
        -sort_by slack
Design : FADD_TOP
Version: PrimeTime 2023.06-SP3
Date   : Sat Aug 15 17:34:53 2026
Corner : ff_1p16v_1p16v_125c
Note   : Hot Hold        — Fast corner, high temp
****************************************

Operating Conditions : ff_1p16v_1p16v_125c (Library: saed32nm_rvt)
Wire Load Model Mode : Interconnect (StarRC Extracted)

  Startpoint : u_fadd_exp/din_reg[0]
               (rising edge-triggered flip-flop clocked by CLK_CORE)
  Endpoint   : u_fadd_rnd/dout_reg[0]
               (rising edge-triggered flip-flop clocked by CLK_CORE)
  Path Group : CLK_CORE
  Path Type  : min

  Point                                                   Incr        Path
  -------------------------------------------------------------------------
  clock CLK_CORE (rise edge)                                  0.000       0.000
  clock network delay (propagated)                        0.146      0.146
  u_fadd_exp/din_reg[0]/CK (DFFARX1_RVT)                        0.000       0.146 r
  u_fadd_exp/din_reg[0]/Q  (DFFARX1_RVT)                        0.12       0.266 r
  u_fadd_exp/U12/Y (INVX2_RVT)                                  0.047       0.313 f
  u_fadd_exp/U34/Y (NAND2X1_RVT)                                0.086       0.399 r
  u_fadd_sig/U07/Y (AOI22X1_RVT)                                0.075       0.474 f
  u_fadd_sig/U19/Y (OAI21X1_RVT)                                0.109       0.583 r
  u_fadd_norm/U03/Y (MUX21X1_RVT)                                0.071       0.654 r
  u_fadd_norm/U11/Y (AND2X1_RVT)                                 0.077       0.731 f
  u_fadd_norm/U22/Y (NOR2X1_RVT)                                 0.066       0.797 r
  u_fadd_rnd/U05/Y (BUFX4_RVT)                                  0.083       0.88 r
  u_fadd_rnd/dout_reg[0]/D (DFFARX1_RVT)                        0.054      0.934 f
  data arrival time                                                    0.934

  clock CLK_CORE (rise edge)                                  2     2
  clock network delay (propagated)                        0.146      2.146
  clock uncertainty                                      -0.05   2.096
  u_fadd_rnd/dout_reg[0]/CK (DFFARX1_RVT)                       0.000       2.096 r
  library setup time                                     -0.073   2.023
  data required time                                                   2.023
  -------------------------------------------------------------------------
  data required time                                                   2.023
  data arrival time                                                   -0.934
  -------------------------------------------------------------------------
  slack (MET)   1.089


=========================================================================
                   FADD_TOP — TIMING SUMMARY
=========================================================================

  Block        : FADD_TOP
  Corner       : ff_1p16v_1p16v_125c
  Check        : min  (Hot Hold        — Fast corner, high temp)
  Clock        : CLK_CORE  Period = 2 ns  (500 MHz)
  Technology   : SAED 32nm RVT

  ┌────────────────────────────────────────────────────────────────┐
  │ Sub-Unit      WNS (ns)  TNS (ns)  #Viol   WHS (ns)  #HViol  │
  ├────────────────────────────────────────────────────────────────┤
  │ u_fadd_exp          1.089       0        0      0.084        0     │
  │ u_fadd_sig          0.06       0        0      0.113        0     │
  │ u_fadd_norm          0.169       0        0      0.068        0     │
  │ u_fadd_rnd          0.05       0        0      0.067        0     │
  ├────────────────────────────────────────────────────────────────┤
  │ FADD_TOP  1.089       0        0      0.084        0     │
  └────────────────────────────────────────────────────────────────┘

  Status : ALL PATHS CLEAN — No Setup or Hold Violations


=========================================================================
                   TIMING EXCEPTIONS APPLIED
=========================================================================

  set_false_path -from [get_ports SCAN_EN]      -to [all_registers]
  set_false_path -from [get_ports TEST_MODE]     -to [all_registers]
  set_multicycle_path 2 -setup -from [get_cells u_fadd_exp/*] -to [get_cells u_fadd_rnd/*]
  set_multicycle_path 1 -hold  -from [get_cells u_fadd_exp/*] -to [get_cells u_fadd_rnd/*]
  set_input_delay  0.400 -clock CLK_CORE -max [all_inputs]
  set_output_delay 0.350 -clock CLK_CORE -max [all_outputs]


=========================================================================
                   CLOCK DOMAIN SUMMARY
=========================================================================

  Clock    : CLK_CORE
  Period   : 2 ns
  Waveform : {0.000 1}
  Skew     : 0.016 ns  (max across FADD_TOP)
  Latency  : 0.146 ns  (max)


=========================================================================
                   CONSTRAINT COVERAGE
=========================================================================

  Total register endpoints   : 5015
  Constrained endpoints      : 4455
  Unconstrained endpoints    :      0
  Coverage                   :  100.0%


=========================================================================
                   TOOL / RUN INFORMATION
=========================================================================

  Tool         : Synopsys PrimeTime 2023.06-SP3
  Run Host     : sta-server-01
  Run Dir      : /proj/cpu_rtl/sta/EXECUTE/FPU/FADD/run_ff_1p16v_1p16v_125c
  SDC File     : /proj/cpu_rtl/constraints/FADD_TOP.sdc
  Netlist      : /proj/cpu_rtl/netlist/FADD_TOP.v.gz
  SPEF File    : /proj/cpu_rtl/spef/FADD_TOP.spef.gz
  Liberty      : saed32nm_rvt_ff_1p16v_1p16v_125c.db
  Elapsed Time : 00:03:12
  Peak Memory  : 3.833 GB

=========================================================================
End of Report
=========================================================================
