****************************************
Report : timing
        -path_type full
        -delay_type max
        -max_paths 10
        -sort_by slack
Design : FADD_TOP
Version: PrimeTime 2023.06-SP3
Date   : Sat Aug 15 17:34:53 2026
Corner : ss_0p63v_0p63v_125c
Note   : Low-Vdd Setup   — Ultra-low voltage corner
****************************************

Operating Conditions : ss_0p63v_0p63v_125c (Library: saed32nm_rvt)
Wire Load Model Mode : Interconnect (StarRC Extracted)

  Startpoint : u_fadd_exp/din_reg[0]
               (rising edge-triggered flip-flop clocked by CLK_CORE)
  Endpoint   : u_fadd_rnd/dout_reg[0]
               (rising edge-triggered flip-flop clocked by CLK_CORE)
  Path Group : CLK_CORE
  Path Type  : max

  Point                                                   Incr        Path
  -------------------------------------------------------------------------
  clock CLK_CORE (rise edge)                                  0.000       0.000
  clock network delay (propagated)                        0.134      0.134
  u_fadd_exp/din_reg[0]/CK (DFFARX1_RVT)                        0.000       0.134 r
  u_fadd_exp/din_reg[0]/Q  (DFFARX1_RVT)                        0.111       0.245 r
  u_fadd_exp/U12/Y (INVX2_RVT)                                  0.034       0.279 f
  u_fadd_exp/U34/Y (NAND2X1_RVT)                                0.058       0.337 r
  u_fadd_sig/U07/Y (AOI22X1_RVT)                                0.081       0.418 f
  u_fadd_sig/U19/Y (OAI21X1_RVT)                                0.105       0.523 r
  u_fadd_norm/U03/Y (MUX21X1_RVT)                                0.061       0.584 r
  u_fadd_norm/U11/Y (AND2X1_RVT)                                 0.061       0.645 f
  u_fadd_norm/U22/Y (NOR2X1_RVT)                                 0.043       0.688 r
  u_fadd_rnd/U05/Y (BUFX4_RVT)                                  0.077       0.765 r
  u_fadd_rnd/dout_reg[0]/D (DFFARX1_RVT)                        0.074      0.839 f
  data arrival time                                                    0.839

  clock CLK_CORE (rise edge)                                  2     2
  clock network delay (propagated)                        0.134      2.134
  clock uncertainty                                      -0.05   2.084
  u_fadd_rnd/dout_reg[0]/CK (DFFARX1_RVT)                       0.000       2.084 r
  library setup time                                     -0.065   2.019
  data required time                                                   2.019
  -------------------------------------------------------------------------
  data required time                                                   2.019
  data arrival time                                                   -0.839
  -------------------------------------------------------------------------
  slack (MET)   1.18


=========================================================================
                   FADD_TOP — TIMING SUMMARY
=========================================================================

  Block        : FADD_TOP
  Corner       : ss_0p63v_0p63v_125c
  Check        : max  (Low-Vdd Setup   — Ultra-low voltage corner)
  Clock        : CLK_CORE  Period = 2 ns  (500 MHz)
  Technology   : SAED 32nm RVT

  ┌────────────────────────────────────────────────────────────────┐
  │ Sub-Unit      WNS (ns)  TNS (ns)  #Viol   WHS (ns)  #HViol  │
  ├────────────────────────────────────────────────────────────────┤
  │ u_fadd_exp          1.18       0        0      0.082        0     │
  │ u_fadd_sig          0.101       0        0      0.123        0     │
  │ u_fadd_norm          0.096       0        0      0.13        0     │
  │ u_fadd_rnd          0.168       0        0      0.097        0     │
  ├────────────────────────────────────────────────────────────────┤
  │ FADD_TOP  1.18       0        0      0.082        0     │
  └────────────────────────────────────────────────────────────────┘

  Status : ALL PATHS CLEAN — No Setup or Hold Violations


=========================================================================
                   TIMING EXCEPTIONS APPLIED
=========================================================================

  set_false_path -from [get_ports SCAN_EN]      -to [all_registers]
  set_false_path -from [get_ports TEST_MODE]     -to [all_registers]
  set_multicycle_path 2 -setup -from [get_cells u_fadd_exp/*] -to [get_cells u_fadd_rnd/*]
  set_multicycle_path 1 -hold  -from [get_cells u_fadd_exp/*] -to [get_cells u_fadd_rnd/*]
  set_input_delay  0.400 -clock CLK_CORE -max [all_inputs]
  set_output_delay 0.350 -clock CLK_CORE -max [all_outputs]


=========================================================================
                   CLOCK DOMAIN SUMMARY
=========================================================================

  Clock    : CLK_CORE
  Period   : 2 ns
  Waveform : {0.000 1}
  Skew     : 0.016 ns  (max across FADD_TOP)
  Latency  : 0.134 ns  (max)


=========================================================================
                   CONSTRAINT COVERAGE
=========================================================================

  Total register endpoints   : 1577
  Constrained endpoints      : 1773
  Unconstrained endpoints    :      0
  Coverage                   :  100.0%


=========================================================================
                   TOOL / RUN INFORMATION
=========================================================================

  Tool         : Synopsys PrimeTime 2023.06-SP3
  Run Host     : sta-server-01
  Run Dir      : /proj/cpu_rtl/sta/EXECUTE/FPU/FADD/run_ss_0p63v_0p63v_125c
  SDC File     : /proj/cpu_rtl/constraints/FADD_TOP.sdc
  Netlist      : /proj/cpu_rtl/netlist/FADD_TOP.v.gz
  SPEF File    : /proj/cpu_rtl/spef/FADD_TOP.spef.gz
  Liberty      : saed32nm_rvt_ss_0p63v_0p63v_125c.db
  Elapsed Time : 00:07:45
  Peak Memory  : 1.707 GB

=========================================================================
End of Report
=========================================================================
