****************************************
Report : timing
        -path_type full
        -delay_type max
        -max_paths 10
        -sort_by slack
Design : FADD_TOP
Version: PrimeTime 2023.06-SP3
Date   : Sat Aug 15 17:34:53 2026
Corner : ss_0p72v_0p72v_125c
Note   : Recovery/Removal Check — Async reset paths
****************************************

Operating Conditions : ss_0p72v_0p72v_125c (Library: saed32nm_rvt)
Wire Load Model Mode : Interconnect (StarRC Extracted)

  Startpoint : u_fadd_exp/din_reg[0]
               (rising edge-triggered flip-flop clocked by CLK_CORE)
  Endpoint   : u_fadd_rnd/dout_reg[0]
               (rising edge-triggered flip-flop clocked by CLK_CORE)
  Path Group : CLK_CORE
  Path Type  : max

  Point                                                   Incr        Path
  -------------------------------------------------------------------------
  clock CLK_CORE (rise edge)                                  0.000       0.000
  clock network delay (propagated)                        0.142      0.142
  u_fadd_exp/din_reg[0]/CK (DFFARX1_RVT)                        0.000       0.142 r
  u_fadd_exp/din_reg[0]/Q  (DFFARX1_RVT)                        0.142       0.284 r
  u_fadd_exp/U12/Y (INVX2_RVT)                                  0.033       0.317 f
  u_fadd_exp/U34/Y (NAND2X1_RVT)                                0.088       0.405 r
  u_fadd_sig/U07/Y (AOI22X1_RVT)                                0.072       0.477 f
  u_fadd_sig/U19/Y (OAI21X1_RVT)                                0.119       0.596 r
  u_fadd_norm/U03/Y (MUX21X1_RVT)                                0.094       0.69 r
  u_fadd_norm/U11/Y (AND2X1_RVT)                                 0.076       0.766 f
  u_fadd_norm/U22/Y (NOR2X1_RVT)                                 0.071       0.837 r
  u_fadd_rnd/U05/Y (BUFX4_RVT)                                  0.058       0.895 r
  u_fadd_rnd/dout_reg[0]/D (DFFARX1_RVT)                        0.066      0.961 f
  data arrival time                                                    0.961

  clock CLK_CORE (rise edge)                                  2     2
  clock network delay (propagated)                        0.142      2.142
  clock uncertainty                                      -0.05   2.092
  u_fadd_rnd/dout_reg[0]/CK (DFFARX1_RVT)                       0.000       2.092 r
  library setup time                                     -0.069   2.023
  data required time                                                   2.023
  -------------------------------------------------------------------------
  data required time                                                   2.023
  data arrival time                                                   -0.961
  -------------------------------------------------------------------------
  slack (MET)   1.062


=========================================================================
                   FADD_TOP — TIMING SUMMARY
=========================================================================

  Block        : FADD_TOP
  Corner       : ss_0p72v_0p72v_125c
  Check        : max  (Recovery/Removal Check — Async reset paths)
  Clock        : CLK_CORE  Period = 2 ns  (500 MHz)
  Technology   : SAED 32nm RVT

  ┌────────────────────────────────────────────────────────────────┐
  │ Sub-Unit      WNS (ns)  TNS (ns)  #Viol   WHS (ns)  #HViol  │
  ├────────────────────────────────────────────────────────────────┤
  │ u_fadd_exp          1.062       0        0      0.089        0     │
  │ u_fadd_sig          0.08       0        0      0.095        0     │
  │ u_fadd_norm          0.055       0        0      0.124        0     │
  │ u_fadd_rnd          0.177       0        0      0.057        0     │
  ├────────────────────────────────────────────────────────────────┤
  │ FADD_TOP  1.062       0        0      0.089        0     │
  └────────────────────────────────────────────────────────────────┘

  Status : ALL PATHS CLEAN — No Setup or Hold Violations


=========================================================================
                   TIMING EXCEPTIONS APPLIED
=========================================================================

  set_false_path -from [get_ports SCAN_EN]      -to [all_registers]
  set_false_path -from [get_ports TEST_MODE]     -to [all_registers]
  set_multicycle_path 2 -setup -from [get_cells u_fadd_exp/*] -to [get_cells u_fadd_rnd/*]
  set_multicycle_path 1 -hold  -from [get_cells u_fadd_exp/*] -to [get_cells u_fadd_rnd/*]
  set_input_delay  0.400 -clock CLK_CORE -max [all_inputs]
  set_output_delay 0.350 -clock CLK_CORE -max [all_outputs]


=========================================================================
                   CLOCK DOMAIN SUMMARY
=========================================================================

  Clock    : CLK_CORE
  Period   : 2 ns
  Waveform : {0.000 1}
  Skew     : 0.025 ns  (max across FADD_TOP)
  Latency  : 0.142 ns  (max)


=========================================================================
                   CONSTRAINT COVERAGE
=========================================================================

  Total register endpoints   : 3003
  Constrained endpoints      : 5031
  Unconstrained endpoints    :      0
  Coverage                   :  100.0%


=========================================================================
                   TOOL / RUN INFORMATION
=========================================================================

  Tool         : Synopsys PrimeTime 2023.06-SP3
  Run Host     : sta-server-01
  Run Dir      : /proj/cpu_rtl/sta/EXECUTE/FPU/FADD/run_ss_0p72v_0p72v_125c
  SDC File     : /proj/cpu_rtl/constraints/FADD_TOP.sdc
  Netlist      : /proj/cpu_rtl/netlist/FADD_TOP.v.gz
  SPEF File    : /proj/cpu_rtl/spef/FADD_TOP.spef.gz
  Liberty      : saed32nm_rvt_ss_0p72v_0p72v_125c.db
  Elapsed Time : 00:01:10
  Peak Memory  : 4.066 GB

=========================================================================
End of Report
=========================================================================
