****************************************
Report : timing
        -path_type full
        -delay_type max
        -max_paths 10
        -sort_by slack
Design : FADD_TOP
Version: PrimeTime 2023.06-SP3
Date   : Sat Aug 15 17:34:53 2026
Corner : tt_0p90v_0p90v_25c
Note   : Multicycle Path Check — 2-cycle paths
****************************************

Operating Conditions : tt_0p90v_0p90v_25c (Library: saed32nm_rvt)
Wire Load Model Mode : Interconnect (StarRC Extracted)

  Startpoint : u_fadd_exp/din_reg[0]
               (rising edge-triggered flip-flop clocked by CLK_CORE)
  Endpoint   : u_fadd_rnd/dout_reg[0]
               (rising edge-triggered flip-flop clocked by CLK_CORE)
  Path Group : CLK_CORE
  Path Type  : max

  Point                                                   Incr        Path
  -------------------------------------------------------------------------
  clock CLK_CORE (rise edge)                                  0.000       0.000
  clock network delay (propagated)                        0.145      0.145
  u_fadd_exp/din_reg[0]/CK (DFFARX1_RVT)                        0.000       0.145 r
  u_fadd_exp/din_reg[0]/Q  (DFFARX1_RVT)                        0.13       0.275 r
  u_fadd_exp/U12/Y (INVX2_RVT)                                  0.043       0.318 f
  u_fadd_exp/U34/Y (NAND2X1_RVT)                                0.065       0.383 r
  u_fadd_sig/U07/Y (AOI22X1_RVT)                                0.075       0.458 f
  u_fadd_sig/U19/Y (OAI21X1_RVT)                                0.105       0.563 r
  u_fadd_norm/U03/Y (MUX21X1_RVT)                                0.099       0.662 r
  u_fadd_norm/U11/Y (AND2X1_RVT)                                 0.052       0.714 f
  u_fadd_norm/U22/Y (NOR2X1_RVT)                                 0.039       0.753 r
  u_fadd_rnd/U05/Y (BUFX4_RVT)                                  0.059       0.812 r
  u_fadd_rnd/dout_reg[0]/D (DFFARX1_RVT)                        0.072      0.884 f
  data arrival time                                                    0.884

  clock CLK_CORE (rise edge)                                  2     2
  clock network delay (propagated)                        0.145      2.145
  clock uncertainty                                      -0.05   2.095
  u_fadd_rnd/dout_reg[0]/CK (DFFARX1_RVT)                       0.000       2.095 r
  library setup time                                     -0.074   2.021
  data required time                                                   2.021
  -------------------------------------------------------------------------
  data required time                                                   2.021
  data arrival time                                                   -0.884
  -------------------------------------------------------------------------
  slack (MET)   1.137


=========================================================================
                   FADD_TOP — TIMING SUMMARY
=========================================================================

  Block        : FADD_TOP
  Corner       : tt_0p90v_0p90v_25c
  Check        : max  (Multicycle Path Check — 2-cycle paths)
  Clock        : CLK_CORE  Period = 2 ns  (500 MHz)
  Technology   : SAED 32nm RVT

  ┌────────────────────────────────────────────────────────────────┐
  │ Sub-Unit      WNS (ns)  TNS (ns)  #Viol   WHS (ns)  #HViol  │
  ├────────────────────────────────────────────────────────────────┤
  │ u_fadd_exp          1.137       0        0      0.104        0     │
  │ u_fadd_sig          0.168       0        0      0.075        0     │
  │ u_fadd_norm          0.068       0        0      0.076        0     │
  │ u_fadd_rnd          0.057       0        0      0.106        0     │
  ├────────────────────────────────────────────────────────────────┤
  │ FADD_TOP  1.137       0        0      0.104        0     │
  └────────────────────────────────────────────────────────────────┘

  Status : ALL PATHS CLEAN — No Setup or Hold Violations


=========================================================================
                   TIMING EXCEPTIONS APPLIED
=========================================================================

  set_false_path -from [get_ports SCAN_EN]      -to [all_registers]
  set_false_path -from [get_ports TEST_MODE]     -to [all_registers]
  set_multicycle_path 2 -setup -from [get_cells u_fadd_exp/*] -to [get_cells u_fadd_rnd/*]
  set_multicycle_path 1 -hold  -from [get_cells u_fadd_exp/*] -to [get_cells u_fadd_rnd/*]
  set_input_delay  0.400 -clock CLK_CORE -max [all_inputs]
  set_output_delay 0.350 -clock CLK_CORE -max [all_outputs]


=========================================================================
                   CLOCK DOMAIN SUMMARY
=========================================================================

  Clock    : CLK_CORE
  Period   : 2 ns
  Waveform : {0.000 1}
  Skew     : 0.018 ns  (max across FADD_TOP)
  Latency  : 0.145 ns  (max)


=========================================================================
                   CONSTRAINT COVERAGE
=========================================================================

  Total register endpoints   : 4594
  Constrained endpoints      : 5213
  Unconstrained endpoints    :      0
  Coverage                   :  100.0%


=========================================================================
                   TOOL / RUN INFORMATION
=========================================================================

  Tool         : Synopsys PrimeTime 2023.06-SP3
  Run Host     : sta-server-01
  Run Dir      : /proj/cpu_rtl/sta/EXECUTE/FPU/FADD/run_tt_0p90v_0p90v_25c
  SDC File     : /proj/cpu_rtl/constraints/FADD_TOP.sdc
  Netlist      : /proj/cpu_rtl/netlist/FADD_TOP.v.gz
  SPEF File    : /proj/cpu_rtl/spef/FADD_TOP.spef.gz
  Liberty      : saed32nm_rvt_tt_0p90v_0p90v_25c.db
  Elapsed Time : 00:05:52
  Peak Memory  : 2.42 GB

=========================================================================
End of Report
=========================================================================
