================================================================================
  STA BLOCK DUMP LOG  —  FADD_TOP
================================================================================

  Block Directory : D:\Certificates\PD_STA_REPORTS\EXECUTE\FPU\FADD
  Design          : FADD_TOP
  Parsed At       : 2026-08-15T18:25:17
  Total Reports   : 11


AGGREGATE SUMMARY
----------------------------------------
  Overall Status   : MET
  Worst WNS  (ns)  : 0.000
  Worst TNS  (ns)  : 0.000
  Worst WHS  (ns)  : 0.000
  Best  WNS  (ns)  : 1.180
  Total Violations : 0

BY CORNER
----------------------------------------
  Name                                              #       WNS       TNS       WHS  STATUS
  ─────────────────────────────────────────────  ────  ────────  ────────  ────────  ──────────
  N/A                                               1     0.000     0.000     0.000  MET
  ff_1p16v_1p16v_125c                               1     1.089     0.000     0.084  MET
  ff_1p16v_1p16v_n40c                               1     1.064     0.000     0.079  MET
  ss_0p63v_0p63v_125c                               1     1.180     0.000     0.082  MET
  ss_0p72v_0p72v_125c                               2     1.062     0.000     0.089  MET
  ss_0p72v_0p72v_n40c                               1     1.099     0.000     0.099  MET
  tt_0p90v_0p90v_25c                                4     1.088     0.000     0.068  MET

BY CHECK TYPE
----------------------------------------
  Name                                              #       WNS       TNS       WHS  STATUS
  ─────────────────────────────────────────────  ────  ────────  ────────  ────────  ──────────
  N/A                                               1     0.000     0.000     0.000  MET
  hold                                              3     1.064     0.000     0.079  MET
  setup                                             7     1.062     0.000     0.068  MET

PER-REPORT DETAIL
----------------------------------------
  File     : 01_SETUP_SS_125C_FADD_TOP.rpt
  Design   : FADD_TOP              Corner : ss_0p72v_0p72v_125c
  Check    : setup       Clock  : CLK_CORE  Period = 2.0 ns  (500.0 MHz)
  WNS      :   +1.103 ns   TNS :   +0.000 ns   WHS :   +0.092 ns
  Slack    :   +1.103 ns   Status : MET
  Status   : ALL PATHS CLEAN — No Setup or Hold Violations
  Coverage : 100.0%   Endpoints : 3806 / 1719
  Tool     : Synopsys PrimeTime 2023.06-SP3
  Runtime  : 00:06:15         Memory : 2.075 GB
  Run Dir  : /proj/cpu_rtl/sta/EXECUTE/FPU/FADD/run_ss_0p72v_0p72v_125c

  File     : 02_HOLD_FF_N40C_FADD_TOP.rpt
  Design   : FADD_TOP              Corner : ff_1p16v_1p16v_n40c
  Check    : hold        Clock  : CLK_CORE  Period = 2.0 ns  (500.0 MHz)
  WNS      :   +1.064 ns   TNS :   +0.000 ns   WHS :   +0.079 ns
  Slack    :   +1.064 ns   Status : MET
  Status   : ALL PATHS CLEAN — No Setup or Hold Violations
  Coverage : 100.0%   Endpoints : 1866 / 4057
  Tool     : Synopsys PrimeTime 2023.06-SP3
  Runtime  : 00:01:58         Memory : 2.075 GB
  Run Dir  : /proj/cpu_rtl/sta/EXECUTE/FPU/FADD/run_ff_1p16v_1p16v_n40c

  File     : 03_SETUP_TT_25C_FADD_TOP.rpt
  Design   : FADD_TOP              Corner : tt_0p90v_0p90v_25c
  Check    : setup       Clock  : CLK_CORE  Period = 2.0 ns  (500.0 MHz)
  WNS      :   +1.089 ns   TNS :   +0.000 ns   WHS :   +0.085 ns
  Slack    :   +1.089 ns   Status : MET
  Status   : ALL PATHS CLEAN — No Setup or Hold Violations
  Coverage : 100.0%   Endpoints : 2989 / 5781
  Tool     : Synopsys PrimeTime 2023.06-SP3
  Runtime  : 00:01:40         Memory : 2.378 GB
  Run Dir  : /proj/cpu_rtl/sta/EXECUTE/FPU/FADD/run_tt_0p90v_0p90v_25c

  File     : 04_HOLD_TT_25C_FADD_TOP.rpt
  Design   : FADD_TOP              Corner : tt_0p90v_0p90v_25c
  Check    : hold        Clock  : CLK_CORE  Period = 2.0 ns  (500.0 MHz)
  WNS      :   +1.110 ns   TNS :   +0.000 ns   WHS :   +0.106 ns
  Slack    :   +1.110 ns   Status : MET
  Status   : ALL PATHS CLEAN — No Setup or Hold Violations
  Coverage : 100.0%   Endpoints : 5796 / 4996
  Tool     : Synopsys PrimeTime 2023.06-SP3
  Runtime  : 00:06:44         Memory : 2.788 GB
  Run Dir  : /proj/cpu_rtl/sta/EXECUTE/FPU/FADD/run_tt_0p90v_0p90v_25c

  File     : 05_SETUP_SS_M40C_FADD_TOP.rpt
  Design   : FADD_TOP              Corner : ss_0p72v_0p72v_n40c
  Check    : setup       Clock  : CLK_CORE  Period = 2.0 ns  (500.0 MHz)
  WNS      :   +1.099 ns   TNS :   +0.000 ns   WHS :   +0.099 ns
  Slack    :   +1.099 ns   Status : MET
  Status   : ALL PATHS CLEAN — No Setup or Hold Violations
  Coverage : 100.0%   Endpoints : 2244 / 4970
  Tool     : Synopsys PrimeTime 2023.06-SP3
  Runtime  : 00:08:19         Memory : 2.192 GB
  Run Dir  : /proj/cpu_rtl/sta/EXECUTE/FPU/FADD/run_ss_0p72v_0p72v_n40c

  File     : 06_HOLD_FF_125C_FADD_TOP.rpt
  Design   : FADD_TOP              Corner : ff_1p16v_1p16v_125c
  Check    : hold        Clock  : CLK_CORE  Period = 2.0 ns  (500.0 MHz)
  WNS      :   +1.089 ns   TNS :   +0.000 ns   WHS :   +0.084 ns
  Slack    :   +1.089 ns   Status : MET
  Status   : ALL PATHS CLEAN — No Setup or Hold Violations
  Coverage : 100.0%   Endpoints : 4455 / 5015
  Tool     : Synopsys PrimeTime 2023.06-SP3
  Runtime  : 00:03:12         Memory : 3.833 GB
  Run Dir  : /proj/cpu_rtl/sta/EXECUTE/FPU/FADD/run_ff_1p16v_1p16v_125c

  File     : 07_SETUP_LVSS_125C_FADD_TOP.rpt
  Design   : FADD_TOP              Corner : ss_0p63v_0p63v_125c
  Check    : setup       Clock  : CLK_CORE  Period = 2.0 ns  (500.0 MHz)
  WNS      :   +1.180 ns   TNS :   +0.000 ns   WHS :   +0.082 ns
  Slack    :   +1.180 ns   Status : MET
  Status   : ALL PATHS CLEAN — No Setup or Hold Violations
  Coverage : 100.0%   Endpoints : 1773 / 1577
  Tool     : Synopsys PrimeTime 2023.06-SP3
  Runtime  : 00:07:45         Memory : 1.707 GB
  Run Dir  : /proj/cpu_rtl/sta/EXECUTE/FPU/FADD/run_ss_0p63v_0p63v_125c

  File     : 08_CG_CHECK_TT_25C_FADD_TOP.rpt
  Design   : FADD_TOP              Corner : tt_0p90v_0p90v_25c
  Check    : setup       Clock  : CLK_CORE  Period = 2.0 ns  (500.0 MHz)
  WNS      :   +1.088 ns   TNS :   +0.000 ns   WHS :   +0.068 ns
  Slack    :   +1.088 ns   Status : MET
  Status   : ALL PATHS CLEAN — No Setup or Hold Violations
  Coverage : 100.0%   Endpoints : 2610 / 2375
  Tool     : Synopsys PrimeTime 2023.06-SP3
  Runtime  : 00:07:57         Memory : 3.976 GB
  Run Dir  : /proj/cpu_rtl/sta/EXECUTE/FPU/FADD/run_tt_0p90v_0p90v_25c

  File     : 09_RECOVERY_SS_125C_FADD_TOP.rpt
  Design   : FADD_TOP              Corner : ss_0p72v_0p72v_125c
  Check    : setup       Clock  : CLK_CORE  Period = 2.0 ns  (500.0 MHz)
  WNS      :   +1.062 ns   TNS :   +0.000 ns   WHS :   +0.089 ns
  Slack    :   +1.062 ns   Status : MET
  Status   : ALL PATHS CLEAN — No Setup or Hold Violations
  Coverage : 100.0%   Endpoints : 5031 / 3003
  Tool     : Synopsys PrimeTime 2023.06-SP3
  Runtime  : 00:01:10         Memory : 4.066 GB
  Run Dir  : /proj/cpu_rtl/sta/EXECUTE/FPU/FADD/run_ss_0p72v_0p72v_125c

  File     : 10_MULTICYCLE_TT_25C_FADD_TOP.rpt
  Design   : FADD_TOP              Corner : tt_0p90v_0p90v_25c
  Check    : setup       Clock  : CLK_CORE  Period = 2.0 ns  (500.0 MHz)
  WNS      :   +1.137 ns   TNS :   +0.000 ns   WHS :   +0.104 ns
  Slack    :   +1.137 ns   Status : MET
  Status   : ALL PATHS CLEAN — No Setup or Hold Violations
  Coverage : 100.0%   Endpoints : 5213 / 4594
  Tool     : Synopsys PrimeTime 2023.06-SP3
  Runtime  : 00:05:52         Memory : 2.42 GB
  Run Dir  : /proj/cpu_rtl/sta/EXECUTE/FPU/FADD/run_tt_0p90v_0p90v_25c

  File     : FADD_TIMING.rpt
  Design   : N/A                   Corner : N/A
  Check    : N/A         Clock  : N/A  Period = 0.0 ns  (0.0 MHz)
  WNS      :   +0.000 ns   TNS :   +0.000 ns   WHS :   +0.000 ns
  Slack    :   +0.000 ns   Status : UNKNOWN
  Status   : N/A
  Coverage : 0.0%   Endpoints : 0 / 0
  Tool     : N/A
  Runtime  : N/A              Memory : N/A
  Run Dir  : N/A


================================================================================
END OF BLOCK DUMP LOG
================================================================================