****************************************
Report : timing
        -path_type full
        -delay_type max
        -max_paths 10
        -sort_by slack
Design : DISPATCH_QUEUE_TOP
Version: PrimeTime 2023.06-SP3
Date   : Sat Aug 15 17:34:53 2026
Corner : tt_0p90v_0p90v_25c
Note   : Clock Gating Check — Nominal corner
****************************************

Operating Conditions : tt_0p90v_0p90v_25c (Library: saed32nm_rvt)
Wire Load Model Mode : Interconnect (StarRC Extracted)

  Startpoint : u_dpq_ctrl/din_reg[0]
               (rising edge-triggered flip-flop clocked by CLK_CORE)
  Endpoint   : u_dpq_val/dout_reg[0]
               (rising edge-triggered flip-flop clocked by CLK_CORE)
  Path Group : CLK_CORE
  Path Type  : max

  Point                                                   Incr        Path
  -------------------------------------------------------------------------
  clock CLK_CORE (rise edge)                                  0.000       0.000
  clock network delay (propagated)                        0.161      0.161
  u_dpq_ctrl/din_reg[0]/CK (DFFARX1_RVT)                        0.000       0.161 r
  u_dpq_ctrl/din_reg[0]/Q  (DFFARX1_RVT)                        0.13       0.291 r
  u_dpq_ctrl/U12/Y (INVX2_RVT)                                  0.032       0.323 f
  u_dpq_ctrl/U34/Y (NAND2X1_RVT)                                0.081       0.404 r
  u_dpq_buf/U07/Y (AOI22X1_RVT)                                0.08       0.484 f
  u_dpq_buf/U19/Y (OAI21X1_RVT)                                0.103       0.587 r
  u_dpq_ptr/U03/Y (MUX21X1_RVT)                                0.062       0.649 r
  u_dpq_ptr/U11/Y (AND2X1_RVT)                                 0.063       0.712 f
  u_dpq_ptr/U22/Y (NOR2X1_RVT)                                 0.043       0.755 r
  u_dpq_val/U05/Y (BUFX4_RVT)                                  0.065       0.82 r
  u_dpq_val/dout_reg[0]/D (DFFARX1_RVT)                        0.054      0.874 f
  data arrival time                                                    0.874

  clock CLK_CORE (rise edge)                                  2     2
  clock network delay (propagated)                        0.161      2.161
  clock uncertainty                                      -0.05   2.111
  u_dpq_val/dout_reg[0]/CK (DFFARX1_RVT)                       0.000       2.111 r
  library setup time                                     -0.068   2.043
  data required time                                                   2.043
  -------------------------------------------------------------------------
  data required time                                                   2.043
  data arrival time                                                   -0.874
  -------------------------------------------------------------------------
  slack (MET)   1.169


=========================================================================
                   DISPATCH_QUEUE_TOP — TIMING SUMMARY
=========================================================================

  Block        : DISPATCH_QUEUE_TOP
  Corner       : tt_0p90v_0p90v_25c
  Check        : max  (Clock Gating Check — Nominal corner)
  Clock        : CLK_CORE  Period = 2 ns  (500 MHz)
  Technology   : SAED 32nm RVT

  ┌────────────────────────────────────────────────────────────────┐
  │ Sub-Unit      WNS (ns)  TNS (ns)  #Viol   WHS (ns)  #HViol  │
  ├────────────────────────────────────────────────────────────────┤
  │ u_dpq_ctrl          1.169       0        0      0.071        0     │
  │ u_dpq_buf          0.103       0        0      0.075        0     │
  │ u_dpq_ptr          0.169       0        0      0.116        0     │
  │ u_dpq_val          0.196       0        0      0.104        0     │
  ├────────────────────────────────────────────────────────────────┤
  │ DISPATCH_QUEUE_TOP  1.169       0        0      0.071        0     │
  └────────────────────────────────────────────────────────────────┘

  Status : ALL PATHS CLEAN — No Setup or Hold Violations


=========================================================================
                   TIMING EXCEPTIONS APPLIED
=========================================================================

  set_false_path -from [get_ports SCAN_EN]      -to [all_registers]
  set_false_path -from [get_ports TEST_MODE]     -to [all_registers]
  set_multicycle_path 2 -setup -from [get_cells u_dpq_ctrl/*] -to [get_cells u_dpq_val/*]
  set_multicycle_path 1 -hold  -from [get_cells u_dpq_ctrl/*] -to [get_cells u_dpq_val/*]
  set_input_delay  0.400 -clock CLK_CORE -max [all_inputs]
  set_output_delay 0.350 -clock CLK_CORE -max [all_outputs]


=========================================================================
                   CLOCK DOMAIN SUMMARY
=========================================================================

  Clock    : CLK_CORE
  Period   : 2 ns
  Waveform : {0.000 1}
  Skew     : 0.018 ns  (max across DISPATCH_QUEUE_TOP)
  Latency  : 0.161 ns  (max)


=========================================================================
                   CONSTRAINT COVERAGE
=========================================================================

  Total register endpoints   : 5540
  Constrained endpoints      : 1483
  Unconstrained endpoints    :      0
  Coverage                   :  100.0%


=========================================================================
                   TOOL / RUN INFORMATION
=========================================================================

  Tool         : Synopsys PrimeTime 2023.06-SP3
  Run Host     : sta-server-01
  Run Dir      : /proj/cpu_rtl/sta/RENAME_DISPATCH/DISPATCH_QUEUE/run_tt_0p90v_0p90v_25c
  SDC File     : /proj/cpu_rtl/constraints/DISPATCH_QUEUE_TOP.sdc
  Netlist      : /proj/cpu_rtl/netlist/DISPATCH_QUEUE_TOP.v.gz
  SPEF File    : /proj/cpu_rtl/spef/DISPATCH_QUEUE_TOP.spef.gz
  Liberty      : saed32nm_rvt_tt_0p90v_0p90v_25c.db
  Elapsed Time : 00:08:33
  Peak Memory  : 1.743 GB

=========================================================================
End of Report
=========================================================================
