****************************************
Report : timing
        -path_type full
        -delay_type max
        -max_paths 10
        -sort_by slack
Design : DISPATCH_QUEUE_TOP
Version: PrimeTime 2023.06-SP3
Date   : Sat Aug 15 17:34:53 2026
Corner : ss_0p72v_0p72v_125c
Note   : Recovery/Removal Check — Async reset paths
****************************************

Operating Conditions : ss_0p72v_0p72v_125c (Library: saed32nm_rvt)
Wire Load Model Mode : Interconnect (StarRC Extracted)

  Startpoint : u_dpq_ctrl/din_reg[0]
               (rising edge-triggered flip-flop clocked by CLK_CORE)
  Endpoint   : u_dpq_val/dout_reg[0]
               (rising edge-triggered flip-flop clocked by CLK_CORE)
  Path Group : CLK_CORE
  Path Type  : max

  Point                                                   Incr        Path
  -------------------------------------------------------------------------
  clock CLK_CORE (rise edge)                                  0.000       0.000
  clock network delay (propagated)                        0.152      0.152
  u_dpq_ctrl/din_reg[0]/CK (DFFARX1_RVT)                        0.000       0.152 r
  u_dpq_ctrl/din_reg[0]/Q  (DFFARX1_RVT)                        0.137       0.289 r
  u_dpq_ctrl/U12/Y (INVX2_RVT)                                  0.038       0.327 f
  u_dpq_ctrl/U34/Y (NAND2X1_RVT)                                0.062       0.389 r
  u_dpq_buf/U07/Y (AOI22X1_RVT)                                0.106       0.495 f
  u_dpq_buf/U19/Y (OAI21X1_RVT)                                0.086       0.581 r
  u_dpq_ptr/U03/Y (MUX21X1_RVT)                                0.095       0.676 r
  u_dpq_ptr/U11/Y (AND2X1_RVT)                                 0.049       0.725 f
  u_dpq_ptr/U22/Y (NOR2X1_RVT)                                 0.038       0.763 r
  u_dpq_val/U05/Y (BUFX4_RVT)                                  0.07       0.833 r
  u_dpq_val/dout_reg[0]/D (DFFARX1_RVT)                        0.053      0.886 f
  data arrival time                                                    0.886

  clock CLK_CORE (rise edge)                                  2     2
  clock network delay (propagated)                        0.152      2.152
  clock uncertainty                                      -0.05   2.102
  u_dpq_val/dout_reg[0]/CK (DFFARX1_RVT)                       0.000       2.102 r
  library setup time                                     -0.071   2.031
  data required time                                                   2.031
  -------------------------------------------------------------------------
  data required time                                                   2.031
  data arrival time                                                   -0.886
  -------------------------------------------------------------------------
  slack (MET)   1.145


=========================================================================
                   DISPATCH_QUEUE_TOP — TIMING SUMMARY
=========================================================================

  Block        : DISPATCH_QUEUE_TOP
  Corner       : ss_0p72v_0p72v_125c
  Check        : max  (Recovery/Removal Check — Async reset paths)
  Clock        : CLK_CORE  Period = 2 ns  (500 MHz)
  Technology   : SAED 32nm RVT

  ┌────────────────────────────────────────────────────────────────┐
  │ Sub-Unit      WNS (ns)  TNS (ns)  #Viol   WHS (ns)  #HViol  │
  ├────────────────────────────────────────────────────────────────┤
  │ u_dpq_ctrl          1.145       0        0      0.101        0     │
  │ u_dpq_buf          0.087       0        0      0.101        0     │
  │ u_dpq_ptr          0.171       0        0      0.078        0     │
  │ u_dpq_val          0.081       0        0      0.076        0     │
  ├────────────────────────────────────────────────────────────────┤
  │ DISPATCH_QUEUE_TOP  1.145       0        0      0.101        0     │
  └────────────────────────────────────────────────────────────────┘

  Status : ALL PATHS CLEAN — No Setup or Hold Violations


=========================================================================
                   TIMING EXCEPTIONS APPLIED
=========================================================================

  set_false_path -from [get_ports SCAN_EN]      -to [all_registers]
  set_false_path -from [get_ports TEST_MODE]     -to [all_registers]
  set_multicycle_path 2 -setup -from [get_cells u_dpq_ctrl/*] -to [get_cells u_dpq_val/*]
  set_multicycle_path 1 -hold  -from [get_cells u_dpq_ctrl/*] -to [get_cells u_dpq_val/*]
  set_input_delay  0.400 -clock CLK_CORE -max [all_inputs]
  set_output_delay 0.350 -clock CLK_CORE -max [all_outputs]


=========================================================================
                   CLOCK DOMAIN SUMMARY
=========================================================================

  Clock    : CLK_CORE
  Period   : 2 ns
  Waveform : {0.000 1}
  Skew     : 0.02 ns  (max across DISPATCH_QUEUE_TOP)
  Latency  : 0.152 ns  (max)


=========================================================================
                   CONSTRAINT COVERAGE
=========================================================================

  Total register endpoints   : 5362
  Constrained endpoints      : 5435
  Unconstrained endpoints    :      0
  Coverage                   :  100.0%


=========================================================================
                   TOOL / RUN INFORMATION
=========================================================================

  Tool         : Synopsys PrimeTime 2023.06-SP3
  Run Host     : sta-server-01
  Run Dir      : /proj/cpu_rtl/sta/RENAME_DISPATCH/DISPATCH_QUEUE/run_ss_0p72v_0p72v_125c
  SDC File     : /proj/cpu_rtl/constraints/DISPATCH_QUEUE_TOP.sdc
  Netlist      : /proj/cpu_rtl/netlist/DISPATCH_QUEUE_TOP.v.gz
  SPEF File    : /proj/cpu_rtl/spef/DISPATCH_QUEUE_TOP.spef.gz
  Liberty      : saed32nm_rvt_ss_0p72v_0p72v_125c.db
  Elapsed Time : 00:02:25
  Peak Memory  : 3.995 GB

=========================================================================
End of Report
=========================================================================
