****************************************
Report : timing
        -path_type full
        -delay_type min
        -max_paths 10
        -sort_by slack
Design : DISPATCH_QUEUE_TOP
Version: PrimeTime 2023.06-SP3
Date   : Sat Aug 15 18:20:45 2026
Corner : ff_1p16v_1p16v_n40c
Note   : Hold OCV — CRPR enabled, cold fast corner
****************************************

Operating Conditions : ff_1p16v_1p16v_n40c (Library: saed32nm_rvt)
Wire Load Model Mode : Interconnect (StarRC Extracted)

  Startpoint : u_dpq_ctrl/din_reg[0]
               (rising edge-triggered flip-flop clocked by CLK_CORE)
  Endpoint   : u_dpq_val/dout_reg[0]
               (rising edge-triggered flip-flop clocked by CLK_CORE)
  Path Group : CLK_CORE
  Path Type  : min

  Point                                                   Incr        Path
  -------------------------------------------------------------------------
  clock CLK_CORE (rise edge)                                  0.000       0.000
  clock network delay (propagated)                        0.137      0.137
  u_dpq_ctrl/din_reg[0]/CK (DFFARX1_RVT)                        0.000       0.137 r
  u_dpq_ctrl/din_reg[0]/Q  (DFFARX1_RVT)                        0.126         0.263 r
  u_dpq_ctrl/U12/Y (INVX2_RVT)                                  0.055         0.318 f
  u_dpq_ctrl/U34/Y (NAND2X1_RVT)                                0.074         0.392 r
  u_dpq_buf/U07/Y (AOI22X1_RVT)                                0.104         0.496 f
  u_dpq_buf/U19/Y (OAI21X1_RVT)                                0.102         0.598 r
  u_dpq_ptr/U03/Y (MUX21X1_RVT)                                0.07         0.668 r
  u_dpq_ptr/U11/Y (AND2X1_RVT)                                 0.059         0.727 f
  u_dpq_ptr/U22/Y (NOR2X1_RVT)                                 0.066         0.793 r
  u_dpq_val/U05/Y (BUFX4_RVT)                                  0.058         0.851 r
  u_dpq_val/dout_reg[0]/D (DFFARX1_RVT)                        0.057        0.908 f
  data arrival time                                                    0.908

  clock CLK_CORE (rise edge)                                  2     2
  clock network delay (propagated)                        0.137      2.137
  clock uncertainty                                      -0.05   2.087
  u_dpq_val/dout_reg[0]/CK (DFFARX1_RVT)                       0.000       2.087 r
  library setup time                                     -0.067   2.02
  data required time                                                   2.02
  -------------------------------------------------------------------------
  data required time                                                   2.02
  data arrival time                                                   -0.908
  -------------------------------------------------------------------------
  slack (MET)      1.112


=========================================================================
                   DISPATCH_QUEUE_TOP -- TIMING SUMMARY
=========================================================================

  Block        : DISPATCH_QUEUE_TOP
  Corner       : ff_1p16v_1p16v_n40c
  Check        : min  (Hold OCV — CRPR enabled, cold fast corner)
  Clock        : CLK_CORE  Period = 2 ns  (500 MHz)
  Technology   : SAED 32nm RVT

  +------------------------------------------------------------------+
  | Sub-Unit          WNS (ns)  TNS (ns)  #Viol   WHS (ns)  #HViol  |
  +------------------------------------------------------------------+
  | u_dpq_ctrl          1.112       0.000       0      0.094        0     |
  | u_dpq_buf          0.161       0.000       0      0.085        0     |
  | u_dpq_ptr          0.145       0.000       0      0.099        0     |
  | u_dpq_val          0.078       0.000       0      0.112        0     |
  +------------------------------------------------------------------+
  | DISPATCH_QUEUE_TOP   1.112       0.000       0      0.094        0     |
  +------------------------------------------------------------------+

  Status : ALL PATHS CLEAN -- No Setup or Hold Violations


=========================================================================
                   TIMING EXCEPTIONS APPLIED
=========================================================================

  set_false_path -from [get_ports SCAN_EN]      -to [all_registers]
  set_false_path -from [get_ports TEST_MODE]     -to [all_registers]
  set_multicycle_path 2 -setup -from [get_cells u_dpq_ctrl/*] -to [get_cells u_dpq_val/*]
  set_multicycle_path 1 -hold  -from [get_cells u_dpq_ctrl/*] -to [get_cells u_dpq_val/*]
  set_input_delay  0.400 -clock CLK_CORE -max [all_inputs]
  set_output_delay 0.350 -clock CLK_CORE -max [all_outputs]


=========================================================================
                   CLOCK DOMAIN SUMMARY
=========================================================================

  Clock    : CLK_CORE
  Period   : 2 ns
  Waveform : {0.000 1}
  Skew     : 0.024 ns  (max across DISPATCH_QUEUE_TOP)
  Latency  : 0.137 ns  (max)


=========================================================================
                   CONSTRAINT COVERAGE
=========================================================================

  Total register endpoints   : 4470
  Constrained endpoints      : 6171
  Unconstrained endpoints    :      0
  Coverage                   :  100.0%


=========================================================================
                   TOOL / RUN INFORMATION
=========================================================================

  Tool         : Synopsys PrimeTime 2023.06-SP3
  Run Host     : sta-server-01
  Run Dir      : /proj/cpu_rtl/sta/RENAME_DISPATCH/DISPATCH_QUEUE/run_ff_1p16v_1p16v_n40c
  SDC File     : /proj/cpu_rtl/constraints/DISPATCH_QUEUE_TOP.sdc
  Netlist      : /proj/cpu_rtl/netlist/DISPATCH_QUEUE_TOP.v.gz
  SPEF File    : /proj/cpu_rtl/spef/DISPATCH_QUEUE_TOP.spef.gz
  Liberty      : saed32nm_rvt_ff_1p16v_1p16v_n40c.db
  Elapsed Time : 00:04:22
  Peak Memory  : 4.393 GB

=========================================================================
End of Report
=========================================================================
