****************************************
Report : timing
        -path_type full
        -delay_type min
        -max_paths 10
        -sort_by slack
Design : DISPATCH_QUEUE_TOP
Version: PrimeTime 2023.06-SP3
Date   : Sat Aug 15 18:20:45 2026
Corner : ss_0p72v_0p72v_125c
Note   : Hold check — Slow corner, hot
****************************************

Operating Conditions : ss_0p72v_0p72v_125c (Library: saed32nm_rvt)
Wire Load Model Mode : Interconnect (StarRC Extracted)

  Startpoint : u_dpq_ctrl/din_reg[0]
               (rising edge-triggered flip-flop clocked by CLK_CORE)
  Endpoint   : u_dpq_val/dout_reg[0]
               (rising edge-triggered flip-flop clocked by CLK_CORE)
  Path Group : CLK_CORE
  Path Type  : min

  Point                                                   Incr        Path
  -------------------------------------------------------------------------
  clock CLK_CORE (rise edge)                                  0.000       0.000
  clock network delay (propagated)                        0.132      0.132
  u_dpq_ctrl/din_reg[0]/CK (DFFARX1_RVT)                        0.000       0.132 r
  u_dpq_ctrl/din_reg[0]/Q  (DFFARX1_RVT)                        0.14         0.272 r
  u_dpq_ctrl/U12/Y (INVX2_RVT)                                  0.059         0.331 f
  u_dpq_ctrl/U34/Y (NAND2X1_RVT)                                0.08         0.411 r
  u_dpq_buf/U07/Y (AOI22X1_RVT)                                0.084         0.495 f
  u_dpq_buf/U19/Y (OAI21X1_RVT)                                0.091         0.586 r
  u_dpq_ptr/U03/Y (MUX21X1_RVT)                                0.091         0.677 r
  u_dpq_ptr/U11/Y (AND2X1_RVT)                                 0.059         0.736 f
  u_dpq_ptr/U22/Y (NOR2X1_RVT)                                 0.051         0.787 r
  u_dpq_val/U05/Y (BUFX4_RVT)                                  0.081         0.868 r
  u_dpq_val/dout_reg[0]/D (DFFARX1_RVT)                        0.052        0.92 f
  data arrival time                                                    0.92

  clock CLK_CORE (rise edge)                                  2     2
  clock network delay (propagated)                        0.132      2.132
  clock uncertainty                                      -0.05   2.082
  u_dpq_val/dout_reg[0]/CK (DFFARX1_RVT)                       0.000       2.082 r
  library setup time                                     -0.084   1.998
  data required time                                                   1.998
  -------------------------------------------------------------------------
  data required time                                                   1.998
  data arrival time                                                   -0.92
  -------------------------------------------------------------------------
  slack (MET)      1.078


=========================================================================
                   DISPATCH_QUEUE_TOP -- TIMING SUMMARY
=========================================================================

  Block        : DISPATCH_QUEUE_TOP
  Corner       : ss_0p72v_0p72v_125c
  Check        : min  (Hold check — Slow corner, hot)
  Clock        : CLK_CORE  Period = 2 ns  (500 MHz)
  Technology   : SAED 32nm RVT

  +------------------------------------------------------------------+
  | Sub-Unit          WNS (ns)  TNS (ns)  #Viol   WHS (ns)  #HViol  |
  +------------------------------------------------------------------+
  | u_dpq_ctrl          1.078       0.000       0      0.103        0     |
  | u_dpq_buf          0.246       0.000       0      0.076        0     |
  | u_dpq_ptr          0.24       0.000       0      0.121        0     |
  | u_dpq_val          0.065       0.000       0      0.127        0     |
  +------------------------------------------------------------------+
  | DISPATCH_QUEUE_TOP   1.078       0.000       0      0.103        0     |
  +------------------------------------------------------------------+

  Status : ALL PATHS CLEAN -- No Setup or Hold Violations


=========================================================================
                   TIMING EXCEPTIONS APPLIED
=========================================================================

  set_false_path -from [get_ports SCAN_EN]      -to [all_registers]
  set_false_path -from [get_ports TEST_MODE]     -to [all_registers]
  set_multicycle_path 2 -setup -from [get_cells u_dpq_ctrl/*] -to [get_cells u_dpq_val/*]
  set_multicycle_path 1 -hold  -from [get_cells u_dpq_ctrl/*] -to [get_cells u_dpq_val/*]
  set_input_delay  0.400 -clock CLK_CORE -max [all_inputs]
  set_output_delay 0.350 -clock CLK_CORE -max [all_outputs]


=========================================================================
                   CLOCK DOMAIN SUMMARY
=========================================================================

  Clock    : CLK_CORE
  Period   : 2 ns
  Waveform : {0.000 1}
  Skew     : 0.018 ns  (max across DISPATCH_QUEUE_TOP)
  Latency  : 0.132 ns  (max)


=========================================================================
                   CONSTRAINT COVERAGE
=========================================================================

  Total register endpoints   : 3108
  Constrained endpoints      : 5434
  Unconstrained endpoints    :      0
  Coverage                   :  100.0%


=========================================================================
                   TOOL / RUN INFORMATION
=========================================================================

  Tool         : Synopsys PrimeTime 2023.06-SP3
  Run Host     : sta-server-01
  Run Dir      : /proj/cpu_rtl/sta/RENAME_DISPATCH/DISPATCH_QUEUE/run_ss_0p72v_0p72v_125c
  SDC File     : /proj/cpu_rtl/constraints/DISPATCH_QUEUE_TOP.sdc
  Netlist      : /proj/cpu_rtl/netlist/DISPATCH_QUEUE_TOP.v.gz
  SPEF File    : /proj/cpu_rtl/spef/DISPATCH_QUEUE_TOP.spef.gz
  Liberty      : saed32nm_rvt_ss_0p72v_0p72v_125c.db
  Elapsed Time : 00:08:12
  Peak Memory  : 3.163 GB

=========================================================================
End of Report
=========================================================================
