****************************************
Report : timing
        -path_type full
        -delay_type max
        -max_paths 10
        -sort_by slack
Design : DISPATCH_QUEUE_TOP
Version: PrimeTime 2023.06-SP3
Date   : Sat Aug 15 18:20:45 2026
Corner : ss_0p63v_0p63v_n40c
Note   : Setup — Ultra-low-voltage, cold
****************************************

Operating Conditions : ss_0p63v_0p63v_n40c (Library: saed32nm_rvt)
Wire Load Model Mode : Interconnect (StarRC Extracted)

  Startpoint : u_dpq_ctrl/din_reg[0]
               (rising edge-triggered flip-flop clocked by CLK_CORE)
  Endpoint   : u_dpq_val/dout_reg[0]
               (rising edge-triggered flip-flop clocked by CLK_CORE)
  Path Group : CLK_CORE
  Path Type  : max

  Point                                                   Incr        Path
  -------------------------------------------------------------------------
  clock CLK_CORE (rise edge)                                  0.000       0.000
  clock network delay (propagated)                        0.159      0.159
  u_dpq_ctrl/din_reg[0]/CK (DFFARX1_RVT)                        0.000       0.159 r
  u_dpq_ctrl/din_reg[0]/Q  (DFFARX1_RVT)                        0.116         0.275 r
  u_dpq_ctrl/U12/Y (INVX2_RVT)                                  0.047         0.322 f
  u_dpq_ctrl/U34/Y (NAND2X1_RVT)                                0.083         0.405 r
  u_dpq_buf/U07/Y (AOI22X1_RVT)                                0.086         0.491 f
  u_dpq_buf/U19/Y (OAI21X1_RVT)                                0.113         0.604 r
  u_dpq_ptr/U03/Y (MUX21X1_RVT)                                0.085         0.689 r
  u_dpq_ptr/U11/Y (AND2X1_RVT)                                 0.05         0.739 f
  u_dpq_ptr/U22/Y (NOR2X1_RVT)                                 0.042         0.781 r
  u_dpq_val/U05/Y (BUFX4_RVT)                                  0.064         0.845 r
  u_dpq_val/dout_reg[0]/D (DFFARX1_RVT)                        0.066        0.911 f
  data arrival time                                                    0.911

  clock CLK_CORE (rise edge)                                  2     2
  clock network delay (propagated)                        0.159      2.159
  clock uncertainty                                      -0.05   2.109
  u_dpq_val/dout_reg[0]/CK (DFFARX1_RVT)                       0.000       2.109 r
  library setup time                                     -0.079   2.03
  data required time                                                   2.03
  -------------------------------------------------------------------------
  data required time                                                   2.03
  data arrival time                                                   -0.911
  -------------------------------------------------------------------------
  slack (MET)      1.119


=========================================================================
                   DISPATCH_QUEUE_TOP -- TIMING SUMMARY
=========================================================================

  Block        : DISPATCH_QUEUE_TOP
  Corner       : ss_0p63v_0p63v_n40c
  Check        : max  (Setup — Ultra-low-voltage, cold)
  Clock        : CLK_CORE  Period = 2 ns  (500 MHz)
  Technology   : SAED 32nm RVT

  +------------------------------------------------------------------+
  | Sub-Unit          WNS (ns)  TNS (ns)  #Viol   WHS (ns)  #HViol  |
  +------------------------------------------------------------------+
  | u_dpq_ctrl          1.119       0.000       0      0.086        0     |
  | u_dpq_buf          0.155       0.000       0      0.125        0     |
  | u_dpq_ptr          0.207       0.000       0      0.122        0     |
  | u_dpq_val          0.249       0.000       0      0.06        0     |
  +------------------------------------------------------------------+
  | DISPATCH_QUEUE_TOP   1.119       0.000       0      0.086        0     |
  +------------------------------------------------------------------+

  Status : ALL PATHS CLEAN -- No Setup or Hold Violations


=========================================================================
                   TIMING EXCEPTIONS APPLIED
=========================================================================

  set_false_path -from [get_ports SCAN_EN]      -to [all_registers]
  set_false_path -from [get_ports TEST_MODE]     -to [all_registers]
  set_multicycle_path 2 -setup -from [get_cells u_dpq_ctrl/*] -to [get_cells u_dpq_val/*]
  set_multicycle_path 1 -hold  -from [get_cells u_dpq_ctrl/*] -to [get_cells u_dpq_val/*]
  set_input_delay  0.400 -clock CLK_CORE -max [all_inputs]
  set_output_delay 0.350 -clock CLK_CORE -max [all_outputs]


=========================================================================
                   CLOCK DOMAIN SUMMARY
=========================================================================

  Clock    : CLK_CORE
  Period   : 2 ns
  Waveform : {0.000 1}
  Skew     : 0.019 ns  (max across DISPATCH_QUEUE_TOP)
  Latency  : 0.159 ns  (max)


=========================================================================
                   CONSTRAINT COVERAGE
=========================================================================

  Total register endpoints   : 5313
  Constrained endpoints      : 3156
  Unconstrained endpoints    :      0
  Coverage                   :  100.0%


=========================================================================
                   TOOL / RUN INFORMATION
=========================================================================

  Tool         : Synopsys PrimeTime 2023.06-SP3
  Run Host     : sta-server-01
  Run Dir      : /proj/cpu_rtl/sta/RENAME_DISPATCH/DISPATCH_QUEUE/run_ss_0p63v_0p63v_n40c
  SDC File     : /proj/cpu_rtl/constraints/DISPATCH_QUEUE_TOP.sdc
  Netlist      : /proj/cpu_rtl/netlist/DISPATCH_QUEUE_TOP.v.gz
  SPEF File    : /proj/cpu_rtl/spef/DISPATCH_QUEUE_TOP.spef.gz
  Liberty      : saed32nm_rvt_ss_0p63v_0p63v_n40c.db
  Elapsed Time : 00:08:52
  Peak Memory  : 4.25 GB

=========================================================================
End of Report
=========================================================================
