****************************************
Report : timing
        -path_type full
        -delay_type min
        -max_paths 10
        -sort_by slack
Design : DISPATCH_QUEUE_TOP
Version: PrimeTime 2023.06-SP3
Date   : Sat Aug 15 18:20:45 2026
Corner : ff_1p32v_1p32v_n40c
Note   : Hold — High-voltage fast corner, cold
****************************************

Operating Conditions : ff_1p32v_1p32v_n40c (Library: saed32nm_rvt)
Wire Load Model Mode : Interconnect (StarRC Extracted)

  Startpoint : u_dpq_ctrl/din_reg[0]
               (rising edge-triggered flip-flop clocked by CLK_CORE)
  Endpoint   : u_dpq_val/dout_reg[0]
               (rising edge-triggered flip-flop clocked by CLK_CORE)
  Path Group : CLK_CORE
  Path Type  : min

  Point                                                   Incr        Path
  -------------------------------------------------------------------------
  clock CLK_CORE (rise edge)                                  0.000       0.000
  clock network delay (propagated)                        0.144      0.144
  u_dpq_ctrl/din_reg[0]/CK (DFFARX1_RVT)                        0.000       0.144 r
  u_dpq_ctrl/din_reg[0]/Q  (DFFARX1_RVT)                        0.111         0.255 r
  u_dpq_ctrl/U12/Y (INVX2_RVT)                                  0.039         0.294 f
  u_dpq_ctrl/U34/Y (NAND2X1_RVT)                                0.075         0.369 r
  u_dpq_buf/U07/Y (AOI22X1_RVT)                                0.075         0.444 f
  u_dpq_buf/U19/Y (OAI21X1_RVT)                                0.082         0.526 r
  u_dpq_ptr/U03/Y (MUX21X1_RVT)                                0.094         0.62 r
  u_dpq_ptr/U11/Y (AND2X1_RVT)                                 0.059         0.679 f
  u_dpq_ptr/U22/Y (NOR2X1_RVT)                                 0.04         0.719 r
  u_dpq_val/U05/Y (BUFX4_RVT)                                  0.087         0.806 r
  u_dpq_val/dout_reg[0]/D (DFFARX1_RVT)                        0.071        0.877 f
  data arrival time                                                    0.877

  clock CLK_CORE (rise edge)                                  2     2
  clock network delay (propagated)                        0.144      2.144
  clock uncertainty                                      -0.05   2.094
  u_dpq_val/dout_reg[0]/CK (DFFARX1_RVT)                       0.000       2.094 r
  library setup time                                     -0.067   2.027
  data required time                                                   2.027
  -------------------------------------------------------------------------
  data required time                                                   2.027
  data arrival time                                                   -0.877
  -------------------------------------------------------------------------
  slack (MET)      1.15


=========================================================================
                   DISPATCH_QUEUE_TOP -- TIMING SUMMARY
=========================================================================

  Block        : DISPATCH_QUEUE_TOP
  Corner       : ff_1p32v_1p32v_n40c
  Check        : min  (Hold — High-voltage fast corner, cold)
  Clock        : CLK_CORE  Period = 2 ns  (500 MHz)
  Technology   : SAED 32nm RVT

  +------------------------------------------------------------------+
  | Sub-Unit          WNS (ns)  TNS (ns)  #Viol   WHS (ns)  #HViol  |
  +------------------------------------------------------------------+
  | u_dpq_ctrl          1.15       0.000       0      0.099        0     |
  | u_dpq_buf          0.056       0.000       0      0.096        0     |
  | u_dpq_ptr          0.119       0.000       0      0.07        0     |
  | u_dpq_val          0.221       0.000       0      0.107        0     |
  +------------------------------------------------------------------+
  | DISPATCH_QUEUE_TOP   1.15       0.000       0      0.099        0     |
  +------------------------------------------------------------------+

  Status : ALL PATHS CLEAN -- No Setup or Hold Violations


=========================================================================
                   TIMING EXCEPTIONS APPLIED
=========================================================================

  set_false_path -from [get_ports SCAN_EN]      -to [all_registers]
  set_false_path -from [get_ports TEST_MODE]     -to [all_registers]
  set_multicycle_path 2 -setup -from [get_cells u_dpq_ctrl/*] -to [get_cells u_dpq_val/*]
  set_multicycle_path 1 -hold  -from [get_cells u_dpq_ctrl/*] -to [get_cells u_dpq_val/*]
  set_input_delay  0.400 -clock CLK_CORE -max [all_inputs]
  set_output_delay 0.350 -clock CLK_CORE -max [all_outputs]


=========================================================================
                   CLOCK DOMAIN SUMMARY
=========================================================================

  Clock    : CLK_CORE
  Period   : 2 ns
  Waveform : {0.000 1}
  Skew     : 0.015 ns  (max across DISPATCH_QUEUE_TOP)
  Latency  : 0.144 ns  (max)


=========================================================================
                   CONSTRAINT COVERAGE
=========================================================================

  Total register endpoints   : 2405
  Constrained endpoints      : 4675
  Unconstrained endpoints    :      0
  Coverage                   :  100.0%


=========================================================================
                   TOOL / RUN INFORMATION
=========================================================================

  Tool         : Synopsys PrimeTime 2023.06-SP3
  Run Host     : sta-server-01
  Run Dir      : /proj/cpu_rtl/sta/RENAME_DISPATCH/DISPATCH_QUEUE/run_ff_1p32v_1p32v_n40c
  SDC File     : /proj/cpu_rtl/constraints/DISPATCH_QUEUE_TOP.sdc
  Netlist      : /proj/cpu_rtl/netlist/DISPATCH_QUEUE_TOP.v.gz
  SPEF File    : /proj/cpu_rtl/spef/DISPATCH_QUEUE_TOP.spef.gz
  Liberty      : saed32nm_rvt_ff_1p32v_1p32v_n40c.db
  Elapsed Time : 00:08:53
  Peak Memory  : 4.52 GB

=========================================================================
End of Report
=========================================================================
