================================================================================
  STA TOP-LEVEL DUMP LOG  —  PD_STA_REPORTS
================================================================================

  Root Directory   : D:\Certificates\PD_STA_REPORTS
  Parsed At        : 2026-08-15T19:15:03
  Total Blocks     : 6
  Total Reports    : 186


AGGREGATE SUMMARY
----------------------------------------
  Overall Status   : MET
  Worst WNS  (ns)  : 0.000
  Worst TNS  (ns)  : 0.000
  Worst WHS  (ns)  : 0.000
  Total Violations : 0

BY PIPELINE STAGE
----------------------------------------
  Stage                   Owner            #       WNS       TNS       WHS  STATUS
  ──────────────────────  ────────────  ────  ────────  ────────  ────────  ──────────
  MEMORY                  MTO_User6        6     0.000     0.000     0.000  MET

BY CORNER
----------------------------------------
  Name                                              #       WNS       TNS       WHS  STATUS
  ─────────────────────────────────────────────  ────  ────────  ────────  ────────  ──────────
  N/A                                               6     0.000     0.000     0.000  MET
  ff_1p16v_1p16v_125c                              12     1.025     0.000     0.000  MET
  ff_1p16v_1p16v_n40c                              30     1.017     0.000     0.000  MET
  ff_1p32v_1p32v_n40c                               6     1.087     0.000     0.000  MET
  ss_0p63v_0p63v_125c                               6     1.100     0.000     0.076  MET
  ss_0p63v_0p63v_n40c                               6     1.077     0.000     0.000  MET
  ss_0p72v_0p72v_125c                              54     1.010     0.000     0.000  MET
  ss_0p72v_0p72v_n40c                               6     1.056     0.000     0.063  MET
  tt_0p90v_0p90v_25c                               48     1.044     0.000     0.000  MET
  tt_0p90v_0p90v_85c                               12     1.076     0.000     0.000  MET

BY CHECK TYPE
----------------------------------------
  Name                                              #       WNS       TNS       WHS  STATUS
  ─────────────────────────────────────────────  ────  ────────  ────────  ────────  ──────────
  N/A                                               6     0.000     0.000     0.000  MET
  hold                                             66     1.017     0.000     0.000  MET
  setup                                           114     1.010     0.000     0.000  MET

PER-BLOCK SUMMARY
----------------------------------------
  Block                                          Design                  Rpts       WNS       TNS       WHS  STATUS      Owner
  ─────────────────────────────────────────────  ──────────────────────  ────  ────────  ────────  ────────  ──────────  ────────────
  MEMORY\DCACHE                                  DCACHE_TOP                31     0.000     0.000     0.000  MET         User34
  MEMORY\DTLB                                    DTLB_TOP                  31     0.000     0.000     0.000  MET         User35
  MEMORY\LDQ                                     LDQ_TOP                   31     0.000     0.000     0.000  MET         User36
  MEMORY\MOB                                     MOB_TOP                   31     0.000     0.000     0.000  MET         User37
  MEMORY\MSHR                                    MSHR_TOP                  31     0.000     0.000     0.000  MET         User38
  MEMORY\STQ                                     STQ_TOP                   31     0.000     0.000     0.000  MET         User39

================================================================================
END OF TOP-LEVEL DUMP LOG
================================================================================