[2026-08-15 19:15:03] [INFO    ] [sta_top_parser] [sta_top_parser.py:302] ====================================================================
[2026-08-15 19:15:03] [INFO    ] [sta_top_parser] [sta_top_parser.py:303]   sta_top_parser.py — Synopsys PrimeTime STA Hierarchy Parser
[2026-08-15 19:15:03] [INFO    ] [sta_top_parser] [sta_top_parser.py:304]   Root       : D:\Certificates\PD_STA_REPORTS
[2026-08-15 19:15:03] [INFO    ] [sta_top_parser] [sta_top_parser.py:305]   Output dir : D:\Certificates\PD_STA_REPORTS\RESULTS\MEMORY
[2026-08-15 19:15:03] [INFO    ] [sta_top_parser] [sta_top_parser.py:306]   Pattern    : *.rpt
[2026-08-15 19:15:03] [INFO    ] [sta_top_parser] [sta_top_parser.py:308]   Stages     : ['MEMORY']
[2026-08-15 19:15:03] [INFO    ] [sta_top_parser] [sta_top_parser.py:309] ====================================================================
[2026-08-15 19:15:03] [DEBUG   ] [sta_top_parser] [sta_top_parser.py:221]   Skipping stage (filtered): .git
[2026-08-15 19:15:03] [DEBUG   ] [sta_top_parser] [sta_top_parser.py:221]   Skipping stage (filtered): __pycache__
[2026-08-15 19:15:03] [DEBUG   ] [sta_top_parser] [sta_top_parser.py:221]   Skipping stage (filtered): CACHE
[2026-08-15 19:15:03] [DEBUG   ] [sta_top_parser] [sta_top_parser.py:221]   Skipping stage (filtered): COMMIT
[2026-08-15 19:15:03] [DEBUG   ] [sta_top_parser] [sta_top_parser.py:221]   Skipping stage (filtered): DECODE
[2026-08-15 19:15:03] [DEBUG   ] [sta_top_parser] [sta_top_parser.py:221]   Skipping stage (filtered): EXECUTE
[2026-08-15 19:15:03] [DEBUG   ] [sta_top_parser] [sta_top_parser.py:221]   Skipping stage (filtered): FETCH
[2026-08-15 19:15:03] [DEBUG   ] [sta_top_parser] [sta_top_parser.py:221]   Skipping stage (filtered): GENERIC_REPORT_CARD
[2026-08-15 19:15:03] [DEBUG   ] [sta_top_parser] [sta_top_parser.py:221]   Skipping stage (filtered): ISSUE
[2026-08-15 19:15:03] [DEBUG   ] [sta_top_parser] [sta_top_parser.py:221]   Skipping stage (filtered): RENAME_DISPATCH
[2026-08-15 19:15:03] [DEBUG   ] [sta_top_parser] [sta_top_parser.py:221]   Skipping stage (filtered): RESULTS
[2026-08-15 19:15:03] [DEBUG   ] [sta_top_parser] [sta_top_parser.py:221]   Skipping stage (filtered): sta_utils
[2026-08-15 19:15:03] [DEBUG   ] [sta_top_parser] [sta_top_parser.py:221]   Skipping stage (filtered): UNCORE
[2026-08-15 19:15:03] [DEBUG   ] [sta_top_parser] [sta_top_parser.py:221]   Skipping stage (filtered): WRITEBACK
[2026-08-15 19:15:03] [INFO    ] [sta_top_parser] [sta_top_parser.py:228] Found 6 block director(ies) with '*.rpt' files under D:\Certificates\PD_STA_REPORTS
[2026-08-15 19:15:03] [INFO    ] [sta_top_parser] [sta_top_parser.py:328] [1/6] Scanning: MEMORY\DCACHE
[2026-08-15 19:15:03] [INFO    ] [sta_top_parser] [parser.py:284]   Found 31 report file(s) in D:\Certificates\PD_STA_REPORTS\MEMORY\DCACHE
[2026-08-15 19:15:03] [DEBUG   ] [sta_top_parser] [parser.py:130]   Parsing: 01_SETUP_SS_125C_DCACHE_TOP.rpt
[2026-08-15 19:15:03] [DEBUG   ] [sta_top_parser] [parser.py:209]     → design=DCACHE_TOP           corner=ss_0p72v_0p72v_125c                 check=setup  wns=+1.143  status=MET
[2026-08-15 19:15:03] [DEBUG   ] [sta_top_parser] [parser.py:130]   Parsing: 02_HOLD_FF_N40C_DCACHE_TOP.rpt
[2026-08-15 19:15:03] [DEBUG   ] [sta_top_parser] [parser.py:209]     → design=DCACHE_TOP           corner=ff_1p16v_1p16v_n40c                 check=hold   wns=+1.068  status=MET
[2026-08-15 19:15:03] [DEBUG   ] [sta_top_parser] [parser.py:130]   Parsing: 03_SETUP_TT_25C_DCACHE_TOP.rpt
[2026-08-15 19:15:03] [DEBUG   ] [sta_top_parser] [parser.py:209]     → design=DCACHE_TOP           corner=tt_0p90v_0p90v_25c                  check=setup  wns=+1.055  status=MET
[2026-08-15 19:15:03] [DEBUG   ] [sta_top_parser] [parser.py:130]   Parsing: 04_HOLD_TT_25C_DCACHE_TOP.rpt
[2026-08-15 19:15:03] [DEBUG   ] [sta_top_parser] [parser.py:209]     → design=DCACHE_TOP           corner=tt_0p90v_0p90v_25c                  check=hold   wns=+1.121  status=MET
[2026-08-15 19:15:03] [DEBUG   ] [sta_top_parser] [parser.py:130]   Parsing: 05_SETUP_SS_M40C_DCACHE_TOP.rpt
[2026-08-15 19:15:03] [DEBUG   ] [sta_top_parser] [parser.py:209]     → design=DCACHE_TOP           corner=ss_0p72v_0p72v_n40c                 check=setup  wns=+1.101  status=MET
[2026-08-15 19:15:03] [DEBUG   ] [sta_top_parser] [parser.py:130]   Parsing: 06_HOLD_FF_125C_DCACHE_TOP.rpt
[2026-08-15 19:15:03] [DEBUG   ] [sta_top_parser] [parser.py:209]     → design=DCACHE_TOP           corner=ff_1p16v_1p16v_125c                 check=hold   wns=+1.129  status=MET
[2026-08-15 19:15:03] [DEBUG   ] [sta_top_parser] [parser.py:130]   Parsing: 07_SETUP_LVSS_125C_DCACHE_TOP.rpt
[2026-08-15 19:15:03] [DEBUG   ] [sta_top_parser] [parser.py:209]     → design=DCACHE_TOP           corner=ss_0p63v_0p63v_125c                 check=setup  wns=+1.130  status=MET
[2026-08-15 19:15:03] [DEBUG   ] [sta_top_parser] [parser.py:130]   Parsing: 08_CG_CHECK_TT_25C_DCACHE_TOP.rpt
[2026-08-15 19:15:03] [DEBUG   ] [sta_top_parser] [parser.py:209]     → design=DCACHE_TOP           corner=tt_0p90v_0p90v_25c                  check=setup  wns=+1.079  status=MET
[2026-08-15 19:15:03] [DEBUG   ] [sta_top_parser] [parser.py:130]   Parsing: 09_RECOVERY_SS_125C_DCACHE_TOP.rpt
[2026-08-15 19:15:03] [DEBUG   ] [sta_top_parser] [parser.py:209]     → design=DCACHE_TOP           corner=ss_0p72v_0p72v_125c                 check=setup  wns=+1.110  status=MET
[2026-08-15 19:15:03] [DEBUG   ] [sta_top_parser] [parser.py:130]   Parsing: 10_MULTICYCLE_TT_25C_DCACHE_TOP.rpt
[2026-08-15 19:15:03] [DEBUG   ] [sta_top_parser] [parser.py:209]     → design=DCACHE_TOP           corner=tt_0p90v_0p90v_25c                  check=setup  wns=+1.139  status=MET
[2026-08-15 19:15:03] [DEBUG   ] [sta_top_parser] [parser.py:130]   Parsing: 11_SETUP_SS_125C_OCV_DCACHE_TOP.rpt
[2026-08-15 19:15:03] [DEBUG   ] [sta_top_parser] [parser.py:209]     → design=DCACHE_TOP           corner=ss_0p72v_0p72v_125c                 check=setup  wns=+1.096  status=MET
[2026-08-15 19:15:03] [DEBUG   ] [sta_top_parser] [parser.py:130]   Parsing: 12_HOLD_FF_N40C_OCV_DCACHE_TOP.rpt
[2026-08-15 19:15:03] [DEBUG   ] [sta_top_parser] [parser.py:209]     → design=DCACHE_TOP           corner=ff_1p16v_1p16v_n40c                 check=hold   wns=+1.126  status=MET
[2026-08-15 19:15:03] [DEBUG   ] [sta_top_parser] [parser.py:130]   Parsing: 13_SETUP_SS_125C_POCV_DCACHE_TOP.rpt
[2026-08-15 19:15:03] [DEBUG   ] [sta_top_parser] [parser.py:209]     → design=DCACHE_TOP           corner=ss_0p72v_0p72v_125c                 check=setup  wns=+1.108  status=MET
[2026-08-15 19:15:03] [DEBUG   ] [sta_top_parser] [parser.py:130]   Parsing: 14_HOLD_FF_N40C_POCV_DCACHE_TOP.rpt
[2026-08-15 19:15:03] [DEBUG   ] [sta_top_parser] [parser.py:209]     → design=DCACHE_TOP           corner=ff_1p16v_1p16v_n40c                 check=hold   wns=+1.101  status=MET
[2026-08-15 19:15:03] [DEBUG   ] [sta_top_parser] [parser.py:130]   Parsing: 15_SETUP_TT_85C_DCACHE_TOP.rpt
[2026-08-15 19:15:03] [DEBUG   ] [sta_top_parser] [parser.py:209]     → design=DCACHE_TOP           corner=tt_0p90v_0p90v_85c                  check=setup  wns=+1.143  status=MET
[2026-08-15 19:15:03] [DEBUG   ] [sta_top_parser] [parser.py:130]   Parsing: 16_HOLD_TT_85C_DCACHE_TOP.rpt
[2026-08-15 19:15:03] [DEBUG   ] [sta_top_parser] [parser.py:209]     → design=DCACHE_TOP           corner=tt_0p90v_0p90v_85c                  check=hold   wns=+1.090  status=MET
[2026-08-15 19:15:03] [DEBUG   ] [sta_top_parser] [parser.py:130]   Parsing: 17_SETUP_FF_125C_DCACHE_TOP.rpt
[2026-08-15 19:15:03] [DEBUG   ] [sta_top_parser] [parser.py:209]     → design=DCACHE_TOP           corner=ff_1p16v_1p16v_125c                 check=setup  wns=+1.067  status=MET
[2026-08-15 19:15:03] [DEBUG   ] [sta_top_parser] [parser.py:130]   Parsing: 18_HOLD_SS_125C_DCACHE_TOP.rpt
[2026-08-15 19:15:03] [DEBUG   ] [sta_top_parser] [parser.py:209]     → design=DCACHE_TOP           corner=ss_0p72v_0p72v_125c                 check=hold   wns=+1.039  status=MET
[2026-08-15 19:15:03] [DEBUG   ] [sta_top_parser] [parser.py:130]   Parsing: 19_SETUP_LVSS_N40C_DCACHE_TOP.rpt
[2026-08-15 19:15:03] [DEBUG   ] [sta_top_parser] [parser.py:209]     → design=DCACHE_TOP           corner=ss_0p63v_0p63v_n40c                 check=setup  wns=+1.101  status=MET
[2026-08-15 19:15:03] [DEBUG   ] [sta_top_parser] [parser.py:130]   Parsing: 20_HOLD_LVFF_N40C_DCACHE_TOP.rpt
[2026-08-15 19:15:03] [DEBUG   ] [sta_top_parser] [parser.py:209]     → design=DCACHE_TOP           corner=ff_1p32v_1p32v_n40c                 check=hold   wns=+1.121  status=MET
[2026-08-15 19:15:03] [DEBUG   ] [sta_top_parser] [parser.py:130]   Parsing: 21_CG_CHECK_SS_125C_DCACHE_TOP.rpt
[2026-08-15 19:15:03] [DEBUG   ] [sta_top_parser] [parser.py:209]     → design=DCACHE_TOP           corner=ss_0p72v_0p72v_125c                 check=setup  wns=+1.107  status=MET
[2026-08-15 19:15:03] [DEBUG   ] [sta_top_parser] [parser.py:130]   Parsing: 22_RECOVERY_TT_25C_DCACHE_TOP.rpt
[2026-08-15 19:15:03] [DEBUG   ] [sta_top_parser] [parser.py:209]     → design=DCACHE_TOP           corner=tt_0p90v_0p90v_25c                  check=setup  wns=+1.078  status=MET
[2026-08-15 19:15:03] [DEBUG   ] [sta_top_parser] [parser.py:130]   Parsing: 23_MULTICYCLE_SS_125C_DCACHE_TOP.rpt
[2026-08-15 19:15:03] [DEBUG   ] [sta_top_parser] [parser.py:209]     → design=DCACHE_TOP           corner=ss_0p72v_0p72v_125c                 check=setup  wns=+1.106  status=MET
[2026-08-15 19:15:03] [DEBUG   ] [sta_top_parser] [parser.py:130]   Parsing: 24_SETUP_TT_25C_ECO_DCACHE_TOP.rpt
[2026-08-15 19:15:03] [DEBUG   ] [sta_top_parser] [parser.py:209]     → design=DCACHE_TOP           corner=tt_0p90v_0p90v_25c                  check=setup  wns=+1.084  status=MET
[2026-08-15 19:15:03] [DEBUG   ] [sta_top_parser] [parser.py:130]   Parsing: 25_HOLD_TT_25C_ECO_DCACHE_TOP.rpt
[2026-08-15 19:15:03] [DEBUG   ] [sta_top_parser] [parser.py:209]     → design=DCACHE_TOP           corner=tt_0p90v_0p90v_25c                  check=hold   wns=+1.147  status=MET
[2026-08-15 19:15:03] [DEBUG   ] [sta_top_parser] [parser.py:130]   Parsing: 26_SETUP_SS_125C_SI_DCACHE_TOP.rpt
[2026-08-15 19:15:03] [DEBUG   ] [sta_top_parser] [parser.py:209]     → design=DCACHE_TOP           corner=ss_0p72v_0p72v_125c                 check=setup  wns=+1.095  status=MET
[2026-08-15 19:15:03] [DEBUG   ] [sta_top_parser] [parser.py:130]   Parsing: 27_HOLD_FF_N40C_SI_DCACHE_TOP.rpt
[2026-08-15 19:15:03] [DEBUG   ] [sta_top_parser] [parser.py:209]     → design=DCACHE_TOP           corner=ff_1p16v_1p16v_n40c                 check=hold   wns=+1.073  status=MET
[2026-08-15 19:15:03] [DEBUG   ] [sta_top_parser] [parser.py:130]   Parsing: 28_SETUP_SS_125C_FINAL_DCACHE_TOP.rpt
[2026-08-15 19:15:03] [DEBUG   ] [sta_top_parser] [parser.py:209]     → design=DCACHE_TOP           corner=ss_0p72v_0p72v_125c                 check=setup  wns=+1.083  status=MET
[2026-08-15 19:15:03] [DEBUG   ] [sta_top_parser] [parser.py:130]   Parsing: 29_HOLD_FF_N40C_FINAL_DCACHE_TOP.rpt
[2026-08-15 19:15:03] [DEBUG   ] [sta_top_parser] [parser.py:209]     → design=DCACHE_TOP           corner=ff_1p16v_1p16v_n40c                 check=hold   wns=+1.058  status=MET
[2026-08-15 19:15:03] [DEBUG   ] [sta_top_parser] [parser.py:130]   Parsing: 30_SETUP_TT_25C_FINAL_DCACHE_TOP.rpt
[2026-08-15 19:15:03] [DEBUG   ] [sta_top_parser] [parser.py:209]     → design=DCACHE_TOP           corner=tt_0p90v_0p90v_25c                  check=setup  wns=+1.136  status=MET
[2026-08-15 19:15:03] [DEBUG   ] [sta_top_parser] [parser.py:130]   Parsing: DCACHE_TIMING.rpt
[2026-08-15 19:15:03] [DEBUG   ] [sta_top_parser] [parser.py:209]     → design=N/A                  corner=N/A                                 check=N/A    wns=+0.000  status=UNKNOWN
[2026-08-15 19:15:03] [INFO    ] [sta_top_parser] [parser.py:294]   Parsed 31 / 31 report(s) OK
[2026-08-15 19:15:03] [INFO    ] [sta_top_parser] [dump_log.py:246] Dump log    → D:\Certificates\PD_STA_REPORTS\MEMORY\DCACHE\DCACHE_TOP_dump.log
[2026-08-15 19:15:03] [INFO    ] [sta_top_parser] [json_writer.py:75] JSON dump   → D:\Certificates\PD_STA_REPORTS\MEMORY\DCACHE\DCACHE_TOP_summary.json
[2026-08-15 19:15:03] [INFO    ] [sta_top_parser] [html_writer.py:361] HTML report → D:\Certificates\PD_STA_REPORTS\MEMORY\DCACHE\DCACHE_TOP_report.html
[2026-08-15 19:15:03] [INFO    ] [sta_top_parser] [sta_top_parser.py:328] [2/6] Scanning: MEMORY\DTLB
[2026-08-15 19:15:03] [INFO    ] [sta_top_parser] [parser.py:284]   Found 31 report file(s) in D:\Certificates\PD_STA_REPORTS\MEMORY\DTLB
[2026-08-15 19:15:03] [DEBUG   ] [sta_top_parser] [parser.py:130]   Parsing: 01_SETUP_SS_125C_DTLB_TOP.rpt
[2026-08-15 19:15:03] [DEBUG   ] [sta_top_parser] [parser.py:209]     → design=DTLB_TOP             corner=ss_0p72v_0p72v_125c                 check=setup  wns=+1.110  status=MET
[2026-08-15 19:15:03] [DEBUG   ] [sta_top_parser] [parser.py:130]   Parsing: 02_HOLD_FF_N40C_DTLB_TOP.rpt
[2026-08-15 19:15:03] [DEBUG   ] [sta_top_parser] [parser.py:209]     → design=DTLB_TOP             corner=ff_1p16v_1p16v_n40c                 check=hold   wns=+1.100  status=MET
[2026-08-15 19:15:03] [DEBUG   ] [sta_top_parser] [parser.py:130]   Parsing: 03_SETUP_TT_25C_DTLB_TOP.rpt
[2026-08-15 19:15:03] [DEBUG   ] [sta_top_parser] [parser.py:209]     → design=DTLB_TOP             corner=tt_0p90v_0p90v_25c                  check=setup  wns=+1.176  status=MET
[2026-08-15 19:15:03] [DEBUG   ] [sta_top_parser] [parser.py:130]   Parsing: 04_HOLD_TT_25C_DTLB_TOP.rpt
[2026-08-15 19:15:03] [DEBUG   ] [sta_top_parser] [parser.py:209]     → design=DTLB_TOP             corner=tt_0p90v_0p90v_25c                  check=hold   wns=+1.149  status=MET
[2026-08-15 19:15:03] [DEBUG   ] [sta_top_parser] [parser.py:130]   Parsing: 05_SETUP_SS_M40C_DTLB_TOP.rpt
[2026-08-15 19:15:03] [DEBUG   ] [sta_top_parser] [parser.py:209]     → design=DTLB_TOP             corner=ss_0p72v_0p72v_n40c                 check=setup  wns=+1.113  status=MET
[2026-08-15 19:15:03] [DEBUG   ] [sta_top_parser] [parser.py:130]   Parsing: 06_HOLD_FF_125C_DTLB_TOP.rpt
[2026-08-15 19:15:03] [DEBUG   ] [sta_top_parser] [parser.py:209]     → design=DTLB_TOP             corner=ff_1p16v_1p16v_125c                 check=hold   wns=+1.181  status=MET
[2026-08-15 19:15:03] [DEBUG   ] [sta_top_parser] [parser.py:130]   Parsing: 07_SETUP_LVSS_125C_DTLB_TOP.rpt
[2026-08-15 19:15:03] [DEBUG   ] [sta_top_parser] [parser.py:209]     → design=DTLB_TOP             corner=ss_0p63v_0p63v_125c                 check=setup  wns=+1.146  status=MET
[2026-08-15 19:15:03] [DEBUG   ] [sta_top_parser] [parser.py:130]   Parsing: 08_CG_CHECK_TT_25C_DTLB_TOP.rpt
[2026-08-15 19:15:03] [DEBUG   ] [sta_top_parser] [parser.py:209]     → design=DTLB_TOP             corner=tt_0p90v_0p90v_25c                  check=setup  wns=+1.110  status=MET
[2026-08-15 19:15:03] [DEBUG   ] [sta_top_parser] [parser.py:130]   Parsing: 09_RECOVERY_SS_125C_DTLB_TOP.rpt
[2026-08-15 19:15:03] [DEBUG   ] [sta_top_parser] [parser.py:209]     → design=DTLB_TOP             corner=ss_0p72v_0p72v_125c                 check=setup  wns=+1.131  status=MET
[2026-08-15 19:15:03] [DEBUG   ] [sta_top_parser] [parser.py:130]   Parsing: 10_MULTICYCLE_TT_25C_DTLB_TOP.rpt
[2026-08-15 19:15:03] [DEBUG   ] [sta_top_parser] [parser.py:209]     → design=DTLB_TOP             corner=tt_0p90v_0p90v_25c                  check=setup  wns=+1.076  status=MET
[2026-08-15 19:15:03] [DEBUG   ] [sta_top_parser] [parser.py:130]   Parsing: 11_SETUP_SS_125C_OCV_DTLB_TOP.rpt
[2026-08-15 19:15:03] [DEBUG   ] [sta_top_parser] [parser.py:209]     → design=DTLB_TOP             corner=ss_0p72v_0p72v_125c                 check=setup  wns=+1.144  status=MET
[2026-08-15 19:15:03] [DEBUG   ] [sta_top_parser] [parser.py:130]   Parsing: 12_HOLD_FF_N40C_OCV_DTLB_TOP.rpt
[2026-08-15 19:15:03] [DEBUG   ] [sta_top_parser] [parser.py:209]     → design=DTLB_TOP             corner=ff_1p16v_1p16v_n40c                 check=hold   wns=+1.086  status=MET
[2026-08-15 19:15:03] [DEBUG   ] [sta_top_parser] [parser.py:130]   Parsing: 13_SETUP_SS_125C_POCV_DTLB_TOP.rpt
[2026-08-15 19:15:03] [DEBUG   ] [sta_top_parser] [parser.py:209]     → design=DTLB_TOP             corner=ss_0p72v_0p72v_125c                 check=setup  wns=+1.100  status=MET
[2026-08-15 19:15:03] [DEBUG   ] [sta_top_parser] [parser.py:130]   Parsing: 14_HOLD_FF_N40C_POCV_DTLB_TOP.rpt
[2026-08-15 19:15:03] [DEBUG   ] [sta_top_parser] [parser.py:209]     → design=DTLB_TOP             corner=ff_1p16v_1p16v_n40c                 check=hold   wns=+1.118  status=MET
[2026-08-15 19:15:03] [DEBUG   ] [sta_top_parser] [parser.py:130]   Parsing: 15_SETUP_TT_85C_DTLB_TOP.rpt
[2026-08-15 19:15:03] [DEBUG   ] [sta_top_parser] [parser.py:209]     → design=DTLB_TOP             corner=tt_0p90v_0p90v_85c                  check=setup  wns=+1.126  status=MET
[2026-08-15 19:15:03] [DEBUG   ] [sta_top_parser] [parser.py:130]   Parsing: 16_HOLD_TT_85C_DTLB_TOP.rpt
[2026-08-15 19:15:03] [DEBUG   ] [sta_top_parser] [parser.py:209]     → design=DTLB_TOP             corner=tt_0p90v_0p90v_85c                  check=hold   wns=+1.086  status=MET
[2026-08-15 19:15:03] [DEBUG   ] [sta_top_parser] [parser.py:130]   Parsing: 17_SETUP_FF_125C_DTLB_TOP.rpt
[2026-08-15 19:15:03] [DEBUG   ] [sta_top_parser] [parser.py:209]     → design=DTLB_TOP             corner=ff_1p16v_1p16v_125c                 check=setup  wns=+1.090  status=MET
[2026-08-15 19:15:03] [DEBUG   ] [sta_top_parser] [parser.py:130]   Parsing: 18_HOLD_SS_125C_DTLB_TOP.rpt
[2026-08-15 19:15:03] [DEBUG   ] [sta_top_parser] [parser.py:209]     → design=DTLB_TOP             corner=ss_0p72v_0p72v_125c                 check=hold   wns=+1.060  status=MET
[2026-08-15 19:15:03] [DEBUG   ] [sta_top_parser] [parser.py:130]   Parsing: 19_SETUP_LVSS_N40C_DTLB_TOP.rpt
[2026-08-15 19:15:03] [DEBUG   ] [sta_top_parser] [parser.py:209]     → design=DTLB_TOP             corner=ss_0p63v_0p63v_n40c                 check=setup  wns=+1.134  status=MET
[2026-08-15 19:15:03] [DEBUG   ] [sta_top_parser] [parser.py:130]   Parsing: 20_HOLD_LVFF_N40C_DTLB_TOP.rpt
[2026-08-15 19:15:03] [DEBUG   ] [sta_top_parser] [parser.py:209]     → design=DTLB_TOP             corner=ff_1p32v_1p32v_n40c                 check=hold   wns=+1.087  status=MET
[2026-08-15 19:15:03] [DEBUG   ] [sta_top_parser] [parser.py:130]   Parsing: 21_CG_CHECK_SS_125C_DTLB_TOP.rpt
[2026-08-15 19:15:03] [DEBUG   ] [sta_top_parser] [parser.py:209]     → design=DTLB_TOP             corner=ss_0p72v_0p72v_125c                 check=setup  wns=+1.065  status=MET
[2026-08-15 19:15:03] [DEBUG   ] [sta_top_parser] [parser.py:130]   Parsing: 22_RECOVERY_TT_25C_DTLB_TOP.rpt
[2026-08-15 19:15:03] [DEBUG   ] [sta_top_parser] [parser.py:209]     → design=DTLB_TOP             corner=tt_0p90v_0p90v_25c                  check=setup  wns=+1.125  status=MET
[2026-08-15 19:15:03] [DEBUG   ] [sta_top_parser] [parser.py:130]   Parsing: 23_MULTICYCLE_SS_125C_DTLB_TOP.rpt
[2026-08-15 19:15:03] [DEBUG   ] [sta_top_parser] [parser.py:209]     → design=DTLB_TOP             corner=ss_0p72v_0p72v_125c                 check=setup  wns=+1.127  status=MET
[2026-08-15 19:15:03] [DEBUG   ] [sta_top_parser] [parser.py:130]   Parsing: 24_SETUP_TT_25C_ECO_DTLB_TOP.rpt
[2026-08-15 19:15:03] [DEBUG   ] [sta_top_parser] [parser.py:209]     → design=DTLB_TOP             corner=tt_0p90v_0p90v_25c                  check=setup  wns=+1.075  status=MET
[2026-08-15 19:15:03] [DEBUG   ] [sta_top_parser] [parser.py:130]   Parsing: 25_HOLD_TT_25C_ECO_DTLB_TOP.rpt
[2026-08-15 19:15:03] [DEBUG   ] [sta_top_parser] [parser.py:209]     → design=DTLB_TOP             corner=tt_0p90v_0p90v_25c                  check=hold   wns=+1.064  status=MET
[2026-08-15 19:15:03] [DEBUG   ] [sta_top_parser] [parser.py:130]   Parsing: 26_SETUP_SS_125C_SI_DTLB_TOP.rpt
[2026-08-15 19:15:03] [DEBUG   ] [sta_top_parser] [parser.py:209]     → design=DTLB_TOP             corner=ss_0p72v_0p72v_125c                 check=setup  wns=+1.115  status=MET
[2026-08-15 19:15:03] [DEBUG   ] [sta_top_parser] [parser.py:130]   Parsing: 27_HOLD_FF_N40C_SI_DTLB_TOP.rpt
[2026-08-15 19:15:03] [DEBUG   ] [sta_top_parser] [parser.py:209]     → design=DTLB_TOP             corner=ff_1p16v_1p16v_n40c                 check=hold   wns=+1.125  status=MET
[2026-08-15 19:15:03] [DEBUG   ] [sta_top_parser] [parser.py:130]   Parsing: 28_SETUP_SS_125C_FINAL_DTLB_TOP.rpt
[2026-08-15 19:15:03] [DEBUG   ] [sta_top_parser] [parser.py:209]     → design=DTLB_TOP             corner=ss_0p72v_0p72v_125c                 check=setup  wns=+1.118  status=MET
[2026-08-15 19:15:03] [DEBUG   ] [sta_top_parser] [parser.py:130]   Parsing: 29_HOLD_FF_N40C_FINAL_DTLB_TOP.rpt
[2026-08-15 19:15:03] [DEBUG   ] [sta_top_parser] [parser.py:209]     → design=DTLB_TOP             corner=ff_1p16v_1p16v_n40c                 check=hold   wns=+1.106  status=MET
[2026-08-15 19:15:03] [DEBUG   ] [sta_top_parser] [parser.py:130]   Parsing: 30_SETUP_TT_25C_FINAL_DTLB_TOP.rpt
[2026-08-15 19:15:03] [DEBUG   ] [sta_top_parser] [parser.py:209]     → design=DTLB_TOP             corner=tt_0p90v_0p90v_25c                  check=setup  wns=+1.100  status=MET
[2026-08-15 19:15:03] [DEBUG   ] [sta_top_parser] [parser.py:130]   Parsing: DTLB_TIMING.rpt
[2026-08-15 19:15:03] [DEBUG   ] [sta_top_parser] [parser.py:209]     → design=N/A                  corner=N/A                                 check=N/A    wns=+0.000  status=UNKNOWN
[2026-08-15 19:15:03] [INFO    ] [sta_top_parser] [parser.py:294]   Parsed 31 / 31 report(s) OK
[2026-08-15 19:15:03] [INFO    ] [sta_top_parser] [dump_log.py:246] Dump log    → D:\Certificates\PD_STA_REPORTS\MEMORY\DTLB\DTLB_TOP_dump.log
[2026-08-15 19:15:03] [INFO    ] [sta_top_parser] [json_writer.py:75] JSON dump   → D:\Certificates\PD_STA_REPORTS\MEMORY\DTLB\DTLB_TOP_summary.json
[2026-08-15 19:15:03] [INFO    ] [sta_top_parser] [html_writer.py:361] HTML report → D:\Certificates\PD_STA_REPORTS\MEMORY\DTLB\DTLB_TOP_report.html
[2026-08-15 19:15:03] [INFO    ] [sta_top_parser] [sta_top_parser.py:328] [3/6] Scanning: MEMORY\LDQ
[2026-08-15 19:15:03] [INFO    ] [sta_top_parser] [parser.py:284]   Found 31 report file(s) in D:\Certificates\PD_STA_REPORTS\MEMORY\LDQ
[2026-08-15 19:15:03] [DEBUG   ] [sta_top_parser] [parser.py:130]   Parsing: 01_SETUP_SS_125C_LDQ_TOP.rpt
[2026-08-15 19:15:03] [DEBUG   ] [sta_top_parser] [parser.py:209]     → design=LDQ_TOP              corner=ss_0p72v_0p72v_125c                 check=setup  wns=+1.157  status=MET
[2026-08-15 19:15:03] [DEBUG   ] [sta_top_parser] [parser.py:130]   Parsing: 02_HOLD_FF_N40C_LDQ_TOP.rpt
[2026-08-15 19:15:03] [DEBUG   ] [sta_top_parser] [parser.py:209]     → design=LDQ_TOP              corner=ff_1p16v_1p16v_n40c                 check=hold   wns=+1.120  status=MET
[2026-08-15 19:15:03] [DEBUG   ] [sta_top_parser] [parser.py:130]   Parsing: 03_SETUP_TT_25C_LDQ_TOP.rpt
[2026-08-15 19:15:03] [DEBUG   ] [sta_top_parser] [parser.py:209]     → design=LDQ_TOP              corner=tt_0p90v_0p90v_25c                  check=setup  wns=+1.095  status=MET
[2026-08-15 19:15:03] [DEBUG   ] [sta_top_parser] [parser.py:130]   Parsing: 04_HOLD_TT_25C_LDQ_TOP.rpt
[2026-08-15 19:15:03] [DEBUG   ] [sta_top_parser] [parser.py:209]     → design=LDQ_TOP              corner=tt_0p90v_0p90v_25c                  check=hold   wns=+1.113  status=MET
[2026-08-15 19:15:03] [DEBUG   ] [sta_top_parser] [parser.py:130]   Parsing: 05_SETUP_SS_M40C_LDQ_TOP.rpt
[2026-08-15 19:15:03] [DEBUG   ] [sta_top_parser] [parser.py:209]     → design=LDQ_TOP              corner=ss_0p72v_0p72v_n40c                 check=setup  wns=+1.088  status=MET
[2026-08-15 19:15:03] [DEBUG   ] [sta_top_parser] [parser.py:130]   Parsing: 06_HOLD_FF_125C_LDQ_TOP.rpt
[2026-08-15 19:15:03] [DEBUG   ] [sta_top_parser] [parser.py:209]     → design=LDQ_TOP              corner=ff_1p16v_1p16v_125c                 check=hold   wns=+1.124  status=MET
[2026-08-15 19:15:03] [DEBUG   ] [sta_top_parser] [parser.py:130]   Parsing: 07_SETUP_LVSS_125C_LDQ_TOP.rpt
[2026-08-15 19:15:03] [DEBUG   ] [sta_top_parser] [parser.py:209]     → design=LDQ_TOP              corner=ss_0p63v_0p63v_125c                 check=setup  wns=+1.100  status=MET
[2026-08-15 19:15:03] [DEBUG   ] [sta_top_parser] [parser.py:130]   Parsing: 08_CG_CHECK_TT_25C_LDQ_TOP.rpt
[2026-08-15 19:15:03] [DEBUG   ] [sta_top_parser] [parser.py:209]     → design=LDQ_TOP              corner=tt_0p90v_0p90v_25c                  check=setup  wns=+1.152  status=MET
[2026-08-15 19:15:03] [DEBUG   ] [sta_top_parser] [parser.py:130]   Parsing: 09_RECOVERY_SS_125C_LDQ_TOP.rpt
[2026-08-15 19:15:03] [DEBUG   ] [sta_top_parser] [parser.py:209]     → design=LDQ_TOP              corner=ss_0p72v_0p72v_125c                 check=setup  wns=+1.015  status=MET
[2026-08-15 19:15:03] [DEBUG   ] [sta_top_parser] [parser.py:130]   Parsing: 10_MULTICYCLE_TT_25C_LDQ_TOP.rpt
[2026-08-15 19:15:03] [DEBUG   ] [sta_top_parser] [parser.py:209]     → design=LDQ_TOP              corner=tt_0p90v_0p90v_25c                  check=setup  wns=+1.080  status=MET
[2026-08-15 19:15:03] [DEBUG   ] [sta_top_parser] [parser.py:130]   Parsing: 11_SETUP_SS_125C_OCV_LDQ_TOP.rpt
[2026-08-15 19:15:03] [DEBUG   ] [sta_top_parser] [parser.py:209]     → design=LDQ_TOP              corner=ss_0p72v_0p72v_125c                 check=setup  wns=+1.042  status=MET
[2026-08-15 19:15:03] [DEBUG   ] [sta_top_parser] [parser.py:130]   Parsing: 12_HOLD_FF_N40C_OCV_LDQ_TOP.rpt
[2026-08-15 19:15:03] [DEBUG   ] [sta_top_parser] [parser.py:209]     → design=LDQ_TOP              corner=ff_1p16v_1p16v_n40c                 check=hold   wns=+1.147  status=MET
[2026-08-15 19:15:03] [DEBUG   ] [sta_top_parser] [parser.py:130]   Parsing: 13_SETUP_SS_125C_POCV_LDQ_TOP.rpt
[2026-08-15 19:15:03] [DEBUG   ] [sta_top_parser] [parser.py:209]     → design=LDQ_TOP              corner=ss_0p72v_0p72v_125c                 check=setup  wns=+1.078  status=MET
[2026-08-15 19:15:03] [DEBUG   ] [sta_top_parser] [parser.py:130]   Parsing: 14_HOLD_FF_N40C_POCV_LDQ_TOP.rpt
[2026-08-15 19:15:03] [DEBUG   ] [sta_top_parser] [parser.py:209]     → design=LDQ_TOP              corner=ff_1p16v_1p16v_n40c                 check=hold   wns=+1.017  status=MET
[2026-08-15 19:15:03] [DEBUG   ] [sta_top_parser] [parser.py:130]   Parsing: 15_SETUP_TT_85C_LDQ_TOP.rpt
[2026-08-15 19:15:03] [DEBUG   ] [sta_top_parser] [parser.py:209]     → design=LDQ_TOP              corner=tt_0p90v_0p90v_85c                  check=setup  wns=+1.142  status=MET
[2026-08-15 19:15:03] [DEBUG   ] [sta_top_parser] [parser.py:130]   Parsing: 16_HOLD_TT_85C_LDQ_TOP.rpt
[2026-08-15 19:15:03] [DEBUG   ] [sta_top_parser] [parser.py:209]     → design=LDQ_TOP              corner=tt_0p90v_0p90v_85c                  check=hold   wns=+1.128  status=MET
[2026-08-15 19:15:03] [DEBUG   ] [sta_top_parser] [parser.py:130]   Parsing: 17_SETUP_FF_125C_LDQ_TOP.rpt
[2026-08-15 19:15:03] [DEBUG   ] [sta_top_parser] [parser.py:209]     → design=LDQ_TOP              corner=ff_1p16v_1p16v_125c                 check=setup  wns=+1.139  status=MET
[2026-08-15 19:15:03] [DEBUG   ] [sta_top_parser] [parser.py:130]   Parsing: 18_HOLD_SS_125C_LDQ_TOP.rpt
[2026-08-15 19:15:03] [DEBUG   ] [sta_top_parser] [parser.py:209]     → design=LDQ_TOP              corner=ss_0p72v_0p72v_125c                 check=hold   wns=+1.068  status=MET
[2026-08-15 19:15:03] [DEBUG   ] [sta_top_parser] [parser.py:130]   Parsing: 19_SETUP_LVSS_N40C_LDQ_TOP.rpt
[2026-08-15 19:15:03] [DEBUG   ] [sta_top_parser] [parser.py:209]     → design=LDQ_TOP              corner=ss_0p63v_0p63v_n40c                 check=setup  wns=+1.149  status=MET
[2026-08-15 19:15:03] [DEBUG   ] [sta_top_parser] [parser.py:130]   Parsing: 20_HOLD_LVFF_N40C_LDQ_TOP.rpt
[2026-08-15 19:15:03] [DEBUG   ] [sta_top_parser] [parser.py:209]     → design=LDQ_TOP              corner=ff_1p32v_1p32v_n40c                 check=hold   wns=+1.134  status=MET
[2026-08-15 19:15:03] [DEBUG   ] [sta_top_parser] [parser.py:130]   Parsing: 21_CG_CHECK_SS_125C_LDQ_TOP.rpt
[2026-08-15 19:15:03] [DEBUG   ] [sta_top_parser] [parser.py:209]     → design=LDQ_TOP              corner=ss_0p72v_0p72v_125c                 check=setup  wns=+1.130  status=MET
[2026-08-15 19:15:03] [DEBUG   ] [sta_top_parser] [parser.py:130]   Parsing: 22_RECOVERY_TT_25C_LDQ_TOP.rpt
[2026-08-15 19:15:03] [DEBUG   ] [sta_top_parser] [parser.py:209]     → design=LDQ_TOP              corner=tt_0p90v_0p90v_25c                  check=setup  wns=+1.093  status=MET
[2026-08-15 19:15:03] [DEBUG   ] [sta_top_parser] [parser.py:130]   Parsing: 23_MULTICYCLE_SS_125C_LDQ_TOP.rpt
[2026-08-15 19:15:03] [DEBUG   ] [sta_top_parser] [parser.py:209]     → design=LDQ_TOP              corner=ss_0p72v_0p72v_125c                 check=setup  wns=+1.077  status=MET
[2026-08-15 19:15:03] [DEBUG   ] [sta_top_parser] [parser.py:130]   Parsing: 24_SETUP_TT_25C_ECO_LDQ_TOP.rpt
[2026-08-15 19:15:03] [DEBUG   ] [sta_top_parser] [parser.py:209]     → design=LDQ_TOP              corner=tt_0p90v_0p90v_25c                  check=setup  wns=+1.044  status=MET
[2026-08-15 19:15:03] [DEBUG   ] [sta_top_parser] [parser.py:130]   Parsing: 25_HOLD_TT_25C_ECO_LDQ_TOP.rpt
[2026-08-15 19:15:03] [DEBUG   ] [sta_top_parser] [parser.py:209]     → design=LDQ_TOP              corner=tt_0p90v_0p90v_25c                  check=hold   wns=+1.113  status=MET
[2026-08-15 19:15:03] [DEBUG   ] [sta_top_parser] [parser.py:130]   Parsing: 26_SETUP_SS_125C_SI_LDQ_TOP.rpt
[2026-08-15 19:15:03] [DEBUG   ] [sta_top_parser] [parser.py:209]     → design=LDQ_TOP              corner=ss_0p72v_0p72v_125c                 check=setup  wns=+1.105  status=MET
[2026-08-15 19:15:03] [DEBUG   ] [sta_top_parser] [parser.py:130]   Parsing: 27_HOLD_FF_N40C_SI_LDQ_TOP.rpt
[2026-08-15 19:15:03] [DEBUG   ] [sta_top_parser] [parser.py:209]     → design=LDQ_TOP              corner=ff_1p16v_1p16v_n40c                 check=hold   wns=+1.129  status=MET
[2026-08-15 19:15:03] [DEBUG   ] [sta_top_parser] [parser.py:130]   Parsing: 28_SETUP_SS_125C_FINAL_LDQ_TOP.rpt
[2026-08-15 19:15:03] [DEBUG   ] [sta_top_parser] [parser.py:209]     → design=LDQ_TOP              corner=ss_0p72v_0p72v_125c                 check=setup  wns=+1.061  status=MET
[2026-08-15 19:15:03] [DEBUG   ] [sta_top_parser] [parser.py:130]   Parsing: 29_HOLD_FF_N40C_FINAL_LDQ_TOP.rpt
[2026-08-15 19:15:03] [DEBUG   ] [sta_top_parser] [parser.py:209]     → design=LDQ_TOP              corner=ff_1p16v_1p16v_n40c                 check=hold   wns=+1.096  status=MET
[2026-08-15 19:15:03] [DEBUG   ] [sta_top_parser] [parser.py:130]   Parsing: 30_SETUP_TT_25C_FINAL_LDQ_TOP.rpt
[2026-08-15 19:15:03] [DEBUG   ] [sta_top_parser] [parser.py:209]     → design=LDQ_TOP              corner=tt_0p90v_0p90v_25c                  check=setup  wns=+1.105  status=MET
[2026-08-15 19:15:03] [DEBUG   ] [sta_top_parser] [parser.py:130]   Parsing: LDQ_TIMING.rpt
[2026-08-15 19:15:03] [DEBUG   ] [sta_top_parser] [parser.py:209]     → design=N/A                  corner=N/A                                 check=N/A    wns=+0.000  status=UNKNOWN
[2026-08-15 19:15:03] [INFO    ] [sta_top_parser] [parser.py:294]   Parsed 31 / 31 report(s) OK
[2026-08-15 19:15:03] [INFO    ] [sta_top_parser] [dump_log.py:246] Dump log    → D:\Certificates\PD_STA_REPORTS\MEMORY\LDQ\LDQ_TOP_dump.log
[2026-08-15 19:15:03] [INFO    ] [sta_top_parser] [json_writer.py:75] JSON dump   → D:\Certificates\PD_STA_REPORTS\MEMORY\LDQ\LDQ_TOP_summary.json
[2026-08-15 19:15:03] [INFO    ] [sta_top_parser] [html_writer.py:361] HTML report → D:\Certificates\PD_STA_REPORTS\MEMORY\LDQ\LDQ_TOP_report.html
[2026-08-15 19:15:03] [INFO    ] [sta_top_parser] [sta_top_parser.py:328] [4/6] Scanning: MEMORY\MOB
[2026-08-15 19:15:03] [INFO    ] [sta_top_parser] [parser.py:284]   Found 31 report file(s) in D:\Certificates\PD_STA_REPORTS\MEMORY\MOB
[2026-08-15 19:15:03] [DEBUG   ] [sta_top_parser] [parser.py:130]   Parsing: 01_SETUP_SS_125C_MOB_TOP.rpt
[2026-08-15 19:15:03] [DEBUG   ] [sta_top_parser] [parser.py:209]     → design=MOB_TOP              corner=ss_0p72v_0p72v_125c                 check=setup  wns=+1.105  status=MET
[2026-08-15 19:15:03] [DEBUG   ] [sta_top_parser] [parser.py:130]   Parsing: 02_HOLD_FF_N40C_MOB_TOP.rpt
[2026-08-15 19:15:03] [DEBUG   ] [sta_top_parser] [parser.py:209]     → design=MOB_TOP              corner=ff_1p16v_1p16v_n40c                 check=hold   wns=+1.099  status=MET
[2026-08-15 19:15:03] [DEBUG   ] [sta_top_parser] [parser.py:130]   Parsing: 03_SETUP_TT_25C_MOB_TOP.rpt
[2026-08-15 19:15:03] [DEBUG   ] [sta_top_parser] [parser.py:209]     → design=MOB_TOP              corner=tt_0p90v_0p90v_25c                  check=setup  wns=+1.111  status=MET
[2026-08-15 19:15:03] [DEBUG   ] [sta_top_parser] [parser.py:130]   Parsing: 04_HOLD_TT_25C_MOB_TOP.rpt
[2026-08-15 19:15:03] [DEBUG   ] [sta_top_parser] [parser.py:209]     → design=MOB_TOP              corner=tt_0p90v_0p90v_25c                  check=hold   wns=+1.089  status=MET
[2026-08-15 19:15:03] [DEBUG   ] [sta_top_parser] [parser.py:130]   Parsing: 05_SETUP_SS_M40C_MOB_TOP.rpt
[2026-08-15 19:15:03] [DEBUG   ] [sta_top_parser] [parser.py:209]     → design=MOB_TOP              corner=ss_0p72v_0p72v_n40c                 check=setup  wns=+1.072  status=MET
[2026-08-15 19:15:03] [DEBUG   ] [sta_top_parser] [parser.py:130]   Parsing: 06_HOLD_FF_125C_MOB_TOP.rpt
[2026-08-15 19:15:03] [DEBUG   ] [sta_top_parser] [parser.py:209]     → design=MOB_TOP              corner=ff_1p16v_1p16v_125c                 check=hold   wns=+1.071  status=MET
[2026-08-15 19:15:03] [DEBUG   ] [sta_top_parser] [parser.py:130]   Parsing: 07_SETUP_LVSS_125C_MOB_TOP.rpt
[2026-08-15 19:15:03] [DEBUG   ] [sta_top_parser] [parser.py:209]     → design=MOB_TOP              corner=ss_0p63v_0p63v_125c                 check=setup  wns=+1.104  status=MET
[2026-08-15 19:15:03] [DEBUG   ] [sta_top_parser] [parser.py:130]   Parsing: 08_CG_CHECK_TT_25C_MOB_TOP.rpt
[2026-08-15 19:15:03] [DEBUG   ] [sta_top_parser] [parser.py:209]     → design=MOB_TOP              corner=tt_0p90v_0p90v_25c                  check=setup  wns=+1.129  status=MET
[2026-08-15 19:15:03] [DEBUG   ] [sta_top_parser] [parser.py:130]   Parsing: 09_RECOVERY_SS_125C_MOB_TOP.rpt
[2026-08-15 19:15:03] [DEBUG   ] [sta_top_parser] [parser.py:209]     → design=MOB_TOP              corner=ss_0p72v_0p72v_125c                 check=setup  wns=+1.163  status=MET
[2026-08-15 19:15:03] [DEBUG   ] [sta_top_parser] [parser.py:130]   Parsing: 10_MULTICYCLE_TT_25C_MOB_TOP.rpt
[2026-08-15 19:15:03] [DEBUG   ] [sta_top_parser] [parser.py:209]     → design=MOB_TOP              corner=tt_0p90v_0p90v_25c                  check=setup  wns=+1.065  status=MET
[2026-08-15 19:15:03] [DEBUG   ] [sta_top_parser] [parser.py:130]   Parsing: 11_SETUP_SS_125C_OCV_MOB_TOP.rpt
[2026-08-15 19:15:03] [DEBUG   ] [sta_top_parser] [parser.py:209]     → design=MOB_TOP              corner=ss_0p72v_0p72v_125c                 check=setup  wns=+1.107  status=MET
[2026-08-15 19:15:03] [DEBUG   ] [sta_top_parser] [parser.py:130]   Parsing: 12_HOLD_FF_N40C_OCV_MOB_TOP.rpt
[2026-08-15 19:15:03] [DEBUG   ] [sta_top_parser] [parser.py:209]     → design=MOB_TOP              corner=ff_1p16v_1p16v_n40c                 check=hold   wns=+1.082  status=MET
[2026-08-15 19:15:03] [DEBUG   ] [sta_top_parser] [parser.py:130]   Parsing: 13_SETUP_SS_125C_POCV_MOB_TOP.rpt
[2026-08-15 19:15:03] [DEBUG   ] [sta_top_parser] [parser.py:209]     → design=MOB_TOP              corner=ss_0p72v_0p72v_125c                 check=setup  wns=+1.075  status=MET
[2026-08-15 19:15:03] [DEBUG   ] [sta_top_parser] [parser.py:130]   Parsing: 14_HOLD_FF_N40C_POCV_MOB_TOP.rpt
[2026-08-15 19:15:03] [DEBUG   ] [sta_top_parser] [parser.py:209]     → design=MOB_TOP              corner=ff_1p16v_1p16v_n40c                 check=hold   wns=+1.055  status=MET
[2026-08-15 19:15:03] [DEBUG   ] [sta_top_parser] [parser.py:130]   Parsing: 15_SETUP_TT_85C_MOB_TOP.rpt
[2026-08-15 19:15:03] [DEBUG   ] [sta_top_parser] [parser.py:209]     → design=MOB_TOP              corner=tt_0p90v_0p90v_85c                  check=setup  wns=+1.112  status=MET
[2026-08-15 19:15:03] [DEBUG   ] [sta_top_parser] [parser.py:130]   Parsing: 16_HOLD_TT_85C_MOB_TOP.rpt
[2026-08-15 19:15:03] [DEBUG   ] [sta_top_parser] [parser.py:209]     → design=MOB_TOP              corner=tt_0p90v_0p90v_85c                  check=hold   wns=+1.076  status=MET
[2026-08-15 19:15:03] [DEBUG   ] [sta_top_parser] [parser.py:130]   Parsing: 17_SETUP_FF_125C_MOB_TOP.rpt
[2026-08-15 19:15:03] [DEBUG   ] [sta_top_parser] [parser.py:209]     → design=MOB_TOP              corner=ff_1p16v_1p16v_125c                 check=setup  wns=+1.077  status=MET
[2026-08-15 19:15:03] [DEBUG   ] [sta_top_parser] [parser.py:130]   Parsing: 18_HOLD_SS_125C_MOB_TOP.rpt
[2026-08-15 19:15:03] [DEBUG   ] [sta_top_parser] [parser.py:209]     → design=MOB_TOP              corner=ss_0p72v_0p72v_125c                 check=hold   wns=+1.113  status=MET
[2026-08-15 19:15:03] [DEBUG   ] [sta_top_parser] [parser.py:130]   Parsing: 19_SETUP_LVSS_N40C_MOB_TOP.rpt
[2026-08-15 19:15:03] [DEBUG   ] [sta_top_parser] [parser.py:209]     → design=MOB_TOP              corner=ss_0p63v_0p63v_n40c                 check=setup  wns=+1.142  status=MET
[2026-08-15 19:15:03] [DEBUG   ] [sta_top_parser] [parser.py:130]   Parsing: 20_HOLD_LVFF_N40C_MOB_TOP.rpt
[2026-08-15 19:15:03] [DEBUG   ] [sta_top_parser] [parser.py:209]     → design=MOB_TOP              corner=ff_1p32v_1p32v_n40c                 check=hold   wns=+1.154  status=MET
[2026-08-15 19:15:03] [DEBUG   ] [sta_top_parser] [parser.py:130]   Parsing: 21_CG_CHECK_SS_125C_MOB_TOP.rpt
[2026-08-15 19:15:03] [DEBUG   ] [sta_top_parser] [parser.py:209]     → design=MOB_TOP              corner=ss_0p72v_0p72v_125c                 check=setup  wns=+1.142  status=MET
[2026-08-15 19:15:03] [DEBUG   ] [sta_top_parser] [parser.py:130]   Parsing: 22_RECOVERY_TT_25C_MOB_TOP.rpt
[2026-08-15 19:15:03] [DEBUG   ] [sta_top_parser] [parser.py:209]     → design=MOB_TOP              corner=tt_0p90v_0p90v_25c                  check=setup  wns=+1.044  status=MET
[2026-08-15 19:15:03] [DEBUG   ] [sta_top_parser] [parser.py:130]   Parsing: 23_MULTICYCLE_SS_125C_MOB_TOP.rpt
[2026-08-15 19:15:03] [DEBUG   ] [sta_top_parser] [parser.py:209]     → design=MOB_TOP              corner=ss_0p72v_0p72v_125c                 check=setup  wns=+1.147  status=MET
[2026-08-15 19:15:03] [DEBUG   ] [sta_top_parser] [parser.py:130]   Parsing: 24_SETUP_TT_25C_ECO_MOB_TOP.rpt
[2026-08-15 19:15:03] [DEBUG   ] [sta_top_parser] [parser.py:209]     → design=MOB_TOP              corner=tt_0p90v_0p90v_25c                  check=setup  wns=+1.109  status=MET
[2026-08-15 19:15:03] [DEBUG   ] [sta_top_parser] [parser.py:130]   Parsing: 25_HOLD_TT_25C_ECO_MOB_TOP.rpt
[2026-08-15 19:15:03] [DEBUG   ] [sta_top_parser] [parser.py:209]     → design=MOB_TOP              corner=tt_0p90v_0p90v_25c                  check=hold   wns=+1.135  status=MET
[2026-08-15 19:15:03] [DEBUG   ] [sta_top_parser] [parser.py:130]   Parsing: 26_SETUP_SS_125C_SI_MOB_TOP.rpt
[2026-08-15 19:15:03] [DEBUG   ] [sta_top_parser] [parser.py:209]     → design=MOB_TOP              corner=ss_0p72v_0p72v_125c                 check=setup  wns=+1.127  status=MET
[2026-08-15 19:15:03] [DEBUG   ] [sta_top_parser] [parser.py:130]   Parsing: 27_HOLD_FF_N40C_SI_MOB_TOP.rpt
[2026-08-15 19:15:03] [DEBUG   ] [sta_top_parser] [parser.py:209]     → design=MOB_TOP              corner=ff_1p16v_1p16v_n40c                 check=hold   wns=+1.085  status=MET
[2026-08-15 19:15:03] [DEBUG   ] [sta_top_parser] [parser.py:130]   Parsing: 28_SETUP_SS_125C_FINAL_MOB_TOP.rpt
[2026-08-15 19:15:03] [DEBUG   ] [sta_top_parser] [parser.py:209]     → design=MOB_TOP              corner=ss_0p72v_0p72v_125c                 check=setup  wns=+1.130  status=MET
[2026-08-15 19:15:03] [DEBUG   ] [sta_top_parser] [parser.py:130]   Parsing: 29_HOLD_FF_N40C_FINAL_MOB_TOP.rpt
[2026-08-15 19:15:03] [DEBUG   ] [sta_top_parser] [parser.py:209]     → design=MOB_TOP              corner=ff_1p16v_1p16v_n40c                 check=hold   wns=+1.097  status=MET
[2026-08-15 19:15:03] [DEBUG   ] [sta_top_parser] [parser.py:130]   Parsing: 30_SETUP_TT_25C_FINAL_MOB_TOP.rpt
[2026-08-15 19:15:03] [DEBUG   ] [sta_top_parser] [parser.py:209]     → design=MOB_TOP              corner=tt_0p90v_0p90v_25c                  check=setup  wns=+1.096  status=MET
[2026-08-15 19:15:03] [DEBUG   ] [sta_top_parser] [parser.py:130]   Parsing: MOB_TIMING.rpt
[2026-08-15 19:15:03] [DEBUG   ] [sta_top_parser] [parser.py:209]     → design=N/A                  corner=N/A                                 check=N/A    wns=+0.000  status=UNKNOWN
[2026-08-15 19:15:03] [INFO    ] [sta_top_parser] [parser.py:294]   Parsed 31 / 31 report(s) OK
[2026-08-15 19:15:03] [INFO    ] [sta_top_parser] [dump_log.py:246] Dump log    → D:\Certificates\PD_STA_REPORTS\MEMORY\MOB\MOB_TOP_dump.log
[2026-08-15 19:15:03] [INFO    ] [sta_top_parser] [json_writer.py:75] JSON dump   → D:\Certificates\PD_STA_REPORTS\MEMORY\MOB\MOB_TOP_summary.json
[2026-08-15 19:15:03] [INFO    ] [sta_top_parser] [html_writer.py:361] HTML report → D:\Certificates\PD_STA_REPORTS\MEMORY\MOB\MOB_TOP_report.html
[2026-08-15 19:15:03] [INFO    ] [sta_top_parser] [sta_top_parser.py:328] [5/6] Scanning: MEMORY\MSHR
[2026-08-15 19:15:03] [INFO    ] [sta_top_parser] [parser.py:284]   Found 31 report file(s) in D:\Certificates\PD_STA_REPORTS\MEMORY\MSHR
[2026-08-15 19:15:03] [DEBUG   ] [sta_top_parser] [parser.py:130]   Parsing: 01_SETUP_SS_125C_MSHR_TOP.rpt
[2026-08-15 19:15:03] [DEBUG   ] [sta_top_parser] [parser.py:209]     → design=MSHR_TOP             corner=ss_0p72v_0p72v_125c                 check=setup  wns=+1.130  status=MET
[2026-08-15 19:15:03] [DEBUG   ] [sta_top_parser] [parser.py:130]   Parsing: 02_HOLD_FF_N40C_MSHR_TOP.rpt
[2026-08-15 19:15:03] [DEBUG   ] [sta_top_parser] [parser.py:209]     → design=MSHR_TOP             corner=ff_1p16v_1p16v_n40c                 check=hold   wns=+1.063  status=MET
[2026-08-15 19:15:03] [DEBUG   ] [sta_top_parser] [parser.py:130]   Parsing: 03_SETUP_TT_25C_MSHR_TOP.rpt
[2026-08-15 19:15:03] [DEBUG   ] [sta_top_parser] [parser.py:209]     → design=MSHR_TOP             corner=tt_0p90v_0p90v_25c                  check=setup  wns=+1.139  status=MET
[2026-08-15 19:15:03] [DEBUG   ] [sta_top_parser] [parser.py:130]   Parsing: 04_HOLD_TT_25C_MSHR_TOP.rpt
[2026-08-15 19:15:03] [DEBUG   ] [sta_top_parser] [parser.py:209]     → design=MSHR_TOP             corner=tt_0p90v_0p90v_25c                  check=hold   wns=+1.161  status=MET
[2026-08-15 19:15:03] [DEBUG   ] [sta_top_parser] [parser.py:130]   Parsing: 05_SETUP_SS_M40C_MSHR_TOP.rpt
[2026-08-15 19:15:03] [DEBUG   ] [sta_top_parser] [parser.py:209]     → design=MSHR_TOP             corner=ss_0p72v_0p72v_n40c                 check=setup  wns=+1.056  status=MET
[2026-08-15 19:15:03] [DEBUG   ] [sta_top_parser] [parser.py:130]   Parsing: 06_HOLD_FF_125C_MSHR_TOP.rpt
[2026-08-15 19:15:03] [DEBUG   ] [sta_top_parser] [parser.py:209]     → design=MSHR_TOP             corner=ff_1p16v_1p16v_125c                 check=hold   wns=+1.025  status=MET
[2026-08-15 19:15:03] [DEBUG   ] [sta_top_parser] [parser.py:130]   Parsing: 07_SETUP_LVSS_125C_MSHR_TOP.rpt
[2026-08-15 19:15:03] [DEBUG   ] [sta_top_parser] [parser.py:209]     → design=MSHR_TOP             corner=ss_0p63v_0p63v_125c                 check=setup  wns=+1.142  status=MET
[2026-08-15 19:15:03] [DEBUG   ] [sta_top_parser] [parser.py:130]   Parsing: 08_CG_CHECK_TT_25C_MSHR_TOP.rpt
[2026-08-15 19:15:03] [DEBUG   ] [sta_top_parser] [parser.py:209]     → design=MSHR_TOP             corner=tt_0p90v_0p90v_25c                  check=setup  wns=+1.092  status=MET
[2026-08-15 19:15:03] [DEBUG   ] [sta_top_parser] [parser.py:130]   Parsing: 09_RECOVERY_SS_125C_MSHR_TOP.rpt
[2026-08-15 19:15:03] [DEBUG   ] [sta_top_parser] [parser.py:209]     → design=MSHR_TOP             corner=ss_0p72v_0p72v_125c                 check=setup  wns=+1.068  status=MET
[2026-08-15 19:15:03] [DEBUG   ] [sta_top_parser] [parser.py:130]   Parsing: 10_MULTICYCLE_TT_25C_MSHR_TOP.rpt
[2026-08-15 19:15:03] [DEBUG   ] [sta_top_parser] [parser.py:209]     → design=MSHR_TOP             corner=tt_0p90v_0p90v_25c                  check=setup  wns=+1.148  status=MET
[2026-08-15 19:15:03] [DEBUG   ] [sta_top_parser] [parser.py:130]   Parsing: 11_SETUP_SS_125C_OCV_MSHR_TOP.rpt
[2026-08-15 19:15:03] [DEBUG   ] [sta_top_parser] [parser.py:209]     → design=MSHR_TOP             corner=ss_0p72v_0p72v_125c                 check=setup  wns=+1.155  status=MET
[2026-08-15 19:15:03] [DEBUG   ] [sta_top_parser] [parser.py:130]   Parsing: 12_HOLD_FF_N40C_OCV_MSHR_TOP.rpt
[2026-08-15 19:15:03] [DEBUG   ] [sta_top_parser] [parser.py:209]     → design=MSHR_TOP             corner=ff_1p16v_1p16v_n40c                 check=hold   wns=+1.083  status=MET
[2026-08-15 19:15:03] [DEBUG   ] [sta_top_parser] [parser.py:130]   Parsing: 13_SETUP_SS_125C_POCV_MSHR_TOP.rpt
[2026-08-15 19:15:03] [DEBUG   ] [sta_top_parser] [parser.py:209]     → design=MSHR_TOP             corner=ss_0p72v_0p72v_125c                 check=setup  wns=+1.061  status=MET
[2026-08-15 19:15:03] [DEBUG   ] [sta_top_parser] [parser.py:130]   Parsing: 14_HOLD_FF_N40C_POCV_MSHR_TOP.rpt
[2026-08-15 19:15:03] [DEBUG   ] [sta_top_parser] [parser.py:209]     → design=MSHR_TOP             corner=ff_1p16v_1p16v_n40c                 check=hold   wns=+1.042  status=MET
[2026-08-15 19:15:03] [DEBUG   ] [sta_top_parser] [parser.py:130]   Parsing: 15_SETUP_TT_85C_MSHR_TOP.rpt
[2026-08-15 19:15:03] [DEBUG   ] [sta_top_parser] [parser.py:209]     → design=MSHR_TOP             corner=tt_0p90v_0p90v_85c                  check=setup  wns=+1.088  status=MET
[2026-08-15 19:15:03] [DEBUG   ] [sta_top_parser] [parser.py:130]   Parsing: 16_HOLD_TT_85C_MSHR_TOP.rpt
[2026-08-15 19:15:03] [DEBUG   ] [sta_top_parser] [parser.py:209]     → design=MSHR_TOP             corner=tt_0p90v_0p90v_85c                  check=hold   wns=+1.183  status=MET
[2026-08-15 19:15:03] [DEBUG   ] [sta_top_parser] [parser.py:130]   Parsing: 17_SETUP_FF_125C_MSHR_TOP.rpt
[2026-08-15 19:15:03] [DEBUG   ] [sta_top_parser] [parser.py:209]     → design=MSHR_TOP             corner=ff_1p16v_1p16v_125c                 check=setup  wns=+1.096  status=MET
[2026-08-15 19:15:03] [DEBUG   ] [sta_top_parser] [parser.py:130]   Parsing: 18_HOLD_SS_125C_MSHR_TOP.rpt
[2026-08-15 19:15:03] [DEBUG   ] [sta_top_parser] [parser.py:209]     → design=MSHR_TOP             corner=ss_0p72v_0p72v_125c                 check=hold   wns=+1.064  status=MET
[2026-08-15 19:15:03] [DEBUG   ] [sta_top_parser] [parser.py:130]   Parsing: 19_SETUP_LVSS_N40C_MSHR_TOP.rpt
[2026-08-15 19:15:03] [DEBUG   ] [sta_top_parser] [parser.py:209]     → design=MSHR_TOP             corner=ss_0p63v_0p63v_n40c                 check=setup  wns=+1.077  status=MET
[2026-08-15 19:15:03] [DEBUG   ] [sta_top_parser] [parser.py:130]   Parsing: 20_HOLD_LVFF_N40C_MSHR_TOP.rpt
[2026-08-15 19:15:03] [DEBUG   ] [sta_top_parser] [parser.py:209]     → design=MSHR_TOP             corner=ff_1p32v_1p32v_n40c                 check=hold   wns=+1.116  status=MET
[2026-08-15 19:15:03] [DEBUG   ] [sta_top_parser] [parser.py:130]   Parsing: 21_CG_CHECK_SS_125C_MSHR_TOP.rpt
[2026-08-15 19:15:03] [DEBUG   ] [sta_top_parser] [parser.py:209]     → design=MSHR_TOP             corner=ss_0p72v_0p72v_125c                 check=setup  wns=+1.081  status=MET
[2026-08-15 19:15:03] [DEBUG   ] [sta_top_parser] [parser.py:130]   Parsing: 22_RECOVERY_TT_25C_MSHR_TOP.rpt
[2026-08-15 19:15:03] [DEBUG   ] [sta_top_parser] [parser.py:209]     → design=MSHR_TOP             corner=tt_0p90v_0p90v_25c                  check=setup  wns=+1.109  status=MET
[2026-08-15 19:15:03] [DEBUG   ] [sta_top_parser] [parser.py:130]   Parsing: 23_MULTICYCLE_SS_125C_MSHR_TOP.rpt
[2026-08-15 19:15:03] [DEBUG   ] [sta_top_parser] [parser.py:209]     → design=MSHR_TOP             corner=ss_0p72v_0p72v_125c                 check=setup  wns=+1.049  status=MET
[2026-08-15 19:15:03] [DEBUG   ] [sta_top_parser] [parser.py:130]   Parsing: 24_SETUP_TT_25C_ECO_MSHR_TOP.rpt
[2026-08-15 19:15:03] [DEBUG   ] [sta_top_parser] [parser.py:209]     → design=MSHR_TOP             corner=tt_0p90v_0p90v_25c                  check=setup  wns=+1.121  status=MET
[2026-08-15 19:15:03] [DEBUG   ] [sta_top_parser] [parser.py:130]   Parsing: 25_HOLD_TT_25C_ECO_MSHR_TOP.rpt
[2026-08-15 19:15:03] [DEBUG   ] [sta_top_parser] [parser.py:209]     → design=MSHR_TOP             corner=tt_0p90v_0p90v_25c                  check=hold   wns=+1.129  status=MET
[2026-08-15 19:15:03] [DEBUG   ] [sta_top_parser] [parser.py:130]   Parsing: 26_SETUP_SS_125C_SI_MSHR_TOP.rpt
[2026-08-15 19:15:03] [DEBUG   ] [sta_top_parser] [parser.py:209]     → design=MSHR_TOP             corner=ss_0p72v_0p72v_125c                 check=setup  wns=+1.096  status=MET
[2026-08-15 19:15:03] [DEBUG   ] [sta_top_parser] [parser.py:130]   Parsing: 27_HOLD_FF_N40C_SI_MSHR_TOP.rpt
[2026-08-15 19:15:03] [DEBUG   ] [sta_top_parser] [parser.py:209]     → design=MSHR_TOP             corner=ff_1p16v_1p16v_n40c                 check=hold   wns=+1.087  status=MET
[2026-08-15 19:15:03] [DEBUG   ] [sta_top_parser] [parser.py:130]   Parsing: 28_SETUP_SS_125C_FINAL_MSHR_TOP.rpt
[2026-08-15 19:15:03] [DEBUG   ] [sta_top_parser] [parser.py:209]     → design=MSHR_TOP             corner=ss_0p72v_0p72v_125c                 check=setup  wns=+1.089  status=MET
[2026-08-15 19:15:03] [DEBUG   ] [sta_top_parser] [parser.py:130]   Parsing: 29_HOLD_FF_N40C_FINAL_MSHR_TOP.rpt
[2026-08-15 19:15:03] [DEBUG   ] [sta_top_parser] [parser.py:209]     → design=MSHR_TOP             corner=ff_1p16v_1p16v_n40c                 check=hold   wns=+1.055  status=MET
[2026-08-15 19:15:03] [DEBUG   ] [sta_top_parser] [parser.py:130]   Parsing: 30_SETUP_TT_25C_FINAL_MSHR_TOP.rpt
[2026-08-15 19:15:03] [DEBUG   ] [sta_top_parser] [parser.py:209]     → design=MSHR_TOP             corner=tt_0p90v_0p90v_25c                  check=setup  wns=+1.098  status=MET
[2026-08-15 19:15:03] [DEBUG   ] [sta_top_parser] [parser.py:130]   Parsing: MSHR_TIMING.rpt
[2026-08-15 19:15:03] [DEBUG   ] [sta_top_parser] [parser.py:209]     → design=N/A                  corner=N/A                                 check=N/A    wns=+0.000  status=UNKNOWN
[2026-08-15 19:15:03] [INFO    ] [sta_top_parser] [parser.py:294]   Parsed 31 / 31 report(s) OK
[2026-08-15 19:15:03] [INFO    ] [sta_top_parser] [dump_log.py:246] Dump log    → D:\Certificates\PD_STA_REPORTS\MEMORY\MSHR\MSHR_TOP_dump.log
[2026-08-15 19:15:03] [INFO    ] [sta_top_parser] [json_writer.py:75] JSON dump   → D:\Certificates\PD_STA_REPORTS\MEMORY\MSHR\MSHR_TOP_summary.json
[2026-08-15 19:15:03] [INFO    ] [sta_top_parser] [html_writer.py:361] HTML report → D:\Certificates\PD_STA_REPORTS\MEMORY\MSHR\MSHR_TOP_report.html
[2026-08-15 19:15:03] [INFO    ] [sta_top_parser] [sta_top_parser.py:328] [6/6] Scanning: MEMORY\STQ
[2026-08-15 19:15:03] [INFO    ] [sta_top_parser] [parser.py:284]   Found 31 report file(s) in D:\Certificates\PD_STA_REPORTS\MEMORY\STQ
[2026-08-15 19:15:03] [DEBUG   ] [sta_top_parser] [parser.py:130]   Parsing: 01_SETUP_SS_125C_STQ_TOP.rpt
[2026-08-15 19:15:03] [DEBUG   ] [sta_top_parser] [parser.py:209]     → design=STQ_TOP              corner=ss_0p72v_0p72v_125c                 check=setup  wns=+1.073  status=MET
[2026-08-15 19:15:03] [DEBUG   ] [sta_top_parser] [parser.py:130]   Parsing: 02_HOLD_FF_N40C_STQ_TOP.rpt
[2026-08-15 19:15:03] [DEBUG   ] [sta_top_parser] [parser.py:209]     → design=STQ_TOP              corner=ff_1p16v_1p16v_n40c                 check=hold   wns=+1.072  status=MET
[2026-08-15 19:15:03] [DEBUG   ] [sta_top_parser] [parser.py:130]   Parsing: 03_SETUP_TT_25C_STQ_TOP.rpt
[2026-08-15 19:15:03] [DEBUG   ] [sta_top_parser] [parser.py:209]     → design=STQ_TOP              corner=tt_0p90v_0p90v_25c                  check=setup  wns=+1.115  status=MET
[2026-08-15 19:15:03] [DEBUG   ] [sta_top_parser] [parser.py:130]   Parsing: 04_HOLD_TT_25C_STQ_TOP.rpt
[2026-08-15 19:15:03] [DEBUG   ] [sta_top_parser] [parser.py:209]     → design=STQ_TOP              corner=tt_0p90v_0p90v_25c                  check=hold   wns=+1.096  status=MET
[2026-08-15 19:15:03] [DEBUG   ] [sta_top_parser] [parser.py:130]   Parsing: 05_SETUP_SS_M40C_STQ_TOP.rpt
[2026-08-15 19:15:03] [DEBUG   ] [sta_top_parser] [parser.py:209]     → design=STQ_TOP              corner=ss_0p72v_0p72v_n40c                 check=setup  wns=+1.102  status=MET
[2026-08-15 19:15:03] [DEBUG   ] [sta_top_parser] [parser.py:130]   Parsing: 06_HOLD_FF_125C_STQ_TOP.rpt
[2026-08-15 19:15:03] [DEBUG   ] [sta_top_parser] [parser.py:209]     → design=STQ_TOP              corner=ff_1p16v_1p16v_125c                 check=hold   wns=+1.120  status=MET
[2026-08-15 19:15:03] [DEBUG   ] [sta_top_parser] [parser.py:130]   Parsing: 07_SETUP_LVSS_125C_STQ_TOP.rpt
[2026-08-15 19:15:03] [DEBUG   ] [sta_top_parser] [parser.py:209]     → design=STQ_TOP              corner=ss_0p63v_0p63v_125c                 check=setup  wns=+1.100  status=MET
[2026-08-15 19:15:03] [DEBUG   ] [sta_top_parser] [parser.py:130]   Parsing: 08_CG_CHECK_TT_25C_STQ_TOP.rpt
[2026-08-15 19:15:03] [DEBUG   ] [sta_top_parser] [parser.py:209]     → design=STQ_TOP              corner=tt_0p90v_0p90v_25c                  check=setup  wns=+1.096  status=MET
[2026-08-15 19:15:03] [DEBUG   ] [sta_top_parser] [parser.py:130]   Parsing: 09_RECOVERY_SS_125C_STQ_TOP.rpt
[2026-08-15 19:15:03] [DEBUG   ] [sta_top_parser] [parser.py:209]     → design=STQ_TOP              corner=ss_0p72v_0p72v_125c                 check=setup  wns=+1.098  status=MET
[2026-08-15 19:15:03] [DEBUG   ] [sta_top_parser] [parser.py:130]   Parsing: 10_MULTICYCLE_TT_25C_STQ_TOP.rpt
[2026-08-15 19:15:03] [DEBUG   ] [sta_top_parser] [parser.py:209]     → design=STQ_TOP              corner=tt_0p90v_0p90v_25c                  check=setup  wns=+1.070  status=MET
[2026-08-15 19:15:03] [DEBUG   ] [sta_top_parser] [parser.py:130]   Parsing: 11_SETUP_SS_125C_OCV_STQ_TOP.rpt
[2026-08-15 19:15:03] [DEBUG   ] [sta_top_parser] [parser.py:209]     → design=STQ_TOP              corner=ss_0p72v_0p72v_125c                 check=setup  wns=+1.136  status=MET
[2026-08-15 19:15:03] [DEBUG   ] [sta_top_parser] [parser.py:130]   Parsing: 12_HOLD_FF_N40C_OCV_STQ_TOP.rpt
[2026-08-15 19:15:03] [DEBUG   ] [sta_top_parser] [parser.py:209]     → design=STQ_TOP              corner=ff_1p16v_1p16v_n40c                 check=hold   wns=+1.121  status=MET
[2026-08-15 19:15:03] [DEBUG   ] [sta_top_parser] [parser.py:130]   Parsing: 13_SETUP_SS_125C_POCV_STQ_TOP.rpt
[2026-08-15 19:15:03] [DEBUG   ] [sta_top_parser] [parser.py:209]     → design=STQ_TOP              corner=ss_0p72v_0p72v_125c                 check=setup  wns=+1.123  status=MET
[2026-08-15 19:15:03] [DEBUG   ] [sta_top_parser] [parser.py:130]   Parsing: 14_HOLD_FF_N40C_POCV_STQ_TOP.rpt
[2026-08-15 19:15:03] [DEBUG   ] [sta_top_parser] [parser.py:209]     → design=STQ_TOP              corner=ff_1p16v_1p16v_n40c                 check=hold   wns=+1.089  status=MET
[2026-08-15 19:15:03] [DEBUG   ] [sta_top_parser] [parser.py:130]   Parsing: 15_SETUP_TT_85C_STQ_TOP.rpt
[2026-08-15 19:15:03] [DEBUG   ] [sta_top_parser] [parser.py:209]     → design=STQ_TOP              corner=tt_0p90v_0p90v_85c                  check=setup  wns=+1.091  status=MET
[2026-08-15 19:15:03] [DEBUG   ] [sta_top_parser] [parser.py:130]   Parsing: 16_HOLD_TT_85C_STQ_TOP.rpt
[2026-08-15 19:15:03] [DEBUG   ] [sta_top_parser] [parser.py:209]     → design=STQ_TOP              corner=tt_0p90v_0p90v_85c                  check=hold   wns=+1.099  status=MET
[2026-08-15 19:15:03] [DEBUG   ] [sta_top_parser] [parser.py:130]   Parsing: 17_SETUP_FF_125C_STQ_TOP.rpt
[2026-08-15 19:15:03] [DEBUG   ] [sta_top_parser] [parser.py:209]     → design=STQ_TOP              corner=ff_1p16v_1p16v_125c                 check=setup  wns=+1.042  status=MET
[2026-08-15 19:15:03] [DEBUG   ] [sta_top_parser] [parser.py:130]   Parsing: 18_HOLD_SS_125C_STQ_TOP.rpt
[2026-08-15 19:15:03] [DEBUG   ] [sta_top_parser] [parser.py:209]     → design=STQ_TOP              corner=ss_0p72v_0p72v_125c                 check=hold   wns=+1.127  status=MET
[2026-08-15 19:15:03] [DEBUG   ] [sta_top_parser] [parser.py:130]   Parsing: 19_SETUP_LVSS_N40C_STQ_TOP.rpt
[2026-08-15 19:15:03] [DEBUG   ] [sta_top_parser] [parser.py:209]     → design=STQ_TOP              corner=ss_0p63v_0p63v_n40c                 check=setup  wns=+1.089  status=MET
[2026-08-15 19:15:03] [DEBUG   ] [sta_top_parser] [parser.py:130]   Parsing: 20_HOLD_LVFF_N40C_STQ_TOP.rpt
[2026-08-15 19:15:03] [DEBUG   ] [sta_top_parser] [parser.py:209]     → design=STQ_TOP              corner=ff_1p32v_1p32v_n40c                 check=hold   wns=+1.124  status=MET
[2026-08-15 19:15:03] [DEBUG   ] [sta_top_parser] [parser.py:130]   Parsing: 21_CG_CHECK_SS_125C_STQ_TOP.rpt
[2026-08-15 19:15:03] [DEBUG   ] [sta_top_parser] [parser.py:209]     → design=STQ_TOP              corner=ss_0p72v_0p72v_125c                 check=setup  wns=+1.079  status=MET
[2026-08-15 19:15:03] [DEBUG   ] [sta_top_parser] [parser.py:130]   Parsing: 22_RECOVERY_TT_25C_STQ_TOP.rpt
[2026-08-15 19:15:03] [DEBUG   ] [sta_top_parser] [parser.py:209]     → design=STQ_TOP              corner=tt_0p90v_0p90v_25c                  check=setup  wns=+1.111  status=MET
[2026-08-15 19:15:03] [DEBUG   ] [sta_top_parser] [parser.py:130]   Parsing: 23_MULTICYCLE_SS_125C_STQ_TOP.rpt
[2026-08-15 19:15:03] [DEBUG   ] [sta_top_parser] [parser.py:209]     → design=STQ_TOP              corner=ss_0p72v_0p72v_125c                 check=setup  wns=+1.088  status=MET
[2026-08-15 19:15:03] [DEBUG   ] [sta_top_parser] [parser.py:130]   Parsing: 24_SETUP_TT_25C_ECO_STQ_TOP.rpt
[2026-08-15 19:15:03] [DEBUG   ] [sta_top_parser] [parser.py:209]     → design=STQ_TOP              corner=tt_0p90v_0p90v_25c                  check=setup  wns=+1.091  status=MET
[2026-08-15 19:15:03] [DEBUG   ] [sta_top_parser] [parser.py:130]   Parsing: 25_HOLD_TT_25C_ECO_STQ_TOP.rpt
[2026-08-15 19:15:03] [DEBUG   ] [sta_top_parser] [parser.py:209]     → design=STQ_TOP              corner=tt_0p90v_0p90v_25c                  check=hold   wns=+1.135  status=MET
[2026-08-15 19:15:03] [DEBUG   ] [sta_top_parser] [parser.py:130]   Parsing: 26_SETUP_SS_125C_SI_STQ_TOP.rpt
[2026-08-15 19:15:03] [DEBUG   ] [sta_top_parser] [parser.py:209]     → design=STQ_TOP              corner=ss_0p72v_0p72v_125c                 check=setup  wns=+1.010  status=MET
[2026-08-15 19:15:03] [DEBUG   ] [sta_top_parser] [parser.py:130]   Parsing: 27_HOLD_FF_N40C_SI_STQ_TOP.rpt
[2026-08-15 19:15:03] [DEBUG   ] [sta_top_parser] [parser.py:209]     → design=STQ_TOP              corner=ff_1p16v_1p16v_n40c                 check=hold   wns=+1.186  status=MET
[2026-08-15 19:15:03] [DEBUG   ] [sta_top_parser] [parser.py:130]   Parsing: 28_SETUP_SS_125C_FINAL_STQ_TOP.rpt
[2026-08-15 19:15:03] [DEBUG   ] [sta_top_parser] [parser.py:209]     → design=STQ_TOP              corner=ss_0p72v_0p72v_125c                 check=setup  wns=+1.112  status=MET
[2026-08-15 19:15:03] [DEBUG   ] [sta_top_parser] [parser.py:130]   Parsing: 29_HOLD_FF_N40C_FINAL_STQ_TOP.rpt
[2026-08-15 19:15:03] [DEBUG   ] [sta_top_parser] [parser.py:209]     → design=STQ_TOP              corner=ff_1p16v_1p16v_n40c                 check=hold   wns=+1.082  status=MET
[2026-08-15 19:15:03] [DEBUG   ] [sta_top_parser] [parser.py:130]   Parsing: 30_SETUP_TT_25C_FINAL_STQ_TOP.rpt
[2026-08-15 19:15:03] [DEBUG   ] [sta_top_parser] [parser.py:209]     → design=STQ_TOP              corner=tt_0p90v_0p90v_25c                  check=setup  wns=+1.120  status=MET
[2026-08-15 19:15:03] [DEBUG   ] [sta_top_parser] [parser.py:130]   Parsing: STQ_TIMING.rpt
[2026-08-15 19:15:03] [DEBUG   ] [sta_top_parser] [parser.py:209]     → design=N/A                  corner=N/A                                 check=N/A    wns=+0.000  status=UNKNOWN
[2026-08-15 19:15:03] [INFO    ] [sta_top_parser] [parser.py:294]   Parsed 31 / 31 report(s) OK
[2026-08-15 19:15:03] [INFO    ] [sta_top_parser] [dump_log.py:246] Dump log    → D:\Certificates\PD_STA_REPORTS\MEMORY\STQ\STQ_TOP_dump.log
[2026-08-15 19:15:03] [INFO    ] [sta_top_parser] [json_writer.py:75] JSON dump   → D:\Certificates\PD_STA_REPORTS\MEMORY\STQ\STQ_TOP_summary.json
[2026-08-15 19:15:03] [INFO    ] [sta_top_parser] [html_writer.py:361] HTML report → D:\Certificates\PD_STA_REPORTS\MEMORY\STQ\STQ_TOP_report.html
[2026-08-15 19:15:03] [INFO    ] [sta_top_parser] [sta_top_parser.py:353] ────────────────────────────────────────────────────────────
[2026-08-15 19:15:03] [INFO    ] [sta_top_parser] [sta_top_parser.py:354] Aggregating 6 block(s) …
[2026-08-15 19:15:03] [INFO    ] [sta_top_parser] [sta_top_parser.py:239] ────────────────────────────────────────────────────────────────────────────────
[2026-08-15 19:15:03] [INFO    ] [sta_top_parser] [sta_top_parser.py:240]   STA TOP-LEVEL SUMMARY  —  PD_STA_REPORTS
[2026-08-15 19:15:03] [INFO    ] [sta_top_parser] [sta_top_parser.py:241]   Root       : D:\Certificates\PD_STA_REPORTS
[2026-08-15 19:15:03] [INFO    ] [sta_top_parser] [sta_top_parser.py:242]   Parsed at  : 2026-08-15T19:15:03
[2026-08-15 19:15:03] [INFO    ] [sta_top_parser] [sta_top_parser.py:243]   Blocks: 6   Reports: 186
[2026-08-15 19:15:03] [INFO    ] [sta_top_parser] [sta_top_parser.py:244] ────────────────────────────────────────────────────────────────────────────────
[2026-08-15 19:15:03] [INFO    ] [sta_top_parser] [sta_top_parser.py:245]   STATUS      WORST WNS  WORST TNS  WORST WHS  VIOLATIONS
[2026-08-15 19:15:03] [INFO    ] [sta_top_parser] [sta_top_parser.py:247]   MET            +0.000     +0.000     +0.000  0
[2026-08-15 19:15:03] [INFO    ] [sta_top_parser] [sta_top_parser.py:251] ────────────────────────────────────────────────────────────────────────────────
[2026-08-15 19:15:03] [INFO    ] [sta_top_parser] [sta_top_parser.py:252]   BY PIPELINE STAGE
[2026-08-15 19:15:03] [INFO    ] [sta_top_parser] [sta_top_parser.py:253]   STAGE                      BLKS   WNS(ns)   TNS(ns)   WHS(ns)  STATUS
[2026-08-15 19:15:03] [INFO    ] [sta_top_parser] [sta_top_parser.py:255]   ──────────────────────────────────────────────────────────────────────
[2026-08-15 19:15:03] [INFO    ] [sta_top_parser] [sta_top_parser.py:257]   MEMORY                        6    +0.000    +0.000    +0.000  MET
[2026-08-15 19:15:03] [INFO    ] [sta_top_parser] [sta_top_parser.py:260] ────────────────────────────────────────────────────────────────────────────────
[2026-08-15 19:15:03] [INFO    ] [sta_top_parser] [sta_top_parser.py:261]   BY CORNER
[2026-08-15 19:15:03] [INFO    ] [sta_top_parser] [sta_top_parser.py:262]   CORNER                                         WNS(ns)   TNS(ns)   WHS(ns)  STATUS
[2026-08-15 19:15:03] [INFO    ] [sta_top_parser] [sta_top_parser.py:264]   ────────────────────────────────────────────────────────────────────────────
[2026-08-15 19:15:03] [INFO    ] [sta_top_parser] [sta_top_parser.py:266]   N/A                                             +0.000    +0.000    +0.000  MET
[2026-08-15 19:15:03] [INFO    ] [sta_top_parser] [sta_top_parser.py:266]   ff_1p16v_1p16v_125c                             +1.025    +0.000    +0.000  MET
[2026-08-15 19:15:03] [INFO    ] [sta_top_parser] [sta_top_parser.py:266]   ff_1p16v_1p16v_n40c                             +1.017    +0.000    +0.000  MET
[2026-08-15 19:15:03] [INFO    ] [sta_top_parser] [sta_top_parser.py:266]   ff_1p32v_1p32v_n40c                             +1.087    +0.000    +0.000  MET
[2026-08-15 19:15:03] [INFO    ] [sta_top_parser] [sta_top_parser.py:266]   ss_0p63v_0p63v_125c                             +1.100    +0.000    +0.076  MET
[2026-08-15 19:15:03] [INFO    ] [sta_top_parser] [sta_top_parser.py:266]   ss_0p63v_0p63v_n40c                             +1.077    +0.000    +0.000  MET
[2026-08-15 19:15:03] [INFO    ] [sta_top_parser] [sta_top_parser.py:266]   ss_0p72v_0p72v_125c                             +1.010    +0.000    +0.000  MET
[2026-08-15 19:15:03] [INFO    ] [sta_top_parser] [sta_top_parser.py:266]   ss_0p72v_0p72v_n40c                             +1.056    +0.000    +0.063  MET
[2026-08-15 19:15:03] [INFO    ] [sta_top_parser] [sta_top_parser.py:266]   tt_0p90v_0p90v_25c                              +1.044    +0.000    +0.000  MET
[2026-08-15 19:15:03] [INFO    ] [sta_top_parser] [sta_top_parser.py:266]   tt_0p90v_0p90v_85c                              +1.076    +0.000    +0.000  MET
[2026-08-15 19:15:03] [INFO    ] [sta_top_parser] [sta_top_parser.py:268] ────────────────────────────────────────────────────────────────────────────────
[2026-08-15 19:15:03] [INFO    ] [sta_top_parser] [dump_log.py:246] Dump log    → D:\Certificates\PD_STA_REPORTS\RESULTS\MEMORY\MEMORY_STA_dump.log
[2026-08-15 19:15:03] [INFO    ] [sta_top_parser] [json_writer.py:75] JSON dump   → D:\Certificates\PD_STA_REPORTS\RESULTS\MEMORY\MEMORY_STA_summary.json
[2026-08-15 19:15:03] [INFO    ] [sta_top_parser] [html_writer.py:453] HTML report → D:\Certificates\PD_STA_REPORTS\RESULTS\MEMORY\MEMORY_STA_report.html
[2026-08-15 19:15:03] [INFO    ] [sta_top_parser] [sta_top_parser.py:392] Run log     → D:\Certificates\PD_STA_REPORTS\RESULTS\MEMORY\MEMORY_STA_run_20260815_191503.log
[2026-08-15 19:15:03] [INFO    ] [sta_top_parser] [sta_top_parser.py:393] Done.  6 blocks  |  186 reports  |  status: MET
