****************************************
Report : timing
        -path_type full
        -delay_type max
        -max_paths 10
        -sort_by slack
Design : INSTR_DECODER_TOP
Version: PrimeTime 2023.06-SP3
Date   : Sat Aug 15 17:34:53 2026
Corner : ss_0p72v_0p72v_125c
Note   : Worst-case Setup — Slow corner, high temp
****************************************

Operating Conditions : ss_0p72v_0p72v_125c (Library: saed32nm_rvt)
Wire Load Model Mode : Interconnect (StarRC Extracted)

  Startpoint : u_idec_opcode/opc_reg[4]
               (rising edge-triggered flip-flop clocked by CLK_CORE)
  Endpoint   : u_idec_ctrl/ctrl_reg[4]
               (rising edge-triggered flip-flop clocked by CLK_CORE)
  Path Group : CLK_CORE
  Path Type  : max

  Point                                                   Incr        Path
  -------------------------------------------------------------------------
  clock CLK_CORE (rise edge)                                  0.000       0.000
  clock network delay (propagated)                        0.152      0.152
  u_idec_opcode/opc_reg[4]/CK (DFFARX1_RVT)                    0.000       0.152 r
  u_idec_opcode/opc_reg[4]/Q  (DFFARX1_RVT)                    0.147       0.299 r
  u_idec_opcode/U14/Y (INVX2_RVT)                              0.048       0.347 f
  u_idec_opcode/U26/Y (NAND2X1_RVT)                            0.089       0.436 r
  u_idec_imm/U09/Y (AOI22X1_RVT)                               0.113       0.549 f
  u_idec_imm/U21/Y (OAI21X1_RVT)                               0.124       0.673 r
  u_idec_ctrl/U07/Y (MUX21X1_RVT)                              0.071       0.744 r
  u_idec_ctrl/U16/Y (AND2X1_RVT)                               0.092       0.836 f
  u_idec_ctrl/U24/Y (NOR2X1_RVT)                               0.083       0.919 r
  u_idec_ctrl/U31/Y (BUFX4_RVT)                                0.067       0.986 r
  u_idec_ctrl/ctrl_reg[4]/D (DFFARX1_RVT)                      0.091       1.077 f
  data arrival time                                                        1.077

  clock CLK_CORE (rise edge)                                  2     2
  clock network delay (propagated)                        0.152      2.152
  clock uncertainty                                      -0.05   2.102
  u_idec_ctrl/ctrl_reg[4]/CK (DFFARX1_RVT)                     0.000       2.102 r
  library setup time                                     -0.075   2.027
  data required time                                                       2.027
  -------------------------------------------------------------------------
  data required time                                                       2.027
  data arrival time                                                       -2.116
  -------------------------------------------------------------------------
  slack (VIOLATED)   -0.089


=========================================================================
                   INSTR_DECODER_TOP — TIMING SUMMARY
=========================================================================

  Block        : INSTR_DECODER_TOP
  Corner       : ss_0p72v_0p72v_125c
  Check        : max  (Worst-case Setup — Slow corner, high temp)
  Clock        : CLK_CORE  Period = 2 ns  (500 MHz)
  Technology   : SAED 32nm RVT

  ┌────────────────────────────────────────────────────────────────┐
  │ Sub-Unit      WNS (ns)  TNS (ns)  #Viol   WHS (ns)  #HViol  │
  ├────────────────────────────────────────────────────────────────┤
  │ u_idec_opcode      -0.089      -0.712       8      0.087        0     │
  │ u_idec_imm         -0.041      -0.164       4      0.074        0     │
  │ u_idec_ctrl         0.028       0.000       0      0.065        0     │
  │ u_idec_out          0.017       0.000       0      0.051        0     │
  ├────────────────────────────────────────────────────────────────┤
  │ INSTR_DECODER_TOP  -0.089      -0.876      12      0.087        0     │
  └────────────────────────────────────────────────────────────────┘

  Status : TIMING VIOLATED — Setup violations detected
  SETUP VIOLATIONS : 12 paths   (WNS = -0.089 ns,  TNS = -0.876 ns)


=========================================================================
                   TIMING EXCEPTIONS APPLIED
=========================================================================

  set_false_path -from [get_ports SCAN_EN]      -to [all_registers]
  set_false_path -from [get_ports TEST_MODE]     -to [all_registers]
  set_multicycle_path 2 -setup -from [get_cells u_idec_opcode/*] -to [get_cells u_idec_ctrl/*]
  set_multicycle_path 1 -hold  -from [get_cells u_idec_opcode/*] -to [get_cells u_idec_ctrl/*]
  set_input_delay  0.400 -clock CLK_CORE -max [all_inputs]
  set_output_delay 0.350 -clock CLK_CORE -max [all_outputs]


=========================================================================
                   CLOCK DOMAIN SUMMARY
=========================================================================

  Clock    : CLK_CORE
  Period   : 2 ns
  Waveform : {0.000 1}
  Skew     : 0.022 ns  (max across INSTR_DECODER_TOP)
  Latency  : 0.152 ns  (max)


=========================================================================
                   CONSTRAINT COVERAGE
=========================================================================

  Total register endpoints   : 4876
  Constrained endpoints      : 4876
  Unconstrained endpoints    :      0
  Coverage                   :  100.0%


=========================================================================
                   TOOL / RUN INFORMATION
=========================================================================

  Tool         : Synopsys PrimeTime 2023.06-SP3
  Run Host     : sta-server-01
  Run Dir      : /proj/cpu_rtl/sta/DECODE/INSTRUCTION_DECODER/run_ss_0p72v_0p72v_125c
  SDC File     : /proj/cpu_rtl/constraints/INSTR_DECODER_TOP.sdc
  Netlist      : /proj/cpu_rtl/netlist/INSTR_DECODER_TOP.v.gz
  SPEF File    : /proj/cpu_rtl/spef/INSTR_DECODER_TOP.spef.gz
  Liberty      : saed32nm_rvt_ss_0p72v_0p72v_125c.db
  Elapsed Time : 00:04:33
  Peak Memory  : 4.317 GB

=========================================================================
End of Report
=========================================================================
