****************************************
Report : timing
        -path_type full
        -delay_type max
        -max_paths 10
        -sort_by slack
Design : INSTR_DECODER_TOP
Version: PrimeTime 2023.06-SP3
Date   : Sat Aug 15 17:34:53 2026
Corner : ss_0p63v_0p63v_125c
Note   : Low-Vdd Setup   — Ultra-low voltage corner
****************************************

Operating Conditions : ss_0p63v_0p63v_125c (Library: saed32nm_rvt)
Wire Load Model Mode : Interconnect (StarRC Extracted)

  Startpoint : u_id_opmap/din_reg[0]
               (rising edge-triggered flip-flop clocked by CLK_CORE)
  Endpoint   : u_id_uop/dout_reg[0]
               (rising edge-triggered flip-flop clocked by CLK_CORE)
  Path Group : CLK_CORE
  Path Type  : max

  Point                                                   Incr        Path
  -------------------------------------------------------------------------
  clock CLK_CORE (rise edge)                                  0.000       0.000
  clock network delay (propagated)                        0.138      0.138
  u_id_opmap/din_reg[0]/CK (DFFARX1_RVT)                        0.000       0.138 r
  u_id_opmap/din_reg[0]/Q  (DFFARX1_RVT)                        0.137       0.275 r
  u_id_opmap/U12/Y (INVX2_RVT)                                  0.055       0.33 f
  u_id_opmap/U34/Y (NAND2X1_RVT)                                0.056       0.386 r
  u_id_imm/U07/Y (AOI22X1_RVT)                                0.103       0.489 f
  u_id_imm/U19/Y (OAI21X1_RVT)                                0.107       0.596 r
  u_id_ctrl/U03/Y (MUX21X1_RVT)                                0.064       0.66 r
  u_id_ctrl/U11/Y (AND2X1_RVT)                                 0.062       0.722 f
  u_id_ctrl/U22/Y (NOR2X1_RVT)                                 0.056       0.778 r
  u_id_uop/U05/Y (BUFX4_RVT)                                  0.059       0.837 r
  u_id_uop/dout_reg[0]/D (DFFARX1_RVT)                        0.078      0.915 f
  data arrival time                                                    0.915

  clock CLK_CORE (rise edge)                                  2     2
  clock network delay (propagated)                        0.138      2.138
  clock uncertainty                                      -0.05   2.088
  u_id_uop/dout_reg[0]/CK (DFFARX1_RVT)                       0.000       2.088 r
  library setup time                                     -0.069   2.019
  data required time                                                   2.019
  -------------------------------------------------------------------------
  data required time                                                   2.019
  data arrival time                                                   -0.915
  -------------------------------------------------------------------------
  slack (MET)   1.104


=========================================================================
                   INSTR_DECODER_TOP — TIMING SUMMARY
=========================================================================

  Block        : INSTR_DECODER_TOP
  Corner       : ss_0p63v_0p63v_125c
  Check        : max  (Low-Vdd Setup   — Ultra-low voltage corner)
  Clock        : CLK_CORE  Period = 2 ns  (500 MHz)
  Technology   : SAED 32nm RVT

  ┌────────────────────────────────────────────────────────────────┐
  │ Sub-Unit      WNS (ns)  TNS (ns)  #Viol   WHS (ns)  #HViol  │
  ├────────────────────────────────────────────────────────────────┤
  │ u_id_opmap          1.104       0        0      0.106        0     │
  │ u_id_imm          0.142       0        0      0.103        0     │
  │ u_id_ctrl          0.171       0        0      0.083        0     │
  │ u_id_uop          0.09       0        0      0.107        0     │
  ├────────────────────────────────────────────────────────────────┤
  │ INSTR_DECODER_TOP  1.104       0        0      0.106        0     │
  └────────────────────────────────────────────────────────────────┘

  Status : ALL PATHS CLEAN — No Setup or Hold Violations


=========================================================================
                   TIMING EXCEPTIONS APPLIED
=========================================================================

  set_false_path -from [get_ports SCAN_EN]      -to [all_registers]
  set_false_path -from [get_ports TEST_MODE]     -to [all_registers]
  set_multicycle_path 2 -setup -from [get_cells u_id_opmap/*] -to [get_cells u_id_uop/*]
  set_multicycle_path 1 -hold  -from [get_cells u_id_opmap/*] -to [get_cells u_id_uop/*]
  set_input_delay  0.400 -clock CLK_CORE -max [all_inputs]
  set_output_delay 0.350 -clock CLK_CORE -max [all_outputs]


=========================================================================
                   CLOCK DOMAIN SUMMARY
=========================================================================

  Clock    : CLK_CORE
  Period   : 2 ns
  Waveform : {0.000 1}
  Skew     : 0.025 ns  (max across INSTR_DECODER_TOP)
  Latency  : 0.138 ns  (max)


=========================================================================
                   CONSTRAINT COVERAGE
=========================================================================

  Total register endpoints   : 2023
  Constrained endpoints      : 4816
  Unconstrained endpoints    :      0
  Coverage                   :  100.0%


=========================================================================
                   TOOL / RUN INFORMATION
=========================================================================

  Tool         : Synopsys PrimeTime 2023.06-SP3
  Run Host     : sta-server-01
  Run Dir      : /proj/cpu_rtl/sta/DECODE/INSTRUCTION_DECODER/run_ss_0p63v_0p63v_125c
  SDC File     : /proj/cpu_rtl/constraints/INSTR_DECODER_TOP.sdc
  Netlist      : /proj/cpu_rtl/netlist/INSTR_DECODER_TOP.v.gz
  SPEF File    : /proj/cpu_rtl/spef/INSTR_DECODER_TOP.spef.gz
  Liberty      : saed32nm_rvt_ss_0p63v_0p63v_125c.db
  Elapsed Time : 00:06:14
  Peak Memory  : 2.143 GB

=========================================================================
End of Report
=========================================================================
