****************************************
Report : timing
        -path_type full
        -delay_type min
        -max_paths 10
        -sort_by slack
Design : L1I_TOP
Version: PrimeTime 2023.06-SP3
Date   : Sat Aug 15 17:34:54 2026
Corner : tt_0p90v_0p90v_25c
Note   : Typical Hold    — Nominal corner
****************************************

Operating Conditions : tt_0p90v_0p90v_25c (Library: saed32nm_rvt)
Wire Load Model Mode : Interconnect (StarRC Extracted)

  Startpoint : u_l1i_tag/din_reg[0]
               (rising edge-triggered flip-flop clocked by CLK_CORE)
  Endpoint   : u_l1i_lru/dout_reg[0]
               (rising edge-triggered flip-flop clocked by CLK_CORE)
  Path Group : CLK_CORE
  Path Type  : min

  Point                                                   Incr        Path
  -------------------------------------------------------------------------
  clock CLK_CORE (rise edge)                                  0.000       0.000
  clock network delay (propagated)                        0.162      0.162
  u_l1i_tag/din_reg[0]/CK (DFFARX1_RVT)                        0.000       0.162 r
  u_l1i_tag/din_reg[0]/Q  (DFFARX1_RVT)                        0.139       0.301 r
  u_l1i_tag/U12/Y (INVX2_RVT)                                  0.06       0.361 f
  u_l1i_tag/U34/Y (NAND2X1_RVT)                                0.091       0.452 r
  u_l1i_data/U07/Y (AOI22X1_RVT)                                0.081       0.533 f
  u_l1i_data/U19/Y (OAI21X1_RVT)                                0.088       0.621 r
  u_l1i_ctrl/U03/Y (MUX21X1_RVT)                                0.088       0.709 r
  u_l1i_ctrl/U11/Y (AND2X1_RVT)                                 0.061       0.77 f
  u_l1i_ctrl/U22/Y (NOR2X1_RVT)                                 0.045       0.815 r
  u_l1i_lru/U05/Y (BUFX4_RVT)                                  0.069       0.884 r
  u_l1i_lru/dout_reg[0]/D (DFFARX1_RVT)                        0.051      0.935 f
  data arrival time                                                    0.935

  clock CLK_CORE (rise edge)                                  2     2
  clock network delay (propagated)                        0.162      2.162
  clock uncertainty                                      -0.05   2.112
  u_l1i_lru/dout_reg[0]/CK (DFFARX1_RVT)                       0.000       2.112 r
  library setup time                                     -0.076   2.036
  data required time                                                   2.036
  -------------------------------------------------------------------------
  data required time                                                   2.036
  data arrival time                                                   -0.935
  -------------------------------------------------------------------------
  slack (MET)   1.101


=========================================================================
                   L1I_TOP — TIMING SUMMARY
=========================================================================

  Block        : L1I_TOP
  Corner       : tt_0p90v_0p90v_25c
  Check        : min  (Typical Hold    — Nominal corner)
  Clock        : CLK_CORE  Period = 2 ns  (500 MHz)
  Technology   : SAED 32nm RVT

  ┌────────────────────────────────────────────────────────────────┐
  │ Sub-Unit      WNS (ns)  TNS (ns)  #Viol   WHS (ns)  #HViol  │
  ├────────────────────────────────────────────────────────────────┤
  │ u_l1i_tag          1.101       0        0      0.111        0     │
  │ u_l1i_data          0.108       0        0      0.129        0     │
  │ u_l1i_ctrl          0.113       0        0      0.094        0     │
  │ u_l1i_lru          0.079       0        0      0.062        0     │
  ├────────────────────────────────────────────────────────────────┤
  │ L1I_TOP  1.101       0        0      0.111        0     │
  └────────────────────────────────────────────────────────────────┘

  Status : ALL PATHS CLEAN — No Setup or Hold Violations


=========================================================================
                   TIMING EXCEPTIONS APPLIED
=========================================================================

  set_false_path -from [get_ports SCAN_EN]      -to [all_registers]
  set_false_path -from [get_ports TEST_MODE]     -to [all_registers]
  set_multicycle_path 2 -setup -from [get_cells u_l1i_tag/*] -to [get_cells u_l1i_lru/*]
  set_multicycle_path 1 -hold  -from [get_cells u_l1i_tag/*] -to [get_cells u_l1i_lru/*]
  set_input_delay  0.400 -clock CLK_CORE -max [all_inputs]
  set_output_delay 0.350 -clock CLK_CORE -max [all_outputs]


=========================================================================
                   CLOCK DOMAIN SUMMARY
=========================================================================

  Clock    : CLK_CORE
  Period   : 2 ns
  Waveform : {0.000 1}
  Skew     : 0.024 ns  (max across L1I_TOP)
  Latency  : 0.162 ns  (max)


=========================================================================
                   CONSTRAINT COVERAGE
=========================================================================

  Total register endpoints   : 3331
  Constrained endpoints      : 3757
  Unconstrained endpoints    :      0
  Coverage                   :  100.0%


=========================================================================
                   TOOL / RUN INFORMATION
=========================================================================

  Tool         : Synopsys PrimeTime 2023.06-SP3
  Run Host     : sta-server-01
  Run Dir      : /proj/cpu_rtl/sta/CACHE/L1I/run_tt_0p90v_0p90v_25c
  SDC File     : /proj/cpu_rtl/constraints/L1I_TOP.sdc
  Netlist      : /proj/cpu_rtl/netlist/L1I_TOP.v.gz
  SPEF File    : /proj/cpu_rtl/spef/L1I_TOP.spef.gz
  Liberty      : saed32nm_rvt_tt_0p90v_0p90v_25c.db
  Elapsed Time : 00:01:40
  Peak Memory  : 4.383 GB

=========================================================================
End of Report
=========================================================================
