****************************************
Report : timing
        -path_type full
        -delay_type max
        -max_paths 10
        -sort_by slack
Design : L1I_TOP
Version: PrimeTime 2023.06-SP3
Date   : Sat Aug 15 17:34:54 2026
Corner : ss_0p63v_0p63v_125c
Note   : Low-Vdd Setup   — Ultra-low voltage corner
****************************************

Operating Conditions : ss_0p63v_0p63v_125c (Library: saed32nm_rvt)
Wire Load Model Mode : Interconnect (StarRC Extracted)

  Startpoint : u_l1i_tag/din_reg[0]
               (rising edge-triggered flip-flop clocked by CLK_CORE)
  Endpoint   : u_l1i_lru/dout_reg[0]
               (rising edge-triggered flip-flop clocked by CLK_CORE)
  Path Group : CLK_CORE
  Path Type  : max

  Point                                                   Incr        Path
  -------------------------------------------------------------------------
  clock CLK_CORE (rise edge)                                  0.000       0.000
  clock network delay (propagated)                        0.149      0.149
  u_l1i_tag/din_reg[0]/CK (DFFARX1_RVT)                        0.000       0.149 r
  u_l1i_tag/din_reg[0]/Q  (DFFARX1_RVT)                        0.136       0.285 r
  u_l1i_tag/U12/Y (INVX2_RVT)                                  0.063       0.348 f
  u_l1i_tag/U34/Y (NAND2X1_RVT)                                0.095       0.443 r
  u_l1i_data/U07/Y (AOI22X1_RVT)                                0.077       0.52 f
  u_l1i_data/U19/Y (OAI21X1_RVT)                                0.105       0.625 r
  u_l1i_ctrl/U03/Y (MUX21X1_RVT)                                0.06       0.685 r
  u_l1i_ctrl/U11/Y (AND2X1_RVT)                                 0.053       0.738 f
  u_l1i_ctrl/U22/Y (NOR2X1_RVT)                                 0.045       0.783 r
  u_l1i_lru/U05/Y (BUFX4_RVT)                                  0.084       0.867 r
  u_l1i_lru/dout_reg[0]/D (DFFARX1_RVT)                        0.056      0.923 f
  data arrival time                                                    0.923

  clock CLK_CORE (rise edge)                                  2     2
  clock network delay (propagated)                        0.149      2.149
  clock uncertainty                                      -0.05   2.099
  u_l1i_lru/dout_reg[0]/CK (DFFARX1_RVT)                       0.000       2.099 r
  library setup time                                     -0.072   2.027
  data required time                                                   2.027
  -------------------------------------------------------------------------
  data required time                                                   2.027
  data arrival time                                                   -0.923
  -------------------------------------------------------------------------
  slack (MET)   1.104


=========================================================================
                   L1I_TOP — TIMING SUMMARY
=========================================================================

  Block        : L1I_TOP
  Corner       : ss_0p63v_0p63v_125c
  Check        : max  (Low-Vdd Setup   — Ultra-low voltage corner)
  Clock        : CLK_CORE  Period = 2 ns  (500 MHz)
  Technology   : SAED 32nm RVT

  ┌────────────────────────────────────────────────────────────────┐
  │ Sub-Unit      WNS (ns)  TNS (ns)  #Viol   WHS (ns)  #HViol  │
  ├────────────────────────────────────────────────────────────────┤
  │ u_l1i_tag          1.104       0        0      0.097        0     │
  │ u_l1i_data          0.089       0        0      0.084        0     │
  │ u_l1i_ctrl          0.2       0        0      0.1        0     │
  │ u_l1i_lru          0.06       0        0      0.083        0     │
  ├────────────────────────────────────────────────────────────────┤
  │ L1I_TOP  1.104       0        0      0.097        0     │
  └────────────────────────────────────────────────────────────────┘

  Status : ALL PATHS CLEAN — No Setup or Hold Violations


=========================================================================
                   TIMING EXCEPTIONS APPLIED
=========================================================================

  set_false_path -from [get_ports SCAN_EN]      -to [all_registers]
  set_false_path -from [get_ports TEST_MODE]     -to [all_registers]
  set_multicycle_path 2 -setup -from [get_cells u_l1i_tag/*] -to [get_cells u_l1i_lru/*]
  set_multicycle_path 1 -hold  -from [get_cells u_l1i_tag/*] -to [get_cells u_l1i_lru/*]
  set_input_delay  0.400 -clock CLK_CORE -max [all_inputs]
  set_output_delay 0.350 -clock CLK_CORE -max [all_outputs]


=========================================================================
                   CLOCK DOMAIN SUMMARY
=========================================================================

  Clock    : CLK_CORE
  Period   : 2 ns
  Waveform : {0.000 1}
  Skew     : 0.019 ns  (max across L1I_TOP)
  Latency  : 0.149 ns  (max)


=========================================================================
                   CONSTRAINT COVERAGE
=========================================================================

  Total register endpoints   : 3553
  Constrained endpoints      : 1370
  Unconstrained endpoints    :      0
  Coverage                   :  100.0%


=========================================================================
                   TOOL / RUN INFORMATION
=========================================================================

  Tool         : Synopsys PrimeTime 2023.06-SP3
  Run Host     : sta-server-01
  Run Dir      : /proj/cpu_rtl/sta/CACHE/L1I/run_ss_0p63v_0p63v_125c
  SDC File     : /proj/cpu_rtl/constraints/L1I_TOP.sdc
  Netlist      : /proj/cpu_rtl/netlist/L1I_TOP.v.gz
  SPEF File    : /proj/cpu_rtl/spef/L1I_TOP.spef.gz
  Liberty      : saed32nm_rvt_ss_0p63v_0p63v_125c.db
  Elapsed Time : 00:02:12
  Peak Memory  : 2.506 GB

=========================================================================
End of Report
=========================================================================
