****************************************
Report : timing
        -path_type full
        -delay_type max
        -max_paths 10
        -sort_by slack
Design : L1I_TOP
Version: PrimeTime 2023.06-SP3
Date   : Sat Aug 15 17:34:54 2026
Corner : tt_0p90v_0p90v_25c
Note   : Clock Gating Check — Nominal corner
****************************************

Operating Conditions : tt_0p90v_0p90v_25c (Library: saed32nm_rvt)
Wire Load Model Mode : Interconnect (StarRC Extracted)

  Startpoint : u_l1i_tag/din_reg[0]
               (rising edge-triggered flip-flop clocked by CLK_CORE)
  Endpoint   : u_l1i_lru/dout_reg[0]
               (rising edge-triggered flip-flop clocked by CLK_CORE)
  Path Group : CLK_CORE
  Path Type  : max

  Point                                                   Incr        Path
  -------------------------------------------------------------------------
  clock CLK_CORE (rise edge)                                  0.000       0.000
  clock network delay (propagated)                        0.131      0.131
  u_l1i_tag/din_reg[0]/CK (DFFARX1_RVT)                        0.000       0.131 r
  u_l1i_tag/din_reg[0]/Q  (DFFARX1_RVT)                        0.129       0.26 r
  u_l1i_tag/U12/Y (INVX2_RVT)                                  0.061       0.321 f
  u_l1i_tag/U34/Y (NAND2X1_RVT)                                0.063       0.384 r
  u_l1i_data/U07/Y (AOI22X1_RVT)                                0.088       0.472 f
  u_l1i_data/U19/Y (OAI21X1_RVT)                                0.118       0.59 r
  u_l1i_ctrl/U03/Y (MUX21X1_RVT)                                0.076       0.666 r
  u_l1i_ctrl/U11/Y (AND2X1_RVT)                                 0.054       0.72 f
  u_l1i_ctrl/U22/Y (NOR2X1_RVT)                                 0.069       0.789 r
  u_l1i_lru/U05/Y (BUFX4_RVT)                                  0.058       0.847 r
  u_l1i_lru/dout_reg[0]/D (DFFARX1_RVT)                        0.072      0.919 f
  data arrival time                                                    0.919

  clock CLK_CORE (rise edge)                                  2     2
  clock network delay (propagated)                        0.131      2.131
  clock uncertainty                                      -0.05   2.081
  u_l1i_lru/dout_reg[0]/CK (DFFARX1_RVT)                       0.000       2.081 r
  library setup time                                     -0.079   2.002
  data required time                                                   2.002
  -------------------------------------------------------------------------
  data required time                                                   2.002
  data arrival time                                                   -0.919
  -------------------------------------------------------------------------
  slack (MET)   1.083


=========================================================================
                   L1I_TOP — TIMING SUMMARY
=========================================================================

  Block        : L1I_TOP
  Corner       : tt_0p90v_0p90v_25c
  Check        : max  (Clock Gating Check — Nominal corner)
  Clock        : CLK_CORE  Period = 2 ns  (500 MHz)
  Technology   : SAED 32nm RVT

  ┌────────────────────────────────────────────────────────────────┐
  │ Sub-Unit      WNS (ns)  TNS (ns)  #Viol   WHS (ns)  #HViol  │
  ├────────────────────────────────────────────────────────────────┤
  │ u_l1i_tag          1.083       0        0      0.065        0     │
  │ u_l1i_data          0.069       0        0      0.1        0     │
  │ u_l1i_ctrl          0.119       0        0      0.106        0     │
  │ u_l1i_lru          0.081       0        0      0.061        0     │
  ├────────────────────────────────────────────────────────────────┤
  │ L1I_TOP  1.083       0        0      0.065        0     │
  └────────────────────────────────────────────────────────────────┘

  Status : ALL PATHS CLEAN — No Setup or Hold Violations


=========================================================================
                   TIMING EXCEPTIONS APPLIED
=========================================================================

  set_false_path -from [get_ports SCAN_EN]      -to [all_registers]
  set_false_path -from [get_ports TEST_MODE]     -to [all_registers]
  set_multicycle_path 2 -setup -from [get_cells u_l1i_tag/*] -to [get_cells u_l1i_lru/*]
  set_multicycle_path 1 -hold  -from [get_cells u_l1i_tag/*] -to [get_cells u_l1i_lru/*]
  set_input_delay  0.400 -clock CLK_CORE -max [all_inputs]
  set_output_delay 0.350 -clock CLK_CORE -max [all_outputs]


=========================================================================
                   CLOCK DOMAIN SUMMARY
=========================================================================

  Clock    : CLK_CORE
  Period   : 2 ns
  Waveform : {0.000 1}
  Skew     : 0.017 ns  (max across L1I_TOP)
  Latency  : 0.131 ns  (max)


=========================================================================
                   CONSTRAINT COVERAGE
=========================================================================

  Total register endpoints   : 1594
  Constrained endpoints      : 4015
  Unconstrained endpoints    :      0
  Coverage                   :  100.0%


=========================================================================
                   TOOL / RUN INFORMATION
=========================================================================

  Tool         : Synopsys PrimeTime 2023.06-SP3
  Run Host     : sta-server-01
  Run Dir      : /proj/cpu_rtl/sta/CACHE/L1I/run_tt_0p90v_0p90v_25c
  SDC File     : /proj/cpu_rtl/constraints/L1I_TOP.sdc
  Netlist      : /proj/cpu_rtl/netlist/L1I_TOP.v.gz
  SPEF File    : /proj/cpu_rtl/spef/L1I_TOP.spef.gz
  Liberty      : saed32nm_rvt_tt_0p90v_0p90v_25c.db
  Elapsed Time : 00:01:44
  Peak Memory  : 3.378 GB

=========================================================================
End of Report
=========================================================================
