****************************************
Report : timing
        -path_type full
        -delay_type max
        -max_paths 10
        -sort_by slack
Design : L1I_TOP
Version: PrimeTime 2023.06-SP3
Date   : Sat Aug 15 17:34:54 2026
Corner : ss_0p72v_0p72v_125c
Note   : Recovery/Removal Check — Async reset paths
****************************************

Operating Conditions : ss_0p72v_0p72v_125c (Library: saed32nm_rvt)
Wire Load Model Mode : Interconnect (StarRC Extracted)

  Startpoint : u_l1i_tag/din_reg[0]
               (rising edge-triggered flip-flop clocked by CLK_CORE)
  Endpoint   : u_l1i_lru/dout_reg[0]
               (rising edge-triggered flip-flop clocked by CLK_CORE)
  Path Group : CLK_CORE
  Path Type  : max

  Point                                                   Incr        Path
  -------------------------------------------------------------------------
  clock CLK_CORE (rise edge)                                  0.000       0.000
  clock network delay (propagated)                        0.137      0.137
  u_l1i_tag/din_reg[0]/CK (DFFARX1_RVT)                        0.000       0.137 r
  u_l1i_tag/din_reg[0]/Q  (DFFARX1_RVT)                        0.113       0.25 r
  u_l1i_tag/U12/Y (INVX2_RVT)                                  0.034       0.284 f
  u_l1i_tag/U34/Y (NAND2X1_RVT)                                0.058       0.342 r
  u_l1i_data/U07/Y (AOI22X1_RVT)                                0.092       0.434 f
  u_l1i_data/U19/Y (OAI21X1_RVT)                                0.104       0.538 r
  u_l1i_ctrl/U03/Y (MUX21X1_RVT)                                0.079       0.617 r
  u_l1i_ctrl/U11/Y (AND2X1_RVT)                                 0.073       0.69 f
  u_l1i_ctrl/U22/Y (NOR2X1_RVT)                                 0.05       0.74 r
  u_l1i_lru/U05/Y (BUFX4_RVT)                                  0.077       0.817 r
  u_l1i_lru/dout_reg[0]/D (DFFARX1_RVT)                        0.067      0.884 f
  data arrival time                                                    0.884

  clock CLK_CORE (rise edge)                                  2     2
  clock network delay (propagated)                        0.137      2.137
  clock uncertainty                                      -0.05   2.087
  u_l1i_lru/dout_reg[0]/CK (DFFARX1_RVT)                       0.000       2.087 r
  library setup time                                     -0.08   2.007
  data required time                                                   2.007
  -------------------------------------------------------------------------
  data required time                                                   2.007
  data arrival time                                                   -0.884
  -------------------------------------------------------------------------
  slack (MET)   1.123


=========================================================================
                   L1I_TOP — TIMING SUMMARY
=========================================================================

  Block        : L1I_TOP
  Corner       : ss_0p72v_0p72v_125c
  Check        : max  (Recovery/Removal Check — Async reset paths)
  Clock        : CLK_CORE  Period = 2 ns  (500 MHz)
  Technology   : SAED 32nm RVT

  ┌────────────────────────────────────────────────────────────────┐
  │ Sub-Unit      WNS (ns)  TNS (ns)  #Viol   WHS (ns)  #HViol  │
  ├────────────────────────────────────────────────────────────────┤
  │ u_l1i_tag          1.123       0        0      0.078        0     │
  │ u_l1i_data          0.102       0        0      0.102        0     │
  │ u_l1i_ctrl          0.061       0        0      0.101        0     │
  │ u_l1i_lru          0.12       0        0      0.122        0     │
  ├────────────────────────────────────────────────────────────────┤
  │ L1I_TOP  1.123       0        0      0.078        0     │
  └────────────────────────────────────────────────────────────────┘

  Status : ALL PATHS CLEAN — No Setup or Hold Violations


=========================================================================
                   TIMING EXCEPTIONS APPLIED
=========================================================================

  set_false_path -from [get_ports SCAN_EN]      -to [all_registers]
  set_false_path -from [get_ports TEST_MODE]     -to [all_registers]
  set_multicycle_path 2 -setup -from [get_cells u_l1i_tag/*] -to [get_cells u_l1i_lru/*]
  set_multicycle_path 1 -hold  -from [get_cells u_l1i_tag/*] -to [get_cells u_l1i_lru/*]
  set_input_delay  0.400 -clock CLK_CORE -max [all_inputs]
  set_output_delay 0.350 -clock CLK_CORE -max [all_outputs]


=========================================================================
                   CLOCK DOMAIN SUMMARY
=========================================================================

  Clock    : CLK_CORE
  Period   : 2 ns
  Waveform : {0.000 1}
  Skew     : 0.025 ns  (max across L1I_TOP)
  Latency  : 0.137 ns  (max)


=========================================================================
                   CONSTRAINT COVERAGE
=========================================================================

  Total register endpoints   : 3791
  Constrained endpoints      : 3462
  Unconstrained endpoints    :      0
  Coverage                   :  100.0%


=========================================================================
                   TOOL / RUN INFORMATION
=========================================================================

  Tool         : Synopsys PrimeTime 2023.06-SP3
  Run Host     : sta-server-01
  Run Dir      : /proj/cpu_rtl/sta/CACHE/L1I/run_ss_0p72v_0p72v_125c
  SDC File     : /proj/cpu_rtl/constraints/L1I_TOP.sdc
  Netlist      : /proj/cpu_rtl/netlist/L1I_TOP.v.gz
  SPEF File    : /proj/cpu_rtl/spef/L1I_TOP.spef.gz
  Liberty      : saed32nm_rvt_ss_0p72v_0p72v_125c.db
  Elapsed Time : 00:07:25
  Peak Memory  : 1.222 GB

=========================================================================
End of Report
=========================================================================
