================================================================================
  STA BLOCK DUMP LOG  —  L1I_TOP
================================================================================

  Block Directory : D:\Certificates\PD_STA_REPORTS\CACHE\L1I
  Design          : L1I_TOP
  Parsed At       : 2026-08-15T22:10:32
  Total Reports   : 11


OWNERSHIP
----------------------------------------
  BLOCK TIMING OWNER           : User49  <user49@company.com>  [EMP-2049]
  TEAM LEAD                    : MTO_User9  <mto9@company.com>  [EMP-1009]
  RTL TEAM LEAD                : TeamLead9  <teamlead9@company.com>
  PD ENGINEER                  : PDEng9  <pdeng9@company.com>
  STA ENGINEER                 : STAEng9  <staeng9@company.com>
  CHIP STA LEAD                : STALead1  <stalead1@company.com>  [EMP-0004]

AGGREGATE SUMMARY
----------------------------------------
  Overall Status   : MET
  Worst WNS  (ns)  : 0.000
  Worst TNS  (ns)  : 0.000
  Worst WHS  (ns)  : 0.000
  Best  WNS  (ns)  : 1.130
  Total Violations : 0

BY CORNER
----------------------------------------
  Name                                              #       WNS       TNS       WHS  STATUS
  ─────────────────────────────────────────────  ────  ────────  ────────  ────────  ──────────
  N/A                                               1     0.000     0.000     0.000  MET
  ff_1p16v_1p16v_125c                               1     1.130     0.000     0.105  MET
  ff_1p16v_1p16v_n40c                               1     1.058     0.000     0.068  MET
  ss_0p63v_0p63v_125c                               1     1.104     0.000     0.097  MET
  ss_0p72v_0p72v_125c                               2     1.088     0.000     0.078  MET
  ss_0p72v_0p72v_n40c                               1     1.085     0.000     0.089  MET
  tt_0p90v_0p90v_25c                                4     1.066     0.000     0.065  MET

BY CHECK TYPE
----------------------------------------
  Name                                              #       WNS       TNS       WHS  STATUS
  ─────────────────────────────────────────────  ────  ────────  ────────  ────────  ──────────
  N/A                                               1     0.000     0.000     0.000  MET
  hold                                              3     1.058     0.000     0.068  MET
  setup                                             7     1.066     0.000     0.065  MET

PER-REPORT DETAIL
----------------------------------------
  File     : 01_SETUP_SS_125C_L1I_TOP.rpt
  Design   : L1I_TOP               Corner : ss_0p72v_0p72v_125c
  Check    : setup       Clock  : CLK_CORE  Period = 2.0 ns  (500.0 MHz)
  WNS      :   +1.088 ns   TNS :   +0.000 ns   WHS :   +0.078 ns
  Slack    :   +1.088 ns   Status : MET
  Status   : ALL PATHS CLEAN — No Setup or Hold Violations
  Coverage : 100.0%   Endpoints : 2155 / 1135
  Tool     : Synopsys PrimeTime 2023.06-SP3
  Runtime  : 00:08:21         Memory : 2.881 GB
  Run Dir  : /proj/cpu_rtl/sta/CACHE/L1I/run_ss_0p72v_0p72v_125c

  File     : 02_HOLD_FF_N40C_L1I_TOP.rpt
  Design   : L1I_TOP               Corner : ff_1p16v_1p16v_n40c
  Check    : hold        Clock  : CLK_CORE  Period = 2.0 ns  (500.0 MHz)
  WNS      :   +1.058 ns   TNS :   +0.000 ns   WHS :   +0.068 ns
  Slack    :   +1.058 ns   Status : MET
  Status   : ALL PATHS CLEAN — No Setup or Hold Violations
  Coverage : 100.0%   Endpoints : 2902 / 5350
  Tool     : Synopsys PrimeTime 2023.06-SP3
  Runtime  : 00:01:58         Memory : 4.344 GB
  Run Dir  : /proj/cpu_rtl/sta/CACHE/L1I/run_ff_1p16v_1p16v_n40c

  File     : 03_SETUP_TT_25C_L1I_TOP.rpt
  Design   : L1I_TOP               Corner : tt_0p90v_0p90v_25c
  Check    : setup       Clock  : CLK_CORE  Period = 2.0 ns  (500.0 MHz)
  WNS      :   +1.127 ns   TNS :   +0.000 ns   WHS :   +0.115 ns
  Slack    :   +1.127 ns   Status : MET
  Status   : ALL PATHS CLEAN — No Setup or Hold Violations
  Coverage : 100.0%   Endpoints : 3627 / 3251
  Tool     : Synopsys PrimeTime 2023.06-SP3
  Runtime  : 00:03:32         Memory : 2.803 GB
  Run Dir  : /proj/cpu_rtl/sta/CACHE/L1I/run_tt_0p90v_0p90v_25c

  File     : 04_HOLD_TT_25C_L1I_TOP.rpt
  Design   : L1I_TOP               Corner : tt_0p90v_0p90v_25c
  Check    : hold        Clock  : CLK_CORE  Period = 2.0 ns  (500.0 MHz)
  WNS      :   +1.101 ns   TNS :   +0.000 ns   WHS :   +0.111 ns
  Slack    :   +1.101 ns   Status : MET
  Status   : ALL PATHS CLEAN — No Setup or Hold Violations
  Coverage : 100.0%   Endpoints : 3757 / 3331
  Tool     : Synopsys PrimeTime 2023.06-SP3
  Runtime  : 00:01:40         Memory : 4.383 GB
  Run Dir  : /proj/cpu_rtl/sta/CACHE/L1I/run_tt_0p90v_0p90v_25c

  File     : 05_SETUP_SS_M40C_L1I_TOP.rpt
  Design   : L1I_TOP               Corner : ss_0p72v_0p72v_n40c
  Check    : setup       Clock  : CLK_CORE  Period = 2.0 ns  (500.0 MHz)
  WNS      :   +1.085 ns   TNS :   +0.000 ns   WHS :   +0.089 ns
  Slack    :   +1.085 ns   Status : MET
  Status   : ALL PATHS CLEAN — No Setup or Hold Violations
  Coverage : 100.0%   Endpoints : 1562 / 3490
  Tool     : Synopsys PrimeTime 2023.06-SP3
  Runtime  : 00:07:43         Memory : 2.037 GB
  Run Dir  : /proj/cpu_rtl/sta/CACHE/L1I/run_ss_0p72v_0p72v_n40c

  File     : 06_HOLD_FF_125C_L1I_TOP.rpt
  Design   : L1I_TOP               Corner : ff_1p16v_1p16v_125c
  Check    : hold        Clock  : CLK_CORE  Period = 2.0 ns  (500.0 MHz)
  WNS      :   +1.130 ns   TNS :   +0.000 ns   WHS :   +0.105 ns
  Slack    :   +1.130 ns   Status : MET
  Status   : ALL PATHS CLEAN — No Setup or Hold Violations
  Coverage : 100.0%   Endpoints : 3105 / 5072
  Tool     : Synopsys PrimeTime 2023.06-SP3
  Runtime  : 00:03:21         Memory : 2.874 GB
  Run Dir  : /proj/cpu_rtl/sta/CACHE/L1I/run_ff_1p16v_1p16v_125c

  File     : 07_SETUP_LVSS_125C_L1I_TOP.rpt
  Design   : L1I_TOP               Corner : ss_0p63v_0p63v_125c
  Check    : setup       Clock  : CLK_CORE  Period = 2.0 ns  (500.0 MHz)
  WNS      :   +1.104 ns   TNS :   +0.000 ns   WHS :   +0.097 ns
  Slack    :   +1.104 ns   Status : MET
  Status   : ALL PATHS CLEAN — No Setup or Hold Violations
  Coverage : 100.0%   Endpoints : 1370 / 3553
  Tool     : Synopsys PrimeTime 2023.06-SP3
  Runtime  : 00:02:12         Memory : 2.506 GB
  Run Dir  : /proj/cpu_rtl/sta/CACHE/L1I/run_ss_0p63v_0p63v_125c

  File     : 08_CG_CHECK_TT_25C_L1I_TOP.rpt
  Design   : L1I_TOP               Corner : tt_0p90v_0p90v_25c
  Check    : setup       Clock  : CLK_CORE  Period = 2.0 ns  (500.0 MHz)
  WNS      :   +1.083 ns   TNS :   +0.000 ns   WHS :   +0.065 ns
  Slack    :   +1.083 ns   Status : MET
  Status   : ALL PATHS CLEAN — No Setup or Hold Violations
  Coverage : 100.0%   Endpoints : 4015 / 1594
  Tool     : Synopsys PrimeTime 2023.06-SP3
  Runtime  : 00:01:44         Memory : 3.378 GB
  Run Dir  : /proj/cpu_rtl/sta/CACHE/L1I/run_tt_0p90v_0p90v_25c

  File     : 09_RECOVERY_SS_125C_L1I_TOP.rpt
  Design   : L1I_TOP               Corner : ss_0p72v_0p72v_125c
  Check    : setup       Clock  : CLK_CORE  Period = 2.0 ns  (500.0 MHz)
  WNS      :   +1.123 ns   TNS :   +0.000 ns   WHS :   +0.078 ns
  Slack    :   +1.123 ns   Status : MET
  Status   : ALL PATHS CLEAN — No Setup or Hold Violations
  Coverage : 100.0%   Endpoints : 3462 / 3791
  Tool     : Synopsys PrimeTime 2023.06-SP3
  Runtime  : 00:07:25         Memory : 1.222 GB
  Run Dir  : /proj/cpu_rtl/sta/CACHE/L1I/run_ss_0p72v_0p72v_125c

  File     : 10_MULTICYCLE_TT_25C_L1I_TOP.rpt
  Design   : L1I_TOP               Corner : tt_0p90v_0p90v_25c
  Check    : setup       Clock  : CLK_CORE  Period = 2.0 ns  (500.0 MHz)
  WNS      :   +1.066 ns   TNS :   +0.000 ns   WHS :   +0.070 ns
  Slack    :   +1.066 ns   Status : MET
  Status   : ALL PATHS CLEAN — No Setup or Hold Violations
  Coverage : 100.0%   Endpoints : 4661 / 1806
  Tool     : Synopsys PrimeTime 2023.06-SP3
  Runtime  : 00:04:46         Memory : 1.923 GB
  Run Dir  : /proj/cpu_rtl/sta/CACHE/L1I/run_tt_0p90v_0p90v_25c

  File     : L1I_TIMING.rpt
  Design   : N/A                   Corner : N/A
  Check    : N/A         Clock  : N/A  Period = 0.0 ns  (0.0 MHz)
  WNS      :   +0.000 ns   TNS :   +0.000 ns   WHS :   +0.000 ns
  Slack    :   +0.000 ns   Status : UNKNOWN
  Status   : N/A
  Coverage : 0.0%   Endpoints : 0 / 0
  Tool     : N/A
  Runtime  : N/A              Memory : N/A
  Run Dir  : N/A


================================================================================
END OF BLOCK DUMP LOG
================================================================================