****************************************
Report : timing
        -path_type full
        -delay_type min
        -max_paths 10
        -sort_by slack
Design : STU_TOP
Version: PrimeTime 2023.06-SP3
Date   : Sat Aug 15 17:34:53 2026
Corner : ff_1p16v_1p16v_n40c
Note   : Worst-case Hold  — Fast corner, cold temp
****************************************

Operating Conditions : ff_1p16v_1p16v_n40c (Library: saed32nm_rvt)
Wire Load Model Mode : Interconnect (StarRC Extracted)

  Startpoint : u_stu_agen/din_reg[0]
               (rising edge-triggered flip-flop clocked by CLK_CORE)
  Endpoint   : u_stu_merge/dout_reg[0]
               (rising edge-triggered flip-flop clocked by CLK_CORE)
  Path Group : CLK_CORE
  Path Type  : min

  Point                                                   Incr        Path
  -------------------------------------------------------------------------
  clock CLK_CORE (rise edge)                                  0.000       0.000
  clock network delay (propagated)                        0.141      0.141
  u_stu_agen/din_reg[0]/CK (DFFARX1_RVT)                        0.000       0.141 r
  u_stu_agen/din_reg[0]/Q  (DFFARX1_RVT)                        0.112       0.253 r
  u_stu_agen/U12/Y (INVX2_RVT)                                  0.045       0.298 f
  u_stu_agen/U34/Y (NAND2X1_RVT)                                0.074       0.372 r
  u_stu_tlb/U07/Y (AOI22X1_RVT)                                0.09       0.462 f
  u_stu_tlb/U19/Y (OAI21X1_RVT)                                0.117       0.579 r
  u_stu_dc/U03/Y (MUX21X1_RVT)                                0.072       0.651 r
  u_stu_dc/U11/Y (AND2X1_RVT)                                 0.066       0.717 f
  u_stu_dc/U22/Y (NOR2X1_RVT)                                 0.052       0.769 r
  u_stu_merge/U05/Y (BUFX4_RVT)                                  0.081       0.85 r
  u_stu_merge/dout_reg[0]/D (DFFARX1_RVT)                        0.059      0.909 f
  data arrival time                                                    0.909

  clock CLK_CORE (rise edge)                                  2     2
  clock network delay (propagated)                        0.141      2.141
  clock uncertainty                                      -0.05   2.091
  u_stu_merge/dout_reg[0]/CK (DFFARX1_RVT)                       0.000       2.091 r
  library setup time                                     -0.077   2.014
  data required time                                                   2.014
  -------------------------------------------------------------------------
  data required time                                                   2.014
  data arrival time                                                   -0.909
  -------------------------------------------------------------------------
  slack (MET)   1.105


=========================================================================
                   STU_TOP — TIMING SUMMARY
=========================================================================

  Block        : STU_TOP
  Corner       : ff_1p16v_1p16v_n40c
  Check        : min  (Worst-case Hold  — Fast corner, cold temp)
  Clock        : CLK_CORE  Period = 2 ns  (500 MHz)
  Technology   : SAED 32nm RVT

  ┌────────────────────────────────────────────────────────────────┐
  │ Sub-Unit      WNS (ns)  TNS (ns)  #Viol   WHS (ns)  #HViol  │
  ├────────────────────────────────────────────────────────────────┤
  │ u_stu_agen          1.105       0        0      0.077        0     │
  │ u_stu_tlb          0.069       0        0      0.114        0     │
  │ u_stu_dc          0.149       0        0      0.062        0     │
  │ u_stu_merge          0.131       0        0      0.095        0     │
  ├────────────────────────────────────────────────────────────────┤
  │ STU_TOP  1.105       0        0      0.077        0     │
  └────────────────────────────────────────────────────────────────┘

  Status : ALL PATHS CLEAN — No Setup or Hold Violations


=========================================================================
                   TIMING EXCEPTIONS APPLIED
=========================================================================

  set_false_path -from [get_ports SCAN_EN]      -to [all_registers]
  set_false_path -from [get_ports TEST_MODE]     -to [all_registers]
  set_multicycle_path 2 -setup -from [get_cells u_stu_agen/*] -to [get_cells u_stu_merge/*]
  set_multicycle_path 1 -hold  -from [get_cells u_stu_agen/*] -to [get_cells u_stu_merge/*]
  set_input_delay  0.400 -clock CLK_CORE -max [all_inputs]
  set_output_delay 0.350 -clock CLK_CORE -max [all_outputs]


=========================================================================
                   CLOCK DOMAIN SUMMARY
=========================================================================

  Clock    : CLK_CORE
  Period   : 2 ns
  Waveform : {0.000 1}
  Skew     : 0.015 ns  (max across STU_TOP)
  Latency  : 0.141 ns  (max)


=========================================================================
                   CONSTRAINT COVERAGE
=========================================================================

  Total register endpoints   : 3185
  Constrained endpoints      : 1044
  Unconstrained endpoints    :      0
  Coverage                   :  100.0%


=========================================================================
                   TOOL / RUN INFORMATION
=========================================================================

  Tool         : Synopsys PrimeTime 2023.06-SP3
  Run Host     : sta-server-01
  Run Dir      : /proj/cpu_rtl/sta/EXECUTE/LSU/STU/run_ff_1p16v_1p16v_n40c
  SDC File     : /proj/cpu_rtl/constraints/STU_TOP.sdc
  Netlist      : /proj/cpu_rtl/netlist/STU_TOP.v.gz
  SPEF File    : /proj/cpu_rtl/spef/STU_TOP.spef.gz
  Liberty      : saed32nm_rvt_ff_1p16v_1p16v_n40c.db
  Elapsed Time : 00:05:37
  Peak Memory  : 4.474 GB

=========================================================================
End of Report
=========================================================================
