****************************************
Report : timing
        -path_type full
        -delay_type min
        -max_paths 10
        -sort_by slack
Design : STU_TOP
Version: PrimeTime 2023.06-SP3
Date   : Sat Aug 15 17:34:53 2026
Corner : tt_0p90v_0p90v_25c
Note   : Typical Hold    — Nominal corner
****************************************

Operating Conditions : tt_0p90v_0p90v_25c (Library: saed32nm_rvt)
Wire Load Model Mode : Interconnect (StarRC Extracted)

  Startpoint : u_stu_agen/din_reg[0]
               (rising edge-triggered flip-flop clocked by CLK_CORE)
  Endpoint   : u_stu_merge/dout_reg[0]
               (rising edge-triggered flip-flop clocked by CLK_CORE)
  Path Group : CLK_CORE
  Path Type  : min

  Point                                                   Incr        Path
  -------------------------------------------------------------------------
  clock CLK_CORE (rise edge)                                  0.000       0.000
  clock network delay (propagated)                        0.135      0.135
  u_stu_agen/din_reg[0]/CK (DFFARX1_RVT)                        0.000       0.135 r
  u_stu_agen/din_reg[0]/Q  (DFFARX1_RVT)                        0.113       0.248 r
  u_stu_agen/U12/Y (INVX2_RVT)                                  0.033       0.281 f
  u_stu_agen/U34/Y (NAND2X1_RVT)                                0.07       0.351 r
  u_stu_tlb/U07/Y (AOI22X1_RVT)                                0.078       0.429 f
  u_stu_tlb/U19/Y (OAI21X1_RVT)                                0.102       0.531 r
  u_stu_dc/U03/Y (MUX21X1_RVT)                                0.081       0.612 r
  u_stu_dc/U11/Y (AND2X1_RVT)                                 0.076       0.688 f
  u_stu_dc/U22/Y (NOR2X1_RVT)                                 0.067       0.755 r
  u_stu_merge/U05/Y (BUFX4_RVT)                                  0.075       0.83 r
  u_stu_merge/dout_reg[0]/D (DFFARX1_RVT)                        0.055      0.885 f
  data arrival time                                                    0.885

  clock CLK_CORE (rise edge)                                  2     2
  clock network delay (propagated)                        0.135      2.135
  clock uncertainty                                      -0.05   2.085
  u_stu_merge/dout_reg[0]/CK (DFFARX1_RVT)                       0.000       2.085 r
  library setup time                                     -0.07   2.015
  data required time                                                   2.015
  -------------------------------------------------------------------------
  data required time                                                   2.015
  data arrival time                                                   -0.885
  -------------------------------------------------------------------------
  slack (MET)   1.13


=========================================================================
                   STU_TOP — TIMING SUMMARY
=========================================================================

  Block        : STU_TOP
  Corner       : tt_0p90v_0p90v_25c
  Check        : min  (Typical Hold    — Nominal corner)
  Clock        : CLK_CORE  Period = 2 ns  (500 MHz)
  Technology   : SAED 32nm RVT

  ┌────────────────────────────────────────────────────────────────┐
  │ Sub-Unit      WNS (ns)  TNS (ns)  #Viol   WHS (ns)  #HViol  │
  ├────────────────────────────────────────────────────────────────┤
  │ u_stu_agen          1.13       0        0      0.095        0     │
  │ u_stu_tlb          0.065       0        0      0.08        0     │
  │ u_stu_dc          0.067       0        0      0.13        0     │
  │ u_stu_merge          0.096       0        0      0.117        0     │
  ├────────────────────────────────────────────────────────────────┤
  │ STU_TOP  1.13       0        0      0.095        0     │
  └────────────────────────────────────────────────────────────────┘

  Status : ALL PATHS CLEAN — No Setup or Hold Violations


=========================================================================
                   TIMING EXCEPTIONS APPLIED
=========================================================================

  set_false_path -from [get_ports SCAN_EN]      -to [all_registers]
  set_false_path -from [get_ports TEST_MODE]     -to [all_registers]
  set_multicycle_path 2 -setup -from [get_cells u_stu_agen/*] -to [get_cells u_stu_merge/*]
  set_multicycle_path 1 -hold  -from [get_cells u_stu_agen/*] -to [get_cells u_stu_merge/*]
  set_input_delay  0.400 -clock CLK_CORE -max [all_inputs]
  set_output_delay 0.350 -clock CLK_CORE -max [all_outputs]


=========================================================================
                   CLOCK DOMAIN SUMMARY
=========================================================================

  Clock    : CLK_CORE
  Period   : 2 ns
  Waveform : {0.000 1}
  Skew     : 0.023 ns  (max across STU_TOP)
  Latency  : 0.135 ns  (max)


=========================================================================
                   CONSTRAINT COVERAGE
=========================================================================

  Total register endpoints   : 4964
  Constrained endpoints      : 1053
  Unconstrained endpoints    :      0
  Coverage                   :  100.0%


=========================================================================
                   TOOL / RUN INFORMATION
=========================================================================

  Tool         : Synopsys PrimeTime 2023.06-SP3
  Run Host     : sta-server-01
  Run Dir      : /proj/cpu_rtl/sta/EXECUTE/LSU/STU/run_tt_0p90v_0p90v_25c
  SDC File     : /proj/cpu_rtl/constraints/STU_TOP.sdc
  Netlist      : /proj/cpu_rtl/netlist/STU_TOP.v.gz
  SPEF File    : /proj/cpu_rtl/spef/STU_TOP.spef.gz
  Liberty      : saed32nm_rvt_tt_0p90v_0p90v_25c.db
  Elapsed Time : 00:03:26
  Peak Memory  : 2.193 GB

=========================================================================
End of Report
=========================================================================
