****************************************
Report : timing
        -path_type full
        -delay_type min
        -max_paths 10
        -sort_by slack
Design : STU_TOP
Version: PrimeTime 2023.06-SP3
Date   : Sat Aug 15 17:34:53 2026
Corner : ff_1p16v_1p16v_125c
Note   : Hot Hold        — Fast corner, high temp
****************************************

Operating Conditions : ff_1p16v_1p16v_125c (Library: saed32nm_rvt)
Wire Load Model Mode : Interconnect (StarRC Extracted)

  Startpoint : u_stu_agen/din_reg[0]
               (rising edge-triggered flip-flop clocked by CLK_CORE)
  Endpoint   : u_stu_merge/dout_reg[0]
               (rising edge-triggered flip-flop clocked by CLK_CORE)
  Path Group : CLK_CORE
  Path Type  : min

  Point                                                   Incr        Path
  -------------------------------------------------------------------------
  clock CLK_CORE (rise edge)                                  0.000       0.000
  clock network delay (propagated)                        0.14      0.14
  u_stu_agen/din_reg[0]/CK (DFFARX1_RVT)                        0.000       0.14 r
  u_stu_agen/din_reg[0]/Q  (DFFARX1_RVT)                        0.12       0.26 r
  u_stu_agen/U12/Y (INVX2_RVT)                                  0.04       0.3 f
  u_stu_agen/U34/Y (NAND2X1_RVT)                                0.085       0.385 r
  u_stu_tlb/U07/Y (AOI22X1_RVT)                                0.1       0.485 f
  u_stu_tlb/U19/Y (OAI21X1_RVT)                                0.118       0.603 r
  u_stu_dc/U03/Y (MUX21X1_RVT)                                0.07       0.673 r
  u_stu_dc/U11/Y (AND2X1_RVT)                                 0.08       0.753 f
  u_stu_dc/U22/Y (NOR2X1_RVT)                                 0.059       0.812 r
  u_stu_merge/U05/Y (BUFX4_RVT)                                  0.07       0.882 r
  u_stu_merge/dout_reg[0]/D (DFFARX1_RVT)                        0.071      0.953 f
  data arrival time                                                    0.953

  clock CLK_CORE (rise edge)                                  2     2
  clock network delay (propagated)                        0.14      2.14
  clock uncertainty                                      -0.05   2.09
  u_stu_merge/dout_reg[0]/CK (DFFARX1_RVT)                       0.000       2.09 r
  library setup time                                     -0.083   2.007
  data required time                                                   2.007
  -------------------------------------------------------------------------
  data required time                                                   2.007
  data arrival time                                                   -0.953
  -------------------------------------------------------------------------
  slack (MET)   1.054


=========================================================================
                   STU_TOP — TIMING SUMMARY
=========================================================================

  Block        : STU_TOP
  Corner       : ff_1p16v_1p16v_125c
  Check        : min  (Hot Hold        — Fast corner, high temp)
  Clock        : CLK_CORE  Period = 2 ns  (500 MHz)
  Technology   : SAED 32nm RVT

  ┌────────────────────────────────────────────────────────────────┐
  │ Sub-Unit      WNS (ns)  TNS (ns)  #Viol   WHS (ns)  #HViol  │
  ├────────────────────────────────────────────────────────────────┤
  │ u_stu_agen          1.054       0        0      0.095        0     │
  │ u_stu_tlb          0.066       0        0      0.061        0     │
  │ u_stu_dc          0.178       0        0      0.088        0     │
  │ u_stu_merge          0.087       0        0      0.091        0     │
  ├────────────────────────────────────────────────────────────────┤
  │ STU_TOP  1.054       0        0      0.095        0     │
  └────────────────────────────────────────────────────────────────┘

  Status : ALL PATHS CLEAN — No Setup or Hold Violations


=========================================================================
                   TIMING EXCEPTIONS APPLIED
=========================================================================

  set_false_path -from [get_ports SCAN_EN]      -to [all_registers]
  set_false_path -from [get_ports TEST_MODE]     -to [all_registers]
  set_multicycle_path 2 -setup -from [get_cells u_stu_agen/*] -to [get_cells u_stu_merge/*]
  set_multicycle_path 1 -hold  -from [get_cells u_stu_agen/*] -to [get_cells u_stu_merge/*]
  set_input_delay  0.400 -clock CLK_CORE -max [all_inputs]
  set_output_delay 0.350 -clock CLK_CORE -max [all_outputs]


=========================================================================
                   CLOCK DOMAIN SUMMARY
=========================================================================

  Clock    : CLK_CORE
  Period   : 2 ns
  Waveform : {0.000 1}
  Skew     : 0.017 ns  (max across STU_TOP)
  Latency  : 0.14 ns  (max)


=========================================================================
                   CONSTRAINT COVERAGE
=========================================================================

  Total register endpoints   : 1006
  Constrained endpoints      : 3356
  Unconstrained endpoints    :      0
  Coverage                   :  100.0%


=========================================================================
                   TOOL / RUN INFORMATION
=========================================================================

  Tool         : Synopsys PrimeTime 2023.06-SP3
  Run Host     : sta-server-01
  Run Dir      : /proj/cpu_rtl/sta/EXECUTE/LSU/STU/run_ff_1p16v_1p16v_125c
  SDC File     : /proj/cpu_rtl/constraints/STU_TOP.sdc
  Netlist      : /proj/cpu_rtl/netlist/STU_TOP.v.gz
  SPEF File    : /proj/cpu_rtl/spef/STU_TOP.spef.gz
  Liberty      : saed32nm_rvt_ff_1p16v_1p16v_125c.db
  Elapsed Time : 00:01:37
  Peak Memory  : 4.592 GB

=========================================================================
End of Report
=========================================================================
