****************************************
Report : timing
        -path_type full
        -delay_type max
        -max_paths 10
        -sort_by slack
Design : STU_TOP
Version: PrimeTime 2023.06-SP3
Date   : Sat Aug 15 17:34:53 2026
Corner : ss_0p72v_0p72v_125c
Note   : Recovery/Removal Check — Async reset paths
****************************************

Operating Conditions : ss_0p72v_0p72v_125c (Library: saed32nm_rvt)
Wire Load Model Mode : Interconnect (StarRC Extracted)

  Startpoint : u_stu_agen/din_reg[0]
               (rising edge-triggered flip-flop clocked by CLK_CORE)
  Endpoint   : u_stu_merge/dout_reg[0]
               (rising edge-triggered flip-flop clocked by CLK_CORE)
  Path Group : CLK_CORE
  Path Type  : max

  Point                                                   Incr        Path
  -------------------------------------------------------------------------
  clock CLK_CORE (rise edge)                                  0.000       0.000
  clock network delay (propagated)                        0.138      0.138
  u_stu_agen/din_reg[0]/CK (DFFARX1_RVT)                        0.000       0.138 r
  u_stu_agen/din_reg[0]/Q  (DFFARX1_RVT)                        0.118       0.256 r
  u_stu_agen/U12/Y (INVX2_RVT)                                  0.058       0.314 f
  u_stu_agen/U34/Y (NAND2X1_RVT)                                0.089       0.403 r
  u_stu_tlb/U07/Y (AOI22X1_RVT)                                0.1       0.503 f
  u_stu_tlb/U19/Y (OAI21X1_RVT)                                0.119       0.622 r
  u_stu_dc/U03/Y (MUX21X1_RVT)                                0.067       0.689 r
  u_stu_dc/U11/Y (AND2X1_RVT)                                 0.048       0.737 f
  u_stu_dc/U22/Y (NOR2X1_RVT)                                 0.069       0.806 r
  u_stu_merge/U05/Y (BUFX4_RVT)                                  0.062       0.868 r
  u_stu_merge/dout_reg[0]/D (DFFARX1_RVT)                        0.052      0.92 f
  data arrival time                                                    0.92

  clock CLK_CORE (rise edge)                                  2     2
  clock network delay (propagated)                        0.138      2.138
  clock uncertainty                                      -0.05   2.088
  u_stu_merge/dout_reg[0]/CK (DFFARX1_RVT)                       0.000       2.088 r
  library setup time                                     -0.08   2.008
  data required time                                                   2.008
  -------------------------------------------------------------------------
  data required time                                                   2.008
  data arrival time                                                   -0.92
  -------------------------------------------------------------------------
  slack (MET)   1.088


=========================================================================
                   STU_TOP — TIMING SUMMARY
=========================================================================

  Block        : STU_TOP
  Corner       : ss_0p72v_0p72v_125c
  Check        : max  (Recovery/Removal Check — Async reset paths)
  Clock        : CLK_CORE  Period = 2 ns  (500 MHz)
  Technology   : SAED 32nm RVT

  ┌────────────────────────────────────────────────────────────────┐
  │ Sub-Unit      WNS (ns)  TNS (ns)  #Viol   WHS (ns)  #HViol  │
  ├────────────────────────────────────────────────────────────────┤
  │ u_stu_agen          1.088       0        0      0.114        0     │
  │ u_stu_tlb          0.189       0        0      0.123        0     │
  │ u_stu_dc          0.198       0        0      0.103        0     │
  │ u_stu_merge          0.079       0        0      0.123        0     │
  ├────────────────────────────────────────────────────────────────┤
  │ STU_TOP  1.088       0        0      0.114        0     │
  └────────────────────────────────────────────────────────────────┘

  Status : ALL PATHS CLEAN — No Setup or Hold Violations


=========================================================================
                   TIMING EXCEPTIONS APPLIED
=========================================================================

  set_false_path -from [get_ports SCAN_EN]      -to [all_registers]
  set_false_path -from [get_ports TEST_MODE]     -to [all_registers]
  set_multicycle_path 2 -setup -from [get_cells u_stu_agen/*] -to [get_cells u_stu_merge/*]
  set_multicycle_path 1 -hold  -from [get_cells u_stu_agen/*] -to [get_cells u_stu_merge/*]
  set_input_delay  0.400 -clock CLK_CORE -max [all_inputs]
  set_output_delay 0.350 -clock CLK_CORE -max [all_outputs]


=========================================================================
                   CLOCK DOMAIN SUMMARY
=========================================================================

  Clock    : CLK_CORE
  Period   : 2 ns
  Waveform : {0.000 1}
  Skew     : 0.017 ns  (max across STU_TOP)
  Latency  : 0.138 ns  (max)


=========================================================================
                   CONSTRAINT COVERAGE
=========================================================================

  Total register endpoints   : 1889
  Constrained endpoints      : 947
  Unconstrained endpoints    :      0
  Coverage                   :  100.0%


=========================================================================
                   TOOL / RUN INFORMATION
=========================================================================

  Tool         : Synopsys PrimeTime 2023.06-SP3
  Run Host     : sta-server-01
  Run Dir      : /proj/cpu_rtl/sta/EXECUTE/LSU/STU/run_ss_0p72v_0p72v_125c
  SDC File     : /proj/cpu_rtl/constraints/STU_TOP.sdc
  Netlist      : /proj/cpu_rtl/netlist/STU_TOP.v.gz
  SPEF File    : /proj/cpu_rtl/spef/STU_TOP.spef.gz
  Liberty      : saed32nm_rvt_ss_0p72v_0p72v_125c.db
  Elapsed Time : 00:08:27
  Peak Memory  : 2.716 GB

=========================================================================
End of Report
=========================================================================
