****************************************
Report : timing
        -path_type full
        -delay_type max
        -max_paths 10
        -sort_by slack
Design : STU_TOP
Version: PrimeTime 2023.06-SP3
Date   : Sat Aug 15 17:34:53 2026
Corner : tt_0p90v_0p90v_25c
Note   : Multicycle Path Check — 2-cycle paths
****************************************

Operating Conditions : tt_0p90v_0p90v_25c (Library: saed32nm_rvt)
Wire Load Model Mode : Interconnect (StarRC Extracted)

  Startpoint : u_stu_agen/din_reg[0]
               (rising edge-triggered flip-flop clocked by CLK_CORE)
  Endpoint   : u_stu_merge/dout_reg[0]
               (rising edge-triggered flip-flop clocked by CLK_CORE)
  Path Group : CLK_CORE
  Path Type  : max

  Point                                                   Incr        Path
  -------------------------------------------------------------------------
  clock CLK_CORE (rise edge)                                  0.000       0.000
  clock network delay (propagated)                        0.135      0.135
  u_stu_agen/din_reg[0]/CK (DFFARX1_RVT)                        0.000       0.135 r
  u_stu_agen/din_reg[0]/Q  (DFFARX1_RVT)                        0.123       0.258 r
  u_stu_agen/U12/Y (INVX2_RVT)                                  0.051       0.309 f
  u_stu_agen/U34/Y (NAND2X1_RVT)                                0.057       0.366 r
  u_stu_tlb/U07/Y (AOI22X1_RVT)                                0.099       0.465 f
  u_stu_tlb/U19/Y (OAI21X1_RVT)                                0.096       0.561 r
  u_stu_dc/U03/Y (MUX21X1_RVT)                                0.066       0.627 r
  u_stu_dc/U11/Y (AND2X1_RVT)                                 0.052       0.679 f
  u_stu_dc/U22/Y (NOR2X1_RVT)                                 0.055       0.734 r
  u_stu_merge/U05/Y (BUFX4_RVT)                                  0.08       0.814 r
  u_stu_merge/dout_reg[0]/D (DFFARX1_RVT)                        0.063      0.877 f
  data arrival time                                                    0.877

  clock CLK_CORE (rise edge)                                  2     2
  clock network delay (propagated)                        0.135      2.135
  clock uncertainty                                      -0.05   2.085
  u_stu_merge/dout_reg[0]/CK (DFFARX1_RVT)                       0.000       2.085 r
  library setup time                                     -0.065   2.02
  data required time                                                   2.02
  -------------------------------------------------------------------------
  data required time                                                   2.02
  data arrival time                                                   -0.877
  -------------------------------------------------------------------------
  slack (MET)   1.143


=========================================================================
                   STU_TOP — TIMING SUMMARY
=========================================================================

  Block        : STU_TOP
  Corner       : tt_0p90v_0p90v_25c
  Check        : max  (Multicycle Path Check — 2-cycle paths)
  Clock        : CLK_CORE  Period = 2 ns  (500 MHz)
  Technology   : SAED 32nm RVT

  ┌────────────────────────────────────────────────────────────────┐
  │ Sub-Unit      WNS (ns)  TNS (ns)  #Viol   WHS (ns)  #HViol  │
  ├────────────────────────────────────────────────────────────────┤
  │ u_stu_agen          1.143       0        0      0.08        0     │
  │ u_stu_tlb          0.065       0        0      0.089        0     │
  │ u_stu_dc          0.152       0        0      0.077        0     │
  │ u_stu_merge          0.164       0        0      0.082        0     │
  ├────────────────────────────────────────────────────────────────┤
  │ STU_TOP  1.143       0        0      0.08        0     │
  └────────────────────────────────────────────────────────────────┘

  Status : ALL PATHS CLEAN — No Setup or Hold Violations


=========================================================================
                   TIMING EXCEPTIONS APPLIED
=========================================================================

  set_false_path -from [get_ports SCAN_EN]      -to [all_registers]
  set_false_path -from [get_ports TEST_MODE]     -to [all_registers]
  set_multicycle_path 2 -setup -from [get_cells u_stu_agen/*] -to [get_cells u_stu_merge/*]
  set_multicycle_path 1 -hold  -from [get_cells u_stu_agen/*] -to [get_cells u_stu_merge/*]
  set_input_delay  0.400 -clock CLK_CORE -max [all_inputs]
  set_output_delay 0.350 -clock CLK_CORE -max [all_outputs]


=========================================================================
                   CLOCK DOMAIN SUMMARY
=========================================================================

  Clock    : CLK_CORE
  Period   : 2 ns
  Waveform : {0.000 1}
  Skew     : 0.02 ns  (max across STU_TOP)
  Latency  : 0.135 ns  (max)


=========================================================================
                   CONSTRAINT COVERAGE
=========================================================================

  Total register endpoints   : 5454
  Constrained endpoints      : 1942
  Unconstrained endpoints    :      0
  Coverage                   :  100.0%


=========================================================================
                   TOOL / RUN INFORMATION
=========================================================================

  Tool         : Synopsys PrimeTime 2023.06-SP3
  Run Host     : sta-server-01
  Run Dir      : /proj/cpu_rtl/sta/EXECUTE/LSU/STU/run_tt_0p90v_0p90v_25c
  SDC File     : /proj/cpu_rtl/constraints/STU_TOP.sdc
  Netlist      : /proj/cpu_rtl/netlist/STU_TOP.v.gz
  SPEF File    : /proj/cpu_rtl/spef/STU_TOP.spef.gz
  Liberty      : saed32nm_rvt_tt_0p90v_0p90v_25c.db
  Elapsed Time : 00:01:15
  Peak Memory  : 3.686 GB

=========================================================================
End of Report
=========================================================================
