****************************************
Report : timing
        -path_type full
        -delay_type min
        -max_paths 10
        -sort_by slack
Design : LDQ_TOP
Version: PrimeTime 2023.06-SP3
Date   : Sat Aug 15 17:34:53 2026
Corner : ff_1p16v_1p16v_n40c
Note   : Worst-case Hold  — Fast corner, cold temp
****************************************

Operating Conditions : ff_1p16v_1p16v_n40c (Library: saed32nm_rvt)
Wire Load Model Mode : Interconnect (StarRC Extracted)

  Startpoint : u_ldq_wr/din_reg[0]
               (rising edge-triggered flip-flop clocked by CLK_CORE)
  Endpoint   : u_ldq_tl/dout_reg[0]
               (rising edge-triggered flip-flop clocked by CLK_CORE)
  Path Group : CLK_CORE
  Path Type  : min

  Point                                                   Incr        Path
  -------------------------------------------------------------------------
  clock CLK_CORE (rise edge)                                  0.000       0.000
  clock network delay (propagated)                        0.159      0.159
  u_ldq_wr/din_reg[0]/CK (DFFARX1_RVT)                        0.000       0.159 r
  u_ldq_wr/din_reg[0]/Q  (DFFARX1_RVT)                        0.119       0.278 r
  u_ldq_wr/U12/Y (INVX2_RVT)                                  0.032       0.31 f
  u_ldq_wr/U34/Y (NAND2X1_RVT)                                0.085       0.395 r
  u_ldq_rd/U07/Y (AOI22X1_RVT)                                0.074       0.469 f
  u_ldq_rd/U19/Y (OAI21X1_RVT)                                0.088       0.557 r
  u_ldq_hd/U03/Y (MUX21X1_RVT)                                0.073       0.63 r
  u_ldq_hd/U11/Y (AND2X1_RVT)                                 0.066       0.696 f
  u_ldq_hd/U22/Y (NOR2X1_RVT)                                 0.056       0.752 r
  u_ldq_tl/U05/Y (BUFX4_RVT)                                  0.089       0.841 r
  u_ldq_tl/dout_reg[0]/D (DFFARX1_RVT)                        0.066      0.907 f
  data arrival time                                                    0.907

  clock CLK_CORE (rise edge)                                  2     2
  clock network delay (propagated)                        0.159      2.159
  clock uncertainty                                      -0.05   2.109
  u_ldq_tl/dout_reg[0]/CK (DFFARX1_RVT)                       0.000       2.109 r
  library setup time                                     -0.082   2.027
  data required time                                                   2.027
  -------------------------------------------------------------------------
  data required time                                                   2.027
  data arrival time                                                   -0.907
  -------------------------------------------------------------------------
  slack (MET)   1.12


=========================================================================
                   LDQ_TOP — TIMING SUMMARY
=========================================================================

  Block        : LDQ_TOP
  Corner       : ff_1p16v_1p16v_n40c
  Check        : min  (Worst-case Hold  — Fast corner, cold temp)
  Clock        : CLK_CORE  Period = 2 ns  (500 MHz)
  Technology   : SAED 32nm RVT

  ┌────────────────────────────────────────────────────────────────┐
  │ Sub-Unit      WNS (ns)  TNS (ns)  #Viol   WHS (ns)  #HViol  │
  ├────────────────────────────────────────────────────────────────┤
  │ u_ldq_wr          1.12       0        0      0.104        0     │
  │ u_ldq_rd          0.096       0        0      0.111        0     │
  │ u_ldq_hd          0.141       0        0      0.119        0     │
  │ u_ldq_tl          0.186       0        0      0.066        0     │
  ├────────────────────────────────────────────────────────────────┤
  │ LDQ_TOP  1.12       0        0      0.104        0     │
  └────────────────────────────────────────────────────────────────┘

  Status : ALL PATHS CLEAN — No Setup or Hold Violations


=========================================================================
                   TIMING EXCEPTIONS APPLIED
=========================================================================

  set_false_path -from [get_ports SCAN_EN]      -to [all_registers]
  set_false_path -from [get_ports TEST_MODE]     -to [all_registers]
  set_multicycle_path 2 -setup -from [get_cells u_ldq_wr/*] -to [get_cells u_ldq_tl/*]
  set_multicycle_path 1 -hold  -from [get_cells u_ldq_wr/*] -to [get_cells u_ldq_tl/*]
  set_input_delay  0.400 -clock CLK_CORE -max [all_inputs]
  set_output_delay 0.350 -clock CLK_CORE -max [all_outputs]


=========================================================================
                   CLOCK DOMAIN SUMMARY
=========================================================================

  Clock    : CLK_CORE
  Period   : 2 ns
  Waveform : {0.000 1}
  Skew     : 0.016 ns  (max across LDQ_TOP)
  Latency  : 0.159 ns  (max)


=========================================================================
                   CONSTRAINT COVERAGE
=========================================================================

  Total register endpoints   : 1507
  Constrained endpoints      : 4829
  Unconstrained endpoints    :      0
  Coverage                   :  100.0%


=========================================================================
                   TOOL / RUN INFORMATION
=========================================================================

  Tool         : Synopsys PrimeTime 2023.06-SP3
  Run Host     : sta-server-01
  Run Dir      : /proj/cpu_rtl/sta/MEMORY/LDQ/run_ff_1p16v_1p16v_n40c
  SDC File     : /proj/cpu_rtl/constraints/LDQ_TOP.sdc
  Netlist      : /proj/cpu_rtl/netlist/LDQ_TOP.v.gz
  SPEF File    : /proj/cpu_rtl/spef/LDQ_TOP.spef.gz
  Liberty      : saed32nm_rvt_ff_1p16v_1p16v_n40c.db
  Elapsed Time : 00:03:19
  Peak Memory  : 3.443 GB

=========================================================================
End of Report
=========================================================================
