****************************************
Report : timing
        -path_type full
        -delay_type min
        -max_paths 10
        -sort_by slack
Design : LDQ_TOP
Version: PrimeTime 2023.06-SP3
Date   : Sat Aug 15 17:34:53 2026
Corner : tt_0p90v_0p90v_25c
Note   : Typical Hold    — Nominal corner
****************************************

Operating Conditions : tt_0p90v_0p90v_25c (Library: saed32nm_rvt)
Wire Load Model Mode : Interconnect (StarRC Extracted)

  Startpoint : u_ldq_wr/din_reg[0]
               (rising edge-triggered flip-flop clocked by CLK_CORE)
  Endpoint   : u_ldq_tl/dout_reg[0]
               (rising edge-triggered flip-flop clocked by CLK_CORE)
  Path Group : CLK_CORE
  Path Type  : min

  Point                                                   Incr        Path
  -------------------------------------------------------------------------
  clock CLK_CORE (rise edge)                                  0.000       0.000
  clock network delay (propagated)                        0.146      0.146
  u_ldq_wr/din_reg[0]/CK (DFFARX1_RVT)                        0.000       0.146 r
  u_ldq_wr/din_reg[0]/Q  (DFFARX1_RVT)                        0.141       0.287 r
  u_ldq_wr/U12/Y (INVX2_RVT)                                  0.039       0.326 f
  u_ldq_wr/U34/Y (NAND2X1_RVT)                                0.078       0.404 r
  u_ldq_rd/U07/Y (AOI22X1_RVT)                                0.082       0.486 f
  u_ldq_rd/U19/Y (OAI21X1_RVT)                                0.09       0.576 r
  u_ldq_hd/U03/Y (MUX21X1_RVT)                                0.064       0.64 r
  u_ldq_hd/U11/Y (AND2X1_RVT)                                 0.077       0.717 f
  u_ldq_hd/U22/Y (NOR2X1_RVT)                                 0.067       0.784 r
  u_ldq_tl/U05/Y (BUFX4_RVT)                                  0.06       0.844 r
  u_ldq_tl/dout_reg[0]/D (DFFARX1_RVT)                        0.071      0.915 f
  data arrival time                                                    0.915

  clock CLK_CORE (rise edge)                                  2     2
  clock network delay (propagated)                        0.146      2.146
  clock uncertainty                                      -0.05   2.096
  u_ldq_tl/dout_reg[0]/CK (DFFARX1_RVT)                       0.000       2.096 r
  library setup time                                     -0.068   2.028
  data required time                                                   2.028
  -------------------------------------------------------------------------
  data required time                                                   2.028
  data arrival time                                                   -0.915
  -------------------------------------------------------------------------
  slack (MET)   1.113


=========================================================================
                   LDQ_TOP — TIMING SUMMARY
=========================================================================

  Block        : LDQ_TOP
  Corner       : tt_0p90v_0p90v_25c
  Check        : min  (Typical Hold    — Nominal corner)
  Clock        : CLK_CORE  Period = 2 ns  (500 MHz)
  Technology   : SAED 32nm RVT

  ┌────────────────────────────────────────────────────────────────┐
  │ Sub-Unit      WNS (ns)  TNS (ns)  #Viol   WHS (ns)  #HViol  │
  ├────────────────────────────────────────────────────────────────┤
  │ u_ldq_wr          1.113       0        0      0.086        0     │
  │ u_ldq_rd          0.169       0        0      0.114        0     │
  │ u_ldq_hd          0.057       0        0      0.121        0     │
  │ u_ldq_tl          0.178       0        0      0.104        0     │
  ├────────────────────────────────────────────────────────────────┤
  │ LDQ_TOP  1.113       0        0      0.086        0     │
  └────────────────────────────────────────────────────────────────┘

  Status : ALL PATHS CLEAN — No Setup or Hold Violations


=========================================================================
                   TIMING EXCEPTIONS APPLIED
=========================================================================

  set_false_path -from [get_ports SCAN_EN]      -to [all_registers]
  set_false_path -from [get_ports TEST_MODE]     -to [all_registers]
  set_multicycle_path 2 -setup -from [get_cells u_ldq_wr/*] -to [get_cells u_ldq_tl/*]
  set_multicycle_path 1 -hold  -from [get_cells u_ldq_wr/*] -to [get_cells u_ldq_tl/*]
  set_input_delay  0.400 -clock CLK_CORE -max [all_inputs]
  set_output_delay 0.350 -clock CLK_CORE -max [all_outputs]


=========================================================================
                   CLOCK DOMAIN SUMMARY
=========================================================================

  Clock    : CLK_CORE
  Period   : 2 ns
  Waveform : {0.000 1}
  Skew     : 0.016 ns  (max across LDQ_TOP)
  Latency  : 0.146 ns  (max)


=========================================================================
                   CONSTRAINT COVERAGE
=========================================================================

  Total register endpoints   : 1564
  Constrained endpoints      : 4005
  Unconstrained endpoints    :      0
  Coverage                   :  100.0%


=========================================================================
                   TOOL / RUN INFORMATION
=========================================================================

  Tool         : Synopsys PrimeTime 2023.06-SP3
  Run Host     : sta-server-01
  Run Dir      : /proj/cpu_rtl/sta/MEMORY/LDQ/run_tt_0p90v_0p90v_25c
  SDC File     : /proj/cpu_rtl/constraints/LDQ_TOP.sdc
  Netlist      : /proj/cpu_rtl/netlist/LDQ_TOP.v.gz
  SPEF File    : /proj/cpu_rtl/spef/LDQ_TOP.spef.gz
  Liberty      : saed32nm_rvt_tt_0p90v_0p90v_25c.db
  Elapsed Time : 00:03:56
  Peak Memory  : 3.206 GB

=========================================================================
End of Report
=========================================================================
