****************************************
Report : timing
        -path_type full
        -delay_type max
        -max_paths 10
        -sort_by slack
Design : LDQ_TOP
Version: PrimeTime 2023.06-SP3
Date   : Sat Aug 15 17:34:53 2026
Corner : ss_0p72v_0p72v_n40c
Note   : Cold Setup      — Slow corner, cold temp
****************************************

Operating Conditions : ss_0p72v_0p72v_n40c (Library: saed32nm_rvt)
Wire Load Model Mode : Interconnect (StarRC Extracted)

  Startpoint : u_ldq_wr/din_reg[0]
               (rising edge-triggered flip-flop clocked by CLK_CORE)
  Endpoint   : u_ldq_tl/dout_reg[0]
               (rising edge-triggered flip-flop clocked by CLK_CORE)
  Path Group : CLK_CORE
  Path Type  : max

  Point                                                   Incr        Path
  -------------------------------------------------------------------------
  clock CLK_CORE (rise edge)                                  0.000       0.000
  clock network delay (propagated)                        0.132      0.132
  u_ldq_wr/din_reg[0]/CK (DFFARX1_RVT)                        0.000       0.132 r
  u_ldq_wr/din_reg[0]/Q  (DFFARX1_RVT)                        0.142       0.274 r
  u_ldq_wr/U12/Y (INVX2_RVT)                                  0.035       0.309 f
  u_ldq_wr/U34/Y (NAND2X1_RVT)                                0.058       0.367 r
  u_ldq_rd/U07/Y (AOI22X1_RVT)                                0.104       0.471 f
  u_ldq_rd/U19/Y (OAI21X1_RVT)                                0.093       0.564 r
  u_ldq_hd/U03/Y (MUX21X1_RVT)                                0.071       0.635 r
  u_ldq_hd/U11/Y (AND2X1_RVT)                                 0.071       0.706 f
  u_ldq_hd/U22/Y (NOR2X1_RVT)                                 0.062       0.768 r
  u_ldq_tl/U05/Y (BUFX4_RVT)                                  0.086       0.854 r
  u_ldq_tl/dout_reg[0]/D (DFFARX1_RVT)                        0.066      0.92 f
  data arrival time                                                    0.92

  clock CLK_CORE (rise edge)                                  2     2
  clock network delay (propagated)                        0.132      2.132
  clock uncertainty                                      -0.05   2.082
  u_ldq_tl/dout_reg[0]/CK (DFFARX1_RVT)                       0.000       2.082 r
  library setup time                                     -0.074   2.008
  data required time                                                   2.008
  -------------------------------------------------------------------------
  data required time                                                   2.008
  data arrival time                                                   -0.92
  -------------------------------------------------------------------------
  slack (MET)   1.088


=========================================================================
                   LDQ_TOP — TIMING SUMMARY
=========================================================================

  Block        : LDQ_TOP
  Corner       : ss_0p72v_0p72v_n40c
  Check        : max  (Cold Setup      — Slow corner, cold temp)
  Clock        : CLK_CORE  Period = 2 ns  (500 MHz)
  Technology   : SAED 32nm RVT

  ┌────────────────────────────────────────────────────────────────┐
  │ Sub-Unit      WNS (ns)  TNS (ns)  #Viol   WHS (ns)  #HViol  │
  ├────────────────────────────────────────────────────────────────┤
  │ u_ldq_wr          1.088       0        0      0.096        0     │
  │ u_ldq_rd          0.053       0        0      0.12        0     │
  │ u_ldq_hd          0.197       0        0      0.099        0     │
  │ u_ldq_tl          0.175       0        0      0.067        0     │
  ├────────────────────────────────────────────────────────────────┤
  │ LDQ_TOP  1.088       0        0      0.096        0     │
  └────────────────────────────────────────────────────────────────┘

  Status : ALL PATHS CLEAN — No Setup or Hold Violations


=========================================================================
                   TIMING EXCEPTIONS APPLIED
=========================================================================

  set_false_path -from [get_ports SCAN_EN]      -to [all_registers]
  set_false_path -from [get_ports TEST_MODE]     -to [all_registers]
  set_multicycle_path 2 -setup -from [get_cells u_ldq_wr/*] -to [get_cells u_ldq_tl/*]
  set_multicycle_path 1 -hold  -from [get_cells u_ldq_wr/*] -to [get_cells u_ldq_tl/*]
  set_input_delay  0.400 -clock CLK_CORE -max [all_inputs]
  set_output_delay 0.350 -clock CLK_CORE -max [all_outputs]


=========================================================================
                   CLOCK DOMAIN SUMMARY
=========================================================================

  Clock    : CLK_CORE
  Period   : 2 ns
  Waveform : {0.000 1}
  Skew     : 0.017 ns  (max across LDQ_TOP)
  Latency  : 0.132 ns  (max)


=========================================================================
                   CONSTRAINT COVERAGE
=========================================================================

  Total register endpoints   : 4943
  Constrained endpoints      : 3762
  Unconstrained endpoints    :      0
  Coverage                   :  100.0%


=========================================================================
                   TOOL / RUN INFORMATION
=========================================================================

  Tool         : Synopsys PrimeTime 2023.06-SP3
  Run Host     : sta-server-01
  Run Dir      : /proj/cpu_rtl/sta/MEMORY/LDQ/run_ss_0p72v_0p72v_n40c
  SDC File     : /proj/cpu_rtl/constraints/LDQ_TOP.sdc
  Netlist      : /proj/cpu_rtl/netlist/LDQ_TOP.v.gz
  SPEF File    : /proj/cpu_rtl/spef/LDQ_TOP.spef.gz
  Liberty      : saed32nm_rvt_ss_0p72v_0p72v_n40c.db
  Elapsed Time : 00:03:22
  Peak Memory  : 4.547 GB

=========================================================================
End of Report
=========================================================================
