****************************************
Report : timing
        -path_type full
        -delay_type max
        -max_paths 10
        -sort_by slack
Design : LDQ_TOP
Version: PrimeTime 2023.06-SP3
Date   : Sat Aug 15 18:20:45 2026
Corner : ss_0p72v_0p72v_125c
Note   : Setup POCV (Parametric OCV) — sigma=3
****************************************

Operating Conditions : ss_0p72v_0p72v_125c (Library: saed32nm_rvt)
Wire Load Model Mode : Interconnect (StarRC Extracted)

  Startpoint : u_ldq_wr/din_reg[0]
               (rising edge-triggered flip-flop clocked by CLK_CORE)
  Endpoint   : u_ldq_tl/dout_reg[0]
               (rising edge-triggered flip-flop clocked by CLK_CORE)
  Path Group : CLK_CORE
  Path Type  : max

  Point                                                   Incr        Path
  -------------------------------------------------------------------------
  clock CLK_CORE (rise edge)                                  0.000       0.000
  clock network delay (propagated)                        0.143      0.143
  u_ldq_wr/din_reg[0]/CK (DFFARX1_RVT)                        0.000       0.143 r
  u_ldq_wr/din_reg[0]/Q  (DFFARX1_RVT)                        0.127         0.27 r
  u_ldq_wr/U12/Y (INVX2_RVT)                                  0.065         0.335 f
  u_ldq_wr/U34/Y (NAND2X1_RVT)                                0.095         0.43 r
  u_ldq_rd/U07/Y (AOI22X1_RVT)                                0.11         0.54 f
  u_ldq_rd/U19/Y (OAI21X1_RVT)                                0.082         0.622 r
  u_ldq_hd/U03/Y (MUX21X1_RVT)                                0.098         0.72 r
  u_ldq_hd/U11/Y (AND2X1_RVT)                                 0.063         0.783 f
  u_ldq_hd/U22/Y (NOR2X1_RVT)                                 0.042         0.825 r
  u_ldq_tl/U05/Y (BUFX4_RVT)                                  0.056         0.881 r
  u_ldq_tl/dout_reg[0]/D (DFFARX1_RVT)                        0.052        0.933 f
  data arrival time                                                    0.933

  clock CLK_CORE (rise edge)                                  2     2
  clock network delay (propagated)                        0.143      2.143
  clock uncertainty                                      -0.05   2.093
  u_ldq_tl/dout_reg[0]/CK (DFFARX1_RVT)                       0.000       2.093 r
  library setup time                                     -0.082   2.011
  data required time                                                   2.011
  -------------------------------------------------------------------------
  data required time                                                   2.011
  data arrival time                                                   -0.933
  -------------------------------------------------------------------------
  slack (MET)      1.078


=========================================================================
                   LDQ_TOP -- TIMING SUMMARY
=========================================================================

  Block        : LDQ_TOP
  Corner       : ss_0p72v_0p72v_125c
  Check        : max  (Setup POCV (Parametric OCV) — sigma=3)
  Clock        : CLK_CORE  Period = 2 ns  (500 MHz)
  Technology   : SAED 32nm RVT

  +------------------------------------------------------------------+
  | Sub-Unit          WNS (ns)  TNS (ns)  #Viol   WHS (ns)  #HViol  |
  +------------------------------------------------------------------+
  | u_ldq_wr          1.078       0.000       0      0.062        0     |
  | u_ldq_rd          0.107       0.000       0      0.066        0     |
  | u_ldq_hd          0.2       0.000       0      0.101        0     |
  | u_ldq_tl          0.215       0.000       0      0.127        0     |
  +------------------------------------------------------------------+
  | LDQ_TOP   1.078       0.000       0      0.062        0     |
  +------------------------------------------------------------------+

  Status : ALL PATHS CLEAN -- No Setup or Hold Violations


=========================================================================
                   TIMING EXCEPTIONS APPLIED
=========================================================================

  set_false_path -from [get_ports SCAN_EN]      -to [all_registers]
  set_false_path -from [get_ports TEST_MODE]     -to [all_registers]
  set_multicycle_path 2 -setup -from [get_cells u_ldq_wr/*] -to [get_cells u_ldq_tl/*]
  set_multicycle_path 1 -hold  -from [get_cells u_ldq_wr/*] -to [get_cells u_ldq_tl/*]
  set_input_delay  0.400 -clock CLK_CORE -max [all_inputs]
  set_output_delay 0.350 -clock CLK_CORE -max [all_outputs]


=========================================================================
                   CLOCK DOMAIN SUMMARY
=========================================================================

  Clock    : CLK_CORE
  Period   : 2 ns
  Waveform : {0.000 1}
  Skew     : 0.016 ns  (max across LDQ_TOP)
  Latency  : 0.143 ns  (max)


=========================================================================
                   CONSTRAINT COVERAGE
=========================================================================

  Total register endpoints   : 5535
  Constrained endpoints      : 2693
  Unconstrained endpoints    :      0
  Coverage                   :  100.0%


=========================================================================
                   TOOL / RUN INFORMATION
=========================================================================

  Tool         : Synopsys PrimeTime 2023.06-SP3
  Run Host     : sta-server-01
  Run Dir      : /proj/cpu_rtl/sta/MEMORY/LDQ/run_ss_0p72v_0p72v_125c
  SDC File     : /proj/cpu_rtl/constraints/LDQ_TOP.sdc
  Netlist      : /proj/cpu_rtl/netlist/LDQ_TOP.v.gz
  SPEF File    : /proj/cpu_rtl/spef/LDQ_TOP.spef.gz
  Liberty      : saed32nm_rvt_ss_0p72v_0p72v_125c.db
  Elapsed Time : 00:07:45
  Peak Memory  : 3.31 GB

=========================================================================
End of Report
=========================================================================
