****************************************
Report : timing
        -path_type full
        -delay_type min
        -max_paths 10
        -sort_by slack
Design : LDQ_TOP
Version: PrimeTime 2023.06-SP3
Date   : Sat Aug 15 18:20:45 2026
Corner : ff_1p16v_1p16v_n40c
Note   : Hold POCV — sigma=3, cold fast corner
****************************************

Operating Conditions : ff_1p16v_1p16v_n40c (Library: saed32nm_rvt)
Wire Load Model Mode : Interconnect (StarRC Extracted)

  Startpoint : u_ldq_wr/din_reg[0]
               (rising edge-triggered flip-flop clocked by CLK_CORE)
  Endpoint   : u_ldq_tl/dout_reg[0]
               (rising edge-triggered flip-flop clocked by CLK_CORE)
  Path Group : CLK_CORE
  Path Type  : min

  Point                                                   Incr        Path
  -------------------------------------------------------------------------
  clock CLK_CORE (rise edge)                                  0.000       0.000
  clock network delay (propagated)                        0.148      0.148
  u_ldq_wr/din_reg[0]/CK (DFFARX1_RVT)                        0.000       0.148 r
  u_ldq_wr/din_reg[0]/Q  (DFFARX1_RVT)                        0.14         0.288 r
  u_ldq_wr/U12/Y (INVX2_RVT)                                  0.064         0.352 f
  u_ldq_wr/U34/Y (NAND2X1_RVT)                                0.086         0.438 r
  u_ldq_rd/U07/Y (AOI22X1_RVT)                                0.093         0.531 f
  u_ldq_rd/U19/Y (OAI21X1_RVT)                                0.097         0.628 r
  u_ldq_hd/U03/Y (MUX21X1_RVT)                                0.089         0.717 r
  u_ldq_hd/U11/Y (AND2X1_RVT)                                 0.062         0.779 f
  u_ldq_hd/U22/Y (NOR2X1_RVT)                                 0.069         0.848 r
  u_ldq_tl/U05/Y (BUFX4_RVT)                                  0.085         0.933 r
  u_ldq_tl/dout_reg[0]/D (DFFARX1_RVT)                        0.064        0.997 f
  data arrival time                                                    0.997

  clock CLK_CORE (rise edge)                                  2     2
  clock network delay (propagated)                        0.148      2.148
  clock uncertainty                                      -0.05   2.098
  u_ldq_tl/dout_reg[0]/CK (DFFARX1_RVT)                       0.000       2.098 r
  library setup time                                     -0.084   2.014
  data required time                                                   2.014
  -------------------------------------------------------------------------
  data required time                                                   2.014
  data arrival time                                                   -0.997
  -------------------------------------------------------------------------
  slack (MET)      1.017


=========================================================================
                   LDQ_TOP -- TIMING SUMMARY
=========================================================================

  Block        : LDQ_TOP
  Corner       : ff_1p16v_1p16v_n40c
  Check        : min  (Hold POCV — sigma=3, cold fast corner)
  Clock        : CLK_CORE  Period = 2 ns  (500 MHz)
  Technology   : SAED 32nm RVT

  +------------------------------------------------------------------+
  | Sub-Unit          WNS (ns)  TNS (ns)  #Viol   WHS (ns)  #HViol  |
  +------------------------------------------------------------------+
  | u_ldq_wr          1.017       0.000       0      0.096        0     |
  | u_ldq_rd          0.205       0.000       0      0.08        0     |
  | u_ldq_hd          0.053       0.000       0      0.06        0     |
  | u_ldq_tl          0.088       0.000       0      0.049        0     |
  +------------------------------------------------------------------+
  | LDQ_TOP   1.017       0.000       0      0.096        0     |
  +------------------------------------------------------------------+

  Status : ALL PATHS CLEAN -- No Setup or Hold Violations


=========================================================================
                   TIMING EXCEPTIONS APPLIED
=========================================================================

  set_false_path -from [get_ports SCAN_EN]      -to [all_registers]
  set_false_path -from [get_ports TEST_MODE]     -to [all_registers]
  set_multicycle_path 2 -setup -from [get_cells u_ldq_wr/*] -to [get_cells u_ldq_tl/*]
  set_multicycle_path 1 -hold  -from [get_cells u_ldq_wr/*] -to [get_cells u_ldq_tl/*]
  set_input_delay  0.400 -clock CLK_CORE -max [all_inputs]
  set_output_delay 0.350 -clock CLK_CORE -max [all_outputs]


=========================================================================
                   CLOCK DOMAIN SUMMARY
=========================================================================

  Clock    : CLK_CORE
  Period   : 2 ns
  Waveform : {0.000 1}
  Skew     : 0.022 ns  (max across LDQ_TOP)
  Latency  : 0.148 ns  (max)


=========================================================================
                   CONSTRAINT COVERAGE
=========================================================================

  Total register endpoints   : 1573
  Constrained endpoints      : 2107
  Unconstrained endpoints    :      0
  Coverage                   :  100.0%


=========================================================================
                   TOOL / RUN INFORMATION
=========================================================================

  Tool         : Synopsys PrimeTime 2023.06-SP3
  Run Host     : sta-server-01
  Run Dir      : /proj/cpu_rtl/sta/MEMORY/LDQ/run_ff_1p16v_1p16v_n40c
  SDC File     : /proj/cpu_rtl/constraints/LDQ_TOP.sdc
  Netlist      : /proj/cpu_rtl/netlist/LDQ_TOP.v.gz
  SPEF File    : /proj/cpu_rtl/spef/LDQ_TOP.spef.gz
  Liberty      : saed32nm_rvt_ff_1p16v_1p16v_n40c.db
  Elapsed Time : 00:05:20
  Peak Memory  : 1.17 GB

=========================================================================
End of Report
=========================================================================
