****************************************
Report : timing
        -path_type full
        -delay_type max
        -max_paths 10
        -sort_by slack
Design : LDQ_TOP
Version: PrimeTime 2023.06-SP3
Date   : Sat Aug 15 18:20:45 2026
Corner : tt_0p90v_0p90v_85c
Note   : Setup check — Typical corner, 85 deg C
****************************************

Operating Conditions : tt_0p90v_0p90v_85c (Library: saed32nm_rvt)
Wire Load Model Mode : Interconnect (StarRC Extracted)

  Startpoint : u_ldq_wr/din_reg[0]
               (rising edge-triggered flip-flop clocked by CLK_CORE)
  Endpoint   : u_ldq_tl/dout_reg[0]
               (rising edge-triggered flip-flop clocked by CLK_CORE)
  Path Group : CLK_CORE
  Path Type  : max

  Point                                                   Incr        Path
  -------------------------------------------------------------------------
  clock CLK_CORE (rise edge)                                  0.000       0.000
  clock network delay (propagated)                        0.16      0.16
  u_ldq_wr/din_reg[0]/CK (DFFARX1_RVT)                        0.000       0.16 r
  u_ldq_wr/din_reg[0]/Q  (DFFARX1_RVT)                        0.127         0.287 r
  u_ldq_wr/U12/Y (INVX2_RVT)                                  0.043         0.33 f
  u_ldq_wr/U34/Y (NAND2X1_RVT)                                0.067         0.397 r
  u_ldq_rd/U07/Y (AOI22X1_RVT)                                0.105         0.502 f
  u_ldq_rd/U19/Y (OAI21X1_RVT)                                0.08         0.582 r
  u_ldq_hd/U03/Y (MUX21X1_RVT)                                0.071         0.653 r
  u_ldq_hd/U11/Y (AND2X1_RVT)                                 0.051         0.704 f
  u_ldq_hd/U22/Y (NOR2X1_RVT)                                 0.047         0.751 r
  u_ldq_tl/U05/Y (BUFX4_RVT)                                  0.073         0.824 r
  u_ldq_tl/dout_reg[0]/D (DFFARX1_RVT)                        0.063        0.887 f
  data arrival time                                                    0.887

  clock CLK_CORE (rise edge)                                  2     2
  clock network delay (propagated)                        0.16      2.16
  clock uncertainty                                      -0.05   2.11
  u_ldq_tl/dout_reg[0]/CK (DFFARX1_RVT)                       0.000       2.11 r
  library setup time                                     -0.081   2.029
  data required time                                                   2.029
  -------------------------------------------------------------------------
  data required time                                                   2.029
  data arrival time                                                   -0.887
  -------------------------------------------------------------------------
  slack (MET)      1.142


=========================================================================
                   LDQ_TOP -- TIMING SUMMARY
=========================================================================

  Block        : LDQ_TOP
  Corner       : tt_0p90v_0p90v_85c
  Check        : max  (Setup check — Typical corner, 85 deg C)
  Clock        : CLK_CORE  Period = 2 ns  (500 MHz)
  Technology   : SAED 32nm RVT

  +------------------------------------------------------------------+
  | Sub-Unit          WNS (ns)  TNS (ns)  #Viol   WHS (ns)  #HViol  |
  +------------------------------------------------------------------+
  | u_ldq_wr          1.142       0.000       0      0.066        0     |
  | u_ldq_rd          0.075       0.000       0      0.071        0     |
  | u_ldq_hd          0.196       0.000       0      0.103        0     |
  | u_ldq_tl          0.224       0.000       0      0.057        0     |
  +------------------------------------------------------------------+
  | LDQ_TOP   1.142       0.000       0      0.066        0     |
  +------------------------------------------------------------------+

  Status : ALL PATHS CLEAN -- No Setup or Hold Violations


=========================================================================
                   TIMING EXCEPTIONS APPLIED
=========================================================================

  set_false_path -from [get_ports SCAN_EN]      -to [all_registers]
  set_false_path -from [get_ports TEST_MODE]     -to [all_registers]
  set_multicycle_path 2 -setup -from [get_cells u_ldq_wr/*] -to [get_cells u_ldq_tl/*]
  set_multicycle_path 1 -hold  -from [get_cells u_ldq_wr/*] -to [get_cells u_ldq_tl/*]
  set_input_delay  0.400 -clock CLK_CORE -max [all_inputs]
  set_output_delay 0.350 -clock CLK_CORE -max [all_outputs]


=========================================================================
                   CLOCK DOMAIN SUMMARY
=========================================================================

  Clock    : CLK_CORE
  Period   : 2 ns
  Waveform : {0.000 1}
  Skew     : 0.018 ns  (max across LDQ_TOP)
  Latency  : 0.16 ns  (max)


=========================================================================
                   CONSTRAINT COVERAGE
=========================================================================

  Total register endpoints   : 3850
  Constrained endpoints      : 4926
  Unconstrained endpoints    :      0
  Coverage                   :  100.0%


=========================================================================
                   TOOL / RUN INFORMATION
=========================================================================

  Tool         : Synopsys PrimeTime 2023.06-SP3
  Run Host     : sta-server-01
  Run Dir      : /proj/cpu_rtl/sta/MEMORY/LDQ/run_tt_0p90v_0p90v_85c
  SDC File     : /proj/cpu_rtl/constraints/LDQ_TOP.sdc
  Netlist      : /proj/cpu_rtl/netlist/LDQ_TOP.v.gz
  SPEF File    : /proj/cpu_rtl/spef/LDQ_TOP.spef.gz
  Liberty      : saed32nm_rvt_tt_0p90v_0p90v_85c.db
  Elapsed Time : 00:06:14
  Peak Memory  : 2.781 GB

=========================================================================
End of Report
=========================================================================
