****************************************
Report : timing
        -path_type full
        -delay_type min
        -max_paths 10
        -sort_by slack
Design : LDQ_TOP
Version: PrimeTime 2023.06-SP3
Date   : Sat Aug 15 18:20:45 2026
Corner : tt_0p90v_0p90v_85c
Note   : Hold check — Typical corner, 85 deg C
****************************************

Operating Conditions : tt_0p90v_0p90v_85c (Library: saed32nm_rvt)
Wire Load Model Mode : Interconnect (StarRC Extracted)

  Startpoint : u_ldq_wr/din_reg[0]
               (rising edge-triggered flip-flop clocked by CLK_CORE)
  Endpoint   : u_ldq_tl/dout_reg[0]
               (rising edge-triggered flip-flop clocked by CLK_CORE)
  Path Group : CLK_CORE
  Path Type  : min

  Point                                                   Incr        Path
  -------------------------------------------------------------------------
  clock CLK_CORE (rise edge)                                  0.000       0.000
  clock network delay (propagated)                        0.152      0.152
  u_ldq_wr/din_reg[0]/CK (DFFARX1_RVT)                        0.000       0.152 r
  u_ldq_wr/din_reg[0]/Q  (DFFARX1_RVT)                        0.125         0.277 r
  u_ldq_wr/U12/Y (INVX2_RVT)                                  0.033         0.31 f
  u_ldq_wr/U34/Y (NAND2X1_RVT)                                0.081         0.391 r
  u_ldq_rd/U07/Y (AOI22X1_RVT)                                0.082         0.473 f
  u_ldq_rd/U19/Y (OAI21X1_RVT)                                0.099         0.572 r
  u_ldq_hd/U03/Y (MUX21X1_RVT)                                0.096         0.668 r
  u_ldq_hd/U11/Y (AND2X1_RVT)                                 0.047         0.715 f
  u_ldq_hd/U22/Y (NOR2X1_RVT)                                 0.045         0.76 r
  u_ldq_tl/U05/Y (BUFX4_RVT)                                  0.061         0.821 r
  u_ldq_tl/dout_reg[0]/D (DFFARX1_RVT)                        0.077        0.898 f
  data arrival time                                                    0.898

  clock CLK_CORE (rise edge)                                  2     2
  clock network delay (propagated)                        0.152      2.152
  clock uncertainty                                      -0.05   2.102
  u_ldq_tl/dout_reg[0]/CK (DFFARX1_RVT)                       0.000       2.102 r
  library setup time                                     -0.076   2.026
  data required time                                                   2.026
  -------------------------------------------------------------------------
  data required time                                                   2.026
  data arrival time                                                   -0.898
  -------------------------------------------------------------------------
  slack (MET)      1.128


=========================================================================
                   LDQ_TOP -- TIMING SUMMARY
=========================================================================

  Block        : LDQ_TOP
  Corner       : tt_0p90v_0p90v_85c
  Check        : min  (Hold check — Typical corner, 85 deg C)
  Clock        : CLK_CORE  Period = 2 ns  (500 MHz)
  Technology   : SAED 32nm RVT

  +------------------------------------------------------------------+
  | Sub-Unit          WNS (ns)  TNS (ns)  #Viol   WHS (ns)  #HViol  |
  +------------------------------------------------------------------+
  | u_ldq_wr          1.128       0.000       0      0.062        0     |
  | u_ldq_rd          0.245       0.000       0      0.068        0     |
  | u_ldq_hd          0.135       0.000       0      0.121        0     |
  | u_ldq_tl          0.198       0.000       0      0.114        0     |
  +------------------------------------------------------------------+
  | LDQ_TOP   1.128       0.000       0      0.062        0     |
  +------------------------------------------------------------------+

  Status : ALL PATHS CLEAN -- No Setup or Hold Violations


=========================================================================
                   TIMING EXCEPTIONS APPLIED
=========================================================================

  set_false_path -from [get_ports SCAN_EN]      -to [all_registers]
  set_false_path -from [get_ports TEST_MODE]     -to [all_registers]
  set_multicycle_path 2 -setup -from [get_cells u_ldq_wr/*] -to [get_cells u_ldq_tl/*]
  set_multicycle_path 1 -hold  -from [get_cells u_ldq_wr/*] -to [get_cells u_ldq_tl/*]
  set_input_delay  0.400 -clock CLK_CORE -max [all_inputs]
  set_output_delay 0.350 -clock CLK_CORE -max [all_outputs]


=========================================================================
                   CLOCK DOMAIN SUMMARY
=========================================================================

  Clock    : CLK_CORE
  Period   : 2 ns
  Waveform : {0.000 1}
  Skew     : 0.027 ns  (max across LDQ_TOP)
  Latency  : 0.152 ns  (max)


=========================================================================
                   CONSTRAINT COVERAGE
=========================================================================

  Total register endpoints   : 3423
  Constrained endpoints      : 1652
  Unconstrained endpoints    :      0
  Coverage                   :  100.0%


=========================================================================
                   TOOL / RUN INFORMATION
=========================================================================

  Tool         : Synopsys PrimeTime 2023.06-SP3
  Run Host     : sta-server-01
  Run Dir      : /proj/cpu_rtl/sta/MEMORY/LDQ/run_tt_0p90v_0p90v_85c
  SDC File     : /proj/cpu_rtl/constraints/LDQ_TOP.sdc
  Netlist      : /proj/cpu_rtl/netlist/LDQ_TOP.v.gz
  SPEF File    : /proj/cpu_rtl/spef/LDQ_TOP.spef.gz
  Liberty      : saed32nm_rvt_tt_0p90v_0p90v_85c.db
  Elapsed Time : 00:03:28
  Peak Memory  : 2.679 GB

=========================================================================
End of Report
=========================================================================
