****************************************
Report : timing
        -path_type full
        -delay_type min
        -max_paths 10
        -sort_by slack
Design : LDQ_TOP
Version: PrimeTime 2023.06-SP3
Date   : Sat Aug 15 18:20:45 2026
Corner : ss_0p72v_0p72v_125c
Note   : Hold check — Slow corner, hot
****************************************

Operating Conditions : ss_0p72v_0p72v_125c (Library: saed32nm_rvt)
Wire Load Model Mode : Interconnect (StarRC Extracted)

  Startpoint : u_ldq_wr/din_reg[0]
               (rising edge-triggered flip-flop clocked by CLK_CORE)
  Endpoint   : u_ldq_tl/dout_reg[0]
               (rising edge-triggered flip-flop clocked by CLK_CORE)
  Path Group : CLK_CORE
  Path Type  : min

  Point                                                   Incr        Path
  -------------------------------------------------------------------------
  clock CLK_CORE (rise edge)                                  0.000       0.000
  clock network delay (propagated)                        0.151      0.151
  u_ldq_wr/din_reg[0]/CK (DFFARX1_RVT)                        0.000       0.151 r
  u_ldq_wr/din_reg[0]/Q  (DFFARX1_RVT)                        0.131         0.282 r
  u_ldq_wr/U12/Y (INVX2_RVT)                                  0.044         0.326 f
  u_ldq_wr/U34/Y (NAND2X1_RVT)                                0.066         0.392 r
  u_ldq_rd/U07/Y (AOI22X1_RVT)                                0.109         0.501 f
  u_ldq_rd/U19/Y (OAI21X1_RVT)                                0.099         0.6 r
  u_ldq_hd/U03/Y (MUX21X1_RVT)                                0.088         0.688 r
  u_ldq_hd/U11/Y (AND2X1_RVT)                                 0.059         0.747 f
  u_ldq_hd/U22/Y (NOR2X1_RVT)                                 0.048         0.795 r
  u_ldq_tl/U05/Y (BUFX4_RVT)                                  0.088         0.883 r
  u_ldq_tl/dout_reg[0]/D (DFFARX1_RVT)                        0.067        0.95 f
  data arrival time                                                    0.95

  clock CLK_CORE (rise edge)                                  2     2
  clock network delay (propagated)                        0.151      2.151
  clock uncertainty                                      -0.05   2.101
  u_ldq_tl/dout_reg[0]/CK (DFFARX1_RVT)                       0.000       2.101 r
  library setup time                                     -0.083   2.018
  data required time                                                   2.018
  -------------------------------------------------------------------------
  data required time                                                   2.018
  data arrival time                                                   -0.95
  -------------------------------------------------------------------------
  slack (MET)      1.068


=========================================================================
                   LDQ_TOP -- TIMING SUMMARY
=========================================================================

  Block        : LDQ_TOP
  Corner       : ss_0p72v_0p72v_125c
  Check        : min  (Hold check — Slow corner, hot)
  Clock        : CLK_CORE  Period = 2 ns  (500 MHz)
  Technology   : SAED 32nm RVT

  +------------------------------------------------------------------+
  | Sub-Unit          WNS (ns)  TNS (ns)  #Viol   WHS (ns)  #HViol  |
  +------------------------------------------------------------------+
  | u_ldq_wr          1.068       0.000       0      0.094        0     |
  | u_ldq_rd          0.114       0.000       0      0.129        0     |
  | u_ldq_hd          0.101       0.000       0      0.052        0     |
  | u_ldq_tl          0.14       0.000       0      0.121        0     |
  +------------------------------------------------------------------+
  | LDQ_TOP   1.068       0.000       0      0.094        0     |
  +------------------------------------------------------------------+

  Status : ALL PATHS CLEAN -- No Setup or Hold Violations


=========================================================================
                   TIMING EXCEPTIONS APPLIED
=========================================================================

  set_false_path -from [get_ports SCAN_EN]      -to [all_registers]
  set_false_path -from [get_ports TEST_MODE]     -to [all_registers]
  set_multicycle_path 2 -setup -from [get_cells u_ldq_wr/*] -to [get_cells u_ldq_tl/*]
  set_multicycle_path 1 -hold  -from [get_cells u_ldq_wr/*] -to [get_cells u_ldq_tl/*]
  set_input_delay  0.400 -clock CLK_CORE -max [all_inputs]
  set_output_delay 0.350 -clock CLK_CORE -max [all_outputs]


=========================================================================
                   CLOCK DOMAIN SUMMARY
=========================================================================

  Clock    : CLK_CORE
  Period   : 2 ns
  Waveform : {0.000 1}
  Skew     : 0.027 ns  (max across LDQ_TOP)
  Latency  : 0.151 ns  (max)


=========================================================================
                   CONSTRAINT COVERAGE
=========================================================================

  Total register endpoints   : 2173
  Constrained endpoints      : 3266
  Unconstrained endpoints    :      0
  Coverage                   :  100.0%


=========================================================================
                   TOOL / RUN INFORMATION
=========================================================================

  Tool         : Synopsys PrimeTime 2023.06-SP3
  Run Host     : sta-server-01
  Run Dir      : /proj/cpu_rtl/sta/MEMORY/LDQ/run_ss_0p72v_0p72v_125c
  SDC File     : /proj/cpu_rtl/constraints/LDQ_TOP.sdc
  Netlist      : /proj/cpu_rtl/netlist/LDQ_TOP.v.gz
  SPEF File    : /proj/cpu_rtl/spef/LDQ_TOP.spef.gz
  Liberty      : saed32nm_rvt_ss_0p72v_0p72v_125c.db
  Elapsed Time : 00:01:46
  Peak Memory  : 3.466 GB

=========================================================================
End of Report
=========================================================================
