****************************************
Report : timing
        -path_type full
        -delay_type min
        -max_paths 10
        -sort_by slack
Design : LDQ_TOP
Version: PrimeTime 2023.06-SP3
Date   : Sat Aug 15 18:20:45 2026
Corner : tt_0p90v_0p90v_25c
Note   : Hold post-ECO sign-off — Nominal corner
****************************************

Operating Conditions : tt_0p90v_0p90v_25c (Library: saed32nm_rvt)
Wire Load Model Mode : Interconnect (StarRC Extracted)

  Startpoint : u_ldq_wr/din_reg[0]
               (rising edge-triggered flip-flop clocked by CLK_CORE)
  Endpoint   : u_ldq_tl/dout_reg[0]
               (rising edge-triggered flip-flop clocked by CLK_CORE)
  Path Group : CLK_CORE
  Path Type  : min

  Point                                                   Incr        Path
  -------------------------------------------------------------------------
  clock CLK_CORE (rise edge)                                  0.000       0.000
  clock network delay (propagated)                        0.147      0.147
  u_ldq_wr/din_reg[0]/CK (DFFARX1_RVT)                        0.000       0.147 r
  u_ldq_wr/din_reg[0]/Q  (DFFARX1_RVT)                        0.136         0.283 r
  u_ldq_wr/U12/Y (INVX2_RVT)                                  0.064         0.347 f
  u_ldq_wr/U34/Y (NAND2X1_RVT)                                0.085         0.432 r
  u_ldq_rd/U07/Y (AOI22X1_RVT)                                0.072         0.504 f
  u_ldq_rd/U19/Y (OAI21X1_RVT)                                0.114         0.618 r
  u_ldq_hd/U03/Y (MUX21X1_RVT)                                0.061         0.679 r
  u_ldq_hd/U11/Y (AND2X1_RVT)                                 0.065         0.744 f
  u_ldq_hd/U22/Y (NOR2X1_RVT)                                 0.037         0.781 r
  u_ldq_tl/U05/Y (BUFX4_RVT)                                  0.068         0.849 r
  u_ldq_tl/dout_reg[0]/D (DFFARX1_RVT)                        0.063        0.912 f
  data arrival time                                                    0.912

  clock CLK_CORE (rise edge)                                  2     2
  clock network delay (propagated)                        0.147      2.147
  clock uncertainty                                      -0.05   2.097
  u_ldq_tl/dout_reg[0]/CK (DFFARX1_RVT)                       0.000       2.097 r
  library setup time                                     -0.072   2.025
  data required time                                                   2.025
  -------------------------------------------------------------------------
  data required time                                                   2.025
  data arrival time                                                   -0.912
  -------------------------------------------------------------------------
  slack (MET)      1.113


=========================================================================
                   LDQ_TOP -- TIMING SUMMARY
=========================================================================

  Block        : LDQ_TOP
  Corner       : tt_0p90v_0p90v_25c
  Check        : min  (Hold post-ECO sign-off — Nominal corner)
  Clock        : CLK_CORE  Period = 2 ns  (500 MHz)
  Technology   : SAED 32nm RVT

  +------------------------------------------------------------------+
  | Sub-Unit          WNS (ns)  TNS (ns)  #Viol   WHS (ns)  #HViol  |
  +------------------------------------------------------------------+
  | u_ldq_wr          1.113       0.000       0      0.108        0     |
  | u_ldq_rd          0.112       0.000       0      0.043        0     |
  | u_ldq_hd          0.218       0.000       0      0.041        0     |
  | u_ldq_tl          0.136       0.000       0      0.042        0     |
  +------------------------------------------------------------------+
  | LDQ_TOP   1.113       0.000       0      0.108        0     |
  +------------------------------------------------------------------+

  Status : ALL PATHS CLEAN -- No Setup or Hold Violations


=========================================================================
                   TIMING EXCEPTIONS APPLIED
=========================================================================

  set_false_path -from [get_ports SCAN_EN]      -to [all_registers]
  set_false_path -from [get_ports TEST_MODE]     -to [all_registers]
  set_multicycle_path 2 -setup -from [get_cells u_ldq_wr/*] -to [get_cells u_ldq_tl/*]
  set_multicycle_path 1 -hold  -from [get_cells u_ldq_wr/*] -to [get_cells u_ldq_tl/*]
  set_input_delay  0.400 -clock CLK_CORE -max [all_inputs]
  set_output_delay 0.350 -clock CLK_CORE -max [all_outputs]


=========================================================================
                   CLOCK DOMAIN SUMMARY
=========================================================================

  Clock    : CLK_CORE
  Period   : 2 ns
  Waveform : {0.000 1}
  Skew     : 0.019 ns  (max across LDQ_TOP)
  Latency  : 0.147 ns  (max)


=========================================================================
                   CONSTRAINT COVERAGE
=========================================================================

  Total register endpoints   : 4122
  Constrained endpoints      : 3217
  Unconstrained endpoints    :      0
  Coverage                   :  100.0%


=========================================================================
                   TOOL / RUN INFORMATION
=========================================================================

  Tool         : Synopsys PrimeTime 2023.06-SP3
  Run Host     : sta-server-01
  Run Dir      : /proj/cpu_rtl/sta/MEMORY/LDQ/run_tt_0p90v_0p90v_25c
  SDC File     : /proj/cpu_rtl/constraints/LDQ_TOP.sdc
  Netlist      : /proj/cpu_rtl/netlist/LDQ_TOP.v.gz
  SPEF File    : /proj/cpu_rtl/spef/LDQ_TOP.spef.gz
  Liberty      : saed32nm_rvt_tt_0p90v_0p90v_25c.db
  Elapsed Time : 00:08:27
  Peak Memory  : 3.436 GB

=========================================================================
End of Report
=========================================================================
