****************************************
Report : timing
        -path_type full
        -delay_type min
        -max_paths 10
        -sort_by slack
Design : LDQ_TOP
Version: PrimeTime 2023.06-SP3
Date   : Sat Aug 15 18:20:45 2026
Corner : ff_1p16v_1p16v_n40c
Note   : Final tapeout sign-off hold — Fast cold
****************************************

Operating Conditions : ff_1p16v_1p16v_n40c (Library: saed32nm_rvt)
Wire Load Model Mode : Interconnect (StarRC Extracted)

  Startpoint : u_ldq_wr/din_reg[0]
               (rising edge-triggered flip-flop clocked by CLK_CORE)
  Endpoint   : u_ldq_tl/dout_reg[0]
               (rising edge-triggered flip-flop clocked by CLK_CORE)
  Path Group : CLK_CORE
  Path Type  : min

  Point                                                   Incr        Path
  -------------------------------------------------------------------------
  clock CLK_CORE (rise edge)                                  0.000       0.000
  clock network delay (propagated)                        0.142      0.142
  u_ldq_wr/din_reg[0]/CK (DFFARX1_RVT)                        0.000       0.142 r
  u_ldq_wr/din_reg[0]/Q  (DFFARX1_RVT)                        0.12         0.262 r
  u_ldq_wr/U12/Y (INVX2_RVT)                                  0.039         0.301 f
  u_ldq_wr/U34/Y (NAND2X1_RVT)                                0.091         0.392 r
  u_ldq_rd/U07/Y (AOI22X1_RVT)                                0.107         0.499 f
  u_ldq_rd/U19/Y (OAI21X1_RVT)                                0.09         0.589 r
  u_ldq_hd/U03/Y (MUX21X1_RVT)                                0.079         0.668 r
  u_ldq_hd/U11/Y (AND2X1_RVT)                                 0.078         0.746 f
  u_ldq_hd/U22/Y (NOR2X1_RVT)                                 0.067         0.813 r
  u_ldq_tl/U05/Y (BUFX4_RVT)                                  0.062         0.875 r
  u_ldq_tl/dout_reg[0]/D (DFFARX1_RVT)                        0.054        0.929 f
  data arrival time                                                    0.929

  clock CLK_CORE (rise edge)                                  2     2
  clock network delay (propagated)                        0.142      2.142
  clock uncertainty                                      -0.05   2.092
  u_ldq_tl/dout_reg[0]/CK (DFFARX1_RVT)                       0.000       2.092 r
  library setup time                                     -0.067   2.025
  data required time                                                   2.025
  -------------------------------------------------------------------------
  data required time                                                   2.025
  data arrival time                                                   -0.929
  -------------------------------------------------------------------------
  slack (MET)      1.096


=========================================================================
                   LDQ_TOP -- TIMING SUMMARY
=========================================================================

  Block        : LDQ_TOP
  Corner       : ff_1p16v_1p16v_n40c
  Check        : min  (Final tapeout sign-off hold — Fast cold)
  Clock        : CLK_CORE  Period = 2 ns  (500 MHz)
  Technology   : SAED 32nm RVT

  +------------------------------------------------------------------+
  | Sub-Unit          WNS (ns)  TNS (ns)  #Viol   WHS (ns)  #HViol  |
  +------------------------------------------------------------------+
  | u_ldq_wr          1.096       0.000       0      0.105        0     |
  | u_ldq_rd          0.081       0.000       0      0.093        0     |
  | u_ldq_hd          0.152       0.000       0      0.105        0     |
  | u_ldq_tl          0.239       0.000       0      0.104        0     |
  +------------------------------------------------------------------+
  | LDQ_TOP   1.096       0.000       0      0.105        0     |
  +------------------------------------------------------------------+

  Status : ALL PATHS CLEAN -- No Setup or Hold Violations


=========================================================================
                   TIMING EXCEPTIONS APPLIED
=========================================================================

  set_false_path -from [get_ports SCAN_EN]      -to [all_registers]
  set_false_path -from [get_ports TEST_MODE]     -to [all_registers]
  set_multicycle_path 2 -setup -from [get_cells u_ldq_wr/*] -to [get_cells u_ldq_tl/*]
  set_multicycle_path 1 -hold  -from [get_cells u_ldq_wr/*] -to [get_cells u_ldq_tl/*]
  set_input_delay  0.400 -clock CLK_CORE -max [all_inputs]
  set_output_delay 0.350 -clock CLK_CORE -max [all_outputs]


=========================================================================
                   CLOCK DOMAIN SUMMARY
=========================================================================

  Clock    : CLK_CORE
  Period   : 2 ns
  Waveform : {0.000 1}
  Skew     : 0.025 ns  (max across LDQ_TOP)
  Latency  : 0.142 ns  (max)


=========================================================================
                   CONSTRAINT COVERAGE
=========================================================================

  Total register endpoints   : 3369
  Constrained endpoints      : 6232
  Unconstrained endpoints    :      0
  Coverage                   :  100.0%


=========================================================================
                   TOOL / RUN INFORMATION
=========================================================================

  Tool         : Synopsys PrimeTime 2023.06-SP3
  Run Host     : sta-server-01
  Run Dir      : /proj/cpu_rtl/sta/MEMORY/LDQ/run_ff_1p16v_1p16v_n40c
  SDC File     : /proj/cpu_rtl/constraints/LDQ_TOP.sdc
  Netlist      : /proj/cpu_rtl/netlist/LDQ_TOP.v.gz
  SPEF File    : /proj/cpu_rtl/spef/LDQ_TOP.spef.gz
  Liberty      : saed32nm_rvt_ff_1p16v_1p16v_n40c.db
  Elapsed Time : 00:08:20
  Peak Memory  : 4.733 GB

=========================================================================
End of Report
=========================================================================
