****************************************
Report : timing
        -path_type full
        -delay_type max
        -max_paths 10
        -sort_by slack
Design : LDQ_TOP
Version: PrimeTime 2023.06-SP3
Date   : Sat Aug 15 18:20:45 2026
Corner : tt_0p90v_0p90v_25c
Note   : Final tapeout sign-off setup — Nominal corner
****************************************

Operating Conditions : tt_0p90v_0p90v_25c (Library: saed32nm_rvt)
Wire Load Model Mode : Interconnect (StarRC Extracted)

  Startpoint : u_ldq_wr/din_reg[0]
               (rising edge-triggered flip-flop clocked by CLK_CORE)
  Endpoint   : u_ldq_tl/dout_reg[0]
               (rising edge-triggered flip-flop clocked by CLK_CORE)
  Path Group : CLK_CORE
  Path Type  : max

  Point                                                   Incr        Path
  -------------------------------------------------------------------------
  clock CLK_CORE (rise edge)                                  0.000       0.000
  clock network delay (propagated)                        0.148      0.148
  u_ldq_wr/din_reg[0]/CK (DFFARX1_RVT)                        0.000       0.148 r
  u_ldq_wr/din_reg[0]/Q  (DFFARX1_RVT)                        0.122         0.27 r
  u_ldq_wr/U12/Y (INVX2_RVT)                                  0.034         0.304 f
  u_ldq_wr/U34/Y (NAND2X1_RVT)                                0.062         0.366 r
  u_ldq_rd/U07/Y (AOI22X1_RVT)                                0.095         0.461 f
  u_ldq_rd/U19/Y (OAI21X1_RVT)                                0.11         0.571 r
  u_ldq_hd/U03/Y (MUX21X1_RVT)                                0.074         0.645 r
  u_ldq_hd/U11/Y (AND2X1_RVT)                                 0.076         0.721 f
  u_ldq_hd/U22/Y (NOR2X1_RVT)                                 0.046         0.767 r
  u_ldq_tl/U05/Y (BUFX4_RVT)                                  0.072         0.839 r
  u_ldq_tl/dout_reg[0]/D (DFFARX1_RVT)                        0.069        0.908 f
  data arrival time                                                    0.908

  clock CLK_CORE (rise edge)                                  2     2
  clock network delay (propagated)                        0.148      2.148
  clock uncertainty                                      -0.05   2.098
  u_ldq_tl/dout_reg[0]/CK (DFFARX1_RVT)                       0.000       2.098 r
  library setup time                                     -0.085   2.013
  data required time                                                   2.013
  -------------------------------------------------------------------------
  data required time                                                   2.013
  data arrival time                                                   -0.908
  -------------------------------------------------------------------------
  slack (MET)      1.105


=========================================================================
                   LDQ_TOP -- TIMING SUMMARY
=========================================================================

  Block        : LDQ_TOP
  Corner       : tt_0p90v_0p90v_25c
  Check        : max  (Final tapeout sign-off setup — Nominal corner)
  Clock        : CLK_CORE  Period = 2 ns  (500 MHz)
  Technology   : SAED 32nm RVT

  +------------------------------------------------------------------+
  | Sub-Unit          WNS (ns)  TNS (ns)  #Viol   WHS (ns)  #HViol  |
  +------------------------------------------------------------------+
  | u_ldq_wr          1.105       0.000       0      0.081        0     |
  | u_ldq_rd          0.185       0.000       0      0.09        0     |
  | u_ldq_hd          0.232       0.000       0      0.081        0     |
  | u_ldq_tl          0.049       0.000       0      0.104        0     |
  +------------------------------------------------------------------+
  | LDQ_TOP   1.105       0.000       0      0.081        0     |
  +------------------------------------------------------------------+

  Status : ALL PATHS CLEAN -- No Setup or Hold Violations


=========================================================================
                   TIMING EXCEPTIONS APPLIED
=========================================================================

  set_false_path -from [get_ports SCAN_EN]      -to [all_registers]
  set_false_path -from [get_ports TEST_MODE]     -to [all_registers]
  set_multicycle_path 2 -setup -from [get_cells u_ldq_wr/*] -to [get_cells u_ldq_tl/*]
  set_multicycle_path 1 -hold  -from [get_cells u_ldq_wr/*] -to [get_cells u_ldq_tl/*]
  set_input_delay  0.400 -clock CLK_CORE -max [all_inputs]
  set_output_delay 0.350 -clock CLK_CORE -max [all_outputs]


=========================================================================
                   CLOCK DOMAIN SUMMARY
=========================================================================

  Clock    : CLK_CORE
  Period   : 2 ns
  Waveform : {0.000 1}
  Skew     : 0.018 ns  (max across LDQ_TOP)
  Latency  : 0.148 ns  (max)


=========================================================================
                   CONSTRAINT COVERAGE
=========================================================================

  Total register endpoints   : 2217
  Constrained endpoints      : 3239
  Unconstrained endpoints    :      0
  Coverage                   :  100.0%


=========================================================================
                   TOOL / RUN INFORMATION
=========================================================================

  Tool         : Synopsys PrimeTime 2023.06-SP3
  Run Host     : sta-server-01
  Run Dir      : /proj/cpu_rtl/sta/MEMORY/LDQ/run_tt_0p90v_0p90v_25c
  SDC File     : /proj/cpu_rtl/constraints/LDQ_TOP.sdc
  Netlist      : /proj/cpu_rtl/netlist/LDQ_TOP.v.gz
  SPEF File    : /proj/cpu_rtl/spef/LDQ_TOP.spef.gz
  Liberty      : saed32nm_rvt_tt_0p90v_0p90v_25c.db
  Elapsed Time : 00:03:28
  Peak Memory  : 4.966 GB

=========================================================================
End of Report
=========================================================================
