================================================================================
  STA BLOCK DUMP LOG  —  LDQ_TOP
================================================================================

  Block Directory : D:\Certificates\PD_STA_REPORTS\MEMORY\LDQ
  Design          : LDQ_TOP
  Parsed At       : 2026-08-15T22:26:20
  Total Reports   : 31


OWNERSHIP
----------------------------------------
  BLOCK TIMING OWNER           : User36  <user36@company.com>  [EMP-2036]
  TEAM LEAD                    : MTO_User6  <mto6@company.com>  [EMP-1006]
  RTL TEAM LEAD                : TeamLead6  <teamlead6@company.com>
  PD ENGINEER                  : PDEng6  <pdeng6@company.com>
  STA ENGINEER                 : STAEng6  <staeng6@company.com>
  CHIP STA LEAD                : STALead1  <stalead1@company.com>  [EMP-0004]

AGGREGATE SUMMARY
----------------------------------------
  Overall Status   : MET
  Worst WNS  (ns)  : 0.000
  Worst TNS  (ns)  : 0.000
  Worst WHS  (ns)  : 0.000
  Best  WNS  (ns)  : 1.157
  Total Violations : 0

BY CORNER
----------------------------------------
  Name                                              #       WNS       TNS       WHS  STATUS
  ─────────────────────────────────────────────  ────  ────────  ────────  ────────  ──────────
  N/A                                               1     0.000     0.000     0.000  MET
  ff_1p16v_1p16v_125c                               2     1.124     0.000     0.000  MET
  ff_1p16v_1p16v_n40c                               5     1.017     0.000     0.000  MET
  ff_1p32v_1p32v_n40c                               1     1.134     0.000     0.000  MET
  ss_0p63v_0p63v_125c                               1     1.100     0.000     0.082  MET
  ss_0p63v_0p63v_n40c                               1     1.149     0.000     0.000  MET
  ss_0p72v_0p72v_125c                               9     1.015     0.000     0.000  MET
  ss_0p72v_0p72v_n40c                               1     1.088     0.000     0.096  MET
  tt_0p90v_0p90v_25c                                8     1.044     0.000     0.000  MET
  tt_0p90v_0p90v_85c                                2     1.128     0.000     0.000  MET

BY CHECK TYPE
----------------------------------------
  Name                                              #       WNS       TNS       WHS  STATUS
  ─────────────────────────────────────────────  ────  ────────  ────────  ────────  ──────────
  N/A                                               1     0.000     0.000     0.000  MET
  hold                                             11     1.017     0.000     0.000  MET
  setup                                            19     1.015     0.000     0.000  MET

PER-REPORT DETAIL
----------------------------------------
  File     : 01_SETUP_SS_125C_LDQ_TOP.rpt
  Design   : LDQ_TOP               Corner : ss_0p72v_0p72v_125c
  Check    : setup       Clock  : CLK_CORE  Period = 2.0 ns  (500.0 MHz)
  WNS      :   +1.157 ns   TNS :   +0.000 ns   WHS :   +0.112 ns
  Slack    :   +1.157 ns   Status : MET
  Status   : ALL PATHS CLEAN — No Setup or Hold Violations
  Coverage : 100.0%   Endpoints : 5637 / 1807
  Tool     : Synopsys PrimeTime 2023.06-SP3
  Runtime  : 00:04:23         Memory : 3.24 GB
  Run Dir  : /proj/cpu_rtl/sta/MEMORY/LDQ/run_ss_0p72v_0p72v_125c

  File     : 08_CG_CHECK_TT_25C_LDQ_TOP.rpt
  Design   : LDQ_TOP               Corner : tt_0p90v_0p90v_25c
  Check    : setup       Clock  : CLK_CORE  Period = 2.0 ns  (500.0 MHz)
  WNS      :   +1.152 ns   TNS :   +0.000 ns   WHS :   +0.063 ns
  Slack    :   +1.152 ns   Status : MET
  Status   : ALL PATHS CLEAN — No Setup or Hold Violations
  Coverage : 100.0%   Endpoints : 3420 / 3180
  Tool     : Synopsys PrimeTime 2023.06-SP3
  Runtime  : 00:07:50         Memory : 3.578 GB
  Run Dir  : /proj/cpu_rtl/sta/MEMORY/LDQ/run_tt_0p90v_0p90v_25c

  File     : 19_SETUP_LVSS_N40C_LDQ_TOP.rpt
  Design   : LDQ_TOP               Corner : ss_0p63v_0p63v_n40c
  Check    : setup       Clock  : CLK_CORE  Period = 2.0 ns  (500.0 MHz)
  WNS      :   +1.149 ns   TNS :   +0.000 ns   WHS :   +0.000 ns
  Slack    :   +1.149 ns   Status : MET
  Status   : ALL PATHS CLEAN -- No Setup or Hold Violations
  Coverage : 100.0%   Endpoints : 6547 / 1875
  Tool     : Synopsys PrimeTime 2023.06-SP3
  Runtime  : 00:01:42         Memory : 4.911 GB
  Run Dir  : /proj/cpu_rtl/sta/MEMORY/LDQ/run_ss_0p63v_0p63v_n40c

  File     : 15_SETUP_TT_85C_LDQ_TOP.rpt
  Design   : LDQ_TOP               Corner : tt_0p90v_0p90v_85c
  Check    : setup       Clock  : CLK_CORE  Period = 2.0 ns  (500.0 MHz)
  WNS      :   +1.142 ns   TNS :   +0.000 ns   WHS :   +0.000 ns
  Slack    :   +1.142 ns   Status : MET
  Status   : ALL PATHS CLEAN -- No Setup or Hold Violations
  Coverage : 100.0%   Endpoints : 4926 / 3850
  Tool     : Synopsys PrimeTime 2023.06-SP3
  Runtime  : 00:06:14         Memory : 2.781 GB
  Run Dir  : /proj/cpu_rtl/sta/MEMORY/LDQ/run_tt_0p90v_0p90v_85c

  File     : 17_SETUP_FF_125C_LDQ_TOP.rpt
  Design   : LDQ_TOP               Corner : ff_1p16v_1p16v_125c
  Check    : setup       Clock  : CLK_CORE  Period = 2.0 ns  (500.0 MHz)
  WNS      :   +1.139 ns   TNS :   +0.000 ns   WHS :   +0.000 ns
  Slack    :   +1.139 ns   Status : MET
  Status   : ALL PATHS CLEAN -- No Setup or Hold Violations
  Coverage : 100.0%   Endpoints : 4071 / 5527
  Tool     : Synopsys PrimeTime 2023.06-SP3
  Runtime  : 00:03:28         Memory : 2.21 GB
  Run Dir  : /proj/cpu_rtl/sta/MEMORY/LDQ/run_ff_1p16v_1p16v_125c

  File     : 21_CG_CHECK_SS_125C_LDQ_TOP.rpt
  Design   : LDQ_TOP               Corner : ss_0p72v_0p72v_125c
  Check    : setup       Clock  : CLK_CORE  Period = 2.0 ns  (500.0 MHz)
  WNS      :   +1.130 ns   TNS :   +0.000 ns   WHS :   +0.000 ns
  Slack    :   +1.130 ns   Status : MET
  Status   : ALL PATHS CLEAN -- No Setup or Hold Violations
  Coverage : 100.0%   Endpoints : 6616 / 4890
  Tool     : Synopsys PrimeTime 2023.06-SP3
  Runtime  : 00:06:27         Memory : 2.639 GB
  Run Dir  : /proj/cpu_rtl/sta/MEMORY/LDQ/run_ss_0p72v_0p72v_125c

  File     : 26_SETUP_SS_125C_SI_LDQ_TOP.rpt
  Design   : LDQ_TOP               Corner : ss_0p72v_0p72v_125c
  Check    : setup       Clock  : CLK_CORE  Period = 2.0 ns  (500.0 MHz)
  WNS      :   +1.105 ns   TNS :   +0.000 ns   WHS :   +0.000 ns
  Slack    :   +1.105 ns   Status : MET
  Status   : ALL PATHS CLEAN -- No Setup or Hold Violations
  Coverage : 100.0%   Endpoints : 2872 / 5726
  Tool     : Synopsys PrimeTime 2023.06-SP3
  Runtime  : 00:03:40         Memory : 1.446 GB
  Run Dir  : /proj/cpu_rtl/sta/MEMORY/LDQ/run_ss_0p72v_0p72v_125c

  File     : 30_SETUP_TT_25C_FINAL_LDQ_TOP.rpt
  Design   : LDQ_TOP               Corner : tt_0p90v_0p90v_25c
  Check    : setup       Clock  : CLK_CORE  Period = 2.0 ns  (500.0 MHz)
  WNS      :   +1.105 ns   TNS :   +0.000 ns   WHS :   +0.000 ns
  Slack    :   +1.105 ns   Status : MET
  Status   : ALL PATHS CLEAN -- No Setup or Hold Violations
  Coverage : 100.0%   Endpoints : 3239 / 2217
  Tool     : Synopsys PrimeTime 2023.06-SP3
  Runtime  : 00:03:28         Memory : 4.966 GB
  Run Dir  : /proj/cpu_rtl/sta/MEMORY/LDQ/run_tt_0p90v_0p90v_25c

  File     : 07_SETUP_LVSS_125C_LDQ_TOP.rpt
  Design   : LDQ_TOP               Corner : ss_0p63v_0p63v_125c
  Check    : setup       Clock  : CLK_CORE  Period = 2.0 ns  (500.0 MHz)
  WNS      :   +1.100 ns   TNS :   +0.000 ns   WHS :   +0.082 ns
  Slack    :   +1.100 ns   Status : MET
  Status   : ALL PATHS CLEAN — No Setup or Hold Violations
  Coverage : 100.0%   Endpoints : 3032 / 2690
  Tool     : Synopsys PrimeTime 2023.06-SP3
  Runtime  : 00:02:16         Memory : 3.852 GB
  Run Dir  : /proj/cpu_rtl/sta/MEMORY/LDQ/run_ss_0p63v_0p63v_125c

  File     : 03_SETUP_TT_25C_LDQ_TOP.rpt
  Design   : LDQ_TOP               Corner : tt_0p90v_0p90v_25c
  Check    : setup       Clock  : CLK_CORE  Period = 2.0 ns  (500.0 MHz)
  WNS      :   +1.095 ns   TNS :   +0.000 ns   WHS :   +0.063 ns
  Slack    :   +1.095 ns   Status : MET
  Status   : ALL PATHS CLEAN — No Setup or Hold Violations
  Coverage : 100.0%   Endpoints : 4514 / 2416
  Tool     : Synopsys PrimeTime 2023.06-SP3
  Runtime  : 00:06:10         Memory : 3.409 GB
  Run Dir  : /proj/cpu_rtl/sta/MEMORY/LDQ/run_tt_0p90v_0p90v_25c

  File     : 22_RECOVERY_TT_25C_LDQ_TOP.rpt
  Design   : LDQ_TOP               Corner : tt_0p90v_0p90v_25c
  Check    : setup       Clock  : CLK_CORE  Period = 2.0 ns  (500.0 MHz)
  WNS      :   +1.093 ns   TNS :   +0.000 ns   WHS :   +0.000 ns
  Slack    :   +1.093 ns   Status : MET
  Status   : ALL PATHS CLEAN -- No Setup or Hold Violations
  Coverage : 100.0%   Endpoints : 6011 / 1228
  Tool     : Synopsys PrimeTime 2023.06-SP3
  Runtime  : 00:04:37         Memory : 1.616 GB
  Run Dir  : /proj/cpu_rtl/sta/MEMORY/LDQ/run_tt_0p90v_0p90v_25c

  File     : 05_SETUP_SS_M40C_LDQ_TOP.rpt
  Design   : LDQ_TOP               Corner : ss_0p72v_0p72v_n40c
  Check    : setup       Clock  : CLK_CORE  Period = 2.0 ns  (500.0 MHz)
  WNS      :   +1.088 ns   TNS :   +0.000 ns   WHS :   +0.096 ns
  Slack    :   +1.088 ns   Status : MET
  Status   : ALL PATHS CLEAN — No Setup or Hold Violations
  Coverage : 100.0%   Endpoints : 3762 / 4943
  Tool     : Synopsys PrimeTime 2023.06-SP3
  Runtime  : 00:03:22         Memory : 4.547 GB
  Run Dir  : /proj/cpu_rtl/sta/MEMORY/LDQ/run_ss_0p72v_0p72v_n40c

  File     : 10_MULTICYCLE_TT_25C_LDQ_TOP.rpt
  Design   : LDQ_TOP               Corner : tt_0p90v_0p90v_25c
  Check    : setup       Clock  : CLK_CORE  Period = 2.0 ns  (500.0 MHz)
  WNS      :   +1.080 ns   TNS :   +0.000 ns   WHS :   +0.086 ns
  Slack    :   +1.080 ns   Status : MET
  Status   : ALL PATHS CLEAN — No Setup or Hold Violations
  Coverage : 100.0%   Endpoints : 5928 / 1827
  Tool     : Synopsys PrimeTime 2023.06-SP3
  Runtime  : 00:03:57         Memory : 3.325 GB
  Run Dir  : /proj/cpu_rtl/sta/MEMORY/LDQ/run_tt_0p90v_0p90v_25c

  File     : 13_SETUP_SS_125C_POCV_LDQ_TOP.rpt
  Design   : LDQ_TOP               Corner : ss_0p72v_0p72v_125c
  Check    : setup       Clock  : CLK_CORE  Period = 2.0 ns  (500.0 MHz)
  WNS      :   +1.078 ns   TNS :   +0.000 ns   WHS :   +0.000 ns
  Slack    :   +1.078 ns   Status : MET
  Status   : ALL PATHS CLEAN -- No Setup or Hold Violations
  Coverage : 100.0%   Endpoints : 2693 / 5535
  Tool     : Synopsys PrimeTime 2023.06-SP3
  Runtime  : 00:07:45         Memory : 3.31 GB
  Run Dir  : /proj/cpu_rtl/sta/MEMORY/LDQ/run_ss_0p72v_0p72v_125c

  File     : 23_MULTICYCLE_SS_125C_LDQ_TOP.rpt
  Design   : LDQ_TOP               Corner : ss_0p72v_0p72v_125c
  Check    : setup       Clock  : CLK_CORE  Period = 2.0 ns  (500.0 MHz)
  WNS      :   +1.077 ns   TNS :   +0.000 ns   WHS :   +0.000 ns
  Slack    :   +1.077 ns   Status : MET
  Status   : ALL PATHS CLEAN -- No Setup or Hold Violations
  Coverage : 100.0%   Endpoints : 4264 / 4108
  Tool     : Synopsys PrimeTime 2023.06-SP3
  Runtime  : 00:02:32         Memory : 2.023 GB
  Run Dir  : /proj/cpu_rtl/sta/MEMORY/LDQ/run_ss_0p72v_0p72v_125c

  File     : 28_SETUP_SS_125C_FINAL_LDQ_TOP.rpt
  Design   : LDQ_TOP               Corner : ss_0p72v_0p72v_125c
  Check    : setup       Clock  : CLK_CORE  Period = 2.0 ns  (500.0 MHz)
  WNS      :   +1.061 ns   TNS :   +0.000 ns   WHS :   +0.000 ns
  Slack    :   +1.061 ns   Status : MET
  Status   : ALL PATHS CLEAN -- No Setup or Hold Violations
  Coverage : 100.0%   Endpoints : 3042 / 1951
  Tool     : Synopsys PrimeTime 2023.06-SP3
  Runtime  : 00:07:32         Memory : 2.816 GB
  Run Dir  : /proj/cpu_rtl/sta/MEMORY/LDQ/run_ss_0p72v_0p72v_125c

  File     : 24_SETUP_TT_25C_ECO_LDQ_TOP.rpt
  Design   : LDQ_TOP               Corner : tt_0p90v_0p90v_25c
  Check    : setup       Clock  : CLK_CORE  Period = 2.0 ns  (500.0 MHz)
  WNS      :   +1.044 ns   TNS :   +0.000 ns   WHS :   +0.000 ns
  Slack    :   +1.044 ns   Status : MET
  Status   : ALL PATHS CLEAN -- No Setup or Hold Violations
  Coverage : 100.0%   Endpoints : 5418 / 1291
  Tool     : Synopsys PrimeTime 2023.06-SP3
  Runtime  : 00:05:46         Memory : 2.082 GB
  Run Dir  : /proj/cpu_rtl/sta/MEMORY/LDQ/run_tt_0p90v_0p90v_25c

  File     : 11_SETUP_SS_125C_OCV_LDQ_TOP.rpt
  Design   : LDQ_TOP               Corner : ss_0p72v_0p72v_125c
  Check    : setup       Clock  : CLK_CORE  Period = 2.0 ns  (500.0 MHz)
  WNS      :   +1.042 ns   TNS :   +0.000 ns   WHS :   +0.000 ns
  Slack    :   +1.042 ns   Status : MET
  Status   : ALL PATHS CLEAN -- No Setup or Hold Violations
  Coverage : 100.0%   Endpoints : 6137 / 2697
  Tool     : Synopsys PrimeTime 2023.06-SP3
  Runtime  : 00:04:32         Memory : 1.369 GB
  Run Dir  : /proj/cpu_rtl/sta/MEMORY/LDQ/run_ss_0p72v_0p72v_125c

  File     : 09_RECOVERY_SS_125C_LDQ_TOP.rpt
  Design   : LDQ_TOP               Corner : ss_0p72v_0p72v_125c
  Check    : setup       Clock  : CLK_CORE  Period = 2.0 ns  (500.0 MHz)
  WNS      :   +1.015 ns   TNS :   +0.000 ns   WHS :   +0.102 ns
  Slack    :   +1.015 ns   Status : MET
  Status   : ALL PATHS CLEAN — No Setup or Hold Violations
  Coverage : 100.0%   Endpoints : 1755 / 3598
  Tool     : Synopsys PrimeTime 2023.06-SP3
  Runtime  : 00:04:30         Memory : 4.716 GB
  Run Dir  : /proj/cpu_rtl/sta/MEMORY/LDQ/run_ss_0p72v_0p72v_125c

  File     : 02_HOLD_FF_N40C_LDQ_TOP.rpt
  Design   : LDQ_TOP               Corner : ff_1p16v_1p16v_n40c
  Check    : hold        Clock  : CLK_CORE  Period = 2.0 ns  (500.0 MHz)
  WNS      :   +1.120 ns   TNS :   +0.000 ns   WHS :   +0.104 ns
  Slack    :   +1.120 ns   Status : MET
  Status   : ALL PATHS CLEAN — No Setup or Hold Violations
  Coverage : 100.0%   Endpoints : 4829 / 1507
  Tool     : Synopsys PrimeTime 2023.06-SP3
  Runtime  : 00:03:19         Memory : 3.443 GB
  Run Dir  : /proj/cpu_rtl/sta/MEMORY/LDQ/run_ff_1p16v_1p16v_n40c

  File     : 04_HOLD_TT_25C_LDQ_TOP.rpt
  Design   : LDQ_TOP               Corner : tt_0p90v_0p90v_25c
  Check    : hold        Clock  : CLK_CORE  Period = 2.0 ns  (500.0 MHz)
  WNS      :   +1.113 ns   TNS :   +0.000 ns   WHS :   +0.086 ns
  Slack    :   +1.113 ns   Status : MET
  Status   : ALL PATHS CLEAN — No Setup or Hold Violations
  Coverage : 100.0%   Endpoints : 4005 / 1564
  Tool     : Synopsys PrimeTime 2023.06-SP3
  Runtime  : 00:03:56         Memory : 3.206 GB
  Run Dir  : /proj/cpu_rtl/sta/MEMORY/LDQ/run_tt_0p90v_0p90v_25c

  File     : 06_HOLD_FF_125C_LDQ_TOP.rpt
  Design   : LDQ_TOP               Corner : ff_1p16v_1p16v_125c
  Check    : hold        Clock  : CLK_CORE  Period = 2.0 ns  (500.0 MHz)
  WNS      :   +1.124 ns   TNS :   +0.000 ns   WHS :   +0.086 ns
  Slack    :   +1.124 ns   Status : MET
  Status   : ALL PATHS CLEAN — No Setup or Hold Violations
  Coverage : 100.0%   Endpoints : 4983 / 5088
  Tool     : Synopsys PrimeTime 2023.06-SP3
  Runtime  : 00:03:32         Memory : 2.996 GB
  Run Dir  : /proj/cpu_rtl/sta/MEMORY/LDQ/run_ff_1p16v_1p16v_125c

  File     : 12_HOLD_FF_N40C_OCV_LDQ_TOP.rpt
  Design   : LDQ_TOP               Corner : ff_1p16v_1p16v_n40c
  Check    : hold        Clock  : CLK_CORE  Period = 2.0 ns  (500.0 MHz)
  WNS      :   +1.147 ns   TNS :   +0.000 ns   WHS :   +0.000 ns
  Slack    :   +1.147 ns   Status : MET
  Status   : ALL PATHS CLEAN -- No Setup or Hold Violations
  Coverage : 100.0%   Endpoints : 4197 / 3208
  Tool     : Synopsys PrimeTime 2023.06-SP3
  Runtime  : 00:06:40         Memory : 3.582 GB
  Run Dir  : /proj/cpu_rtl/sta/MEMORY/LDQ/run_ff_1p16v_1p16v_n40c

  File     : 14_HOLD_FF_N40C_POCV_LDQ_TOP.rpt
  Design   : LDQ_TOP               Corner : ff_1p16v_1p16v_n40c
  Check    : hold        Clock  : CLK_CORE  Period = 2.0 ns  (500.0 MHz)
  WNS      :   +1.017 ns   TNS :   +0.000 ns   WHS :   +0.000 ns
  Slack    :   +1.017 ns   Status : MET
  Status   : ALL PATHS CLEAN -- No Setup or Hold Violations
  Coverage : 100.0%   Endpoints : 2107 / 1573
  Tool     : Synopsys PrimeTime 2023.06-SP3
  Runtime  : 00:05:20         Memory : 1.17 GB
  Run Dir  : /proj/cpu_rtl/sta/MEMORY/LDQ/run_ff_1p16v_1p16v_n40c

  File     : 16_HOLD_TT_85C_LDQ_TOP.rpt
  Design   : LDQ_TOP               Corner : tt_0p90v_0p90v_85c
  Check    : hold        Clock  : CLK_CORE  Period = 2.0 ns  (500.0 MHz)
  WNS      :   +1.128 ns   TNS :   +0.000 ns   WHS :   +0.000 ns
  Slack    :   +1.128 ns   Status : MET
  Status   : ALL PATHS CLEAN -- No Setup or Hold Violations
  Coverage : 100.0%   Endpoints : 1652 / 3423
  Tool     : Synopsys PrimeTime 2023.06-SP3
  Runtime  : 00:03:28         Memory : 2.679 GB
  Run Dir  : /proj/cpu_rtl/sta/MEMORY/LDQ/run_tt_0p90v_0p90v_85c

  File     : 18_HOLD_SS_125C_LDQ_TOP.rpt
  Design   : LDQ_TOP               Corner : ss_0p72v_0p72v_125c
  Check    : hold        Clock  : CLK_CORE  Period = 2.0 ns  (500.0 MHz)
  WNS      :   +1.068 ns   TNS :   +0.000 ns   WHS :   +0.000 ns
  Slack    :   +1.068 ns   Status : MET
  Status   : ALL PATHS CLEAN -- No Setup or Hold Violations
  Coverage : 100.0%   Endpoints : 3266 / 2173
  Tool     : Synopsys PrimeTime 2023.06-SP3
  Runtime  : 00:01:46         Memory : 3.466 GB
  Run Dir  : /proj/cpu_rtl/sta/MEMORY/LDQ/run_ss_0p72v_0p72v_125c

  File     : 20_HOLD_LVFF_N40C_LDQ_TOP.rpt
  Design   : LDQ_TOP               Corner : ff_1p32v_1p32v_n40c
  Check    : hold        Clock  : CLK_CORE  Period = 2.0 ns  (500.0 MHz)
  WNS      :   +1.134 ns   TNS :   +0.000 ns   WHS :   +0.000 ns
  Slack    :   +1.134 ns   Status : MET
  Status   : ALL PATHS CLEAN -- No Setup or Hold Violations
  Coverage : 100.0%   Endpoints : 3432 / 6204
  Tool     : Synopsys PrimeTime 2023.06-SP3
  Runtime  : 00:07:50         Memory : 3.66 GB
  Run Dir  : /proj/cpu_rtl/sta/MEMORY/LDQ/run_ff_1p32v_1p32v_n40c

  File     : 25_HOLD_TT_25C_ECO_LDQ_TOP.rpt
  Design   : LDQ_TOP               Corner : tt_0p90v_0p90v_25c
  Check    : hold        Clock  : CLK_CORE  Period = 2.0 ns  (500.0 MHz)
  WNS      :   +1.113 ns   TNS :   +0.000 ns   WHS :   +0.000 ns
  Slack    :   +1.113 ns   Status : MET
  Status   : ALL PATHS CLEAN -- No Setup or Hold Violations
  Coverage : 100.0%   Endpoints : 3217 / 4122
  Tool     : Synopsys PrimeTime 2023.06-SP3
  Runtime  : 00:08:27         Memory : 3.436 GB
  Run Dir  : /proj/cpu_rtl/sta/MEMORY/LDQ/run_tt_0p90v_0p90v_25c

  File     : 27_HOLD_FF_N40C_SI_LDQ_TOP.rpt
  Design   : LDQ_TOP               Corner : ff_1p16v_1p16v_n40c
  Check    : hold        Clock  : CLK_CORE  Period = 2.0 ns  (500.0 MHz)
  WNS      :   +1.129 ns   TNS :   +0.000 ns   WHS :   +0.000 ns
  Slack    :   +1.129 ns   Status : MET
  Status   : ALL PATHS CLEAN -- No Setup or Hold Violations
  Coverage : 100.0%   Endpoints : 4143 / 1863
  Tool     : Synopsys PrimeTime 2023.06-SP3
  Runtime  : 00:08:45         Memory : 1.574 GB
  Run Dir  : /proj/cpu_rtl/sta/MEMORY/LDQ/run_ff_1p16v_1p16v_n40c

  File     : 29_HOLD_FF_N40C_FINAL_LDQ_TOP.rpt
  Design   : LDQ_TOP               Corner : ff_1p16v_1p16v_n40c
  Check    : hold        Clock  : CLK_CORE  Period = 2.0 ns  (500.0 MHz)
  WNS      :   +1.096 ns   TNS :   +0.000 ns   WHS :   +0.000 ns
  Slack    :   +1.096 ns   Status : MET
  Status   : ALL PATHS CLEAN -- No Setup or Hold Violations
  Coverage : 100.0%   Endpoints : 6232 / 3369
  Tool     : Synopsys PrimeTime 2023.06-SP3
  Runtime  : 00:08:20         Memory : 4.733 GB
  Run Dir  : /proj/cpu_rtl/sta/MEMORY/LDQ/run_ff_1p16v_1p16v_n40c

  File     : LDQ_TIMING.rpt
  Design   : N/A                   Corner : N/A
  Check    : N/A         Clock  : N/A  Period = 0.0 ns  (0.0 MHz)
  WNS      :   +0.000 ns   TNS :   +0.000 ns   WHS :   +0.000 ns
  Slack    :   +0.000 ns   Status : UNKNOWN
  Status   : N/A
  Coverage : 0.0%   Endpoints : 0 / 0
  Tool     : N/A
  Runtime  : N/A              Memory : N/A
  Run Dir  : N/A


================================================================================
END OF BLOCK DUMP LOG
================================================================================