================================================================================
  STA TOP-LEVEL DUMP LOG  —  PD_STA_REPORTS
================================================================================

  Root Directory   : D:\Certificates\PD_STA_REPORTS
  Parsed At        : 2026-08-15T19:15:05
  Total Blocks     : 3
  Total Reports    : 93


AGGREGATE SUMMARY
----------------------------------------
  Overall Status   : MET
  Worst WNS  (ns)  : 0.000
  Worst TNS  (ns)  : 0.000
  Worst WHS  (ns)  : 0.000
  Total Violations : 0

BY PIPELINE STAGE
----------------------------------------
  Stage                   Owner            #       WNS       TNS       WHS  STATUS
  ──────────────────────  ────────────  ────  ────────  ────────  ────────  ──────────
  WRITEBACK               MTO_User7        3     0.000     0.000     0.000  MET

BY CORNER
----------------------------------------
  Name                                              #       WNS       TNS       WHS  STATUS
  ─────────────────────────────────────────────  ────  ────────  ────────  ────────  ──────────
  N/A                                               3     0.000     0.000     0.000  MET
  ff_1p16v_1p16v_125c                               6     1.035     0.000     0.000  MET
  ff_1p16v_1p16v_n40c                              15     1.052     0.000     0.000  MET
  ff_1p32v_1p32v_n40c                               3     1.048     0.000     0.000  MET
  ss_0p63v_0p63v_125c                               3     1.045     0.000     0.083  MET
  ss_0p63v_0p63v_n40c                               3     1.111     0.000     0.000  MET
  ss_0p72v_0p72v_125c                              27     1.029     0.000     0.000  MET
  ss_0p72v_0p72v_n40c                               3     1.030     0.000     0.082  MET
  tt_0p90v_0p90v_25c                               24     1.020     0.000     0.000  MET
  tt_0p90v_0p90v_85c                                6     1.077     0.000     0.000  MET

BY CHECK TYPE
----------------------------------------
  Name                                              #       WNS       TNS       WHS  STATUS
  ─────────────────────────────────────────────  ────  ────────  ────────  ────────  ──────────
  N/A                                               3     0.000     0.000     0.000  MET
  hold                                             33     1.035     0.000     0.000  MET
  setup                                            57     1.020     0.000     0.000  MET

PER-BLOCK SUMMARY
----------------------------------------
  Block                                          Design                  Rpts       WNS       TNS       WHS  STATUS      Owner
  ─────────────────────────────────────────────  ──────────────────────  ────  ────────  ────────  ────────  ──────────  ────────────
  WRITEBACK\PRF\FP_RF                            FP_RF_TOP                 31     0.000     0.000     0.000  MET         User40
  WRITEBACK\PRF\INT_RF                           INT_RF_TOP                31     0.000     0.000     0.000  MET         User41
  WRITEBACK\RESULT_BROADCAST_BUS                 RESULT_BUS_TOP            31     0.000     0.000     0.000  MET         User42

================================================================================
END OF TOP-LEVEL DUMP LOG
================================================================================