****************************************
Report : timing
        -path_type full
        -delay_type min
        -max_paths 10
        -sort_by slack
Design : FREE_LIST_TOP
Version: PrimeTime 2023.06-SP3
Date   : Sat Aug 15 17:34:53 2026
Corner : ff_1p16v_1p16v_n40c
Note   : Worst-case Hold  — Fast corner, cold temp
****************************************

Operating Conditions : ff_1p16v_1p16v_n40c (Library: saed32nm_rvt)
Wire Load Model Mode : Interconnect (StarRC Extracted)

  Startpoint : u_fl_ptr/din_reg[0]
               (rising edge-triggered flip-flop clocked by CLK_CORE)
  Endpoint   : u_fl_cnt/dout_reg[0]
               (rising edge-triggered flip-flop clocked by CLK_CORE)
  Path Group : CLK_CORE
  Path Type  : min

  Point                                                   Incr        Path
  -------------------------------------------------------------------------
  clock CLK_CORE (rise edge)                                  0.000       0.000
  clock network delay (propagated)                        0.134      0.134
  u_fl_ptr/din_reg[0]/CK (DFFARX1_RVT)                        0.000       0.134 r
  u_fl_ptr/din_reg[0]/Q  (DFFARX1_RVT)                        0.133       0.267 r
  u_fl_ptr/U12/Y (INVX2_RVT)                                  0.052       0.319 f
  u_fl_ptr/U34/Y (NAND2X1_RVT)                                0.088       0.407 r
  u_fl_alloc/U07/Y (AOI22X1_RVT)                                0.096       0.503 f
  u_fl_alloc/U19/Y (OAI21X1_RVT)                                0.106       0.609 r
  u_fl_free/U03/Y (MUX21X1_RVT)                                0.081       0.69 r
  u_fl_free/U11/Y (AND2X1_RVT)                                 0.067       0.757 f
  u_fl_free/U22/Y (NOR2X1_RVT)                                 0.054       0.811 r
  u_fl_cnt/U05/Y (BUFX4_RVT)                                  0.077       0.888 r
  u_fl_cnt/dout_reg[0]/D (DFFARX1_RVT)                        0.063      0.951 f
  data arrival time                                                    0.951

  clock CLK_CORE (rise edge)                                  2     2
  clock network delay (propagated)                        0.134      2.134
  clock uncertainty                                      -0.05   2.084
  u_fl_cnt/dout_reg[0]/CK (DFFARX1_RVT)                       0.000       2.084 r
  library setup time                                     -0.071   2.013
  data required time                                                   2.013
  -------------------------------------------------------------------------
  data required time                                                   2.013
  data arrival time                                                   -0.951
  -------------------------------------------------------------------------
  slack (MET)   1.062


=========================================================================
                   FREE_LIST_TOP — TIMING SUMMARY
=========================================================================

  Block        : FREE_LIST_TOP
  Corner       : ff_1p16v_1p16v_n40c
  Check        : min  (Worst-case Hold  — Fast corner, cold temp)
  Clock        : CLK_CORE  Period = 2 ns  (500 MHz)
  Technology   : SAED 32nm RVT

  ┌────────────────────────────────────────────────────────────────┐
  │ Sub-Unit      WNS (ns)  TNS (ns)  #Viol   WHS (ns)  #HViol  │
  ├────────────────────────────────────────────────────────────────┤
  │ u_fl_ptr          1.062       0        0      0.117        0     │
  │ u_fl_alloc          0.104       0        0      0.064        0     │
  │ u_fl_free          0.094       0        0      0.063        0     │
  │ u_fl_cnt          0.079       0        0      0.13        0     │
  ├────────────────────────────────────────────────────────────────┤
  │ FREE_LIST_TOP  1.062       0        0      0.117        0     │
  └────────────────────────────────────────────────────────────────┘

  Status : ALL PATHS CLEAN — No Setup or Hold Violations


=========================================================================
                   TIMING EXCEPTIONS APPLIED
=========================================================================

  set_false_path -from [get_ports SCAN_EN]      -to [all_registers]
  set_false_path -from [get_ports TEST_MODE]     -to [all_registers]
  set_multicycle_path 2 -setup -from [get_cells u_fl_ptr/*] -to [get_cells u_fl_cnt/*]
  set_multicycle_path 1 -hold  -from [get_cells u_fl_ptr/*] -to [get_cells u_fl_cnt/*]
  set_input_delay  0.400 -clock CLK_CORE -max [all_inputs]
  set_output_delay 0.350 -clock CLK_CORE -max [all_outputs]


=========================================================================
                   CLOCK DOMAIN SUMMARY
=========================================================================

  Clock    : CLK_CORE
  Period   : 2 ns
  Waveform : {0.000 1}
  Skew     : 0.022 ns  (max across FREE_LIST_TOP)
  Latency  : 0.134 ns  (max)


=========================================================================
                   CONSTRAINT COVERAGE
=========================================================================

  Total register endpoints   : 1126
  Constrained endpoints      : 3816
  Unconstrained endpoints    :      0
  Coverage                   :  100.0%


=========================================================================
                   TOOL / RUN INFORMATION
=========================================================================

  Tool         : Synopsys PrimeTime 2023.06-SP3
  Run Host     : sta-server-01
  Run Dir      : /proj/cpu_rtl/sta/RENAME_DISPATCH/FREE_LIST/run_ff_1p16v_1p16v_n40c
  SDC File     : /proj/cpu_rtl/constraints/FREE_LIST_TOP.sdc
  Netlist      : /proj/cpu_rtl/netlist/FREE_LIST_TOP.v.gz
  SPEF File    : /proj/cpu_rtl/spef/FREE_LIST_TOP.spef.gz
  Liberty      : saed32nm_rvt_ff_1p16v_1p16v_n40c.db
  Elapsed Time : 00:02:11
  Peak Memory  : 3.246 GB

=========================================================================
End of Report
=========================================================================
