****************************************
Report : timing
        -path_type full
        -delay_type max
        -max_paths 10
        -sort_by slack
Design : FREE_LIST_TOP
Version: PrimeTime 2023.06-SP3
Date   : Sat Aug 15 17:34:53 2026
Corner : tt_0p90v_0p90v_25c
Note   : Typical Setup   — Nominal corner
****************************************

Operating Conditions : tt_0p90v_0p90v_25c (Library: saed32nm_rvt)
Wire Load Model Mode : Interconnect (StarRC Extracted)

  Startpoint : u_fl_ptr/din_reg[0]
               (rising edge-triggered flip-flop clocked by CLK_CORE)
  Endpoint   : u_fl_cnt/dout_reg[0]
               (rising edge-triggered flip-flop clocked by CLK_CORE)
  Path Group : CLK_CORE
  Path Type  : max

  Point                                                   Incr        Path
  -------------------------------------------------------------------------
  clock CLK_CORE (rise edge)                                  0.000       0.000
  clock network delay (propagated)                        0.163      0.163
  u_fl_ptr/din_reg[0]/CK (DFFARX1_RVT)                        0.000       0.163 r
  u_fl_ptr/din_reg[0]/Q  (DFFARX1_RVT)                        0.131       0.294 r
  u_fl_ptr/U12/Y (INVX2_RVT)                                  0.044       0.338 f
  u_fl_ptr/U34/Y (NAND2X1_RVT)                                0.078       0.416 r
  u_fl_alloc/U07/Y (AOI22X1_RVT)                                0.073       0.489 f
  u_fl_alloc/U19/Y (OAI21X1_RVT)                                0.1       0.589 r
  u_fl_free/U03/Y (MUX21X1_RVT)                                0.085       0.674 r
  u_fl_free/U11/Y (AND2X1_RVT)                                 0.052       0.726 f
  u_fl_free/U22/Y (NOR2X1_RVT)                                 0.07       0.796 r
  u_fl_cnt/U05/Y (BUFX4_RVT)                                  0.073       0.869 r
  u_fl_cnt/dout_reg[0]/D (DFFARX1_RVT)                        0.074      0.943 f
  data arrival time                                                    0.943

  clock CLK_CORE (rise edge)                                  2     2
  clock network delay (propagated)                        0.163      2.163
  clock uncertainty                                      -0.05   2.113
  u_fl_cnt/dout_reg[0]/CK (DFFARX1_RVT)                       0.000       2.113 r
  library setup time                                     -0.081   2.032
  data required time                                                   2.032
  -------------------------------------------------------------------------
  data required time                                                   2.032
  data arrival time                                                   -0.943
  -------------------------------------------------------------------------
  slack (MET)   1.089


=========================================================================
                   FREE_LIST_TOP — TIMING SUMMARY
=========================================================================

  Block        : FREE_LIST_TOP
  Corner       : tt_0p90v_0p90v_25c
  Check        : max  (Typical Setup   — Nominal corner)
  Clock        : CLK_CORE  Period = 2 ns  (500 MHz)
  Technology   : SAED 32nm RVT

  ┌────────────────────────────────────────────────────────────────┐
  │ Sub-Unit      WNS (ns)  TNS (ns)  #Viol   WHS (ns)  #HViol  │
  ├────────────────────────────────────────────────────────────────┤
  │ u_fl_ptr          1.089       0        0      0.093        0     │
  │ u_fl_alloc          0.115       0        0      0.112        0     │
  │ u_fl_free          0.156       0        0      0.12        0     │
  │ u_fl_cnt          0.058       0        0      0.093        0     │
  ├────────────────────────────────────────────────────────────────┤
  │ FREE_LIST_TOP  1.089       0        0      0.093        0     │
  └────────────────────────────────────────────────────────────────┘

  Status : ALL PATHS CLEAN — No Setup or Hold Violations


=========================================================================
                   TIMING EXCEPTIONS APPLIED
=========================================================================

  set_false_path -from [get_ports SCAN_EN]      -to [all_registers]
  set_false_path -from [get_ports TEST_MODE]     -to [all_registers]
  set_multicycle_path 2 -setup -from [get_cells u_fl_ptr/*] -to [get_cells u_fl_cnt/*]
  set_multicycle_path 1 -hold  -from [get_cells u_fl_ptr/*] -to [get_cells u_fl_cnt/*]
  set_input_delay  0.400 -clock CLK_CORE -max [all_inputs]
  set_output_delay 0.350 -clock CLK_CORE -max [all_outputs]


=========================================================================
                   CLOCK DOMAIN SUMMARY
=========================================================================

  Clock    : CLK_CORE
  Period   : 2 ns
  Waveform : {0.000 1}
  Skew     : 0.027 ns  (max across FREE_LIST_TOP)
  Latency  : 0.163 ns  (max)


=========================================================================
                   CONSTRAINT COVERAGE
=========================================================================

  Total register endpoints   : 3442
  Constrained endpoints      : 863
  Unconstrained endpoints    :      0
  Coverage                   :  100.0%


=========================================================================
                   TOOL / RUN INFORMATION
=========================================================================

  Tool         : Synopsys PrimeTime 2023.06-SP3
  Run Host     : sta-server-01
  Run Dir      : /proj/cpu_rtl/sta/RENAME_DISPATCH/FREE_LIST/run_tt_0p90v_0p90v_25c
  SDC File     : /proj/cpu_rtl/constraints/FREE_LIST_TOP.sdc
  Netlist      : /proj/cpu_rtl/netlist/FREE_LIST_TOP.v.gz
  SPEF File    : /proj/cpu_rtl/spef/FREE_LIST_TOP.spef.gz
  Liberty      : saed32nm_rvt_tt_0p90v_0p90v_25c.db
  Elapsed Time : 00:01:13
  Peak Memory  : 1.534 GB

=========================================================================
End of Report
=========================================================================
