****************************************
Report : timing
        -path_type full
        -delay_type min
        -max_paths 10
        -sort_by slack
Design : FREE_LIST_TOP
Version: PrimeTime 2023.06-SP3
Date   : Sat Aug 15 17:34:53 2026
Corner : tt_0p90v_0p90v_25c
Note   : Typical Hold    — Nominal corner
****************************************

Operating Conditions : tt_0p90v_0p90v_25c (Library: saed32nm_rvt)
Wire Load Model Mode : Interconnect (StarRC Extracted)

  Startpoint : u_fl_ptr/din_reg[0]
               (rising edge-triggered flip-flop clocked by CLK_CORE)
  Endpoint   : u_fl_cnt/dout_reg[0]
               (rising edge-triggered flip-flop clocked by CLK_CORE)
  Path Group : CLK_CORE
  Path Type  : min

  Point                                                   Incr        Path
  -------------------------------------------------------------------------
  clock CLK_CORE (rise edge)                                  0.000       0.000
  clock network delay (propagated)                        0.152      0.152
  u_fl_ptr/din_reg[0]/CK (DFFARX1_RVT)                        0.000       0.152 r
  u_fl_ptr/din_reg[0]/Q  (DFFARX1_RVT)                        0.123       0.275 r
  u_fl_ptr/U12/Y (INVX2_RVT)                                  0.064       0.339 f
  u_fl_ptr/U34/Y (NAND2X1_RVT)                                0.056       0.395 r
  u_fl_alloc/U07/Y (AOI22X1_RVT)                                0.073       0.468 f
  u_fl_alloc/U19/Y (OAI21X1_RVT)                                0.115       0.583 r
  u_fl_free/U03/Y (MUX21X1_RVT)                                0.084       0.667 r
  u_fl_free/U11/Y (AND2X1_RVT)                                 0.061       0.728 f
  u_fl_free/U22/Y (NOR2X1_RVT)                                 0.043       0.771 r
  u_fl_cnt/U05/Y (BUFX4_RVT)                                  0.058       0.829 r
  u_fl_cnt/dout_reg[0]/D (DFFARX1_RVT)                        0.056      0.885 f
  data arrival time                                                    0.885

  clock CLK_CORE (rise edge)                                  2     2
  clock network delay (propagated)                        0.152      2.152
  clock uncertainty                                      -0.05   2.102
  u_fl_cnt/dout_reg[0]/CK (DFFARX1_RVT)                       0.000       2.102 r
  library setup time                                     -0.08   2.022
  data required time                                                   2.022
  -------------------------------------------------------------------------
  data required time                                                   2.022
  data arrival time                                                   -0.885
  -------------------------------------------------------------------------
  slack (MET)   1.137


=========================================================================
                   FREE_LIST_TOP — TIMING SUMMARY
=========================================================================

  Block        : FREE_LIST_TOP
  Corner       : tt_0p90v_0p90v_25c
  Check        : min  (Typical Hold    — Nominal corner)
  Clock        : CLK_CORE  Period = 2 ns  (500 MHz)
  Technology   : SAED 32nm RVT

  ┌────────────────────────────────────────────────────────────────┐
  │ Sub-Unit      WNS (ns)  TNS (ns)  #Viol   WHS (ns)  #HViol  │
  ├────────────────────────────────────────────────────────────────┤
  │ u_fl_ptr          1.137       0        0      0.071        0     │
  │ u_fl_alloc          0.181       0        0      0.111        0     │
  │ u_fl_free          0.125       0        0      0.104        0     │
  │ u_fl_cnt          0.109       0        0      0.063        0     │
  ├────────────────────────────────────────────────────────────────┤
  │ FREE_LIST_TOP  1.137       0        0      0.071        0     │
  └────────────────────────────────────────────────────────────────┘

  Status : ALL PATHS CLEAN — No Setup or Hold Violations


=========================================================================
                   TIMING EXCEPTIONS APPLIED
=========================================================================

  set_false_path -from [get_ports SCAN_EN]      -to [all_registers]
  set_false_path -from [get_ports TEST_MODE]     -to [all_registers]
  set_multicycle_path 2 -setup -from [get_cells u_fl_ptr/*] -to [get_cells u_fl_cnt/*]
  set_multicycle_path 1 -hold  -from [get_cells u_fl_ptr/*] -to [get_cells u_fl_cnt/*]
  set_input_delay  0.400 -clock CLK_CORE -max [all_inputs]
  set_output_delay 0.350 -clock CLK_CORE -max [all_outputs]


=========================================================================
                   CLOCK DOMAIN SUMMARY
=========================================================================

  Clock    : CLK_CORE
  Period   : 2 ns
  Waveform : {0.000 1}
  Skew     : 0.024 ns  (max across FREE_LIST_TOP)
  Latency  : 0.152 ns  (max)


=========================================================================
                   CONSTRAINT COVERAGE
=========================================================================

  Total register endpoints   : 3681
  Constrained endpoints      : 4892
  Unconstrained endpoints    :      0
  Coverage                   :  100.0%


=========================================================================
                   TOOL / RUN INFORMATION
=========================================================================

  Tool         : Synopsys PrimeTime 2023.06-SP3
  Run Host     : sta-server-01
  Run Dir      : /proj/cpu_rtl/sta/RENAME_DISPATCH/FREE_LIST/run_tt_0p90v_0p90v_25c
  SDC File     : /proj/cpu_rtl/constraints/FREE_LIST_TOP.sdc
  Netlist      : /proj/cpu_rtl/netlist/FREE_LIST_TOP.v.gz
  SPEF File    : /proj/cpu_rtl/spef/FREE_LIST_TOP.spef.gz
  Liberty      : saed32nm_rvt_tt_0p90v_0p90v_25c.db
  Elapsed Time : 00:08:54
  Peak Memory  : 2.996 GB

=========================================================================
End of Report
=========================================================================
