****************************************
Report : timing
        -path_type full
        -delay_type max
        -max_paths 10
        -sort_by slack
Design : FREE_LIST_TOP
Version: PrimeTime 2023.06-SP3
Date   : Sat Aug 15 17:34:53 2026
Corner : ss_0p72v_0p72v_n40c
Note   : Cold Setup      — Slow corner, cold temp
****************************************

Operating Conditions : ss_0p72v_0p72v_n40c (Library: saed32nm_rvt)
Wire Load Model Mode : Interconnect (StarRC Extracted)

  Startpoint : u_fl_ptr/din_reg[0]
               (rising edge-triggered flip-flop clocked by CLK_CORE)
  Endpoint   : u_fl_cnt/dout_reg[0]
               (rising edge-triggered flip-flop clocked by CLK_CORE)
  Path Group : CLK_CORE
  Path Type  : max

  Point                                                   Incr        Path
  -------------------------------------------------------------------------
  clock CLK_CORE (rise edge)                                  0.000       0.000
  clock network delay (propagated)                        0.145      0.145
  u_fl_ptr/din_reg[0]/CK (DFFARX1_RVT)                        0.000       0.145 r
  u_fl_ptr/din_reg[0]/Q  (DFFARX1_RVT)                        0.13       0.275 r
  u_fl_ptr/U12/Y (INVX2_RVT)                                  0.064       0.339 f
  u_fl_ptr/U34/Y (NAND2X1_RVT)                                0.084       0.423 r
  u_fl_alloc/U07/Y (AOI22X1_RVT)                                0.08       0.503 f
  u_fl_alloc/U19/Y (OAI21X1_RVT)                                0.12       0.623 r
  u_fl_free/U03/Y (MUX21X1_RVT)                                0.094       0.717 r
  u_fl_free/U11/Y (AND2X1_RVT)                                 0.051       0.768 f
  u_fl_free/U22/Y (NOR2X1_RVT)                                 0.053       0.821 r
  u_fl_cnt/U05/Y (BUFX4_RVT)                                  0.066       0.887 r
  u_fl_cnt/dout_reg[0]/D (DFFARX1_RVT)                        0.055      0.942 f
  data arrival time                                                    0.942

  clock CLK_CORE (rise edge)                                  2     2
  clock network delay (propagated)                        0.145      2.145
  clock uncertainty                                      -0.05   2.095
  u_fl_cnt/dout_reg[0]/CK (DFFARX1_RVT)                       0.000       2.095 r
  library setup time                                     -0.068   2.027
  data required time                                                   2.027
  -------------------------------------------------------------------------
  data required time                                                   2.027
  data arrival time                                                   -0.942
  -------------------------------------------------------------------------
  slack (MET)   1.085


=========================================================================
                   FREE_LIST_TOP — TIMING SUMMARY
=========================================================================

  Block        : FREE_LIST_TOP
  Corner       : ss_0p72v_0p72v_n40c
  Check        : max  (Cold Setup      — Slow corner, cold temp)
  Clock        : CLK_CORE  Period = 2 ns  (500 MHz)
  Technology   : SAED 32nm RVT

  ┌────────────────────────────────────────────────────────────────┐
  │ Sub-Unit      WNS (ns)  TNS (ns)  #Viol   WHS (ns)  #HViol  │
  ├────────────────────────────────────────────────────────────────┤
  │ u_fl_ptr          1.085       0        0      0.095        0     │
  │ u_fl_alloc          0.067       0        0      0.093        0     │
  │ u_fl_free          0.185       0        0      0.073        0     │
  │ u_fl_cnt          0.116       0        0      0.076        0     │
  ├────────────────────────────────────────────────────────────────┤
  │ FREE_LIST_TOP  1.085       0        0      0.095        0     │
  └────────────────────────────────────────────────────────────────┘

  Status : ALL PATHS CLEAN — No Setup or Hold Violations


=========================================================================
                   TIMING EXCEPTIONS APPLIED
=========================================================================

  set_false_path -from [get_ports SCAN_EN]      -to [all_registers]
  set_false_path -from [get_ports TEST_MODE]     -to [all_registers]
  set_multicycle_path 2 -setup -from [get_cells u_fl_ptr/*] -to [get_cells u_fl_cnt/*]
  set_multicycle_path 1 -hold  -from [get_cells u_fl_ptr/*] -to [get_cells u_fl_cnt/*]
  set_input_delay  0.400 -clock CLK_CORE -max [all_inputs]
  set_output_delay 0.350 -clock CLK_CORE -max [all_outputs]


=========================================================================
                   CLOCK DOMAIN SUMMARY
=========================================================================

  Clock    : CLK_CORE
  Period   : 2 ns
  Waveform : {0.000 1}
  Skew     : 0.017 ns  (max across FREE_LIST_TOP)
  Latency  : 0.145 ns  (max)


=========================================================================
                   CONSTRAINT COVERAGE
=========================================================================

  Total register endpoints   : 2833
  Constrained endpoints      : 1741
  Unconstrained endpoints    :      0
  Coverage                   :  100.0%


=========================================================================
                   TOOL / RUN INFORMATION
=========================================================================

  Tool         : Synopsys PrimeTime 2023.06-SP3
  Run Host     : sta-server-01
  Run Dir      : /proj/cpu_rtl/sta/RENAME_DISPATCH/FREE_LIST/run_ss_0p72v_0p72v_n40c
  SDC File     : /proj/cpu_rtl/constraints/FREE_LIST_TOP.sdc
  Netlist      : /proj/cpu_rtl/netlist/FREE_LIST_TOP.v.gz
  SPEF File    : /proj/cpu_rtl/spef/FREE_LIST_TOP.spef.gz
  Liberty      : saed32nm_rvt_ss_0p72v_0p72v_n40c.db
  Elapsed Time : 00:04:35
  Peak Memory  : 4.075 GB

=========================================================================
End of Report
=========================================================================
