****************************************
Report : timing
        -path_type full
        -delay_type max
        -max_paths 10
        -sort_by slack
Design : FREE_LIST_TOP
Version: PrimeTime 2023.06-SP3
Date   : Sat Aug 15 17:34:53 2026
Corner : tt_0p90v_0p90v_25c
Note   : Clock Gating Check — Nominal corner
****************************************

Operating Conditions : tt_0p90v_0p90v_25c (Library: saed32nm_rvt)
Wire Load Model Mode : Interconnect (StarRC Extracted)

  Startpoint : u_fl_ptr/din_reg[0]
               (rising edge-triggered flip-flop clocked by CLK_CORE)
  Endpoint   : u_fl_cnt/dout_reg[0]
               (rising edge-triggered flip-flop clocked by CLK_CORE)
  Path Group : CLK_CORE
  Path Type  : max

  Point                                                   Incr        Path
  -------------------------------------------------------------------------
  clock CLK_CORE (rise edge)                                  0.000       0.000
  clock network delay (propagated)                        0.154      0.154
  u_fl_ptr/din_reg[0]/CK (DFFARX1_RVT)                        0.000       0.154 r
  u_fl_ptr/din_reg[0]/Q  (DFFARX1_RVT)                        0.126       0.28 r
  u_fl_ptr/U12/Y (INVX2_RVT)                                  0.048       0.328 f
  u_fl_ptr/U34/Y (NAND2X1_RVT)                                0.089       0.417 r
  u_fl_alloc/U07/Y (AOI22X1_RVT)                                0.098       0.515 f
  u_fl_alloc/U19/Y (OAI21X1_RVT)                                0.12       0.635 r
  u_fl_free/U03/Y (MUX21X1_RVT)                                0.064       0.699 r
  u_fl_free/U11/Y (AND2X1_RVT)                                 0.068       0.767 f
  u_fl_free/U22/Y (NOR2X1_RVT)                                 0.067       0.834 r
  u_fl_cnt/U05/Y (BUFX4_RVT)                                  0.084       0.918 r
  u_fl_cnt/dout_reg[0]/D (DFFARX1_RVT)                        0.074      0.992 f
  data arrival time                                                    0.992

  clock CLK_CORE (rise edge)                                  2     2
  clock network delay (propagated)                        0.154      2.154
  clock uncertainty                                      -0.05   2.104
  u_fl_cnt/dout_reg[0]/CK (DFFARX1_RVT)                       0.000       2.104 r
  library setup time                                     -0.067   2.037
  data required time                                                   2.037
  -------------------------------------------------------------------------
  data required time                                                   2.037
  data arrival time                                                   -0.992
  -------------------------------------------------------------------------
  slack (MET)   1.045


=========================================================================
                   FREE_LIST_TOP — TIMING SUMMARY
=========================================================================

  Block        : FREE_LIST_TOP
  Corner       : tt_0p90v_0p90v_25c
  Check        : max  (Clock Gating Check — Nominal corner)
  Clock        : CLK_CORE  Period = 2 ns  (500 MHz)
  Technology   : SAED 32nm RVT

  ┌────────────────────────────────────────────────────────────────┐
  │ Sub-Unit      WNS (ns)  TNS (ns)  #Viol   WHS (ns)  #HViol  │
  ├────────────────────────────────────────────────────────────────┤
  │ u_fl_ptr          1.045       0        0      0.104        0     │
  │ u_fl_alloc          0.103       0        0      0.079        0     │
  │ u_fl_free          0.082       0        0      0.08        0     │
  │ u_fl_cnt          0.136       0        0      0.058        0     │
  ├────────────────────────────────────────────────────────────────┤
  │ FREE_LIST_TOP  1.045       0        0      0.104        0     │
  └────────────────────────────────────────────────────────────────┘

  Status : ALL PATHS CLEAN — No Setup or Hold Violations


=========================================================================
                   TIMING EXCEPTIONS APPLIED
=========================================================================

  set_false_path -from [get_ports SCAN_EN]      -to [all_registers]
  set_false_path -from [get_ports TEST_MODE]     -to [all_registers]
  set_multicycle_path 2 -setup -from [get_cells u_fl_ptr/*] -to [get_cells u_fl_cnt/*]
  set_multicycle_path 1 -hold  -from [get_cells u_fl_ptr/*] -to [get_cells u_fl_cnt/*]
  set_input_delay  0.400 -clock CLK_CORE -max [all_inputs]
  set_output_delay 0.350 -clock CLK_CORE -max [all_outputs]


=========================================================================
                   CLOCK DOMAIN SUMMARY
=========================================================================

  Clock    : CLK_CORE
  Period   : 2 ns
  Waveform : {0.000 1}
  Skew     : 0.027 ns  (max across FREE_LIST_TOP)
  Latency  : 0.154 ns  (max)


=========================================================================
                   CONSTRAINT COVERAGE
=========================================================================

  Total register endpoints   : 5278
  Constrained endpoints      : 1697
  Unconstrained endpoints    :      0
  Coverage                   :  100.0%


=========================================================================
                   TOOL / RUN INFORMATION
=========================================================================

  Tool         : Synopsys PrimeTime 2023.06-SP3
  Run Host     : sta-server-01
  Run Dir      : /proj/cpu_rtl/sta/RENAME_DISPATCH/FREE_LIST/run_tt_0p90v_0p90v_25c
  SDC File     : /proj/cpu_rtl/constraints/FREE_LIST_TOP.sdc
  Netlist      : /proj/cpu_rtl/netlist/FREE_LIST_TOP.v.gz
  SPEF File    : /proj/cpu_rtl/spef/FREE_LIST_TOP.spef.gz
  Liberty      : saed32nm_rvt_tt_0p90v_0p90v_25c.db
  Elapsed Time : 00:01:21
  Peak Memory  : 1.771 GB

=========================================================================
End of Report
=========================================================================
