****************************************
Report : timing
        -path_type full
        -delay_type max
        -max_paths 10
        -sort_by slack
Design : FREE_LIST_TOP
Version: PrimeTime 2023.06-SP3
Date   : Sat Aug 15 18:20:45 2026
Corner : tt_0p90v_0p90v_85c
Note   : Setup check — Typical corner, 85 deg C
****************************************

Operating Conditions : tt_0p90v_0p90v_85c (Library: saed32nm_rvt)
Wire Load Model Mode : Interconnect (StarRC Extracted)

  Startpoint : u_fl_ptr/din_reg[0]
               (rising edge-triggered flip-flop clocked by CLK_CORE)
  Endpoint   : u_fl_cnt/dout_reg[0]
               (rising edge-triggered flip-flop clocked by CLK_CORE)
  Path Group : CLK_CORE
  Path Type  : max

  Point                                                   Incr        Path
  -------------------------------------------------------------------------
  clock CLK_CORE (rise edge)                                  0.000       0.000
  clock network delay (propagated)                        0.145      0.145
  u_fl_ptr/din_reg[0]/CK (DFFARX1_RVT)                        0.000       0.145 r
  u_fl_ptr/din_reg[0]/Q  (DFFARX1_RVT)                        0.118         0.263 r
  u_fl_ptr/U12/Y (INVX2_RVT)                                  0.042         0.305 f
  u_fl_ptr/U34/Y (NAND2X1_RVT)                                0.061         0.366 r
  u_fl_alloc/U07/Y (AOI22X1_RVT)                                0.094         0.46 f
  u_fl_alloc/U19/Y (OAI21X1_RVT)                                0.118         0.578 r
  u_fl_free/U03/Y (MUX21X1_RVT)                                0.089         0.667 r
  u_fl_free/U11/Y (AND2X1_RVT)                                 0.084         0.751 f
  u_fl_free/U22/Y (NOR2X1_RVT)                                 0.041         0.792 r
  u_fl_cnt/U05/Y (BUFX4_RVT)                                  0.069         0.861 r
  u_fl_cnt/dout_reg[0]/D (DFFARX1_RVT)                        0.079        0.94 f
  data arrival time                                                    0.94

  clock CLK_CORE (rise edge)                                  2     2
  clock network delay (propagated)                        0.145      2.145
  clock uncertainty                                      -0.05   2.095
  u_fl_cnt/dout_reg[0]/CK (DFFARX1_RVT)                       0.000       2.095 r
  library setup time                                     -0.068   2.027
  data required time                                                   2.027
  -------------------------------------------------------------------------
  data required time                                                   2.027
  data arrival time                                                   -0.94
  -------------------------------------------------------------------------
  slack (MET)      1.087


=========================================================================
                   FREE_LIST_TOP -- TIMING SUMMARY
=========================================================================

  Block        : FREE_LIST_TOP
  Corner       : tt_0p90v_0p90v_85c
  Check        : max  (Setup check — Typical corner, 85 deg C)
  Clock        : CLK_CORE  Period = 2 ns  (500 MHz)
  Technology   : SAED 32nm RVT

  +------------------------------------------------------------------+
  | Sub-Unit          WNS (ns)  TNS (ns)  #Viol   WHS (ns)  #HViol  |
  +------------------------------------------------------------------+
  | u_fl_ptr          1.087       0.000       0      0.1        0     |
  | u_fl_alloc          0.225       0.000       0      0.069        0     |
  | u_fl_free          0.121       0.000       0      0.081        0     |
  | u_fl_cnt          0.111       0.000       0      0.125        0     |
  +------------------------------------------------------------------+
  | FREE_LIST_TOP   1.087       0.000       0      0.1        0     |
  +------------------------------------------------------------------+

  Status : ALL PATHS CLEAN -- No Setup or Hold Violations


=========================================================================
                   TIMING EXCEPTIONS APPLIED
=========================================================================

  set_false_path -from [get_ports SCAN_EN]      -to [all_registers]
  set_false_path -from [get_ports TEST_MODE]     -to [all_registers]
  set_multicycle_path 2 -setup -from [get_cells u_fl_ptr/*] -to [get_cells u_fl_cnt/*]
  set_multicycle_path 1 -hold  -from [get_cells u_fl_ptr/*] -to [get_cells u_fl_cnt/*]
  set_input_delay  0.400 -clock CLK_CORE -max [all_inputs]
  set_output_delay 0.350 -clock CLK_CORE -max [all_outputs]


=========================================================================
                   CLOCK DOMAIN SUMMARY
=========================================================================

  Clock    : CLK_CORE
  Period   : 2 ns
  Waveform : {0.000 1}
  Skew     : 0.016 ns  (max across FREE_LIST_TOP)
  Latency  : 0.145 ns  (max)


=========================================================================
                   CONSTRAINT COVERAGE
=========================================================================

  Total register endpoints   : 6378
  Constrained endpoints      : 1665
  Unconstrained endpoints    :      0
  Coverage                   :  100.0%


=========================================================================
                   TOOL / RUN INFORMATION
=========================================================================

  Tool         : Synopsys PrimeTime 2023.06-SP3
  Run Host     : sta-server-01
  Run Dir      : /proj/cpu_rtl/sta/RENAME_DISPATCH/FREE_LIST/run_tt_0p90v_0p90v_85c
  SDC File     : /proj/cpu_rtl/constraints/FREE_LIST_TOP.sdc
  Netlist      : /proj/cpu_rtl/netlist/FREE_LIST_TOP.v.gz
  SPEF File    : /proj/cpu_rtl/spef/FREE_LIST_TOP.spef.gz
  Liberty      : saed32nm_rvt_tt_0p90v_0p90v_85c.db
  Elapsed Time : 00:04:15
  Peak Memory  : 2.981 GB

=========================================================================
End of Report
=========================================================================
