****************************************
Report : timing
        -path_type full
        -delay_type max
        -max_paths 10
        -sort_by slack
Design : FREE_LIST_TOP
Version: PrimeTime 2023.06-SP3
Date   : Sat Aug 15 18:20:45 2026
Corner : ss_0p63v_0p63v_n40c
Note   : Setup — Ultra-low-voltage, cold
****************************************

Operating Conditions : ss_0p63v_0p63v_n40c (Library: saed32nm_rvt)
Wire Load Model Mode : Interconnect (StarRC Extracted)

  Startpoint : u_fl_ptr/din_reg[0]
               (rising edge-triggered flip-flop clocked by CLK_CORE)
  Endpoint   : u_fl_cnt/dout_reg[0]
               (rising edge-triggered flip-flop clocked by CLK_CORE)
  Path Group : CLK_CORE
  Path Type  : max

  Point                                                   Incr        Path
  -------------------------------------------------------------------------
  clock CLK_CORE (rise edge)                                  0.000       0.000
  clock network delay (propagated)                        0.146      0.146
  u_fl_ptr/din_reg[0]/CK (DFFARX1_RVT)                        0.000       0.146 r
  u_fl_ptr/din_reg[0]/Q  (DFFARX1_RVT)                        0.114         0.26 r
  u_fl_ptr/U12/Y (INVX2_RVT)                                  0.053         0.313 f
  u_fl_ptr/U34/Y (NAND2X1_RVT)                                0.083         0.396 r
  u_fl_alloc/U07/Y (AOI22X1_RVT)                                0.102         0.498 f
  u_fl_alloc/U19/Y (OAI21X1_RVT)                                0.095         0.593 r
  u_fl_free/U03/Y (MUX21X1_RVT)                                0.095         0.688 r
  u_fl_free/U11/Y (AND2X1_RVT)                                 0.075         0.763 f
  u_fl_free/U22/Y (NOR2X1_RVT)                                 0.07         0.833 r
  u_fl_cnt/U05/Y (BUFX4_RVT)                                  0.06         0.893 r
  u_fl_cnt/dout_reg[0]/D (DFFARX1_RVT)                        0.068        0.961 f
  data arrival time                                                    0.961

  clock CLK_CORE (rise edge)                                  2     2
  clock network delay (propagated)                        0.146      2.146
  clock uncertainty                                      -0.05   2.096
  u_fl_cnt/dout_reg[0]/CK (DFFARX1_RVT)                       0.000       2.096 r
  library setup time                                     -0.084   2.012
  data required time                                                   2.012
  -------------------------------------------------------------------------
  data required time                                                   2.012
  data arrival time                                                   -0.961
  -------------------------------------------------------------------------
  slack (MET)      1.051


=========================================================================
                   FREE_LIST_TOP -- TIMING SUMMARY
=========================================================================

  Block        : FREE_LIST_TOP
  Corner       : ss_0p63v_0p63v_n40c
  Check        : max  (Setup — Ultra-low-voltage, cold)
  Clock        : CLK_CORE  Period = 2 ns  (500 MHz)
  Technology   : SAED 32nm RVT

  +------------------------------------------------------------------+
  | Sub-Unit          WNS (ns)  TNS (ns)  #Viol   WHS (ns)  #HViol  |
  +------------------------------------------------------------------+
  | u_fl_ptr          1.051       0.000       0      0.105        0     |
  | u_fl_alloc          0.057       0.000       0      0.1        0     |
  | u_fl_free          0.064       0.000       0      0.093        0     |
  | u_fl_cnt          0.131       0.000       0      0.113        0     |
  +------------------------------------------------------------------+
  | FREE_LIST_TOP   1.051       0.000       0      0.105        0     |
  +------------------------------------------------------------------+

  Status : ALL PATHS CLEAN -- No Setup or Hold Violations


=========================================================================
                   TIMING EXCEPTIONS APPLIED
=========================================================================

  set_false_path -from [get_ports SCAN_EN]      -to [all_registers]
  set_false_path -from [get_ports TEST_MODE]     -to [all_registers]
  set_multicycle_path 2 -setup -from [get_cells u_fl_ptr/*] -to [get_cells u_fl_cnt/*]
  set_multicycle_path 1 -hold  -from [get_cells u_fl_ptr/*] -to [get_cells u_fl_cnt/*]
  set_input_delay  0.400 -clock CLK_CORE -max [all_inputs]
  set_output_delay 0.350 -clock CLK_CORE -max [all_outputs]


=========================================================================
                   CLOCK DOMAIN SUMMARY
=========================================================================

  Clock    : CLK_CORE
  Period   : 2 ns
  Waveform : {0.000 1}
  Skew     : 0.026 ns  (max across FREE_LIST_TOP)
  Latency  : 0.146 ns  (max)


=========================================================================
                   CONSTRAINT COVERAGE
=========================================================================

  Total register endpoints   : 5264
  Constrained endpoints      : 5656
  Unconstrained endpoints    :      0
  Coverage                   :  100.0%


=========================================================================
                   TOOL / RUN INFORMATION
=========================================================================

  Tool         : Synopsys PrimeTime 2023.06-SP3
  Run Host     : sta-server-01
  Run Dir      : /proj/cpu_rtl/sta/RENAME_DISPATCH/FREE_LIST/run_ss_0p63v_0p63v_n40c
  SDC File     : /proj/cpu_rtl/constraints/FREE_LIST_TOP.sdc
  Netlist      : /proj/cpu_rtl/netlist/FREE_LIST_TOP.v.gz
  SPEF File    : /proj/cpu_rtl/spef/FREE_LIST_TOP.spef.gz
  Liberty      : saed32nm_rvt_ss_0p63v_0p63v_n40c.db
  Elapsed Time : 00:04:45
  Peak Memory  : 3.772 GB

=========================================================================
End of Report
=========================================================================
