****************************************
Report : timing
        -path_type full
        -delay_type min
        -max_paths 10
        -sort_by slack
Design : FREE_LIST_TOP
Version: PrimeTime 2023.06-SP3
Date   : Sat Aug 15 18:20:45 2026
Corner : ff_1p32v_1p32v_n40c
Note   : Hold — High-voltage fast corner, cold
****************************************

Operating Conditions : ff_1p32v_1p32v_n40c (Library: saed32nm_rvt)
Wire Load Model Mode : Interconnect (StarRC Extracted)

  Startpoint : u_fl_ptr/din_reg[0]
               (rising edge-triggered flip-flop clocked by CLK_CORE)
  Endpoint   : u_fl_cnt/dout_reg[0]
               (rising edge-triggered flip-flop clocked by CLK_CORE)
  Path Group : CLK_CORE
  Path Type  : min

  Point                                                   Incr        Path
  -------------------------------------------------------------------------
  clock CLK_CORE (rise edge)                                  0.000       0.000
  clock network delay (propagated)                        0.149      0.149
  u_fl_ptr/din_reg[0]/CK (DFFARX1_RVT)                        0.000       0.149 r
  u_fl_ptr/din_reg[0]/Q  (DFFARX1_RVT)                        0.131         0.28 r
  u_fl_ptr/U12/Y (INVX2_RVT)                                  0.048         0.328 f
  u_fl_ptr/U34/Y (NAND2X1_RVT)                                0.074         0.402 r
  u_fl_alloc/U07/Y (AOI22X1_RVT)                                0.102         0.504 f
  u_fl_alloc/U19/Y (OAI21X1_RVT)                                0.099         0.603 r
  u_fl_free/U03/Y (MUX21X1_RVT)                                0.081         0.684 r
  u_fl_free/U11/Y (AND2X1_RVT)                                 0.062         0.746 f
  u_fl_free/U22/Y (NOR2X1_RVT)                                 0.057         0.803 r
  u_fl_cnt/U05/Y (BUFX4_RVT)                                  0.09         0.893 r
  u_fl_cnt/dout_reg[0]/D (DFFARX1_RVT)                        0.053        0.946 f
  data arrival time                                                    0.946

  clock CLK_CORE (rise edge)                                  2     2
  clock network delay (propagated)                        0.149      2.149
  clock uncertainty                                      -0.05   2.099
  u_fl_cnt/dout_reg[0]/CK (DFFARX1_RVT)                       0.000       2.099 r
  library setup time                                     -0.072   2.027
  data required time                                                   2.027
  -------------------------------------------------------------------------
  data required time                                                   2.027
  data arrival time                                                   -0.946
  -------------------------------------------------------------------------
  slack (MET)      1.081


=========================================================================
                   FREE_LIST_TOP -- TIMING SUMMARY
=========================================================================

  Block        : FREE_LIST_TOP
  Corner       : ff_1p32v_1p32v_n40c
  Check        : min  (Hold — High-voltage fast corner, cold)
  Clock        : CLK_CORE  Period = 2 ns  (500 MHz)
  Technology   : SAED 32nm RVT

  +------------------------------------------------------------------+
  | Sub-Unit          WNS (ns)  TNS (ns)  #Viol   WHS (ns)  #HViol  |
  +------------------------------------------------------------------+
  | u_fl_ptr          1.081       0.000       0      0.055        0     |
  | u_fl_alloc          0.201       0.000       0      0.041        0     |
  | u_fl_free          0.116       0.000       0      0.107        0     |
  | u_fl_cnt          0.131       0.000       0      0.043        0     |
  +------------------------------------------------------------------+
  | FREE_LIST_TOP   1.081       0.000       0      0.055        0     |
  +------------------------------------------------------------------+

  Status : ALL PATHS CLEAN -- No Setup or Hold Violations


=========================================================================
                   TIMING EXCEPTIONS APPLIED
=========================================================================

  set_false_path -from [get_ports SCAN_EN]      -to [all_registers]
  set_false_path -from [get_ports TEST_MODE]     -to [all_registers]
  set_multicycle_path 2 -setup -from [get_cells u_fl_ptr/*] -to [get_cells u_fl_cnt/*]
  set_multicycle_path 1 -hold  -from [get_cells u_fl_ptr/*] -to [get_cells u_fl_cnt/*]
  set_input_delay  0.400 -clock CLK_CORE -max [all_inputs]
  set_output_delay 0.350 -clock CLK_CORE -max [all_outputs]


=========================================================================
                   CLOCK DOMAIN SUMMARY
=========================================================================

  Clock    : CLK_CORE
  Period   : 2 ns
  Waveform : {0.000 1}
  Skew     : 0.028 ns  (max across FREE_LIST_TOP)
  Latency  : 0.149 ns  (max)


=========================================================================
                   CONSTRAINT COVERAGE
=========================================================================

  Total register endpoints   : 6354
  Constrained endpoints      : 4957
  Unconstrained endpoints    :      0
  Coverage                   :  100.0%


=========================================================================
                   TOOL / RUN INFORMATION
=========================================================================

  Tool         : Synopsys PrimeTime 2023.06-SP3
  Run Host     : sta-server-01
  Run Dir      : /proj/cpu_rtl/sta/RENAME_DISPATCH/FREE_LIST/run_ff_1p32v_1p32v_n40c
  SDC File     : /proj/cpu_rtl/constraints/FREE_LIST_TOP.sdc
  Netlist      : /proj/cpu_rtl/netlist/FREE_LIST_TOP.v.gz
  SPEF File    : /proj/cpu_rtl/spef/FREE_LIST_TOP.spef.gz
  Liberty      : saed32nm_rvt_ff_1p32v_1p32v_n40c.db
  Elapsed Time : 00:06:19
  Peak Memory  : 4.152 GB

=========================================================================
End of Report
=========================================================================
