****************************************
Report : timing
        -path_type full
        -delay_type min
        -max_paths 10
        -sort_by slack
Design : FREE_LIST_TOP
Version: PrimeTime 2023.06-SP3
Date   : Sat Aug 15 18:20:45 2026
Corner : ff_1p16v_1p16v_n40c
Note   : Hold with Signal Integrity (crosstalk) — Fast cold
****************************************

Operating Conditions : ff_1p16v_1p16v_n40c (Library: saed32nm_rvt)
Wire Load Model Mode : Interconnect (StarRC Extracted)

  Startpoint : u_fl_ptr/din_reg[0]
               (rising edge-triggered flip-flop clocked by CLK_CORE)
  Endpoint   : u_fl_cnt/dout_reg[0]
               (rising edge-triggered flip-flop clocked by CLK_CORE)
  Path Group : CLK_CORE
  Path Type  : min

  Point                                                   Incr        Path
  -------------------------------------------------------------------------
  clock CLK_CORE (rise edge)                                  0.000       0.000
  clock network delay (propagated)                        0.14      0.14
  u_fl_ptr/din_reg[0]/CK (DFFARX1_RVT)                        0.000       0.14 r
  u_fl_ptr/din_reg[0]/Q  (DFFARX1_RVT)                        0.134         0.274 r
  u_fl_ptr/U12/Y (INVX2_RVT)                                  0.043         0.317 f
  u_fl_ptr/U34/Y (NAND2X1_RVT)                                0.063         0.38 r
  u_fl_alloc/U07/Y (AOI22X1_RVT)                                0.1         0.48 f
  u_fl_alloc/U19/Y (OAI21X1_RVT)                                0.098         0.578 r
  u_fl_free/U03/Y (MUX21X1_RVT)                                0.093         0.671 r
  u_fl_free/U11/Y (AND2X1_RVT)                                 0.082         0.753 f
  u_fl_free/U22/Y (NOR2X1_RVT)                                 0.037         0.79 r
  u_fl_cnt/U05/Y (BUFX4_RVT)                                  0.07         0.86 r
  u_fl_cnt/dout_reg[0]/D (DFFARX1_RVT)                        0.067        0.927 f
  data arrival time                                                    0.927

  clock CLK_CORE (rise edge)                                  2     2
  clock network delay (propagated)                        0.14      2.14
  clock uncertainty                                      -0.05   2.09
  u_fl_cnt/dout_reg[0]/CK (DFFARX1_RVT)                       0.000       2.09 r
  library setup time                                     -0.071   2.019
  data required time                                                   2.019
  -------------------------------------------------------------------------
  data required time                                                   2.019
  data arrival time                                                   -0.927
  -------------------------------------------------------------------------
  slack (MET)      1.092


=========================================================================
                   FREE_LIST_TOP -- TIMING SUMMARY
=========================================================================

  Block        : FREE_LIST_TOP
  Corner       : ff_1p16v_1p16v_n40c
  Check        : min  (Hold with Signal Integrity (crosstalk) — Fast cold)
  Clock        : CLK_CORE  Period = 2 ns  (500 MHz)
  Technology   : SAED 32nm RVT

  +------------------------------------------------------------------+
  | Sub-Unit          WNS (ns)  TNS (ns)  #Viol   WHS (ns)  #HViol  |
  +------------------------------------------------------------------+
  | u_fl_ptr          1.092       0.000       0      0.094        0     |
  | u_fl_alloc          0.2       0.000       0      0.07        0     |
  | u_fl_free          0.192       0.000       0      0.122        0     |
  | u_fl_cnt          0.1       0.000       0      0.11        0     |
  +------------------------------------------------------------------+
  | FREE_LIST_TOP   1.092       0.000       0      0.094        0     |
  +------------------------------------------------------------------+

  Status : ALL PATHS CLEAN -- No Setup or Hold Violations


=========================================================================
                   TIMING EXCEPTIONS APPLIED
=========================================================================

  set_false_path -from [get_ports SCAN_EN]      -to [all_registers]
  set_false_path -from [get_ports TEST_MODE]     -to [all_registers]
  set_multicycle_path 2 -setup -from [get_cells u_fl_ptr/*] -to [get_cells u_fl_cnt/*]
  set_multicycle_path 1 -hold  -from [get_cells u_fl_ptr/*] -to [get_cells u_fl_cnt/*]
  set_input_delay  0.400 -clock CLK_CORE -max [all_inputs]
  set_output_delay 0.350 -clock CLK_CORE -max [all_outputs]


=========================================================================
                   CLOCK DOMAIN SUMMARY
=========================================================================

  Clock    : CLK_CORE
  Period   : 2 ns
  Waveform : {0.000 1}
  Skew     : 0.019 ns  (max across FREE_LIST_TOP)
  Latency  : 0.14 ns  (max)


=========================================================================
                   CONSTRAINT COVERAGE
=========================================================================

  Total register endpoints   : 2451
  Constrained endpoints      : 2224
  Unconstrained endpoints    :      0
  Coverage                   :  100.0%


=========================================================================
                   TOOL / RUN INFORMATION
=========================================================================

  Tool         : Synopsys PrimeTime 2023.06-SP3
  Run Host     : sta-server-01
  Run Dir      : /proj/cpu_rtl/sta/RENAME_DISPATCH/FREE_LIST/run_ff_1p16v_1p16v_n40c
  SDC File     : /proj/cpu_rtl/constraints/FREE_LIST_TOP.sdc
  Netlist      : /proj/cpu_rtl/netlist/FREE_LIST_TOP.v.gz
  SPEF File    : /proj/cpu_rtl/spef/FREE_LIST_TOP.spef.gz
  Liberty      : saed32nm_rvt_ff_1p16v_1p16v_n40c.db
  Elapsed Time : 00:04:36
  Peak Memory  : 2.225 GB

=========================================================================
End of Report
=========================================================================
