****************************************
Report : timing
        -path_type full
        -delay_type min
        -max_paths 10
        -sort_by slack
Design : ROB_TOP
Version: PrimeTime 2023.06-SP3
Date   : Sat Aug 15 17:34:53 2026
Corner : ff_1p16v_1p16v_n40c
Note   : Worst-case Hold — Fast corner, cold temp
****************************************

Operating Conditions : ff_1p16v_1p16v_n40c (Library: saed32nm_rvt)
Wire Load Model Mode : Interconnect (StarRC Extracted)

  Startpoint : u_rob_head/state_reg[3]
               (rising edge-triggered flip-flop clocked by CLK_CORE)
  Endpoint   : u_rob_alloc/ptr_reg[3]
               (rising edge-triggered flip-flop clocked by CLK_CORE)
  Path Group : CLK_CORE
  Path Type  : min

  Point                                                   Incr        Path
  -------------------------------------------------------------------------
  clock CLK_CORE (rise edge)                                  0.000       0.000
  clock network delay (propagated)                        0.141      0.141
  u_rob_head/state_reg[3]/CK (DFFARX1_RVT)                     0.000       0.141 r
  u_rob_head/state_reg[3]/Q  (DFFARX1_RVT)                     0.029       0.170 r
  u_rob_head/U04/Y (INVX2_RVT)                                 0.011       0.181 f
  u_rob_head/U09/Y (NAND2X1_RVT)                               0.014       0.195 r
  u_rob_alloc/U03/Y (AOI22X1_RVT)                              0.018       0.213 f
  u_rob_alloc/U11/Y (OAI21X1_RVT)                              0.021       0.234 r
  u_rob_alloc/U16/Y (MUX21X1_RVT)                              0.013       0.247 r
  u_rob_alloc/U22/Y (AND2X1_RVT)                               0.015       0.262 f
  u_rob_alloc/U28/Y (NOR2X1_RVT)                               0.012       0.274 r
  u_rob_alloc/U33/Y (BUFX4_RVT)                                0.009       0.283 r
  u_rob_alloc/ptr_reg[3]/D (DFFARX1_RVT)                       0.011       0.294 f
  data arrival time                                                        0.294

  clock CLK_CORE (rise edge)                                  0.000       0.000
  clock network delay (propagated)                        0.141      0.141
  clock uncertainty                                      +0.050      0.191
  u_rob_alloc/ptr_reg[3]/CK (DFFARX1_RVT)                      0.000       0.191 r
  library hold time                                      +0.066      0.257
  data required time                                                       0.327
  -------------------------------------------------------------------------
  data required time                                                       0.327
  data arrival time                                                       -0.294
  -------------------------------------------------------------------------
  slack (VIOLATED)   -0.033


=========================================================================
                   ROB_TOP — TIMING SUMMARY
=========================================================================

  Block        : ROB_TOP
  Corner       : ff_1p16v_1p16v_n40c
  Check        : min  (Worst-case Hold — Fast corner, cold temp)
  Clock        : CLK_CORE  Period = 2 ns  (500 MHz)
  Technology   : SAED 32nm RVT

  ┌────────────────────────────────────────────────────────────────┐
  │ Sub-Unit      WNS (ns)  TNS (ns)  #Viol   WHS (ns)  #HViol  │
  ├────────────────────────────────────────────────────────────────┤
  │ u_rob_head          0.062       0.000       0     -0.033        3     │
  │ u_rob_tail          0.047       0.000       0      0.018        0     │
  │ u_rob_alloc         0.031       0.000       0     -0.019        2     │
  │ u_rob_commit        0.083       0.000       0      0.027        0     │
  ├────────────────────────────────────────────────────────────────┤
  │ ROB_TOP     0.031       0.000       0     -0.033        5     │
  └────────────────────────────────────────────────────────────────┘

  Status : TIMING VIOLATED — Hold violations detected
  HOLD VIOLATIONS : 5 paths   (WHS = -0.033 ns)


=========================================================================
                   TIMING EXCEPTIONS APPLIED
=========================================================================

  set_false_path -from [get_ports SCAN_EN]      -to [all_registers]
  set_false_path -from [get_ports TEST_MODE]     -to [all_registers]
  set_multicycle_path 2 -setup -from [get_cells u_rob_head/*] -to [get_cells u_rob_alloc/*]
  set_multicycle_path 1 -hold  -from [get_cells u_rob_head/*] -to [get_cells u_rob_alloc/*]
  set_input_delay  0.400 -clock CLK_CORE -max [all_inputs]
  set_output_delay 0.350 -clock CLK_CORE -max [all_outputs]


=========================================================================
                   CLOCK DOMAIN SUMMARY
=========================================================================

  Clock    : CLK_CORE
  Period   : 2 ns
  Waveform : {0.000 1}
  Skew     : 0.024 ns  (max across ROB_TOP)
  Latency  : 0.141 ns  (max)


=========================================================================
                   CONSTRAINT COVERAGE
=========================================================================

  Total register endpoints   : 6784
  Constrained endpoints      : 6784
  Unconstrained endpoints    :      0
  Coverage                   :  100.0%


=========================================================================
                   TOOL / RUN INFORMATION
=========================================================================

  Tool         : Synopsys PrimeTime 2023.06-SP3
  Run Host     : sta-server-01
  Run Dir      : /proj/cpu_rtl/sta/RENAME_DISPATCH/ROB/run_ff_1p16v_1p16v_n40c
  SDC File     : /proj/cpu_rtl/constraints/ROB_TOP.sdc
  Netlist      : /proj/cpu_rtl/netlist/ROB_TOP.v.gz
  SPEF File    : /proj/cpu_rtl/spef/ROB_TOP.spef.gz
  Liberty      : saed32nm_rvt_ff_1p16v_1p16v_n40c.db
  Elapsed Time : 00:07:02
  Peak Memory  : 6.531 GB

=========================================================================
End of Report
=========================================================================
