****************************************
Report : timing
        -path_type full
        -delay_type max
        -max_paths 10
        -sort_by slack
Design : ROB_TOP
Version: PrimeTime 2023.06-SP3
Date   : Sat Aug 15 17:34:53 2026
Corner : ss_0p72v_0p72v_125c
Note   : Recovery/Removal Check — Async reset paths
****************************************

Operating Conditions : ss_0p72v_0p72v_125c (Library: saed32nm_rvt)
Wire Load Model Mode : Interconnect (StarRC Extracted)

  Startpoint : u_rob_wr/din_reg[0]
               (rising edge-triggered flip-flop clocked by CLK_CORE)
  Endpoint   : u_rob_tl/dout_reg[0]
               (rising edge-triggered flip-flop clocked by CLK_CORE)
  Path Group : CLK_CORE
  Path Type  : max

  Point                                                   Incr        Path
  -------------------------------------------------------------------------
  clock CLK_CORE (rise edge)                                  0.000       0.000
  clock network delay (propagated)                        0.133      0.133
  u_rob_wr/din_reg[0]/CK (DFFARX1_RVT)                        0.000       0.133 r
  u_rob_wr/din_reg[0]/Q  (DFFARX1_RVT)                        0.138       0.271 r
  u_rob_wr/U12/Y (INVX2_RVT)                                  0.06       0.331 f
  u_rob_wr/U34/Y (NAND2X1_RVT)                                0.074       0.405 r
  u_rob_rd/U07/Y (AOI22X1_RVT)                                0.071       0.476 f
  u_rob_rd/U19/Y (OAI21X1_RVT)                                0.089       0.565 r
  u_rob_hd/U03/Y (MUX21X1_RVT)                                0.063       0.628 r
  u_rob_hd/U11/Y (AND2X1_RVT)                                 0.075       0.703 f
  u_rob_hd/U22/Y (NOR2X1_RVT)                                 0.044       0.747 r
  u_rob_tl/U05/Y (BUFX4_RVT)                                  0.057       0.804 r
  u_rob_tl/dout_reg[0]/D (DFFARX1_RVT)                        0.077      0.881 f
  data arrival time                                                    0.881

  clock CLK_CORE (rise edge)                                  2     2
  clock network delay (propagated)                        0.133      2.133
  clock uncertainty                                      -0.05   2.083
  u_rob_tl/dout_reg[0]/CK (DFFARX1_RVT)                       0.000       2.083 r
  library setup time                                     -0.084   1.999
  data required time                                                   1.999
  -------------------------------------------------------------------------
  data required time                                                   1.999
  data arrival time                                                   -0.881
  -------------------------------------------------------------------------
  slack (MET)   1.118


=========================================================================
                   ROB_TOP — TIMING SUMMARY
=========================================================================

  Block        : ROB_TOP
  Corner       : ss_0p72v_0p72v_125c
  Check        : max  (Recovery/Removal Check — Async reset paths)
  Clock        : CLK_CORE  Period = 2 ns  (500 MHz)
  Technology   : SAED 32nm RVT

  ┌────────────────────────────────────────────────────────────────┐
  │ Sub-Unit      WNS (ns)  TNS (ns)  #Viol   WHS (ns)  #HViol  │
  ├────────────────────────────────────────────────────────────────┤
  │ u_rob_wr          1.118       0        0      0.061        0     │
  │ u_rob_rd          0.11       0        0      0.103        0     │
  │ u_rob_hd          0.2       0        0      0.06        0     │
  │ u_rob_tl          0.181       0        0      0.066        0     │
  ├────────────────────────────────────────────────────────────────┤
  │ ROB_TOP  1.118       0        0      0.061        0     │
  └────────────────────────────────────────────────────────────────┘

  Status : ALL PATHS CLEAN — No Setup or Hold Violations


=========================================================================
                   TIMING EXCEPTIONS APPLIED
=========================================================================

  set_false_path -from [get_ports SCAN_EN]      -to [all_registers]
  set_false_path -from [get_ports TEST_MODE]     -to [all_registers]
  set_multicycle_path 2 -setup -from [get_cells u_rob_wr/*] -to [get_cells u_rob_tl/*]
  set_multicycle_path 1 -hold  -from [get_cells u_rob_wr/*] -to [get_cells u_rob_tl/*]
  set_input_delay  0.400 -clock CLK_CORE -max [all_inputs]
  set_output_delay 0.350 -clock CLK_CORE -max [all_outputs]


=========================================================================
                   CLOCK DOMAIN SUMMARY
=========================================================================

  Clock    : CLK_CORE
  Period   : 2 ns
  Waveform : {0.000 1}
  Skew     : 0.023 ns  (max across ROB_TOP)
  Latency  : 0.133 ns  (max)


=========================================================================
                   CONSTRAINT COVERAGE
=========================================================================

  Total register endpoints   : 4246
  Constrained endpoints      : 2464
  Unconstrained endpoints    :      0
  Coverage                   :  100.0%


=========================================================================
                   TOOL / RUN INFORMATION
=========================================================================

  Tool         : Synopsys PrimeTime 2023.06-SP3
  Run Host     : sta-server-01
  Run Dir      : /proj/cpu_rtl/sta/RENAME_DISPATCH/ROB/run_ss_0p72v_0p72v_125c
  SDC File     : /proj/cpu_rtl/constraints/ROB_TOP.sdc
  Netlist      : /proj/cpu_rtl/netlist/ROB_TOP.v.gz
  SPEF File    : /proj/cpu_rtl/spef/ROB_TOP.spef.gz
  Liberty      : saed32nm_rvt_ss_0p72v_0p72v_125c.db
  Elapsed Time : 00:08:34
  Peak Memory  : 4.48 GB

=========================================================================
End of Report
=========================================================================
