****************************************
Report : timing
        -path_type full
        -delay_type max
        -max_paths 10
        -sort_by slack
Design : ROB_TOP
Version: PrimeTime 2023.06-SP3
Date   : Sat Aug 15 18:20:45 2026
Corner : ss_0p72v_0p72v_125c
Note   : Setup with Signal Integrity (crosstalk) — Worst corner
****************************************

Operating Conditions : ss_0p72v_0p72v_125c (Library: saed32nm_rvt)
Wire Load Model Mode : Interconnect (StarRC Extracted)

  Startpoint : u_rob_wr/din_reg[0]
               (rising edge-triggered flip-flop clocked by CLK_CORE)
  Endpoint   : u_rob_tl/dout_reg[0]
               (rising edge-triggered flip-flop clocked by CLK_CORE)
  Path Group : CLK_CORE
  Path Type  : max

  Point                                                   Incr        Path
  -------------------------------------------------------------------------
  clock CLK_CORE (rise edge)                                  0.000       0.000
  clock network delay (propagated)                        0.141      0.141
  u_rob_wr/din_reg[0]/CK (DFFARX1_RVT)                        0.000       0.141 r
  u_rob_wr/din_reg[0]/Q  (DFFARX1_RVT)                        0.117         0.258 r
  u_rob_wr/U12/Y (INVX2_RVT)                                  0.051         0.309 f
  u_rob_wr/U34/Y (NAND2X1_RVT)                                0.079         0.388 r
  u_rob_rd/U07/Y (AOI22X1_RVT)                                0.089         0.477 f
  u_rob_rd/U19/Y (OAI21X1_RVT)                                0.107         0.584 r
  u_rob_hd/U03/Y (MUX21X1_RVT)                                0.099         0.683 r
  u_rob_hd/U11/Y (AND2X1_RVT)                                 0.076         0.759 f
  u_rob_hd/U22/Y (NOR2X1_RVT)                                 0.054         0.813 r
  u_rob_tl/U05/Y (BUFX4_RVT)                                  0.084         0.897 r
  u_rob_tl/dout_reg[0]/D (DFFARX1_RVT)                        0.055        0.952 f
  data arrival time                                                    0.952

  clock CLK_CORE (rise edge)                                  2     2
  clock network delay (propagated)                        0.141      2.141
  clock uncertainty                                      -0.05   2.091
  u_rob_tl/dout_reg[0]/CK (DFFARX1_RVT)                       0.000       2.091 r
  library setup time                                     -0.084   2.007
  data required time                                                   2.007
  -------------------------------------------------------------------------
  data required time                                                   2.007
  data arrival time                                                   -0.952
  -------------------------------------------------------------------------
  slack (MET)      1.055


=========================================================================
                   ROB_TOP -- TIMING SUMMARY
=========================================================================

  Block        : ROB_TOP
  Corner       : ss_0p72v_0p72v_125c
  Check        : max  (Setup with Signal Integrity (crosstalk) — Worst corner)
  Clock        : CLK_CORE  Period = 2 ns  (500 MHz)
  Technology   : SAED 32nm RVT

  +------------------------------------------------------------------+
  | Sub-Unit          WNS (ns)  TNS (ns)  #Viol   WHS (ns)  #HViol  |
  +------------------------------------------------------------------+
  | u_rob_wr          1.055       0.000       0      0.062        0     |
  | u_rob_rd          0.07       0.000       0      0.121        0     |
  | u_rob_hd          0.195       0.000       0      0.107        0     |
  | u_rob_tl          0.216       0.000       0      0.127        0     |
  +------------------------------------------------------------------+
  | ROB_TOP   1.055       0.000       0      0.062        0     |
  +------------------------------------------------------------------+

  Status : ALL PATHS CLEAN -- No Setup or Hold Violations


=========================================================================
                   TIMING EXCEPTIONS APPLIED
=========================================================================

  set_false_path -from [get_ports SCAN_EN]      -to [all_registers]
  set_false_path -from [get_ports TEST_MODE]     -to [all_registers]
  set_multicycle_path 2 -setup -from [get_cells u_rob_wr/*] -to [get_cells u_rob_tl/*]
  set_multicycle_path 1 -hold  -from [get_cells u_rob_wr/*] -to [get_cells u_rob_tl/*]
  set_input_delay  0.400 -clock CLK_CORE -max [all_inputs]
  set_output_delay 0.350 -clock CLK_CORE -max [all_outputs]


=========================================================================
                   CLOCK DOMAIN SUMMARY
=========================================================================

  Clock    : CLK_CORE
  Period   : 2 ns
  Waveform : {0.000 1}
  Skew     : 0.021 ns  (max across ROB_TOP)
  Latency  : 0.141 ns  (max)


=========================================================================
                   CONSTRAINT COVERAGE
=========================================================================

  Total register endpoints   : 4886
  Constrained endpoints      : 5595
  Unconstrained endpoints    :      0
  Coverage                   :  100.0%


=========================================================================
                   TOOL / RUN INFORMATION
=========================================================================

  Tool         : Synopsys PrimeTime 2023.06-SP3
  Run Host     : sta-server-01
  Run Dir      : /proj/cpu_rtl/sta/RENAME_DISPATCH/ROB/run_ss_0p72v_0p72v_125c
  SDC File     : /proj/cpu_rtl/constraints/ROB_TOP.sdc
  Netlist      : /proj/cpu_rtl/netlist/ROB_TOP.v.gz
  SPEF File    : /proj/cpu_rtl/spef/ROB_TOP.spef.gz
  Liberty      : saed32nm_rvt_ss_0p72v_0p72v_125c.db
  Elapsed Time : 00:06:56
  Peak Memory  : 3.067 GB

=========================================================================
End of Report
=========================================================================
