****************************************
Report : timing
        -path_type full
        -delay_type min
        -max_paths 10
        -sort_by slack
Design : ROB_TOP
Version: PrimeTime 2023.06-SP3
Date   : Sat Aug 15 18:20:45 2026
Corner : ff_1p16v_1p16v_n40c
Note   : Hold with Signal Integrity (crosstalk) — Fast cold
****************************************

Operating Conditions : ff_1p16v_1p16v_n40c (Library: saed32nm_rvt)
Wire Load Model Mode : Interconnect (StarRC Extracted)

  Startpoint : u_rob_wr/din_reg[0]
               (rising edge-triggered flip-flop clocked by CLK_CORE)
  Endpoint   : u_rob_tl/dout_reg[0]
               (rising edge-triggered flip-flop clocked by CLK_CORE)
  Path Group : CLK_CORE
  Path Type  : min

  Point                                                   Incr        Path
  -------------------------------------------------------------------------
  clock CLK_CORE (rise edge)                                  0.000       0.000
  clock network delay (propagated)                        0.16      0.16
  u_rob_wr/din_reg[0]/CK (DFFARX1_RVT)                        0.000       0.16 r
  u_rob_wr/din_reg[0]/Q  (DFFARX1_RVT)                        0.112         0.272 r
  u_rob_wr/U12/Y (INVX2_RVT)                                  0.059         0.331 f
  u_rob_wr/U34/Y (NAND2X1_RVT)                                0.087         0.418 r
  u_rob_rd/U07/Y (AOI22X1_RVT)                                0.088         0.506 f
  u_rob_rd/U19/Y (OAI21X1_RVT)                                0.105         0.611 r
  u_rob_hd/U03/Y (MUX21X1_RVT)                                0.078         0.689 r
  u_rob_hd/U11/Y (AND2X1_RVT)                                 0.071         0.76 f
  u_rob_hd/U22/Y (NOR2X1_RVT)                                 0.06         0.82 r
  u_rob_tl/U05/Y (BUFX4_RVT)                                  0.068         0.888 r
  u_rob_tl/dout_reg[0]/D (DFFARX1_RVT)                        0.059        0.947 f
  data arrival time                                                    0.947

  clock CLK_CORE (rise edge)                                  2     2
  clock network delay (propagated)                        0.16      2.16
  clock uncertainty                                      -0.05   2.11
  u_rob_tl/dout_reg[0]/CK (DFFARX1_RVT)                       0.000       2.11 r
  library setup time                                     -0.076   2.034
  data required time                                                   2.034
  -------------------------------------------------------------------------
  data required time                                                   2.034
  data arrival time                                                   -0.947
  -------------------------------------------------------------------------
  slack (MET)      1.087


=========================================================================
                   ROB_TOP -- TIMING SUMMARY
=========================================================================

  Block        : ROB_TOP
  Corner       : ff_1p16v_1p16v_n40c
  Check        : min  (Hold with Signal Integrity (crosstalk) — Fast cold)
  Clock        : CLK_CORE  Period = 2 ns  (500 MHz)
  Technology   : SAED 32nm RVT

  +------------------------------------------------------------------+
  | Sub-Unit          WNS (ns)  TNS (ns)  #Viol   WHS (ns)  #HViol  |
  +------------------------------------------------------------------+
  | u_rob_wr          1.087       0.000       0      0.059        0     |
  | u_rob_rd          0.25       0.000       0      0.123        0     |
  | u_rob_hd          0.099       0.000       0      0.085        0     |
  | u_rob_tl          0.247       0.000       0      0.129        0     |
  +------------------------------------------------------------------+
  | ROB_TOP   1.087       0.000       0      0.059        0     |
  +------------------------------------------------------------------+

  Status : ALL PATHS CLEAN -- No Setup or Hold Violations


=========================================================================
                   TIMING EXCEPTIONS APPLIED
=========================================================================

  set_false_path -from [get_ports SCAN_EN]      -to [all_registers]
  set_false_path -from [get_ports TEST_MODE]     -to [all_registers]
  set_multicycle_path 2 -setup -from [get_cells u_rob_wr/*] -to [get_cells u_rob_tl/*]
  set_multicycle_path 1 -hold  -from [get_cells u_rob_wr/*] -to [get_cells u_rob_tl/*]
  set_input_delay  0.400 -clock CLK_CORE -max [all_inputs]
  set_output_delay 0.350 -clock CLK_CORE -max [all_outputs]


=========================================================================
                   CLOCK DOMAIN SUMMARY
=========================================================================

  Clock    : CLK_CORE
  Period   : 2 ns
  Waveform : {0.000 1}
  Skew     : 0.019 ns  (max across ROB_TOP)
  Latency  : 0.16 ns  (max)


=========================================================================
                   CONSTRAINT COVERAGE
=========================================================================

  Total register endpoints   : 3062
  Constrained endpoints      : 6875
  Unconstrained endpoints    :      0
  Coverage                   :  100.0%


=========================================================================
                   TOOL / RUN INFORMATION
=========================================================================

  Tool         : Synopsys PrimeTime 2023.06-SP3
  Run Host     : sta-server-01
  Run Dir      : /proj/cpu_rtl/sta/RENAME_DISPATCH/ROB/run_ff_1p16v_1p16v_n40c
  SDC File     : /proj/cpu_rtl/constraints/ROB_TOP.sdc
  Netlist      : /proj/cpu_rtl/netlist/ROB_TOP.v.gz
  SPEF File    : /proj/cpu_rtl/spef/ROB_TOP.spef.gz
  Liberty      : saed32nm_rvt_ff_1p16v_1p16v_n40c.db
  Elapsed Time : 00:05:54
  Peak Memory  : 2.551 GB

=========================================================================
End of Report
=========================================================================
