****************************************
Report : timing
        -path_type full
        -delay_type min
        -max_paths 10
        -sort_by slack
Design : ROB_TOP
Version: PrimeTime 2023.06-SP3
Date   : Sat Aug 15 18:20:45 2026
Corner : ff_1p16v_1p16v_n40c
Note   : Final tapeout sign-off hold — Fast cold
****************************************

Operating Conditions : ff_1p16v_1p16v_n40c (Library: saed32nm_rvt)
Wire Load Model Mode : Interconnect (StarRC Extracted)

  Startpoint : u_rob_wr/din_reg[0]
               (rising edge-triggered flip-flop clocked by CLK_CORE)
  Endpoint   : u_rob_tl/dout_reg[0]
               (rising edge-triggered flip-flop clocked by CLK_CORE)
  Path Group : CLK_CORE
  Path Type  : min

  Point                                                   Incr        Path
  -------------------------------------------------------------------------
  clock CLK_CORE (rise edge)                                  0.000       0.000
  clock network delay (propagated)                        0.144      0.144
  u_rob_wr/din_reg[0]/CK (DFFARX1_RVT)                        0.000       0.144 r
  u_rob_wr/din_reg[0]/Q  (DFFARX1_RVT)                        0.137         0.281 r
  u_rob_wr/U12/Y (INVX2_RVT)                                  0.057         0.338 f
  u_rob_wr/U34/Y (NAND2X1_RVT)                                0.064         0.402 r
  u_rob_rd/U07/Y (AOI22X1_RVT)                                0.091         0.493 f
  u_rob_rd/U19/Y (OAI21X1_RVT)                                0.114         0.607 r
  u_rob_hd/U03/Y (MUX21X1_RVT)                                0.07         0.677 r
  u_rob_hd/U11/Y (AND2X1_RVT)                                 0.062         0.739 f
  u_rob_hd/U22/Y (NOR2X1_RVT)                                 0.051         0.79 r
  u_rob_tl/U05/Y (BUFX4_RVT)                                  0.072         0.862 r
  u_rob_tl/dout_reg[0]/D (DFFARX1_RVT)                        0.075        0.937 f
  data arrival time                                                    0.937

  clock CLK_CORE (rise edge)                                  2     2
  clock network delay (propagated)                        0.144      2.144
  clock uncertainty                                      -0.05   2.094
  u_rob_tl/dout_reg[0]/CK (DFFARX1_RVT)                       0.000       2.094 r
  library setup time                                     -0.082   2.012
  data required time                                                   2.012
  -------------------------------------------------------------------------
  data required time                                                   2.012
  data arrival time                                                   -0.937
  -------------------------------------------------------------------------
  slack (MET)      1.075


=========================================================================
                   ROB_TOP -- TIMING SUMMARY
=========================================================================

  Block        : ROB_TOP
  Corner       : ff_1p16v_1p16v_n40c
  Check        : min  (Final tapeout sign-off hold — Fast cold)
  Clock        : CLK_CORE  Period = 2 ns  (500 MHz)
  Technology   : SAED 32nm RVT

  +------------------------------------------------------------------+
  | Sub-Unit          WNS (ns)  TNS (ns)  #Viol   WHS (ns)  #HViol  |
  +------------------------------------------------------------------+
  | u_rob_wr          1.075       0.000       0      0.085        0     |
  | u_rob_rd          0.041       0.000       0      0.049        0     |
  | u_rob_hd          0.234       0.000       0      0.099        0     |
  | u_rob_tl          0.23       0.000       0      0.103        0     |
  +------------------------------------------------------------------+
  | ROB_TOP   1.075       0.000       0      0.085        0     |
  +------------------------------------------------------------------+

  Status : ALL PATHS CLEAN -- No Setup or Hold Violations


=========================================================================
                   TIMING EXCEPTIONS APPLIED
=========================================================================

  set_false_path -from [get_ports SCAN_EN]      -to [all_registers]
  set_false_path -from [get_ports TEST_MODE]     -to [all_registers]
  set_multicycle_path 2 -setup -from [get_cells u_rob_wr/*] -to [get_cells u_rob_tl/*]
  set_multicycle_path 1 -hold  -from [get_cells u_rob_wr/*] -to [get_cells u_rob_tl/*]
  set_input_delay  0.400 -clock CLK_CORE -max [all_inputs]
  set_output_delay 0.350 -clock CLK_CORE -max [all_outputs]


=========================================================================
                   CLOCK DOMAIN SUMMARY
=========================================================================

  Clock    : CLK_CORE
  Period   : 2 ns
  Waveform : {0.000 1}
  Skew     : 0.027 ns  (max across ROB_TOP)
  Latency  : 0.144 ns  (max)


=========================================================================
                   CONSTRAINT COVERAGE
=========================================================================

  Total register endpoints   : 5274
  Constrained endpoints      : 5840
  Unconstrained endpoints    :      0
  Coverage                   :  100.0%


=========================================================================
                   TOOL / RUN INFORMATION
=========================================================================

  Tool         : Synopsys PrimeTime 2023.06-SP3
  Run Host     : sta-server-01
  Run Dir      : /proj/cpu_rtl/sta/RENAME_DISPATCH/ROB/run_ff_1p16v_1p16v_n40c
  SDC File     : /proj/cpu_rtl/constraints/ROB_TOP.sdc
  Netlist      : /proj/cpu_rtl/netlist/ROB_TOP.v.gz
  SPEF File    : /proj/cpu_rtl/spef/ROB_TOP.spef.gz
  Liberty      : saed32nm_rvt_ff_1p16v_1p16v_n40c.db
  Elapsed Time : 00:04:14
  Peak Memory  : 1.557 GB

=========================================================================
End of Report
=========================================================================
