****************************************
Report : timing
        -path_type full
        -delay_type max
        -max_paths 10
        -sort_by slack
Design : ROB_TOP
Version: PrimeTime 2023.06-SP3
Date   : Sat Aug 15 18:20:45 2026
Corner : tt_0p90v_0p90v_25c
Note   : Final tapeout sign-off setup — Nominal corner
****************************************

Operating Conditions : tt_0p90v_0p90v_25c (Library: saed32nm_rvt)
Wire Load Model Mode : Interconnect (StarRC Extracted)

  Startpoint : u_rob_wr/din_reg[0]
               (rising edge-triggered flip-flop clocked by CLK_CORE)
  Endpoint   : u_rob_tl/dout_reg[0]
               (rising edge-triggered flip-flop clocked by CLK_CORE)
  Path Group : CLK_CORE
  Path Type  : max

  Point                                                   Incr        Path
  -------------------------------------------------------------------------
  clock CLK_CORE (rise edge)                                  0.000       0.000
  clock network delay (propagated)                        0.157      0.157
  u_rob_wr/din_reg[0]/CK (DFFARX1_RVT)                        0.000       0.157 r
  u_rob_wr/din_reg[0]/Q  (DFFARX1_RVT)                        0.125         0.282 r
  u_rob_wr/U12/Y (INVX2_RVT)                                  0.031         0.313 f
  u_rob_wr/U34/Y (NAND2X1_RVT)                                0.055         0.368 r
  u_rob_rd/U07/Y (AOI22X1_RVT)                                0.099         0.467 f
  u_rob_rd/U19/Y (OAI21X1_RVT)                                0.098         0.565 r
  u_rob_hd/U03/Y (MUX21X1_RVT)                                0.098         0.663 r
  u_rob_hd/U11/Y (AND2X1_RVT)                                 0.073         0.736 f
  u_rob_hd/U22/Y (NOR2X1_RVT)                                 0.045         0.781 r
  u_rob_tl/U05/Y (BUFX4_RVT)                                  0.066         0.847 r
  u_rob_tl/dout_reg[0]/D (DFFARX1_RVT)                        0.059        0.906 f
  data arrival time                                                    0.906

  clock CLK_CORE (rise edge)                                  2     2
  clock network delay (propagated)                        0.157      2.157
  clock uncertainty                                      -0.05   2.107
  u_rob_tl/dout_reg[0]/CK (DFFARX1_RVT)                       0.000       2.107 r
  library setup time                                     -0.072   2.035
  data required time                                                   2.035
  -------------------------------------------------------------------------
  data required time                                                   2.035
  data arrival time                                                   -0.906
  -------------------------------------------------------------------------
  slack (MET)      1.129


=========================================================================
                   ROB_TOP -- TIMING SUMMARY
=========================================================================

  Block        : ROB_TOP
  Corner       : tt_0p90v_0p90v_25c
  Check        : max  (Final tapeout sign-off setup — Nominal corner)
  Clock        : CLK_CORE  Period = 2 ns  (500 MHz)
  Technology   : SAED 32nm RVT

  +------------------------------------------------------------------+
  | Sub-Unit          WNS (ns)  TNS (ns)  #Viol   WHS (ns)  #HViol  |
  +------------------------------------------------------------------+
  | u_rob_wr          1.129       0.000       0      0.113        0     |
  | u_rob_rd          0.242       0.000       0      0.09        0     |
  | u_rob_hd          0.176       0.000       0      0.119        0     |
  | u_rob_tl          0.188       0.000       0      0.058        0     |
  +------------------------------------------------------------------+
  | ROB_TOP   1.129       0.000       0      0.113        0     |
  +------------------------------------------------------------------+

  Status : ALL PATHS CLEAN -- No Setup or Hold Violations


=========================================================================
                   TIMING EXCEPTIONS APPLIED
=========================================================================

  set_false_path -from [get_ports SCAN_EN]      -to [all_registers]
  set_false_path -from [get_ports TEST_MODE]     -to [all_registers]
  set_multicycle_path 2 -setup -from [get_cells u_rob_wr/*] -to [get_cells u_rob_tl/*]
  set_multicycle_path 1 -hold  -from [get_cells u_rob_wr/*] -to [get_cells u_rob_tl/*]
  set_input_delay  0.400 -clock CLK_CORE -max [all_inputs]
  set_output_delay 0.350 -clock CLK_CORE -max [all_outputs]


=========================================================================
                   CLOCK DOMAIN SUMMARY
=========================================================================

  Clock    : CLK_CORE
  Period   : 2 ns
  Waveform : {0.000 1}
  Skew     : 0.023 ns  (max across ROB_TOP)
  Latency  : 0.157 ns  (max)


=========================================================================
                   CONSTRAINT COVERAGE
=========================================================================

  Total register endpoints   : 4248
  Constrained endpoints      : 5528
  Unconstrained endpoints    :      0
  Coverage                   :  100.0%


=========================================================================
                   TOOL / RUN INFORMATION
=========================================================================

  Tool         : Synopsys PrimeTime 2023.06-SP3
  Run Host     : sta-server-01
  Run Dir      : /proj/cpu_rtl/sta/RENAME_DISPATCH/ROB/run_tt_0p90v_0p90v_25c
  SDC File     : /proj/cpu_rtl/constraints/ROB_TOP.sdc
  Netlist      : /proj/cpu_rtl/netlist/ROB_TOP.v.gz
  SPEF File    : /proj/cpu_rtl/spef/ROB_TOP.spef.gz
  Liberty      : saed32nm_rvt_tt_0p90v_0p90v_25c.db
  Elapsed Time : 00:08:41
  Peak Memory  : 2.37 GB

=========================================================================
End of Report
=========================================================================
