****************************************
Report : timing
        -path_type full
        -delay_type max
        -max_paths 10
        -sort_by slack
Design : CLOCK_DOMAIN_TOP
Version: PrimeTime 2023.06-SP3
Date   : Sat Aug 15 17:34:54 2026
Corner : tt_0p90v_0p90v_25c
Note   : Typical Setup   — Nominal corner
****************************************

Operating Conditions : tt_0p90v_0p90v_25c (Library: saed32nm_rvt)
Wire Load Model Mode : Interconnect (StarRC Extracted)

  Startpoint : u_cdc_sync/din_reg[0]
               (rising edge-triggered flip-flop clocked by CLK_CORE)
  Endpoint   : u_cg_icg/dout_reg[0]
               (rising edge-triggered flip-flop clocked by CLK_CORE)
  Path Group : CLK_CORE
  Path Type  : max

  Point                                                   Incr        Path
  -------------------------------------------------------------------------
  clock CLK_CORE (rise edge)                                  0.000       0.000
  clock network delay (propagated)                        0.162      0.162
  u_cdc_sync/din_reg[0]/CK (DFFARX1_RVT)                        0.000       0.162 r
  u_cdc_sync/din_reg[0]/Q  (DFFARX1_RVT)                        0.116       0.278 r
  u_cdc_sync/U12/Y (INVX2_RVT)                                  0.044       0.322 f
  u_cdc_sync/U34/Y (NAND2X1_RVT)                                0.08       0.402 r
  u_cdc_hand/U07/Y (AOI22X1_RVT)                                0.104       0.506 f
  u_cdc_hand/U19/Y (OAI21X1_RVT)                                0.107       0.613 r
  u_cg_ctrl/U03/Y (MUX21X1_RVT)                                0.095       0.708 r
  u_cg_ctrl/U11/Y (AND2X1_RVT)                                 0.057       0.765 f
  u_cg_ctrl/U22/Y (NOR2X1_RVT)                                 0.036       0.801 r
  u_cg_icg/U05/Y (BUFX4_RVT)                                  0.063       0.864 r
  u_cg_icg/dout_reg[0]/D (DFFARX1_RVT)                        0.063      0.927 f
  data arrival time                                                    0.927

  clock CLK_CORE (rise edge)                                  2     2
  clock network delay (propagated)                        0.162      2.162
  clock uncertainty                                      -0.05   2.112
  u_cg_icg/dout_reg[0]/CK (DFFARX1_RVT)                       0.000       2.112 r
  library setup time                                     -0.079   2.033
  data required time                                                   2.033
  -------------------------------------------------------------------------
  data required time                                                   2.033
  data arrival time                                                   -0.927
  -------------------------------------------------------------------------
  slack (MET)   1.106


=========================================================================
                   CLOCK_DOMAIN_TOP — TIMING SUMMARY
=========================================================================

  Block        : CLOCK_DOMAIN_TOP
  Corner       : tt_0p90v_0p90v_25c
  Check        : max  (Typical Setup   — Nominal corner)
  Clock        : CLK_CORE  Period = 2 ns  (500 MHz)
  Technology   : SAED 32nm RVT

  ┌────────────────────────────────────────────────────────────────┐
  │ Sub-Unit      WNS (ns)  TNS (ns)  #Viol   WHS (ns)  #HViol  │
  ├────────────────────────────────────────────────────────────────┤
  │ u_cdc_sync          1.106       0        0      0.105        0     │
  │ u_cdc_hand          0.067       0        0      0.079        0     │
  │ u_cg_ctrl          0.092       0        0      0.103        0     │
  │ u_cg_icg          0.081       0        0      0.101        0     │
  ├────────────────────────────────────────────────────────────────┤
  │ CLOCK_DOMAIN_TOP  1.106       0        0      0.105        0     │
  └────────────────────────────────────────────────────────────────┘

  Status : ALL PATHS CLEAN — No Setup or Hold Violations


=========================================================================
                   TIMING EXCEPTIONS APPLIED
=========================================================================

  set_false_path -from [get_ports SCAN_EN]      -to [all_registers]
  set_false_path -from [get_ports TEST_MODE]     -to [all_registers]
  set_multicycle_path 2 -setup -from [get_cells u_cdc_sync/*] -to [get_cells u_cg_icg/*]
  set_multicycle_path 1 -hold  -from [get_cells u_cdc_sync/*] -to [get_cells u_cg_icg/*]
  set_input_delay  0.400 -clock CLK_CORE -max [all_inputs]
  set_output_delay 0.350 -clock CLK_CORE -max [all_outputs]


=========================================================================
                   CLOCK DOMAIN SUMMARY
=========================================================================

  Clock    : CLK_CORE
  Period   : 2 ns
  Waveform : {0.000 1}
  Skew     : 0.022 ns  (max across CLOCK_DOMAIN_TOP)
  Latency  : 0.162 ns  (max)


=========================================================================
                   CONSTRAINT COVERAGE
=========================================================================

  Total register endpoints   : 3844
  Constrained endpoints      : 5749
  Unconstrained endpoints    :      0
  Coverage                   :  100.0%


=========================================================================
                   TOOL / RUN INFORMATION
=========================================================================

  Tool         : Synopsys PrimeTime 2023.06-SP3
  Run Host     : sta-server-01
  Run Dir      : /proj/cpu_rtl/sta/UNCORE/CLOCK_DOMAIN/run_tt_0p90v_0p90v_25c
  SDC File     : /proj/cpu_rtl/constraints/CLOCK_DOMAIN_TOP.sdc
  Netlist      : /proj/cpu_rtl/netlist/CLOCK_DOMAIN_TOP.v.gz
  SPEF File    : /proj/cpu_rtl/spef/CLOCK_DOMAIN_TOP.spef.gz
  Liberty      : saed32nm_rvt_tt_0p90v_0p90v_25c.db
  Elapsed Time : 00:03:39
  Peak Memory  : 3.022 GB

=========================================================================
End of Report
=========================================================================
