****************************************
Report : timing
        -path_type full
        -delay_type min
        -max_paths 10
        -sort_by slack
Design : CLOCK_DOMAIN_TOP
Version: PrimeTime 2023.06-SP3
Date   : Sat Aug 15 17:34:54 2026
Corner : ff_1p16v_1p16v_125c
Note   : Hot Hold        — Fast corner, high temp
****************************************

Operating Conditions : ff_1p16v_1p16v_125c (Library: saed32nm_rvt)
Wire Load Model Mode : Interconnect (StarRC Extracted)

  Startpoint : u_cdc_sync/din_reg[0]
               (rising edge-triggered flip-flop clocked by CLK_CORE)
  Endpoint   : u_cg_icg/dout_reg[0]
               (rising edge-triggered flip-flop clocked by CLK_CORE)
  Path Group : CLK_CORE
  Path Type  : min

  Point                                                   Incr        Path
  -------------------------------------------------------------------------
  clock CLK_CORE (rise edge)                                  0.000       0.000
  clock network delay (propagated)                        0.145      0.145
  u_cdc_sync/din_reg[0]/CK (DFFARX1_RVT)                        0.000       0.145 r
  u_cdc_sync/din_reg[0]/Q  (DFFARX1_RVT)                        0.139       0.284 r
  u_cdc_sync/U12/Y (INVX2_RVT)                                  0.05       0.334 f
  u_cdc_sync/U34/Y (NAND2X1_RVT)                                0.088       0.422 r
  u_cdc_hand/U07/Y (AOI22X1_RVT)                                0.082       0.504 f
  u_cdc_hand/U19/Y (OAI21X1_RVT)                                0.087       0.591 r
  u_cg_ctrl/U03/Y (MUX21X1_RVT)                                0.062       0.653 r
  u_cg_ctrl/U11/Y (AND2X1_RVT)                                 0.052       0.705 f
  u_cg_ctrl/U22/Y (NOR2X1_RVT)                                 0.061       0.766 r
  u_cg_icg/U05/Y (BUFX4_RVT)                                  0.067       0.833 r
  u_cg_icg/dout_reg[0]/D (DFFARX1_RVT)                        0.069      0.902 f
  data arrival time                                                    0.902

  clock CLK_CORE (rise edge)                                  2     2
  clock network delay (propagated)                        0.145      2.145
  clock uncertainty                                      -0.05   2.095
  u_cg_icg/dout_reg[0]/CK (DFFARX1_RVT)                       0.000       2.095 r
  library setup time                                     -0.079   2.016
  data required time                                                   2.016
  -------------------------------------------------------------------------
  data required time                                                   2.016
  data arrival time                                                   -0.902
  -------------------------------------------------------------------------
  slack (MET)   1.114


=========================================================================
                   CLOCK_DOMAIN_TOP — TIMING SUMMARY
=========================================================================

  Block        : CLOCK_DOMAIN_TOP
  Corner       : ff_1p16v_1p16v_125c
  Check        : min  (Hot Hold        — Fast corner, high temp)
  Clock        : CLK_CORE  Period = 2 ns  (500 MHz)
  Technology   : SAED 32nm RVT

  ┌────────────────────────────────────────────────────────────────┐
  │ Sub-Unit      WNS (ns)  TNS (ns)  #Viol   WHS (ns)  #HViol  │
  ├────────────────────────────────────────────────────────────────┤
  │ u_cdc_sync          1.114       0        0      0.086        0     │
  │ u_cdc_hand          0.11       0        0      0.11        0     │
  │ u_cg_ctrl          0.079       0        0      0.118        0     │
  │ u_cg_icg          0.2       0        0      0.09        0     │
  ├────────────────────────────────────────────────────────────────┤
  │ CLOCK_DOMAIN_TOP  1.114       0        0      0.086        0     │
  └────────────────────────────────────────────────────────────────┘

  Status : ALL PATHS CLEAN — No Setup or Hold Violations


=========================================================================
                   TIMING EXCEPTIONS APPLIED
=========================================================================

  set_false_path -from [get_ports SCAN_EN]      -to [all_registers]
  set_false_path -from [get_ports TEST_MODE]     -to [all_registers]
  set_multicycle_path 2 -setup -from [get_cells u_cdc_sync/*] -to [get_cells u_cg_icg/*]
  set_multicycle_path 1 -hold  -from [get_cells u_cdc_sync/*] -to [get_cells u_cg_icg/*]
  set_input_delay  0.400 -clock CLK_CORE -max [all_inputs]
  set_output_delay 0.350 -clock CLK_CORE -max [all_outputs]


=========================================================================
                   CLOCK DOMAIN SUMMARY
=========================================================================

  Clock    : CLK_CORE
  Period   : 2 ns
  Waveform : {0.000 1}
  Skew     : 0.026 ns  (max across CLOCK_DOMAIN_TOP)
  Latency  : 0.145 ns  (max)


=========================================================================
                   CONSTRAINT COVERAGE
=========================================================================

  Total register endpoints   : 1830
  Constrained endpoints      : 4571
  Unconstrained endpoints    :      0
  Coverage                   :  100.0%


=========================================================================
                   TOOL / RUN INFORMATION
=========================================================================

  Tool         : Synopsys PrimeTime 2023.06-SP3
  Run Host     : sta-server-01
  Run Dir      : /proj/cpu_rtl/sta/UNCORE/CLOCK_DOMAIN/run_ff_1p16v_1p16v_125c
  SDC File     : /proj/cpu_rtl/constraints/CLOCK_DOMAIN_TOP.sdc
  Netlist      : /proj/cpu_rtl/netlist/CLOCK_DOMAIN_TOP.v.gz
  SPEF File    : /proj/cpu_rtl/spef/CLOCK_DOMAIN_TOP.spef.gz
  Liberty      : saed32nm_rvt_ff_1p16v_1p16v_125c.db
  Elapsed Time : 00:04:58
  Peak Memory  : 4.555 GB

=========================================================================
End of Report
=========================================================================
