****************************************
Report : timing
        -path_type full
        -delay_type max
        -max_paths 10
        -sort_by slack
Design : CLOCK_DOMAIN_TOP
Version: PrimeTime 2023.06-SP3
Date   : Sat Aug 15 18:20:45 2026
Corner : ss_0p72v_0p72v_125c
Note   : Setup OCV (On-Chip-Variation) — CRPR enabled
****************************************

Operating Conditions : ss_0p72v_0p72v_125c (Library: saed32nm_rvt)
Wire Load Model Mode : Interconnect (StarRC Extracted)

  Startpoint : u_cdc_sync/din_reg[0]
               (rising edge-triggered flip-flop clocked by CLK_CORE)
  Endpoint   : u_cg_icg/dout_reg[0]
               (rising edge-triggered flip-flop clocked by CLK_CORE)
  Path Group : CLK_CORE
  Path Type  : max

  Point                                                   Incr        Path
  -------------------------------------------------------------------------
  clock CLK_CORE (rise edge)                                  0.000       0.000
  clock network delay (propagated)                        0.146      0.146
  u_cdc_sync/din_reg[0]/CK (DFFARX1_RVT)                        0.000       0.146 r
  u_cdc_sync/din_reg[0]/Q  (DFFARX1_RVT)                        0.126         0.272 r
  u_cdc_sync/U12/Y (INVX2_RVT)                                  0.045         0.317 f
  u_cdc_sync/U34/Y (NAND2X1_RVT)                                0.095         0.412 r
  u_cdc_hand/U07/Y (AOI22X1_RVT)                                0.085         0.497 f
  u_cdc_hand/U19/Y (OAI21X1_RVT)                                0.083         0.58 r
  u_cg_ctrl/U03/Y (MUX21X1_RVT)                                0.066         0.646 r
  u_cg_ctrl/U11/Y (AND2X1_RVT)                                 0.047         0.693 f
  u_cg_ctrl/U22/Y (NOR2X1_RVT)                                 0.071         0.764 r
  u_cg_icg/U05/Y (BUFX4_RVT)                                  0.085         0.849 r
  u_cg_icg/dout_reg[0]/D (DFFARX1_RVT)                        0.065        0.914 f
  data arrival time                                                    0.914

  clock CLK_CORE (rise edge)                                  2     2
  clock network delay (propagated)                        0.146      2.146
  clock uncertainty                                      -0.05   2.096
  u_cg_icg/dout_reg[0]/CK (DFFARX1_RVT)                       0.000       2.096 r
  library setup time                                     -0.078   2.018
  data required time                                                   2.018
  -------------------------------------------------------------------------
  data required time                                                   2.018
  data arrival time                                                   -0.914
  -------------------------------------------------------------------------
  slack (MET)      1.104


=========================================================================
                   CLOCK_DOMAIN_TOP -- TIMING SUMMARY
=========================================================================

  Block        : CLOCK_DOMAIN_TOP
  Corner       : ss_0p72v_0p72v_125c
  Check        : max  (Setup OCV (On-Chip-Variation) — CRPR enabled)
  Clock        : CLK_CORE  Period = 2 ns  (500 MHz)
  Technology   : SAED 32nm RVT

  +------------------------------------------------------------------+
  | Sub-Unit          WNS (ns)  TNS (ns)  #Viol   WHS (ns)  #HViol  |
  +------------------------------------------------------------------+
  | u_cdc_sync          1.104       0.000       0      0.102        0     |
  | u_cdc_hand          0.142       0.000       0      0.056        0     |
  | u_cg_ctrl          0.079       0.000       0      0.087        0     |
  | u_cg_icg          0.077       0.000       0      0.112        0     |
  +------------------------------------------------------------------+
  | CLOCK_DOMAIN_TOP   1.104       0.000       0      0.102        0     |
  +------------------------------------------------------------------+

  Status : ALL PATHS CLEAN -- No Setup or Hold Violations


=========================================================================
                   TIMING EXCEPTIONS APPLIED
=========================================================================

  set_false_path -from [get_ports SCAN_EN]      -to [all_registers]
  set_false_path -from [get_ports TEST_MODE]     -to [all_registers]
  set_multicycle_path 2 -setup -from [get_cells u_cdc_sync/*] -to [get_cells u_cg_icg/*]
  set_multicycle_path 1 -hold  -from [get_cells u_cdc_sync/*] -to [get_cells u_cg_icg/*]
  set_input_delay  0.400 -clock CLK_CORE -max [all_inputs]
  set_output_delay 0.350 -clock CLK_CORE -max [all_outputs]


=========================================================================
                   CLOCK DOMAIN SUMMARY
=========================================================================

  Clock    : CLK_CORE
  Period   : 2 ns
  Waveform : {0.000 1}
  Skew     : 0.018 ns  (max across CLOCK_DOMAIN_TOP)
  Latency  : 0.146 ns  (max)


=========================================================================
                   CONSTRAINT COVERAGE
=========================================================================

  Total register endpoints   : 3431
  Constrained endpoints      : 6867
  Unconstrained endpoints    :      0
  Coverage                   :  100.0%


=========================================================================
                   TOOL / RUN INFORMATION
=========================================================================

  Tool         : Synopsys PrimeTime 2023.06-SP3
  Run Host     : sta-server-01
  Run Dir      : /proj/cpu_rtl/sta/UNCORE/CLOCK_DOMAIN/run_ss_0p72v_0p72v_125c
  SDC File     : /proj/cpu_rtl/constraints/CLOCK_DOMAIN_TOP.sdc
  Netlist      : /proj/cpu_rtl/netlist/CLOCK_DOMAIN_TOP.v.gz
  SPEF File    : /proj/cpu_rtl/spef/CLOCK_DOMAIN_TOP.spef.gz
  Liberty      : saed32nm_rvt_ss_0p72v_0p72v_125c.db
  Elapsed Time : 00:04:24
  Peak Memory  : 2 GB

=========================================================================
End of Report
=========================================================================
