****************************************
Report : timing
        -path_type full
        -delay_type min
        -max_paths 10
        -sort_by slack
Design : CLOCK_DOMAIN_TOP
Version: PrimeTime 2023.06-SP3
Date   : Sat Aug 15 18:20:45 2026
Corner : ff_1p16v_1p16v_n40c
Note   : Hold POCV — sigma=3, cold fast corner
****************************************

Operating Conditions : ff_1p16v_1p16v_n40c (Library: saed32nm_rvt)
Wire Load Model Mode : Interconnect (StarRC Extracted)

  Startpoint : u_cdc_sync/din_reg[0]
               (rising edge-triggered flip-flop clocked by CLK_CORE)
  Endpoint   : u_cg_icg/dout_reg[0]
               (rising edge-triggered flip-flop clocked by CLK_CORE)
  Path Group : CLK_CORE
  Path Type  : min

  Point                                                   Incr        Path
  -------------------------------------------------------------------------
  clock CLK_CORE (rise edge)                                  0.000       0.000
  clock network delay (propagated)                        0.149      0.149
  u_cdc_sync/din_reg[0]/CK (DFFARX1_RVT)                        0.000       0.149 r
  u_cdc_sync/din_reg[0]/Q  (DFFARX1_RVT)                        0.129         0.278 r
  u_cdc_sync/U12/Y (INVX2_RVT)                                  0.046         0.324 f
  u_cdc_sync/U34/Y (NAND2X1_RVT)                                0.088         0.412 r
  u_cdc_hand/U07/Y (AOI22X1_RVT)                                0.086         0.498 f
  u_cdc_hand/U19/Y (OAI21X1_RVT)                                0.116         0.614 r
  u_cg_ctrl/U03/Y (MUX21X1_RVT)                                0.089         0.703 r
  u_cg_ctrl/U11/Y (AND2X1_RVT)                                 0.068         0.771 f
  u_cg_ctrl/U22/Y (NOR2X1_RVT)                                 0.045         0.816 r
  u_cg_icg/U05/Y (BUFX4_RVT)                                  0.077         0.893 r
  u_cg_icg/dout_reg[0]/D (DFFARX1_RVT)                        0.057        0.95 f
  data arrival time                                                    0.95

  clock CLK_CORE (rise edge)                                  2     2
  clock network delay (propagated)                        0.149      2.149
  clock uncertainty                                      -0.05   2.099
  u_cg_icg/dout_reg[0]/CK (DFFARX1_RVT)                       0.000       2.099 r
  library setup time                                     -0.082   2.017
  data required time                                                   2.017
  -------------------------------------------------------------------------
  data required time                                                   2.017
  data arrival time                                                   -0.95
  -------------------------------------------------------------------------
  slack (MET)      1.067


=========================================================================
                   CLOCK_DOMAIN_TOP -- TIMING SUMMARY
=========================================================================

  Block        : CLOCK_DOMAIN_TOP
  Corner       : ff_1p16v_1p16v_n40c
  Check        : min  (Hold POCV — sigma=3, cold fast corner)
  Clock        : CLK_CORE  Period = 2 ns  (500 MHz)
  Technology   : SAED 32nm RVT

  +------------------------------------------------------------------+
  | Sub-Unit          WNS (ns)  TNS (ns)  #Viol   WHS (ns)  #HViol  |
  +------------------------------------------------------------------+
  | u_cdc_sync          1.067       0.000       0      0.073        0     |
  | u_cdc_hand          0.049       0.000       0      0.081        0     |
  | u_cg_ctrl          0.056       0.000       0      0.12        0     |
  | u_cg_icg          0.111       0.000       0      0.114        0     |
  +------------------------------------------------------------------+
  | CLOCK_DOMAIN_TOP   1.067       0.000       0      0.073        0     |
  +------------------------------------------------------------------+

  Status : ALL PATHS CLEAN -- No Setup or Hold Violations


=========================================================================
                   TIMING EXCEPTIONS APPLIED
=========================================================================

  set_false_path -from [get_ports SCAN_EN]      -to [all_registers]
  set_false_path -from [get_ports TEST_MODE]     -to [all_registers]
  set_multicycle_path 2 -setup -from [get_cells u_cdc_sync/*] -to [get_cells u_cg_icg/*]
  set_multicycle_path 1 -hold  -from [get_cells u_cdc_sync/*] -to [get_cells u_cg_icg/*]
  set_input_delay  0.400 -clock CLK_CORE -max [all_inputs]
  set_output_delay 0.350 -clock CLK_CORE -max [all_outputs]


=========================================================================
                   CLOCK DOMAIN SUMMARY
=========================================================================

  Clock    : CLK_CORE
  Period   : 2 ns
  Waveform : {0.000 1}
  Skew     : 0.025 ns  (max across CLOCK_DOMAIN_TOP)
  Latency  : 0.149 ns  (max)


=========================================================================
                   CONSTRAINT COVERAGE
=========================================================================

  Total register endpoints   : 6760
  Constrained endpoints      : 1993
  Unconstrained endpoints    :      0
  Coverage                   :  100.0%


=========================================================================
                   TOOL / RUN INFORMATION
=========================================================================

  Tool         : Synopsys PrimeTime 2023.06-SP3
  Run Host     : sta-server-01
  Run Dir      : /proj/cpu_rtl/sta/UNCORE/CLOCK_DOMAIN/run_ff_1p16v_1p16v_n40c
  SDC File     : /proj/cpu_rtl/constraints/CLOCK_DOMAIN_TOP.sdc
  Netlist      : /proj/cpu_rtl/netlist/CLOCK_DOMAIN_TOP.v.gz
  SPEF File    : /proj/cpu_rtl/spef/CLOCK_DOMAIN_TOP.spef.gz
  Liberty      : saed32nm_rvt_ff_1p16v_1p16v_n40c.db
  Elapsed Time : 00:01:45
  Peak Memory  : 2.364 GB

=========================================================================
End of Report
=========================================================================
