****************************************
Report : timing
        -path_type full
        -delay_type max
        -max_paths 10
        -sort_by slack
Design : CLOCK_DOMAIN_TOP
Version: PrimeTime 2023.06-SP3
Date   : Sat Aug 15 18:20:45 2026
Corner : ss_0p72v_0p72v_125c
Note   : Multicycle 2-cycle — Worst-case corner
****************************************

Operating Conditions : ss_0p72v_0p72v_125c (Library: saed32nm_rvt)
Wire Load Model Mode : Interconnect (StarRC Extracted)

  Startpoint : u_cdc_sync/din_reg[0]
               (rising edge-triggered flip-flop clocked by CLK_CORE)
  Endpoint   : u_cg_icg/dout_reg[0]
               (rising edge-triggered flip-flop clocked by CLK_CORE)
  Path Group : CLK_CORE
  Path Type  : max

  Point                                                   Incr        Path
  -------------------------------------------------------------------------
  clock CLK_CORE (rise edge)                                  0.000       0.000
  clock network delay (propagated)                        0.163      0.163
  u_cdc_sync/din_reg[0]/CK (DFFARX1_RVT)                        0.000       0.163 r
  u_cdc_sync/din_reg[0]/Q  (DFFARX1_RVT)                        0.133         0.296 r
  u_cdc_sync/U12/Y (INVX2_RVT)                                  0.044         0.34 f
  u_cdc_sync/U34/Y (NAND2X1_RVT)                                0.085         0.425 r
  u_cdc_hand/U07/Y (AOI22X1_RVT)                                0.105         0.53 f
  u_cdc_hand/U19/Y (OAI21X1_RVT)                                0.082         0.612 r
  u_cg_ctrl/U03/Y (MUX21X1_RVT)                                0.063         0.675 r
  u_cg_ctrl/U11/Y (AND2X1_RVT)                                 0.077         0.752 f
  u_cg_ctrl/U22/Y (NOR2X1_RVT)                                 0.04         0.792 r
  u_cg_icg/U05/Y (BUFX4_RVT)                                  0.074         0.866 r
  u_cg_icg/dout_reg[0]/D (DFFARX1_RVT)                        0.059        0.925 f
  data arrival time                                                    0.925

  clock CLK_CORE (rise edge)                                  2     2
  clock network delay (propagated)                        0.163      2.163
  clock uncertainty                                      -0.05   2.113
  u_cg_icg/dout_reg[0]/CK (DFFARX1_RVT)                       0.000       2.113 r
  library setup time                                     -0.076   2.037
  data required time                                                   2.037
  -------------------------------------------------------------------------
  data required time                                                   2.037
  data arrival time                                                   -0.925
  -------------------------------------------------------------------------
  slack (MET)      1.112


=========================================================================
                   CLOCK_DOMAIN_TOP -- TIMING SUMMARY
=========================================================================

  Block        : CLOCK_DOMAIN_TOP
  Corner       : ss_0p72v_0p72v_125c
  Check        : max  (Multicycle 2-cycle — Worst-case corner)
  Clock        : CLK_CORE  Period = 2 ns  (500 MHz)
  Technology   : SAED 32nm RVT

  +------------------------------------------------------------------+
  | Sub-Unit          WNS (ns)  TNS (ns)  #Viol   WHS (ns)  #HViol  |
  +------------------------------------------------------------------+
  | u_cdc_sync          1.112       0.000       0      0.065        0     |
  | u_cdc_hand          0.21       0.000       0      0.111        0     |
  | u_cg_ctrl          0.237       0.000       0      0.089        0     |
  | u_cg_icg          0.049       0.000       0      0.069        0     |
  +------------------------------------------------------------------+
  | CLOCK_DOMAIN_TOP   1.112       0.000       0      0.065        0     |
  +------------------------------------------------------------------+

  Status : ALL PATHS CLEAN -- No Setup or Hold Violations


=========================================================================
                   TIMING EXCEPTIONS APPLIED
=========================================================================

  set_false_path -from [get_ports SCAN_EN]      -to [all_registers]
  set_false_path -from [get_ports TEST_MODE]     -to [all_registers]
  set_multicycle_path 2 -setup -from [get_cells u_cdc_sync/*] -to [get_cells u_cg_icg/*]
  set_multicycle_path 1 -hold  -from [get_cells u_cdc_sync/*] -to [get_cells u_cg_icg/*]
  set_input_delay  0.400 -clock CLK_CORE -max [all_inputs]
  set_output_delay 0.350 -clock CLK_CORE -max [all_outputs]


=========================================================================
                   CLOCK DOMAIN SUMMARY
=========================================================================

  Clock    : CLK_CORE
  Period   : 2 ns
  Waveform : {0.000 1}
  Skew     : 0.026 ns  (max across CLOCK_DOMAIN_TOP)
  Latency  : 0.163 ns  (max)


=========================================================================
                   CONSTRAINT COVERAGE
=========================================================================

  Total register endpoints   : 3336
  Constrained endpoints      : 4678
  Unconstrained endpoints    :      0
  Coverage                   :  100.0%


=========================================================================
                   TOOL / RUN INFORMATION
=========================================================================

  Tool         : Synopsys PrimeTime 2023.06-SP3
  Run Host     : sta-server-01
  Run Dir      : /proj/cpu_rtl/sta/UNCORE/CLOCK_DOMAIN/run_ss_0p72v_0p72v_125c
  SDC File     : /proj/cpu_rtl/constraints/CLOCK_DOMAIN_TOP.sdc
  Netlist      : /proj/cpu_rtl/netlist/CLOCK_DOMAIN_TOP.v.gz
  SPEF File    : /proj/cpu_rtl/spef/CLOCK_DOMAIN_TOP.spef.gz
  Liberty      : saed32nm_rvt_ss_0p72v_0p72v_125c.db
  Elapsed Time : 00:05:38
  Peak Memory  : 4.65 GB

=========================================================================
End of Report
=========================================================================
