****************************************
Report : timing
        -path_type full
        -delay_type max
        -max_paths 10
        -sort_by slack
Design : CLOCK_DOMAIN_TOP
Version: PrimeTime 2023.06-SP3
Date   : Sat Aug 15 18:20:45 2026
Corner : tt_0p90v_0p90v_25c
Note   : Setup post-ECO sign-off — Nominal corner
****************************************

Operating Conditions : tt_0p90v_0p90v_25c (Library: saed32nm_rvt)
Wire Load Model Mode : Interconnect (StarRC Extracted)

  Startpoint : u_cdc_sync/din_reg[0]
               (rising edge-triggered flip-flop clocked by CLK_CORE)
  Endpoint   : u_cg_icg/dout_reg[0]
               (rising edge-triggered flip-flop clocked by CLK_CORE)
  Path Group : CLK_CORE
  Path Type  : max

  Point                                                   Incr        Path
  -------------------------------------------------------------------------
  clock CLK_CORE (rise edge)                                  0.000       0.000
  clock network delay (propagated)                        0.164      0.164
  u_cdc_sync/din_reg[0]/CK (DFFARX1_RVT)                        0.000       0.164 r
  u_cdc_sync/din_reg[0]/Q  (DFFARX1_RVT)                        0.14         0.304 r
  u_cdc_sync/U12/Y (INVX2_RVT)                                  0.05         0.354 f
  u_cdc_sync/U34/Y (NAND2X1_RVT)                                0.072         0.426 r
  u_cdc_hand/U07/Y (AOI22X1_RVT)                                0.103         0.529 f
  u_cdc_hand/U19/Y (OAI21X1_RVT)                                0.103         0.632 r
  u_cg_ctrl/U03/Y (MUX21X1_RVT)                                0.077         0.709 r
  u_cg_ctrl/U11/Y (AND2X1_RVT)                                 0.067         0.776 f
  u_cg_ctrl/U22/Y (NOR2X1_RVT)                                 0.061         0.837 r
  u_cg_icg/U05/Y (BUFX4_RVT)                                  0.08         0.917 r
  u_cg_icg/dout_reg[0]/D (DFFARX1_RVT)                        0.054        0.971 f
  data arrival time                                                    0.971

  clock CLK_CORE (rise edge)                                  2     2
  clock network delay (propagated)                        0.164      2.164
  clock uncertainty                                      -0.05   2.114
  u_cg_icg/dout_reg[0]/CK (DFFARX1_RVT)                       0.000       2.114 r
  library setup time                                     -0.081   2.033
  data required time                                                   2.033
  -------------------------------------------------------------------------
  data required time                                                   2.033
  data arrival time                                                   -0.971
  -------------------------------------------------------------------------
  slack (MET)      1.062


=========================================================================
                   CLOCK_DOMAIN_TOP -- TIMING SUMMARY
=========================================================================

  Block        : CLOCK_DOMAIN_TOP
  Corner       : tt_0p90v_0p90v_25c
  Check        : max  (Setup post-ECO sign-off — Nominal corner)
  Clock        : CLK_CORE  Period = 2 ns  (500 MHz)
  Technology   : SAED 32nm RVT

  +------------------------------------------------------------------+
  | Sub-Unit          WNS (ns)  TNS (ns)  #Viol   WHS (ns)  #HViol  |
  +------------------------------------------------------------------+
  | u_cdc_sync          1.062       0.000       0      0.119        0     |
  | u_cdc_hand          0.187       0.000       0      0.059        0     |
  | u_cg_ctrl          0.088       0.000       0      0.049        0     |
  | u_cg_icg          0.061       0.000       0      0.089        0     |
  +------------------------------------------------------------------+
  | CLOCK_DOMAIN_TOP   1.062       0.000       0      0.119        0     |
  +------------------------------------------------------------------+

  Status : ALL PATHS CLEAN -- No Setup or Hold Violations


=========================================================================
                   TIMING EXCEPTIONS APPLIED
=========================================================================

  set_false_path -from [get_ports SCAN_EN]      -to [all_registers]
  set_false_path -from [get_ports TEST_MODE]     -to [all_registers]
  set_multicycle_path 2 -setup -from [get_cells u_cdc_sync/*] -to [get_cells u_cg_icg/*]
  set_multicycle_path 1 -hold  -from [get_cells u_cdc_sync/*] -to [get_cells u_cg_icg/*]
  set_input_delay  0.400 -clock CLK_CORE -max [all_inputs]
  set_output_delay 0.350 -clock CLK_CORE -max [all_outputs]


=========================================================================
                   CLOCK DOMAIN SUMMARY
=========================================================================

  Clock    : CLK_CORE
  Period   : 2 ns
  Waveform : {0.000 1}
  Skew     : 0.016 ns  (max across CLOCK_DOMAIN_TOP)
  Latency  : 0.164 ns  (max)


=========================================================================
                   CONSTRAINT COVERAGE
=========================================================================

  Total register endpoints   : 5423
  Constrained endpoints      : 2589
  Unconstrained endpoints    :      0
  Coverage                   :  100.0%


=========================================================================
                   TOOL / RUN INFORMATION
=========================================================================

  Tool         : Synopsys PrimeTime 2023.06-SP3
  Run Host     : sta-server-01
  Run Dir      : /proj/cpu_rtl/sta/UNCORE/CLOCK_DOMAIN/run_tt_0p90v_0p90v_25c
  SDC File     : /proj/cpu_rtl/constraints/CLOCK_DOMAIN_TOP.sdc
  Netlist      : /proj/cpu_rtl/netlist/CLOCK_DOMAIN_TOP.v.gz
  SPEF File    : /proj/cpu_rtl/spef/CLOCK_DOMAIN_TOP.spef.gz
  Liberty      : saed32nm_rvt_tt_0p90v_0p90v_25c.db
  Elapsed Time : 00:01:26
  Peak Memory  : 2.199 GB

=========================================================================
End of Report
=========================================================================
