****************************************
Report : timing
        -path_type full
        -delay_type min
        -max_paths 10
        -sort_by slack
Design : CLOCK_DOMAIN_TOP
Version: PrimeTime 2023.06-SP3
Date   : Sat Aug 15 18:20:45 2026
Corner : tt_0p90v_0p90v_25c
Note   : Hold post-ECO sign-off — Nominal corner
****************************************

Operating Conditions : tt_0p90v_0p90v_25c (Library: saed32nm_rvt)
Wire Load Model Mode : Interconnect (StarRC Extracted)

  Startpoint : u_cdc_sync/din_reg[0]
               (rising edge-triggered flip-flop clocked by CLK_CORE)
  Endpoint   : u_cg_icg/dout_reg[0]
               (rising edge-triggered flip-flop clocked by CLK_CORE)
  Path Group : CLK_CORE
  Path Type  : min

  Point                                                   Incr        Path
  -------------------------------------------------------------------------
  clock CLK_CORE (rise edge)                                  0.000       0.000
  clock network delay (propagated)                        0.139      0.139
  u_cdc_sync/din_reg[0]/CK (DFFARX1_RVT)                        0.000       0.139 r
  u_cdc_sync/din_reg[0]/Q  (DFFARX1_RVT)                        0.117         0.256 r
  u_cdc_sync/U12/Y (INVX2_RVT)                                  0.057         0.313 f
  u_cdc_sync/U34/Y (NAND2X1_RVT)                                0.086         0.399 r
  u_cdc_hand/U07/Y (AOI22X1_RVT)                                0.094         0.493 f
  u_cdc_hand/U19/Y (OAI21X1_RVT)                                0.101         0.594 r
  u_cg_ctrl/U03/Y (MUX21X1_RVT)                                0.075         0.669 r
  u_cg_ctrl/U11/Y (AND2X1_RVT)                                 0.057         0.726 f
  u_cg_ctrl/U22/Y (NOR2X1_RVT)                                 0.062         0.788 r
  u_cg_icg/U05/Y (BUFX4_RVT)                                  0.064         0.852 r
  u_cg_icg/dout_reg[0]/D (DFFARX1_RVT)                        0.054        0.906 f
  data arrival time                                                    0.906

  clock CLK_CORE (rise edge)                                  2     2
  clock network delay (propagated)                        0.139      2.139
  clock uncertainty                                      -0.05   2.089
  u_cg_icg/dout_reg[0]/CK (DFFARX1_RVT)                       0.000       2.089 r
  library setup time                                     -0.079   2.01
  data required time                                                   2.01
  -------------------------------------------------------------------------
  data required time                                                   2.01
  data arrival time                                                   -0.906
  -------------------------------------------------------------------------
  slack (MET)      1.104


=========================================================================
                   CLOCK_DOMAIN_TOP -- TIMING SUMMARY
=========================================================================

  Block        : CLOCK_DOMAIN_TOP
  Corner       : tt_0p90v_0p90v_25c
  Check        : min  (Hold post-ECO sign-off — Nominal corner)
  Clock        : CLK_CORE  Period = 2 ns  (500 MHz)
  Technology   : SAED 32nm RVT

  +------------------------------------------------------------------+
  | Sub-Unit          WNS (ns)  TNS (ns)  #Viol   WHS (ns)  #HViol  |
  +------------------------------------------------------------------+
  | u_cdc_sync          1.104       0.000       0      0.112        0     |
  | u_cdc_hand          0.23       0.000       0      0.111        0     |
  | u_cg_ctrl          0.182       0.000       0      0.051        0     |
  | u_cg_icg          0.216       0.000       0      0.124        0     |
  +------------------------------------------------------------------+
  | CLOCK_DOMAIN_TOP   1.104       0.000       0      0.112        0     |
  +------------------------------------------------------------------+

  Status : ALL PATHS CLEAN -- No Setup or Hold Violations


=========================================================================
                   TIMING EXCEPTIONS APPLIED
=========================================================================

  set_false_path -from [get_ports SCAN_EN]      -to [all_registers]
  set_false_path -from [get_ports TEST_MODE]     -to [all_registers]
  set_multicycle_path 2 -setup -from [get_cells u_cdc_sync/*] -to [get_cells u_cg_icg/*]
  set_multicycle_path 1 -hold  -from [get_cells u_cdc_sync/*] -to [get_cells u_cg_icg/*]
  set_input_delay  0.400 -clock CLK_CORE -max [all_inputs]
  set_output_delay 0.350 -clock CLK_CORE -max [all_outputs]


=========================================================================
                   CLOCK DOMAIN SUMMARY
=========================================================================

  Clock    : CLK_CORE
  Period   : 2 ns
  Waveform : {0.000 1}
  Skew     : 0.022 ns  (max across CLOCK_DOMAIN_TOP)
  Latency  : 0.139 ns  (max)


=========================================================================
                   CONSTRAINT COVERAGE
=========================================================================

  Total register endpoints   : 4130
  Constrained endpoints      : 2193
  Unconstrained endpoints    :      0
  Coverage                   :  100.0%


=========================================================================
                   TOOL / RUN INFORMATION
=========================================================================

  Tool         : Synopsys PrimeTime 2023.06-SP3
  Run Host     : sta-server-01
  Run Dir      : /proj/cpu_rtl/sta/UNCORE/CLOCK_DOMAIN/run_tt_0p90v_0p90v_25c
  SDC File     : /proj/cpu_rtl/constraints/CLOCK_DOMAIN_TOP.sdc
  Netlist      : /proj/cpu_rtl/netlist/CLOCK_DOMAIN_TOP.v.gz
  SPEF File    : /proj/cpu_rtl/spef/CLOCK_DOMAIN_TOP.spef.gz
  Liberty      : saed32nm_rvt_tt_0p90v_0p90v_25c.db
  Elapsed Time : 00:03:11
  Peak Memory  : 5.174 GB

=========================================================================
End of Report
=========================================================================
