****************************************
Report : timing
        -path_type full
        -delay_type min
        -max_paths 10
        -sort_by slack
Design : CLOCK_DOMAIN_TOP
Version: PrimeTime 2023.06-SP3
Date   : Sat Aug 15 18:20:45 2026
Corner : ff_1p16v_1p16v_n40c
Note   : Hold with Signal Integrity (crosstalk) — Fast cold
****************************************

Operating Conditions : ff_1p16v_1p16v_n40c (Library: saed32nm_rvt)
Wire Load Model Mode : Interconnect (StarRC Extracted)

  Startpoint : u_cdc_sync/din_reg[0]
               (rising edge-triggered flip-flop clocked by CLK_CORE)
  Endpoint   : u_cg_icg/dout_reg[0]
               (rising edge-triggered flip-flop clocked by CLK_CORE)
  Path Group : CLK_CORE
  Path Type  : min

  Point                                                   Incr        Path
  -------------------------------------------------------------------------
  clock CLK_CORE (rise edge)                                  0.000       0.000
  clock network delay (propagated)                        0.16      0.16
  u_cdc_sync/din_reg[0]/CK (DFFARX1_RVT)                        0.000       0.16 r
  u_cdc_sync/din_reg[0]/Q  (DFFARX1_RVT)                        0.121         0.281 r
  u_cdc_sync/U12/Y (INVX2_RVT)                                  0.053         0.334 f
  u_cdc_sync/U34/Y (NAND2X1_RVT)                                0.088         0.422 r
  u_cdc_hand/U07/Y (AOI22X1_RVT)                                0.092         0.514 f
  u_cdc_hand/U19/Y (OAI21X1_RVT)                                0.117         0.631 r
  u_cg_ctrl/U03/Y (MUX21X1_RVT)                                0.09         0.721 r
  u_cg_ctrl/U11/Y (AND2X1_RVT)                                 0.056         0.777 f
  u_cg_ctrl/U22/Y (NOR2X1_RVT)                                 0.046         0.823 r
  u_cg_icg/U05/Y (BUFX4_RVT)                                  0.072         0.895 r
  u_cg_icg/dout_reg[0]/D (DFFARX1_RVT)                        0.066        0.961 f
  data arrival time                                                    0.961

  clock CLK_CORE (rise edge)                                  2     2
  clock network delay (propagated)                        0.16      2.16
  clock uncertainty                                      -0.05   2.11
  u_cg_icg/dout_reg[0]/CK (DFFARX1_RVT)                       0.000       2.11 r
  library setup time                                     -0.067   2.043
  data required time                                                   2.043
  -------------------------------------------------------------------------
  data required time                                                   2.043
  data arrival time                                                   -0.961
  -------------------------------------------------------------------------
  slack (MET)      1.082


=========================================================================
                   CLOCK_DOMAIN_TOP -- TIMING SUMMARY
=========================================================================

  Block        : CLOCK_DOMAIN_TOP
  Corner       : ff_1p16v_1p16v_n40c
  Check        : min  (Hold with Signal Integrity (crosstalk) — Fast cold)
  Clock        : CLK_CORE  Period = 2 ns  (500 MHz)
  Technology   : SAED 32nm RVT

  +------------------------------------------------------------------+
  | Sub-Unit          WNS (ns)  TNS (ns)  #Viol   WHS (ns)  #HViol  |
  +------------------------------------------------------------------+
  | u_cdc_sync          1.082       0.000       0      0.062        0     |
  | u_cdc_hand          0.179       0.000       0      0.13        0     |
  | u_cg_ctrl          0.098       0.000       0      0.053        0     |
  | u_cg_icg          0.067       0.000       0      0.108        0     |
  +------------------------------------------------------------------+
  | CLOCK_DOMAIN_TOP   1.082       0.000       0      0.062        0     |
  +------------------------------------------------------------------+

  Status : ALL PATHS CLEAN -- No Setup or Hold Violations


=========================================================================
                   TIMING EXCEPTIONS APPLIED
=========================================================================

  set_false_path -from [get_ports SCAN_EN]      -to [all_registers]
  set_false_path -from [get_ports TEST_MODE]     -to [all_registers]
  set_multicycle_path 2 -setup -from [get_cells u_cdc_sync/*] -to [get_cells u_cg_icg/*]
  set_multicycle_path 1 -hold  -from [get_cells u_cdc_sync/*] -to [get_cells u_cg_icg/*]
  set_input_delay  0.400 -clock CLK_CORE -max [all_inputs]
  set_output_delay 0.350 -clock CLK_CORE -max [all_outputs]


=========================================================================
                   CLOCK DOMAIN SUMMARY
=========================================================================

  Clock    : CLK_CORE
  Period   : 2 ns
  Waveform : {0.000 1}
  Skew     : 0.019 ns  (max across CLOCK_DOMAIN_TOP)
  Latency  : 0.16 ns  (max)


=========================================================================
                   CONSTRAINT COVERAGE
=========================================================================

  Total register endpoints   : 5429
  Constrained endpoints      : 4735
  Unconstrained endpoints    :      0
  Coverage                   :  100.0%


=========================================================================
                   TOOL / RUN INFORMATION
=========================================================================

  Tool         : Synopsys PrimeTime 2023.06-SP3
  Run Host     : sta-server-01
  Run Dir      : /proj/cpu_rtl/sta/UNCORE/CLOCK_DOMAIN/run_ff_1p16v_1p16v_n40c
  SDC File     : /proj/cpu_rtl/constraints/CLOCK_DOMAIN_TOP.sdc
  Netlist      : /proj/cpu_rtl/netlist/CLOCK_DOMAIN_TOP.v.gz
  SPEF File    : /proj/cpu_rtl/spef/CLOCK_DOMAIN_TOP.spef.gz
  Liberty      : saed32nm_rvt_ff_1p16v_1p16v_n40c.db
  Elapsed Time : 00:07:43
  Peak Memory  : 1.796 GB

=========================================================================
End of Report
=========================================================================
