****************************************
Report : timing
        -path_type full
        -delay_type min
        -max_paths 10
        -sort_by slack
Design : IQ_INT_TOP
Version: PrimeTime 2023.06-SP3
Date   : Sat Aug 15 17:34:53 2026
Corner : ff_1p16v_1p16v_n40c
Note   : Worst-case Hold  — Fast corner, cold temp
****************************************

Operating Conditions : ff_1p16v_1p16v_n40c (Library: saed32nm_rvt)
Wire Load Model Mode : Interconnect (StarRC Extracted)

  Startpoint : u_iq_ent/din_reg[0]
               (rising edge-triggered flip-flop clocked by CLK_CORE)
  Endpoint   : u_iq_age/dout_reg[0]
               (rising edge-triggered flip-flop clocked by CLK_CORE)
  Path Group : CLK_CORE
  Path Type  : min

  Point                                                   Incr        Path
  -------------------------------------------------------------------------
  clock CLK_CORE (rise edge)                                  0.000       0.000
  clock network delay (propagated)                        0.163      0.163
  u_iq_ent/din_reg[0]/CK (DFFARX1_RVT)                        0.000       0.163 r
  u_iq_ent/din_reg[0]/Q  (DFFARX1_RVT)                        0.14       0.303 r
  u_iq_ent/U12/Y (INVX2_RVT)                                  0.056       0.359 f
  u_iq_ent/U34/Y (NAND2X1_RVT)                                0.064       0.423 r
  u_iq_wkup/U07/Y (AOI22X1_RVT)                                0.09       0.513 f
  u_iq_wkup/U19/Y (OAI21X1_RVT)                                0.084       0.597 r
  u_iq_sel/U03/Y (MUX21X1_RVT)                                0.097       0.694 r
  u_iq_sel/U11/Y (AND2X1_RVT)                                 0.046       0.74 f
  u_iq_sel/U22/Y (NOR2X1_RVT)                                 0.065       0.805 r
  u_iq_age/U05/Y (BUFX4_RVT)                                  0.062       0.867 r
  u_iq_age/dout_reg[0]/D (DFFARX1_RVT)                        0.058      0.925 f
  data arrival time                                                    0.925

  clock CLK_CORE (rise edge)                                  2     2
  clock network delay (propagated)                        0.163      2.163
  clock uncertainty                                      -0.05   2.113
  u_iq_age/dout_reg[0]/CK (DFFARX1_RVT)                       0.000       2.113 r
  library setup time                                     -0.073   2.04
  data required time                                                   2.04
  -------------------------------------------------------------------------
  data required time                                                   2.04
  data arrival time                                                   -0.925
  -------------------------------------------------------------------------
  slack (MET)   1.115


=========================================================================
                   IQ_INT_TOP — TIMING SUMMARY
=========================================================================

  Block        : IQ_INT_TOP
  Corner       : ff_1p16v_1p16v_n40c
  Check        : min  (Worst-case Hold  — Fast corner, cold temp)
  Clock        : CLK_CORE  Period = 2 ns  (500 MHz)
  Technology   : SAED 32nm RVT

  ┌────────────────────────────────────────────────────────────────┐
  │ Sub-Unit      WNS (ns)  TNS (ns)  #Viol   WHS (ns)  #HViol  │
  ├────────────────────────────────────────────────────────────────┤
  │ u_iq_ent          1.115       0        0      0.104        0     │
  │ u_iq_wkup          0.076       0        0      0.091        0     │
  │ u_iq_sel          0.081       0        0      0.06        0     │
  │ u_iq_age          0.131       0        0      0.121        0     │
  ├────────────────────────────────────────────────────────────────┤
  │ IQ_INT_TOP  1.115       0        0      0.104        0     │
  └────────────────────────────────────────────────────────────────┘

  Status : ALL PATHS CLEAN — No Setup or Hold Violations


=========================================================================
                   TIMING EXCEPTIONS APPLIED
=========================================================================

  set_false_path -from [get_ports SCAN_EN]      -to [all_registers]
  set_false_path -from [get_ports TEST_MODE]     -to [all_registers]
  set_multicycle_path 2 -setup -from [get_cells u_iq_ent/*] -to [get_cells u_iq_age/*]
  set_multicycle_path 1 -hold  -from [get_cells u_iq_ent/*] -to [get_cells u_iq_age/*]
  set_input_delay  0.400 -clock CLK_CORE -max [all_inputs]
  set_output_delay 0.350 -clock CLK_CORE -max [all_outputs]


=========================================================================
                   CLOCK DOMAIN SUMMARY
=========================================================================

  Clock    : CLK_CORE
  Period   : 2 ns
  Waveform : {0.000 1}
  Skew     : 0.024 ns  (max across IQ_INT_TOP)
  Latency  : 0.163 ns  (max)


=========================================================================
                   CONSTRAINT COVERAGE
=========================================================================

  Total register endpoints   : 1597
  Constrained endpoints      : 944
  Unconstrained endpoints    :      0
  Coverage                   :  100.0%


=========================================================================
                   TOOL / RUN INFORMATION
=========================================================================

  Tool         : Synopsys PrimeTime 2023.06-SP3
  Run Host     : sta-server-01
  Run Dir      : /proj/cpu_rtl/sta/ISSUE/IQ_INT/run_ff_1p16v_1p16v_n40c
  SDC File     : /proj/cpu_rtl/constraints/IQ_INT_TOP.sdc
  Netlist      : /proj/cpu_rtl/netlist/IQ_INT_TOP.v.gz
  SPEF File    : /proj/cpu_rtl/spef/IQ_INT_TOP.spef.gz
  Liberty      : saed32nm_rvt_ff_1p16v_1p16v_n40c.db
  Elapsed Time : 00:07:39
  Peak Memory  : 1.339 GB

=========================================================================
End of Report
=========================================================================
