****************************************
Report : timing
        -path_type full
        -delay_type max
        -max_paths 10
        -sort_by slack
Design : IQ_INT_TOP
Version: PrimeTime 2023.06-SP3
Date   : Sat Aug 15 17:34:53 2026
Corner : ss_0p72v_0p72v_n40c
Note   : Cold Setup      — Slow corner, cold temp
****************************************

Operating Conditions : ss_0p72v_0p72v_n40c (Library: saed32nm_rvt)
Wire Load Model Mode : Interconnect (StarRC Extracted)

  Startpoint : u_iq_ent/din_reg[0]
               (rising edge-triggered flip-flop clocked by CLK_CORE)
  Endpoint   : u_iq_age/dout_reg[0]
               (rising edge-triggered flip-flop clocked by CLK_CORE)
  Path Group : CLK_CORE
  Path Type  : max

  Point                                                   Incr        Path
  -------------------------------------------------------------------------
  clock CLK_CORE (rise edge)                                  0.000       0.000
  clock network delay (propagated)                        0.161      0.161
  u_iq_ent/din_reg[0]/CK (DFFARX1_RVT)                        0.000       0.161 r
  u_iq_ent/din_reg[0]/Q  (DFFARX1_RVT)                        0.128       0.289 r
  u_iq_ent/U12/Y (INVX2_RVT)                                  0.037       0.326 f
  u_iq_ent/U34/Y (NAND2X1_RVT)                                0.065       0.391 r
  u_iq_wkup/U07/Y (AOI22X1_RVT)                                0.108       0.499 f
  u_iq_wkup/U19/Y (OAI21X1_RVT)                                0.106       0.605 r
  u_iq_sel/U03/Y (MUX21X1_RVT)                                0.061       0.666 r
  u_iq_sel/U11/Y (AND2X1_RVT)                                 0.046       0.712 f
  u_iq_sel/U22/Y (NOR2X1_RVT)                                 0.051       0.763 r
  u_iq_age/U05/Y (BUFX4_RVT)                                  0.056       0.819 r
  u_iq_age/dout_reg[0]/D (DFFARX1_RVT)                        0.067      0.886 f
  data arrival time                                                    0.886

  clock CLK_CORE (rise edge)                                  2     2
  clock network delay (propagated)                        0.161      2.161
  clock uncertainty                                      -0.05   2.111
  u_iq_age/dout_reg[0]/CK (DFFARX1_RVT)                       0.000       2.111 r
  library setup time                                     -0.068   2.043
  data required time                                                   2.043
  -------------------------------------------------------------------------
  data required time                                                   2.043
  data arrival time                                                   -0.886
  -------------------------------------------------------------------------
  slack (MET)   1.157


=========================================================================
                   IQ_INT_TOP — TIMING SUMMARY
=========================================================================

  Block        : IQ_INT_TOP
  Corner       : ss_0p72v_0p72v_n40c
  Check        : max  (Cold Setup      — Slow corner, cold temp)
  Clock        : CLK_CORE  Period = 2 ns  (500 MHz)
  Technology   : SAED 32nm RVT

  ┌────────────────────────────────────────────────────────────────┐
  │ Sub-Unit      WNS (ns)  TNS (ns)  #Viol   WHS (ns)  #HViol  │
  ├────────────────────────────────────────────────────────────────┤
  │ u_iq_ent          1.157       0        0      0.088        0     │
  │ u_iq_wkup          0.089       0        0      0.075        0     │
  │ u_iq_sel          0.108       0        0      0.076        0     │
  │ u_iq_age          0.164       0        0      0.092        0     │
  ├────────────────────────────────────────────────────────────────┤
  │ IQ_INT_TOP  1.157       0        0      0.088        0     │
  └────────────────────────────────────────────────────────────────┘

  Status : ALL PATHS CLEAN — No Setup or Hold Violations


=========================================================================
                   TIMING EXCEPTIONS APPLIED
=========================================================================

  set_false_path -from [get_ports SCAN_EN]      -to [all_registers]
  set_false_path -from [get_ports TEST_MODE]     -to [all_registers]
  set_multicycle_path 2 -setup -from [get_cells u_iq_ent/*] -to [get_cells u_iq_age/*]
  set_multicycle_path 1 -hold  -from [get_cells u_iq_ent/*] -to [get_cells u_iq_age/*]
  set_input_delay  0.400 -clock CLK_CORE -max [all_inputs]
  set_output_delay 0.350 -clock CLK_CORE -max [all_outputs]


=========================================================================
                   CLOCK DOMAIN SUMMARY
=========================================================================

  Clock    : CLK_CORE
  Period   : 2 ns
  Waveform : {0.000 1}
  Skew     : 0.019 ns  (max across IQ_INT_TOP)
  Latency  : 0.161 ns  (max)


=========================================================================
                   CONSTRAINT COVERAGE
=========================================================================

  Total register endpoints   : 3029
  Constrained endpoints      : 1339
  Unconstrained endpoints    :      0
  Coverage                   :  100.0%


=========================================================================
                   TOOL / RUN INFORMATION
=========================================================================

  Tool         : Synopsys PrimeTime 2023.06-SP3
  Run Host     : sta-server-01
  Run Dir      : /proj/cpu_rtl/sta/ISSUE/IQ_INT/run_ss_0p72v_0p72v_n40c
  SDC File     : /proj/cpu_rtl/constraints/IQ_INT_TOP.sdc
  Netlist      : /proj/cpu_rtl/netlist/IQ_INT_TOP.v.gz
  SPEF File    : /proj/cpu_rtl/spef/IQ_INT_TOP.spef.gz
  Liberty      : saed32nm_rvt_ss_0p72v_0p72v_n40c.db
  Elapsed Time : 00:07:32
  Peak Memory  : 1.79 GB

=========================================================================
End of Report
=========================================================================
