****************************************
Report : timing
        -path_type full
        -delay_type min
        -max_paths 10
        -sort_by slack
Design : IQ_INT_TOP
Version: PrimeTime 2023.06-SP3
Date   : Sat Aug 15 17:34:53 2026
Corner : ff_1p16v_1p16v_125c
Note   : Hot Hold        — Fast corner, high temp
****************************************

Operating Conditions : ff_1p16v_1p16v_125c (Library: saed32nm_rvt)
Wire Load Model Mode : Interconnect (StarRC Extracted)

  Startpoint : u_iq_ent/din_reg[0]
               (rising edge-triggered flip-flop clocked by CLK_CORE)
  Endpoint   : u_iq_age/dout_reg[0]
               (rising edge-triggered flip-flop clocked by CLK_CORE)
  Path Group : CLK_CORE
  Path Type  : min

  Point                                                   Incr        Path
  -------------------------------------------------------------------------
  clock CLK_CORE (rise edge)                                  0.000       0.000
  clock network delay (propagated)                        0.151      0.151
  u_iq_ent/din_reg[0]/CK (DFFARX1_RVT)                        0.000       0.151 r
  u_iq_ent/din_reg[0]/Q  (DFFARX1_RVT)                        0.143       0.294 r
  u_iq_ent/U12/Y (INVX2_RVT)                                  0.053       0.347 f
  u_iq_ent/U34/Y (NAND2X1_RVT)                                0.066       0.413 r
  u_iq_wkup/U07/Y (AOI22X1_RVT)                                0.072       0.485 f
  u_iq_wkup/U19/Y (OAI21X1_RVT)                                0.086       0.571 r
  u_iq_sel/U03/Y (MUX21X1_RVT)                                0.087       0.658 r
  u_iq_sel/U11/Y (AND2X1_RVT)                                 0.079       0.737 f
  u_iq_sel/U22/Y (NOR2X1_RVT)                                 0.073       0.81 r
  u_iq_age/U05/Y (BUFX4_RVT)                                  0.062       0.872 r
  u_iq_age/dout_reg[0]/D (DFFARX1_RVT)                        0.052      0.924 f
  data arrival time                                                    0.924

  clock CLK_CORE (rise edge)                                  2     2
  clock network delay (propagated)                        0.151      2.151
  clock uncertainty                                      -0.05   2.101
  u_iq_age/dout_reg[0]/CK (DFFARX1_RVT)                       0.000       2.101 r
  library setup time                                     -0.079   2.022
  data required time                                                   2.022
  -------------------------------------------------------------------------
  data required time                                                   2.022
  data arrival time                                                   -0.924
  -------------------------------------------------------------------------
  slack (MET)   1.098


=========================================================================
                   IQ_INT_TOP — TIMING SUMMARY
=========================================================================

  Block        : IQ_INT_TOP
  Corner       : ff_1p16v_1p16v_125c
  Check        : min  (Hot Hold        — Fast corner, high temp)
  Clock        : CLK_CORE  Period = 2 ns  (500 MHz)
  Technology   : SAED 32nm RVT

  ┌────────────────────────────────────────────────────────────────┐
  │ Sub-Unit      WNS (ns)  TNS (ns)  #Viol   WHS (ns)  #HViol  │
  ├────────────────────────────────────────────────────────────────┤
  │ u_iq_ent          1.098       0        0      0.099        0     │
  │ u_iq_wkup          0.077       0        0      0.096        0     │
  │ u_iq_sel          0.1       0        0      0.113        0     │
  │ u_iq_age          0.164       0        0      0.075        0     │
  ├────────────────────────────────────────────────────────────────┤
  │ IQ_INT_TOP  1.098       0        0      0.099        0     │
  └────────────────────────────────────────────────────────────────┘

  Status : ALL PATHS CLEAN — No Setup or Hold Violations


=========================================================================
                   TIMING EXCEPTIONS APPLIED
=========================================================================

  set_false_path -from [get_ports SCAN_EN]      -to [all_registers]
  set_false_path -from [get_ports TEST_MODE]     -to [all_registers]
  set_multicycle_path 2 -setup -from [get_cells u_iq_ent/*] -to [get_cells u_iq_age/*]
  set_multicycle_path 1 -hold  -from [get_cells u_iq_ent/*] -to [get_cells u_iq_age/*]
  set_input_delay  0.400 -clock CLK_CORE -max [all_inputs]
  set_output_delay 0.350 -clock CLK_CORE -max [all_outputs]


=========================================================================
                   CLOCK DOMAIN SUMMARY
=========================================================================

  Clock    : CLK_CORE
  Period   : 2 ns
  Waveform : {0.000 1}
  Skew     : 0.021 ns  (max across IQ_INT_TOP)
  Latency  : 0.151 ns  (max)


=========================================================================
                   CONSTRAINT COVERAGE
=========================================================================

  Total register endpoints   : 5255
  Constrained endpoints      : 5330
  Unconstrained endpoints    :      0
  Coverage                   :  100.0%


=========================================================================
                   TOOL / RUN INFORMATION
=========================================================================

  Tool         : Synopsys PrimeTime 2023.06-SP3
  Run Host     : sta-server-01
  Run Dir      : /proj/cpu_rtl/sta/ISSUE/IQ_INT/run_ff_1p16v_1p16v_125c
  SDC File     : /proj/cpu_rtl/constraints/IQ_INT_TOP.sdc
  Netlist      : /proj/cpu_rtl/netlist/IQ_INT_TOP.v.gz
  SPEF File    : /proj/cpu_rtl/spef/IQ_INT_TOP.spef.gz
  Liberty      : saed32nm_rvt_ff_1p16v_1p16v_125c.db
  Elapsed Time : 00:07:46
  Peak Memory  : 3.535 GB

=========================================================================
End of Report
=========================================================================
