****************************************
Report : timing
        -path_type full
        -delay_type max
        -max_paths 10
        -sort_by slack
Design : IQ_INT_TOP
Version: PrimeTime 2023.06-SP3
Date   : Sat Aug 15 17:34:53 2026
Corner : ss_0p72v_0p72v_125c
Note   : Recovery/Removal Check — Async reset paths
****************************************

Operating Conditions : ss_0p72v_0p72v_125c (Library: saed32nm_rvt)
Wire Load Model Mode : Interconnect (StarRC Extracted)

  Startpoint : u_iq_ent/din_reg[0]
               (rising edge-triggered flip-flop clocked by CLK_CORE)
  Endpoint   : u_iq_age/dout_reg[0]
               (rising edge-triggered flip-flop clocked by CLK_CORE)
  Path Group : CLK_CORE
  Path Type  : max

  Point                                                   Incr        Path
  -------------------------------------------------------------------------
  clock CLK_CORE (rise edge)                                  0.000       0.000
  clock network delay (propagated)                        0.152      0.152
  u_iq_ent/din_reg[0]/CK (DFFARX1_RVT)                        0.000       0.152 r
  u_iq_ent/din_reg[0]/Q  (DFFARX1_RVT)                        0.143       0.295 r
  u_iq_ent/U12/Y (INVX2_RVT)                                  0.035       0.33 f
  u_iq_ent/U34/Y (NAND2X1_RVT)                                0.067       0.397 r
  u_iq_wkup/U07/Y (AOI22X1_RVT)                                0.083       0.48 f
  u_iq_wkup/U19/Y (OAI21X1_RVT)                                0.116       0.596 r
  u_iq_sel/U03/Y (MUX21X1_RVT)                                0.07       0.666 r
  u_iq_sel/U11/Y (AND2X1_RVT)                                 0.063       0.729 f
  u_iq_sel/U22/Y (NOR2X1_RVT)                                 0.051       0.78 r
  u_iq_age/U05/Y (BUFX4_RVT)                                  0.081       0.861 r
  u_iq_age/dout_reg[0]/D (DFFARX1_RVT)                        0.06      0.921 f
  data arrival time                                                    0.921

  clock CLK_CORE (rise edge)                                  2     2
  clock network delay (propagated)                        0.152      2.152
  clock uncertainty                                      -0.05   2.102
  u_iq_age/dout_reg[0]/CK (DFFARX1_RVT)                       0.000       2.102 r
  library setup time                                     -0.084   2.018
  data required time                                                   2.018
  -------------------------------------------------------------------------
  data required time                                                   2.018
  data arrival time                                                   -0.921
  -------------------------------------------------------------------------
  slack (MET)   1.097


=========================================================================
                   IQ_INT_TOP — TIMING SUMMARY
=========================================================================

  Block        : IQ_INT_TOP
  Corner       : ss_0p72v_0p72v_125c
  Check        : max  (Recovery/Removal Check — Async reset paths)
  Clock        : CLK_CORE  Period = 2 ns  (500 MHz)
  Technology   : SAED 32nm RVT

  ┌────────────────────────────────────────────────────────────────┐
  │ Sub-Unit      WNS (ns)  TNS (ns)  #Viol   WHS (ns)  #HViol  │
  ├────────────────────────────────────────────────────────────────┤
  │ u_iq_ent          1.097       0        0      0.093        0     │
  │ u_iq_wkup          0.05       0        0      0.082        0     │
  │ u_iq_sel          0.087       0        0      0.085        0     │
  │ u_iq_age          0.151       0        0      0.098        0     │
  ├────────────────────────────────────────────────────────────────┤
  │ IQ_INT_TOP  1.097       0        0      0.093        0     │
  └────────────────────────────────────────────────────────────────┘

  Status : ALL PATHS CLEAN — No Setup or Hold Violations


=========================================================================
                   TIMING EXCEPTIONS APPLIED
=========================================================================

  set_false_path -from [get_ports SCAN_EN]      -to [all_registers]
  set_false_path -from [get_ports TEST_MODE]     -to [all_registers]
  set_multicycle_path 2 -setup -from [get_cells u_iq_ent/*] -to [get_cells u_iq_age/*]
  set_multicycle_path 1 -hold  -from [get_cells u_iq_ent/*] -to [get_cells u_iq_age/*]
  set_input_delay  0.400 -clock CLK_CORE -max [all_inputs]
  set_output_delay 0.350 -clock CLK_CORE -max [all_outputs]


=========================================================================
                   CLOCK DOMAIN SUMMARY
=========================================================================

  Clock    : CLK_CORE
  Period   : 2 ns
  Waveform : {0.000 1}
  Skew     : 0.022 ns  (max across IQ_INT_TOP)
  Latency  : 0.152 ns  (max)


=========================================================================
                   CONSTRAINT COVERAGE
=========================================================================

  Total register endpoints   : 5735
  Constrained endpoints      : 3974
  Unconstrained endpoints    :      0
  Coverage                   :  100.0%


=========================================================================
                   TOOL / RUN INFORMATION
=========================================================================

  Tool         : Synopsys PrimeTime 2023.06-SP3
  Run Host     : sta-server-01
  Run Dir      : /proj/cpu_rtl/sta/ISSUE/IQ_INT/run_ss_0p72v_0p72v_125c
  SDC File     : /proj/cpu_rtl/constraints/IQ_INT_TOP.sdc
  Netlist      : /proj/cpu_rtl/netlist/IQ_INT_TOP.v.gz
  SPEF File    : /proj/cpu_rtl/spef/IQ_INT_TOP.spef.gz
  Liberty      : saed32nm_rvt_ss_0p72v_0p72v_125c.db
  Elapsed Time : 00:05:46
  Peak Memory  : 2.161 GB

=========================================================================
End of Report
=========================================================================
