****************************************
Report : timing
        -path_type full
        -delay_type max
        -max_paths 10
        -sort_by slack
Design : IQ_INT_TOP
Version: PrimeTime 2023.06-SP3
Date   : Sat Aug 15 17:34:53 2026
Corner : tt_0p90v_0p90v_25c
Note   : Multicycle Path Check — 2-cycle paths
****************************************

Operating Conditions : tt_0p90v_0p90v_25c (Library: saed32nm_rvt)
Wire Load Model Mode : Interconnect (StarRC Extracted)

  Startpoint : u_iq_ent/din_reg[0]
               (rising edge-triggered flip-flop clocked by CLK_CORE)
  Endpoint   : u_iq_age/dout_reg[0]
               (rising edge-triggered flip-flop clocked by CLK_CORE)
  Path Group : CLK_CORE
  Path Type  : max

  Point                                                   Incr        Path
  -------------------------------------------------------------------------
  clock CLK_CORE (rise edge)                                  0.000       0.000
  clock network delay (propagated)                        0.131      0.131
  u_iq_ent/din_reg[0]/CK (DFFARX1_RVT)                        0.000       0.131 r
  u_iq_ent/din_reg[0]/Q  (DFFARX1_RVT)                        0.127       0.258 r
  u_iq_ent/U12/Y (INVX2_RVT)                                  0.031       0.289 f
  u_iq_ent/U34/Y (NAND2X1_RVT)                                0.076       0.365 r
  u_iq_wkup/U07/Y (AOI22X1_RVT)                                0.084       0.449 f
  u_iq_wkup/U19/Y (OAI21X1_RVT)                                0.107       0.556 r
  u_iq_sel/U03/Y (MUX21X1_RVT)                                0.097       0.653 r
  u_iq_sel/U11/Y (AND2X1_RVT)                                 0.07       0.723 f
  u_iq_sel/U22/Y (NOR2X1_RVT)                                 0.058       0.781 r
  u_iq_age/U05/Y (BUFX4_RVT)                                  0.087       0.868 r
  u_iq_age/dout_reg[0]/D (DFFARX1_RVT)                        0.067      0.935 f
  data arrival time                                                    0.935

  clock CLK_CORE (rise edge)                                  2     2
  clock network delay (propagated)                        0.131      2.131
  clock uncertainty                                      -0.05   2.081
  u_iq_age/dout_reg[0]/CK (DFFARX1_RVT)                       0.000       2.081 r
  library setup time                                     -0.083   1.998
  data required time                                                   1.998
  -------------------------------------------------------------------------
  data required time                                                   1.998
  data arrival time                                                   -0.935
  -------------------------------------------------------------------------
  slack (MET)   1.063


=========================================================================
                   IQ_INT_TOP — TIMING SUMMARY
=========================================================================

  Block        : IQ_INT_TOP
  Corner       : tt_0p90v_0p90v_25c
  Check        : max  (Multicycle Path Check — 2-cycle paths)
  Clock        : CLK_CORE  Period = 2 ns  (500 MHz)
  Technology   : SAED 32nm RVT

  ┌────────────────────────────────────────────────────────────────┐
  │ Sub-Unit      WNS (ns)  TNS (ns)  #Viol   WHS (ns)  #HViol  │
  ├────────────────────────────────────────────────────────────────┤
  │ u_iq_ent          1.063       0        0      0.115        0     │
  │ u_iq_wkup          0.119       0        0      0.06        0     │
  │ u_iq_sel          0.096       0        0      0.065        0     │
  │ u_iq_age          0.093       0        0      0.088        0     │
  ├────────────────────────────────────────────────────────────────┤
  │ IQ_INT_TOP  1.063       0        0      0.115        0     │
  └────────────────────────────────────────────────────────────────┘

  Status : ALL PATHS CLEAN — No Setup or Hold Violations


=========================================================================
                   TIMING EXCEPTIONS APPLIED
=========================================================================

  set_false_path -from [get_ports SCAN_EN]      -to [all_registers]
  set_false_path -from [get_ports TEST_MODE]     -to [all_registers]
  set_multicycle_path 2 -setup -from [get_cells u_iq_ent/*] -to [get_cells u_iq_age/*]
  set_multicycle_path 1 -hold  -from [get_cells u_iq_ent/*] -to [get_cells u_iq_age/*]
  set_input_delay  0.400 -clock CLK_CORE -max [all_inputs]
  set_output_delay 0.350 -clock CLK_CORE -max [all_outputs]


=========================================================================
                   CLOCK DOMAIN SUMMARY
=========================================================================

  Clock    : CLK_CORE
  Period   : 2 ns
  Waveform : {0.000 1}
  Skew     : 0.025 ns  (max across IQ_INT_TOP)
  Latency  : 0.131 ns  (max)


=========================================================================
                   CONSTRAINT COVERAGE
=========================================================================

  Total register endpoints   : 4168
  Constrained endpoints      : 3263
  Unconstrained endpoints    :      0
  Coverage                   :  100.0%


=========================================================================
                   TOOL / RUN INFORMATION
=========================================================================

  Tool         : Synopsys PrimeTime 2023.06-SP3
  Run Host     : sta-server-01
  Run Dir      : /proj/cpu_rtl/sta/ISSUE/IQ_INT/run_tt_0p90v_0p90v_25c
  SDC File     : /proj/cpu_rtl/constraints/IQ_INT_TOP.sdc
  Netlist      : /proj/cpu_rtl/netlist/IQ_INT_TOP.v.gz
  SPEF File    : /proj/cpu_rtl/spef/IQ_INT_TOP.spef.gz
  Liberty      : saed32nm_rvt_tt_0p90v_0p90v_25c.db
  Elapsed Time : 00:01:28
  Peak Memory  : 4.753 GB

=========================================================================
End of Report
=========================================================================
