****************************************
Report : timing
        -path_type full
        -delay_type max
        -max_paths 10
        -sort_by slack
Design : RAS_TOP
Version: PrimeTime 2023.06-SP3
Date   : Sat Aug 15 17:34:53 2026
Corner : tt_0p90v_0p90v_25c
Note   : Typical Setup   — Nominal corner
****************************************

Operating Conditions : tt_0p90v_0p90v_25c (Library: saed32nm_rvt)
Wire Load Model Mode : Interconnect (StarRC Extracted)

  Startpoint : u_ras_stk/din_reg[0]
               (rising edge-triggered flip-flop clocked by CLK_CORE)
  Endpoint   : u_ras_pop/dout_reg[0]
               (rising edge-triggered flip-flop clocked by CLK_CORE)
  Path Group : CLK_CORE
  Path Type  : max

  Point                                                   Incr        Path
  -------------------------------------------------------------------------
  clock CLK_CORE (rise edge)                                  0.000       0.000
  clock network delay (propagated)                        0.131      0.131
  u_ras_stk/din_reg[0]/CK (DFFARX1_RVT)                        0.000       0.131 r
  u_ras_stk/din_reg[0]/Q  (DFFARX1_RVT)                        0.128       0.259 r
  u_ras_stk/U12/Y (INVX2_RVT)                                  0.063       0.322 f
  u_ras_stk/U34/Y (NAND2X1_RVT)                                0.087       0.409 r
  u_ras_ptr/U07/Y (AOI22X1_RVT)                                0.098       0.507 f
  u_ras_ptr/U19/Y (OAI21X1_RVT)                                0.082       0.589 r
  u_ras_push/U03/Y (MUX21X1_RVT)                                0.087       0.676 r
  u_ras_push/U11/Y (AND2X1_RVT)                                 0.052       0.728 f
  u_ras_push/U22/Y (NOR2X1_RVT)                                 0.042       0.77 r
  u_ras_pop/U05/Y (BUFX4_RVT)                                  0.058       0.828 r
  u_ras_pop/dout_reg[0]/D (DFFARX1_RVT)                        0.051      0.879 f
  data arrival time                                                    0.879

  clock CLK_CORE (rise edge)                                  2     2
  clock network delay (propagated)                        0.131      2.131
  clock uncertainty                                      -0.05   2.081
  u_ras_pop/dout_reg[0]/CK (DFFARX1_RVT)                       0.000       2.081 r
  library setup time                                     -0.073   2.008
  data required time                                                   2.008
  -------------------------------------------------------------------------
  data required time                                                   2.008
  data arrival time                                                   -0.879
  -------------------------------------------------------------------------
  slack (MET)   1.129


=========================================================================
                   RAS_TOP — TIMING SUMMARY
=========================================================================

  Block        : RAS_TOP
  Corner       : tt_0p90v_0p90v_25c
  Check        : max  (Typical Setup   — Nominal corner)
  Clock        : CLK_CORE  Period = 2 ns  (500 MHz)
  Technology   : SAED 32nm RVT

  ┌────────────────────────────────────────────────────────────────┐
  │ Sub-Unit      WNS (ns)  TNS (ns)  #Viol   WHS (ns)  #HViol  │
  ├────────────────────────────────────────────────────────────────┤
  │ u_ras_stk          1.129       0        0      0.098        0     │
  │ u_ras_ptr          0.071       0        0      0.092        0     │
  │ u_ras_push          0.105       0        0      0.102        0     │
  │ u_ras_pop          0.101       0        0      0.083        0     │
  ├────────────────────────────────────────────────────────────────┤
  │ RAS_TOP  1.129       0        0      0.098        0     │
  └────────────────────────────────────────────────────────────────┘

  Status : ALL PATHS CLEAN — No Setup or Hold Violations


=========================================================================
                   TIMING EXCEPTIONS APPLIED
=========================================================================

  set_false_path -from [get_ports SCAN_EN]      -to [all_registers]
  set_false_path -from [get_ports TEST_MODE]     -to [all_registers]
  set_multicycle_path 2 -setup -from [get_cells u_ras_stk/*] -to [get_cells u_ras_pop/*]
  set_multicycle_path 1 -hold  -from [get_cells u_ras_stk/*] -to [get_cells u_ras_pop/*]
  set_input_delay  0.400 -clock CLK_CORE -max [all_inputs]
  set_output_delay 0.350 -clock CLK_CORE -max [all_outputs]


=========================================================================
                   CLOCK DOMAIN SUMMARY
=========================================================================

  Clock    : CLK_CORE
  Period   : 2 ns
  Waveform : {0.000 1}
  Skew     : 0.026 ns  (max across RAS_TOP)
  Latency  : 0.131 ns  (max)


=========================================================================
                   CONSTRAINT COVERAGE
=========================================================================

  Total register endpoints   : 4474
  Constrained endpoints      : 4933
  Unconstrained endpoints    :      0
  Coverage                   :  100.0%


=========================================================================
                   TOOL / RUN INFORMATION
=========================================================================

  Tool         : Synopsys PrimeTime 2023.06-SP3
  Run Host     : sta-server-01
  Run Dir      : /proj/cpu_rtl/sta/FETCH/BPU/RAS/run_tt_0p90v_0p90v_25c
  SDC File     : /proj/cpu_rtl/constraints/RAS_TOP.sdc
  Netlist      : /proj/cpu_rtl/netlist/RAS_TOP.v.gz
  SPEF File    : /proj/cpu_rtl/spef/RAS_TOP.spef.gz
  Liberty      : saed32nm_rvt_tt_0p90v_0p90v_25c.db
  Elapsed Time : 00:03:33
  Peak Memory  : 4.49 GB

=========================================================================
End of Report
=========================================================================
