****************************************
Report : timing
        -path_type full
        -delay_type max
        -max_paths 10
        -sort_by slack
Design : RAS_TOP
Version: PrimeTime 2023.06-SP3
Date   : Sat Aug 15 17:34:53 2026
Corner : ss_0p72v_0p72v_n40c
Note   : Cold Setup      — Slow corner, cold temp
****************************************

Operating Conditions : ss_0p72v_0p72v_n40c (Library: saed32nm_rvt)
Wire Load Model Mode : Interconnect (StarRC Extracted)

  Startpoint : u_ras_stk/din_reg[0]
               (rising edge-triggered flip-flop clocked by CLK_CORE)
  Endpoint   : u_ras_pop/dout_reg[0]
               (rising edge-triggered flip-flop clocked by CLK_CORE)
  Path Group : CLK_CORE
  Path Type  : max

  Point                                                   Incr        Path
  -------------------------------------------------------------------------
  clock CLK_CORE (rise edge)                                  0.000       0.000
  clock network delay (propagated)                        0.16      0.16
  u_ras_stk/din_reg[0]/CK (DFFARX1_RVT)                        0.000       0.16 r
  u_ras_stk/din_reg[0]/Q  (DFFARX1_RVT)                        0.117       0.277 r
  u_ras_stk/U12/Y (INVX2_RVT)                                  0.047       0.324 f
  u_ras_stk/U34/Y (NAND2X1_RVT)                                0.059       0.383 r
  u_ras_ptr/U07/Y (AOI22X1_RVT)                                0.097       0.48 f
  u_ras_ptr/U19/Y (OAI21X1_RVT)                                0.089       0.569 r
  u_ras_push/U03/Y (MUX21X1_RVT)                                0.074       0.643 r
  u_ras_push/U11/Y (AND2X1_RVT)                                 0.049       0.692 f
  u_ras_push/U22/Y (NOR2X1_RVT)                                 0.049       0.741 r
  u_ras_pop/U05/Y (BUFX4_RVT)                                  0.062       0.803 r
  u_ras_pop/dout_reg[0]/D (DFFARX1_RVT)                        0.055      0.858 f
  data arrival time                                                    0.858

  clock CLK_CORE (rise edge)                                  2     2
  clock network delay (propagated)                        0.16      2.16
  clock uncertainty                                      -0.05   2.11
  u_ras_pop/dout_reg[0]/CK (DFFARX1_RVT)                       0.000       2.11 r
  library setup time                                     -0.081   2.029
  data required time                                                   2.029
  -------------------------------------------------------------------------
  data required time                                                   2.029
  data arrival time                                                   -0.858
  -------------------------------------------------------------------------
  slack (MET)   1.171


=========================================================================
                   RAS_TOP — TIMING SUMMARY
=========================================================================

  Block        : RAS_TOP
  Corner       : ss_0p72v_0p72v_n40c
  Check        : max  (Cold Setup      — Slow corner, cold temp)
  Clock        : CLK_CORE  Period = 2 ns  (500 MHz)
  Technology   : SAED 32nm RVT

  ┌────────────────────────────────────────────────────────────────┐
  │ Sub-Unit      WNS (ns)  TNS (ns)  #Viol   WHS (ns)  #HViol  │
  ├────────────────────────────────────────────────────────────────┤
  │ u_ras_stk          1.171       0        0      0.108        0     │
  │ u_ras_ptr          0.147       0        0      0.058        0     │
  │ u_ras_push          0.2       0        0      0.111        0     │
  │ u_ras_pop          0.1       0        0      0.076        0     │
  ├────────────────────────────────────────────────────────────────┤
  │ RAS_TOP  1.171       0        0      0.108        0     │
  └────────────────────────────────────────────────────────────────┘

  Status : ALL PATHS CLEAN — No Setup or Hold Violations


=========================================================================
                   TIMING EXCEPTIONS APPLIED
=========================================================================

  set_false_path -from [get_ports SCAN_EN]      -to [all_registers]
  set_false_path -from [get_ports TEST_MODE]     -to [all_registers]
  set_multicycle_path 2 -setup -from [get_cells u_ras_stk/*] -to [get_cells u_ras_pop/*]
  set_multicycle_path 1 -hold  -from [get_cells u_ras_stk/*] -to [get_cells u_ras_pop/*]
  set_input_delay  0.400 -clock CLK_CORE -max [all_inputs]
  set_output_delay 0.350 -clock CLK_CORE -max [all_outputs]


=========================================================================
                   CLOCK DOMAIN SUMMARY
=========================================================================

  Clock    : CLK_CORE
  Period   : 2 ns
  Waveform : {0.000 1}
  Skew     : 0.022 ns  (max across RAS_TOP)
  Latency  : 0.16 ns  (max)


=========================================================================
                   CONSTRAINT COVERAGE
=========================================================================

  Total register endpoints   : 1723
  Constrained endpoints      : 2438
  Unconstrained endpoints    :      0
  Coverage                   :  100.0%


=========================================================================
                   TOOL / RUN INFORMATION
=========================================================================

  Tool         : Synopsys PrimeTime 2023.06-SP3
  Run Host     : sta-server-01
  Run Dir      : /proj/cpu_rtl/sta/FETCH/BPU/RAS/run_ss_0p72v_0p72v_n40c
  SDC File     : /proj/cpu_rtl/constraints/RAS_TOP.sdc
  Netlist      : /proj/cpu_rtl/netlist/RAS_TOP.v.gz
  SPEF File    : /proj/cpu_rtl/spef/RAS_TOP.spef.gz
  Liberty      : saed32nm_rvt_ss_0p72v_0p72v_n40c.db
  Elapsed Time : 00:01:51
  Peak Memory  : 1.854 GB

=========================================================================
End of Report
=========================================================================
