****************************************
Report : timing
        -path_type full
        -delay_type min
        -max_paths 10
        -sort_by slack
Design : RAS_TOP
Version: PrimeTime 2023.06-SP3
Date   : Sat Aug 15 17:34:53 2026
Corner : ff_1p16v_1p16v_125c
Note   : Hot Hold        — Fast corner, high temp
****************************************

Operating Conditions : ff_1p16v_1p16v_125c (Library: saed32nm_rvt)
Wire Load Model Mode : Interconnect (StarRC Extracted)

  Startpoint : u_ras_stk/din_reg[0]
               (rising edge-triggered flip-flop clocked by CLK_CORE)
  Endpoint   : u_ras_pop/dout_reg[0]
               (rising edge-triggered flip-flop clocked by CLK_CORE)
  Path Group : CLK_CORE
  Path Type  : min

  Point                                                   Incr        Path
  -------------------------------------------------------------------------
  clock CLK_CORE (rise edge)                                  0.000       0.000
  clock network delay (propagated)                        0.142      0.142
  u_ras_stk/din_reg[0]/CK (DFFARX1_RVT)                        0.000       0.142 r
  u_ras_stk/din_reg[0]/Q  (DFFARX1_RVT)                        0.129       0.271 r
  u_ras_stk/U12/Y (INVX2_RVT)                                  0.044       0.315 f
  u_ras_stk/U34/Y (NAND2X1_RVT)                                0.093       0.408 r
  u_ras_ptr/U07/Y (AOI22X1_RVT)                                0.083       0.491 f
  u_ras_ptr/U19/Y (OAI21X1_RVT)                                0.104       0.595 r
  u_ras_push/U03/Y (MUX21X1_RVT)                                0.062       0.657 r
  u_ras_push/U11/Y (AND2X1_RVT)                                 0.048       0.705 f
  u_ras_push/U22/Y (NOR2X1_RVT)                                 0.062       0.767 r
  u_ras_pop/U05/Y (BUFX4_RVT)                                  0.07       0.837 r
  u_ras_pop/dout_reg[0]/D (DFFARX1_RVT)                        0.073      0.91 f
  data arrival time                                                    0.91

  clock CLK_CORE (rise edge)                                  2     2
  clock network delay (propagated)                        0.142      2.142
  clock uncertainty                                      -0.05   2.092
  u_ras_pop/dout_reg[0]/CK (DFFARX1_RVT)                       0.000       2.092 r
  library setup time                                     -0.084   2.008
  data required time                                                   2.008
  -------------------------------------------------------------------------
  data required time                                                   2.008
  data arrival time                                                   -0.91
  -------------------------------------------------------------------------
  slack (MET)   1.098


=========================================================================
                   RAS_TOP — TIMING SUMMARY
=========================================================================

  Block        : RAS_TOP
  Corner       : ff_1p16v_1p16v_125c
  Check        : min  (Hot Hold        — Fast corner, high temp)
  Clock        : CLK_CORE  Period = 2 ns  (500 MHz)
  Technology   : SAED 32nm RVT

  ┌────────────────────────────────────────────────────────────────┐
  │ Sub-Unit      WNS (ns)  TNS (ns)  #Viol   WHS (ns)  #HViol  │
  ├────────────────────────────────────────────────────────────────┤
  │ u_ras_stk          1.098       0        0      0.064        0     │
  │ u_ras_ptr          0.108       0        0      0.055        0     │
  │ u_ras_push          0.182       0        0      0.112        0     │
  │ u_ras_pop          0.149       0        0      0.08        0     │
  ├────────────────────────────────────────────────────────────────┤
  │ RAS_TOP  1.098       0        0      0.064        0     │
  └────────────────────────────────────────────────────────────────┘

  Status : ALL PATHS CLEAN — No Setup or Hold Violations


=========================================================================
                   TIMING EXCEPTIONS APPLIED
=========================================================================

  set_false_path -from [get_ports SCAN_EN]      -to [all_registers]
  set_false_path -from [get_ports TEST_MODE]     -to [all_registers]
  set_multicycle_path 2 -setup -from [get_cells u_ras_stk/*] -to [get_cells u_ras_pop/*]
  set_multicycle_path 1 -hold  -from [get_cells u_ras_stk/*] -to [get_cells u_ras_pop/*]
  set_input_delay  0.400 -clock CLK_CORE -max [all_inputs]
  set_output_delay 0.350 -clock CLK_CORE -max [all_outputs]


=========================================================================
                   CLOCK DOMAIN SUMMARY
=========================================================================

  Clock    : CLK_CORE
  Period   : 2 ns
  Waveform : {0.000 1}
  Skew     : 0.016 ns  (max across RAS_TOP)
  Latency  : 0.142 ns  (max)


=========================================================================
                   CONSTRAINT COVERAGE
=========================================================================

  Total register endpoints   : 4479
  Constrained endpoints      : 1843
  Unconstrained endpoints    :      0
  Coverage                   :  100.0%


=========================================================================
                   TOOL / RUN INFORMATION
=========================================================================

  Tool         : Synopsys PrimeTime 2023.06-SP3
  Run Host     : sta-server-01
  Run Dir      : /proj/cpu_rtl/sta/FETCH/BPU/RAS/run_ff_1p16v_1p16v_125c
  SDC File     : /proj/cpu_rtl/constraints/RAS_TOP.sdc
  Netlist      : /proj/cpu_rtl/netlist/RAS_TOP.v.gz
  SPEF File    : /proj/cpu_rtl/spef/RAS_TOP.spef.gz
  Liberty      : saed32nm_rvt_ff_1p16v_1p16v_125c.db
  Elapsed Time : 00:03:53
  Peak Memory  : 3.5 GB

=========================================================================
End of Report
=========================================================================
