****************************************
Report : timing
        -path_type full
        -delay_type max
        -max_paths 10
        -sort_by slack
Design : RAS_TOP
Version: PrimeTime 2023.06-SP3
Date   : Sat Aug 15 17:34:53 2026
Corner : ss_0p72v_0p72v_125c
Note   : Recovery/Removal Check — Async reset paths
****************************************

Operating Conditions : ss_0p72v_0p72v_125c (Library: saed32nm_rvt)
Wire Load Model Mode : Interconnect (StarRC Extracted)

  Startpoint : u_ras_stk/din_reg[0]
               (rising edge-triggered flip-flop clocked by CLK_CORE)
  Endpoint   : u_ras_pop/dout_reg[0]
               (rising edge-triggered flip-flop clocked by CLK_CORE)
  Path Group : CLK_CORE
  Path Type  : max

  Point                                                   Incr        Path
  -------------------------------------------------------------------------
  clock CLK_CORE (rise edge)                                  0.000       0.000
  clock network delay (propagated)                        0.137      0.137
  u_ras_stk/din_reg[0]/CK (DFFARX1_RVT)                        0.000       0.137 r
  u_ras_stk/din_reg[0]/Q  (DFFARX1_RVT)                        0.117       0.254 r
  u_ras_stk/U12/Y (INVX2_RVT)                                  0.055       0.309 f
  u_ras_stk/U34/Y (NAND2X1_RVT)                                0.089       0.398 r
  u_ras_ptr/U07/Y (AOI22X1_RVT)                                0.107       0.505 f
  u_ras_ptr/U19/Y (OAI21X1_RVT)                                0.096       0.601 r
  u_ras_push/U03/Y (MUX21X1_RVT)                                0.091       0.692 r
  u_ras_push/U11/Y (AND2X1_RVT)                                 0.08       0.772 f
  u_ras_push/U22/Y (NOR2X1_RVT)                                 0.074       0.846 r
  u_ras_pop/U05/Y (BUFX4_RVT)                                  0.071       0.917 r
  u_ras_pop/dout_reg[0]/D (DFFARX1_RVT)                        0.071      0.988 f
  data arrival time                                                    0.988

  clock CLK_CORE (rise edge)                                  2     2
  clock network delay (propagated)                        0.137      2.137
  clock uncertainty                                      -0.05   2.087
  u_ras_pop/dout_reg[0]/CK (DFFARX1_RVT)                       0.000       2.087 r
  library setup time                                     -0.076   2.011
  data required time                                                   2.011
  -------------------------------------------------------------------------
  data required time                                                   2.011
  data arrival time                                                   -0.988
  -------------------------------------------------------------------------
  slack (MET)   1.023


=========================================================================
                   RAS_TOP — TIMING SUMMARY
=========================================================================

  Block        : RAS_TOP
  Corner       : ss_0p72v_0p72v_125c
  Check        : max  (Recovery/Removal Check — Async reset paths)
  Clock        : CLK_CORE  Period = 2 ns  (500 MHz)
  Technology   : SAED 32nm RVT

  ┌────────────────────────────────────────────────────────────────┐
  │ Sub-Unit      WNS (ns)  TNS (ns)  #Viol   WHS (ns)  #HViol  │
  ├────────────────────────────────────────────────────────────────┤
  │ u_ras_stk          1.023       0        0      0.063        0     │
  │ u_ras_ptr          0.159       0        0      0.06        0     │
  │ u_ras_push          0.168       0        0      0.059        0     │
  │ u_ras_pop          0.156       0        0      0.113        0     │
  ├────────────────────────────────────────────────────────────────┤
  │ RAS_TOP  1.023       0        0      0.063        0     │
  └────────────────────────────────────────────────────────────────┘

  Status : ALL PATHS CLEAN — No Setup or Hold Violations


=========================================================================
                   TIMING EXCEPTIONS APPLIED
=========================================================================

  set_false_path -from [get_ports SCAN_EN]      -to [all_registers]
  set_false_path -from [get_ports TEST_MODE]     -to [all_registers]
  set_multicycle_path 2 -setup -from [get_cells u_ras_stk/*] -to [get_cells u_ras_pop/*]
  set_multicycle_path 1 -hold  -from [get_cells u_ras_stk/*] -to [get_cells u_ras_pop/*]
  set_input_delay  0.400 -clock CLK_CORE -max [all_inputs]
  set_output_delay 0.350 -clock CLK_CORE -max [all_outputs]


=========================================================================
                   CLOCK DOMAIN SUMMARY
=========================================================================

  Clock    : CLK_CORE
  Period   : 2 ns
  Waveform : {0.000 1}
  Skew     : 0.015 ns  (max across RAS_TOP)
  Latency  : 0.137 ns  (max)


=========================================================================
                   CONSTRAINT COVERAGE
=========================================================================

  Total register endpoints   : 5335
  Constrained endpoints      : 1187
  Unconstrained endpoints    :      0
  Coverage                   :  100.0%


=========================================================================
                   TOOL / RUN INFORMATION
=========================================================================

  Tool         : Synopsys PrimeTime 2023.06-SP3
  Run Host     : sta-server-01
  Run Dir      : /proj/cpu_rtl/sta/FETCH/BPU/RAS/run_ss_0p72v_0p72v_125c
  SDC File     : /proj/cpu_rtl/constraints/RAS_TOP.sdc
  Netlist      : /proj/cpu_rtl/netlist/RAS_TOP.v.gz
  SPEF File    : /proj/cpu_rtl/spef/RAS_TOP.spef.gz
  Liberty      : saed32nm_rvt_ss_0p72v_0p72v_125c.db
  Elapsed Time : 00:04:50
  Peak Memory  : 3.6 GB

=========================================================================
End of Report
=========================================================================
