================================================================================
  STA BLOCK DUMP LOG  —  RAS_TOP
================================================================================

  Block Directory : D:\Certificates\PD_STA_REPORTS\FETCH\BPU\RAS
  Design          : RAS_TOP
  Parsed At       : 2026-08-15T19:14:51
  Total Reports   : 11


OWNERSHIP
----------------------------------------
  BLOCK TIMING OWNER           : User7  <user7@company.com>  [EMP-2007]
  TEAM LEAD                    : MTO_User1  <mto1@company.com>  [EMP-1001]
  RTL TEAM LEAD                : TeamLead1  <teamlead1@company.com>
  PD ENGINEER                  : PDEng1  <pdeng1@company.com>
  STA ENGINEER                 : STAEng1  <staeng1@company.com>
  CHIP STA LEAD                : STALead1  <stalead1@company.com>  [EMP-0004]

AGGREGATE SUMMARY
----------------------------------------
  Overall Status   : MET
  Worst WNS  (ns)  : 0.000
  Worst TNS  (ns)  : 0.000
  Worst WHS  (ns)  : 0.000
  Best  WNS  (ns)  : 1.171
  Total Violations : 0

BY CORNER
----------------------------------------
  Name                                              #       WNS       TNS       WHS  STATUS
  ─────────────────────────────────────────────  ────  ────────  ────────  ────────  ──────────
  N/A                                               1     0.000     0.000     0.000  MET
  ff_1p16v_1p16v_125c                               1     1.098     0.000     0.064  MET
  ff_1p16v_1p16v_n40c                               1     1.046     0.000     0.083  MET
  ss_0p63v_0p63v_125c                               1     1.056     0.000     0.073  MET
  ss_0p72v_0p72v_125c                               2     1.023     0.000     0.063  MET
  ss_0p72v_0p72v_n40c                               1     1.171     0.000     0.108  MET
  tt_0p90v_0p90v_25c                                4     1.056     0.000     0.071  MET

BY CHECK TYPE
----------------------------------------
  Name                                              #       WNS       TNS       WHS  STATUS
  ─────────────────────────────────────────────  ────  ────────  ────────  ────────  ──────────
  N/A                                               1     0.000     0.000     0.000  MET
  hold                                              3     1.046     0.000     0.064  MET
  setup                                             7     1.023     0.000     0.063  MET

PER-REPORT DETAIL
----------------------------------------
  File     : 01_SETUP_SS_125C_RAS_TOP.rpt
  Design   : RAS_TOP               Corner : ss_0p72v_0p72v_125c
  Check    : setup       Clock  : CLK_CORE  Period = 2.0 ns  (500.0 MHz)
  WNS      :   +1.168 ns   TNS :   +0.000 ns   WHS :   +0.117 ns
  Slack    :   +1.168 ns   Status : MET
  Status   : ALL PATHS CLEAN — No Setup or Hold Violations
  Coverage : 100.0%   Endpoints : 1207 / 975
  Tool     : Synopsys PrimeTime 2023.06-SP3
  Runtime  : 00:03:14         Memory : 4.638 GB
  Run Dir  : /proj/cpu_rtl/sta/FETCH/BPU/RAS/run_ss_0p72v_0p72v_125c

  File     : 02_HOLD_FF_N40C_RAS_TOP.rpt
  Design   : RAS_TOP               Corner : ff_1p16v_1p16v_n40c
  Check    : hold        Clock  : CLK_CORE  Period = 2.0 ns  (500.0 MHz)
  WNS      :   +1.046 ns   TNS :   +0.000 ns   WHS :   +0.083 ns
  Slack    :   +1.046 ns   Status : MET
  Status   : ALL PATHS CLEAN — No Setup or Hold Violations
  Coverage : 100.0%   Endpoints : 1744 / 5384
  Tool     : Synopsys PrimeTime 2023.06-SP3
  Runtime  : 00:03:28         Memory : 3.294 GB
  Run Dir  : /proj/cpu_rtl/sta/FETCH/BPU/RAS/run_ff_1p16v_1p16v_n40c

  File     : 03_SETUP_TT_25C_RAS_TOP.rpt
  Design   : RAS_TOP               Corner : tt_0p90v_0p90v_25c
  Check    : setup       Clock  : CLK_CORE  Period = 2.0 ns  (500.0 MHz)
  WNS      :   +1.129 ns   TNS :   +0.000 ns   WHS :   +0.098 ns
  Slack    :   +1.129 ns   Status : MET
  Status   : ALL PATHS CLEAN — No Setup or Hold Violations
  Coverage : 100.0%   Endpoints : 4933 / 4474
  Tool     : Synopsys PrimeTime 2023.06-SP3
  Runtime  : 00:03:33         Memory : 4.49 GB
  Run Dir  : /proj/cpu_rtl/sta/FETCH/BPU/RAS/run_tt_0p90v_0p90v_25c

  File     : 04_HOLD_TT_25C_RAS_TOP.rpt
  Design   : RAS_TOP               Corner : tt_0p90v_0p90v_25c
  Check    : hold        Clock  : CLK_CORE  Period = 2.0 ns  (500.0 MHz)
  WNS      :   +1.124 ns   TNS :   +0.000 ns   WHS :   +0.089 ns
  Slack    :   +1.124 ns   Status : MET
  Status   : ALL PATHS CLEAN — No Setup or Hold Violations
  Coverage : 100.0%   Endpoints : 5255 / 4846
  Tool     : Synopsys PrimeTime 2023.06-SP3
  Runtime  : 00:08:53         Memory : 4.147 GB
  Run Dir  : /proj/cpu_rtl/sta/FETCH/BPU/RAS/run_tt_0p90v_0p90v_25c

  File     : 05_SETUP_SS_M40C_RAS_TOP.rpt
  Design   : RAS_TOP               Corner : ss_0p72v_0p72v_n40c
  Check    : setup       Clock  : CLK_CORE  Period = 2.0 ns  (500.0 MHz)
  WNS      :   +1.171 ns   TNS :   +0.000 ns   WHS :   +0.108 ns
  Slack    :   +1.171 ns   Status : MET
  Status   : ALL PATHS CLEAN — No Setup or Hold Violations
  Coverage : 100.0%   Endpoints : 2438 / 1723
  Tool     : Synopsys PrimeTime 2023.06-SP3
  Runtime  : 00:01:51         Memory : 1.854 GB
  Run Dir  : /proj/cpu_rtl/sta/FETCH/BPU/RAS/run_ss_0p72v_0p72v_n40c

  File     : 06_HOLD_FF_125C_RAS_TOP.rpt
  Design   : RAS_TOP               Corner : ff_1p16v_1p16v_125c
  Check    : hold        Clock  : CLK_CORE  Period = 2.0 ns  (500.0 MHz)
  WNS      :   +1.098 ns   TNS :   +0.000 ns   WHS :   +0.064 ns
  Slack    :   +1.098 ns   Status : MET
  Status   : ALL PATHS CLEAN — No Setup or Hold Violations
  Coverage : 100.0%   Endpoints : 1843 / 4479
  Tool     : Synopsys PrimeTime 2023.06-SP3
  Runtime  : 00:03:53         Memory : 3.5 GB
  Run Dir  : /proj/cpu_rtl/sta/FETCH/BPU/RAS/run_ff_1p16v_1p16v_125c

  File     : 07_SETUP_LVSS_125C_RAS_TOP.rpt
  Design   : RAS_TOP               Corner : ss_0p63v_0p63v_125c
  Check    : setup       Clock  : CLK_CORE  Period = 2.0 ns  (500.0 MHz)
  WNS      :   +1.056 ns   TNS :   +0.000 ns   WHS :   +0.073 ns
  Slack    :   +1.056 ns   Status : MET
  Status   : ALL PATHS CLEAN — No Setup or Hold Violations
  Coverage : 100.0%   Endpoints : 4852 / 876
  Tool     : Synopsys PrimeTime 2023.06-SP3
  Runtime  : 00:06:40         Memory : 2.206 GB
  Run Dir  : /proj/cpu_rtl/sta/FETCH/BPU/RAS/run_ss_0p63v_0p63v_125c

  File     : 08_CG_CHECK_TT_25C_RAS_TOP.rpt
  Design   : RAS_TOP               Corner : tt_0p90v_0p90v_25c
  Check    : setup       Clock  : CLK_CORE  Period = 2.0 ns  (500.0 MHz)
  WNS      :   +1.056 ns   TNS :   +0.000 ns   WHS :   +0.074 ns
  Slack    :   +1.056 ns   Status : MET
  Status   : ALL PATHS CLEAN — No Setup or Hold Violations
  Coverage : 100.0%   Endpoints : 3638 / 2020
  Tool     : Synopsys PrimeTime 2023.06-SP3
  Runtime  : 00:08:38         Memory : 3.914 GB
  Run Dir  : /proj/cpu_rtl/sta/FETCH/BPU/RAS/run_tt_0p90v_0p90v_25c

  File     : 09_RECOVERY_SS_125C_RAS_TOP.rpt
  Design   : RAS_TOP               Corner : ss_0p72v_0p72v_125c
  Check    : setup       Clock  : CLK_CORE  Period = 2.0 ns  (500.0 MHz)
  WNS      :   +1.023 ns   TNS :   +0.000 ns   WHS :   +0.063 ns
  Slack    :   +1.023 ns   Status : MET
  Status   : ALL PATHS CLEAN — No Setup or Hold Violations
  Coverage : 100.0%   Endpoints : 1187 / 5335
  Tool     : Synopsys PrimeTime 2023.06-SP3
  Runtime  : 00:04:50         Memory : 3.6 GB
  Run Dir  : /proj/cpu_rtl/sta/FETCH/BPU/RAS/run_ss_0p72v_0p72v_125c

  File     : 10_MULTICYCLE_TT_25C_RAS_TOP.rpt
  Design   : RAS_TOP               Corner : tt_0p90v_0p90v_25c
  Check    : setup       Clock  : CLK_CORE  Period = 2.0 ns  (500.0 MHz)
  WNS      :   +1.133 ns   TNS :   +0.000 ns   WHS :   +0.071 ns
  Slack    :   +1.133 ns   Status : MET
  Status   : ALL PATHS CLEAN — No Setup or Hold Violations
  Coverage : 100.0%   Endpoints : 2076 / 2170
  Tool     : Synopsys PrimeTime 2023.06-SP3
  Runtime  : 00:01:22         Memory : 1.718 GB
  Run Dir  : /proj/cpu_rtl/sta/FETCH/BPU/RAS/run_tt_0p90v_0p90v_25c

  File     : RAS_TIMING.rpt
  Design   : N/A                   Corner : N/A
  Check    : N/A         Clock  : N/A  Period = 0.0 ns  (0.0 MHz)
  WNS      :   +0.000 ns   TNS :   +0.000 ns   WHS :   +0.000 ns
  Slack    :   +0.000 ns   Status : UNKNOWN
  Status   : N/A
  Coverage : 0.0%   Endpoints : 0 / 0
  Tool     : N/A
  Runtime  : N/A              Memory : N/A
  Run Dir  : N/A


================================================================================
END OF BLOCK DUMP LOG
================================================================================