****************************************
Report : timing
        -path_type full
        -delay_type max
        -max_paths 10
        -sort_by slack
Design : FSQRT_TOP
Version: PrimeTime 2023.06-SP3
Date   : Sat Aug 15 17:34:53 2026
Corner : ss_0p72v_0p72v_125c
Note   : Worst-case Setup — Slow corner, high temp
****************************************

Operating Conditions : ss_0p72v_0p72v_125c (Library: saed32nm_rvt)
Wire Load Model Mode : Interconnect (StarRC Extracted)

  Startpoint : u_fsqrt_init/din_reg[0]
               (rising edge-triggered flip-flop clocked by CLK_CORE)
  Endpoint   : u_fsqrt_rnd/dout_reg[0]
               (rising edge-triggered flip-flop clocked by CLK_CORE)
  Path Group : CLK_CORE
  Path Type  : max

  Point                                                   Incr        Path
  -------------------------------------------------------------------------
  clock CLK_CORE (rise edge)                                  0.000       0.000
  clock network delay (propagated)                        0.15      0.15
  u_fsqrt_init/din_reg[0]/CK (DFFARX1_RVT)                        0.000       0.15 r
  u_fsqrt_init/din_reg[0]/Q  (DFFARX1_RVT)                        0.12       0.27 r
  u_fsqrt_init/U12/Y (INVX2_RVT)                                  0.05       0.32 f
  u_fsqrt_init/U34/Y (NAND2X1_RVT)                                0.078       0.398 r
  u_fsqrt_iter/U07/Y (AOI22X1_RVT)                                0.083       0.481 f
  u_fsqrt_iter/U19/Y (OAI21X1_RVT)                                0.109       0.59 r
  u_fsqrt_norm/U03/Y (MUX21X1_RVT)                                0.075       0.665 r
  u_fsqrt_norm/U11/Y (AND2X1_RVT)                                 0.074       0.739 f
  u_fsqrt_norm/U22/Y (NOR2X1_RVT)                                 0.06       0.799 r
  u_fsqrt_rnd/U05/Y (BUFX4_RVT)                                  0.085       0.884 r
  u_fsqrt_rnd/dout_reg[0]/D (DFFARX1_RVT)                        0.069      0.953 f
  data arrival time                                                    0.953

  clock CLK_CORE (rise edge)                                  2     2
  clock network delay (propagated)                        0.15      2.15
  clock uncertainty                                      -0.05   2.1
  u_fsqrt_rnd/dout_reg[0]/CK (DFFARX1_RVT)                       0.000       2.1 r
  library setup time                                     -0.078   2.022
  data required time                                                   2.022
  -------------------------------------------------------------------------
  data required time                                                   2.022
  data arrival time                                                   -0.953
  -------------------------------------------------------------------------
  slack (MET)   1.069


=========================================================================
                   FSQRT_TOP — TIMING SUMMARY
=========================================================================

  Block        : FSQRT_TOP
  Corner       : ss_0p72v_0p72v_125c
  Check        : max  (Worst-case Setup — Slow corner, high temp)
  Clock        : CLK_CORE  Period = 2 ns  (500 MHz)
  Technology   : SAED 32nm RVT

  ┌────────────────────────────────────────────────────────────────┐
  │ Sub-Unit      WNS (ns)  TNS (ns)  #Viol   WHS (ns)  #HViol  │
  ├────────────────────────────────────────────────────────────────┤
  │ u_fsqrt_init          1.069       0        0      0.096        0     │
  │ u_fsqrt_iter          0.075       0        0      0.103        0     │
  │ u_fsqrt_norm          0.182       0        0      0.111        0     │
  │ u_fsqrt_rnd          0.186       0        0      0.055        0     │
  ├────────────────────────────────────────────────────────────────┤
  │ FSQRT_TOP  1.069       0        0      0.096        0     │
  └────────────────────────────────────────────────────────────────┘

  Status : ALL PATHS CLEAN — No Setup or Hold Violations


=========================================================================
                   TIMING EXCEPTIONS APPLIED
=========================================================================

  set_false_path -from [get_ports SCAN_EN]      -to [all_registers]
  set_false_path -from [get_ports TEST_MODE]     -to [all_registers]
  set_multicycle_path 2 -setup -from [get_cells u_fsqrt_init/*] -to [get_cells u_fsqrt_rnd/*]
  set_multicycle_path 1 -hold  -from [get_cells u_fsqrt_init/*] -to [get_cells u_fsqrt_rnd/*]
  set_input_delay  0.400 -clock CLK_CORE -max [all_inputs]
  set_output_delay 0.350 -clock CLK_CORE -max [all_outputs]


=========================================================================
                   CLOCK DOMAIN SUMMARY
=========================================================================

  Clock    : CLK_CORE
  Period   : 2 ns
  Waveform : {0.000 1}
  Skew     : 0.023 ns  (max across FSQRT_TOP)
  Latency  : 0.15 ns  (max)


=========================================================================
                   CONSTRAINT COVERAGE
=========================================================================

  Total register endpoints   : 1737
  Constrained endpoints      : 5808
  Unconstrained endpoints    :      0
  Coverage                   :  100.0%


=========================================================================
                   TOOL / RUN INFORMATION
=========================================================================

  Tool         : Synopsys PrimeTime 2023.06-SP3
  Run Host     : sta-server-01
  Run Dir      : /proj/cpu_rtl/sta/EXECUTE/FPU/FSQRT/run_ss_0p72v_0p72v_125c
  SDC File     : /proj/cpu_rtl/constraints/FSQRT_TOP.sdc
  Netlist      : /proj/cpu_rtl/netlist/FSQRT_TOP.v.gz
  SPEF File    : /proj/cpu_rtl/spef/FSQRT_TOP.spef.gz
  Liberty      : saed32nm_rvt_ss_0p72v_0p72v_125c.db
  Elapsed Time : 00:08:27
  Peak Memory  : 2.448 GB

=========================================================================
End of Report
=========================================================================
