****************************************
Report : timing
        -path_type full
        -delay_type max
        -max_paths 10
        -sort_by slack
Design : FSQRT_TOP
Version: PrimeTime 2023.06-SP3
Date   : Sat Aug 15 17:34:53 2026
Corner : tt_0p90v_0p90v_25c
Note   : Typical Setup   — Nominal corner
****************************************

Operating Conditions : tt_0p90v_0p90v_25c (Library: saed32nm_rvt)
Wire Load Model Mode : Interconnect (StarRC Extracted)

  Startpoint : u_fsqrt_init/din_reg[0]
               (rising edge-triggered flip-flop clocked by CLK_CORE)
  Endpoint   : u_fsqrt_rnd/dout_reg[0]
               (rising edge-triggered flip-flop clocked by CLK_CORE)
  Path Group : CLK_CORE
  Path Type  : max

  Point                                                   Incr        Path
  -------------------------------------------------------------------------
  clock CLK_CORE (rise edge)                                  0.000       0.000
  clock network delay (propagated)                        0.16      0.16
  u_fsqrt_init/din_reg[0]/CK (DFFARX1_RVT)                        0.000       0.16 r
  u_fsqrt_init/din_reg[0]/Q  (DFFARX1_RVT)                        0.136       0.296 r
  u_fsqrt_init/U12/Y (INVX2_RVT)                                  0.035       0.331 f
  u_fsqrt_init/U34/Y (NAND2X1_RVT)                                0.069       0.4 r
  u_fsqrt_iter/U07/Y (AOI22X1_RVT)                                0.085       0.485 f
  u_fsqrt_iter/U19/Y (OAI21X1_RVT)                                0.083       0.568 r
  u_fsqrt_norm/U03/Y (MUX21X1_RVT)                                0.071       0.639 r
  u_fsqrt_norm/U11/Y (AND2X1_RVT)                                 0.059       0.698 f
  u_fsqrt_norm/U22/Y (NOR2X1_RVT)                                 0.065       0.763 r
  u_fsqrt_rnd/U05/Y (BUFX4_RVT)                                  0.084       0.847 r
  u_fsqrt_rnd/dout_reg[0]/D (DFFARX1_RVT)                        0.078      0.925 f
  data arrival time                                                    0.925

  clock CLK_CORE (rise edge)                                  2     2
  clock network delay (propagated)                        0.16      2.16
  clock uncertainty                                      -0.05   2.11
  u_fsqrt_rnd/dout_reg[0]/CK (DFFARX1_RVT)                       0.000       2.11 r
  library setup time                                     -0.073   2.037
  data required time                                                   2.037
  -------------------------------------------------------------------------
  data required time                                                   2.037
  data arrival time                                                   -0.925
  -------------------------------------------------------------------------
  slack (MET)   1.112


=========================================================================
                   FSQRT_TOP — TIMING SUMMARY
=========================================================================

  Block        : FSQRT_TOP
  Corner       : tt_0p90v_0p90v_25c
  Check        : max  (Typical Setup   — Nominal corner)
  Clock        : CLK_CORE  Period = 2 ns  (500 MHz)
  Technology   : SAED 32nm RVT

  ┌────────────────────────────────────────────────────────────────┐
  │ Sub-Unit      WNS (ns)  TNS (ns)  #Viol   WHS (ns)  #HViol  │
  ├────────────────────────────────────────────────────────────────┤
  │ u_fsqrt_init          1.112       0        0      0.113        0     │
  │ u_fsqrt_iter          0.199       0        0      0.106        0     │
  │ u_fsqrt_norm          0.056       0        0      0.1        0     │
  │ u_fsqrt_rnd          0.103       0        0      0.083        0     │
  ├────────────────────────────────────────────────────────────────┤
  │ FSQRT_TOP  1.112       0        0      0.113        0     │
  └────────────────────────────────────────────────────────────────┘

  Status : ALL PATHS CLEAN — No Setup or Hold Violations


=========================================================================
                   TIMING EXCEPTIONS APPLIED
=========================================================================

  set_false_path -from [get_ports SCAN_EN]      -to [all_registers]
  set_false_path -from [get_ports TEST_MODE]     -to [all_registers]
  set_multicycle_path 2 -setup -from [get_cells u_fsqrt_init/*] -to [get_cells u_fsqrt_rnd/*]
  set_multicycle_path 1 -hold  -from [get_cells u_fsqrt_init/*] -to [get_cells u_fsqrt_rnd/*]
  set_input_delay  0.400 -clock CLK_CORE -max [all_inputs]
  set_output_delay 0.350 -clock CLK_CORE -max [all_outputs]


=========================================================================
                   CLOCK DOMAIN SUMMARY
=========================================================================

  Clock    : CLK_CORE
  Period   : 2 ns
  Waveform : {0.000 1}
  Skew     : 0.02 ns  (max across FSQRT_TOP)
  Latency  : 0.16 ns  (max)


=========================================================================
                   CONSTRAINT COVERAGE
=========================================================================

  Total register endpoints   : 4954
  Constrained endpoints      : 890
  Unconstrained endpoints    :      0
  Coverage                   :  100.0%


=========================================================================
                   TOOL / RUN INFORMATION
=========================================================================

  Tool         : Synopsys PrimeTime 2023.06-SP3
  Run Host     : sta-server-01
  Run Dir      : /proj/cpu_rtl/sta/EXECUTE/FPU/FSQRT/run_tt_0p90v_0p90v_25c
  SDC File     : /proj/cpu_rtl/constraints/FSQRT_TOP.sdc
  Netlist      : /proj/cpu_rtl/netlist/FSQRT_TOP.v.gz
  SPEF File    : /proj/cpu_rtl/spef/FSQRT_TOP.spef.gz
  Liberty      : saed32nm_rvt_tt_0p90v_0p90v_25c.db
  Elapsed Time : 00:06:30
  Peak Memory  : 1.451 GB

=========================================================================
End of Report
=========================================================================
