****************************************
Report : timing
        -path_type full
        -delay_type max
        -max_paths 10
        -sort_by slack
Design : FSQRT_TOP
Version: PrimeTime 2023.06-SP3
Date   : Sat Aug 15 17:34:53 2026
Corner : ss_0p72v_0p72v_125c
Note   : Recovery/Removal Check — Async reset paths
****************************************

Operating Conditions : ss_0p72v_0p72v_125c (Library: saed32nm_rvt)
Wire Load Model Mode : Interconnect (StarRC Extracted)

  Startpoint : u_fsqrt_init/din_reg[0]
               (rising edge-triggered flip-flop clocked by CLK_CORE)
  Endpoint   : u_fsqrt_rnd/dout_reg[0]
               (rising edge-triggered flip-flop clocked by CLK_CORE)
  Path Group : CLK_CORE
  Path Type  : max

  Point                                                   Incr        Path
  -------------------------------------------------------------------------
  clock CLK_CORE (rise edge)                                  0.000       0.000
  clock network delay (propagated)                        0.13      0.13
  u_fsqrt_init/din_reg[0]/CK (DFFARX1_RVT)                        0.000       0.13 r
  u_fsqrt_init/din_reg[0]/Q  (DFFARX1_RVT)                        0.132       0.262 r
  u_fsqrt_init/U12/Y (INVX2_RVT)                                  0.055       0.317 f
  u_fsqrt_init/U34/Y (NAND2X1_RVT)                                0.062       0.379 r
  u_fsqrt_iter/U07/Y (AOI22X1_RVT)                                0.092       0.471 f
  u_fsqrt_iter/U19/Y (OAI21X1_RVT)                                0.114       0.585 r
  u_fsqrt_norm/U03/Y (MUX21X1_RVT)                                0.09       0.675 r
  u_fsqrt_norm/U11/Y (AND2X1_RVT)                                 0.056       0.731 f
  u_fsqrt_norm/U22/Y (NOR2X1_RVT)                                 0.048       0.779 r
  u_fsqrt_rnd/U05/Y (BUFX4_RVT)                                  0.084       0.863 r
  u_fsqrt_rnd/dout_reg[0]/D (DFFARX1_RVT)                        0.068      0.931 f
  data arrival time                                                    0.931

  clock CLK_CORE (rise edge)                                  2     2
  clock network delay (propagated)                        0.13      2.13
  clock uncertainty                                      -0.05   2.08
  u_fsqrt_rnd/dout_reg[0]/CK (DFFARX1_RVT)                       0.000       2.08 r
  library setup time                                     -0.078   2.002
  data required time                                                   2.002
  -------------------------------------------------------------------------
  data required time                                                   2.002
  data arrival time                                                   -0.931
  -------------------------------------------------------------------------
  slack (MET)   1.071


=========================================================================
                   FSQRT_TOP — TIMING SUMMARY
=========================================================================

  Block        : FSQRT_TOP
  Corner       : ss_0p72v_0p72v_125c
  Check        : max  (Recovery/Removal Check — Async reset paths)
  Clock        : CLK_CORE  Period = 2 ns  (500 MHz)
  Technology   : SAED 32nm RVT

  ┌────────────────────────────────────────────────────────────────┐
  │ Sub-Unit      WNS (ns)  TNS (ns)  #Viol   WHS (ns)  #HViol  │
  ├────────────────────────────────────────────────────────────────┤
  │ u_fsqrt_init          1.071       0        0      0.084        0     │
  │ u_fsqrt_iter          0.078       0        0      0.092        0     │
  │ u_fsqrt_norm          0.2       0        0      0.061        0     │
  │ u_fsqrt_rnd          0.134       0        0      0.056        0     │
  ├────────────────────────────────────────────────────────────────┤
  │ FSQRT_TOP  1.071       0        0      0.084        0     │
  └────────────────────────────────────────────────────────────────┘

  Status : ALL PATHS CLEAN — No Setup or Hold Violations


=========================================================================
                   TIMING EXCEPTIONS APPLIED
=========================================================================

  set_false_path -from [get_ports SCAN_EN]      -to [all_registers]
  set_false_path -from [get_ports TEST_MODE]     -to [all_registers]
  set_multicycle_path 2 -setup -from [get_cells u_fsqrt_init/*] -to [get_cells u_fsqrt_rnd/*]
  set_multicycle_path 1 -hold  -from [get_cells u_fsqrt_init/*] -to [get_cells u_fsqrt_rnd/*]
  set_input_delay  0.400 -clock CLK_CORE -max [all_inputs]
  set_output_delay 0.350 -clock CLK_CORE -max [all_outputs]


=========================================================================
                   CLOCK DOMAIN SUMMARY
=========================================================================

  Clock    : CLK_CORE
  Period   : 2 ns
  Waveform : {0.000 1}
  Skew     : 0.019 ns  (max across FSQRT_TOP)
  Latency  : 0.13 ns  (max)


=========================================================================
                   CONSTRAINT COVERAGE
=========================================================================

  Total register endpoints   : 5974
  Constrained endpoints      : 5584
  Unconstrained endpoints    :      0
  Coverage                   :  100.0%


=========================================================================
                   TOOL / RUN INFORMATION
=========================================================================

  Tool         : Synopsys PrimeTime 2023.06-SP3
  Run Host     : sta-server-01
  Run Dir      : /proj/cpu_rtl/sta/EXECUTE/FPU/FSQRT/run_ss_0p72v_0p72v_125c
  SDC File     : /proj/cpu_rtl/constraints/FSQRT_TOP.sdc
  Netlist      : /proj/cpu_rtl/netlist/FSQRT_TOP.v.gz
  SPEF File    : /proj/cpu_rtl/spef/FSQRT_TOP.spef.gz
  Liberty      : saed32nm_rvt_ss_0p72v_0p72v_125c.db
  Elapsed Time : 00:01:14
  Peak Memory  : 4.667 GB

=========================================================================
End of Report
=========================================================================
