****************************************
Report : timing
        -path_type full
        -delay_type max
        -max_paths 10
        -sort_by slack
Design : FSQRT_TOP
Version: PrimeTime 2023.06-SP3
Date   : Sat Aug 15 17:34:53 2026
Corner : tt_0p90v_0p90v_25c
Note   : Multicycle Path Check — 2-cycle paths
****************************************

Operating Conditions : tt_0p90v_0p90v_25c (Library: saed32nm_rvt)
Wire Load Model Mode : Interconnect (StarRC Extracted)

  Startpoint : u_fsqrt_init/din_reg[0]
               (rising edge-triggered flip-flop clocked by CLK_CORE)
  Endpoint   : u_fsqrt_rnd/dout_reg[0]
               (rising edge-triggered flip-flop clocked by CLK_CORE)
  Path Group : CLK_CORE
  Path Type  : max

  Point                                                   Incr        Path
  -------------------------------------------------------------------------
  clock CLK_CORE (rise edge)                                  0.000       0.000
  clock network delay (propagated)                        0.147      0.147
  u_fsqrt_init/din_reg[0]/CK (DFFARX1_RVT)                        0.000       0.147 r
  u_fsqrt_init/din_reg[0]/Q  (DFFARX1_RVT)                        0.125       0.272 r
  u_fsqrt_init/U12/Y (INVX2_RVT)                                  0.046       0.318 f
  u_fsqrt_init/U34/Y (NAND2X1_RVT)                                0.077       0.395 r
  u_fsqrt_iter/U07/Y (AOI22X1_RVT)                                0.094       0.489 f
  u_fsqrt_iter/U19/Y (OAI21X1_RVT)                                0.114       0.603 r
  u_fsqrt_norm/U03/Y (MUX21X1_RVT)                                0.091       0.694 r
  u_fsqrt_norm/U11/Y (AND2X1_RVT)                                 0.084       0.778 f
  u_fsqrt_norm/U22/Y (NOR2X1_RVT)                                 0.067       0.845 r
  u_fsqrt_rnd/U05/Y (BUFX4_RVT)                                  0.083       0.928 r
  u_fsqrt_rnd/dout_reg[0]/D (DFFARX1_RVT)                        0.055      0.983 f
  data arrival time                                                    0.983

  clock CLK_CORE (rise edge)                                  2     2
  clock network delay (propagated)                        0.147      2.147
  clock uncertainty                                      -0.05   2.097
  u_fsqrt_rnd/dout_reg[0]/CK (DFFARX1_RVT)                       0.000       2.097 r
  library setup time                                     -0.067   2.03
  data required time                                                   2.03
  -------------------------------------------------------------------------
  data required time                                                   2.03
  data arrival time                                                   -0.983
  -------------------------------------------------------------------------
  slack (MET)   1.047


=========================================================================
                   FSQRT_TOP — TIMING SUMMARY
=========================================================================

  Block        : FSQRT_TOP
  Corner       : tt_0p90v_0p90v_25c
  Check        : max  (Multicycle Path Check — 2-cycle paths)
  Clock        : CLK_CORE  Period = 2 ns  (500 MHz)
  Technology   : SAED 32nm RVT

  ┌────────────────────────────────────────────────────────────────┐
  │ Sub-Unit      WNS (ns)  TNS (ns)  #Viol   WHS (ns)  #HViol  │
  ├────────────────────────────────────────────────────────────────┤
  │ u_fsqrt_init          1.047       0        0      0.095        0     │
  │ u_fsqrt_iter          0.179       0        0      0.106        0     │
  │ u_fsqrt_norm          0.176       0        0      0.122        0     │
  │ u_fsqrt_rnd          0.148       0        0      0.11        0     │
  ├────────────────────────────────────────────────────────────────┤
  │ FSQRT_TOP  1.047       0        0      0.095        0     │
  └────────────────────────────────────────────────────────────────┘

  Status : ALL PATHS CLEAN — No Setup or Hold Violations


=========================================================================
                   TIMING EXCEPTIONS APPLIED
=========================================================================

  set_false_path -from [get_ports SCAN_EN]      -to [all_registers]
  set_false_path -from [get_ports TEST_MODE]     -to [all_registers]
  set_multicycle_path 2 -setup -from [get_cells u_fsqrt_init/*] -to [get_cells u_fsqrt_rnd/*]
  set_multicycle_path 1 -hold  -from [get_cells u_fsqrt_init/*] -to [get_cells u_fsqrt_rnd/*]
  set_input_delay  0.400 -clock CLK_CORE -max [all_inputs]
  set_output_delay 0.350 -clock CLK_CORE -max [all_outputs]


=========================================================================
                   CLOCK DOMAIN SUMMARY
=========================================================================

  Clock    : CLK_CORE
  Period   : 2 ns
  Waveform : {0.000 1}
  Skew     : 0.019 ns  (max across FSQRT_TOP)
  Latency  : 0.147 ns  (max)


=========================================================================
                   CONSTRAINT COVERAGE
=========================================================================

  Total register endpoints   : 2908
  Constrained endpoints      : 2088
  Unconstrained endpoints    :      0
  Coverage                   :  100.0%


=========================================================================
                   TOOL / RUN INFORMATION
=========================================================================

  Tool         : Synopsys PrimeTime 2023.06-SP3
  Run Host     : sta-server-01
  Run Dir      : /proj/cpu_rtl/sta/EXECUTE/FPU/FSQRT/run_tt_0p90v_0p90v_25c
  SDC File     : /proj/cpu_rtl/constraints/FSQRT_TOP.sdc
  Netlist      : /proj/cpu_rtl/netlist/FSQRT_TOP.v.gz
  SPEF File    : /proj/cpu_rtl/spef/FSQRT_TOP.spef.gz
  Liberty      : saed32nm_rvt_tt_0p90v_0p90v_25c.db
  Elapsed Time : 00:02:38
  Peak Memory  : 2.527 GB

=========================================================================
End of Report
=========================================================================
