****************************************
Report : timing
        -path_type full
        -delay_type min
        -max_paths 10
        -sort_by slack
Design : DIV_TOP
Version: PrimeTime 2023.06-SP3
Date   : Sat Aug 15 17:34:53 2026
Corner : ff_1p16v_1p16v_n40c
Note   : Worst-case Hold  — Fast corner, cold temp
****************************************

Operating Conditions : ff_1p16v_1p16v_n40c (Library: saed32nm_rvt)
Wire Load Model Mode : Interconnect (StarRC Extracted)

  Startpoint : u_div_iter/din_reg[0]
               (rising edge-triggered flip-flop clocked by CLK_CORE)
  Endpoint   : u_div_ctrl/dout_reg[0]
               (rising edge-triggered flip-flop clocked by CLK_CORE)
  Path Group : CLK_CORE
  Path Type  : min

  Point                                                   Incr        Path
  -------------------------------------------------------------------------
  clock CLK_CORE (rise edge)                                  0.000       0.000
  clock network delay (propagated)                        0.132      0.132
  u_div_iter/din_reg[0]/CK (DFFARX1_RVT)                        0.000       0.132 r
  u_div_iter/din_reg[0]/Q  (DFFARX1_RVT)                        0.118       0.25 r
  u_div_iter/U12/Y (INVX2_RVT)                                  0.058       0.308 f
  u_div_iter/U34/Y (NAND2X1_RVT)                                0.08       0.388 r
  u_div_rem/U07/Y (AOI22X1_RVT)                                0.095       0.483 f
  u_div_rem/U19/Y (OAI21X1_RVT)                                0.101       0.584 r
  u_div_quo/U03/Y (MUX21X1_RVT)                                0.096       0.68 r
  u_div_quo/U11/Y (AND2X1_RVT)                                 0.063       0.743 f
  u_div_quo/U22/Y (NOR2X1_RVT)                                 0.052       0.795 r
  u_div_ctrl/U05/Y (BUFX4_RVT)                                  0.073       0.868 r
  u_div_ctrl/dout_reg[0]/D (DFFARX1_RVT)                        0.069      0.937 f
  data arrival time                                                    0.937

  clock CLK_CORE (rise edge)                                  2     2
  clock network delay (propagated)                        0.132      2.132
  clock uncertainty                                      -0.05   2.082
  u_div_ctrl/dout_reg[0]/CK (DFFARX1_RVT)                       0.000       2.082 r
  library setup time                                     -0.074   2.008
  data required time                                                   2.008
  -------------------------------------------------------------------------
  data required time                                                   2.008
  data arrival time                                                   -0.937
  -------------------------------------------------------------------------
  slack (MET)   1.071


=========================================================================
                   DIV_TOP — TIMING SUMMARY
=========================================================================

  Block        : DIV_TOP
  Corner       : ff_1p16v_1p16v_n40c
  Check        : min  (Worst-case Hold  — Fast corner, cold temp)
  Clock        : CLK_CORE  Period = 2 ns  (500 MHz)
  Technology   : SAED 32nm RVT

  ┌────────────────────────────────────────────────────────────────┐
  │ Sub-Unit      WNS (ns)  TNS (ns)  #Viol   WHS (ns)  #HViol  │
  ├────────────────────────────────────────────────────────────────┤
  │ u_div_iter          1.071       0        0      0.068        0     │
  │ u_div_rem          0.195       0        0      0.121        0     │
  │ u_div_quo          0.164       0        0      0.08        0     │
  │ u_div_ctrl          0.059       0        0      0.087        0     │
  ├────────────────────────────────────────────────────────────────┤
  │ DIV_TOP  1.071       0        0      0.068        0     │
  └────────────────────────────────────────────────────────────────┘

  Status : ALL PATHS CLEAN — No Setup or Hold Violations


=========================================================================
                   TIMING EXCEPTIONS APPLIED
=========================================================================

  set_false_path -from [get_ports SCAN_EN]      -to [all_registers]
  set_false_path -from [get_ports TEST_MODE]     -to [all_registers]
  set_multicycle_path 2 -setup -from [get_cells u_div_iter/*] -to [get_cells u_div_ctrl/*]
  set_multicycle_path 1 -hold  -from [get_cells u_div_iter/*] -to [get_cells u_div_ctrl/*]
  set_input_delay  0.400 -clock CLK_CORE -max [all_inputs]
  set_output_delay 0.350 -clock CLK_CORE -max [all_outputs]


=========================================================================
                   CLOCK DOMAIN SUMMARY
=========================================================================

  Clock    : CLK_CORE
  Period   : 2 ns
  Waveform : {0.000 1}
  Skew     : 0.016 ns  (max across DIV_TOP)
  Latency  : 0.132 ns  (max)


=========================================================================
                   CONSTRAINT COVERAGE
=========================================================================

  Total register endpoints   : 3998
  Constrained endpoints      : 3291
  Unconstrained endpoints    :      0
  Coverage                   :  100.0%


=========================================================================
                   TOOL / RUN INFORMATION
=========================================================================

  Tool         : Synopsys PrimeTime 2023.06-SP3
  Run Host     : sta-server-01
  Run Dir      : /proj/cpu_rtl/sta/EXECUTE/DIV/run_ff_1p16v_1p16v_n40c
  SDC File     : /proj/cpu_rtl/constraints/DIV_TOP.sdc
  Netlist      : /proj/cpu_rtl/netlist/DIV_TOP.v.gz
  SPEF File    : /proj/cpu_rtl/spef/DIV_TOP.spef.gz
  Liberty      : saed32nm_rvt_ff_1p16v_1p16v_n40c.db
  Elapsed Time : 00:03:30
  Peak Memory  : 1.24 GB

=========================================================================
End of Report
=========================================================================
