****************************************
Report : timing
        -path_type full
        -delay_type max
        -max_paths 10
        -sort_by slack
Design : DIV_TOP
Version: PrimeTime 2023.06-SP3
Date   : Sat Aug 15 17:34:53 2026
Corner : tt_0p90v_0p90v_25c
Note   : Typical Setup   — Nominal corner
****************************************

Operating Conditions : tt_0p90v_0p90v_25c (Library: saed32nm_rvt)
Wire Load Model Mode : Interconnect (StarRC Extracted)

  Startpoint : u_div_iter/din_reg[0]
               (rising edge-triggered flip-flop clocked by CLK_CORE)
  Endpoint   : u_div_ctrl/dout_reg[0]
               (rising edge-triggered flip-flop clocked by CLK_CORE)
  Path Group : CLK_CORE
  Path Type  : max

  Point                                                   Incr        Path
  -------------------------------------------------------------------------
  clock CLK_CORE (rise edge)                                  0.000       0.000
  clock network delay (propagated)                        0.131      0.131
  u_div_iter/din_reg[0]/CK (DFFARX1_RVT)                        0.000       0.131 r
  u_div_iter/din_reg[0]/Q  (DFFARX1_RVT)                        0.117       0.248 r
  u_div_iter/U12/Y (INVX2_RVT)                                  0.031       0.279 f
  u_div_iter/U34/Y (NAND2X1_RVT)                                0.074       0.353 r
  u_div_rem/U07/Y (AOI22X1_RVT)                                0.074       0.427 f
  u_div_rem/U19/Y (OAI21X1_RVT)                                0.115       0.542 r
  u_div_quo/U03/Y (MUX21X1_RVT)                                0.061       0.603 r
  u_div_quo/U11/Y (AND2X1_RVT)                                 0.066       0.669 f
  u_div_quo/U22/Y (NOR2X1_RVT)                                 0.063       0.732 r
  u_div_ctrl/U05/Y (BUFX4_RVT)                                  0.085       0.817 r
  u_div_ctrl/dout_reg[0]/D (DFFARX1_RVT)                        0.066      0.883 f
  data arrival time                                                    0.883

  clock CLK_CORE (rise edge)                                  2     2
  clock network delay (propagated)                        0.131      2.131
  clock uncertainty                                      -0.05   2.081
  u_div_ctrl/dout_reg[0]/CK (DFFARX1_RVT)                       0.000       2.081 r
  library setup time                                     -0.077   2.004
  data required time                                                   2.004
  -------------------------------------------------------------------------
  data required time                                                   2.004
  data arrival time                                                   -0.883
  -------------------------------------------------------------------------
  slack (MET)   1.121


=========================================================================
                   DIV_TOP — TIMING SUMMARY
=========================================================================

  Block        : DIV_TOP
  Corner       : tt_0p90v_0p90v_25c
  Check        : max  (Typical Setup   — Nominal corner)
  Clock        : CLK_CORE  Period = 2 ns  (500 MHz)
  Technology   : SAED 32nm RVT

  ┌────────────────────────────────────────────────────────────────┐
  │ Sub-Unit      WNS (ns)  TNS (ns)  #Viol   WHS (ns)  #HViol  │
  ├────────────────────────────────────────────────────────────────┤
  │ u_div_iter          1.121       0        0      0.084        0     │
  │ u_div_rem          0.072       0        0      0.104        0     │
  │ u_div_quo          0.195       0        0      0.081        0     │
  │ u_div_ctrl          0.123       0        0      0.079        0     │
  ├────────────────────────────────────────────────────────────────┤
  │ DIV_TOP  1.121       0        0      0.084        0     │
  └────────────────────────────────────────────────────────────────┘

  Status : ALL PATHS CLEAN — No Setup or Hold Violations


=========================================================================
                   TIMING EXCEPTIONS APPLIED
=========================================================================

  set_false_path -from [get_ports SCAN_EN]      -to [all_registers]
  set_false_path -from [get_ports TEST_MODE]     -to [all_registers]
  set_multicycle_path 2 -setup -from [get_cells u_div_iter/*] -to [get_cells u_div_ctrl/*]
  set_multicycle_path 1 -hold  -from [get_cells u_div_iter/*] -to [get_cells u_div_ctrl/*]
  set_input_delay  0.400 -clock CLK_CORE -max [all_inputs]
  set_output_delay 0.350 -clock CLK_CORE -max [all_outputs]


=========================================================================
                   CLOCK DOMAIN SUMMARY
=========================================================================

  Clock    : CLK_CORE
  Period   : 2 ns
  Waveform : {0.000 1}
  Skew     : 0.018 ns  (max across DIV_TOP)
  Latency  : 0.131 ns  (max)


=========================================================================
                   CONSTRAINT COVERAGE
=========================================================================

  Total register endpoints   : 2081
  Constrained endpoints      : 4977
  Unconstrained endpoints    :      0
  Coverage                   :  100.0%


=========================================================================
                   TOOL / RUN INFORMATION
=========================================================================

  Tool         : Synopsys PrimeTime 2023.06-SP3
  Run Host     : sta-server-01
  Run Dir      : /proj/cpu_rtl/sta/EXECUTE/DIV/run_tt_0p90v_0p90v_25c
  SDC File     : /proj/cpu_rtl/constraints/DIV_TOP.sdc
  Netlist      : /proj/cpu_rtl/netlist/DIV_TOP.v.gz
  SPEF File    : /proj/cpu_rtl/spef/DIV_TOP.spef.gz
  Liberty      : saed32nm_rvt_tt_0p90v_0p90v_25c.db
  Elapsed Time : 00:02:14
  Peak Memory  : 4.203 GB

=========================================================================
End of Report
=========================================================================
