****************************************
Report : timing
        -path_type full
        -delay_type min
        -max_paths 10
        -sort_by slack
Design : DIV_TOP
Version: PrimeTime 2023.06-SP3
Date   : Sat Aug 15 17:34:53 2026
Corner : tt_0p90v_0p90v_25c
Note   : Typical Hold    — Nominal corner
****************************************

Operating Conditions : tt_0p90v_0p90v_25c (Library: saed32nm_rvt)
Wire Load Model Mode : Interconnect (StarRC Extracted)

  Startpoint : u_div_iter/din_reg[0]
               (rising edge-triggered flip-flop clocked by CLK_CORE)
  Endpoint   : u_div_ctrl/dout_reg[0]
               (rising edge-triggered flip-flop clocked by CLK_CORE)
  Path Group : CLK_CORE
  Path Type  : min

  Point                                                   Incr        Path
  -------------------------------------------------------------------------
  clock CLK_CORE (rise edge)                                  0.000       0.000
  clock network delay (propagated)                        0.137      0.137
  u_div_iter/din_reg[0]/CK (DFFARX1_RVT)                        0.000       0.137 r
  u_div_iter/din_reg[0]/Q  (DFFARX1_RVT)                        0.112       0.249 r
  u_div_iter/U12/Y (INVX2_RVT)                                  0.064       0.313 f
  u_div_iter/U34/Y (NAND2X1_RVT)                                0.079       0.392 r
  u_div_rem/U07/Y (AOI22X1_RVT)                                0.079       0.471 f
  u_div_rem/U19/Y (OAI21X1_RVT)                                0.11       0.581 r
  u_div_quo/U03/Y (MUX21X1_RVT)                                0.061       0.642 r
  u_div_quo/U11/Y (AND2X1_RVT)                                 0.066       0.708 f
  u_div_quo/U22/Y (NOR2X1_RVT)                                 0.045       0.753 r
  u_div_ctrl/U05/Y (BUFX4_RVT)                                  0.079       0.832 r
  u_div_ctrl/dout_reg[0]/D (DFFARX1_RVT)                        0.057      0.889 f
  data arrival time                                                    0.889

  clock CLK_CORE (rise edge)                                  2     2
  clock network delay (propagated)                        0.137      2.137
  clock uncertainty                                      -0.05   2.087
  u_div_ctrl/dout_reg[0]/CK (DFFARX1_RVT)                       0.000       2.087 r
  library setup time                                     -0.071   2.016
  data required time                                                   2.016
  -------------------------------------------------------------------------
  data required time                                                   2.016
  data arrival time                                                   -0.889
  -------------------------------------------------------------------------
  slack (MET)   1.127


=========================================================================
                   DIV_TOP — TIMING SUMMARY
=========================================================================

  Block        : DIV_TOP
  Corner       : tt_0p90v_0p90v_25c
  Check        : min  (Typical Hold    — Nominal corner)
  Clock        : CLK_CORE  Period = 2 ns  (500 MHz)
  Technology   : SAED 32nm RVT

  ┌────────────────────────────────────────────────────────────────┐
  │ Sub-Unit      WNS (ns)  TNS (ns)  #Viol   WHS (ns)  #HViol  │
  ├────────────────────────────────────────────────────────────────┤
  │ u_div_iter          1.127       0        0      0.094        0     │
  │ u_div_rem          0.162       0        0      0.061        0     │
  │ u_div_quo          0.196       0        0      0.13        0     │
  │ u_div_ctrl          0.188       0        0      0.069        0     │
  ├────────────────────────────────────────────────────────────────┤
  │ DIV_TOP  1.127       0        0      0.094        0     │
  └────────────────────────────────────────────────────────────────┘

  Status : ALL PATHS CLEAN — No Setup or Hold Violations


=========================================================================
                   TIMING EXCEPTIONS APPLIED
=========================================================================

  set_false_path -from [get_ports SCAN_EN]      -to [all_registers]
  set_false_path -from [get_ports TEST_MODE]     -to [all_registers]
  set_multicycle_path 2 -setup -from [get_cells u_div_iter/*] -to [get_cells u_div_ctrl/*]
  set_multicycle_path 1 -hold  -from [get_cells u_div_iter/*] -to [get_cells u_div_ctrl/*]
  set_input_delay  0.400 -clock CLK_CORE -max [all_inputs]
  set_output_delay 0.350 -clock CLK_CORE -max [all_outputs]


=========================================================================
                   CLOCK DOMAIN SUMMARY
=========================================================================

  Clock    : CLK_CORE
  Period   : 2 ns
  Waveform : {0.000 1}
  Skew     : 0.025 ns  (max across DIV_TOP)
  Latency  : 0.137 ns  (max)


=========================================================================
                   CONSTRAINT COVERAGE
=========================================================================

  Total register endpoints   : 5781
  Constrained endpoints      : 4076
  Unconstrained endpoints    :      0
  Coverage                   :  100.0%


=========================================================================
                   TOOL / RUN INFORMATION
=========================================================================

  Tool         : Synopsys PrimeTime 2023.06-SP3
  Run Host     : sta-server-01
  Run Dir      : /proj/cpu_rtl/sta/EXECUTE/DIV/run_tt_0p90v_0p90v_25c
  SDC File     : /proj/cpu_rtl/constraints/DIV_TOP.sdc
  Netlist      : /proj/cpu_rtl/netlist/DIV_TOP.v.gz
  SPEF File    : /proj/cpu_rtl/spef/DIV_TOP.spef.gz
  Liberty      : saed32nm_rvt_tt_0p90v_0p90v_25c.db
  Elapsed Time : 00:01:48
  Peak Memory  : 3.541 GB

=========================================================================
End of Report
=========================================================================
