****************************************
Report : timing
        -path_type full
        -delay_type max
        -max_paths 10
        -sort_by slack
Design : DIV_TOP
Version: PrimeTime 2023.06-SP3
Date   : Sat Aug 15 17:34:53 2026
Corner : ss_0p72v_0p72v_n40c
Note   : Cold Setup      — Slow corner, cold temp
****************************************

Operating Conditions : ss_0p72v_0p72v_n40c (Library: saed32nm_rvt)
Wire Load Model Mode : Interconnect (StarRC Extracted)

  Startpoint : u_div_iter/din_reg[0]
               (rising edge-triggered flip-flop clocked by CLK_CORE)
  Endpoint   : u_div_ctrl/dout_reg[0]
               (rising edge-triggered flip-flop clocked by CLK_CORE)
  Path Group : CLK_CORE
  Path Type  : max

  Point                                                   Incr        Path
  -------------------------------------------------------------------------
  clock CLK_CORE (rise edge)                                  0.000       0.000
  clock network delay (propagated)                        0.139      0.139
  u_div_iter/din_reg[0]/CK (DFFARX1_RVT)                        0.000       0.139 r
  u_div_iter/din_reg[0]/Q  (DFFARX1_RVT)                        0.119       0.258 r
  u_div_iter/U12/Y (INVX2_RVT)                                  0.038       0.296 f
  u_div_iter/U34/Y (NAND2X1_RVT)                                0.091       0.387 r
  u_div_rem/U07/Y (AOI22X1_RVT)                                0.076       0.463 f
  u_div_rem/U19/Y (OAI21X1_RVT)                                0.108       0.571 r
  u_div_quo/U03/Y (MUX21X1_RVT)                                0.093       0.664 r
  u_div_quo/U11/Y (AND2X1_RVT)                                 0.05       0.714 f
  u_div_quo/U22/Y (NOR2X1_RVT)                                 0.037       0.751 r
  u_div_ctrl/U05/Y (BUFX4_RVT)                                  0.086       0.837 r
  u_div_ctrl/dout_reg[0]/D (DFFARX1_RVT)                        0.062      0.899 f
  data arrival time                                                    0.899

  clock CLK_CORE (rise edge)                                  2     2
  clock network delay (propagated)                        0.139      2.139
  clock uncertainty                                      -0.05   2.089
  u_div_ctrl/dout_reg[0]/CK (DFFARX1_RVT)                       0.000       2.089 r
  library setup time                                     -0.078   2.011
  data required time                                                   2.011
  -------------------------------------------------------------------------
  data required time                                                   2.011
  data arrival time                                                   -0.899
  -------------------------------------------------------------------------
  slack (MET)   1.112


=========================================================================
                   DIV_TOP — TIMING SUMMARY
=========================================================================

  Block        : DIV_TOP
  Corner       : ss_0p72v_0p72v_n40c
  Check        : max  (Cold Setup      — Slow corner, cold temp)
  Clock        : CLK_CORE  Period = 2 ns  (500 MHz)
  Technology   : SAED 32nm RVT

  ┌────────────────────────────────────────────────────────────────┐
  │ Sub-Unit      WNS (ns)  TNS (ns)  #Viol   WHS (ns)  #HViol  │
  ├────────────────────────────────────────────────────────────────┤
  │ u_div_iter          1.112       0        0      0.098        0     │
  │ u_div_rem          0.061       0        0      0.067        0     │
  │ u_div_quo          0.176       0        0      0.096        0     │
  │ u_div_ctrl          0.117       0        0      0.063        0     │
  ├────────────────────────────────────────────────────────────────┤
  │ DIV_TOP  1.112       0        0      0.098        0     │
  └────────────────────────────────────────────────────────────────┘

  Status : ALL PATHS CLEAN — No Setup or Hold Violations


=========================================================================
                   TIMING EXCEPTIONS APPLIED
=========================================================================

  set_false_path -from [get_ports SCAN_EN]      -to [all_registers]
  set_false_path -from [get_ports TEST_MODE]     -to [all_registers]
  set_multicycle_path 2 -setup -from [get_cells u_div_iter/*] -to [get_cells u_div_ctrl/*]
  set_multicycle_path 1 -hold  -from [get_cells u_div_iter/*] -to [get_cells u_div_ctrl/*]
  set_input_delay  0.400 -clock CLK_CORE -max [all_inputs]
  set_output_delay 0.350 -clock CLK_CORE -max [all_outputs]


=========================================================================
                   CLOCK DOMAIN SUMMARY
=========================================================================

  Clock    : CLK_CORE
  Period   : 2 ns
  Waveform : {0.000 1}
  Skew     : 0.022 ns  (max across DIV_TOP)
  Latency  : 0.139 ns  (max)


=========================================================================
                   CONSTRAINT COVERAGE
=========================================================================

  Total register endpoints   : 1177
  Constrained endpoints      : 4094
  Unconstrained endpoints    :      0
  Coverage                   :  100.0%


=========================================================================
                   TOOL / RUN INFORMATION
=========================================================================

  Tool         : Synopsys PrimeTime 2023.06-SP3
  Run Host     : sta-server-01
  Run Dir      : /proj/cpu_rtl/sta/EXECUTE/DIV/run_ss_0p72v_0p72v_n40c
  SDC File     : /proj/cpu_rtl/constraints/DIV_TOP.sdc
  Netlist      : /proj/cpu_rtl/netlist/DIV_TOP.v.gz
  SPEF File    : /proj/cpu_rtl/spef/DIV_TOP.spef.gz
  Liberty      : saed32nm_rvt_ss_0p72v_0p72v_n40c.db
  Elapsed Time : 00:04:28
  Peak Memory  : 4.03 GB

=========================================================================
End of Report
=========================================================================
