****************************************
Report : timing
        -path_type full
        -delay_type max
        -max_paths 10
        -sort_by slack
Design : DIV_TOP
Version: PrimeTime 2023.06-SP3
Date   : Sat Aug 15 17:34:53 2026
Corner : ss_0p72v_0p72v_125c
Note   : Recovery/Removal Check — Async reset paths
****************************************

Operating Conditions : ss_0p72v_0p72v_125c (Library: saed32nm_rvt)
Wire Load Model Mode : Interconnect (StarRC Extracted)

  Startpoint : u_div_iter/din_reg[0]
               (rising edge-triggered flip-flop clocked by CLK_CORE)
  Endpoint   : u_div_ctrl/dout_reg[0]
               (rising edge-triggered flip-flop clocked by CLK_CORE)
  Path Group : CLK_CORE
  Path Type  : max

  Point                                                   Incr        Path
  -------------------------------------------------------------------------
  clock CLK_CORE (rise edge)                                  0.000       0.000
  clock network delay (propagated)                        0.155      0.155
  u_div_iter/din_reg[0]/CK (DFFARX1_RVT)                        0.000       0.155 r
  u_div_iter/din_reg[0]/Q  (DFFARX1_RVT)                        0.143       0.298 r
  u_div_iter/U12/Y (INVX2_RVT)                                  0.059       0.357 f
  u_div_iter/U34/Y (NAND2X1_RVT)                                0.056       0.413 r
  u_div_rem/U07/Y (AOI22X1_RVT)                                0.074       0.487 f
  u_div_rem/U19/Y (OAI21X1_RVT)                                0.095       0.582 r
  u_div_quo/U03/Y (MUX21X1_RVT)                                0.09       0.672 r
  u_div_quo/U11/Y (AND2X1_RVT)                                 0.083       0.755 f
  u_div_quo/U22/Y (NOR2X1_RVT)                                 0.053       0.808 r
  u_div_ctrl/U05/Y (BUFX4_RVT)                                  0.08       0.888 r
  u_div_ctrl/dout_reg[0]/D (DFFARX1_RVT)                        0.06      0.948 f
  data arrival time                                                    0.948

  clock CLK_CORE (rise edge)                                  2     2
  clock network delay (propagated)                        0.155      2.155
  clock uncertainty                                      -0.05   2.105
  u_div_ctrl/dout_reg[0]/CK (DFFARX1_RVT)                       0.000       2.105 r
  library setup time                                     -0.068   2.037
  data required time                                                   2.037
  -------------------------------------------------------------------------
  data required time                                                   2.037
  data arrival time                                                   -0.948
  -------------------------------------------------------------------------
  slack (MET)   1.089


=========================================================================
                   DIV_TOP — TIMING SUMMARY
=========================================================================

  Block        : DIV_TOP
  Corner       : ss_0p72v_0p72v_125c
  Check        : max  (Recovery/Removal Check — Async reset paths)
  Clock        : CLK_CORE  Period = 2 ns  (500 MHz)
  Technology   : SAED 32nm RVT

  ┌────────────────────────────────────────────────────────────────┐
  │ Sub-Unit      WNS (ns)  TNS (ns)  #Viol   WHS (ns)  #HViol  │
  ├────────────────────────────────────────────────────────────────┤
  │ u_div_iter          1.089       0        0      0.071        0     │
  │ u_div_rem          0.129       0        0      0.124        0     │
  │ u_div_quo          0.119       0        0      0.065        0     │
  │ u_div_ctrl          0.107       0        0      0.127        0     │
  ├────────────────────────────────────────────────────────────────┤
  │ DIV_TOP  1.089       0        0      0.071        0     │
  └────────────────────────────────────────────────────────────────┘

  Status : ALL PATHS CLEAN — No Setup or Hold Violations


=========================================================================
                   TIMING EXCEPTIONS APPLIED
=========================================================================

  set_false_path -from [get_ports SCAN_EN]      -to [all_registers]
  set_false_path -from [get_ports TEST_MODE]     -to [all_registers]
  set_multicycle_path 2 -setup -from [get_cells u_div_iter/*] -to [get_cells u_div_ctrl/*]
  set_multicycle_path 1 -hold  -from [get_cells u_div_iter/*] -to [get_cells u_div_ctrl/*]
  set_input_delay  0.400 -clock CLK_CORE -max [all_inputs]
  set_output_delay 0.350 -clock CLK_CORE -max [all_outputs]


=========================================================================
                   CLOCK DOMAIN SUMMARY
=========================================================================

  Clock    : CLK_CORE
  Period   : 2 ns
  Waveform : {0.000 1}
  Skew     : 0.016 ns  (max across DIV_TOP)
  Latency  : 0.155 ns  (max)


=========================================================================
                   CONSTRAINT COVERAGE
=========================================================================

  Total register endpoints   : 1212
  Constrained endpoints      : 4601
  Unconstrained endpoints    :      0
  Coverage                   :  100.0%


=========================================================================
                   TOOL / RUN INFORMATION
=========================================================================

  Tool         : Synopsys PrimeTime 2023.06-SP3
  Run Host     : sta-server-01
  Run Dir      : /proj/cpu_rtl/sta/EXECUTE/DIV/run_ss_0p72v_0p72v_125c
  SDC File     : /proj/cpu_rtl/constraints/DIV_TOP.sdc
  Netlist      : /proj/cpu_rtl/netlist/DIV_TOP.v.gz
  SPEF File    : /proj/cpu_rtl/spef/DIV_TOP.spef.gz
  Liberty      : saed32nm_rvt_ss_0p72v_0p72v_125c.db
  Elapsed Time : 00:08:44
  Peak Memory  : 3.336 GB

=========================================================================
End of Report
=========================================================================
