================================================================================
  STA BLOCK DUMP LOG  —  DIV_TOP
================================================================================

  Block Directory : D:\Certificates\PD_STA_REPORTS\EXECUTE\DIV
  Design          : DIV_TOP
  Parsed At       : 2026-08-15T22:16:47
  Total Reports   : 11


OWNERSHIP
----------------------------------------
  BLOCK TIMING OWNER           : User24  <user24@company.com>  [EMP-2024]
  TEAM LEAD                    : MTO_User5  <mto5@company.com>  [EMP-1005]
  RTL TEAM LEAD                : TeamLead5  <teamlead5@company.com>
  PD ENGINEER                  : PDEng5  <pdeng5@company.com>
  STA ENGINEER                 : STAEng5  <staeng5@company.com>
  CHIP STA LEAD                : STALead1  <stalead1@company.com>  [EMP-0004]

AGGREGATE SUMMARY
----------------------------------------
  Overall Status   : MET
  Worst WNS  (ns)  : 0.000
  Worst TNS  (ns)  : 0.000
  Worst WHS  (ns)  : 0.000
  Best  WNS  (ns)  : 1.143
  Total Violations : 0

BY CORNER
----------------------------------------
  Name                                              #       WNS       TNS       WHS  STATUS
  ─────────────────────────────────────────────  ────  ────────  ────────  ────────  ──────────
  N/A                                               1     0.000     0.000     0.000  MET
  ff_1p16v_1p16v_125c                               1     1.143     0.000     0.110  MET
  ff_1p16v_1p16v_n40c                               1     1.071     0.000     0.068  MET
  ss_0p63v_0p63v_125c                               1     1.063     0.000     0.084  MET
  ss_0p72v_0p72v_125c                               2     1.089     0.000     0.071  MET
  ss_0p72v_0p72v_n40c                               1     1.112     0.000     0.098  MET
  tt_0p90v_0p90v_25c                                4     1.051     0.000     0.070  MET

BY CHECK TYPE
----------------------------------------
  Name                                              #       WNS       TNS       WHS  STATUS
  ─────────────────────────────────────────────  ────  ────────  ────────  ────────  ──────────
  N/A                                               1     0.000     0.000     0.000  MET
  hold                                              3     1.071     0.000     0.068  MET
  setup                                             7     1.051     0.000     0.070  MET

PER-REPORT DETAIL
----------------------------------------
  File     : 03_SETUP_TT_25C_DIV_TOP.rpt
  Design   : DIV_TOP               Corner : tt_0p90v_0p90v_25c
  Check    : setup       Clock  : CLK_CORE  Period = 2.0 ns  (500.0 MHz)
  WNS      :   +1.121 ns   TNS :   +0.000 ns   WHS :   +0.084 ns
  Slack    :   +1.121 ns   Status : MET
  Status   : ALL PATHS CLEAN — No Setup or Hold Violations
  Coverage : 100.0%   Endpoints : 4977 / 2081
  Tool     : Synopsys PrimeTime 2023.06-SP3
  Runtime  : 00:02:14         Memory : 4.203 GB
  Run Dir  : /proj/cpu_rtl/sta/EXECUTE/DIV/run_tt_0p90v_0p90v_25c

  File     : 05_SETUP_SS_M40C_DIV_TOP.rpt
  Design   : DIV_TOP               Corner : ss_0p72v_0p72v_n40c
  Check    : setup       Clock  : CLK_CORE  Period = 2.0 ns  (500.0 MHz)
  WNS      :   +1.112 ns   TNS :   +0.000 ns   WHS :   +0.098 ns
  Slack    :   +1.112 ns   Status : MET
  Status   : ALL PATHS CLEAN — No Setup or Hold Violations
  Coverage : 100.0%   Endpoints : 4094 / 1177
  Tool     : Synopsys PrimeTime 2023.06-SP3
  Runtime  : 00:04:28         Memory : 4.03 GB
  Run Dir  : /proj/cpu_rtl/sta/EXECUTE/DIV/run_ss_0p72v_0p72v_n40c

  File     : 01_SETUP_SS_125C_DIV_TOP.rpt
  Design   : DIV_TOP               Corner : ss_0p72v_0p72v_125c
  Check    : setup       Clock  : CLK_CORE  Period = 2.0 ns  (500.0 MHz)
  WNS      :   +1.101 ns   TNS :   +0.000 ns   WHS :   +0.083 ns
  Slack    :   +1.101 ns   Status : MET
  Status   : ALL PATHS CLEAN — No Setup or Hold Violations
  Coverage : 100.0%   Endpoints : 5218 / 1273
  Tool     : Synopsys PrimeTime 2023.06-SP3
  Runtime  : 00:04:20         Memory : 1.411 GB
  Run Dir  : /proj/cpu_rtl/sta/EXECUTE/DIV/run_ss_0p72v_0p72v_125c

  File     : 08_CG_CHECK_TT_25C_DIV_TOP.rpt
  Design   : DIV_TOP               Corner : tt_0p90v_0p90v_25c
  Check    : setup       Clock  : CLK_CORE  Period = 2.0 ns  (500.0 MHz)
  WNS      :   +1.098 ns   TNS :   +0.000 ns   WHS :   +0.108 ns
  Slack    :   +1.098 ns   Status : MET
  Status   : ALL PATHS CLEAN — No Setup or Hold Violations
  Coverage : 100.0%   Endpoints : 3338 / 5834
  Tool     : Synopsys PrimeTime 2023.06-SP3
  Runtime  : 00:01:33         Memory : 3.222 GB
  Run Dir  : /proj/cpu_rtl/sta/EXECUTE/DIV/run_tt_0p90v_0p90v_25c

  File     : 09_RECOVERY_SS_125C_DIV_TOP.rpt
  Design   : DIV_TOP               Corner : ss_0p72v_0p72v_125c
  Check    : setup       Clock  : CLK_CORE  Period = 2.0 ns  (500.0 MHz)
  WNS      :   +1.089 ns   TNS :   +0.000 ns   WHS :   +0.071 ns
  Slack    :   +1.089 ns   Status : MET
  Status   : ALL PATHS CLEAN — No Setup or Hold Violations
  Coverage : 100.0%   Endpoints : 4601 / 1212
  Tool     : Synopsys PrimeTime 2023.06-SP3
  Runtime  : 00:08:44         Memory : 3.336 GB
  Run Dir  : /proj/cpu_rtl/sta/EXECUTE/DIV/run_ss_0p72v_0p72v_125c

  File     : 07_SETUP_LVSS_125C_DIV_TOP.rpt
  Design   : DIV_TOP               Corner : ss_0p63v_0p63v_125c
  Check    : setup       Clock  : CLK_CORE  Period = 2.0 ns  (500.0 MHz)
  WNS      :   +1.063 ns   TNS :   +0.000 ns   WHS :   +0.084 ns
  Slack    :   +1.063 ns   Status : MET
  Status   : ALL PATHS CLEAN — No Setup or Hold Violations
  Coverage : 100.0%   Endpoints : 2914 / 3255
  Tool     : Synopsys PrimeTime 2023.06-SP3
  Runtime  : 00:08:15         Memory : 3.738 GB
  Run Dir  : /proj/cpu_rtl/sta/EXECUTE/DIV/run_ss_0p63v_0p63v_125c

  File     : 10_MULTICYCLE_TT_25C_DIV_TOP.rpt
  Design   : DIV_TOP               Corner : tt_0p90v_0p90v_25c
  Check    : setup       Clock  : CLK_CORE  Period = 2.0 ns  (500.0 MHz)
  WNS      :   +1.051 ns   TNS :   +0.000 ns   WHS :   +0.070 ns
  Slack    :   +1.051 ns   Status : MET
  Status   : ALL PATHS CLEAN — No Setup or Hold Violations
  Coverage : 100.0%   Endpoints : 3978 / 3611
  Tool     : Synopsys PrimeTime 2023.06-SP3
  Runtime  : 00:08:33         Memory : 1.935 GB
  Run Dir  : /proj/cpu_rtl/sta/EXECUTE/DIV/run_tt_0p90v_0p90v_25c

  File     : 06_HOLD_FF_125C_DIV_TOP.rpt
  Design   : DIV_TOP               Corner : ff_1p16v_1p16v_125c
  Check    : hold        Clock  : CLK_CORE  Period = 2.0 ns  (500.0 MHz)
  WNS      :   +1.143 ns   TNS :   +0.000 ns   WHS :   +0.110 ns
  Slack    :   +1.143 ns   Status : MET
  Status   : ALL PATHS CLEAN — No Setup or Hold Violations
  Coverage : 100.0%   Endpoints : 1820 / 1285
  Tool     : Synopsys PrimeTime 2023.06-SP3
  Runtime  : 00:05:18         Memory : 2.632 GB
  Run Dir  : /proj/cpu_rtl/sta/EXECUTE/DIV/run_ff_1p16v_1p16v_125c

  File     : 04_HOLD_TT_25C_DIV_TOP.rpt
  Design   : DIV_TOP               Corner : tt_0p90v_0p90v_25c
  Check    : hold        Clock  : CLK_CORE  Period = 2.0 ns  (500.0 MHz)
  WNS      :   +1.127 ns   TNS :   +0.000 ns   WHS :   +0.094 ns
  Slack    :   +1.127 ns   Status : MET
  Status   : ALL PATHS CLEAN — No Setup or Hold Violations
  Coverage : 100.0%   Endpoints : 4076 / 5781
  Tool     : Synopsys PrimeTime 2023.06-SP3
  Runtime  : 00:01:48         Memory : 3.541 GB
  Run Dir  : /proj/cpu_rtl/sta/EXECUTE/DIV/run_tt_0p90v_0p90v_25c

  File     : 02_HOLD_FF_N40C_DIV_TOP.rpt
  Design   : DIV_TOP               Corner : ff_1p16v_1p16v_n40c
  Check    : hold        Clock  : CLK_CORE  Period = 2.0 ns  (500.0 MHz)
  WNS      :   +1.071 ns   TNS :   +0.000 ns   WHS :   +0.068 ns
  Slack    :   +1.071 ns   Status : MET
  Status   : ALL PATHS CLEAN — No Setup or Hold Violations
  Coverage : 100.0%   Endpoints : 3291 / 3998
  Tool     : Synopsys PrimeTime 2023.06-SP3
  Runtime  : 00:03:30         Memory : 1.24 GB
  Run Dir  : /proj/cpu_rtl/sta/EXECUTE/DIV/run_ff_1p16v_1p16v_n40c

  File     : DIV_TIMING.rpt
  Design   : N/A                   Corner : N/A
  Check    : N/A         Clock  : N/A  Period = 0.0 ns  (0.0 MHz)
  WNS      :   +0.000 ns   TNS :   +0.000 ns   WHS :   +0.000 ns
  Slack    :   +0.000 ns   Status : UNKNOWN
  Status   : N/A
  Coverage : 0.0%   Endpoints : 0 / 0
  Tool     : N/A
  Runtime  : N/A              Memory : N/A
  Run Dir  : N/A


================================================================================
END OF BLOCK DUMP LOG
================================================================================