****************************************
Report : timing
        -path_type full
        -delay_type max
        -max_paths 10
        -sort_by slack
Design : ALU0_TOP
Version: PrimeTime 2023.06-SP3
Date   : Sat Aug 15 17:34:53 2026
Corner : ss_0p72v_0p72v_125c
Note   : Worst-case Setup — Slow corner, high temp
****************************************

Operating Conditions : ss_0p72v_0p72v_125c (Library: saed32nm_rvt)
Wire Load Model Mode : Interconnect (StarRC Extracted)

  Startpoint : u_alu0_add/sum_reg[7]
               (rising edge-triggered flip-flop clocked by CLK_CORE)
  Endpoint   : u_alu0_add/cout_reg
               (rising edge-triggered flip-flop clocked by CLK_CORE)
  Path Group : CLK_CORE
  Path Type  : max

  Point                                                   Incr        Path
  -------------------------------------------------------------------------
  clock CLK_CORE (rise edge)                                  0.000       0.000
  clock network delay (propagated)                        0.148      0.148
  u_alu0_add/sum_reg[7]/CK (DFFARX1_RVT)                       0.000       0.148 r
  u_alu0_add/sum_reg[7]/Q  (DFFARX1_RVT)                       0.152       0.300 r
  u_alu0_add/U21/Y (INVX2_RVT)                                 0.063       0.363 f
  u_alu0_add/U35/Y (NAND2X1_RVT)                               0.089       0.452 r
  u_alu0_add/U48/Y (AOI22X1_RVT)                               0.117       0.569 f
  u_alu0_add/U61/Y (OAI21X1_RVT)                               0.134       0.703 r
  u_alu0_logic/U09/Y (MUX21X1_RVT)                             0.098       0.801 r
  u_alu0_logic/U17/Y (AND2X1_RVT)                              0.112       0.913 f
  u_alu0_logic/U26/Y (NOR2X1_RVT)                              0.094       1.007 r
  u_alu0_add/U05/Y (BUFX4_RVT)                                 0.081       1.088 r
  u_alu0_add/cout_reg/D (DFFARX1_RVT)                          0.024       1.112 f
  data arrival time                                                        2.112

  clock CLK_CORE (rise edge)                                  2     2
  clock network delay (propagated)                        0.148      2.148
  clock uncertainty                                      -0.05   2.098
  u_alu0_add/cout_reg/CK (DFFARX1_RVT)                         0.000       2.098 r
  library setup time                                     -0.069   2.029
  data required time                                                       2.000
  -------------------------------------------------------------------------
  data required time                                                       2.000
  data arrival time                                                       -2.112
  -------------------------------------------------------------------------
  slack (VIOLATED)   -0.112


=========================================================================
                   ALU0_TOP — TIMING SUMMARY
=========================================================================

  Block        : ALU0_TOP
  Corner       : ss_0p72v_0p72v_125c
  Check        : max  (Worst-case Setup — Slow corner, high temp)
  Clock        : CLK_CORE  Period = 2 ns  (500 MHz)
  Technology   : SAED 32nm RVT

  ┌────────────────────────────────────────────────────────────────┐
  │ Sub-Unit      WNS (ns)  TNS (ns)  #Viol   WHS (ns)  #HViol  │
  ├────────────────────────────────────────────────────────────────┤
  │ u_alu0_add        -0.112      -0.874       8      0.093        0     │
  │ u_alu0_shift       0.037       0.000       0      0.081        0     │
  │ u_alu0_logic      -0.055      -0.220       4      0.074        0     │
  │ u_alu0_mux         0.019       0.000       0      0.067        0     │
  ├────────────────────────────────────────────────────────────────┤
  │ ALU0_TOP          -0.112      -1.094      12      0.093        0     │
  └────────────────────────────────────────────────────────────────┘

  Status : TIMING VIOLATED — Setup violations detected
  SETUP VIOLATIONS : 12 paths   (WNS = -0.112 ns,  TNS = -1.094 ns)


=========================================================================
                   TIMING EXCEPTIONS APPLIED
=========================================================================

  set_false_path -from [get_ports SCAN_EN]      -to [all_registers]
  set_false_path -from [get_ports TEST_MODE]     -to [all_registers]
  set_multicycle_path 2 -setup -from [get_cells u_alu0_add/*] -to [get_cells u_alu0_logic/*]
  set_multicycle_path 1 -hold  -from [get_cells u_alu0_add/*] -to [get_cells u_alu0_logic/*]
  set_input_delay  0.400 -clock CLK_CORE -max [all_inputs]
  set_output_delay 0.350 -clock CLK_CORE -max [all_outputs]


=========================================================================
                   CLOCK DOMAIN SUMMARY
=========================================================================

  Clock    : CLK_CORE
  Period   : 2 ns
  Waveform : {0.000 1}
  Skew     : 0.021 ns  (max across ALU0_TOP)
  Latency  : 0.148 ns  (max)


=========================================================================
                   CONSTRAINT COVERAGE
=========================================================================

  Total register endpoints   : 3142
  Constrained endpoints      : 3142
  Unconstrained endpoints    :      0
  Coverage                   :  100.0%


=========================================================================
                   TOOL / RUN INFORMATION
=========================================================================

  Tool         : Synopsys PrimeTime 2023.06-SP3
  Run Host     : sta-server-01
  Run Dir      : /proj/cpu_rtl/sta/EXECUTE/ALU/ALU0/run_ss_0p72v_0p72v_125c
  SDC File     : /proj/cpu_rtl/constraints/ALU0_TOP.sdc
  Netlist      : /proj/cpu_rtl/netlist/ALU0_TOP.v.gz
  SPEF File    : /proj/cpu_rtl/spef/ALU0_TOP.spef.gz
  Liberty      : saed32nm_rvt_ss_0p72v_0p72v_125c.db
  Elapsed Time : 00:03:18
  Peak Memory  : 3.847 GB

=========================================================================
End of Report
=========================================================================
