****************************************
Report : timing
        -path_type full
        -delay_type min
        -max_paths 10
        -sort_by slack
Design : ALU0_TOP
Version: PrimeTime 2023.06-SP3
Date   : Sat Aug 15 17:34:53 2026
Corner : ff_1p16v_1p16v_n40c
Note   : Worst-case Hold  — Fast corner, cold temp
****************************************

Operating Conditions : ff_1p16v_1p16v_n40c (Library: saed32nm_rvt)
Wire Load Model Mode : Interconnect (StarRC Extracted)

  Startpoint : u_alu0_add/din_reg[0]
               (rising edge-triggered flip-flop clocked by CLK_CORE)
  Endpoint   : u_alu0_cmp/dout_reg[0]
               (rising edge-triggered flip-flop clocked by CLK_CORE)
  Path Group : CLK_CORE
  Path Type  : min

  Point                                                   Incr        Path
  -------------------------------------------------------------------------
  clock CLK_CORE (rise edge)                                  0.000       0.000
  clock network delay (propagated)                        0.158      0.158
  u_alu0_add/din_reg[0]/CK (DFFARX1_RVT)                        0.000       0.158 r
  u_alu0_add/din_reg[0]/Q  (DFFARX1_RVT)                        0.129       0.287 r
  u_alu0_add/U12/Y (INVX2_RVT)                                  0.061       0.348 f
  u_alu0_add/U34/Y (NAND2X1_RVT)                                0.08       0.428 r
  u_alu0_log/U07/Y (AOI22X1_RVT)                                0.105       0.533 f
  u_alu0_log/U19/Y (OAI21X1_RVT)                                0.095       0.628 r
  u_alu0_shf/U03/Y (MUX21X1_RVT)                                0.074       0.702 r
  u_alu0_shf/U11/Y (AND2X1_RVT)                                 0.072       0.774 f
  u_alu0_shf/U22/Y (NOR2X1_RVT)                                 0.063       0.837 r
  u_alu0_cmp/U05/Y (BUFX4_RVT)                                  0.078       0.915 r
  u_alu0_cmp/dout_reg[0]/D (DFFARX1_RVT)                        0.055      0.97 f
  data arrival time                                                    0.97

  clock CLK_CORE (rise edge)                                  2     2
  clock network delay (propagated)                        0.158      2.158
  clock uncertainty                                      -0.05   2.108
  u_alu0_cmp/dout_reg[0]/CK (DFFARX1_RVT)                       0.000       2.108 r
  library setup time                                     -0.066   2.042
  data required time                                                   2.042
  -------------------------------------------------------------------------
  data required time                                                   2.042
  data arrival time                                                   -0.97
  -------------------------------------------------------------------------
  slack (MET)   1.072


=========================================================================
                   ALU0_TOP — TIMING SUMMARY
=========================================================================

  Block        : ALU0_TOP
  Corner       : ff_1p16v_1p16v_n40c
  Check        : min  (Worst-case Hold  — Fast corner, cold temp)
  Clock        : CLK_CORE  Period = 2 ns  (500 MHz)
  Technology   : SAED 32nm RVT

  ┌────────────────────────────────────────────────────────────────┐
  │ Sub-Unit      WNS (ns)  TNS (ns)  #Viol   WHS (ns)  #HViol  │
  ├────────────────────────────────────────────────────────────────┤
  │ u_alu0_add          1.072       0        0      0.067        0     │
  │ u_alu0_log          0.06       0        0      0.093        0     │
  │ u_alu0_shf          0.078       0        0      0.115        0     │
  │ u_alu0_cmp          0.187       0        0      0.097        0     │
  ├────────────────────────────────────────────────────────────────┤
  │ ALU0_TOP  1.072       0        0      0.067        0     │
  └────────────────────────────────────────────────────────────────┘

  Status : ALL PATHS CLEAN — No Setup or Hold Violations


=========================================================================
                   TIMING EXCEPTIONS APPLIED
=========================================================================

  set_false_path -from [get_ports SCAN_EN]      -to [all_registers]
  set_false_path -from [get_ports TEST_MODE]     -to [all_registers]
  set_multicycle_path 2 -setup -from [get_cells u_alu0_add/*] -to [get_cells u_alu0_cmp/*]
  set_multicycle_path 1 -hold  -from [get_cells u_alu0_add/*] -to [get_cells u_alu0_cmp/*]
  set_input_delay  0.400 -clock CLK_CORE -max [all_inputs]
  set_output_delay 0.350 -clock CLK_CORE -max [all_outputs]


=========================================================================
                   CLOCK DOMAIN SUMMARY
=========================================================================

  Clock    : CLK_CORE
  Period   : 2 ns
  Waveform : {0.000 1}
  Skew     : 0.016 ns  (max across ALU0_TOP)
  Latency  : 0.158 ns  (max)


=========================================================================
                   CONSTRAINT COVERAGE
=========================================================================

  Total register endpoints   : 5830
  Constrained endpoints      : 5532
  Unconstrained endpoints    :      0
  Coverage                   :  100.0%


=========================================================================
                   TOOL / RUN INFORMATION
=========================================================================

  Tool         : Synopsys PrimeTime 2023.06-SP3
  Run Host     : sta-server-01
  Run Dir      : /proj/cpu_rtl/sta/EXECUTE/ALU/ALU0/run_ff_1p16v_1p16v_n40c
  SDC File     : /proj/cpu_rtl/constraints/ALU0_TOP.sdc
  Netlist      : /proj/cpu_rtl/netlist/ALU0_TOP.v.gz
  SPEF File    : /proj/cpu_rtl/spef/ALU0_TOP.spef.gz
  Liberty      : saed32nm_rvt_ff_1p16v_1p16v_n40c.db
  Elapsed Time : 00:03:45
  Peak Memory  : 2.647 GB

=========================================================================
End of Report
=========================================================================
