****************************************
Report : timing
        -path_type full
        -delay_type max
        -max_paths 10
        -sort_by slack
Design : ALU0_TOP
Version: PrimeTime 2023.06-SP3
Date   : Sat Aug 15 17:34:53 2026
Corner : tt_0p90v_0p90v_25c
Note   : Typical Setup   — Nominal corner
****************************************

Operating Conditions : tt_0p90v_0p90v_25c (Library: saed32nm_rvt)
Wire Load Model Mode : Interconnect (StarRC Extracted)

  Startpoint : u_alu0_add/din_reg[0]
               (rising edge-triggered flip-flop clocked by CLK_CORE)
  Endpoint   : u_alu0_cmp/dout_reg[0]
               (rising edge-triggered flip-flop clocked by CLK_CORE)
  Path Group : CLK_CORE
  Path Type  : max

  Point                                                   Incr        Path
  -------------------------------------------------------------------------
  clock CLK_CORE (rise edge)                                  0.000       0.000
  clock network delay (propagated)                        0.13      0.13
  u_alu0_add/din_reg[0]/CK (DFFARX1_RVT)                        0.000       0.13 r
  u_alu0_add/din_reg[0]/Q  (DFFARX1_RVT)                        0.119       0.249 r
  u_alu0_add/U12/Y (INVX2_RVT)                                  0.038       0.287 f
  u_alu0_add/U34/Y (NAND2X1_RVT)                                0.092       0.379 r
  u_alu0_log/U07/Y (AOI22X1_RVT)                                0.078       0.457 f
  u_alu0_log/U19/Y (OAI21X1_RVT)                                0.112       0.569 r
  u_alu0_shf/U03/Y (MUX21X1_RVT)                                0.092       0.661 r
  u_alu0_shf/U11/Y (AND2X1_RVT)                                 0.062       0.723 f
  u_alu0_shf/U22/Y (NOR2X1_RVT)                                 0.07       0.793 r
  u_alu0_cmp/U05/Y (BUFX4_RVT)                                  0.059       0.852 r
  u_alu0_cmp/dout_reg[0]/D (DFFARX1_RVT)                        0.052      0.904 f
  data arrival time                                                    0.904

  clock CLK_CORE (rise edge)                                  2     2
  clock network delay (propagated)                        0.13      2.13
  clock uncertainty                                      -0.05   2.08
  u_alu0_cmp/dout_reg[0]/CK (DFFARX1_RVT)                       0.000       2.08 r
  library setup time                                     -0.069   2.011
  data required time                                                   2.011
  -------------------------------------------------------------------------
  data required time                                                   2.011
  data arrival time                                                   -0.904
  -------------------------------------------------------------------------
  slack (MET)   1.107


=========================================================================
                   ALU0_TOP — TIMING SUMMARY
=========================================================================

  Block        : ALU0_TOP
  Corner       : tt_0p90v_0p90v_25c
  Check        : max  (Typical Setup   — Nominal corner)
  Clock        : CLK_CORE  Period = 2 ns  (500 MHz)
  Technology   : SAED 32nm RVT

  ┌────────────────────────────────────────────────────────────────┐
  │ Sub-Unit      WNS (ns)  TNS (ns)  #Viol   WHS (ns)  #HViol  │
  ├────────────────────────────────────────────────────────────────┤
  │ u_alu0_add          1.107       0        0      0.083        0     │
  │ u_alu0_log          0.134       0        0      0.07        0     │
  │ u_alu0_shf          0.104       0        0      0.106        0     │
  │ u_alu0_cmp          0.057       0        0      0.122        0     │
  ├────────────────────────────────────────────────────────────────┤
  │ ALU0_TOP  1.107       0        0      0.083        0     │
  └────────────────────────────────────────────────────────────────┘

  Status : ALL PATHS CLEAN — No Setup or Hold Violations


=========================================================================
                   TIMING EXCEPTIONS APPLIED
=========================================================================

  set_false_path -from [get_ports SCAN_EN]      -to [all_registers]
  set_false_path -from [get_ports TEST_MODE]     -to [all_registers]
  set_multicycle_path 2 -setup -from [get_cells u_alu0_add/*] -to [get_cells u_alu0_cmp/*]
  set_multicycle_path 1 -hold  -from [get_cells u_alu0_add/*] -to [get_cells u_alu0_cmp/*]
  set_input_delay  0.400 -clock CLK_CORE -max [all_inputs]
  set_output_delay 0.350 -clock CLK_CORE -max [all_outputs]


=========================================================================
                   CLOCK DOMAIN SUMMARY
=========================================================================

  Clock    : CLK_CORE
  Period   : 2 ns
  Waveform : {0.000 1}
  Skew     : 0.018 ns  (max across ALU0_TOP)
  Latency  : 0.13 ns  (max)


=========================================================================
                   CONSTRAINT COVERAGE
=========================================================================

  Total register endpoints   : 4942
  Constrained endpoints      : 2575
  Unconstrained endpoints    :      0
  Coverage                   :  100.0%


=========================================================================
                   TOOL / RUN INFORMATION
=========================================================================

  Tool         : Synopsys PrimeTime 2023.06-SP3
  Run Host     : sta-server-01
  Run Dir      : /proj/cpu_rtl/sta/EXECUTE/ALU/ALU0/run_tt_0p90v_0p90v_25c
  SDC File     : /proj/cpu_rtl/constraints/ALU0_TOP.sdc
  Netlist      : /proj/cpu_rtl/netlist/ALU0_TOP.v.gz
  SPEF File    : /proj/cpu_rtl/spef/ALU0_TOP.spef.gz
  Liberty      : saed32nm_rvt_tt_0p90v_0p90v_25c.db
  Elapsed Time : 00:08:25
  Peak Memory  : 3.02 GB

=========================================================================
End of Report
=========================================================================
