****************************************
Report : timing
        -path_type full
        -delay_type min
        -max_paths 10
        -sort_by slack
Design : ALU0_TOP
Version: PrimeTime 2023.06-SP3
Date   : Sat Aug 15 17:34:53 2026
Corner : tt_0p90v_0p90v_25c
Note   : Typical Hold    — Nominal corner
****************************************

Operating Conditions : tt_0p90v_0p90v_25c (Library: saed32nm_rvt)
Wire Load Model Mode : Interconnect (StarRC Extracted)

  Startpoint : u_alu0_add/din_reg[0]
               (rising edge-triggered flip-flop clocked by CLK_CORE)
  Endpoint   : u_alu0_cmp/dout_reg[0]
               (rising edge-triggered flip-flop clocked by CLK_CORE)
  Path Group : CLK_CORE
  Path Type  : min

  Point                                                   Incr        Path
  -------------------------------------------------------------------------
  clock CLK_CORE (rise edge)                                  0.000       0.000
  clock network delay (propagated)                        0.152      0.152
  u_alu0_add/din_reg[0]/CK (DFFARX1_RVT)                        0.000       0.152 r
  u_alu0_add/din_reg[0]/Q  (DFFARX1_RVT)                        0.125       0.277 r
  u_alu0_add/U12/Y (INVX2_RVT)                                  0.042       0.319 f
  u_alu0_add/U34/Y (NAND2X1_RVT)                                0.091       0.41 r
  u_alu0_log/U07/Y (AOI22X1_RVT)                                0.103       0.513 f
  u_alu0_log/U19/Y (OAI21X1_RVT)                                0.094       0.607 r
  u_alu0_shf/U03/Y (MUX21X1_RVT)                                0.095       0.702 r
  u_alu0_shf/U11/Y (AND2X1_RVT)                                 0.048       0.75 f
  u_alu0_shf/U22/Y (NOR2X1_RVT)                                 0.057       0.807 r
  u_alu0_cmp/U05/Y (BUFX4_RVT)                                  0.072       0.879 r
  u_alu0_cmp/dout_reg[0]/D (DFFARX1_RVT)                        0.068      0.947 f
  data arrival time                                                    0.947

  clock CLK_CORE (rise edge)                                  2     2
  clock network delay (propagated)                        0.152      2.152
  clock uncertainty                                      -0.05   2.102
  u_alu0_cmp/dout_reg[0]/CK (DFFARX1_RVT)                       0.000       2.102 r
  library setup time                                     -0.077   2.025
  data required time                                                   2.025
  -------------------------------------------------------------------------
  data required time                                                   2.025
  data arrival time                                                   -0.947
  -------------------------------------------------------------------------
  slack (MET)   1.078


=========================================================================
                   ALU0_TOP — TIMING SUMMARY
=========================================================================

  Block        : ALU0_TOP
  Corner       : tt_0p90v_0p90v_25c
  Check        : min  (Typical Hold    — Nominal corner)
  Clock        : CLK_CORE  Period = 2 ns  (500 MHz)
  Technology   : SAED 32nm RVT

  ┌────────────────────────────────────────────────────────────────┐
  │ Sub-Unit      WNS (ns)  TNS (ns)  #Viol   WHS (ns)  #HViol  │
  ├────────────────────────────────────────────────────────────────┤
  │ u_alu0_add          1.078       0        0      0.102        0     │
  │ u_alu0_log          0.089       0        0      0.115        0     │
  │ u_alu0_shf          0.101       0        0      0.093        0     │
  │ u_alu0_cmp          0.07       0        0      0.121        0     │
  ├────────────────────────────────────────────────────────────────┤
  │ ALU0_TOP  1.078       0        0      0.102        0     │
  └────────────────────────────────────────────────────────────────┘

  Status : ALL PATHS CLEAN — No Setup or Hold Violations


=========================================================================
                   TIMING EXCEPTIONS APPLIED
=========================================================================

  set_false_path -from [get_ports SCAN_EN]      -to [all_registers]
  set_false_path -from [get_ports TEST_MODE]     -to [all_registers]
  set_multicycle_path 2 -setup -from [get_cells u_alu0_add/*] -to [get_cells u_alu0_cmp/*]
  set_multicycle_path 1 -hold  -from [get_cells u_alu0_add/*] -to [get_cells u_alu0_cmp/*]
  set_input_delay  0.400 -clock CLK_CORE -max [all_inputs]
  set_output_delay 0.350 -clock CLK_CORE -max [all_outputs]


=========================================================================
                   CLOCK DOMAIN SUMMARY
=========================================================================

  Clock    : CLK_CORE
  Period   : 2 ns
  Waveform : {0.000 1}
  Skew     : 0.017 ns  (max across ALU0_TOP)
  Latency  : 0.152 ns  (max)


=========================================================================
                   CONSTRAINT COVERAGE
=========================================================================

  Total register endpoints   : 1539
  Constrained endpoints      : 4278
  Unconstrained endpoints    :      0
  Coverage                   :  100.0%


=========================================================================
                   TOOL / RUN INFORMATION
=========================================================================

  Tool         : Synopsys PrimeTime 2023.06-SP3
  Run Host     : sta-server-01
  Run Dir      : /proj/cpu_rtl/sta/EXECUTE/ALU/ALU0/run_tt_0p90v_0p90v_25c
  SDC File     : /proj/cpu_rtl/constraints/ALU0_TOP.sdc
  Netlist      : /proj/cpu_rtl/netlist/ALU0_TOP.v.gz
  SPEF File    : /proj/cpu_rtl/spef/ALU0_TOP.spef.gz
  Liberty      : saed32nm_rvt_tt_0p90v_0p90v_25c.db
  Elapsed Time : 00:08:12
  Peak Memory  : 4.099 GB

=========================================================================
End of Report
=========================================================================
