****************************************
Report : timing
        -path_type full
        -delay_type min
        -max_paths 10
        -sort_by slack
Design : ALU0_TOP
Version: PrimeTime 2023.06-SP3
Date   : Sat Aug 15 17:34:53 2026
Corner : ff_1p16v_1p16v_125c
Note   : Hot Hold        — Fast corner, high temp
****************************************

Operating Conditions : ff_1p16v_1p16v_125c (Library: saed32nm_rvt)
Wire Load Model Mode : Interconnect (StarRC Extracted)

  Startpoint : u_alu0_add/din_reg[0]
               (rising edge-triggered flip-flop clocked by CLK_CORE)
  Endpoint   : u_alu0_cmp/dout_reg[0]
               (rising edge-triggered flip-flop clocked by CLK_CORE)
  Path Group : CLK_CORE
  Path Type  : min

  Point                                                   Incr        Path
  -------------------------------------------------------------------------
  clock CLK_CORE (rise edge)                                  0.000       0.000
  clock network delay (propagated)                        0.136      0.136
  u_alu0_add/din_reg[0]/CK (DFFARX1_RVT)                        0.000       0.136 r
  u_alu0_add/din_reg[0]/Q  (DFFARX1_RVT)                        0.122       0.258 r
  u_alu0_add/U12/Y (INVX2_RVT)                                  0.064       0.322 f
  u_alu0_add/U34/Y (NAND2X1_RVT)                                0.07       0.392 r
  u_alu0_log/U07/Y (AOI22X1_RVT)                                0.103       0.495 f
  u_alu0_log/U19/Y (OAI21X1_RVT)                                0.084       0.579 r
  u_alu0_shf/U03/Y (MUX21X1_RVT)                                0.091       0.67 r
  u_alu0_shf/U11/Y (AND2X1_RVT)                                 0.067       0.737 f
  u_alu0_shf/U22/Y (NOR2X1_RVT)                                 0.044       0.781 r
  u_alu0_cmp/U05/Y (BUFX4_RVT)                                  0.058       0.839 r
  u_alu0_cmp/dout_reg[0]/D (DFFARX1_RVT)                        0.05      0.889 f
  data arrival time                                                    0.889

  clock CLK_CORE (rise edge)                                  2     2
  clock network delay (propagated)                        0.136      2.136
  clock uncertainty                                      -0.05   2.086
  u_alu0_cmp/dout_reg[0]/CK (DFFARX1_RVT)                       0.000       2.086 r
  library setup time                                     -0.066   2.02
  data required time                                                   2.02
  -------------------------------------------------------------------------
  data required time                                                   2.02
  data arrival time                                                   -0.889
  -------------------------------------------------------------------------
  slack (MET)   1.131


=========================================================================
                   ALU0_TOP — TIMING SUMMARY
=========================================================================

  Block        : ALU0_TOP
  Corner       : ff_1p16v_1p16v_125c
  Check        : min  (Hot Hold        — Fast corner, high temp)
  Clock        : CLK_CORE  Period = 2 ns  (500 MHz)
  Technology   : SAED 32nm RVT

  ┌────────────────────────────────────────────────────────────────┐
  │ Sub-Unit      WNS (ns)  TNS (ns)  #Viol   WHS (ns)  #HViol  │
  ├────────────────────────────────────────────────────────────────┤
  │ u_alu0_add          1.131       0        0      0.111        0     │
  │ u_alu0_log          0.088       0        0      0.109        0     │
  │ u_alu0_shf          0.139       0        0      0.056        0     │
  │ u_alu0_cmp          0.103       0        0      0.062        0     │
  ├────────────────────────────────────────────────────────────────┤
  │ ALU0_TOP  1.131       0        0      0.111        0     │
  └────────────────────────────────────────────────────────────────┘

  Status : ALL PATHS CLEAN — No Setup or Hold Violations


=========================================================================
                   TIMING EXCEPTIONS APPLIED
=========================================================================

  set_false_path -from [get_ports SCAN_EN]      -to [all_registers]
  set_false_path -from [get_ports TEST_MODE]     -to [all_registers]
  set_multicycle_path 2 -setup -from [get_cells u_alu0_add/*] -to [get_cells u_alu0_cmp/*]
  set_multicycle_path 1 -hold  -from [get_cells u_alu0_add/*] -to [get_cells u_alu0_cmp/*]
  set_input_delay  0.400 -clock CLK_CORE -max [all_inputs]
  set_output_delay 0.350 -clock CLK_CORE -max [all_outputs]


=========================================================================
                   CLOCK DOMAIN SUMMARY
=========================================================================

  Clock    : CLK_CORE
  Period   : 2 ns
  Waveform : {0.000 1}
  Skew     : 0.016 ns  (max across ALU0_TOP)
  Latency  : 0.136 ns  (max)


=========================================================================
                   CONSTRAINT COVERAGE
=========================================================================

  Total register endpoints   : 1520
  Constrained endpoints      : 2460
  Unconstrained endpoints    :      0
  Coverage                   :  100.0%


=========================================================================
                   TOOL / RUN INFORMATION
=========================================================================

  Tool         : Synopsys PrimeTime 2023.06-SP3
  Run Host     : sta-server-01
  Run Dir      : /proj/cpu_rtl/sta/EXECUTE/ALU/ALU0/run_ff_1p16v_1p16v_125c
  SDC File     : /proj/cpu_rtl/constraints/ALU0_TOP.sdc
  Netlist      : /proj/cpu_rtl/netlist/ALU0_TOP.v.gz
  SPEF File    : /proj/cpu_rtl/spef/ALU0_TOP.spef.gz
  Liberty      : saed32nm_rvt_ff_1p16v_1p16v_125c.db
  Elapsed Time : 00:02:51
  Peak Memory  : 1.831 GB

=========================================================================
End of Report
=========================================================================
