****************************************
Report : timing
        -path_type full
        -delay_type max
        -max_paths 10
        -sort_by slack
Design : ALU0_TOP
Version: PrimeTime 2023.06-SP3
Date   : Sat Aug 15 17:34:53 2026
Corner : ss_0p72v_0p72v_125c
Note   : Recovery/Removal Check — Async reset paths
****************************************

Operating Conditions : ss_0p72v_0p72v_125c (Library: saed32nm_rvt)
Wire Load Model Mode : Interconnect (StarRC Extracted)

  Startpoint : u_alu0_add/din_reg[0]
               (rising edge-triggered flip-flop clocked by CLK_CORE)
  Endpoint   : u_alu0_cmp/dout_reg[0]
               (rising edge-triggered flip-flop clocked by CLK_CORE)
  Path Group : CLK_CORE
  Path Type  : max

  Point                                                   Incr        Path
  -------------------------------------------------------------------------
  clock CLK_CORE (rise edge)                                  0.000       0.000
  clock network delay (propagated)                        0.144      0.144
  u_alu0_add/din_reg[0]/CK (DFFARX1_RVT)                        0.000       0.144 r
  u_alu0_add/din_reg[0]/Q  (DFFARX1_RVT)                        0.116       0.26 r
  u_alu0_add/U12/Y (INVX2_RVT)                                  0.051       0.311 f
  u_alu0_add/U34/Y (NAND2X1_RVT)                                0.057       0.368 r
  u_alu0_log/U07/Y (AOI22X1_RVT)                                0.101       0.469 f
  u_alu0_log/U19/Y (OAI21X1_RVT)                                0.106       0.575 r
  u_alu0_shf/U03/Y (MUX21X1_RVT)                                0.085       0.66 r
  u_alu0_shf/U11/Y (AND2X1_RVT)                                 0.053       0.713 f
  u_alu0_shf/U22/Y (NOR2X1_RVT)                                 0.052       0.765 r
  u_alu0_cmp/U05/Y (BUFX4_RVT)                                  0.066       0.831 r
  u_alu0_cmp/dout_reg[0]/D (DFFARX1_RVT)                        0.062      0.893 f
  data arrival time                                                    0.893

  clock CLK_CORE (rise edge)                                  2     2
  clock network delay (propagated)                        0.144      2.144
  clock uncertainty                                      -0.05   2.094
  u_alu0_cmp/dout_reg[0]/CK (DFFARX1_RVT)                       0.000       2.094 r
  library setup time                                     -0.068   2.026
  data required time                                                   2.026
  -------------------------------------------------------------------------
  data required time                                                   2.026
  data arrival time                                                   -0.893
  -------------------------------------------------------------------------
  slack (MET)   1.133


=========================================================================
                   ALU0_TOP — TIMING SUMMARY
=========================================================================

  Block        : ALU0_TOP
  Corner       : ss_0p72v_0p72v_125c
  Check        : max  (Recovery/Removal Check — Async reset paths)
  Clock        : CLK_CORE  Period = 2 ns  (500 MHz)
  Technology   : SAED 32nm RVT

  ┌────────────────────────────────────────────────────────────────┐
  │ Sub-Unit      WNS (ns)  TNS (ns)  #Viol   WHS (ns)  #HViol  │
  ├────────────────────────────────────────────────────────────────┤
  │ u_alu0_add          1.133       0        0      0.075        0     │
  │ u_alu0_log          0.088       0        0      0.124        0     │
  │ u_alu0_shf          0.074       0        0      0.129        0     │
  │ u_alu0_cmp          0.187       0        0      0.057        0     │
  ├────────────────────────────────────────────────────────────────┤
  │ ALU0_TOP  1.133       0        0      0.075        0     │
  └────────────────────────────────────────────────────────────────┘

  Status : ALL PATHS CLEAN — No Setup or Hold Violations


=========================================================================
                   TIMING EXCEPTIONS APPLIED
=========================================================================

  set_false_path -from [get_ports SCAN_EN]      -to [all_registers]
  set_false_path -from [get_ports TEST_MODE]     -to [all_registers]
  set_multicycle_path 2 -setup -from [get_cells u_alu0_add/*] -to [get_cells u_alu0_cmp/*]
  set_multicycle_path 1 -hold  -from [get_cells u_alu0_add/*] -to [get_cells u_alu0_cmp/*]
  set_input_delay  0.400 -clock CLK_CORE -max [all_inputs]
  set_output_delay 0.350 -clock CLK_CORE -max [all_outputs]


=========================================================================
                   CLOCK DOMAIN SUMMARY
=========================================================================

  Clock    : CLK_CORE
  Period   : 2 ns
  Waveform : {0.000 1}
  Skew     : 0.026 ns  (max across ALU0_TOP)
  Latency  : 0.144 ns  (max)


=========================================================================
                   CONSTRAINT COVERAGE
=========================================================================

  Total register endpoints   : 2597
  Constrained endpoints      : 1707
  Unconstrained endpoints    :      0
  Coverage                   :  100.0%


=========================================================================
                   TOOL / RUN INFORMATION
=========================================================================

  Tool         : Synopsys PrimeTime 2023.06-SP3
  Run Host     : sta-server-01
  Run Dir      : /proj/cpu_rtl/sta/EXECUTE/ALU/ALU0/run_ss_0p72v_0p72v_125c
  SDC File     : /proj/cpu_rtl/constraints/ALU0_TOP.sdc
  Netlist      : /proj/cpu_rtl/netlist/ALU0_TOP.v.gz
  SPEF File    : /proj/cpu_rtl/spef/ALU0_TOP.spef.gz
  Liberty      : saed32nm_rvt_ss_0p72v_0p72v_125c.db
  Elapsed Time : 00:07:25
  Peak Memory  : 2.392 GB

=========================================================================
End of Report
=========================================================================
