****************************************
Report : timing
        -path_type full
        -delay_type max
        -max_paths 10
        -sort_by slack
Design : DEBUG_UNIT_TOP
Version: PrimeTime 2023.06-SP3
Date   : Sat Aug 15 17:34:54 2026
Corner : ss_0p72v_0p72v_125c
Note   : Worst-case Setup — Slow corner, high temp
****************************************

Operating Conditions : ss_0p72v_0p72v_125c (Library: saed32nm_rvt)
Wire Load Model Mode : Interconnect (StarRC Extracted)

  Startpoint : u_dbg_jtag/din_reg[0]
               (rising edge-triggered flip-flop clocked by CLK_DEBUG)
  Endpoint   : u_dbg_trig/dout_reg[0]
               (rising edge-triggered flip-flop clocked by CLK_DEBUG)
  Path Group : CLK_DEBUG
  Path Type  : max

  Point                                                   Incr        Path
  -------------------------------------------------------------------------
  clock CLK_DEBUG (rise edge)                                  0.000       0.000
  clock network delay (propagated)                        0.154      0.154
  u_dbg_jtag/din_reg[0]/CK (DFFARX1_RVT)                        0.000       0.154 r
  u_dbg_jtag/din_reg[0]/Q  (DFFARX1_RVT)                        0.118       0.272 r
  u_dbg_jtag/U12/Y (INVX2_RVT)                                  0.039       0.311 f
  u_dbg_jtag/U34/Y (NAND2X1_RVT)                                0.066       0.377 r
  u_dbg_tap/U07/Y (AOI22X1_RVT)                                0.094       0.471 f
  u_dbg_tap/U19/Y (OAI21X1_RVT)                                0.108       0.579 r
  u_dbg_bp/U03/Y (MUX21X1_RVT)                                0.083       0.662 r
  u_dbg_bp/U11/Y (AND2X1_RVT)                                 0.072       0.734 f
  u_dbg_bp/U22/Y (NOR2X1_RVT)                                 0.056       0.79 r
  u_dbg_trig/U05/Y (BUFX4_RVT)                                  0.081       0.871 r
  u_dbg_trig/dout_reg[0]/D (DFFARX1_RVT)                        0.071      0.942 f
  data arrival time                                                    0.942

  clock CLK_DEBUG (rise edge)                                  5     5
  clock network delay (propagated)                        0.154      5.154
  clock uncertainty                                      -0.05   5.104
  u_dbg_trig/dout_reg[0]/CK (DFFARX1_RVT)                       0.000       5.104 r
  library setup time                                     -0.071   5.033
  data required time                                                   5.033
  -------------------------------------------------------------------------
  data required time                                                   5.033
  data arrival time                                                   -0.942
  -------------------------------------------------------------------------
  slack (MET)   4.091


=========================================================================
                   DEBUG_UNIT_TOP — TIMING SUMMARY
=========================================================================

  Block        : DEBUG_UNIT_TOP
  Corner       : ss_0p72v_0p72v_125c
  Check        : max  (Worst-case Setup — Slow corner, high temp)
  Clock        : CLK_DEBUG  Period = 5 ns  (200 MHz)
  Technology   : SAED 32nm RVT

  ┌────────────────────────────────────────────────────────────────┐
  │ Sub-Unit      WNS (ns)  TNS (ns)  #Viol   WHS (ns)  #HViol  │
  ├────────────────────────────────────────────────────────────────┤
  │ u_dbg_jtag          4.091       0        0      0.075        0     │
  │ u_dbg_tap          0.054       0        0      0.13        0     │
  │ u_dbg_bp          0.185       0        0      0.111        0     │
  │ u_dbg_trig          0.152       0        0      0.121        0     │
  ├────────────────────────────────────────────────────────────────┤
  │ DEBUG_UNIT_TOP  4.091       0        0      0.075        0     │
  └────────────────────────────────────────────────────────────────┘

  Status : ALL PATHS CLEAN — No Setup or Hold Violations


=========================================================================
                   TIMING EXCEPTIONS APPLIED
=========================================================================

  set_false_path -from [get_ports SCAN_EN]      -to [all_registers]
  set_false_path -from [get_ports TEST_MODE]     -to [all_registers]
  set_multicycle_path 2 -setup -from [get_cells u_dbg_jtag/*] -to [get_cells u_dbg_trig/*]
  set_multicycle_path 1 -hold  -from [get_cells u_dbg_jtag/*] -to [get_cells u_dbg_trig/*]
  set_input_delay  0.400 -clock CLK_DEBUG -max [all_inputs]
  set_output_delay 0.350 -clock CLK_DEBUG -max [all_outputs]


=========================================================================
                   CLOCK DOMAIN SUMMARY
=========================================================================

  Clock    : CLK_DEBUG
  Period   : 5 ns
  Waveform : {0.000 2.5}
  Skew     : 0.023 ns  (max across DEBUG_UNIT_TOP)
  Latency  : 0.154 ns  (max)


=========================================================================
                   CONSTRAINT COVERAGE
=========================================================================

  Total register endpoints   : 3886
  Constrained endpoints      : 5068
  Unconstrained endpoints    :      0
  Coverage                   :  100.0%


=========================================================================
                   TOOL / RUN INFORMATION
=========================================================================

  Tool         : Synopsys PrimeTime 2023.06-SP3
  Run Host     : sta-server-01
  Run Dir      : /proj/cpu_rtl/sta/UNCORE/DEBUG_UNIT/run_ss_0p72v_0p72v_125c
  SDC File     : /proj/cpu_rtl/constraints/DEBUG_UNIT_TOP.sdc
  Netlist      : /proj/cpu_rtl/netlist/DEBUG_UNIT_TOP.v.gz
  SPEF File    : /proj/cpu_rtl/spef/DEBUG_UNIT_TOP.spef.gz
  Liberty      : saed32nm_rvt_ss_0p72v_0p72v_125c.db
  Elapsed Time : 00:04:39
  Peak Memory  : 2.949 GB

=========================================================================
End of Report
=========================================================================
