****************************************
Report : timing
        -path_type full
        -delay_type min
        -max_paths 10
        -sort_by slack
Design : DEBUG_UNIT_TOP
Version: PrimeTime 2023.06-SP3
Date   : Sat Aug 15 17:34:54 2026
Corner : ff_1p16v_1p16v_n40c
Note   : Worst-case Hold  — Fast corner, cold temp
****************************************

Operating Conditions : ff_1p16v_1p16v_n40c (Library: saed32nm_rvt)
Wire Load Model Mode : Interconnect (StarRC Extracted)

  Startpoint : u_dbg_jtag/din_reg[0]
               (rising edge-triggered flip-flop clocked by CLK_DEBUG)
  Endpoint   : u_dbg_trig/dout_reg[0]
               (rising edge-triggered flip-flop clocked by CLK_DEBUG)
  Path Group : CLK_DEBUG
  Path Type  : min

  Point                                                   Incr        Path
  -------------------------------------------------------------------------
  clock CLK_DEBUG (rise edge)                                  0.000       0.000
  clock network delay (propagated)                        0.145      0.145
  u_dbg_jtag/din_reg[0]/CK (DFFARX1_RVT)                        0.000       0.145 r
  u_dbg_jtag/din_reg[0]/Q  (DFFARX1_RVT)                        0.111       0.256 r
  u_dbg_jtag/U12/Y (INVX2_RVT)                                  0.031       0.287 f
  u_dbg_jtag/U34/Y (NAND2X1_RVT)                                0.065       0.352 r
  u_dbg_tap/U07/Y (AOI22X1_RVT)                                0.093       0.445 f
  u_dbg_tap/U19/Y (OAI21X1_RVT)                                0.084       0.529 r
  u_dbg_bp/U03/Y (MUX21X1_RVT)                                0.065       0.594 r
  u_dbg_bp/U11/Y (AND2X1_RVT)                                 0.049       0.643 f
  u_dbg_bp/U22/Y (NOR2X1_RVT)                                 0.061       0.704 r
  u_dbg_trig/U05/Y (BUFX4_RVT)                                  0.072       0.776 r
  u_dbg_trig/dout_reg[0]/D (DFFARX1_RVT)                        0.069      0.845 f
  data arrival time                                                    0.845

  clock CLK_DEBUG (rise edge)                                  5     5
  clock network delay (propagated)                        0.145      5.145
  clock uncertainty                                      -0.05   5.095
  u_dbg_trig/dout_reg[0]/CK (DFFARX1_RVT)                       0.000       5.095 r
  library setup time                                     -0.083   5.012
  data required time                                                   5.012
  -------------------------------------------------------------------------
  data required time                                                   5.012
  data arrival time                                                   -0.845
  -------------------------------------------------------------------------
  slack (MET)   4.167


=========================================================================
                   DEBUG_UNIT_TOP — TIMING SUMMARY
=========================================================================

  Block        : DEBUG_UNIT_TOP
  Corner       : ff_1p16v_1p16v_n40c
  Check        : min  (Worst-case Hold  — Fast corner, cold temp)
  Clock        : CLK_DEBUG  Period = 5 ns  (200 MHz)
  Technology   : SAED 32nm RVT

  ┌────────────────────────────────────────────────────────────────┐
  │ Sub-Unit      WNS (ns)  TNS (ns)  #Viol   WHS (ns)  #HViol  │
  ├────────────────────────────────────────────────────────────────┤
  │ u_dbg_jtag          4.167       0        0      0.091        0     │
  │ u_dbg_tap          0.184       0        0      0.109        0     │
  │ u_dbg_bp          0.149       0        0      0.066        0     │
  │ u_dbg_trig          0.111       0        0      0.062        0     │
  ├────────────────────────────────────────────────────────────────┤
  │ DEBUG_UNIT_TOP  4.167       0        0      0.091        0     │
  └────────────────────────────────────────────────────────────────┘

  Status : ALL PATHS CLEAN — No Setup or Hold Violations


=========================================================================
                   TIMING EXCEPTIONS APPLIED
=========================================================================

  set_false_path -from [get_ports SCAN_EN]      -to [all_registers]
  set_false_path -from [get_ports TEST_MODE]     -to [all_registers]
  set_multicycle_path 2 -setup -from [get_cells u_dbg_jtag/*] -to [get_cells u_dbg_trig/*]
  set_multicycle_path 1 -hold  -from [get_cells u_dbg_jtag/*] -to [get_cells u_dbg_trig/*]
  set_input_delay  0.400 -clock CLK_DEBUG -max [all_inputs]
  set_output_delay 0.350 -clock CLK_DEBUG -max [all_outputs]


=========================================================================
                   CLOCK DOMAIN SUMMARY
=========================================================================

  Clock    : CLK_DEBUG
  Period   : 5 ns
  Waveform : {0.000 2.5}
  Skew     : 0.024 ns  (max across DEBUG_UNIT_TOP)
  Latency  : 0.145 ns  (max)


=========================================================================
                   CONSTRAINT COVERAGE
=========================================================================

  Total register endpoints   : 4451
  Constrained endpoints      : 3544
  Unconstrained endpoints    :      0
  Coverage                   :  100.0%


=========================================================================
                   TOOL / RUN INFORMATION
=========================================================================

  Tool         : Synopsys PrimeTime 2023.06-SP3
  Run Host     : sta-server-01
  Run Dir      : /proj/cpu_rtl/sta/UNCORE/DEBUG_UNIT/run_ff_1p16v_1p16v_n40c
  SDC File     : /proj/cpu_rtl/constraints/DEBUG_UNIT_TOP.sdc
  Netlist      : /proj/cpu_rtl/netlist/DEBUG_UNIT_TOP.v.gz
  SPEF File    : /proj/cpu_rtl/spef/DEBUG_UNIT_TOP.spef.gz
  Liberty      : saed32nm_rvt_ff_1p16v_1p16v_n40c.db
  Elapsed Time : 00:02:41
  Peak Memory  : 4.307 GB

=========================================================================
End of Report
=========================================================================
