****************************************
Report : timing
        -path_type full
        -delay_type min
        -max_paths 10
        -sort_by slack
Design : DEBUG_UNIT_TOP
Version: PrimeTime 2023.06-SP3
Date   : Sat Aug 15 18:20:45 2026
Corner : ff_1p16v_1p16v_n40c
Note   : Hold POCV — sigma=3, cold fast corner
****************************************

Operating Conditions : ff_1p16v_1p16v_n40c (Library: saed32nm_rvt)
Wire Load Model Mode : Interconnect (StarRC Extracted)

  Startpoint : u_dbg_jtag/din_reg[0]
               (rising edge-triggered flip-flop clocked by CLK_DEBUG)
  Endpoint   : u_dbg_trig/dout_reg[0]
               (rising edge-triggered flip-flop clocked by CLK_DEBUG)
  Path Group : CLK_DEBUG
  Path Type  : min

  Point                                                   Incr        Path
  -------------------------------------------------------------------------
  clock CLK_DEBUG (rise edge)                                  0.000       0.000
  clock network delay (propagated)                        0.163      0.163
  u_dbg_jtag/din_reg[0]/CK (DFFARX1_RVT)                        0.000       0.163 r
  u_dbg_jtag/din_reg[0]/Q  (DFFARX1_RVT)                        0.125         0.288 r
  u_dbg_jtag/U12/Y (INVX2_RVT)                                  0.041         0.329 f
  u_dbg_jtag/U34/Y (NAND2X1_RVT)                                0.093         0.422 r
  u_dbg_tap/U07/Y (AOI22X1_RVT)                                0.087         0.509 f
  u_dbg_tap/U19/Y (OAI21X1_RVT)                                0.097         0.606 r
  u_dbg_bp/U03/Y (MUX21X1_RVT)                                0.08         0.686 r
  u_dbg_bp/U11/Y (AND2X1_RVT)                                 0.078         0.764 f
  u_dbg_bp/U22/Y (NOR2X1_RVT)                                 0.061         0.825 r
  u_dbg_trig/U05/Y (BUFX4_RVT)                                  0.055         0.88 r
  u_dbg_trig/dout_reg[0]/D (DFFARX1_RVT)                        0.069        0.949 f
  data arrival time                                                    0.949

  clock CLK_DEBUG (rise edge)                                  5     5
  clock network delay (propagated)                        0.163      5.163
  clock uncertainty                                      -0.05   5.113
  u_dbg_trig/dout_reg[0]/CK (DFFARX1_RVT)                       0.000       5.113 r
  library setup time                                     -0.081   5.032
  data required time                                                   5.032
  -------------------------------------------------------------------------
  data required time                                                   5.032
  data arrival time                                                   -0.949
  -------------------------------------------------------------------------
  slack (MET)      4.083


=========================================================================
                   DEBUG_UNIT_TOP -- TIMING SUMMARY
=========================================================================

  Block        : DEBUG_UNIT_TOP
  Corner       : ff_1p16v_1p16v_n40c
  Check        : min  (Hold POCV — sigma=3, cold fast corner)
  Clock        : CLK_DEBUG  Period = 5 ns  (200 MHz)
  Technology   : SAED 32nm RVT

  +------------------------------------------------------------------+
  | Sub-Unit          WNS (ns)  TNS (ns)  #Viol   WHS (ns)  #HViol  |
  +------------------------------------------------------------------+
  | u_dbg_jtag          4.083       0.000       0      0.092        0     |
  | u_dbg_tap          0.099       0.000       0      0.089        0     |
  | u_dbg_bp          0.058       0.000       0      0.118        0     |
  | u_dbg_trig          0.131       0.000       0      0.109        0     |
  +------------------------------------------------------------------+
  | DEBUG_UNIT_TOP   4.083       0.000       0      0.092        0     |
  +------------------------------------------------------------------+

  Status : ALL PATHS CLEAN -- No Setup or Hold Violations


=========================================================================
                   TIMING EXCEPTIONS APPLIED
=========================================================================

  set_false_path -from [get_ports SCAN_EN]      -to [all_registers]
  set_false_path -from [get_ports TEST_MODE]     -to [all_registers]
  set_multicycle_path 2 -setup -from [get_cells u_dbg_jtag/*] -to [get_cells u_dbg_trig/*]
  set_multicycle_path 1 -hold  -from [get_cells u_dbg_jtag/*] -to [get_cells u_dbg_trig/*]
  set_input_delay  0.400 -clock CLK_DEBUG -max [all_inputs]
  set_output_delay 0.350 -clock CLK_DEBUG -max [all_outputs]


=========================================================================
                   CLOCK DOMAIN SUMMARY
=========================================================================

  Clock    : CLK_DEBUG
  Period   : 5 ns
  Waveform : {0.000 2.5}
  Skew     : 0.016 ns  (max across DEBUG_UNIT_TOP)
  Latency  : 0.163 ns  (max)


=========================================================================
                   CONSTRAINT COVERAGE
=========================================================================

  Total register endpoints   : 6587
  Constrained endpoints      : 4909
  Unconstrained endpoints    :      0
  Coverage                   :  100.0%


=========================================================================
                   TOOL / RUN INFORMATION
=========================================================================

  Tool         : Synopsys PrimeTime 2023.06-SP3
  Run Host     : sta-server-01
  Run Dir      : /proj/cpu_rtl/sta/UNCORE/DEBUG_UNIT/run_ff_1p16v_1p16v_n40c
  SDC File     : /proj/cpu_rtl/constraints/DEBUG_UNIT_TOP.sdc
  Netlist      : /proj/cpu_rtl/netlist/DEBUG_UNIT_TOP.v.gz
  SPEF File    : /proj/cpu_rtl/spef/DEBUG_UNIT_TOP.spef.gz
  Liberty      : saed32nm_rvt_ff_1p16v_1p16v_n40c.db
  Elapsed Time : 00:02:11
  Peak Memory  : 4.899 GB

=========================================================================
End of Report
=========================================================================
