****************************************
Report : timing
        -path_type full
        -delay_type min
        -max_paths 10
        -sort_by slack
Design : DEBUG_UNIT_TOP
Version: PrimeTime 2023.06-SP3
Date   : Sat Aug 15 18:20:45 2026
Corner : tt_0p90v_0p90v_85c
Note   : Hold check — Typical corner, 85 deg C
****************************************

Operating Conditions : tt_0p90v_0p90v_85c (Library: saed32nm_rvt)
Wire Load Model Mode : Interconnect (StarRC Extracted)

  Startpoint : u_dbg_jtag/din_reg[0]
               (rising edge-triggered flip-flop clocked by CLK_DEBUG)
  Endpoint   : u_dbg_trig/dout_reg[0]
               (rising edge-triggered flip-flop clocked by CLK_DEBUG)
  Path Group : CLK_DEBUG
  Path Type  : min

  Point                                                   Incr        Path
  -------------------------------------------------------------------------
  clock CLK_DEBUG (rise edge)                                  0.000       0.000
  clock network delay (propagated)                        0.14      0.14
  u_dbg_jtag/din_reg[0]/CK (DFFARX1_RVT)                        0.000       0.14 r
  u_dbg_jtag/din_reg[0]/Q  (DFFARX1_RVT)                        0.126         0.266 r
  u_dbg_jtag/U12/Y (INVX2_RVT)                                  0.039         0.305 f
  u_dbg_jtag/U34/Y (NAND2X1_RVT)                                0.071         0.376 r
  u_dbg_tap/U07/Y (AOI22X1_RVT)                                0.076         0.452 f
  u_dbg_tap/U19/Y (OAI21X1_RVT)                                0.08         0.532 r
  u_dbg_bp/U03/Y (MUX21X1_RVT)                                0.067         0.599 r
  u_dbg_bp/U11/Y (AND2X1_RVT)                                 0.053         0.652 f
  u_dbg_bp/U22/Y (NOR2X1_RVT)                                 0.068         0.72 r
  u_dbg_trig/U05/Y (BUFX4_RVT)                                  0.082         0.802 r
  u_dbg_trig/dout_reg[0]/D (DFFARX1_RVT)                        0.062        0.864 f
  data arrival time                                                    0.864

  clock CLK_DEBUG (rise edge)                                  5     5
  clock network delay (propagated)                        0.14      5.14
  clock uncertainty                                      -0.05   5.09
  u_dbg_trig/dout_reg[0]/CK (DFFARX1_RVT)                       0.000       5.09 r
  library setup time                                     -0.083   5.007
  data required time                                                   5.007
  -------------------------------------------------------------------------
  data required time                                                   5.007
  data arrival time                                                   -0.864
  -------------------------------------------------------------------------
  slack (MET)      4.143


=========================================================================
                   DEBUG_UNIT_TOP -- TIMING SUMMARY
=========================================================================

  Block        : DEBUG_UNIT_TOP
  Corner       : tt_0p90v_0p90v_85c
  Check        : min  (Hold check — Typical corner, 85 deg C)
  Clock        : CLK_DEBUG  Period = 5 ns  (200 MHz)
  Technology   : SAED 32nm RVT

  +------------------------------------------------------------------+
  | Sub-Unit          WNS (ns)  TNS (ns)  #Viol   WHS (ns)  #HViol  |
  +------------------------------------------------------------------+
  | u_dbg_jtag          4.143       0.000       0      0.094        0     |
  | u_dbg_tap          0.245       0.000       0      0.123        0     |
  | u_dbg_bp          0.058       0.000       0      0.088        0     |
  | u_dbg_trig          0.051       0.000       0      0.095        0     |
  +------------------------------------------------------------------+
  | DEBUG_UNIT_TOP   4.143       0.000       0      0.094        0     |
  +------------------------------------------------------------------+

  Status : ALL PATHS CLEAN -- No Setup or Hold Violations


=========================================================================
                   TIMING EXCEPTIONS APPLIED
=========================================================================

  set_false_path -from [get_ports SCAN_EN]      -to [all_registers]
  set_false_path -from [get_ports TEST_MODE]     -to [all_registers]
  set_multicycle_path 2 -setup -from [get_cells u_dbg_jtag/*] -to [get_cells u_dbg_trig/*]
  set_multicycle_path 1 -hold  -from [get_cells u_dbg_jtag/*] -to [get_cells u_dbg_trig/*]
  set_input_delay  0.400 -clock CLK_DEBUG -max [all_inputs]
  set_output_delay 0.350 -clock CLK_DEBUG -max [all_outputs]


=========================================================================
                   CLOCK DOMAIN SUMMARY
=========================================================================

  Clock    : CLK_DEBUG
  Period   : 5 ns
  Waveform : {0.000 2.5}
  Skew     : 0.019 ns  (max across DEBUG_UNIT_TOP)
  Latency  : 0.14 ns  (max)


=========================================================================
                   CONSTRAINT COVERAGE
=========================================================================

  Total register endpoints   : 5267
  Constrained endpoints      : 1089
  Unconstrained endpoints    :      0
  Coverage                   :  100.0%


=========================================================================
                   TOOL / RUN INFORMATION
=========================================================================

  Tool         : Synopsys PrimeTime 2023.06-SP3
  Run Host     : sta-server-01
  Run Dir      : /proj/cpu_rtl/sta/UNCORE/DEBUG_UNIT/run_tt_0p90v_0p90v_85c
  SDC File     : /proj/cpu_rtl/constraints/DEBUG_UNIT_TOP.sdc
  Netlist      : /proj/cpu_rtl/netlist/DEBUG_UNIT_TOP.v.gz
  SPEF File    : /proj/cpu_rtl/spef/DEBUG_UNIT_TOP.spef.gz
  Liberty      : saed32nm_rvt_tt_0p90v_0p90v_85c.db
  Elapsed Time : 00:05:22
  Peak Memory  : 3.319 GB

=========================================================================
End of Report
=========================================================================
