****************************************
Report : timing
        -path_type full
        -delay_type min
        -max_paths 10
        -sort_by slack
Design : DEBUG_UNIT_TOP
Version: PrimeTime 2023.06-SP3
Date   : Sat Aug 15 18:20:45 2026
Corner : ff_1p32v_1p32v_n40c
Note   : Hold — High-voltage fast corner, cold
****************************************

Operating Conditions : ff_1p32v_1p32v_n40c (Library: saed32nm_rvt)
Wire Load Model Mode : Interconnect (StarRC Extracted)

  Startpoint : u_dbg_jtag/din_reg[0]
               (rising edge-triggered flip-flop clocked by CLK_DEBUG)
  Endpoint   : u_dbg_trig/dout_reg[0]
               (rising edge-triggered flip-flop clocked by CLK_DEBUG)
  Path Group : CLK_DEBUG
  Path Type  : min

  Point                                                   Incr        Path
  -------------------------------------------------------------------------
  clock CLK_DEBUG (rise edge)                                  0.000       0.000
  clock network delay (propagated)                        0.138      0.138
  u_dbg_jtag/din_reg[0]/CK (DFFARX1_RVT)                        0.000       0.138 r
  u_dbg_jtag/din_reg[0]/Q  (DFFARX1_RVT)                        0.138         0.276 r
  u_dbg_jtag/U12/Y (INVX2_RVT)                                  0.031         0.307 f
  u_dbg_jtag/U34/Y (NAND2X1_RVT)                                0.089         0.396 r
  u_dbg_tap/U07/Y (AOI22X1_RVT)                                0.101         0.497 f
  u_dbg_tap/U19/Y (OAI21X1_RVT)                                0.092         0.589 r
  u_dbg_bp/U03/Y (MUX21X1_RVT)                                0.091         0.68 r
  u_dbg_bp/U11/Y (AND2X1_RVT)                                 0.065         0.745 f
  u_dbg_bp/U22/Y (NOR2X1_RVT)                                 0.055         0.8 r
  u_dbg_trig/U05/Y (BUFX4_RVT)                                  0.072         0.872 r
  u_dbg_trig/dout_reg[0]/D (DFFARX1_RVT)                        0.069        0.941 f
  data arrival time                                                    0.941

  clock CLK_DEBUG (rise edge)                                  5     5
  clock network delay (propagated)                        0.138      5.138
  clock uncertainty                                      -0.05   5.088
  u_dbg_trig/dout_reg[0]/CK (DFFARX1_RVT)                       0.000       5.088 r
  library setup time                                     -0.082   5.006
  data required time                                                   5.006
  -------------------------------------------------------------------------
  data required time                                                   5.006
  data arrival time                                                   -0.941
  -------------------------------------------------------------------------
  slack (MET)      4.065


=========================================================================
                   DEBUG_UNIT_TOP -- TIMING SUMMARY
=========================================================================

  Block        : DEBUG_UNIT_TOP
  Corner       : ff_1p32v_1p32v_n40c
  Check        : min  (Hold — High-voltage fast corner, cold)
  Clock        : CLK_DEBUG  Period = 5 ns  (200 MHz)
  Technology   : SAED 32nm RVT

  +------------------------------------------------------------------+
  | Sub-Unit          WNS (ns)  TNS (ns)  #Viol   WHS (ns)  #HViol  |
  +------------------------------------------------------------------+
  | u_dbg_jtag          4.065       0.000       0      0.123        0     |
  | u_dbg_tap          0.075       0.000       0      0.064        0     |
  | u_dbg_bp          0.102       0.000       0      0.109        0     |
  | u_dbg_trig          0.16       0.000       0      0.073        0     |
  +------------------------------------------------------------------+
  | DEBUG_UNIT_TOP   4.065       0.000       0      0.123        0     |
  +------------------------------------------------------------------+

  Status : ALL PATHS CLEAN -- No Setup or Hold Violations


=========================================================================
                   TIMING EXCEPTIONS APPLIED
=========================================================================

  set_false_path -from [get_ports SCAN_EN]      -to [all_registers]
  set_false_path -from [get_ports TEST_MODE]     -to [all_registers]
  set_multicycle_path 2 -setup -from [get_cells u_dbg_jtag/*] -to [get_cells u_dbg_trig/*]
  set_multicycle_path 1 -hold  -from [get_cells u_dbg_jtag/*] -to [get_cells u_dbg_trig/*]
  set_input_delay  0.400 -clock CLK_DEBUG -max [all_inputs]
  set_output_delay 0.350 -clock CLK_DEBUG -max [all_outputs]


=========================================================================
                   CLOCK DOMAIN SUMMARY
=========================================================================

  Clock    : CLK_DEBUG
  Period   : 5 ns
  Waveform : {0.000 2.5}
  Skew     : 0.027 ns  (max across DEBUG_UNIT_TOP)
  Latency  : 0.138 ns  (max)


=========================================================================
                   CONSTRAINT COVERAGE
=========================================================================

  Total register endpoints   : 2537
  Constrained endpoints      : 4584
  Unconstrained endpoints    :      0
  Coverage                   :  100.0%


=========================================================================
                   TOOL / RUN INFORMATION
=========================================================================

  Tool         : Synopsys PrimeTime 2023.06-SP3
  Run Host     : sta-server-01
  Run Dir      : /proj/cpu_rtl/sta/UNCORE/DEBUG_UNIT/run_ff_1p32v_1p32v_n40c
  SDC File     : /proj/cpu_rtl/constraints/DEBUG_UNIT_TOP.sdc
  Netlist      : /proj/cpu_rtl/netlist/DEBUG_UNIT_TOP.v.gz
  SPEF File    : /proj/cpu_rtl/spef/DEBUG_UNIT_TOP.spef.gz
  Liberty      : saed32nm_rvt_ff_1p32v_1p32v_n40c.db
  Elapsed Time : 00:01:57
  Peak Memory  : 2.395 GB

=========================================================================
End of Report
=========================================================================
