****************************************
Report : timing
        -path_type full
        -delay_type max
        -max_paths 10
        -sort_by slack
Design : DEBUG_UNIT_TOP
Version: PrimeTime 2023.06-SP3
Date   : Sat Aug 15 18:20:45 2026
Corner : ss_0p72v_0p72v_125c
Note   : Setup with Signal Integrity (crosstalk) — Worst corner
****************************************

Operating Conditions : ss_0p72v_0p72v_125c (Library: saed32nm_rvt)
Wire Load Model Mode : Interconnect (StarRC Extracted)

  Startpoint : u_dbg_jtag/din_reg[0]
               (rising edge-triggered flip-flop clocked by CLK_DEBUG)
  Endpoint   : u_dbg_trig/dout_reg[0]
               (rising edge-triggered flip-flop clocked by CLK_DEBUG)
  Path Group : CLK_DEBUG
  Path Type  : max

  Point                                                   Incr        Path
  -------------------------------------------------------------------------
  clock CLK_DEBUG (rise edge)                                  0.000       0.000
  clock network delay (propagated)                        0.154      0.154
  u_dbg_jtag/din_reg[0]/CK (DFFARX1_RVT)                        0.000       0.154 r
  u_dbg_jtag/din_reg[0]/Q  (DFFARX1_RVT)                        0.112         0.266 r
  u_dbg_jtag/U12/Y (INVX2_RVT)                                  0.054         0.32 f
  u_dbg_jtag/U34/Y (NAND2X1_RVT)                                0.082         0.402 r
  u_dbg_tap/U07/Y (AOI22X1_RVT)                                0.096         0.498 f
  u_dbg_tap/U19/Y (OAI21X1_RVT)                                0.098         0.596 r
  u_dbg_bp/U03/Y (MUX21X1_RVT)                                0.082         0.678 r
  u_dbg_bp/U11/Y (AND2X1_RVT)                                 0.084         0.762 f
  u_dbg_bp/U22/Y (NOR2X1_RVT)                                 0.042         0.804 r
  u_dbg_trig/U05/Y (BUFX4_RVT)                                  0.086         0.89 r
  u_dbg_trig/dout_reg[0]/D (DFFARX1_RVT)                        0.071        0.961 f
  data arrival time                                                    0.961

  clock CLK_DEBUG (rise edge)                                  5     5
  clock network delay (propagated)                        0.154      5.154
  clock uncertainty                                      -0.05   5.104
  u_dbg_trig/dout_reg[0]/CK (DFFARX1_RVT)                       0.000       5.104 r
  library setup time                                     -0.078   5.026
  data required time                                                   5.026
  -------------------------------------------------------------------------
  data required time                                                   5.026
  data arrival time                                                   -0.961
  -------------------------------------------------------------------------
  slack (MET)      4.065


=========================================================================
                   DEBUG_UNIT_TOP -- TIMING SUMMARY
=========================================================================

  Block        : DEBUG_UNIT_TOP
  Corner       : ss_0p72v_0p72v_125c
  Check        : max  (Setup with Signal Integrity (crosstalk) — Worst corner)
  Clock        : CLK_DEBUG  Period = 5 ns  (200 MHz)
  Technology   : SAED 32nm RVT

  +------------------------------------------------------------------+
  | Sub-Unit          WNS (ns)  TNS (ns)  #Viol   WHS (ns)  #HViol  |
  +------------------------------------------------------------------+
  | u_dbg_jtag          4.065       0.000       0      0.063        0     |
  | u_dbg_tap          0.057       0.000       0      0.069        0     |
  | u_dbg_bp          0.16       0.000       0      0.108        0     |
  | u_dbg_trig          0.078       0.000       0      0.046        0     |
  +------------------------------------------------------------------+
  | DEBUG_UNIT_TOP   4.065       0.000       0      0.063        0     |
  +------------------------------------------------------------------+

  Status : ALL PATHS CLEAN -- No Setup or Hold Violations


=========================================================================
                   TIMING EXCEPTIONS APPLIED
=========================================================================

  set_false_path -from [get_ports SCAN_EN]      -to [all_registers]
  set_false_path -from [get_ports TEST_MODE]     -to [all_registers]
  set_multicycle_path 2 -setup -from [get_cells u_dbg_jtag/*] -to [get_cells u_dbg_trig/*]
  set_multicycle_path 1 -hold  -from [get_cells u_dbg_jtag/*] -to [get_cells u_dbg_trig/*]
  set_input_delay  0.400 -clock CLK_DEBUG -max [all_inputs]
  set_output_delay 0.350 -clock CLK_DEBUG -max [all_outputs]


=========================================================================
                   CLOCK DOMAIN SUMMARY
=========================================================================

  Clock    : CLK_DEBUG
  Period   : 5 ns
  Waveform : {0.000 2.5}
  Skew     : 0.016 ns  (max across DEBUG_UNIT_TOP)
  Latency  : 0.154 ns  (max)


=========================================================================
                   CONSTRAINT COVERAGE
=========================================================================

  Total register endpoints   : 2217
  Constrained endpoints      : 5582
  Unconstrained endpoints    :      0
  Coverage                   :  100.0%


=========================================================================
                   TOOL / RUN INFORMATION
=========================================================================

  Tool         : Synopsys PrimeTime 2023.06-SP3
  Run Host     : sta-server-01
  Run Dir      : /proj/cpu_rtl/sta/UNCORE/DEBUG_UNIT/run_ss_0p72v_0p72v_125c
  SDC File     : /proj/cpu_rtl/constraints/DEBUG_UNIT_TOP.sdc
  Netlist      : /proj/cpu_rtl/netlist/DEBUG_UNIT_TOP.v.gz
  SPEF File    : /proj/cpu_rtl/spef/DEBUG_UNIT_TOP.spef.gz
  Liberty      : saed32nm_rvt_ss_0p72v_0p72v_125c.db
  Elapsed Time : 00:05:11
  Peak Memory  : 1.915 GB

=========================================================================
End of Report
=========================================================================
