****************************************
Report : timing
        -path_type full
        -delay_type min
        -max_paths 10
        -sort_by slack
Design : DEBUG_UNIT_TOP
Version: PrimeTime 2023.06-SP3
Date   : Sat Aug 15 18:20:45 2026
Corner : ff_1p16v_1p16v_n40c
Note   : Final tapeout sign-off hold — Fast cold
****************************************

Operating Conditions : ff_1p16v_1p16v_n40c (Library: saed32nm_rvt)
Wire Load Model Mode : Interconnect (StarRC Extracted)

  Startpoint : u_dbg_jtag/din_reg[0]
               (rising edge-triggered flip-flop clocked by CLK_DEBUG)
  Endpoint   : u_dbg_trig/dout_reg[0]
               (rising edge-triggered flip-flop clocked by CLK_DEBUG)
  Path Group : CLK_DEBUG
  Path Type  : min

  Point                                                   Incr        Path
  -------------------------------------------------------------------------
  clock CLK_DEBUG (rise edge)                                  0.000       0.000
  clock network delay (propagated)                        0.144      0.144
  u_dbg_jtag/din_reg[0]/CK (DFFARX1_RVT)                        0.000       0.144 r
  u_dbg_jtag/din_reg[0]/Q  (DFFARX1_RVT)                        0.117         0.261 r
  u_dbg_jtag/U12/Y (INVX2_RVT)                                  0.043         0.304 f
  u_dbg_jtag/U34/Y (NAND2X1_RVT)                                0.081         0.385 r
  u_dbg_tap/U07/Y (AOI22X1_RVT)                                0.109         0.494 f
  u_dbg_tap/U19/Y (OAI21X1_RVT)                                0.085         0.579 r
  u_dbg_bp/U03/Y (MUX21X1_RVT)                                0.09         0.669 r
  u_dbg_bp/U11/Y (AND2X1_RVT)                                 0.061         0.73 f
  u_dbg_bp/U22/Y (NOR2X1_RVT)                                 0.063         0.793 r
  u_dbg_trig/U05/Y (BUFX4_RVT)                                  0.086         0.879 r
  u_dbg_trig/dout_reg[0]/D (DFFARX1_RVT)                        0.072        0.951 f
  data arrival time                                                    0.951

  clock CLK_DEBUG (rise edge)                                  5     5
  clock network delay (propagated)                        0.144      5.144
  clock uncertainty                                      -0.05   5.094
  u_dbg_trig/dout_reg[0]/CK (DFFARX1_RVT)                       0.000       5.094 r
  library setup time                                     -0.071   5.023
  data required time                                                   5.023
  -------------------------------------------------------------------------
  data required time                                                   5.023
  data arrival time                                                   -0.951
  -------------------------------------------------------------------------
  slack (MET)      4.072


=========================================================================
                   DEBUG_UNIT_TOP -- TIMING SUMMARY
=========================================================================

  Block        : DEBUG_UNIT_TOP
  Corner       : ff_1p16v_1p16v_n40c
  Check        : min  (Final tapeout sign-off hold — Fast cold)
  Clock        : CLK_DEBUG  Period = 5 ns  (200 MHz)
  Technology   : SAED 32nm RVT

  +------------------------------------------------------------------+
  | Sub-Unit          WNS (ns)  TNS (ns)  #Viol   WHS (ns)  #HViol  |
  +------------------------------------------------------------------+
  | u_dbg_jtag          4.072       0.000       0      0.088        0     |
  | u_dbg_tap          0.042       0.000       0      0.125        0     |
  | u_dbg_bp          0.086       0.000       0      0.104        0     |
  | u_dbg_trig          0.208       0.000       0      0.117        0     |
  +------------------------------------------------------------------+
  | DEBUG_UNIT_TOP   4.072       0.000       0      0.088        0     |
  +------------------------------------------------------------------+

  Status : ALL PATHS CLEAN -- No Setup or Hold Violations


=========================================================================
                   TIMING EXCEPTIONS APPLIED
=========================================================================

  set_false_path -from [get_ports SCAN_EN]      -to [all_registers]
  set_false_path -from [get_ports TEST_MODE]     -to [all_registers]
  set_multicycle_path 2 -setup -from [get_cells u_dbg_jtag/*] -to [get_cells u_dbg_trig/*]
  set_multicycle_path 1 -hold  -from [get_cells u_dbg_jtag/*] -to [get_cells u_dbg_trig/*]
  set_input_delay  0.400 -clock CLK_DEBUG -max [all_inputs]
  set_output_delay 0.350 -clock CLK_DEBUG -max [all_outputs]


=========================================================================
                   CLOCK DOMAIN SUMMARY
=========================================================================

  Clock    : CLK_DEBUG
  Period   : 5 ns
  Waveform : {0.000 2.5}
  Skew     : 0.026 ns  (max across DEBUG_UNIT_TOP)
  Latency  : 0.144 ns  (max)


=========================================================================
                   CONSTRAINT COVERAGE
=========================================================================

  Total register endpoints   : 3920
  Constrained endpoints      : 3124
  Unconstrained endpoints    :      0
  Coverage                   :  100.0%


=========================================================================
                   TOOL / RUN INFORMATION
=========================================================================

  Tool         : Synopsys PrimeTime 2023.06-SP3
  Run Host     : sta-server-01
  Run Dir      : /proj/cpu_rtl/sta/UNCORE/DEBUG_UNIT/run_ff_1p16v_1p16v_n40c
  SDC File     : /proj/cpu_rtl/constraints/DEBUG_UNIT_TOP.sdc
  Netlist      : /proj/cpu_rtl/netlist/DEBUG_UNIT_TOP.v.gz
  SPEF File    : /proj/cpu_rtl/spef/DEBUG_UNIT_TOP.spef.gz
  Liberty      : saed32nm_rvt_ff_1p16v_1p16v_n40c.db
  Elapsed Time : 00:07:42
  Peak Memory  : 4.351 GB

=========================================================================
End of Report
=========================================================================
