================================================================================
  STA BLOCK DUMP LOG  —  DEBUG_UNIT_TOP
================================================================================

  Block Directory : D:\Certificates\PD_STA_REPORTS\UNCORE\DEBUG_UNIT
  Design          : DEBUG_UNIT_TOP
  Parsed At       : 2026-08-15T19:15:04
  Total Reports   : 31


OWNERSHIP
----------------------------------------
  BLOCK TIMING OWNER           : User54  <user54@company.com>  [EMP-2054]
  TEAM LEAD                    : MTO_User10  <mto10@company.com>  [EMP-1010]
  RTL TEAM LEAD                : TeamLead10  <teamlead10@company.com>
  PD ENGINEER                  : PDEng10  <pdeng10@company.com>
  STA ENGINEER                 : STAEng10  <staeng10@company.com>
  CHIP STA LEAD                : STALead1  <stalead1@company.com>  [EMP-0004]

AGGREGATE SUMMARY
----------------------------------------
  Overall Status   : MET
  Worst WNS  (ns)  : 0.000
  Worst TNS  (ns)  : 0.000
  Worst WHS  (ns)  : 0.000
  Best  WNS  (ns)  : 4.167
  Total Violations : 0

BY CORNER
----------------------------------------
  Name                                              #       WNS       TNS       WHS  STATUS
  ─────────────────────────────────────────────  ────  ────────  ────────  ────────  ──────────
  N/A                                               1     0.000     0.000     0.000  MET
  ff_1p16v_1p16v_125c                               2     4.100     0.000     0.000  MET
  ff_1p16v_1p16v_n40c                               5     4.072     0.000     0.000  MET
  ff_1p32v_1p32v_n40c                               1     4.065     0.000     0.000  MET
  ss_0p63v_0p63v_125c                               1     4.092     0.000     0.066  MET
  ss_0p63v_0p63v_n40c                               1     4.156     0.000     0.000  MET
  ss_0p72v_0p72v_125c                               9     4.043     0.000     0.000  MET
  ss_0p72v_0p72v_n40c                               1     4.065     0.000     0.065  MET
  tt_0p90v_0p90v_25c                                8     4.035     0.000     0.000  MET
  tt_0p90v_0p90v_85c                                2     4.091     0.000     0.000  MET

BY CHECK TYPE
----------------------------------------
  Name                                              #       WNS       TNS       WHS  STATUS
  ─────────────────────────────────────────────  ────  ────────  ────────  ────────  ──────────
  N/A                                               1     0.000     0.000     0.000  MET
  hold                                             11     4.065     0.000     0.000  MET
  setup                                            19     4.035     0.000     0.000  MET

PER-REPORT DETAIL
----------------------------------------
  File     : 01_SETUP_SS_125C_DEBUG_UNIT_TOP.rpt
  Design   : DEBUG_UNIT_TOP        Corner : ss_0p72v_0p72v_125c
  Check    : setup       Clock  : CLK_DEBUG  Period = 5.0 ns  (200.0 MHz)
  WNS      :   +4.091 ns   TNS :   +0.000 ns   WHS :   +0.075 ns
  Slack    :   +4.091 ns   Status : MET
  Status   : ALL PATHS CLEAN — No Setup or Hold Violations
  Coverage : 100.0%   Endpoints : 5068 / 3886
  Tool     : Synopsys PrimeTime 2023.06-SP3
  Runtime  : 00:04:39         Memory : 2.949 GB
  Run Dir  : /proj/cpu_rtl/sta/UNCORE/DEBUG_UNIT/run_ss_0p72v_0p72v_125c

  File     : 02_HOLD_FF_N40C_DEBUG_UNIT_TOP.rpt
  Design   : DEBUG_UNIT_TOP        Corner : ff_1p16v_1p16v_n40c
  Check    : hold        Clock  : CLK_DEBUG  Period = 5.0 ns  (200.0 MHz)
  WNS      :   +4.167 ns   TNS :   +0.000 ns   WHS :   +0.091 ns
  Slack    :   +4.167 ns   Status : MET
  Status   : ALL PATHS CLEAN — No Setup or Hold Violations
  Coverage : 100.0%   Endpoints : 3544 / 4451
  Tool     : Synopsys PrimeTime 2023.06-SP3
  Runtime  : 00:02:41         Memory : 4.307 GB
  Run Dir  : /proj/cpu_rtl/sta/UNCORE/DEBUG_UNIT/run_ff_1p16v_1p16v_n40c

  File     : 03_SETUP_TT_25C_DEBUG_UNIT_TOP.rpt
  Design   : DEBUG_UNIT_TOP        Corner : tt_0p90v_0p90v_25c
  Check    : setup       Clock  : CLK_DEBUG  Period = 5.0 ns  (200.0 MHz)
  WNS      :   +4.076 ns   TNS :   +0.000 ns   WHS :   +0.116 ns
  Slack    :   +4.076 ns   Status : MET
  Status   : ALL PATHS CLEAN — No Setup or Hold Violations
  Coverage : 100.0%   Endpoints : 3521 / 4454
  Tool     : Synopsys PrimeTime 2023.06-SP3
  Runtime  : 00:02:57         Memory : 4.179 GB
  Run Dir  : /proj/cpu_rtl/sta/UNCORE/DEBUG_UNIT/run_tt_0p90v_0p90v_25c

  File     : 04_HOLD_TT_25C_DEBUG_UNIT_TOP.rpt
  Design   : DEBUG_UNIT_TOP        Corner : tt_0p90v_0p90v_25c
  Check    : hold        Clock  : CLK_DEBUG  Period = 5.0 ns  (200.0 MHz)
  WNS      :   +4.099 ns   TNS :   +0.000 ns   WHS :   +0.065 ns
  Slack    :   +4.099 ns   Status : MET
  Status   : ALL PATHS CLEAN — No Setup or Hold Violations
  Coverage : 100.0%   Endpoints : 831 / 2907
  Tool     : Synopsys PrimeTime 2023.06-SP3
  Runtime  : 00:05:36         Memory : 2.847 GB
  Run Dir  : /proj/cpu_rtl/sta/UNCORE/DEBUG_UNIT/run_tt_0p90v_0p90v_25c

  File     : 05_SETUP_SS_M40C_DEBUG_UNIT_TOP.rpt
  Design   : DEBUG_UNIT_TOP        Corner : ss_0p72v_0p72v_n40c
  Check    : setup       Clock  : CLK_DEBUG  Period = 5.0 ns  (200.0 MHz)
  WNS      :   +4.065 ns   TNS :   +0.000 ns   WHS :   +0.065 ns
  Slack    :   +4.065 ns   Status : MET
  Status   : ALL PATHS CLEAN — No Setup or Hold Violations
  Coverage : 100.0%   Endpoints : 3516 / 3297
  Tool     : Synopsys PrimeTime 2023.06-SP3
  Runtime  : 00:06:52         Memory : 2.808 GB
  Run Dir  : /proj/cpu_rtl/sta/UNCORE/DEBUG_UNIT/run_ss_0p72v_0p72v_n40c

  File     : 06_HOLD_FF_125C_DEBUG_UNIT_TOP.rpt
  Design   : DEBUG_UNIT_TOP        Corner : ff_1p16v_1p16v_125c
  Check    : hold        Clock  : CLK_DEBUG  Period = 5.0 ns  (200.0 MHz)
  WNS      :   +4.103 ns   TNS :   +0.000 ns   WHS :   +0.116 ns
  Slack    :   +4.103 ns   Status : MET
  Status   : ALL PATHS CLEAN — No Setup or Hold Violations
  Coverage : 100.0%   Endpoints : 1340 / 1538
  Tool     : Synopsys PrimeTime 2023.06-SP3
  Runtime  : 00:07:24         Memory : 2.245 GB
  Run Dir  : /proj/cpu_rtl/sta/UNCORE/DEBUG_UNIT/run_ff_1p16v_1p16v_125c

  File     : 07_SETUP_LVSS_125C_DEBUG_UNIT_TOP.rpt
  Design   : DEBUG_UNIT_TOP        Corner : ss_0p63v_0p63v_125c
  Check    : setup       Clock  : CLK_DEBUG  Period = 5.0 ns  (200.0 MHz)
  WNS      :   +4.092 ns   TNS :   +0.000 ns   WHS :   +0.066 ns
  Slack    :   +4.092 ns   Status : MET
  Status   : ALL PATHS CLEAN — No Setup or Hold Violations
  Coverage : 100.0%   Endpoints : 2140 / 1705
  Tool     : Synopsys PrimeTime 2023.06-SP3
  Runtime  : 00:07:16         Memory : 1.942 GB
  Run Dir  : /proj/cpu_rtl/sta/UNCORE/DEBUG_UNIT/run_ss_0p63v_0p63v_125c

  File     : 08_CG_CHECK_TT_25C_DEBUG_UNIT_TOP.rpt
  Design   : DEBUG_UNIT_TOP        Corner : tt_0p90v_0p90v_25c
  Check    : setup       Clock  : CLK_DEBUG  Period = 5.0 ns  (200.0 MHz)
  WNS      :   +4.061 ns   TNS :   +0.000 ns   WHS :   +0.068 ns
  Slack    :   +4.061 ns   Status : MET
  Status   : ALL PATHS CLEAN — No Setup or Hold Violations
  Coverage : 100.0%   Endpoints : 4899 / 5054
  Tool     : Synopsys PrimeTime 2023.06-SP3
  Runtime  : 00:02:57         Memory : 1.559 GB
  Run Dir  : /proj/cpu_rtl/sta/UNCORE/DEBUG_UNIT/run_tt_0p90v_0p90v_25c

  File     : 09_RECOVERY_SS_125C_DEBUG_UNIT_TOP.rpt
  Design   : DEBUG_UNIT_TOP        Corner : ss_0p72v_0p72v_125c
  Check    : setup       Clock  : CLK_DEBUG  Period = 5.0 ns  (200.0 MHz)
  WNS      :   +4.062 ns   TNS :   +0.000 ns   WHS :   +0.075 ns
  Slack    :   +4.062 ns   Status : MET
  Status   : ALL PATHS CLEAN — No Setup or Hold Violations
  Coverage : 100.0%   Endpoints : 2407 / 2563
  Tool     : Synopsys PrimeTime 2023.06-SP3
  Runtime  : 00:03:20         Memory : 2.222 GB
  Run Dir  : /proj/cpu_rtl/sta/UNCORE/DEBUG_UNIT/run_ss_0p72v_0p72v_125c

  File     : 10_MULTICYCLE_TT_25C_DEBUG_UNIT_TOP.rpt
  Design   : DEBUG_UNIT_TOP        Corner : tt_0p90v_0p90v_25c
  Check    : setup       Clock  : CLK_DEBUG  Period = 5.0 ns  (200.0 MHz)
  WNS      :   +4.035 ns   TNS :   +0.000 ns   WHS :   +0.061 ns
  Slack    :   +4.035 ns   Status : MET
  Status   : ALL PATHS CLEAN — No Setup or Hold Violations
  Coverage : 100.0%   Endpoints : 5944 / 2146
  Tool     : Synopsys PrimeTime 2023.06-SP3
  Runtime  : 00:05:46         Memory : 3.511 GB
  Run Dir  : /proj/cpu_rtl/sta/UNCORE/DEBUG_UNIT/run_tt_0p90v_0p90v_25c

  File     : 11_SETUP_SS_125C_OCV_DEBUG_UNIT_TOP.rpt
  Design   : DEBUG_UNIT_TOP        Corner : ss_0p72v_0p72v_125c
  Check    : setup       Clock  : CLK_DEBUG  Period = 5.0 ns  (200.0 MHz)
  WNS      :   +4.043 ns   TNS :   +0.000 ns   WHS :   +0.000 ns
  Slack    :   +4.043 ns   Status : MET
  Status   : ALL PATHS CLEAN -- No Setup or Hold Violations
  Coverage : 100.0%   Endpoints : 3883 / 2914
  Tool     : Synopsys PrimeTime 2023.06-SP3
  Runtime  : 00:06:53         Memory : 4.602 GB
  Run Dir  : /proj/cpu_rtl/sta/UNCORE/DEBUG_UNIT/run_ss_0p72v_0p72v_125c

  File     : 12_HOLD_FF_N40C_OCV_DEBUG_UNIT_TOP.rpt
  Design   : DEBUG_UNIT_TOP        Corner : ff_1p16v_1p16v_n40c
  Check    : hold        Clock  : CLK_DEBUG  Period = 5.0 ns  (200.0 MHz)
  WNS      :   +4.150 ns   TNS :   +0.000 ns   WHS :   +0.000 ns
  Slack    :   +4.150 ns   Status : MET
  Status   : ALL PATHS CLEAN -- No Setup or Hold Violations
  Coverage : 100.0%   Endpoints : 1614 / 2128
  Tool     : Synopsys PrimeTime 2023.06-SP3
  Runtime  : 00:07:27         Memory : 2.201 GB
  Run Dir  : /proj/cpu_rtl/sta/UNCORE/DEBUG_UNIT/run_ff_1p16v_1p16v_n40c

  File     : 13_SETUP_SS_125C_POCV_DEBUG_UNIT_TOP.rpt
  Design   : DEBUG_UNIT_TOP        Corner : ss_0p72v_0p72v_125c
  Check    : setup       Clock  : CLK_DEBUG  Period = 5.0 ns  (200.0 MHz)
  WNS      :   +4.100 ns   TNS :   +0.000 ns   WHS :   +0.000 ns
  Slack    :   +4.100 ns   Status : MET
  Status   : ALL PATHS CLEAN -- No Setup or Hold Violations
  Coverage : 100.0%   Endpoints : 1135 / 5101
  Tool     : Synopsys PrimeTime 2023.06-SP3
  Runtime  : 00:04:41         Memory : 2.59 GB
  Run Dir  : /proj/cpu_rtl/sta/UNCORE/DEBUG_UNIT/run_ss_0p72v_0p72v_125c

  File     : 14_HOLD_FF_N40C_POCV_DEBUG_UNIT_TOP.rpt
  Design   : DEBUG_UNIT_TOP        Corner : ff_1p16v_1p16v_n40c
  Check    : hold        Clock  : CLK_DEBUG  Period = 5.0 ns  (200.0 MHz)
  WNS      :   +4.083 ns   TNS :   +0.000 ns   WHS :   +0.000 ns
  Slack    :   +4.083 ns   Status : MET
  Status   : ALL PATHS CLEAN -- No Setup or Hold Violations
  Coverage : 100.0%   Endpoints : 4909 / 6587
  Tool     : Synopsys PrimeTime 2023.06-SP3
  Runtime  : 00:02:11         Memory : 4.899 GB
  Run Dir  : /proj/cpu_rtl/sta/UNCORE/DEBUG_UNIT/run_ff_1p16v_1p16v_n40c

  File     : 15_SETUP_TT_85C_DEBUG_UNIT_TOP.rpt
  Design   : DEBUG_UNIT_TOP        Corner : tt_0p90v_0p90v_85c
  Check    : setup       Clock  : CLK_DEBUG  Period = 5.0 ns  (200.0 MHz)
  WNS      :   +4.091 ns   TNS :   +0.000 ns   WHS :   +0.000 ns
  Slack    :   +4.091 ns   Status : MET
  Status   : ALL PATHS CLEAN -- No Setup or Hold Violations
  Coverage : 100.0%   Endpoints : 4730 / 2662
  Tool     : Synopsys PrimeTime 2023.06-SP3
  Runtime  : 00:02:35         Memory : 4.446 GB
  Run Dir  : /proj/cpu_rtl/sta/UNCORE/DEBUG_UNIT/run_tt_0p90v_0p90v_85c

  File     : 16_HOLD_TT_85C_DEBUG_UNIT_TOP.rpt
  Design   : DEBUG_UNIT_TOP        Corner : tt_0p90v_0p90v_85c
  Check    : hold        Clock  : CLK_DEBUG  Period = 5.0 ns  (200.0 MHz)
  WNS      :   +4.143 ns   TNS :   +0.000 ns   WHS :   +0.000 ns
  Slack    :   +4.143 ns   Status : MET
  Status   : ALL PATHS CLEAN -- No Setup or Hold Violations
  Coverage : 100.0%   Endpoints : 1089 / 5267
  Tool     : Synopsys PrimeTime 2023.06-SP3
  Runtime  : 00:05:22         Memory : 3.319 GB
  Run Dir  : /proj/cpu_rtl/sta/UNCORE/DEBUG_UNIT/run_tt_0p90v_0p90v_85c

  File     : 17_SETUP_FF_125C_DEBUG_UNIT_TOP.rpt
  Design   : DEBUG_UNIT_TOP        Corner : ff_1p16v_1p16v_125c
  Check    : setup       Clock  : CLK_DEBUG  Period = 5.0 ns  (200.0 MHz)
  WNS      :   +4.100 ns   TNS :   +0.000 ns   WHS :   +0.000 ns
  Slack    :   +4.100 ns   Status : MET
  Status   : ALL PATHS CLEAN -- No Setup or Hold Violations
  Coverage : 100.0%   Endpoints : 4043 / 907
  Tool     : Synopsys PrimeTime 2023.06-SP3
  Runtime  : 00:05:16         Memory : 4.84 GB
  Run Dir  : /proj/cpu_rtl/sta/UNCORE/DEBUG_UNIT/run_ff_1p16v_1p16v_125c

  File     : 18_HOLD_SS_125C_DEBUG_UNIT_TOP.rpt
  Design   : DEBUG_UNIT_TOP        Corner : ss_0p72v_0p72v_125c
  Check    : hold        Clock  : CLK_DEBUG  Period = 5.0 ns  (200.0 MHz)
  WNS      :   +4.119 ns   TNS :   +0.000 ns   WHS :   +0.000 ns
  Slack    :   +4.119 ns   Status : MET
  Status   : ALL PATHS CLEAN -- No Setup or Hold Violations
  Coverage : 100.0%   Endpoints : 3223 / 3517
  Tool     : Synopsys PrimeTime 2023.06-SP3
  Runtime  : 00:05:46         Memory : 2.586 GB
  Run Dir  : /proj/cpu_rtl/sta/UNCORE/DEBUG_UNIT/run_ss_0p72v_0p72v_125c

  File     : 19_SETUP_LVSS_N40C_DEBUG_UNIT_TOP.rpt
  Design   : DEBUG_UNIT_TOP        Corner : ss_0p63v_0p63v_n40c
  Check    : setup       Clock  : CLK_DEBUG  Period = 5.0 ns  (200.0 MHz)
  WNS      :   +4.156 ns   TNS :   +0.000 ns   WHS :   +0.000 ns
  Slack    :   +4.156 ns   Status : MET
  Status   : ALL PATHS CLEAN -- No Setup or Hold Violations
  Coverage : 100.0%   Endpoints : 1643 / 3617
  Tool     : Synopsys PrimeTime 2023.06-SP3
  Runtime  : 00:04:34         Memory : 1.672 GB
  Run Dir  : /proj/cpu_rtl/sta/UNCORE/DEBUG_UNIT/run_ss_0p63v_0p63v_n40c

  File     : 20_HOLD_LVFF_N40C_DEBUG_UNIT_TOP.rpt
  Design   : DEBUG_UNIT_TOP        Corner : ff_1p32v_1p32v_n40c
  Check    : hold        Clock  : CLK_DEBUG  Period = 5.0 ns  (200.0 MHz)
  WNS      :   +4.065 ns   TNS :   +0.000 ns   WHS :   +0.000 ns
  Slack    :   +4.065 ns   Status : MET
  Status   : ALL PATHS CLEAN -- No Setup or Hold Violations
  Coverage : 100.0%   Endpoints : 4584 / 2537
  Tool     : Synopsys PrimeTime 2023.06-SP3
  Runtime  : 00:01:57         Memory : 2.395 GB
  Run Dir  : /proj/cpu_rtl/sta/UNCORE/DEBUG_UNIT/run_ff_1p32v_1p32v_n40c

  File     : 21_CG_CHECK_SS_125C_DEBUG_UNIT_TOP.rpt
  Design   : DEBUG_UNIT_TOP        Corner : ss_0p72v_0p72v_125c
  Check    : setup       Clock  : CLK_DEBUG  Period = 5.0 ns  (200.0 MHz)
  WNS      :   +4.147 ns   TNS :   +0.000 ns   WHS :   +0.000 ns
  Slack    :   +4.147 ns   Status : MET
  Status   : ALL PATHS CLEAN -- No Setup or Hold Violations
  Coverage : 100.0%   Endpoints : 4006 / 5675
  Tool     : Synopsys PrimeTime 2023.06-SP3
  Runtime  : 00:02:14         Memory : 3.283 GB
  Run Dir  : /proj/cpu_rtl/sta/UNCORE/DEBUG_UNIT/run_ss_0p72v_0p72v_125c

  File     : 22_RECOVERY_TT_25C_DEBUG_UNIT_TOP.rpt
  Design   : DEBUG_UNIT_TOP        Corner : tt_0p90v_0p90v_25c
  Check    : setup       Clock  : CLK_DEBUG  Period = 5.0 ns  (200.0 MHz)
  WNS      :   +4.137 ns   TNS :   +0.000 ns   WHS :   +0.000 ns
  Slack    :   +4.137 ns   Status : MET
  Status   : ALL PATHS CLEAN -- No Setup or Hold Violations
  Coverage : 100.0%   Endpoints : 5188 / 3250
  Tool     : Synopsys PrimeTime 2023.06-SP3
  Runtime  : 00:02:38         Memory : 4.103 GB
  Run Dir  : /proj/cpu_rtl/sta/UNCORE/DEBUG_UNIT/run_tt_0p90v_0p90v_25c

  File     : 23_MULTICYCLE_SS_125C_DEBUG_UNIT_TOP.rpt
  Design   : DEBUG_UNIT_TOP        Corner : ss_0p72v_0p72v_125c
  Check    : setup       Clock  : CLK_DEBUG  Period = 5.0 ns  (200.0 MHz)
  WNS      :   +4.059 ns   TNS :   +0.000 ns   WHS :   +0.000 ns
  Slack    :   +4.059 ns   Status : MET
  Status   : ALL PATHS CLEAN -- No Setup or Hold Violations
  Coverage : 100.0%   Endpoints : 3814 / 6779
  Tool     : Synopsys PrimeTime 2023.06-SP3
  Runtime  : 00:05:48         Memory : 2.813 GB
  Run Dir  : /proj/cpu_rtl/sta/UNCORE/DEBUG_UNIT/run_ss_0p72v_0p72v_125c

  File     : 24_SETUP_TT_25C_ECO_DEBUG_UNIT_TOP.rpt
  Design   : DEBUG_UNIT_TOP        Corner : tt_0p90v_0p90v_25c
  Check    : setup       Clock  : CLK_DEBUG  Period = 5.0 ns  (200.0 MHz)
  WNS      :   +4.132 ns   TNS :   +0.000 ns   WHS :   +0.000 ns
  Slack    :   +4.132 ns   Status : MET
  Status   : ALL PATHS CLEAN -- No Setup or Hold Violations
  Coverage : 100.0%   Endpoints : 5826 / 6552
  Tool     : Synopsys PrimeTime 2023.06-SP3
  Runtime  : 00:02:39         Memory : 3.527 GB
  Run Dir  : /proj/cpu_rtl/sta/UNCORE/DEBUG_UNIT/run_tt_0p90v_0p90v_25c

  File     : 25_HOLD_TT_25C_ECO_DEBUG_UNIT_TOP.rpt
  Design   : DEBUG_UNIT_TOP        Corner : tt_0p90v_0p90v_25c
  Check    : hold        Clock  : CLK_DEBUG  Period = 5.0 ns  (200.0 MHz)
  WNS      :   +4.106 ns   TNS :   +0.000 ns   WHS :   +0.000 ns
  Slack    :   +4.106 ns   Status : MET
  Status   : ALL PATHS CLEAN -- No Setup or Hold Violations
  Coverage : 100.0%   Endpoints : 4964 / 1607
  Tool     : Synopsys PrimeTime 2023.06-SP3
  Runtime  : 00:08:13         Memory : 4.561 GB
  Run Dir  : /proj/cpu_rtl/sta/UNCORE/DEBUG_UNIT/run_tt_0p90v_0p90v_25c

  File     : 26_SETUP_SS_125C_SI_DEBUG_UNIT_TOP.rpt
  Design   : DEBUG_UNIT_TOP        Corner : ss_0p72v_0p72v_125c
  Check    : setup       Clock  : CLK_DEBUG  Period = 5.0 ns  (200.0 MHz)
  WNS      :   +4.065 ns   TNS :   +0.000 ns   WHS :   +0.000 ns
  Slack    :   +4.065 ns   Status : MET
  Status   : ALL PATHS CLEAN -- No Setup or Hold Violations
  Coverage : 100.0%   Endpoints : 5582 / 2217
  Tool     : Synopsys PrimeTime 2023.06-SP3
  Runtime  : 00:05:11         Memory : 1.915 GB
  Run Dir  : /proj/cpu_rtl/sta/UNCORE/DEBUG_UNIT/run_ss_0p72v_0p72v_125c

  File     : 27_HOLD_FF_N40C_SI_DEBUG_UNIT_TOP.rpt
  Design   : DEBUG_UNIT_TOP        Corner : ff_1p16v_1p16v_n40c
  Check    : hold        Clock  : CLK_DEBUG  Period = 5.0 ns  (200.0 MHz)
  WNS      :   +4.105 ns   TNS :   +0.000 ns   WHS :   +0.000 ns
  Slack    :   +4.105 ns   Status : MET
  Status   : ALL PATHS CLEAN -- No Setup or Hold Violations
  Coverage : 100.0%   Endpoints : 2864 / 1299
  Tool     : Synopsys PrimeTime 2023.06-SP3
  Runtime  : 00:01:32         Memory : 4.367 GB
  Run Dir  : /proj/cpu_rtl/sta/UNCORE/DEBUG_UNIT/run_ff_1p16v_1p16v_n40c

  File     : 28_SETUP_SS_125C_FINAL_DEBUG_UNIT_TOP.rpt
  Design   : DEBUG_UNIT_TOP        Corner : ss_0p72v_0p72v_125c
  Check    : setup       Clock  : CLK_DEBUG  Period = 5.0 ns  (200.0 MHz)
  WNS      :   +4.093 ns   TNS :   +0.000 ns   WHS :   +0.000 ns
  Slack    :   +4.093 ns   Status : MET
  Status   : ALL PATHS CLEAN -- No Setup or Hold Violations
  Coverage : 100.0%   Endpoints : 3122 / 4540
  Tool     : Synopsys PrimeTime 2023.06-SP3
  Runtime  : 00:02:38         Memory : 3.081 GB
  Run Dir  : /proj/cpu_rtl/sta/UNCORE/DEBUG_UNIT/run_ss_0p72v_0p72v_125c

  File     : 29_HOLD_FF_N40C_FINAL_DEBUG_UNIT_TOP.rpt
  Design   : DEBUG_UNIT_TOP        Corner : ff_1p16v_1p16v_n40c
  Check    : hold        Clock  : CLK_DEBUG  Period = 5.0 ns  (200.0 MHz)
  WNS      :   +4.072 ns   TNS :   +0.000 ns   WHS :   +0.000 ns
  Slack    :   +4.072 ns   Status : MET
  Status   : ALL PATHS CLEAN -- No Setup or Hold Violations
  Coverage : 100.0%   Endpoints : 3124 / 3920
  Tool     : Synopsys PrimeTime 2023.06-SP3
  Runtime  : 00:07:42         Memory : 4.351 GB
  Run Dir  : /proj/cpu_rtl/sta/UNCORE/DEBUG_UNIT/run_ff_1p16v_1p16v_n40c

  File     : 30_SETUP_TT_25C_FINAL_DEBUG_UNIT_TOP.rpt
  Design   : DEBUG_UNIT_TOP        Corner : tt_0p90v_0p90v_25c
  Check    : setup       Clock  : CLK_DEBUG  Period = 5.0 ns  (200.0 MHz)
  WNS      :   +4.094 ns   TNS :   +0.000 ns   WHS :   +0.000 ns
  Slack    :   +4.094 ns   Status : MET
  Status   : ALL PATHS CLEAN -- No Setup or Hold Violations
  Coverage : 100.0%   Endpoints : 1269 / 2827
  Tool     : Synopsys PrimeTime 2023.06-SP3
  Runtime  : 00:06:13         Memory : 4.769 GB
  Run Dir  : /proj/cpu_rtl/sta/UNCORE/DEBUG_UNIT/run_tt_0p90v_0p90v_25c

  File     : DEBUG_UNIT_TIMING.rpt
  Design   : N/A                   Corner : N/A
  Check    : N/A         Clock  : N/A  Period = 0.0 ns  (0.0 MHz)
  WNS      :   +0.000 ns   TNS :   +0.000 ns   WHS :   +0.000 ns
  Slack    :   +0.000 ns   Status : UNKNOWN
  Status   : N/A
  Coverage : 0.0%   Endpoints : 0 / 0
  Tool     : N/A
  Runtime  : N/A              Memory : N/A
  Run Dir  : N/A


================================================================================
END OF BLOCK DUMP LOG
================================================================================