================================================================================
  STA TOP-LEVEL DUMP LOG  —  PD_STA_REPORTS
================================================================================

  Root Directory   : D:\Certificates\PD_STA_REPORTS
  Parsed At        : 2026-08-15T19:15:04
  Total Blocks     : 4
  Total Reports    : 44


AGGREGATE SUMMARY
----------------------------------------
  Overall Status   : MET
  Worst WNS  (ns)  : 0.000
  Worst TNS  (ns)  : 0.000
  Worst WHS  (ns)  : 0.000
  Total Violations : 0

BY PIPELINE STAGE
----------------------------------------
  Stage                   Owner            #       WNS       TNS       WHS  STATUS
  ──────────────────────  ────────────  ────  ────────  ────────  ────────  ──────────
  ISSUE                   MTO_User4        4     0.000     0.000     0.000  MET

BY CORNER
----------------------------------------
  Name                                              #       WNS       TNS       WHS  STATUS
  ─────────────────────────────────────────────  ────  ────────  ────────  ────────  ──────────
  N/A                                               4     0.000     0.000     0.000  MET
  ff_1p16v_1p16v_125c                               4     1.046     0.000     0.060  MET
  ff_1p16v_1p16v_n40c                               4     1.059     0.000     0.072  MET
  ss_0p63v_0p63v_125c                               4     1.051     0.000     0.064  MET
  ss_0p72v_0p72v_125c                               8     1.072     0.000     0.065  MET
  ss_0p72v_0p72v_n40c                               4     1.090     0.000     0.073  MET
  tt_0p90v_0p90v_25c                               16     1.048     0.000     0.065  MET

BY CHECK TYPE
----------------------------------------
  Name                                              #       WNS       TNS       WHS  STATUS
  ─────────────────────────────────────────────  ────  ────────  ────────  ────────  ──────────
  N/A                                               4     0.000     0.000     0.000  MET
  hold                                             12     1.046     0.000     0.060  MET
  setup                                            28     1.048     0.000     0.064  MET

PER-BLOCK SUMMARY
----------------------------------------
  Block                                          Design                  Rpts       WNS       TNS       WHS  STATUS      Owner
  ─────────────────────────────────────────────  ──────────────────────  ────  ────────  ────────  ────────  ──────────  ────────────
  ISSUE\IQ_FP                                    IQ_FP_TOP                 11     0.000     0.000     0.000  MET         User17
  ISSUE\IQ_INT                                   IQ_INT_TOP                11     0.000     0.000     0.000  MET         User18
  ISSUE\IQ_LSU                                   IQ_LSU_TOP                11     0.000     0.000     0.000  MET         User19
  ISSUE\WAKEUP_SELECT                            WAKEUP_SELECT_TOP         11     0.000     0.000     0.000  MET         User20

================================================================================
END OF TOP-LEVEL DUMP LOG
================================================================================