================================================================================
  STA TOP-LEVEL DUMP LOG  —  PD_STA_REPORTS
================================================================================

  Root Directory   : D:\Certificates\PD_STA_REPORTS
  Parsed At        : 2026-08-15T19:15:03
  Total Blocks     : 5
  Total Reports    : 55


AGGREGATE SUMMARY
----------------------------------------
  Overall Status   : MET
  Worst WNS  (ns)  : 0.000
  Worst TNS  (ns)  : 0.000
  Worst WHS  (ns)  : 0.000
  Total Violations : 0

BY PIPELINE STAGE
----------------------------------------
  Stage                   Owner            #       WNS       TNS       WHS  STATUS
  ──────────────────────  ────────────  ────  ────────  ────────  ────────  ──────────
  CACHE                   MTO_User9        5     0.000     0.000     0.000  MET

BY CORNER
----------------------------------------
  Name                                              #       WNS       TNS       WHS  STATUS
  ─────────────────────────────────────────────  ────  ────────  ────────  ────────  ──────────
  N/A                                               5     0.000     0.000     0.000  MET
  ff_1p16v_1p16v_125c                               5     1.069     0.000     0.065  MET
  ff_1p16v_1p16v_n40c                               5     1.058     0.000     0.065  MET
  ss_0p63v_0p63v_125c                               5     1.104     0.000     0.069  MET
  ss_0p72v_0p72v_125c                              10     1.045     0.000     0.070  MET
  ss_0p72v_0p72v_n40c                               5     1.043     0.000     0.089  MET
  tt_0p90v_0p90v_25c                               20     1.040     0.000     0.065  MET

BY CHECK TYPE
----------------------------------------
  Name                                              #       WNS       TNS       WHS  STATUS
  ─────────────────────────────────────────────  ────  ────────  ────────  ────────  ──────────
  N/A                                               5     0.000     0.000     0.000  MET
  hold                                             15     1.040     0.000     0.065  MET
  setup                                            35     1.043     0.000     0.065  MET

PER-BLOCK SUMMARY
----------------------------------------
  Block                                          Design                  Rpts       WNS       TNS       WHS  STATUS      Owner
  ─────────────────────────────────────────────  ──────────────────────  ────  ────────  ────────  ────────  ──────────  ────────────
  CACHE\CACHE_CONTROLLER                         CACHE_CTRL_TOP            11     0.000     0.000     0.000  MET         User47
  CACHE\L1D                                      L1D_TOP                   11     0.000     0.000     0.000  MET         User48
  CACHE\L1I                                      L1I_TOP                   11     0.000     0.000     0.000  MET         User49
  CACHE\L2                                       L2_TOP                    11     0.000     0.000     0.000  MET         User50
  CACHE\L3_LLC                                   L3_LLC_TOP                11     0.000     0.000     0.000  MET         User51

================================================================================
END OF TOP-LEVEL DUMP LOG
================================================================================