[2026-08-15 19:15:04] [INFO    ] [sta_top_parser] [sta_top_parser.py:302] ====================================================================
[2026-08-15 19:15:04] [INFO    ] [sta_top_parser] [sta_top_parser.py:303]   sta_top_parser.py — Synopsys PrimeTime STA Hierarchy Parser
[2026-08-15 19:15:04] [INFO    ] [sta_top_parser] [sta_top_parser.py:304]   Root       : D:\Certificates\PD_STA_REPORTS
[2026-08-15 19:15:04] [INFO    ] [sta_top_parser] [sta_top_parser.py:305]   Output dir : D:\Certificates\PD_STA_REPORTS\RESULTS\UNCORE
[2026-08-15 19:15:04] [INFO    ] [sta_top_parser] [sta_top_parser.py:306]   Pattern    : *.rpt
[2026-08-15 19:15:04] [INFO    ] [sta_top_parser] [sta_top_parser.py:308]   Stages     : ['UNCORE']
[2026-08-15 19:15:04] [INFO    ] [sta_top_parser] [sta_top_parser.py:309] ====================================================================
[2026-08-15 19:15:04] [DEBUG   ] [sta_top_parser] [sta_top_parser.py:221]   Skipping stage (filtered): .git
[2026-08-15 19:15:04] [DEBUG   ] [sta_top_parser] [sta_top_parser.py:221]   Skipping stage (filtered): __pycache__
[2026-08-15 19:15:04] [DEBUG   ] [sta_top_parser] [sta_top_parser.py:221]   Skipping stage (filtered): CACHE
[2026-08-15 19:15:04] [DEBUG   ] [sta_top_parser] [sta_top_parser.py:221]   Skipping stage (filtered): COMMIT
[2026-08-15 19:15:04] [DEBUG   ] [sta_top_parser] [sta_top_parser.py:221]   Skipping stage (filtered): DECODE
[2026-08-15 19:15:04] [DEBUG   ] [sta_top_parser] [sta_top_parser.py:221]   Skipping stage (filtered): EXECUTE
[2026-08-15 19:15:04] [DEBUG   ] [sta_top_parser] [sta_top_parser.py:221]   Skipping stage (filtered): FETCH
[2026-08-15 19:15:04] [DEBUG   ] [sta_top_parser] [sta_top_parser.py:221]   Skipping stage (filtered): GENERIC_REPORT_CARD
[2026-08-15 19:15:04] [DEBUG   ] [sta_top_parser] [sta_top_parser.py:221]   Skipping stage (filtered): ISSUE
[2026-08-15 19:15:04] [DEBUG   ] [sta_top_parser] [sta_top_parser.py:221]   Skipping stage (filtered): MEMORY
[2026-08-15 19:15:04] [DEBUG   ] [sta_top_parser] [sta_top_parser.py:221]   Skipping stage (filtered): RENAME_DISPATCH
[2026-08-15 19:15:04] [DEBUG   ] [sta_top_parser] [sta_top_parser.py:221]   Skipping stage (filtered): RESULTS
[2026-08-15 19:15:04] [DEBUG   ] [sta_top_parser] [sta_top_parser.py:221]   Skipping stage (filtered): sta_utils
[2026-08-15 19:15:04] [DEBUG   ] [sta_top_parser] [sta_top_parser.py:221]   Skipping stage (filtered): WRITEBACK
[2026-08-15 19:15:04] [INFO    ] [sta_top_parser] [sta_top_parser.py:228] Found 6 block director(ies) with '*.rpt' files under D:\Certificates\PD_STA_REPORTS
[2026-08-15 19:15:04] [INFO    ] [sta_top_parser] [sta_top_parser.py:328] [1/6] Scanning: UNCORE\BIU
[2026-08-15 19:15:04] [INFO    ] [sta_top_parser] [parser.py:284]   Found 31 report file(s) in D:\Certificates\PD_STA_REPORTS\UNCORE\BIU
[2026-08-15 19:15:04] [DEBUG   ] [sta_top_parser] [parser.py:130]   Parsing: 01_SETUP_SS_125C_BIU_TOP.rpt
[2026-08-15 19:15:04] [DEBUG   ] [sta_top_parser] [parser.py:209]     → design=BIU_TOP              corner=ss_0p72v_0p72v_125c                 check=setup  wns=+2.371  status=MET
[2026-08-15 19:15:04] [DEBUG   ] [sta_top_parser] [parser.py:130]   Parsing: 02_HOLD_FF_N40C_BIU_TOP.rpt
[2026-08-15 19:15:04] [DEBUG   ] [sta_top_parser] [parser.py:209]     → design=BIU_TOP              corner=ff_1p16v_1p16v_n40c                 check=hold   wns=+2.407  status=MET
[2026-08-15 19:15:04] [DEBUG   ] [sta_top_parser] [parser.py:130]   Parsing: 03_SETUP_TT_25C_BIU_TOP.rpt
[2026-08-15 19:15:04] [DEBUG   ] [sta_top_parser] [parser.py:209]     → design=BIU_TOP              corner=tt_0p90v_0p90v_25c                  check=setup  wns=+2.411  status=MET
[2026-08-15 19:15:04] [DEBUG   ] [sta_top_parser] [parser.py:130]   Parsing: 04_HOLD_TT_25C_BIU_TOP.rpt
[2026-08-15 19:15:04] [DEBUG   ] [sta_top_parser] [parser.py:209]     → design=BIU_TOP              corner=tt_0p90v_0p90v_25c                  check=hold   wns=+2.430  status=MET
[2026-08-15 19:15:04] [DEBUG   ] [sta_top_parser] [parser.py:130]   Parsing: 05_SETUP_SS_M40C_BIU_TOP.rpt
[2026-08-15 19:15:04] [DEBUG   ] [sta_top_parser] [parser.py:209]     → design=BIU_TOP              corner=ss_0p72v_0p72v_n40c                 check=setup  wns=+2.368  status=MET
[2026-08-15 19:15:04] [DEBUG   ] [sta_top_parser] [parser.py:130]   Parsing: 06_HOLD_FF_125C_BIU_TOP.rpt
[2026-08-15 19:15:04] [DEBUG   ] [sta_top_parser] [parser.py:209]     → design=BIU_TOP              corner=ff_1p16v_1p16v_125c                 check=hold   wns=+2.482  status=MET
[2026-08-15 19:15:04] [DEBUG   ] [sta_top_parser] [parser.py:130]   Parsing: 07_SETUP_LVSS_125C_BIU_TOP.rpt
[2026-08-15 19:15:04] [DEBUG   ] [sta_top_parser] [parser.py:209]     → design=BIU_TOP              corner=ss_0p63v_0p63v_125c                 check=setup  wns=+2.443  status=MET
[2026-08-15 19:15:04] [DEBUG   ] [sta_top_parser] [parser.py:130]   Parsing: 08_CG_CHECK_TT_25C_BIU_TOP.rpt
[2026-08-15 19:15:04] [DEBUG   ] [sta_top_parser] [parser.py:209]     → design=BIU_TOP              corner=tt_0p90v_0p90v_25c                  check=setup  wns=+2.398  status=MET
[2026-08-15 19:15:04] [DEBUG   ] [sta_top_parser] [parser.py:130]   Parsing: 09_RECOVERY_SS_125C_BIU_TOP.rpt
[2026-08-15 19:15:04] [DEBUG   ] [sta_top_parser] [parser.py:209]     → design=BIU_TOP              corner=ss_0p72v_0p72v_125c                 check=setup  wns=+2.423  status=MET
[2026-08-15 19:15:04] [DEBUG   ] [sta_top_parser] [parser.py:130]   Parsing: 10_MULTICYCLE_TT_25C_BIU_TOP.rpt
[2026-08-15 19:15:04] [DEBUG   ] [sta_top_parser] [parser.py:209]     → design=BIU_TOP              corner=tt_0p90v_0p90v_25c                  check=setup  wns=+2.496  status=MET
[2026-08-15 19:15:04] [DEBUG   ] [sta_top_parser] [parser.py:130]   Parsing: 11_SETUP_SS_125C_OCV_BIU_TOP.rpt
[2026-08-15 19:15:04] [DEBUG   ] [sta_top_parser] [parser.py:209]     → design=BIU_TOP              corner=ss_0p72v_0p72v_125c                 check=setup  wns=+2.472  status=MET
[2026-08-15 19:15:04] [DEBUG   ] [sta_top_parser] [parser.py:130]   Parsing: 12_HOLD_FF_N40C_OCV_BIU_TOP.rpt
[2026-08-15 19:15:04] [DEBUG   ] [sta_top_parser] [parser.py:209]     → design=BIU_TOP              corner=ff_1p16v_1p16v_n40c                 check=hold   wns=+2.433  status=MET
[2026-08-15 19:15:04] [DEBUG   ] [sta_top_parser] [parser.py:130]   Parsing: 13_SETUP_SS_125C_POCV_BIU_TOP.rpt
[2026-08-15 19:15:04] [DEBUG   ] [sta_top_parser] [parser.py:209]     → design=BIU_TOP              corner=ss_0p72v_0p72v_125c                 check=setup  wns=+2.439  status=MET
[2026-08-15 19:15:04] [DEBUG   ] [sta_top_parser] [parser.py:130]   Parsing: 14_HOLD_FF_N40C_POCV_BIU_TOP.rpt
[2026-08-15 19:15:04] [DEBUG   ] [sta_top_parser] [parser.py:209]     → design=BIU_TOP              corner=ff_1p16v_1p16v_n40c                 check=hold   wns=+2.443  status=MET
[2026-08-15 19:15:04] [DEBUG   ] [sta_top_parser] [parser.py:130]   Parsing: 15_SETUP_TT_85C_BIU_TOP.rpt
[2026-08-15 19:15:04] [DEBUG   ] [sta_top_parser] [parser.py:209]     → design=BIU_TOP              corner=tt_0p90v_0p90v_85c                  check=setup  wns=+2.410  status=MET
[2026-08-15 19:15:04] [DEBUG   ] [sta_top_parser] [parser.py:130]   Parsing: 16_HOLD_TT_85C_BIU_TOP.rpt
[2026-08-15 19:15:04] [DEBUG   ] [sta_top_parser] [parser.py:209]     → design=BIU_TOP              corner=tt_0p90v_0p90v_85c                  check=hold   wns=+2.453  status=MET
[2026-08-15 19:15:04] [DEBUG   ] [sta_top_parser] [parser.py:130]   Parsing: 17_SETUP_FF_125C_BIU_TOP.rpt
[2026-08-15 19:15:04] [DEBUG   ] [sta_top_parser] [parser.py:209]     → design=BIU_TOP              corner=ff_1p16v_1p16v_125c                 check=setup  wns=+2.484  status=MET
[2026-08-15 19:15:04] [DEBUG   ] [sta_top_parser] [parser.py:130]   Parsing: 18_HOLD_SS_125C_BIU_TOP.rpt
[2026-08-15 19:15:04] [DEBUG   ] [sta_top_parser] [parser.py:209]     → design=BIU_TOP              corner=ss_0p72v_0p72v_125c                 check=hold   wns=+2.412  status=MET
[2026-08-15 19:15:04] [DEBUG   ] [sta_top_parser] [parser.py:130]   Parsing: 19_SETUP_LVSS_N40C_BIU_TOP.rpt
[2026-08-15 19:15:04] [DEBUG   ] [sta_top_parser] [parser.py:209]     → design=BIU_TOP              corner=ss_0p63v_0p63v_n40c                 check=setup  wns=+2.438  status=MET
[2026-08-15 19:15:04] [DEBUG   ] [sta_top_parser] [parser.py:130]   Parsing: 20_HOLD_LVFF_N40C_BIU_TOP.rpt
[2026-08-15 19:15:04] [DEBUG   ] [sta_top_parser] [parser.py:209]     → design=BIU_TOP              corner=ff_1p32v_1p32v_n40c                 check=hold   wns=+2.462  status=MET
[2026-08-15 19:15:04] [DEBUG   ] [sta_top_parser] [parser.py:130]   Parsing: 21_CG_CHECK_SS_125C_BIU_TOP.rpt
[2026-08-15 19:15:04] [DEBUG   ] [sta_top_parser] [parser.py:209]     → design=BIU_TOP              corner=ss_0p72v_0p72v_125c                 check=setup  wns=+2.410  status=MET
[2026-08-15 19:15:04] [DEBUG   ] [sta_top_parser] [parser.py:130]   Parsing: 22_RECOVERY_TT_25C_BIU_TOP.rpt
[2026-08-15 19:15:04] [DEBUG   ] [sta_top_parser] [parser.py:209]     → design=BIU_TOP              corner=tt_0p90v_0p90v_25c                  check=setup  wns=+2.454  status=MET
[2026-08-15 19:15:04] [DEBUG   ] [sta_top_parser] [parser.py:130]   Parsing: 23_MULTICYCLE_SS_125C_BIU_TOP.rpt
[2026-08-15 19:15:04] [DEBUG   ] [sta_top_parser] [parser.py:209]     → design=BIU_TOP              corner=ss_0p72v_0p72v_125c                 check=setup  wns=+2.440  status=MET
[2026-08-15 19:15:04] [DEBUG   ] [sta_top_parser] [parser.py:130]   Parsing: 24_SETUP_TT_25C_ECO_BIU_TOP.rpt
[2026-08-15 19:15:04] [DEBUG   ] [sta_top_parser] [parser.py:209]     → design=BIU_TOP              corner=tt_0p90v_0p90v_25c                  check=setup  wns=+2.392  status=MET
[2026-08-15 19:15:04] [DEBUG   ] [sta_top_parser] [parser.py:130]   Parsing: 25_HOLD_TT_25C_ECO_BIU_TOP.rpt
[2026-08-15 19:15:04] [DEBUG   ] [sta_top_parser] [parser.py:209]     → design=BIU_TOP              corner=tt_0p90v_0p90v_25c                  check=hold   wns=+2.431  status=MET
[2026-08-15 19:15:04] [DEBUG   ] [sta_top_parser] [parser.py:130]   Parsing: 26_SETUP_SS_125C_SI_BIU_TOP.rpt
[2026-08-15 19:15:04] [DEBUG   ] [sta_top_parser] [parser.py:209]     → design=BIU_TOP              corner=ss_0p72v_0p72v_125c                 check=setup  wns=+2.483  status=MET
[2026-08-15 19:15:04] [DEBUG   ] [sta_top_parser] [parser.py:130]   Parsing: 27_HOLD_FF_N40C_SI_BIU_TOP.rpt
[2026-08-15 19:15:04] [DEBUG   ] [sta_top_parser] [parser.py:209]     → design=BIU_TOP              corner=ff_1p16v_1p16v_n40c                 check=hold   wns=+2.451  status=MET
[2026-08-15 19:15:04] [DEBUG   ] [sta_top_parser] [parser.py:130]   Parsing: 28_SETUP_SS_125C_FINAL_BIU_TOP.rpt
[2026-08-15 19:15:04] [DEBUG   ] [sta_top_parser] [parser.py:209]     → design=BIU_TOP              corner=ss_0p72v_0p72v_125c                 check=setup  wns=+2.413  status=MET
[2026-08-15 19:15:04] [DEBUG   ] [sta_top_parser] [parser.py:130]   Parsing: 29_HOLD_FF_N40C_FINAL_BIU_TOP.rpt
[2026-08-15 19:15:04] [DEBUG   ] [sta_top_parser] [parser.py:209]     → design=BIU_TOP              corner=ff_1p16v_1p16v_n40c                 check=hold   wns=+2.505  status=MET
[2026-08-15 19:15:04] [DEBUG   ] [sta_top_parser] [parser.py:130]   Parsing: 30_SETUP_TT_25C_FINAL_BIU_TOP.rpt
[2026-08-15 19:15:04] [DEBUG   ] [sta_top_parser] [parser.py:209]     → design=BIU_TOP              corner=tt_0p90v_0p90v_25c                  check=setup  wns=+2.485  status=MET
[2026-08-15 19:15:04] [DEBUG   ] [sta_top_parser] [parser.py:130]   Parsing: BIU_TIMING.rpt
[2026-08-15 19:15:04] [DEBUG   ] [sta_top_parser] [parser.py:209]     → design=N/A                  corner=N/A                                 check=N/A    wns=+0.000  status=UNKNOWN
[2026-08-15 19:15:04] [INFO    ] [sta_top_parser] [parser.py:294]   Parsed 31 / 31 report(s) OK
[2026-08-15 19:15:04] [INFO    ] [sta_top_parser] [dump_log.py:246] Dump log    → D:\Certificates\PD_STA_REPORTS\UNCORE\BIU\BIU_TOP_dump.log
[2026-08-15 19:15:04] [INFO    ] [sta_top_parser] [json_writer.py:75] JSON dump   → D:\Certificates\PD_STA_REPORTS\UNCORE\BIU\BIU_TOP_summary.json
[2026-08-15 19:15:04] [INFO    ] [sta_top_parser] [html_writer.py:361] HTML report → D:\Certificates\PD_STA_REPORTS\UNCORE\BIU\BIU_TOP_report.html
[2026-08-15 19:15:04] [INFO    ] [sta_top_parser] [sta_top_parser.py:328] [2/6] Scanning: UNCORE\CLOCK_DOMAIN
[2026-08-15 19:15:04] [INFO    ] [sta_top_parser] [parser.py:284]   Found 31 report file(s) in D:\Certificates\PD_STA_REPORTS\UNCORE\CLOCK_DOMAIN
[2026-08-15 19:15:04] [DEBUG   ] [sta_top_parser] [parser.py:130]   Parsing: 01_SETUP_SS_125C_CLOCK_DOMAIN_TOP.rpt
[2026-08-15 19:15:04] [DEBUG   ] [sta_top_parser] [parser.py:209]     → design=CLOCK_DOMAIN_TOP     corner=ss_0p72v_0p72v_125c                 check=setup  wns=+1.068  status=MET
[2026-08-15 19:15:04] [DEBUG   ] [sta_top_parser] [parser.py:130]   Parsing: 02_HOLD_FF_N40C_CLOCK_DOMAIN_TOP.rpt
[2026-08-15 19:15:04] [DEBUG   ] [sta_top_parser] [parser.py:209]     → design=CLOCK_DOMAIN_TOP     corner=ff_1p16v_1p16v_n40c                 check=hold   wns=+1.115  status=MET
[2026-08-15 19:15:04] [DEBUG   ] [sta_top_parser] [parser.py:130]   Parsing: 03_SETUP_TT_25C_CLOCK_DOMAIN_TOP.rpt
[2026-08-15 19:15:04] [DEBUG   ] [sta_top_parser] [parser.py:209]     → design=CLOCK_DOMAIN_TOP     corner=tt_0p90v_0p90v_25c                  check=setup  wns=+1.106  status=MET
[2026-08-15 19:15:04] [DEBUG   ] [sta_top_parser] [parser.py:130]   Parsing: 04_HOLD_TT_25C_CLOCK_DOMAIN_TOP.rpt
[2026-08-15 19:15:04] [DEBUG   ] [sta_top_parser] [parser.py:209]     → design=CLOCK_DOMAIN_TOP     corner=tt_0p90v_0p90v_25c                  check=hold   wns=+1.109  status=MET
[2026-08-15 19:15:04] [DEBUG   ] [sta_top_parser] [parser.py:130]   Parsing: 05_SETUP_SS_M40C_CLOCK_DOMAIN_TOP.rpt
[2026-08-15 19:15:04] [DEBUG   ] [sta_top_parser] [parser.py:209]     → design=CLOCK_DOMAIN_TOP     corner=ss_0p72v_0p72v_n40c                 check=setup  wns=+1.057  status=MET
[2026-08-15 19:15:04] [DEBUG   ] [sta_top_parser] [parser.py:130]   Parsing: 06_HOLD_FF_125C_CLOCK_DOMAIN_TOP.rpt
[2026-08-15 19:15:04] [DEBUG   ] [sta_top_parser] [parser.py:209]     → design=CLOCK_DOMAIN_TOP     corner=ff_1p16v_1p16v_125c                 check=hold   wns=+1.114  status=MET
[2026-08-15 19:15:04] [DEBUG   ] [sta_top_parser] [parser.py:130]   Parsing: 07_SETUP_LVSS_125C_CLOCK_DOMAIN_TOP.rpt
[2026-08-15 19:15:04] [DEBUG   ] [sta_top_parser] [parser.py:209]     → design=CLOCK_DOMAIN_TOP     corner=ss_0p63v_0p63v_125c                 check=setup  wns=+1.098  status=MET
[2026-08-15 19:15:04] [DEBUG   ] [sta_top_parser] [parser.py:130]   Parsing: 08_CG_CHECK_TT_25C_CLOCK_DOMAIN_TOP.rpt
[2026-08-15 19:15:04] [DEBUG   ] [sta_top_parser] [parser.py:209]     → design=CLOCK_DOMAIN_TOP     corner=tt_0p90v_0p90v_25c                  check=setup  wns=+1.059  status=MET
[2026-08-15 19:15:04] [DEBUG   ] [sta_top_parser] [parser.py:130]   Parsing: 09_RECOVERY_SS_125C_CLOCK_DOMAIN_TOP.rpt
[2026-08-15 19:15:04] [DEBUG   ] [sta_top_parser] [parser.py:209]     → design=CLOCK_DOMAIN_TOP     corner=ss_0p72v_0p72v_125c                 check=setup  wns=+0.995  status=MET
[2026-08-15 19:15:04] [DEBUG   ] [sta_top_parser] [parser.py:130]   Parsing: 10_MULTICYCLE_TT_25C_CLOCK_DOMAIN_TOP.rpt
[2026-08-15 19:15:04] [DEBUG   ] [sta_top_parser] [parser.py:209]     → design=CLOCK_DOMAIN_TOP     corner=tt_0p90v_0p90v_25c                  check=setup  wns=+1.104  status=MET
[2026-08-15 19:15:04] [DEBUG   ] [sta_top_parser] [parser.py:130]   Parsing: 11_SETUP_SS_125C_OCV_CLOCK_DOMAIN_TOP.rpt
[2026-08-15 19:15:04] [DEBUG   ] [sta_top_parser] [parser.py:209]     → design=CLOCK_DOMAIN_TOP     corner=ss_0p72v_0p72v_125c                 check=setup  wns=+1.104  status=MET
[2026-08-15 19:15:04] [DEBUG   ] [sta_top_parser] [parser.py:130]   Parsing: 12_HOLD_FF_N40C_OCV_CLOCK_DOMAIN_TOP.rpt
[2026-08-15 19:15:04] [DEBUG   ] [sta_top_parser] [parser.py:209]     → design=CLOCK_DOMAIN_TOP     corner=ff_1p16v_1p16v_n40c                 check=hold   wns=+1.071  status=MET
[2026-08-15 19:15:04] [DEBUG   ] [sta_top_parser] [parser.py:130]   Parsing: 13_SETUP_SS_125C_POCV_CLOCK_DOMAIN_TOP.rpt
[2026-08-15 19:15:04] [DEBUG   ] [sta_top_parser] [parser.py:209]     → design=CLOCK_DOMAIN_TOP     corner=ss_0p72v_0p72v_125c                 check=setup  wns=+1.048  status=MET
[2026-08-15 19:15:04] [DEBUG   ] [sta_top_parser] [parser.py:130]   Parsing: 14_HOLD_FF_N40C_POCV_CLOCK_DOMAIN_TOP.rpt
[2026-08-15 19:15:04] [DEBUG   ] [sta_top_parser] [parser.py:209]     → design=CLOCK_DOMAIN_TOP     corner=ff_1p16v_1p16v_n40c                 check=hold   wns=+1.067  status=MET
[2026-08-15 19:15:04] [DEBUG   ] [sta_top_parser] [parser.py:130]   Parsing: 15_SETUP_TT_85C_CLOCK_DOMAIN_TOP.rpt
[2026-08-15 19:15:04] [DEBUG   ] [sta_top_parser] [parser.py:209]     → design=CLOCK_DOMAIN_TOP     corner=tt_0p90v_0p90v_85c                  check=setup  wns=+1.080  status=MET
[2026-08-15 19:15:04] [DEBUG   ] [sta_top_parser] [parser.py:130]   Parsing: 16_HOLD_TT_85C_CLOCK_DOMAIN_TOP.rpt
[2026-08-15 19:15:04] [DEBUG   ] [sta_top_parser] [parser.py:209]     → design=CLOCK_DOMAIN_TOP     corner=tt_0p90v_0p90v_85c                  check=hold   wns=+1.128  status=MET
[2026-08-15 19:15:04] [DEBUG   ] [sta_top_parser] [parser.py:130]   Parsing: 17_SETUP_FF_125C_CLOCK_DOMAIN_TOP.rpt
[2026-08-15 19:15:04] [DEBUG   ] [sta_top_parser] [parser.py:209]     → design=CLOCK_DOMAIN_TOP     corner=ff_1p16v_1p16v_125c                 check=setup  wns=+1.099  status=MET
[2026-08-15 19:15:04] [DEBUG   ] [sta_top_parser] [parser.py:130]   Parsing: 18_HOLD_SS_125C_CLOCK_DOMAIN_TOP.rpt
[2026-08-15 19:15:04] [DEBUG   ] [sta_top_parser] [parser.py:209]     → design=CLOCK_DOMAIN_TOP     corner=ss_0p72v_0p72v_125c                 check=hold   wns=+1.152  status=MET
[2026-08-15 19:15:04] [DEBUG   ] [sta_top_parser] [parser.py:130]   Parsing: 19_SETUP_LVSS_N40C_CLOCK_DOMAIN_TOP.rpt
[2026-08-15 19:15:04] [DEBUG   ] [sta_top_parser] [parser.py:209]     → design=CLOCK_DOMAIN_TOP     corner=ss_0p63v_0p63v_n40c                 check=setup  wns=+1.056  status=MET
[2026-08-15 19:15:04] [DEBUG   ] [sta_top_parser] [parser.py:130]   Parsing: 20_HOLD_LVFF_N40C_CLOCK_DOMAIN_TOP.rpt
[2026-08-15 19:15:04] [DEBUG   ] [sta_top_parser] [parser.py:209]     → design=CLOCK_DOMAIN_TOP     corner=ff_1p32v_1p32v_n40c                 check=hold   wns=+1.181  status=MET
[2026-08-15 19:15:04] [DEBUG   ] [sta_top_parser] [parser.py:130]   Parsing: 21_CG_CHECK_SS_125C_CLOCK_DOMAIN_TOP.rpt
[2026-08-15 19:15:04] [DEBUG   ] [sta_top_parser] [parser.py:209]     → design=CLOCK_DOMAIN_TOP     corner=ss_0p72v_0p72v_125c                 check=setup  wns=+1.059  status=MET
[2026-08-15 19:15:04] [DEBUG   ] [sta_top_parser] [parser.py:130]   Parsing: 22_RECOVERY_TT_25C_CLOCK_DOMAIN_TOP.rpt
[2026-08-15 19:15:04] [DEBUG   ] [sta_top_parser] [parser.py:209]     → design=CLOCK_DOMAIN_TOP     corner=tt_0p90v_0p90v_25c                  check=setup  wns=+1.122  status=MET
[2026-08-15 19:15:04] [DEBUG   ] [sta_top_parser] [parser.py:130]   Parsing: 23_MULTICYCLE_SS_125C_CLOCK_DOMAIN_TOP.rpt
[2026-08-15 19:15:04] [DEBUG   ] [sta_top_parser] [parser.py:209]     → design=CLOCK_DOMAIN_TOP     corner=ss_0p72v_0p72v_125c                 check=setup  wns=+1.112  status=MET
[2026-08-15 19:15:04] [DEBUG   ] [sta_top_parser] [parser.py:130]   Parsing: 24_SETUP_TT_25C_ECO_CLOCK_DOMAIN_TOP.rpt
[2026-08-15 19:15:04] [DEBUG   ] [sta_top_parser] [parser.py:209]     → design=CLOCK_DOMAIN_TOP     corner=tt_0p90v_0p90v_25c                  check=setup  wns=+1.062  status=MET
[2026-08-15 19:15:04] [DEBUG   ] [sta_top_parser] [parser.py:130]   Parsing: 25_HOLD_TT_25C_ECO_CLOCK_DOMAIN_TOP.rpt
[2026-08-15 19:15:04] [DEBUG   ] [sta_top_parser] [parser.py:209]     → design=CLOCK_DOMAIN_TOP     corner=tt_0p90v_0p90v_25c                  check=hold   wns=+1.104  status=MET
[2026-08-15 19:15:04] [DEBUG   ] [sta_top_parser] [parser.py:130]   Parsing: 26_SETUP_SS_125C_SI_CLOCK_DOMAIN_TOP.rpt
[2026-08-15 19:15:04] [DEBUG   ] [sta_top_parser] [parser.py:209]     → design=CLOCK_DOMAIN_TOP     corner=ss_0p72v_0p72v_125c                 check=setup  wns=+1.095  status=MET
[2026-08-15 19:15:04] [DEBUG   ] [sta_top_parser] [parser.py:130]   Parsing: 27_HOLD_FF_N40C_SI_CLOCK_DOMAIN_TOP.rpt
[2026-08-15 19:15:04] [DEBUG   ] [sta_top_parser] [parser.py:209]     → design=CLOCK_DOMAIN_TOP     corner=ff_1p16v_1p16v_n40c                 check=hold   wns=+1.082  status=MET
[2026-08-15 19:15:04] [DEBUG   ] [sta_top_parser] [parser.py:130]   Parsing: 28_SETUP_SS_125C_FINAL_CLOCK_DOMAIN_TOP.rpt
[2026-08-15 19:15:04] [DEBUG   ] [sta_top_parser] [parser.py:209]     → design=CLOCK_DOMAIN_TOP     corner=ss_0p72v_0p72v_125c                 check=setup  wns=+1.089  status=MET
[2026-08-15 19:15:04] [DEBUG   ] [sta_top_parser] [parser.py:130]   Parsing: 29_HOLD_FF_N40C_FINAL_CLOCK_DOMAIN_TOP.rpt
[2026-08-15 19:15:04] [DEBUG   ] [sta_top_parser] [parser.py:209]     → design=CLOCK_DOMAIN_TOP     corner=ff_1p16v_1p16v_n40c                 check=hold   wns=+1.063  status=MET
[2026-08-15 19:15:04] [DEBUG   ] [sta_top_parser] [parser.py:130]   Parsing: 30_SETUP_TT_25C_FINAL_CLOCK_DOMAIN_TOP.rpt
[2026-08-15 19:15:04] [DEBUG   ] [sta_top_parser] [parser.py:209]     → design=CLOCK_DOMAIN_TOP     corner=tt_0p90v_0p90v_25c                  check=setup  wns=+1.114  status=MET
[2026-08-15 19:15:04] [DEBUG   ] [sta_top_parser] [parser.py:130]   Parsing: CLOCK_DOMAIN_TIMING.rpt
[2026-08-15 19:15:04] [DEBUG   ] [sta_top_parser] [parser.py:209]     → design=N/A                  corner=N/A                                 check=N/A    wns=+0.000  status=UNKNOWN
[2026-08-15 19:15:04] [INFO    ] [sta_top_parser] [parser.py:294]   Parsed 31 / 31 report(s) OK
[2026-08-15 19:15:04] [INFO    ] [sta_top_parser] [dump_log.py:246] Dump log    → D:\Certificates\PD_STA_REPORTS\UNCORE\CLOCK_DOMAIN\CLOCK_DOMAIN_TOP_dump.log
[2026-08-15 19:15:04] [INFO    ] [sta_top_parser] [json_writer.py:75] JSON dump   → D:\Certificates\PD_STA_REPORTS\UNCORE\CLOCK_DOMAIN\CLOCK_DOMAIN_TOP_summary.json
[2026-08-15 19:15:04] [INFO    ] [sta_top_parser] [html_writer.py:361] HTML report → D:\Certificates\PD_STA_REPORTS\UNCORE\CLOCK_DOMAIN\CLOCK_DOMAIN_TOP_report.html
[2026-08-15 19:15:04] [INFO    ] [sta_top_parser] [sta_top_parser.py:328] [3/6] Scanning: UNCORE\DEBUG_UNIT
[2026-08-15 19:15:04] [INFO    ] [sta_top_parser] [parser.py:284]   Found 31 report file(s) in D:\Certificates\PD_STA_REPORTS\UNCORE\DEBUG_UNIT
[2026-08-15 19:15:04] [DEBUG   ] [sta_top_parser] [parser.py:130]   Parsing: 01_SETUP_SS_125C_DEBUG_UNIT_TOP.rpt
[2026-08-15 19:15:04] [DEBUG   ] [sta_top_parser] [parser.py:209]     → design=DEBUG_UNIT_TOP       corner=ss_0p72v_0p72v_125c                 check=setup  wns=+4.091  status=MET
[2026-08-15 19:15:04] [DEBUG   ] [sta_top_parser] [parser.py:130]   Parsing: 02_HOLD_FF_N40C_DEBUG_UNIT_TOP.rpt
[2026-08-15 19:15:04] [DEBUG   ] [sta_top_parser] [parser.py:209]     → design=DEBUG_UNIT_TOP       corner=ff_1p16v_1p16v_n40c                 check=hold   wns=+4.167  status=MET
[2026-08-15 19:15:04] [DEBUG   ] [sta_top_parser] [parser.py:130]   Parsing: 03_SETUP_TT_25C_DEBUG_UNIT_TOP.rpt
[2026-08-15 19:15:04] [DEBUG   ] [sta_top_parser] [parser.py:209]     → design=DEBUG_UNIT_TOP       corner=tt_0p90v_0p90v_25c                  check=setup  wns=+4.076  status=MET
[2026-08-15 19:15:04] [DEBUG   ] [sta_top_parser] [parser.py:130]   Parsing: 04_HOLD_TT_25C_DEBUG_UNIT_TOP.rpt
[2026-08-15 19:15:04] [DEBUG   ] [sta_top_parser] [parser.py:209]     → design=DEBUG_UNIT_TOP       corner=tt_0p90v_0p90v_25c                  check=hold   wns=+4.099  status=MET
[2026-08-15 19:15:04] [DEBUG   ] [sta_top_parser] [parser.py:130]   Parsing: 05_SETUP_SS_M40C_DEBUG_UNIT_TOP.rpt
[2026-08-15 19:15:04] [DEBUG   ] [sta_top_parser] [parser.py:209]     → design=DEBUG_UNIT_TOP       corner=ss_0p72v_0p72v_n40c                 check=setup  wns=+4.065  status=MET
[2026-08-15 19:15:04] [DEBUG   ] [sta_top_parser] [parser.py:130]   Parsing: 06_HOLD_FF_125C_DEBUG_UNIT_TOP.rpt
[2026-08-15 19:15:04] [DEBUG   ] [sta_top_parser] [parser.py:209]     → design=DEBUG_UNIT_TOP       corner=ff_1p16v_1p16v_125c                 check=hold   wns=+4.103  status=MET
[2026-08-15 19:15:04] [DEBUG   ] [sta_top_parser] [parser.py:130]   Parsing: 07_SETUP_LVSS_125C_DEBUG_UNIT_TOP.rpt
[2026-08-15 19:15:04] [DEBUG   ] [sta_top_parser] [parser.py:209]     → design=DEBUG_UNIT_TOP       corner=ss_0p63v_0p63v_125c                 check=setup  wns=+4.092  status=MET
[2026-08-15 19:15:04] [DEBUG   ] [sta_top_parser] [parser.py:130]   Parsing: 08_CG_CHECK_TT_25C_DEBUG_UNIT_TOP.rpt
[2026-08-15 19:15:04] [DEBUG   ] [sta_top_parser] [parser.py:209]     → design=DEBUG_UNIT_TOP       corner=tt_0p90v_0p90v_25c                  check=setup  wns=+4.061  status=MET
[2026-08-15 19:15:04] [DEBUG   ] [sta_top_parser] [parser.py:130]   Parsing: 09_RECOVERY_SS_125C_DEBUG_UNIT_TOP.rpt
[2026-08-15 19:15:04] [DEBUG   ] [sta_top_parser] [parser.py:209]     → design=DEBUG_UNIT_TOP       corner=ss_0p72v_0p72v_125c                 check=setup  wns=+4.062  status=MET
[2026-08-15 19:15:04] [DEBUG   ] [sta_top_parser] [parser.py:130]   Parsing: 10_MULTICYCLE_TT_25C_DEBUG_UNIT_TOP.rpt
[2026-08-15 19:15:04] [DEBUG   ] [sta_top_parser] [parser.py:209]     → design=DEBUG_UNIT_TOP       corner=tt_0p90v_0p90v_25c                  check=setup  wns=+4.035  status=MET
[2026-08-15 19:15:04] [DEBUG   ] [sta_top_parser] [parser.py:130]   Parsing: 11_SETUP_SS_125C_OCV_DEBUG_UNIT_TOP.rpt
[2026-08-15 19:15:04] [DEBUG   ] [sta_top_parser] [parser.py:209]     → design=DEBUG_UNIT_TOP       corner=ss_0p72v_0p72v_125c                 check=setup  wns=+4.043  status=MET
[2026-08-15 19:15:04] [DEBUG   ] [sta_top_parser] [parser.py:130]   Parsing: 12_HOLD_FF_N40C_OCV_DEBUG_UNIT_TOP.rpt
[2026-08-15 19:15:04] [DEBUG   ] [sta_top_parser] [parser.py:209]     → design=DEBUG_UNIT_TOP       corner=ff_1p16v_1p16v_n40c                 check=hold   wns=+4.150  status=MET
[2026-08-15 19:15:04] [DEBUG   ] [sta_top_parser] [parser.py:130]   Parsing: 13_SETUP_SS_125C_POCV_DEBUG_UNIT_TOP.rpt
[2026-08-15 19:15:04] [DEBUG   ] [sta_top_parser] [parser.py:209]     → design=DEBUG_UNIT_TOP       corner=ss_0p72v_0p72v_125c                 check=setup  wns=+4.100  status=MET
[2026-08-15 19:15:04] [DEBUG   ] [sta_top_parser] [parser.py:130]   Parsing: 14_HOLD_FF_N40C_POCV_DEBUG_UNIT_TOP.rpt
[2026-08-15 19:15:04] [DEBUG   ] [sta_top_parser] [parser.py:209]     → design=DEBUG_UNIT_TOP       corner=ff_1p16v_1p16v_n40c                 check=hold   wns=+4.083  status=MET
[2026-08-15 19:15:04] [DEBUG   ] [sta_top_parser] [parser.py:130]   Parsing: 15_SETUP_TT_85C_DEBUG_UNIT_TOP.rpt
[2026-08-15 19:15:04] [DEBUG   ] [sta_top_parser] [parser.py:209]     → design=DEBUG_UNIT_TOP       corner=tt_0p90v_0p90v_85c                  check=setup  wns=+4.091  status=MET
[2026-08-15 19:15:04] [DEBUG   ] [sta_top_parser] [parser.py:130]   Parsing: 16_HOLD_TT_85C_DEBUG_UNIT_TOP.rpt
[2026-08-15 19:15:04] [DEBUG   ] [sta_top_parser] [parser.py:209]     → design=DEBUG_UNIT_TOP       corner=tt_0p90v_0p90v_85c                  check=hold   wns=+4.143  status=MET
[2026-08-15 19:15:04] [DEBUG   ] [sta_top_parser] [parser.py:130]   Parsing: 17_SETUP_FF_125C_DEBUG_UNIT_TOP.rpt
[2026-08-15 19:15:04] [DEBUG   ] [sta_top_parser] [parser.py:209]     → design=DEBUG_UNIT_TOP       corner=ff_1p16v_1p16v_125c                 check=setup  wns=+4.100  status=MET
[2026-08-15 19:15:04] [DEBUG   ] [sta_top_parser] [parser.py:130]   Parsing: 18_HOLD_SS_125C_DEBUG_UNIT_TOP.rpt
[2026-08-15 19:15:04] [DEBUG   ] [sta_top_parser] [parser.py:209]     → design=DEBUG_UNIT_TOP       corner=ss_0p72v_0p72v_125c                 check=hold   wns=+4.119  status=MET
[2026-08-15 19:15:04] [DEBUG   ] [sta_top_parser] [parser.py:130]   Parsing: 19_SETUP_LVSS_N40C_DEBUG_UNIT_TOP.rpt
[2026-08-15 19:15:04] [DEBUG   ] [sta_top_parser] [parser.py:209]     → design=DEBUG_UNIT_TOP       corner=ss_0p63v_0p63v_n40c                 check=setup  wns=+4.156  status=MET
[2026-08-15 19:15:04] [DEBUG   ] [sta_top_parser] [parser.py:130]   Parsing: 20_HOLD_LVFF_N40C_DEBUG_UNIT_TOP.rpt
[2026-08-15 19:15:04] [DEBUG   ] [sta_top_parser] [parser.py:209]     → design=DEBUG_UNIT_TOP       corner=ff_1p32v_1p32v_n40c                 check=hold   wns=+4.065  status=MET
[2026-08-15 19:15:04] [DEBUG   ] [sta_top_parser] [parser.py:130]   Parsing: 21_CG_CHECK_SS_125C_DEBUG_UNIT_TOP.rpt
[2026-08-15 19:15:04] [DEBUG   ] [sta_top_parser] [parser.py:209]     → design=DEBUG_UNIT_TOP       corner=ss_0p72v_0p72v_125c                 check=setup  wns=+4.147  status=MET
[2026-08-15 19:15:04] [DEBUG   ] [sta_top_parser] [parser.py:130]   Parsing: 22_RECOVERY_TT_25C_DEBUG_UNIT_TOP.rpt
[2026-08-15 19:15:04] [DEBUG   ] [sta_top_parser] [parser.py:209]     → design=DEBUG_UNIT_TOP       corner=tt_0p90v_0p90v_25c                  check=setup  wns=+4.137  status=MET
[2026-08-15 19:15:04] [DEBUG   ] [sta_top_parser] [parser.py:130]   Parsing: 23_MULTICYCLE_SS_125C_DEBUG_UNIT_TOP.rpt
[2026-08-15 19:15:04] [DEBUG   ] [sta_top_parser] [parser.py:209]     → design=DEBUG_UNIT_TOP       corner=ss_0p72v_0p72v_125c                 check=setup  wns=+4.059  status=MET
[2026-08-15 19:15:04] [DEBUG   ] [sta_top_parser] [parser.py:130]   Parsing: 24_SETUP_TT_25C_ECO_DEBUG_UNIT_TOP.rpt
[2026-08-15 19:15:04] [DEBUG   ] [sta_top_parser] [parser.py:209]     → design=DEBUG_UNIT_TOP       corner=tt_0p90v_0p90v_25c                  check=setup  wns=+4.132  status=MET
[2026-08-15 19:15:04] [DEBUG   ] [sta_top_parser] [parser.py:130]   Parsing: 25_HOLD_TT_25C_ECO_DEBUG_UNIT_TOP.rpt
[2026-08-15 19:15:04] [DEBUG   ] [sta_top_parser] [parser.py:209]     → design=DEBUG_UNIT_TOP       corner=tt_0p90v_0p90v_25c                  check=hold   wns=+4.106  status=MET
[2026-08-15 19:15:04] [DEBUG   ] [sta_top_parser] [parser.py:130]   Parsing: 26_SETUP_SS_125C_SI_DEBUG_UNIT_TOP.rpt
[2026-08-15 19:15:04] [DEBUG   ] [sta_top_parser] [parser.py:209]     → design=DEBUG_UNIT_TOP       corner=ss_0p72v_0p72v_125c                 check=setup  wns=+4.065  status=MET
[2026-08-15 19:15:04] [DEBUG   ] [sta_top_parser] [parser.py:130]   Parsing: 27_HOLD_FF_N40C_SI_DEBUG_UNIT_TOP.rpt
[2026-08-15 19:15:04] [DEBUG   ] [sta_top_parser] [parser.py:209]     → design=DEBUG_UNIT_TOP       corner=ff_1p16v_1p16v_n40c                 check=hold   wns=+4.105  status=MET
[2026-08-15 19:15:04] [DEBUG   ] [sta_top_parser] [parser.py:130]   Parsing: 28_SETUP_SS_125C_FINAL_DEBUG_UNIT_TOP.rpt
[2026-08-15 19:15:04] [DEBUG   ] [sta_top_parser] [parser.py:209]     → design=DEBUG_UNIT_TOP       corner=ss_0p72v_0p72v_125c                 check=setup  wns=+4.093  status=MET
[2026-08-15 19:15:04] [DEBUG   ] [sta_top_parser] [parser.py:130]   Parsing: 29_HOLD_FF_N40C_FINAL_DEBUG_UNIT_TOP.rpt
[2026-08-15 19:15:04] [DEBUG   ] [sta_top_parser] [parser.py:209]     → design=DEBUG_UNIT_TOP       corner=ff_1p16v_1p16v_n40c                 check=hold   wns=+4.072  status=MET
[2026-08-15 19:15:04] [DEBUG   ] [sta_top_parser] [parser.py:130]   Parsing: 30_SETUP_TT_25C_FINAL_DEBUG_UNIT_TOP.rpt
[2026-08-15 19:15:04] [DEBUG   ] [sta_top_parser] [parser.py:209]     → design=DEBUG_UNIT_TOP       corner=tt_0p90v_0p90v_25c                  check=setup  wns=+4.094  status=MET
[2026-08-15 19:15:04] [DEBUG   ] [sta_top_parser] [parser.py:130]   Parsing: DEBUG_UNIT_TIMING.rpt
[2026-08-15 19:15:04] [DEBUG   ] [sta_top_parser] [parser.py:209]     → design=N/A                  corner=N/A                                 check=N/A    wns=+0.000  status=UNKNOWN
[2026-08-15 19:15:04] [INFO    ] [sta_top_parser] [parser.py:294]   Parsed 31 / 31 report(s) OK
[2026-08-15 19:15:04] [INFO    ] [sta_top_parser] [dump_log.py:246] Dump log    → D:\Certificates\PD_STA_REPORTS\UNCORE\DEBUG_UNIT\DEBUG_UNIT_TOP_dump.log
[2026-08-15 19:15:04] [INFO    ] [sta_top_parser] [json_writer.py:75] JSON dump   → D:\Certificates\PD_STA_REPORTS\UNCORE\DEBUG_UNIT\DEBUG_UNIT_TOP_summary.json
[2026-08-15 19:15:04] [INFO    ] [sta_top_parser] [html_writer.py:361] HTML report → D:\Certificates\PD_STA_REPORTS\UNCORE\DEBUG_UNIT\DEBUG_UNIT_TOP_report.html
[2026-08-15 19:15:04] [INFO    ] [sta_top_parser] [sta_top_parser.py:328] [4/6] Scanning: UNCORE\INTERRUPT_CONTROLLER
[2026-08-15 19:15:04] [INFO    ] [sta_top_parser] [parser.py:284]   Found 31 report file(s) in D:\Certificates\PD_STA_REPORTS\UNCORE\INTERRUPT_CONTROLLER
[2026-08-15 19:15:04] [DEBUG   ] [sta_top_parser] [parser.py:130]   Parsing: 01_SETUP_SS_125C_INT_CTRL_TOP.rpt
[2026-08-15 19:15:04] [DEBUG   ] [sta_top_parser] [parser.py:209]     → design=INT_CTRL_TOP         corner=ss_0p72v_0p72v_125c                 check=setup  wns=+1.044  status=MET
[2026-08-15 19:15:04] [DEBUG   ] [sta_top_parser] [parser.py:130]   Parsing: 02_HOLD_FF_N40C_INT_CTRL_TOP.rpt
[2026-08-15 19:15:04] [DEBUG   ] [sta_top_parser] [parser.py:209]     → design=INT_CTRL_TOP         corner=ff_1p16v_1p16v_n40c                 check=hold   wns=+1.120  status=MET
[2026-08-15 19:15:04] [DEBUG   ] [sta_top_parser] [parser.py:130]   Parsing: 03_SETUP_TT_25C_INT_CTRL_TOP.rpt
[2026-08-15 19:15:04] [DEBUG   ] [sta_top_parser] [parser.py:209]     → design=INT_CTRL_TOP         corner=tt_0p90v_0p90v_25c                  check=setup  wns=+1.158  status=MET
[2026-08-15 19:15:04] [DEBUG   ] [sta_top_parser] [parser.py:130]   Parsing: 04_HOLD_TT_25C_INT_CTRL_TOP.rpt
[2026-08-15 19:15:04] [DEBUG   ] [sta_top_parser] [parser.py:209]     → design=INT_CTRL_TOP         corner=tt_0p90v_0p90v_25c                  check=hold   wns=+1.093  status=MET
[2026-08-15 19:15:04] [DEBUG   ] [sta_top_parser] [parser.py:130]   Parsing: 05_SETUP_SS_M40C_INT_CTRL_TOP.rpt
[2026-08-15 19:15:04] [DEBUG   ] [sta_top_parser] [parser.py:209]     → design=INT_CTRL_TOP         corner=ss_0p72v_0p72v_n40c                 check=setup  wns=+1.109  status=MET
[2026-08-15 19:15:04] [DEBUG   ] [sta_top_parser] [parser.py:130]   Parsing: 06_HOLD_FF_125C_INT_CTRL_TOP.rpt
[2026-08-15 19:15:04] [DEBUG   ] [sta_top_parser] [parser.py:209]     → design=INT_CTRL_TOP         corner=ff_1p16v_1p16v_125c                 check=hold   wns=+1.073  status=MET
[2026-08-15 19:15:04] [DEBUG   ] [sta_top_parser] [parser.py:130]   Parsing: 07_SETUP_LVSS_125C_INT_CTRL_TOP.rpt
[2026-08-15 19:15:04] [DEBUG   ] [sta_top_parser] [parser.py:209]     → design=INT_CTRL_TOP         corner=ss_0p63v_0p63v_125c                 check=setup  wns=+1.088  status=MET
[2026-08-15 19:15:04] [DEBUG   ] [sta_top_parser] [parser.py:130]   Parsing: 08_CG_CHECK_TT_25C_INT_CTRL_TOP.rpt
[2026-08-15 19:15:04] [DEBUG   ] [sta_top_parser] [parser.py:209]     → design=INT_CTRL_TOP         corner=tt_0p90v_0p90v_25c                  check=setup  wns=+1.170  status=MET
[2026-08-15 19:15:04] [DEBUG   ] [sta_top_parser] [parser.py:130]   Parsing: 09_RECOVERY_SS_125C_INT_CTRL_TOP.rpt
[2026-08-15 19:15:04] [DEBUG   ] [sta_top_parser] [parser.py:209]     → design=INT_CTRL_TOP         corner=ss_0p72v_0p72v_125c                 check=setup  wns=+1.071  status=MET
[2026-08-15 19:15:04] [DEBUG   ] [sta_top_parser] [parser.py:130]   Parsing: 10_MULTICYCLE_TT_25C_INT_CTRL_TOP.rpt
[2026-08-15 19:15:04] [DEBUG   ] [sta_top_parser] [parser.py:209]     → design=INT_CTRL_TOP         corner=tt_0p90v_0p90v_25c                  check=setup  wns=+1.061  status=MET
[2026-08-15 19:15:04] [DEBUG   ] [sta_top_parser] [parser.py:130]   Parsing: 11_SETUP_SS_125C_OCV_INT_CTRL_TOP.rpt
[2026-08-15 19:15:04] [DEBUG   ] [sta_top_parser] [parser.py:209]     → design=INT_CTRL_TOP         corner=ss_0p72v_0p72v_125c                 check=setup  wns=+1.165  status=MET
[2026-08-15 19:15:04] [DEBUG   ] [sta_top_parser] [parser.py:130]   Parsing: 12_HOLD_FF_N40C_OCV_INT_CTRL_TOP.rpt
[2026-08-15 19:15:04] [DEBUG   ] [sta_top_parser] [parser.py:209]     → design=INT_CTRL_TOP         corner=ff_1p16v_1p16v_n40c                 check=hold   wns=+1.128  status=MET
[2026-08-15 19:15:04] [DEBUG   ] [sta_top_parser] [parser.py:130]   Parsing: 13_SETUP_SS_125C_POCV_INT_CTRL_TOP.rpt
[2026-08-15 19:15:04] [DEBUG   ] [sta_top_parser] [parser.py:209]     → design=INT_CTRL_TOP         corner=ss_0p72v_0p72v_125c                 check=setup  wns=+1.145  status=MET
[2026-08-15 19:15:04] [DEBUG   ] [sta_top_parser] [parser.py:130]   Parsing: 14_HOLD_FF_N40C_POCV_INT_CTRL_TOP.rpt
[2026-08-15 19:15:04] [DEBUG   ] [sta_top_parser] [parser.py:209]     → design=INT_CTRL_TOP         corner=ff_1p16v_1p16v_n40c                 check=hold   wns=+1.076  status=MET
[2026-08-15 19:15:04] [DEBUG   ] [sta_top_parser] [parser.py:130]   Parsing: 15_SETUP_TT_85C_INT_CTRL_TOP.rpt
[2026-08-15 19:15:04] [DEBUG   ] [sta_top_parser] [parser.py:209]     → design=INT_CTRL_TOP         corner=tt_0p90v_0p90v_85c                  check=setup  wns=+1.118  status=MET
[2026-08-15 19:15:04] [DEBUG   ] [sta_top_parser] [parser.py:130]   Parsing: 16_HOLD_TT_85C_INT_CTRL_TOP.rpt
[2026-08-15 19:15:04] [DEBUG   ] [sta_top_parser] [parser.py:209]     → design=INT_CTRL_TOP         corner=tt_0p90v_0p90v_85c                  check=hold   wns=+1.044  status=MET
[2026-08-15 19:15:04] [DEBUG   ] [sta_top_parser] [parser.py:130]   Parsing: 17_SETUP_FF_125C_INT_CTRL_TOP.rpt
[2026-08-15 19:15:04] [DEBUG   ] [sta_top_parser] [parser.py:209]     → design=INT_CTRL_TOP         corner=ff_1p16v_1p16v_125c                 check=setup  wns=+1.116  status=MET
[2026-08-15 19:15:04] [DEBUG   ] [sta_top_parser] [parser.py:130]   Parsing: 18_HOLD_SS_125C_INT_CTRL_TOP.rpt
[2026-08-15 19:15:04] [DEBUG   ] [sta_top_parser] [parser.py:209]     → design=INT_CTRL_TOP         corner=ss_0p72v_0p72v_125c                 check=hold   wns=+1.091  status=MET
[2026-08-15 19:15:04] [DEBUG   ] [sta_top_parser] [parser.py:130]   Parsing: 19_SETUP_LVSS_N40C_INT_CTRL_TOP.rpt
[2026-08-15 19:15:04] [DEBUG   ] [sta_top_parser] [parser.py:209]     → design=INT_CTRL_TOP         corner=ss_0p63v_0p63v_n40c                 check=setup  wns=+1.112  status=MET
[2026-08-15 19:15:04] [DEBUG   ] [sta_top_parser] [parser.py:130]   Parsing: 20_HOLD_LVFF_N40C_INT_CTRL_TOP.rpt
[2026-08-15 19:15:04] [DEBUG   ] [sta_top_parser] [parser.py:209]     → design=INT_CTRL_TOP         corner=ff_1p32v_1p32v_n40c                 check=hold   wns=+1.163  status=MET
[2026-08-15 19:15:04] [DEBUG   ] [sta_top_parser] [parser.py:130]   Parsing: 21_CG_CHECK_SS_125C_INT_CTRL_TOP.rpt
[2026-08-15 19:15:04] [DEBUG   ] [sta_top_parser] [parser.py:209]     → design=INT_CTRL_TOP         corner=ss_0p72v_0p72v_125c                 check=setup  wns=+1.160  status=MET
[2026-08-15 19:15:04] [DEBUG   ] [sta_top_parser] [parser.py:130]   Parsing: 22_RECOVERY_TT_25C_INT_CTRL_TOP.rpt
[2026-08-15 19:15:04] [DEBUG   ] [sta_top_parser] [parser.py:209]     → design=INT_CTRL_TOP         corner=tt_0p90v_0p90v_25c                  check=setup  wns=+1.113  status=MET
[2026-08-15 19:15:04] [DEBUG   ] [sta_top_parser] [parser.py:130]   Parsing: 23_MULTICYCLE_SS_125C_INT_CTRL_TOP.rpt
[2026-08-15 19:15:04] [DEBUG   ] [sta_top_parser] [parser.py:209]     → design=INT_CTRL_TOP         corner=ss_0p72v_0p72v_125c                 check=setup  wns=+1.118  status=MET
[2026-08-15 19:15:04] [DEBUG   ] [sta_top_parser] [parser.py:130]   Parsing: 24_SETUP_TT_25C_ECO_INT_CTRL_TOP.rpt
[2026-08-15 19:15:04] [DEBUG   ] [sta_top_parser] [parser.py:209]     → design=INT_CTRL_TOP         corner=tt_0p90v_0p90v_25c                  check=setup  wns=+1.090  status=MET
[2026-08-15 19:15:04] [DEBUG   ] [sta_top_parser] [parser.py:130]   Parsing: 25_HOLD_TT_25C_ECO_INT_CTRL_TOP.rpt
[2026-08-15 19:15:04] [DEBUG   ] [sta_top_parser] [parser.py:209]     → design=INT_CTRL_TOP         corner=tt_0p90v_0p90v_25c                  check=hold   wns=+1.130  status=MET
[2026-08-15 19:15:04] [DEBUG   ] [sta_top_parser] [parser.py:130]   Parsing: 26_SETUP_SS_125C_SI_INT_CTRL_TOP.rpt
[2026-08-15 19:15:04] [DEBUG   ] [sta_top_parser] [parser.py:209]     → design=INT_CTRL_TOP         corner=ss_0p72v_0p72v_125c                 check=setup  wns=+1.060  status=MET
[2026-08-15 19:15:04] [DEBUG   ] [sta_top_parser] [parser.py:130]   Parsing: 27_HOLD_FF_N40C_SI_INT_CTRL_TOP.rpt
[2026-08-15 19:15:04] [DEBUG   ] [sta_top_parser] [parser.py:209]     → design=INT_CTRL_TOP         corner=ff_1p16v_1p16v_n40c                 check=hold   wns=+1.081  status=MET
[2026-08-15 19:15:04] [DEBUG   ] [sta_top_parser] [parser.py:130]   Parsing: 28_SETUP_SS_125C_FINAL_INT_CTRL_TOP.rpt
[2026-08-15 19:15:04] [DEBUG   ] [sta_top_parser] [parser.py:209]     → design=INT_CTRL_TOP         corner=ss_0p72v_0p72v_125c                 check=setup  wns=+1.049  status=MET
[2026-08-15 19:15:04] [DEBUG   ] [sta_top_parser] [parser.py:130]   Parsing: 29_HOLD_FF_N40C_FINAL_INT_CTRL_TOP.rpt
[2026-08-15 19:15:04] [DEBUG   ] [sta_top_parser] [parser.py:209]     → design=INT_CTRL_TOP         corner=ff_1p16v_1p16v_n40c                 check=hold   wns=+1.126  status=MET
[2026-08-15 19:15:04] [DEBUG   ] [sta_top_parser] [parser.py:130]   Parsing: 30_SETUP_TT_25C_FINAL_INT_CTRL_TOP.rpt
[2026-08-15 19:15:04] [DEBUG   ] [sta_top_parser] [parser.py:209]     → design=INT_CTRL_TOP         corner=tt_0p90v_0p90v_25c                  check=setup  wns=+1.081  status=MET
[2026-08-15 19:15:04] [DEBUG   ] [sta_top_parser] [parser.py:130]   Parsing: INT_CTRL_TIMING.rpt
[2026-08-15 19:15:04] [DEBUG   ] [sta_top_parser] [parser.py:209]     → design=N/A                  corner=N/A                                 check=N/A    wns=+0.000  status=UNKNOWN
[2026-08-15 19:15:04] [INFO    ] [sta_top_parser] [parser.py:294]   Parsed 31 / 31 report(s) OK
[2026-08-15 19:15:04] [INFO    ] [sta_top_parser] [dump_log.py:246] Dump log    → D:\Certificates\PD_STA_REPORTS\UNCORE\INTERRUPT_CONTROLLER\INT_CTRL_TOP_dump.log
[2026-08-15 19:15:04] [INFO    ] [sta_top_parser] [json_writer.py:75] JSON dump   → D:\Certificates\PD_STA_REPORTS\UNCORE\INTERRUPT_CONTROLLER\INT_CTRL_TOP_summary.json
[2026-08-15 19:15:04] [INFO    ] [sta_top_parser] [html_writer.py:361] HTML report → D:\Certificates\PD_STA_REPORTS\UNCORE\INTERRUPT_CONTROLLER\INT_CTRL_TOP_report.html
[2026-08-15 19:15:04] [INFO    ] [sta_top_parser] [sta_top_parser.py:328] [5/6] Scanning: UNCORE\MEMORY_CONTROLLER
[2026-08-15 19:15:04] [INFO    ] [sta_top_parser] [parser.py:284]   Found 31 report file(s) in D:\Certificates\PD_STA_REPORTS\UNCORE\MEMORY_CONTROLLER
[2026-08-15 19:15:04] [DEBUG   ] [sta_top_parser] [parser.py:130]   Parsing: 01_SETUP_SS_125C_MC_TOP.rpt
[2026-08-15 19:15:04] [DEBUG   ] [sta_top_parser] [parser.py:209]     → design=MC_TOP               corner=ss_0p72v_0p72v_125c                 check=setup  wns=+2.437  status=MET
[2026-08-15 19:15:04] [DEBUG   ] [sta_top_parser] [parser.py:130]   Parsing: 02_HOLD_FF_N40C_MC_TOP.rpt
[2026-08-15 19:15:04] [DEBUG   ] [sta_top_parser] [parser.py:209]     → design=MC_TOP               corner=ff_1p16v_1p16v_n40c                 check=hold   wns=+2.379  status=MET
[2026-08-15 19:15:04] [DEBUG   ] [sta_top_parser] [parser.py:130]   Parsing: 03_SETUP_TT_25C_MC_TOP.rpt
[2026-08-15 19:15:04] [DEBUG   ] [sta_top_parser] [parser.py:209]     → design=MC_TOP               corner=tt_0p90v_0p90v_25c                  check=setup  wns=+2.524  status=MET
[2026-08-15 19:15:04] [DEBUG   ] [sta_top_parser] [parser.py:130]   Parsing: 04_HOLD_TT_25C_MC_TOP.rpt
[2026-08-15 19:15:04] [DEBUG   ] [sta_top_parser] [parser.py:209]     → design=MC_TOP               corner=tt_0p90v_0p90v_25c                  check=hold   wns=+2.397  status=MET
[2026-08-15 19:15:04] [DEBUG   ] [sta_top_parser] [parser.py:130]   Parsing: 05_SETUP_SS_M40C_MC_TOP.rpt
[2026-08-15 19:15:04] [DEBUG   ] [sta_top_parser] [parser.py:209]     → design=MC_TOP               corner=ss_0p72v_0p72v_n40c                 check=setup  wns=+2.474  status=MET
[2026-08-15 19:15:04] [DEBUG   ] [sta_top_parser] [parser.py:130]   Parsing: 06_HOLD_FF_125C_MC_TOP.rpt
[2026-08-15 19:15:04] [DEBUG   ] [sta_top_parser] [parser.py:209]     → design=MC_TOP               corner=ff_1p16v_1p16v_125c                 check=hold   wns=+2.421  status=MET
[2026-08-15 19:15:04] [DEBUG   ] [sta_top_parser] [parser.py:130]   Parsing: 07_SETUP_LVSS_125C_MC_TOP.rpt
[2026-08-15 19:15:04] [DEBUG   ] [sta_top_parser] [parser.py:209]     → design=MC_TOP               corner=ss_0p63v_0p63v_125c                 check=setup  wns=+2.423  status=MET
[2026-08-15 19:15:04] [DEBUG   ] [sta_top_parser] [parser.py:130]   Parsing: 08_CG_CHECK_TT_25C_MC_TOP.rpt
[2026-08-15 19:15:04] [DEBUG   ] [sta_top_parser] [parser.py:209]     → design=MC_TOP               corner=tt_0p90v_0p90v_25c                  check=setup  wns=+2.402  status=MET
[2026-08-15 19:15:04] [DEBUG   ] [sta_top_parser] [parser.py:130]   Parsing: 09_RECOVERY_SS_125C_MC_TOP.rpt
[2026-08-15 19:15:04] [DEBUG   ] [sta_top_parser] [parser.py:209]     → design=MC_TOP               corner=ss_0p72v_0p72v_125c                 check=setup  wns=+2.395  status=MET
[2026-08-15 19:15:04] [DEBUG   ] [sta_top_parser] [parser.py:130]   Parsing: 10_MULTICYCLE_TT_25C_MC_TOP.rpt
[2026-08-15 19:15:04] [DEBUG   ] [sta_top_parser] [parser.py:209]     → design=MC_TOP               corner=tt_0p90v_0p90v_25c                  check=setup  wns=+2.415  status=MET
[2026-08-15 19:15:04] [DEBUG   ] [sta_top_parser] [parser.py:130]   Parsing: 11_SETUP_SS_125C_OCV_MC_TOP.rpt
[2026-08-15 19:15:04] [DEBUG   ] [sta_top_parser] [parser.py:209]     → design=MC_TOP               corner=ss_0p72v_0p72v_125c                 check=setup  wns=+2.451  status=MET
[2026-08-15 19:15:04] [DEBUG   ] [sta_top_parser] [parser.py:130]   Parsing: 12_HOLD_FF_N40C_OCV_MC_TOP.rpt
[2026-08-15 19:15:04] [DEBUG   ] [sta_top_parser] [parser.py:209]     → design=MC_TOP               corner=ff_1p16v_1p16v_n40c                 check=hold   wns=+2.381  status=MET
[2026-08-15 19:15:04] [DEBUG   ] [sta_top_parser] [parser.py:130]   Parsing: 13_SETUP_SS_125C_POCV_MC_TOP.rpt
[2026-08-15 19:15:04] [DEBUG   ] [sta_top_parser] [parser.py:209]     → design=MC_TOP               corner=ss_0p72v_0p72v_125c                 check=setup  wns=+2.402  status=MET
[2026-08-15 19:15:04] [DEBUG   ] [sta_top_parser] [parser.py:130]   Parsing: 14_HOLD_FF_N40C_POCV_MC_TOP.rpt
[2026-08-15 19:15:04] [DEBUG   ] [sta_top_parser] [parser.py:209]     → design=MC_TOP               corner=ff_1p16v_1p16v_n40c                 check=hold   wns=+2.464  status=MET
[2026-08-15 19:15:04] [DEBUG   ] [sta_top_parser] [parser.py:130]   Parsing: 15_SETUP_TT_85C_MC_TOP.rpt
[2026-08-15 19:15:04] [DEBUG   ] [sta_top_parser] [parser.py:209]     → design=MC_TOP               corner=tt_0p90v_0p90v_85c                  check=setup  wns=+2.402  status=MET
[2026-08-15 19:15:04] [DEBUG   ] [sta_top_parser] [parser.py:130]   Parsing: 16_HOLD_TT_85C_MC_TOP.rpt
[2026-08-15 19:15:04] [DEBUG   ] [sta_top_parser] [parser.py:209]     → design=MC_TOP               corner=tt_0p90v_0p90v_85c                  check=hold   wns=+2.464  status=MET
[2026-08-15 19:15:04] [DEBUG   ] [sta_top_parser] [parser.py:130]   Parsing: 17_SETUP_FF_125C_MC_TOP.rpt
[2026-08-15 19:15:04] [DEBUG   ] [sta_top_parser] [parser.py:209]     → design=MC_TOP               corner=ff_1p16v_1p16v_125c                 check=setup  wns=+2.507  status=MET
[2026-08-15 19:15:04] [DEBUG   ] [sta_top_parser] [parser.py:130]   Parsing: 18_HOLD_SS_125C_MC_TOP.rpt
[2026-08-15 19:15:04] [DEBUG   ] [sta_top_parser] [parser.py:209]     → design=MC_TOP               corner=ss_0p72v_0p72v_125c                 check=hold   wns=+2.474  status=MET
[2026-08-15 19:15:04] [DEBUG   ] [sta_top_parser] [parser.py:130]   Parsing: 19_SETUP_LVSS_N40C_MC_TOP.rpt
[2026-08-15 19:15:04] [DEBUG   ] [sta_top_parser] [parser.py:209]     → design=MC_TOP               corner=ss_0p63v_0p63v_n40c                 check=setup  wns=+2.452  status=MET
[2026-08-15 19:15:04] [DEBUG   ] [sta_top_parser] [parser.py:130]   Parsing: 20_HOLD_LVFF_N40C_MC_TOP.rpt
[2026-08-15 19:15:04] [DEBUG   ] [sta_top_parser] [parser.py:209]     → design=MC_TOP               corner=ff_1p32v_1p32v_n40c                 check=hold   wns=+2.455  status=MET
[2026-08-15 19:15:04] [DEBUG   ] [sta_top_parser] [parser.py:130]   Parsing: 21_CG_CHECK_SS_125C_MC_TOP.rpt
[2026-08-15 19:15:04] [DEBUG   ] [sta_top_parser] [parser.py:209]     → design=MC_TOP               corner=ss_0p72v_0p72v_125c                 check=setup  wns=+2.399  status=MET
[2026-08-15 19:15:04] [DEBUG   ] [sta_top_parser] [parser.py:130]   Parsing: 22_RECOVERY_TT_25C_MC_TOP.rpt
[2026-08-15 19:15:04] [DEBUG   ] [sta_top_parser] [parser.py:209]     → design=MC_TOP               corner=tt_0p90v_0p90v_25c                  check=setup  wns=+2.444  status=MET
[2026-08-15 19:15:04] [DEBUG   ] [sta_top_parser] [parser.py:130]   Parsing: 23_MULTICYCLE_SS_125C_MC_TOP.rpt
[2026-08-15 19:15:04] [DEBUG   ] [sta_top_parser] [parser.py:209]     → design=MC_TOP               corner=ss_0p72v_0p72v_125c                 check=setup  wns=+2.402  status=MET
[2026-08-15 19:15:04] [DEBUG   ] [sta_top_parser] [parser.py:130]   Parsing: 24_SETUP_TT_25C_ECO_MC_TOP.rpt
[2026-08-15 19:15:04] [DEBUG   ] [sta_top_parser] [parser.py:209]     → design=MC_TOP               corner=tt_0p90v_0p90v_25c                  check=setup  wns=+2.424  status=MET
[2026-08-15 19:15:04] [DEBUG   ] [sta_top_parser] [parser.py:130]   Parsing: 25_HOLD_TT_25C_ECO_MC_TOP.rpt
[2026-08-15 19:15:04] [DEBUG   ] [sta_top_parser] [parser.py:209]     → design=MC_TOP               corner=tt_0p90v_0p90v_25c                  check=hold   wns=+2.377  status=MET
[2026-08-15 19:15:04] [DEBUG   ] [sta_top_parser] [parser.py:130]   Parsing: 26_SETUP_SS_125C_SI_MC_TOP.rpt
[2026-08-15 19:15:04] [DEBUG   ] [sta_top_parser] [parser.py:209]     → design=MC_TOP               corner=ss_0p72v_0p72v_125c                 check=setup  wns=+2.443  status=MET
[2026-08-15 19:15:04] [DEBUG   ] [sta_top_parser] [parser.py:130]   Parsing: 27_HOLD_FF_N40C_SI_MC_TOP.rpt
[2026-08-15 19:15:04] [DEBUG   ] [sta_top_parser] [parser.py:209]     → design=MC_TOP               corner=ff_1p16v_1p16v_n40c                 check=hold   wns=+2.407  status=MET
[2026-08-15 19:15:04] [DEBUG   ] [sta_top_parser] [parser.py:130]   Parsing: 28_SETUP_SS_125C_FINAL_MC_TOP.rpt
[2026-08-15 19:15:05] [DEBUG   ] [sta_top_parser] [parser.py:209]     → design=MC_TOP               corner=ss_0p72v_0p72v_125c                 check=setup  wns=+2.421  status=MET
[2026-08-15 19:15:05] [DEBUG   ] [sta_top_parser] [parser.py:130]   Parsing: 29_HOLD_FF_N40C_FINAL_MC_TOP.rpt
[2026-08-15 19:15:05] [DEBUG   ] [sta_top_parser] [parser.py:209]     → design=MC_TOP               corner=ff_1p16v_1p16v_n40c                 check=hold   wns=+2.428  status=MET
[2026-08-15 19:15:05] [DEBUG   ] [sta_top_parser] [parser.py:130]   Parsing: 30_SETUP_TT_25C_FINAL_MC_TOP.rpt
[2026-08-15 19:15:05] [DEBUG   ] [sta_top_parser] [parser.py:209]     → design=MC_TOP               corner=tt_0p90v_0p90v_25c                  check=setup  wns=+2.502  status=MET
[2026-08-15 19:15:05] [DEBUG   ] [sta_top_parser] [parser.py:130]   Parsing: MC_TIMING.rpt
[2026-08-15 19:15:05] [DEBUG   ] [sta_top_parser] [parser.py:209]     → design=N/A                  corner=N/A                                 check=N/A    wns=+0.000  status=UNKNOWN
[2026-08-15 19:15:05] [INFO    ] [sta_top_parser] [parser.py:294]   Parsed 31 / 31 report(s) OK
[2026-08-15 19:15:05] [INFO    ] [sta_top_parser] [dump_log.py:246] Dump log    → D:\Certificates\PD_STA_REPORTS\UNCORE\MEMORY_CONTROLLER\MC_TOP_dump.log
[2026-08-15 19:15:05] [INFO    ] [sta_top_parser] [json_writer.py:75] JSON dump   → D:\Certificates\PD_STA_REPORTS\UNCORE\MEMORY_CONTROLLER\MC_TOP_summary.json
[2026-08-15 19:15:05] [INFO    ] [sta_top_parser] [html_writer.py:361] HTML report → D:\Certificates\PD_STA_REPORTS\UNCORE\MEMORY_CONTROLLER\MC_TOP_report.html
[2026-08-15 19:15:05] [INFO    ] [sta_top_parser] [sta_top_parser.py:328] [6/6] Scanning: UNCORE\PMU
[2026-08-15 19:15:05] [INFO    ] [sta_top_parser] [parser.py:284]   Found 31 report file(s) in D:\Certificates\PD_STA_REPORTS\UNCORE\PMU
[2026-08-15 19:15:05] [DEBUG   ] [sta_top_parser] [parser.py:130]   Parsing: 01_SETUP_SS_125C_PMU_TOP.rpt
[2026-08-15 19:15:05] [DEBUG   ] [sta_top_parser] [parser.py:209]     → design=PMU_TOP              corner=ss_0p72v_0p72v_125c                 check=setup  wns=+1.189  status=MET
[2026-08-15 19:15:05] [DEBUG   ] [sta_top_parser] [parser.py:130]   Parsing: 02_HOLD_FF_N40C_PMU_TOP.rpt
[2026-08-15 19:15:05] [DEBUG   ] [sta_top_parser] [parser.py:209]     → design=PMU_TOP              corner=ff_1p16v_1p16v_n40c                 check=hold   wns=+1.077  status=MET
[2026-08-15 19:15:05] [DEBUG   ] [sta_top_parser] [parser.py:130]   Parsing: 03_SETUP_TT_25C_PMU_TOP.rpt
[2026-08-15 19:15:05] [DEBUG   ] [sta_top_parser] [parser.py:209]     → design=PMU_TOP              corner=tt_0p90v_0p90v_25c                  check=setup  wns=+1.078  status=MET
[2026-08-15 19:15:05] [DEBUG   ] [sta_top_parser] [parser.py:130]   Parsing: 04_HOLD_TT_25C_PMU_TOP.rpt
[2026-08-15 19:15:05] [DEBUG   ] [sta_top_parser] [parser.py:209]     → design=PMU_TOP              corner=tt_0p90v_0p90v_25c                  check=hold   wns=+1.120  status=MET
[2026-08-15 19:15:05] [DEBUG   ] [sta_top_parser] [parser.py:130]   Parsing: 05_SETUP_SS_M40C_PMU_TOP.rpt
[2026-08-15 19:15:05] [DEBUG   ] [sta_top_parser] [parser.py:209]     → design=PMU_TOP              corner=ss_0p72v_0p72v_n40c                 check=setup  wns=+1.128  status=MET
[2026-08-15 19:15:05] [DEBUG   ] [sta_top_parser] [parser.py:130]   Parsing: 06_HOLD_FF_125C_PMU_TOP.rpt
[2026-08-15 19:15:05] [DEBUG   ] [sta_top_parser] [parser.py:209]     → design=PMU_TOP              corner=ff_1p16v_1p16v_125c                 check=hold   wns=+1.101  status=MET
[2026-08-15 19:15:05] [DEBUG   ] [sta_top_parser] [parser.py:130]   Parsing: 07_SETUP_LVSS_125C_PMU_TOP.rpt
[2026-08-15 19:15:05] [DEBUG   ] [sta_top_parser] [parser.py:209]     → design=PMU_TOP              corner=ss_0p63v_0p63v_125c                 check=setup  wns=+1.164  status=MET
[2026-08-15 19:15:05] [DEBUG   ] [sta_top_parser] [parser.py:130]   Parsing: 08_CG_CHECK_TT_25C_PMU_TOP.rpt
[2026-08-15 19:15:05] [DEBUG   ] [sta_top_parser] [parser.py:209]     → design=PMU_TOP              corner=tt_0p90v_0p90v_25c                  check=setup  wns=+1.166  status=MET
[2026-08-15 19:15:05] [DEBUG   ] [sta_top_parser] [parser.py:130]   Parsing: 09_RECOVERY_SS_125C_PMU_TOP.rpt
[2026-08-15 19:15:05] [DEBUG   ] [sta_top_parser] [parser.py:209]     → design=PMU_TOP              corner=ss_0p72v_0p72v_125c                 check=setup  wns=+1.076  status=MET
[2026-08-15 19:15:05] [DEBUG   ] [sta_top_parser] [parser.py:130]   Parsing: 10_MULTICYCLE_TT_25C_PMU_TOP.rpt
[2026-08-15 19:15:05] [DEBUG   ] [sta_top_parser] [parser.py:209]     → design=PMU_TOP              corner=tt_0p90v_0p90v_25c                  check=setup  wns=+1.114  status=MET
[2026-08-15 19:15:05] [DEBUG   ] [sta_top_parser] [parser.py:130]   Parsing: 11_SETUP_SS_125C_OCV_PMU_TOP.rpt
[2026-08-15 19:15:05] [DEBUG   ] [sta_top_parser] [parser.py:209]     → design=PMU_TOP              corner=ss_0p72v_0p72v_125c                 check=setup  wns=+1.130  status=MET
[2026-08-15 19:15:05] [DEBUG   ] [sta_top_parser] [parser.py:130]   Parsing: 12_HOLD_FF_N40C_OCV_PMU_TOP.rpt
[2026-08-15 19:15:05] [DEBUG   ] [sta_top_parser] [parser.py:209]     → design=PMU_TOP              corner=ff_1p16v_1p16v_n40c                 check=hold   wns=+1.105  status=MET
[2026-08-15 19:15:05] [DEBUG   ] [sta_top_parser] [parser.py:130]   Parsing: 13_SETUP_SS_125C_POCV_PMU_TOP.rpt
[2026-08-15 19:15:05] [DEBUG   ] [sta_top_parser] [parser.py:209]     → design=PMU_TOP              corner=ss_0p72v_0p72v_125c                 check=setup  wns=+1.099  status=MET
[2026-08-15 19:15:05] [DEBUG   ] [sta_top_parser] [parser.py:130]   Parsing: 14_HOLD_FF_N40C_POCV_PMU_TOP.rpt
[2026-08-15 19:15:05] [DEBUG   ] [sta_top_parser] [parser.py:209]     → design=PMU_TOP              corner=ff_1p16v_1p16v_n40c                 check=hold   wns=+1.021  status=MET
[2026-08-15 19:15:05] [DEBUG   ] [sta_top_parser] [parser.py:130]   Parsing: 15_SETUP_TT_85C_PMU_TOP.rpt
[2026-08-15 19:15:05] [DEBUG   ] [sta_top_parser] [parser.py:209]     → design=PMU_TOP              corner=tt_0p90v_0p90v_85c                  check=setup  wns=+1.096  status=MET
[2026-08-15 19:15:05] [DEBUG   ] [sta_top_parser] [parser.py:130]   Parsing: 16_HOLD_TT_85C_PMU_TOP.rpt
[2026-08-15 19:15:05] [DEBUG   ] [sta_top_parser] [parser.py:209]     → design=PMU_TOP              corner=tt_0p90v_0p90v_85c                  check=hold   wns=+1.080  status=MET
[2026-08-15 19:15:05] [DEBUG   ] [sta_top_parser] [parser.py:130]   Parsing: 17_SETUP_FF_125C_PMU_TOP.rpt
[2026-08-15 19:15:05] [DEBUG   ] [sta_top_parser] [parser.py:209]     → design=PMU_TOP              corner=ff_1p16v_1p16v_125c                 check=setup  wns=+1.172  status=MET
[2026-08-15 19:15:05] [DEBUG   ] [sta_top_parser] [parser.py:130]   Parsing: 18_HOLD_SS_125C_PMU_TOP.rpt
[2026-08-15 19:15:05] [DEBUG   ] [sta_top_parser] [parser.py:209]     → design=PMU_TOP              corner=ss_0p72v_0p72v_125c                 check=hold   wns=+1.126  status=MET
[2026-08-15 19:15:05] [DEBUG   ] [sta_top_parser] [parser.py:130]   Parsing: 19_SETUP_LVSS_N40C_PMU_TOP.rpt
[2026-08-15 19:15:05] [DEBUG   ] [sta_top_parser] [parser.py:209]     → design=PMU_TOP              corner=ss_0p63v_0p63v_n40c                 check=setup  wns=+1.103  status=MET
[2026-08-15 19:15:05] [DEBUG   ] [sta_top_parser] [parser.py:130]   Parsing: 20_HOLD_LVFF_N40C_PMU_TOP.rpt
[2026-08-15 19:15:05] [DEBUG   ] [sta_top_parser] [parser.py:209]     → design=PMU_TOP              corner=ff_1p32v_1p32v_n40c                 check=hold   wns=+1.126  status=MET
[2026-08-15 19:15:05] [DEBUG   ] [sta_top_parser] [parser.py:130]   Parsing: 21_CG_CHECK_SS_125C_PMU_TOP.rpt
[2026-08-15 19:15:05] [DEBUG   ] [sta_top_parser] [parser.py:209]     → design=PMU_TOP              corner=ss_0p72v_0p72v_125c                 check=setup  wns=+1.097  status=MET
[2026-08-15 19:15:05] [DEBUG   ] [sta_top_parser] [parser.py:130]   Parsing: 22_RECOVERY_TT_25C_PMU_TOP.rpt
[2026-08-15 19:15:05] [DEBUG   ] [sta_top_parser] [parser.py:209]     → design=PMU_TOP              corner=tt_0p90v_0p90v_25c                  check=setup  wns=+1.116  status=MET
[2026-08-15 19:15:05] [DEBUG   ] [sta_top_parser] [parser.py:130]   Parsing: 23_MULTICYCLE_SS_125C_PMU_TOP.rpt
[2026-08-15 19:15:05] [DEBUG   ] [sta_top_parser] [parser.py:209]     → design=PMU_TOP              corner=ss_0p72v_0p72v_125c                 check=setup  wns=+1.096  status=MET
[2026-08-15 19:15:05] [DEBUG   ] [sta_top_parser] [parser.py:130]   Parsing: 24_SETUP_TT_25C_ECO_PMU_TOP.rpt
[2026-08-15 19:15:05] [DEBUG   ] [sta_top_parser] [parser.py:209]     → design=PMU_TOP              corner=tt_0p90v_0p90v_25c                  check=setup  wns=+1.087  status=MET
[2026-08-15 19:15:05] [DEBUG   ] [sta_top_parser] [parser.py:130]   Parsing: 25_HOLD_TT_25C_ECO_PMU_TOP.rpt
[2026-08-15 19:15:05] [DEBUG   ] [sta_top_parser] [parser.py:209]     → design=PMU_TOP              corner=tt_0p90v_0p90v_25c                  check=hold   wns=+1.113  status=MET
[2026-08-15 19:15:05] [DEBUG   ] [sta_top_parser] [parser.py:130]   Parsing: 26_SETUP_SS_125C_SI_PMU_TOP.rpt
[2026-08-15 19:15:05] [DEBUG   ] [sta_top_parser] [parser.py:209]     → design=PMU_TOP              corner=ss_0p72v_0p72v_125c                 check=setup  wns=+1.091  status=MET
[2026-08-15 19:15:05] [DEBUG   ] [sta_top_parser] [parser.py:130]   Parsing: 27_HOLD_FF_N40C_SI_PMU_TOP.rpt
[2026-08-15 19:15:05] [DEBUG   ] [sta_top_parser] [parser.py:209]     → design=PMU_TOP              corner=ff_1p16v_1p16v_n40c                 check=hold   wns=+1.062  status=MET
[2026-08-15 19:15:05] [DEBUG   ] [sta_top_parser] [parser.py:130]   Parsing: 28_SETUP_SS_125C_FINAL_PMU_TOP.rpt
[2026-08-15 19:15:05] [DEBUG   ] [sta_top_parser] [parser.py:209]     → design=PMU_TOP              corner=ss_0p72v_0p72v_125c                 check=setup  wns=+1.091  status=MET
[2026-08-15 19:15:05] [DEBUG   ] [sta_top_parser] [parser.py:130]   Parsing: 29_HOLD_FF_N40C_FINAL_PMU_TOP.rpt
[2026-08-15 19:15:05] [DEBUG   ] [sta_top_parser] [parser.py:209]     → design=PMU_TOP              corner=ff_1p16v_1p16v_n40c                 check=hold   wns=+1.125  status=MET
[2026-08-15 19:15:05] [DEBUG   ] [sta_top_parser] [parser.py:130]   Parsing: 30_SETUP_TT_25C_FINAL_PMU_TOP.rpt
[2026-08-15 19:15:05] [DEBUG   ] [sta_top_parser] [parser.py:209]     → design=PMU_TOP              corner=tt_0p90v_0p90v_25c                  check=setup  wns=+1.115  status=MET
[2026-08-15 19:15:05] [DEBUG   ] [sta_top_parser] [parser.py:130]   Parsing: PMU_TIMING.rpt
[2026-08-15 19:15:05] [DEBUG   ] [sta_top_parser] [parser.py:209]     → design=N/A                  corner=N/A                                 check=N/A    wns=+0.000  status=UNKNOWN
[2026-08-15 19:15:05] [INFO    ] [sta_top_parser] [parser.py:294]   Parsed 31 / 31 report(s) OK
[2026-08-15 19:15:05] [INFO    ] [sta_top_parser] [dump_log.py:246] Dump log    → D:\Certificates\PD_STA_REPORTS\UNCORE\PMU\PMU_TOP_dump.log
[2026-08-15 19:15:05] [INFO    ] [sta_top_parser] [json_writer.py:75] JSON dump   → D:\Certificates\PD_STA_REPORTS\UNCORE\PMU\PMU_TOP_summary.json
[2026-08-15 19:15:05] [INFO    ] [sta_top_parser] [html_writer.py:361] HTML report → D:\Certificates\PD_STA_REPORTS\UNCORE\PMU\PMU_TOP_report.html
[2026-08-15 19:15:05] [INFO    ] [sta_top_parser] [sta_top_parser.py:353] ────────────────────────────────────────────────────────────
[2026-08-15 19:15:05] [INFO    ] [sta_top_parser] [sta_top_parser.py:354] Aggregating 6 block(s) …
[2026-08-15 19:15:05] [INFO    ] [sta_top_parser] [sta_top_parser.py:239] ────────────────────────────────────────────────────────────────────────────────
[2026-08-15 19:15:05] [INFO    ] [sta_top_parser] [sta_top_parser.py:240]   STA TOP-LEVEL SUMMARY  —  PD_STA_REPORTS
[2026-08-15 19:15:05] [INFO    ] [sta_top_parser] [sta_top_parser.py:241]   Root       : D:\Certificates\PD_STA_REPORTS
[2026-08-15 19:15:05] [INFO    ] [sta_top_parser] [sta_top_parser.py:242]   Parsed at  : 2026-08-15T19:15:05
[2026-08-15 19:15:05] [INFO    ] [sta_top_parser] [sta_top_parser.py:243]   Blocks: 6   Reports: 186
[2026-08-15 19:15:05] [INFO    ] [sta_top_parser] [sta_top_parser.py:244] ────────────────────────────────────────────────────────────────────────────────
[2026-08-15 19:15:05] [INFO    ] [sta_top_parser] [sta_top_parser.py:245]   STATUS      WORST WNS  WORST TNS  WORST WHS  VIOLATIONS
[2026-08-15 19:15:05] [INFO    ] [sta_top_parser] [sta_top_parser.py:247]   MET            +0.000     +0.000     +0.000  0
[2026-08-15 19:15:05] [INFO    ] [sta_top_parser] [sta_top_parser.py:251] ────────────────────────────────────────────────────────────────────────────────
[2026-08-15 19:15:05] [INFO    ] [sta_top_parser] [sta_top_parser.py:252]   BY PIPELINE STAGE
[2026-08-15 19:15:05] [INFO    ] [sta_top_parser] [sta_top_parser.py:253]   STAGE                      BLKS   WNS(ns)   TNS(ns)   WHS(ns)  STATUS
[2026-08-15 19:15:05] [INFO    ] [sta_top_parser] [sta_top_parser.py:255]   ──────────────────────────────────────────────────────────────────────
[2026-08-15 19:15:05] [INFO    ] [sta_top_parser] [sta_top_parser.py:257]   UNCORE                        6    +0.000    +0.000    +0.000  MET
[2026-08-15 19:15:05] [INFO    ] [sta_top_parser] [sta_top_parser.py:260] ────────────────────────────────────────────────────────────────────────────────
[2026-08-15 19:15:05] [INFO    ] [sta_top_parser] [sta_top_parser.py:261]   BY CORNER
[2026-08-15 19:15:05] [INFO    ] [sta_top_parser] [sta_top_parser.py:262]   CORNER                                         WNS(ns)   TNS(ns)   WHS(ns)  STATUS
[2026-08-15 19:15:05] [INFO    ] [sta_top_parser] [sta_top_parser.py:264]   ────────────────────────────────────────────────────────────────────────────
[2026-08-15 19:15:05] [INFO    ] [sta_top_parser] [sta_top_parser.py:266]   N/A                                             +0.000    +0.000    +0.000  MET
[2026-08-15 19:15:05] [INFO    ] [sta_top_parser] [sta_top_parser.py:266]   ff_1p16v_1p16v_125c                             +1.073    +0.000    +0.000  MET
[2026-08-15 19:15:05] [INFO    ] [sta_top_parser] [sta_top_parser.py:266]   ff_1p16v_1p16v_n40c                             +1.021    +0.000    +0.000  MET
[2026-08-15 19:15:05] [INFO    ] [sta_top_parser] [sta_top_parser.py:266]   ff_1p32v_1p32v_n40c                             +1.126    +0.000    +0.000  MET
[2026-08-15 19:15:05] [INFO    ] [sta_top_parser] [sta_top_parser.py:266]   ss_0p63v_0p63v_125c                             +1.088    +0.000    +0.066  MET
[2026-08-15 19:15:05] [INFO    ] [sta_top_parser] [sta_top_parser.py:266]   ss_0p63v_0p63v_n40c                             +1.056    +0.000    +0.000  MET
[2026-08-15 19:15:05] [INFO    ] [sta_top_parser] [sta_top_parser.py:266]   ss_0p72v_0p72v_125c                             +0.995    +0.000    +0.000  MET
[2026-08-15 19:15:05] [INFO    ] [sta_top_parser] [sta_top_parser.py:266]   ss_0p72v_0p72v_n40c                             +1.057    +0.000    +0.062  MET
[2026-08-15 19:15:05] [INFO    ] [sta_top_parser] [sta_top_parser.py:266]   tt_0p90v_0p90v_25c                              +1.059    +0.000    +0.000  MET
[2026-08-15 19:15:05] [INFO    ] [sta_top_parser] [sta_top_parser.py:266]   tt_0p90v_0p90v_85c                              +1.044    +0.000    +0.000  MET
[2026-08-15 19:15:05] [INFO    ] [sta_top_parser] [sta_top_parser.py:268] ────────────────────────────────────────────────────────────────────────────────
[2026-08-15 19:15:05] [INFO    ] [sta_top_parser] [dump_log.py:246] Dump log    → D:\Certificates\PD_STA_REPORTS\RESULTS\UNCORE\UNCORE_STA_dump.log
[2026-08-15 19:15:05] [INFO    ] [sta_top_parser] [json_writer.py:75] JSON dump   → D:\Certificates\PD_STA_REPORTS\RESULTS\UNCORE\UNCORE_STA_summary.json
[2026-08-15 19:15:05] [INFO    ] [sta_top_parser] [html_writer.py:453] HTML report → D:\Certificates\PD_STA_REPORTS\RESULTS\UNCORE\UNCORE_STA_report.html
[2026-08-15 19:15:05] [INFO    ] [sta_top_parser] [sta_top_parser.py:392] Run log     → D:\Certificates\PD_STA_REPORTS\RESULTS\UNCORE\UNCORE_STA_run_20260815_191504.log
[2026-08-15 19:15:05] [INFO    ] [sta_top_parser] [sta_top_parser.py:393] Done.  6 blocks  |  186 reports  |  status: MET
