****************************************
Report : timing
        -path_type full
        -delay_type max
        -max_paths 10
        -sort_by slack
Design : FMUL_TOP
Version: PrimeTime 2023.06-SP3
Date   : Sat Aug 15 17:34:53 2026
Corner : ss_0p72v_0p72v_n40c
Note   : Cold Setup      — Slow corner, cold temp
****************************************

Operating Conditions : ss_0p72v_0p72v_n40c (Library: saed32nm_rvt)
Wire Load Model Mode : Interconnect (StarRC Extracted)

  Startpoint : u_fmul_pp/din_reg[0]
               (rising edge-triggered flip-flop clocked by CLK_CORE)
  Endpoint   : u_fmul_rnd/dout_reg[0]
               (rising edge-triggered flip-flop clocked by CLK_CORE)
  Path Group : CLK_CORE
  Path Type  : max

  Point                                                   Incr        Path
  -------------------------------------------------------------------------
  clock CLK_CORE (rise edge)                                  0.000       0.000
  clock network delay (propagated)                        0.142      0.142
  u_fmul_pp/din_reg[0]/CK (DFFARX1_RVT)                        0.000       0.142 r
  u_fmul_pp/din_reg[0]/Q  (DFFARX1_RVT)                        0.124       0.266 r
  u_fmul_pp/U12/Y (INVX2_RVT)                                  0.04       0.306 f
  u_fmul_pp/U34/Y (NAND2X1_RVT)                                0.06       0.366 r
  u_fmul_csa/U07/Y (AOI22X1_RVT)                                0.107       0.473 f
  u_fmul_csa/U19/Y (OAI21X1_RVT)                                0.107       0.58 r
  u_fmul_norm/U03/Y (MUX21X1_RVT)                                0.079       0.659 r
  u_fmul_norm/U11/Y (AND2X1_RVT)                                 0.077       0.736 f
  u_fmul_norm/U22/Y (NOR2X1_RVT)                                 0.045       0.781 r
  u_fmul_rnd/U05/Y (BUFX4_RVT)                                  0.064       0.845 r
  u_fmul_rnd/dout_reg[0]/D (DFFARX1_RVT)                        0.074      0.919 f
  data arrival time                                                    0.919

  clock CLK_CORE (rise edge)                                  2     2
  clock network delay (propagated)                        0.142      2.142
  clock uncertainty                                      -0.05   2.092
  u_fmul_rnd/dout_reg[0]/CK (DFFARX1_RVT)                       0.000       2.092 r
  library setup time                                     -0.068   2.024
  data required time                                                   2.024
  -------------------------------------------------------------------------
  data required time                                                   2.024
  data arrival time                                                   -0.919
  -------------------------------------------------------------------------
  slack (MET)   1.105


=========================================================================
                   FMUL_TOP — TIMING SUMMARY
=========================================================================

  Block        : FMUL_TOP
  Corner       : ss_0p72v_0p72v_n40c
  Check        : max  (Cold Setup      — Slow corner, cold temp)
  Clock        : CLK_CORE  Period = 2 ns  (500 MHz)
  Technology   : SAED 32nm RVT

  ┌────────────────────────────────────────────────────────────────┐
  │ Sub-Unit      WNS (ns)  TNS (ns)  #Viol   WHS (ns)  #HViol  │
  ├────────────────────────────────────────────────────────────────┤
  │ u_fmul_pp          1.105       0        0      0.109        0     │
  │ u_fmul_csa          0.098       0        0      0.098        0     │
  │ u_fmul_norm          0.091       0        0      0.094        0     │
  │ u_fmul_rnd          0.061       0        0      0.063        0     │
  ├────────────────────────────────────────────────────────────────┤
  │ FMUL_TOP  1.105       0        0      0.109        0     │
  └────────────────────────────────────────────────────────────────┘

  Status : ALL PATHS CLEAN — No Setup or Hold Violations


=========================================================================
                   TIMING EXCEPTIONS APPLIED
=========================================================================

  set_false_path -from [get_ports SCAN_EN]      -to [all_registers]
  set_false_path -from [get_ports TEST_MODE]     -to [all_registers]
  set_multicycle_path 2 -setup -from [get_cells u_fmul_pp/*] -to [get_cells u_fmul_rnd/*]
  set_multicycle_path 1 -hold  -from [get_cells u_fmul_pp/*] -to [get_cells u_fmul_rnd/*]
  set_input_delay  0.400 -clock CLK_CORE -max [all_inputs]
  set_output_delay 0.350 -clock CLK_CORE -max [all_outputs]


=========================================================================
                   CLOCK DOMAIN SUMMARY
=========================================================================

  Clock    : CLK_CORE
  Period   : 2 ns
  Waveform : {0.000 1}
  Skew     : 0.025 ns  (max across FMUL_TOP)
  Latency  : 0.142 ns  (max)


=========================================================================
                   CONSTRAINT COVERAGE
=========================================================================

  Total register endpoints   : 4595
  Constrained endpoints      : 3771
  Unconstrained endpoints    :      0
  Coverage                   :  100.0%


=========================================================================
                   TOOL / RUN INFORMATION
=========================================================================

  Tool         : Synopsys PrimeTime 2023.06-SP3
  Run Host     : sta-server-01
  Run Dir      : /proj/cpu_rtl/sta/EXECUTE/FPU/FMUL/run_ss_0p72v_0p72v_n40c
  SDC File     : /proj/cpu_rtl/constraints/FMUL_TOP.sdc
  Netlist      : /proj/cpu_rtl/netlist/FMUL_TOP.v.gz
  SPEF File    : /proj/cpu_rtl/spef/FMUL_TOP.spef.gz
  Liberty      : saed32nm_rvt_ss_0p72v_0p72v_n40c.db
  Elapsed Time : 00:05:38
  Peak Memory  : 3.138 GB

=========================================================================
End of Report
=========================================================================
