****************************************
Report : timing
        -path_type full
        -delay_type max
        -max_paths 10
        -sort_by slack
Design : FMUL_TOP
Version: PrimeTime 2023.06-SP3
Date   : Sat Aug 15 17:34:53 2026
Corner : tt_0p90v_0p90v_25c
Note   : Multicycle Path Check — 2-cycle paths
****************************************

Operating Conditions : tt_0p90v_0p90v_25c (Library: saed32nm_rvt)
Wire Load Model Mode : Interconnect (StarRC Extracted)

  Startpoint : u_fmul_pp/din_reg[0]
               (rising edge-triggered flip-flop clocked by CLK_CORE)
  Endpoint   : u_fmul_rnd/dout_reg[0]
               (rising edge-triggered flip-flop clocked by CLK_CORE)
  Path Group : CLK_CORE
  Path Type  : max

  Point                                                   Incr        Path
  -------------------------------------------------------------------------
  clock CLK_CORE (rise edge)                                  0.000       0.000
  clock network delay (propagated)                        0.156      0.156
  u_fmul_pp/din_reg[0]/CK (DFFARX1_RVT)                        0.000       0.156 r
  u_fmul_pp/din_reg[0]/Q  (DFFARX1_RVT)                        0.144       0.3 r
  u_fmul_pp/U12/Y (INVX2_RVT)                                  0.063       0.363 f
  u_fmul_pp/U34/Y (NAND2X1_RVT)                                0.062       0.425 r
  u_fmul_csa/U07/Y (AOI22X1_RVT)                                0.09       0.515 f
  u_fmul_csa/U19/Y (OAI21X1_RVT)                                0.098       0.613 r
  u_fmul_norm/U03/Y (MUX21X1_RVT)                                0.097       0.71 r
  u_fmul_norm/U11/Y (AND2X1_RVT)                                 0.048       0.758 f
  u_fmul_norm/U22/Y (NOR2X1_RVT)                                 0.036       0.794 r
  u_fmul_rnd/U05/Y (BUFX4_RVT)                                  0.078       0.872 r
  u_fmul_rnd/dout_reg[0]/D (DFFARX1_RVT)                        0.061      0.933 f
  data arrival time                                                    0.933

  clock CLK_CORE (rise edge)                                  2     2
  clock network delay (propagated)                        0.156      2.156
  clock uncertainty                                      -0.05   2.106
  u_fmul_rnd/dout_reg[0]/CK (DFFARX1_RVT)                       0.000       2.106 r
  library setup time                                     -0.074   2.032
  data required time                                                   2.032
  -------------------------------------------------------------------------
  data required time                                                   2.032
  data arrival time                                                   -0.933
  -------------------------------------------------------------------------
  slack (MET)   1.099


=========================================================================
                   FMUL_TOP — TIMING SUMMARY
=========================================================================

  Block        : FMUL_TOP
  Corner       : tt_0p90v_0p90v_25c
  Check        : max  (Multicycle Path Check — 2-cycle paths)
  Clock        : CLK_CORE  Period = 2 ns  (500 MHz)
  Technology   : SAED 32nm RVT

  ┌────────────────────────────────────────────────────────────────┐
  │ Sub-Unit      WNS (ns)  TNS (ns)  #Viol   WHS (ns)  #HViol  │
  ├────────────────────────────────────────────────────────────────┤
  │ u_fmul_pp          1.099       0        0      0.101        0     │
  │ u_fmul_csa          0.127       0        0      0.118        0     │
  │ u_fmul_norm          0.17       0        0      0.057        0     │
  │ u_fmul_rnd          0.182       0        0      0.123        0     │
  ├────────────────────────────────────────────────────────────────┤
  │ FMUL_TOP  1.099       0        0      0.101        0     │
  └────────────────────────────────────────────────────────────────┘

  Status : ALL PATHS CLEAN — No Setup or Hold Violations


=========================================================================
                   TIMING EXCEPTIONS APPLIED
=========================================================================

  set_false_path -from [get_ports SCAN_EN]      -to [all_registers]
  set_false_path -from [get_ports TEST_MODE]     -to [all_registers]
  set_multicycle_path 2 -setup -from [get_cells u_fmul_pp/*] -to [get_cells u_fmul_rnd/*]
  set_multicycle_path 1 -hold  -from [get_cells u_fmul_pp/*] -to [get_cells u_fmul_rnd/*]
  set_input_delay  0.400 -clock CLK_CORE -max [all_inputs]
  set_output_delay 0.350 -clock CLK_CORE -max [all_outputs]


=========================================================================
                   CLOCK DOMAIN SUMMARY
=========================================================================

  Clock    : CLK_CORE
  Period   : 2 ns
  Waveform : {0.000 1}
  Skew     : 0.021 ns  (max across FMUL_TOP)
  Latency  : 0.156 ns  (max)


=========================================================================
                   CONSTRAINT COVERAGE
=========================================================================

  Total register endpoints   : 2734
  Constrained endpoints      : 3166
  Unconstrained endpoints    :      0
  Coverage                   :  100.0%


=========================================================================
                   TOOL / RUN INFORMATION
=========================================================================

  Tool         : Synopsys PrimeTime 2023.06-SP3
  Run Host     : sta-server-01
  Run Dir      : /proj/cpu_rtl/sta/EXECUTE/FPU/FMUL/run_tt_0p90v_0p90v_25c
  SDC File     : /proj/cpu_rtl/constraints/FMUL_TOP.sdc
  Netlist      : /proj/cpu_rtl/netlist/FMUL_TOP.v.gz
  SPEF File    : /proj/cpu_rtl/spef/FMUL_TOP.spef.gz
  Liberty      : saed32nm_rvt_tt_0p90v_0p90v_25c.db
  Elapsed Time : 00:06:54
  Peak Memory  : 3.514 GB

=========================================================================
End of Report
=========================================================================
