****************************************
Report : timing
        -path_type full
        -delay_type max
        -max_paths 10
        -sort_by slack
Design : STL_FORWARD_TOP
Version: PrimeTime 2023.06-SP3
Date   : Sat Aug 15 17:34:53 2026
Corner : ss_0p72v_0p72v_125c
Note   : Worst-case Setup — Slow corner, high temp
****************************************

Operating Conditions : ss_0p72v_0p72v_125c (Library: saed32nm_rvt)
Wire Load Model Mode : Interconnect (StarRC Extracted)

  Startpoint : u_stlf_cam/din_reg[0]
               (rising edge-triggered flip-flop clocked by CLK_CORE)
  Endpoint   : u_stlf_ctrl/dout_reg[0]
               (rising edge-triggered flip-flop clocked by CLK_CORE)
  Path Group : CLK_CORE
  Path Type  : max

  Point                                                   Incr        Path
  -------------------------------------------------------------------------
  clock CLK_CORE (rise edge)                                  0.000       0.000
  clock network delay (propagated)                        0.132      0.132
  u_stlf_cam/din_reg[0]/CK (DFFARX1_RVT)                        0.000       0.132 r
  u_stlf_cam/din_reg[0]/Q  (DFFARX1_RVT)                        0.119       0.251 r
  u_stlf_cam/U12/Y (INVX2_RVT)                                  0.031       0.282 f
  u_stlf_cam/U34/Y (NAND2X1_RVT)                                0.087       0.369 r
  u_stlf_cmp/U07/Y (AOI22X1_RVT)                                0.08       0.449 f
  u_stlf_cmp/U19/Y (OAI21X1_RVT)                                0.09       0.539 r
  u_stlf_mux/U03/Y (MUX21X1_RVT)                                0.07       0.609 r
  u_stlf_mux/U11/Y (AND2X1_RVT)                                 0.058       0.667 f
  u_stlf_mux/U22/Y (NOR2X1_RVT)                                 0.061       0.728 r
  u_stlf_ctrl/U05/Y (BUFX4_RVT)                                  0.087       0.815 r
  u_stlf_ctrl/dout_reg[0]/D (DFFARX1_RVT)                        0.052      0.867 f
  data arrival time                                                    0.867

  clock CLK_CORE (rise edge)                                  2     2
  clock network delay (propagated)                        0.132      2.132
  clock uncertainty                                      -0.05   2.082
  u_stlf_ctrl/dout_reg[0]/CK (DFFARX1_RVT)                       0.000       2.082 r
  library setup time                                     -0.084   1.998
  data required time                                                   1.998
  -------------------------------------------------------------------------
  data required time                                                   1.998
  data arrival time                                                   -0.867
  -------------------------------------------------------------------------
  slack (MET)   1.131


=========================================================================
                   STL_FORWARD_TOP — TIMING SUMMARY
=========================================================================

  Block        : STL_FORWARD_TOP
  Corner       : ss_0p72v_0p72v_125c
  Check        : max  (Worst-case Setup — Slow corner, high temp)
  Clock        : CLK_CORE  Period = 2 ns  (500 MHz)
  Technology   : SAED 32nm RVT

  ┌────────────────────────────────────────────────────────────────┐
  │ Sub-Unit      WNS (ns)  TNS (ns)  #Viol   WHS (ns)  #HViol  │
  ├────────────────────────────────────────────────────────────────┤
  │ u_stlf_cam          1.131       0        0      0.101        0     │
  │ u_stlf_cmp          0.09       0        0      0.116        0     │
  │ u_stlf_mux          0.123       0        0      0.055        0     │
  │ u_stlf_ctrl          0.065       0        0      0.118        0     │
  ├────────────────────────────────────────────────────────────────┤
  │ STL_FORWARD_TOP  1.131       0        0      0.101        0     │
  └────────────────────────────────────────────────────────────────┘

  Status : ALL PATHS CLEAN — No Setup or Hold Violations


=========================================================================
                   TIMING EXCEPTIONS APPLIED
=========================================================================

  set_false_path -from [get_ports SCAN_EN]      -to [all_registers]
  set_false_path -from [get_ports TEST_MODE]     -to [all_registers]
  set_multicycle_path 2 -setup -from [get_cells u_stlf_cam/*] -to [get_cells u_stlf_ctrl/*]
  set_multicycle_path 1 -hold  -from [get_cells u_stlf_cam/*] -to [get_cells u_stlf_ctrl/*]
  set_input_delay  0.400 -clock CLK_CORE -max [all_inputs]
  set_output_delay 0.350 -clock CLK_CORE -max [all_outputs]


=========================================================================
                   CLOCK DOMAIN SUMMARY
=========================================================================

  Clock    : CLK_CORE
  Period   : 2 ns
  Waveform : {0.000 1}
  Skew     : 0.021 ns  (max across STL_FORWARD_TOP)
  Latency  : 0.132 ns  (max)


=========================================================================
                   CONSTRAINT COVERAGE
=========================================================================

  Total register endpoints   : 3539
  Constrained endpoints      : 867
  Unconstrained endpoints    :      0
  Coverage                   :  100.0%


=========================================================================
                   TOOL / RUN INFORMATION
=========================================================================

  Tool         : Synopsys PrimeTime 2023.06-SP3
  Run Host     : sta-server-01
  Run Dir      : /proj/cpu_rtl/sta/EXECUTE/LSU/STL_FORWARD/run_ss_0p72v_0p72v_125c
  SDC File     : /proj/cpu_rtl/constraints/STL_FORWARD_TOP.sdc
  Netlist      : /proj/cpu_rtl/netlist/STL_FORWARD_TOP.v.gz
  SPEF File    : /proj/cpu_rtl/spef/STL_FORWARD_TOP.spef.gz
  Liberty      : saed32nm_rvt_ss_0p72v_0p72v_125c.db
  Elapsed Time : 00:08:51
  Peak Memory  : 4.654 GB

=========================================================================
End of Report
=========================================================================
