****************************************
Report : timing
        -path_type full
        -delay_type max
        -max_paths 10
        -sort_by slack
Design : STL_FORWARD_TOP
Version: PrimeTime 2023.06-SP3
Date   : Sat Aug 15 17:34:53 2026
Corner : ss_0p72v_0p72v_n40c
Note   : Cold Setup      — Slow corner, cold temp
****************************************

Operating Conditions : ss_0p72v_0p72v_n40c (Library: saed32nm_rvt)
Wire Load Model Mode : Interconnect (StarRC Extracted)

  Startpoint : u_stlf_cam/din_reg[0]
               (rising edge-triggered flip-flop clocked by CLK_CORE)
  Endpoint   : u_stlf_ctrl/dout_reg[0]
               (rising edge-triggered flip-flop clocked by CLK_CORE)
  Path Group : CLK_CORE
  Path Type  : max

  Point                                                   Incr        Path
  -------------------------------------------------------------------------
  clock CLK_CORE (rise edge)                                  0.000       0.000
  clock network delay (propagated)                        0.135      0.135
  u_stlf_cam/din_reg[0]/CK (DFFARX1_RVT)                        0.000       0.135 r
  u_stlf_cam/din_reg[0]/Q  (DFFARX1_RVT)                        0.123       0.258 r
  u_stlf_cam/U12/Y (INVX2_RVT)                                  0.045       0.303 f
  u_stlf_cam/U34/Y (NAND2X1_RVT)                                0.083       0.386 r
  u_stlf_cmp/U07/Y (AOI22X1_RVT)                                0.079       0.465 f
  u_stlf_cmp/U19/Y (OAI21X1_RVT)                                0.101       0.566 r
  u_stlf_mux/U03/Y (MUX21X1_RVT)                                0.097       0.663 r
  u_stlf_mux/U11/Y (AND2X1_RVT)                                 0.068       0.731 f
  u_stlf_mux/U22/Y (NOR2X1_RVT)                                 0.075       0.806 r
  u_stlf_ctrl/U05/Y (BUFX4_RVT)                                  0.059       0.865 r
  u_stlf_ctrl/dout_reg[0]/D (DFFARX1_RVT)                        0.071      0.936 f
  data arrival time                                                    0.936

  clock CLK_CORE (rise edge)                                  2     2
  clock network delay (propagated)                        0.135      2.135
  clock uncertainty                                      -0.05   2.085
  u_stlf_ctrl/dout_reg[0]/CK (DFFARX1_RVT)                       0.000       2.085 r
  library setup time                                     -0.075   2.01
  data required time                                                   2.01
  -------------------------------------------------------------------------
  data required time                                                   2.01
  data arrival time                                                   -0.936
  -------------------------------------------------------------------------
  slack (MET)   1.074


=========================================================================
                   STL_FORWARD_TOP — TIMING SUMMARY
=========================================================================

  Block        : STL_FORWARD_TOP
  Corner       : ss_0p72v_0p72v_n40c
  Check        : max  (Cold Setup      — Slow corner, cold temp)
  Clock        : CLK_CORE  Period = 2 ns  (500 MHz)
  Technology   : SAED 32nm RVT

  ┌────────────────────────────────────────────────────────────────┐
  │ Sub-Unit      WNS (ns)  TNS (ns)  #Viol   WHS (ns)  #HViol  │
  ├────────────────────────────────────────────────────────────────┤
  │ u_stlf_cam          1.074       0        0      0.087        0     │
  │ u_stlf_cmp          0.146       0        0      0.088        0     │
  │ u_stlf_mux          0.12       0        0      0.087        0     │
  │ u_stlf_ctrl          0.078       0        0      0.13        0     │
  ├────────────────────────────────────────────────────────────────┤
  │ STL_FORWARD_TOP  1.074       0        0      0.087        0     │
  └────────────────────────────────────────────────────────────────┘

  Status : ALL PATHS CLEAN — No Setup or Hold Violations


=========================================================================
                   TIMING EXCEPTIONS APPLIED
=========================================================================

  set_false_path -from [get_ports SCAN_EN]      -to [all_registers]
  set_false_path -from [get_ports TEST_MODE]     -to [all_registers]
  set_multicycle_path 2 -setup -from [get_cells u_stlf_cam/*] -to [get_cells u_stlf_ctrl/*]
  set_multicycle_path 1 -hold  -from [get_cells u_stlf_cam/*] -to [get_cells u_stlf_ctrl/*]
  set_input_delay  0.400 -clock CLK_CORE -max [all_inputs]
  set_output_delay 0.350 -clock CLK_CORE -max [all_outputs]


=========================================================================
                   CLOCK DOMAIN SUMMARY
=========================================================================

  Clock    : CLK_CORE
  Period   : 2 ns
  Waveform : {0.000 1}
  Skew     : 0.019 ns  (max across STL_FORWARD_TOP)
  Latency  : 0.135 ns  (max)


=========================================================================
                   CONSTRAINT COVERAGE
=========================================================================

  Total register endpoints   : 4357
  Constrained endpoints      : 1565
  Unconstrained endpoints    :      0
  Coverage                   :  100.0%


=========================================================================
                   TOOL / RUN INFORMATION
=========================================================================

  Tool         : Synopsys PrimeTime 2023.06-SP3
  Run Host     : sta-server-01
  Run Dir      : /proj/cpu_rtl/sta/EXECUTE/LSU/STL_FORWARD/run_ss_0p72v_0p72v_n40c
  SDC File     : /proj/cpu_rtl/constraints/STL_FORWARD_TOP.sdc
  Netlist      : /proj/cpu_rtl/netlist/STL_FORWARD_TOP.v.gz
  SPEF File    : /proj/cpu_rtl/spef/STL_FORWARD_TOP.spef.gz
  Liberty      : saed32nm_rvt_ss_0p72v_0p72v_n40c.db
  Elapsed Time : 00:04:10
  Peak Memory  : 2.204 GB

=========================================================================
End of Report
=========================================================================
