****************************************
Report : timing
        -path_type full
        -delay_type min
        -max_paths 10
        -sort_by slack
Design : STL_FORWARD_TOP
Version: PrimeTime 2023.06-SP3
Date   : Sat Aug 15 17:34:53 2026
Corner : ff_1p16v_1p16v_125c
Note   : Hot Hold        — Fast corner, high temp
****************************************

Operating Conditions : ff_1p16v_1p16v_125c (Library: saed32nm_rvt)
Wire Load Model Mode : Interconnect (StarRC Extracted)

  Startpoint : u_stlf_cam/din_reg[0]
               (rising edge-triggered flip-flop clocked by CLK_CORE)
  Endpoint   : u_stlf_ctrl/dout_reg[0]
               (rising edge-triggered flip-flop clocked by CLK_CORE)
  Path Group : CLK_CORE
  Path Type  : min

  Point                                                   Incr        Path
  -------------------------------------------------------------------------
  clock CLK_CORE (rise edge)                                  0.000       0.000
  clock network delay (propagated)                        0.138      0.138
  u_stlf_cam/din_reg[0]/CK (DFFARX1_RVT)                        0.000       0.138 r
  u_stlf_cam/din_reg[0]/Q  (DFFARX1_RVT)                        0.112       0.25 r
  u_stlf_cam/U12/Y (INVX2_RVT)                                  0.048       0.298 f
  u_stlf_cam/U34/Y (NAND2X1_RVT)                                0.082       0.38 r
  u_stlf_cmp/U07/Y (AOI22X1_RVT)                                0.109       0.489 f
  u_stlf_cmp/U19/Y (OAI21X1_RVT)                                0.109       0.598 r
  u_stlf_mux/U03/Y (MUX21X1_RVT)                                0.088       0.686 r
  u_stlf_mux/U11/Y (AND2X1_RVT)                                 0.061       0.747 f
  u_stlf_mux/U22/Y (NOR2X1_RVT)                                 0.057       0.804 r
  u_stlf_ctrl/U05/Y (BUFX4_RVT)                                  0.07       0.874 r
  u_stlf_ctrl/dout_reg[0]/D (DFFARX1_RVT)                        0.066      0.94 f
  data arrival time                                                    0.94

  clock CLK_CORE (rise edge)                                  2     2
  clock network delay (propagated)                        0.138      2.138
  clock uncertainty                                      -0.05   2.088
  u_stlf_ctrl/dout_reg[0]/CK (DFFARX1_RVT)                       0.000       2.088 r
  library setup time                                     -0.082   2.006
  data required time                                                   2.006
  -------------------------------------------------------------------------
  data required time                                                   2.006
  data arrival time                                                   -0.94
  -------------------------------------------------------------------------
  slack (MET)   1.066


=========================================================================
                   STL_FORWARD_TOP — TIMING SUMMARY
=========================================================================

  Block        : STL_FORWARD_TOP
  Corner       : ff_1p16v_1p16v_125c
  Check        : min  (Hot Hold        — Fast corner, high temp)
  Clock        : CLK_CORE  Period = 2 ns  (500 MHz)
  Technology   : SAED 32nm RVT

  ┌────────────────────────────────────────────────────────────────┐
  │ Sub-Unit      WNS (ns)  TNS (ns)  #Viol   WHS (ns)  #HViol  │
  ├────────────────────────────────────────────────────────────────┤
  │ u_stlf_cam          1.066       0        0      0.073        0     │
  │ u_stlf_cmp          0.099       0        0      0.092        0     │
  │ u_stlf_mux          0.062       0        0      0.06        0     │
  │ u_stlf_ctrl          0.171       0        0      0.106        0     │
  ├────────────────────────────────────────────────────────────────┤
  │ STL_FORWARD_TOP  1.066       0        0      0.073        0     │
  └────────────────────────────────────────────────────────────────┘

  Status : ALL PATHS CLEAN — No Setup or Hold Violations


=========================================================================
                   TIMING EXCEPTIONS APPLIED
=========================================================================

  set_false_path -from [get_ports SCAN_EN]      -to [all_registers]
  set_false_path -from [get_ports TEST_MODE]     -to [all_registers]
  set_multicycle_path 2 -setup -from [get_cells u_stlf_cam/*] -to [get_cells u_stlf_ctrl/*]
  set_multicycle_path 1 -hold  -from [get_cells u_stlf_cam/*] -to [get_cells u_stlf_ctrl/*]
  set_input_delay  0.400 -clock CLK_CORE -max [all_inputs]
  set_output_delay 0.350 -clock CLK_CORE -max [all_outputs]


=========================================================================
                   CLOCK DOMAIN SUMMARY
=========================================================================

  Clock    : CLK_CORE
  Period   : 2 ns
  Waveform : {0.000 1}
  Skew     : 0.023 ns  (max across STL_FORWARD_TOP)
  Latency  : 0.138 ns  (max)


=========================================================================
                   CONSTRAINT COVERAGE
=========================================================================

  Total register endpoints   : 5804
  Constrained endpoints      : 848
  Unconstrained endpoints    :      0
  Coverage                   :  100.0%


=========================================================================
                   TOOL / RUN INFORMATION
=========================================================================

  Tool         : Synopsys PrimeTime 2023.06-SP3
  Run Host     : sta-server-01
  Run Dir      : /proj/cpu_rtl/sta/EXECUTE/LSU/STL_FORWARD/run_ff_1p16v_1p16v_125c
  SDC File     : /proj/cpu_rtl/constraints/STL_FORWARD_TOP.sdc
  Netlist      : /proj/cpu_rtl/netlist/STL_FORWARD_TOP.v.gz
  SPEF File    : /proj/cpu_rtl/spef/STL_FORWARD_TOP.spef.gz
  Liberty      : saed32nm_rvt_ff_1p16v_1p16v_125c.db
  Elapsed Time : 00:04:49
  Peak Memory  : 4.167 GB

=========================================================================
End of Report
=========================================================================
