****************************************
Report : timing
        -path_type full
        -delay_type max
        -max_paths 10
        -sort_by slack
Design : STL_FORWARD_TOP
Version: PrimeTime 2023.06-SP3
Date   : Sat Aug 15 17:34:53 2026
Corner : ss_0p72v_0p72v_125c
Note   : Recovery/Removal Check — Async reset paths
****************************************

Operating Conditions : ss_0p72v_0p72v_125c (Library: saed32nm_rvt)
Wire Load Model Mode : Interconnect (StarRC Extracted)

  Startpoint : u_stlf_cam/din_reg[0]
               (rising edge-triggered flip-flop clocked by CLK_CORE)
  Endpoint   : u_stlf_ctrl/dout_reg[0]
               (rising edge-triggered flip-flop clocked by CLK_CORE)
  Path Group : CLK_CORE
  Path Type  : max

  Point                                                   Incr        Path
  -------------------------------------------------------------------------
  clock CLK_CORE (rise edge)                                  0.000       0.000
  clock network delay (propagated)                        0.162      0.162
  u_stlf_cam/din_reg[0]/CK (DFFARX1_RVT)                        0.000       0.162 r
  u_stlf_cam/din_reg[0]/Q  (DFFARX1_RVT)                        0.117       0.279 r
  u_stlf_cam/U12/Y (INVX2_RVT)                                  0.044       0.323 f
  u_stlf_cam/U34/Y (NAND2X1_RVT)                                0.075       0.398 r
  u_stlf_cmp/U07/Y (AOI22X1_RVT)                                0.096       0.494 f
  u_stlf_cmp/U19/Y (OAI21X1_RVT)                                0.112       0.606 r
  u_stlf_mux/U03/Y (MUX21X1_RVT)                                0.069       0.675 r
  u_stlf_mux/U11/Y (AND2X1_RVT)                                 0.072       0.747 f
  u_stlf_mux/U22/Y (NOR2X1_RVT)                                 0.043       0.79 r
  u_stlf_ctrl/U05/Y (BUFX4_RVT)                                  0.076       0.866 r
  u_stlf_ctrl/dout_reg[0]/D (DFFARX1_RVT)                        0.062      0.928 f
  data arrival time                                                    0.928

  clock CLK_CORE (rise edge)                                  2     2
  clock network delay (propagated)                        0.162      2.162
  clock uncertainty                                      -0.05   2.112
  u_stlf_ctrl/dout_reg[0]/CK (DFFARX1_RVT)                       0.000       2.112 r
  library setup time                                     -0.074   2.038
  data required time                                                   2.038
  -------------------------------------------------------------------------
  data required time                                                   2.038
  data arrival time                                                   -0.928
  -------------------------------------------------------------------------
  slack (MET)   1.11


=========================================================================
                   STL_FORWARD_TOP — TIMING SUMMARY
=========================================================================

  Block        : STL_FORWARD_TOP
  Corner       : ss_0p72v_0p72v_125c
  Check        : max  (Recovery/Removal Check — Async reset paths)
  Clock        : CLK_CORE  Period = 2 ns  (500 MHz)
  Technology   : SAED 32nm RVT

  ┌────────────────────────────────────────────────────────────────┐
  │ Sub-Unit      WNS (ns)  TNS (ns)  #Viol   WHS (ns)  #HViol  │
  ├────────────────────────────────────────────────────────────────┤
  │ u_stlf_cam          1.11       0        0      0.119        0     │
  │ u_stlf_cmp          0.076       0        0      0.086        0     │
  │ u_stlf_mux          0.167       0        0      0.112        0     │
  │ u_stlf_ctrl          0.146       0        0      0.081        0     │
  ├────────────────────────────────────────────────────────────────┤
  │ STL_FORWARD_TOP  1.11       0        0      0.119        0     │
  └────────────────────────────────────────────────────────────────┘

  Status : ALL PATHS CLEAN — No Setup or Hold Violations


=========================================================================
                   TIMING EXCEPTIONS APPLIED
=========================================================================

  set_false_path -from [get_ports SCAN_EN]      -to [all_registers]
  set_false_path -from [get_ports TEST_MODE]     -to [all_registers]
  set_multicycle_path 2 -setup -from [get_cells u_stlf_cam/*] -to [get_cells u_stlf_ctrl/*]
  set_multicycle_path 1 -hold  -from [get_cells u_stlf_cam/*] -to [get_cells u_stlf_ctrl/*]
  set_input_delay  0.400 -clock CLK_CORE -max [all_inputs]
  set_output_delay 0.350 -clock CLK_CORE -max [all_outputs]


=========================================================================
                   CLOCK DOMAIN SUMMARY
=========================================================================

  Clock    : CLK_CORE
  Period   : 2 ns
  Waveform : {0.000 1}
  Skew     : 0.015 ns  (max across STL_FORWARD_TOP)
  Latency  : 0.162 ns  (max)


=========================================================================
                   CONSTRAINT COVERAGE
=========================================================================

  Total register endpoints   : 5548
  Constrained endpoints      : 3766
  Unconstrained endpoints    :      0
  Coverage                   :  100.0%


=========================================================================
                   TOOL / RUN INFORMATION
=========================================================================

  Tool         : Synopsys PrimeTime 2023.06-SP3
  Run Host     : sta-server-01
  Run Dir      : /proj/cpu_rtl/sta/EXECUTE/LSU/STL_FORWARD/run_ss_0p72v_0p72v_125c
  SDC File     : /proj/cpu_rtl/constraints/STL_FORWARD_TOP.sdc
  Netlist      : /proj/cpu_rtl/netlist/STL_FORWARD_TOP.v.gz
  SPEF File    : /proj/cpu_rtl/spef/STL_FORWARD_TOP.spef.gz
  Liberty      : saed32nm_rvt_ss_0p72v_0p72v_125c.db
  Elapsed Time : 00:02:13
  Peak Memory  : 3.438 GB

=========================================================================
End of Report
=========================================================================
