****************************************
Report : timing
        -path_type full
        -delay_type min
        -max_paths 10
        -sort_by slack
Design : WAKEUP_SELECT_TOP
Version: PrimeTime 2023.06-SP3
Date   : Sat Aug 15 17:34:53 2026
Corner : ff_1p16v_1p16v_n40c
Note   : Worst-case Hold  — Fast corner, cold temp
****************************************

Operating Conditions : ff_1p16v_1p16v_n40c (Library: saed32nm_rvt)
Wire Load Model Mode : Interconnect (StarRC Extracted)

  Startpoint : u_wk_tag/din_reg[0]
               (rising edge-triggered flip-flop clocked by CLK_CORE)
  Endpoint   : u_sel_mux/dout_reg[0]
               (rising edge-triggered flip-flop clocked by CLK_CORE)
  Path Group : CLK_CORE
  Path Type  : min

  Point                                                   Incr        Path
  -------------------------------------------------------------------------
  clock CLK_CORE (rise edge)                                  0.000       0.000
  clock network delay (propagated)                        0.164      0.164
  u_wk_tag/din_reg[0]/CK (DFFARX1_RVT)                        0.000       0.164 r
  u_wk_tag/din_reg[0]/Q  (DFFARX1_RVT)                        0.143       0.307 r
  u_wk_tag/U12/Y (INVX2_RVT)                                  0.051       0.358 f
  u_wk_tag/U34/Y (NAND2X1_RVT)                                0.056       0.414 r
  u_wk_cmp/U07/Y (AOI22X1_RVT)                                0.1       0.514 f
  u_wk_cmp/U19/Y (OAI21X1_RVT)                                0.097       0.611 r
  u_sel_pri/U03/Y (MUX21X1_RVT)                                0.085       0.696 r
  u_sel_pri/U11/Y (AND2X1_RVT)                                 0.064       0.76 f
  u_sel_pri/U22/Y (NOR2X1_RVT)                                 0.056       0.816 r
  u_sel_mux/U05/Y (BUFX4_RVT)                                  0.077       0.893 r
  u_sel_mux/dout_reg[0]/D (DFFARX1_RVT)                        0.078      0.971 f
  data arrival time                                                    0.971

  clock CLK_CORE (rise edge)                                  2     2
  clock network delay (propagated)                        0.164      2.164
  clock uncertainty                                      -0.05   2.114
  u_sel_mux/dout_reg[0]/CK (DFFARX1_RVT)                       0.000       2.114 r
  library setup time                                     -0.084   2.03
  data required time                                                   2.03
  -------------------------------------------------------------------------
  data required time                                                   2.03
  data arrival time                                                   -0.971
  -------------------------------------------------------------------------
  slack (MET)   1.059


=========================================================================
                   WAKEUP_SELECT_TOP — TIMING SUMMARY
=========================================================================

  Block        : WAKEUP_SELECT_TOP
  Corner       : ff_1p16v_1p16v_n40c
  Check        : min  (Worst-case Hold  — Fast corner, cold temp)
  Clock        : CLK_CORE  Period = 2 ns  (500 MHz)
  Technology   : SAED 32nm RVT

  ┌────────────────────────────────────────────────────────────────┐
  │ Sub-Unit      WNS (ns)  TNS (ns)  #Viol   WHS (ns)  #HViol  │
  ├────────────────────────────────────────────────────────────────┤
  │ u_wk_tag          1.059       0        0      0.089        0     │
  │ u_wk_cmp          0.051       0        0      0.105        0     │
  │ u_sel_pri          0.072       0        0      0.097        0     │
  │ u_sel_mux          0.05       0        0      0.059        0     │
  ├────────────────────────────────────────────────────────────────┤
  │ WAKEUP_SELECT_TOP  1.059       0        0      0.089        0     │
  └────────────────────────────────────────────────────────────────┘

  Status : ALL PATHS CLEAN — No Setup or Hold Violations


=========================================================================
                   TIMING EXCEPTIONS APPLIED
=========================================================================

  set_false_path -from [get_ports SCAN_EN]      -to [all_registers]
  set_false_path -from [get_ports TEST_MODE]     -to [all_registers]
  set_multicycle_path 2 -setup -from [get_cells u_wk_tag/*] -to [get_cells u_sel_mux/*]
  set_multicycle_path 1 -hold  -from [get_cells u_wk_tag/*] -to [get_cells u_sel_mux/*]
  set_input_delay  0.400 -clock CLK_CORE -max [all_inputs]
  set_output_delay 0.350 -clock CLK_CORE -max [all_outputs]


=========================================================================
                   CLOCK DOMAIN SUMMARY
=========================================================================

  Clock    : CLK_CORE
  Period   : 2 ns
  Waveform : {0.000 1}
  Skew     : 0.022 ns  (max across WAKEUP_SELECT_TOP)
  Latency  : 0.164 ns  (max)


=========================================================================
                   CONSTRAINT COVERAGE
=========================================================================

  Total register endpoints   : 3938
  Constrained endpoints      : 3397
  Unconstrained endpoints    :      0
  Coverage                   :  100.0%


=========================================================================
                   TOOL / RUN INFORMATION
=========================================================================

  Tool         : Synopsys PrimeTime 2023.06-SP3
  Run Host     : sta-server-01
  Run Dir      : /proj/cpu_rtl/sta/ISSUE/WAKEUP_SELECT/run_ff_1p16v_1p16v_n40c
  SDC File     : /proj/cpu_rtl/constraints/WAKEUP_SELECT_TOP.sdc
  Netlist      : /proj/cpu_rtl/netlist/WAKEUP_SELECT_TOP.v.gz
  SPEF File    : /proj/cpu_rtl/spef/WAKEUP_SELECT_TOP.spef.gz
  Liberty      : saed32nm_rvt_ff_1p16v_1p16v_n40c.db
  Elapsed Time : 00:03:13
  Peak Memory  : 1.216 GB

=========================================================================
End of Report
=========================================================================
