****************************************
Report : timing
        -path_type full
        -delay_type max
        -max_paths 10
        -sort_by slack
Design : WAKEUP_SELECT_TOP
Version: PrimeTime 2023.06-SP3
Date   : Sat Aug 15 17:34:53 2026
Corner : tt_0p90v_0p90v_25c
Note   : Typical Setup   — Nominal corner
****************************************

Operating Conditions : tt_0p90v_0p90v_25c (Library: saed32nm_rvt)
Wire Load Model Mode : Interconnect (StarRC Extracted)

  Startpoint : u_wk_tag/din_reg[0]
               (rising edge-triggered flip-flop clocked by CLK_CORE)
  Endpoint   : u_sel_mux/dout_reg[0]
               (rising edge-triggered flip-flop clocked by CLK_CORE)
  Path Group : CLK_CORE
  Path Type  : max

  Point                                                   Incr        Path
  -------------------------------------------------------------------------
  clock CLK_CORE (rise edge)                                  0.000       0.000
  clock network delay (propagated)                        0.158      0.158
  u_wk_tag/din_reg[0]/CK (DFFARX1_RVT)                        0.000       0.158 r
  u_wk_tag/din_reg[0]/Q  (DFFARX1_RVT)                        0.123       0.281 r
  u_wk_tag/U12/Y (INVX2_RVT)                                  0.057       0.338 f
  u_wk_tag/U34/Y (NAND2X1_RVT)                                0.079       0.417 r
  u_wk_cmp/U07/Y (AOI22X1_RVT)                                0.09       0.507 f
  u_wk_cmp/U19/Y (OAI21X1_RVT)                                0.099       0.606 r
  u_sel_pri/U03/Y (MUX21X1_RVT)                                0.094       0.7 r
  u_sel_pri/U11/Y (AND2X1_RVT)                                 0.082       0.782 f
  u_sel_pri/U22/Y (NOR2X1_RVT)                                 0.057       0.839 r
  u_sel_mux/U05/Y (BUFX4_RVT)                                  0.063       0.902 r
  u_sel_mux/dout_reg[0]/D (DFFARX1_RVT)                        0.051      0.953 f
  data arrival time                                                    0.953

  clock CLK_CORE (rise edge)                                  2     2
  clock network delay (propagated)                        0.158      2.158
  clock uncertainty                                      -0.05   2.108
  u_sel_mux/dout_reg[0]/CK (DFFARX1_RVT)                       0.000       2.108 r
  library setup time                                     -0.079   2.029
  data required time                                                   2.029
  -------------------------------------------------------------------------
  data required time                                                   2.029
  data arrival time                                                   -0.953
  -------------------------------------------------------------------------
  slack (MET)   1.076


=========================================================================
                   WAKEUP_SELECT_TOP — TIMING SUMMARY
=========================================================================

  Block        : WAKEUP_SELECT_TOP
  Corner       : tt_0p90v_0p90v_25c
  Check        : max  (Typical Setup   — Nominal corner)
  Clock        : CLK_CORE  Period = 2 ns  (500 MHz)
  Technology   : SAED 32nm RVT

  ┌────────────────────────────────────────────────────────────────┐
  │ Sub-Unit      WNS (ns)  TNS (ns)  #Viol   WHS (ns)  #HViol  │
  ├────────────────────────────────────────────────────────────────┤
  │ u_wk_tag          1.076       0        0      0.07        0     │
  │ u_wk_cmp          0.069       0        0      0.109        0     │
  │ u_sel_pri          0.18       0        0      0.073        0     │
  │ u_sel_mux          0.143       0        0      0.115        0     │
  ├────────────────────────────────────────────────────────────────┤
  │ WAKEUP_SELECT_TOP  1.076       0        0      0.07        0     │
  └────────────────────────────────────────────────────────────────┘

  Status : ALL PATHS CLEAN — No Setup or Hold Violations


=========================================================================
                   TIMING EXCEPTIONS APPLIED
=========================================================================

  set_false_path -from [get_ports SCAN_EN]      -to [all_registers]
  set_false_path -from [get_ports TEST_MODE]     -to [all_registers]
  set_multicycle_path 2 -setup -from [get_cells u_wk_tag/*] -to [get_cells u_sel_mux/*]
  set_multicycle_path 1 -hold  -from [get_cells u_wk_tag/*] -to [get_cells u_sel_mux/*]
  set_input_delay  0.400 -clock CLK_CORE -max [all_inputs]
  set_output_delay 0.350 -clock CLK_CORE -max [all_outputs]


=========================================================================
                   CLOCK DOMAIN SUMMARY
=========================================================================

  Clock    : CLK_CORE
  Period   : 2 ns
  Waveform : {0.000 1}
  Skew     : 0.023 ns  (max across WAKEUP_SELECT_TOP)
  Latency  : 0.158 ns  (max)


=========================================================================
                   CONSTRAINT COVERAGE
=========================================================================

  Total register endpoints   : 1795
  Constrained endpoints      : 1294
  Unconstrained endpoints    :      0
  Coverage                   :  100.0%


=========================================================================
                   TOOL / RUN INFORMATION
=========================================================================

  Tool         : Synopsys PrimeTime 2023.06-SP3
  Run Host     : sta-server-01
  Run Dir      : /proj/cpu_rtl/sta/ISSUE/WAKEUP_SELECT/run_tt_0p90v_0p90v_25c
  SDC File     : /proj/cpu_rtl/constraints/WAKEUP_SELECT_TOP.sdc
  Netlist      : /proj/cpu_rtl/netlist/WAKEUP_SELECT_TOP.v.gz
  SPEF File    : /proj/cpu_rtl/spef/WAKEUP_SELECT_TOP.spef.gz
  Liberty      : saed32nm_rvt_tt_0p90v_0p90v_25c.db
  Elapsed Time : 00:02:35
  Peak Memory  : 2.69 GB

=========================================================================
End of Report
=========================================================================
