****************************************
Report : timing
        -path_type full
        -delay_type min
        -max_paths 10
        -sort_by slack
Design : WAKEUP_SELECT_TOP
Version: PrimeTime 2023.06-SP3
Date   : Sat Aug 15 17:34:53 2026
Corner : ff_1p16v_1p16v_125c
Note   : Hot Hold        — Fast corner, high temp
****************************************

Operating Conditions : ff_1p16v_1p16v_125c (Library: saed32nm_rvt)
Wire Load Model Mode : Interconnect (StarRC Extracted)

  Startpoint : u_wk_tag/din_reg[0]
               (rising edge-triggered flip-flop clocked by CLK_CORE)
  Endpoint   : u_sel_mux/dout_reg[0]
               (rising edge-triggered flip-flop clocked by CLK_CORE)
  Path Group : CLK_CORE
  Path Type  : min

  Point                                                   Incr        Path
  -------------------------------------------------------------------------
  clock CLK_CORE (rise edge)                                  0.000       0.000
  clock network delay (propagated)                        0.162      0.162
  u_wk_tag/din_reg[0]/CK (DFFARX1_RVT)                        0.000       0.162 r
  u_wk_tag/din_reg[0]/Q  (DFFARX1_RVT)                        0.124       0.286 r
  u_wk_tag/U12/Y (INVX2_RVT)                                  0.04       0.326 f
  u_wk_tag/U34/Y (NAND2X1_RVT)                                0.088       0.414 r
  u_wk_cmp/U07/Y (AOI22X1_RVT)                                0.109       0.523 f
  u_wk_cmp/U19/Y (OAI21X1_RVT)                                0.093       0.616 r
  u_sel_pri/U03/Y (MUX21X1_RVT)                                0.088       0.704 r
  u_sel_pri/U11/Y (AND2X1_RVT)                                 0.081       0.785 f
  u_sel_pri/U22/Y (NOR2X1_RVT)                                 0.06       0.845 r
  u_sel_mux/U05/Y (BUFX4_RVT)                                  0.073       0.918 r
  u_sel_mux/dout_reg[0]/D (DFFARX1_RVT)                        0.069      0.987 f
  data arrival time                                                    0.987

  clock CLK_CORE (rise edge)                                  2     2
  clock network delay (propagated)                        0.162      2.162
  clock uncertainty                                      -0.05   2.112
  u_sel_mux/dout_reg[0]/CK (DFFARX1_RVT)                       0.000       2.112 r
  library setup time                                     -0.079   2.033
  data required time                                                   2.033
  -------------------------------------------------------------------------
  data required time                                                   2.033
  data arrival time                                                   -0.987
  -------------------------------------------------------------------------
  slack (MET)   1.046


=========================================================================
                   WAKEUP_SELECT_TOP — TIMING SUMMARY
=========================================================================

  Block        : WAKEUP_SELECT_TOP
  Corner       : ff_1p16v_1p16v_125c
  Check        : min  (Hot Hold        — Fast corner, high temp)
  Clock        : CLK_CORE  Period = 2 ns  (500 MHz)
  Technology   : SAED 32nm RVT

  ┌────────────────────────────────────────────────────────────────┐
  │ Sub-Unit      WNS (ns)  TNS (ns)  #Viol   WHS (ns)  #HViol  │
  ├────────────────────────────────────────────────────────────────┤
  │ u_wk_tag          1.046       0        0      0.097        0     │
  │ u_wk_cmp          0.066       0        0      0.075        0     │
  │ u_sel_pri          0.191       0        0      0.105        0     │
  │ u_sel_mux          0.169       0        0      0.115        0     │
  ├────────────────────────────────────────────────────────────────┤
  │ WAKEUP_SELECT_TOP  1.046       0        0      0.097        0     │
  └────────────────────────────────────────────────────────────────┘

  Status : ALL PATHS CLEAN — No Setup or Hold Violations


=========================================================================
                   TIMING EXCEPTIONS APPLIED
=========================================================================

  set_false_path -from [get_ports SCAN_EN]      -to [all_registers]
  set_false_path -from [get_ports TEST_MODE]     -to [all_registers]
  set_multicycle_path 2 -setup -from [get_cells u_wk_tag/*] -to [get_cells u_sel_mux/*]
  set_multicycle_path 1 -hold  -from [get_cells u_wk_tag/*] -to [get_cells u_sel_mux/*]
  set_input_delay  0.400 -clock CLK_CORE -max [all_inputs]
  set_output_delay 0.350 -clock CLK_CORE -max [all_outputs]


=========================================================================
                   CLOCK DOMAIN SUMMARY
=========================================================================

  Clock    : CLK_CORE
  Period   : 2 ns
  Waveform : {0.000 1}
  Skew     : 0.018 ns  (max across WAKEUP_SELECT_TOP)
  Latency  : 0.162 ns  (max)


=========================================================================
                   CONSTRAINT COVERAGE
=========================================================================

  Total register endpoints   : 5100
  Constrained endpoints      : 3438
  Unconstrained endpoints    :      0
  Coverage                   :  100.0%


=========================================================================
                   TOOL / RUN INFORMATION
=========================================================================

  Tool         : Synopsys PrimeTime 2023.06-SP3
  Run Host     : sta-server-01
  Run Dir      : /proj/cpu_rtl/sta/ISSUE/WAKEUP_SELECT/run_ff_1p16v_1p16v_125c
  SDC File     : /proj/cpu_rtl/constraints/WAKEUP_SELECT_TOP.sdc
  Netlist      : /proj/cpu_rtl/netlist/WAKEUP_SELECT_TOP.v.gz
  SPEF File    : /proj/cpu_rtl/spef/WAKEUP_SELECT_TOP.spef.gz
  Liberty      : saed32nm_rvt_ff_1p16v_1p16v_125c.db
  Elapsed Time : 00:07:44
  Peak Memory  : 2.572 GB

=========================================================================
End of Report
=========================================================================
