****************************************
Report : timing
        -path_type full
        -delay_type max
        -max_paths 10
        -sort_by slack
Design : WAKEUP_SELECT_TOP
Version: PrimeTime 2023.06-SP3
Date   : Sat Aug 15 17:34:53 2026
Corner : ss_0p72v_0p72v_125c
Note   : Recovery/Removal Check — Async reset paths
****************************************

Operating Conditions : ss_0p72v_0p72v_125c (Library: saed32nm_rvt)
Wire Load Model Mode : Interconnect (StarRC Extracted)

  Startpoint : u_wk_tag/din_reg[0]
               (rising edge-triggered flip-flop clocked by CLK_CORE)
  Endpoint   : u_sel_mux/dout_reg[0]
               (rising edge-triggered flip-flop clocked by CLK_CORE)
  Path Group : CLK_CORE
  Path Type  : max

  Point                                                   Incr        Path
  -------------------------------------------------------------------------
  clock CLK_CORE (rise edge)                                  0.000       0.000
  clock network delay (propagated)                        0.136      0.136
  u_wk_tag/din_reg[0]/CK (DFFARX1_RVT)                        0.000       0.136 r
  u_wk_tag/din_reg[0]/Q  (DFFARX1_RVT)                        0.134       0.27 r
  u_wk_tag/U12/Y (INVX2_RVT)                                  0.057       0.327 f
  u_wk_tag/U34/Y (NAND2X1_RVT)                                0.064       0.391 r
  u_wk_cmp/U07/Y (AOI22X1_RVT)                                0.076       0.467 f
  u_wk_cmp/U19/Y (OAI21X1_RVT)                                0.089       0.556 r
  u_sel_pri/U03/Y (MUX21X1_RVT)                                0.086       0.642 r
  u_sel_pri/U11/Y (AND2X1_RVT)                                 0.079       0.721 f
  u_sel_pri/U22/Y (NOR2X1_RVT)                                 0.045       0.766 r
  u_sel_mux/U05/Y (BUFX4_RVT)                                  0.066       0.832 r
  u_sel_mux/dout_reg[0]/D (DFFARX1_RVT)                        0.058      0.89 f
  data arrival time                                                    0.89

  clock CLK_CORE (rise edge)                                  2     2
  clock network delay (propagated)                        0.136      2.136
  clock uncertainty                                      -0.05   2.086
  u_sel_mux/dout_reg[0]/CK (DFFARX1_RVT)                       0.000       2.086 r
  library setup time                                     -0.079   2.007
  data required time                                                   2.007
  -------------------------------------------------------------------------
  data required time                                                   2.007
  data arrival time                                                   -0.89
  -------------------------------------------------------------------------
  slack (MET)   1.117


=========================================================================
                   WAKEUP_SELECT_TOP — TIMING SUMMARY
=========================================================================

  Block        : WAKEUP_SELECT_TOP
  Corner       : ss_0p72v_0p72v_125c
  Check        : max  (Recovery/Removal Check — Async reset paths)
  Clock        : CLK_CORE  Period = 2 ns  (500 MHz)
  Technology   : SAED 32nm RVT

  ┌────────────────────────────────────────────────────────────────┐
  │ Sub-Unit      WNS (ns)  TNS (ns)  #Viol   WHS (ns)  #HViol  │
  ├────────────────────────────────────────────────────────────────┤
  │ u_wk_tag          1.117       0        0      0.095        0     │
  │ u_wk_cmp          0.082       0        0      0.099        0     │
  │ u_sel_pri          0.139       0        0      0.128        0     │
  │ u_sel_mux          0.104       0        0      0.08        0     │
  ├────────────────────────────────────────────────────────────────┤
  │ WAKEUP_SELECT_TOP  1.117       0        0      0.095        0     │
  └────────────────────────────────────────────────────────────────┘

  Status : ALL PATHS CLEAN — No Setup or Hold Violations


=========================================================================
                   TIMING EXCEPTIONS APPLIED
=========================================================================

  set_false_path -from [get_ports SCAN_EN]      -to [all_registers]
  set_false_path -from [get_ports TEST_MODE]     -to [all_registers]
  set_multicycle_path 2 -setup -from [get_cells u_wk_tag/*] -to [get_cells u_sel_mux/*]
  set_multicycle_path 1 -hold  -from [get_cells u_wk_tag/*] -to [get_cells u_sel_mux/*]
  set_input_delay  0.400 -clock CLK_CORE -max [all_inputs]
  set_output_delay 0.350 -clock CLK_CORE -max [all_outputs]


=========================================================================
                   CLOCK DOMAIN SUMMARY
=========================================================================

  Clock    : CLK_CORE
  Period   : 2 ns
  Waveform : {0.000 1}
  Skew     : 0.015 ns  (max across WAKEUP_SELECT_TOP)
  Latency  : 0.136 ns  (max)


=========================================================================
                   CONSTRAINT COVERAGE
=========================================================================

  Total register endpoints   : 2745
  Constrained endpoints      : 5101
  Unconstrained endpoints    :      0
  Coverage                   :  100.0%


=========================================================================
                   TOOL / RUN INFORMATION
=========================================================================

  Tool         : Synopsys PrimeTime 2023.06-SP3
  Run Host     : sta-server-01
  Run Dir      : /proj/cpu_rtl/sta/ISSUE/WAKEUP_SELECT/run_ss_0p72v_0p72v_125c
  SDC File     : /proj/cpu_rtl/constraints/WAKEUP_SELECT_TOP.sdc
  Netlist      : /proj/cpu_rtl/netlist/WAKEUP_SELECT_TOP.v.gz
  SPEF File    : /proj/cpu_rtl/spef/WAKEUP_SELECT_TOP.spef.gz
  Liberty      : saed32nm_rvt_ss_0p72v_0p72v_125c.db
  Elapsed Time : 00:05:19
  Peak Memory  : 3.214 GB

=========================================================================
End of Report
=========================================================================
