****************************************
Report : timing
        -path_type full
        -delay_type max
        -max_paths 10
        -sort_by slack
Design : WAKEUP_SELECT_TOP
Version: PrimeTime 2023.06-SP3
Date   : Sat Aug 15 17:34:53 2026
Corner : tt_0p90v_0p90v_25c
Note   : Multicycle Path Check — 2-cycle paths
****************************************

Operating Conditions : tt_0p90v_0p90v_25c (Library: saed32nm_rvt)
Wire Load Model Mode : Interconnect (StarRC Extracted)

  Startpoint : u_wk_tag/din_reg[0]
               (rising edge-triggered flip-flop clocked by CLK_CORE)
  Endpoint   : u_sel_mux/dout_reg[0]
               (rising edge-triggered flip-flop clocked by CLK_CORE)
  Path Group : CLK_CORE
  Path Type  : max

  Point                                                   Incr        Path
  -------------------------------------------------------------------------
  clock CLK_CORE (rise edge)                                  0.000       0.000
  clock network delay (propagated)                        0.143      0.143
  u_wk_tag/din_reg[0]/CK (DFFARX1_RVT)                        0.000       0.143 r
  u_wk_tag/din_reg[0]/Q  (DFFARX1_RVT)                        0.124       0.267 r
  u_wk_tag/U12/Y (INVX2_RVT)                                  0.054       0.321 f
  u_wk_tag/U34/Y (NAND2X1_RVT)                                0.095       0.416 r
  u_wk_cmp/U07/Y (AOI22X1_RVT)                                0.086       0.502 f
  u_wk_cmp/U19/Y (OAI21X1_RVT)                                0.091       0.593 r
  u_sel_pri/U03/Y (MUX21X1_RVT)                                0.082       0.675 r
  u_sel_pri/U11/Y (AND2X1_RVT)                                 0.058       0.733 f
  u_sel_pri/U22/Y (NOR2X1_RVT)                                 0.068       0.801 r
  u_sel_mux/U05/Y (BUFX4_RVT)                                  0.081       0.882 r
  u_sel_mux/dout_reg[0]/D (DFFARX1_RVT)                        0.075      0.957 f
  data arrival time                                                    0.957

  clock CLK_CORE (rise edge)                                  2     2
  clock network delay (propagated)                        0.143      2.143
  clock uncertainty                                      -0.05   2.093
  u_sel_mux/dout_reg[0]/CK (DFFARX1_RVT)                       0.000       2.093 r
  library setup time                                     -0.07   2.023
  data required time                                                   2.023
  -------------------------------------------------------------------------
  data required time                                                   2.023
  data arrival time                                                   -0.957
  -------------------------------------------------------------------------
  slack (MET)   1.066


=========================================================================
                   WAKEUP_SELECT_TOP — TIMING SUMMARY
=========================================================================

  Block        : WAKEUP_SELECT_TOP
  Corner       : tt_0p90v_0p90v_25c
  Check        : max  (Multicycle Path Check — 2-cycle paths)
  Clock        : CLK_CORE  Period = 2 ns  (500 MHz)
  Technology   : SAED 32nm RVT

  ┌────────────────────────────────────────────────────────────────┐
  │ Sub-Unit      WNS (ns)  TNS (ns)  #Viol   WHS (ns)  #HViol  │
  ├────────────────────────────────────────────────────────────────┤
  │ u_wk_tag          1.066       0        0      0.073        0     │
  │ u_wk_cmp          0.168       0        0      0.065        0     │
  │ u_sel_pri          0.162       0        0      0.071        0     │
  │ u_sel_mux          0.192       0        0      0.095        0     │
  ├────────────────────────────────────────────────────────────────┤
  │ WAKEUP_SELECT_TOP  1.066       0        0      0.073        0     │
  └────────────────────────────────────────────────────────────────┘

  Status : ALL PATHS CLEAN — No Setup or Hold Violations


=========================================================================
                   TIMING EXCEPTIONS APPLIED
=========================================================================

  set_false_path -from [get_ports SCAN_EN]      -to [all_registers]
  set_false_path -from [get_ports TEST_MODE]     -to [all_registers]
  set_multicycle_path 2 -setup -from [get_cells u_wk_tag/*] -to [get_cells u_sel_mux/*]
  set_multicycle_path 1 -hold  -from [get_cells u_wk_tag/*] -to [get_cells u_sel_mux/*]
  set_input_delay  0.400 -clock CLK_CORE -max [all_inputs]
  set_output_delay 0.350 -clock CLK_CORE -max [all_outputs]


=========================================================================
                   CLOCK DOMAIN SUMMARY
=========================================================================

  Clock    : CLK_CORE
  Period   : 2 ns
  Waveform : {0.000 1}
  Skew     : 0.026 ns  (max across WAKEUP_SELECT_TOP)
  Latency  : 0.143 ns  (max)


=========================================================================
                   CONSTRAINT COVERAGE
=========================================================================

  Total register endpoints   : 2375
  Constrained endpoints      : 3068
  Unconstrained endpoints    :      0
  Coverage                   :  100.0%


=========================================================================
                   TOOL / RUN INFORMATION
=========================================================================

  Tool         : Synopsys PrimeTime 2023.06-SP3
  Run Host     : sta-server-01
  Run Dir      : /proj/cpu_rtl/sta/ISSUE/WAKEUP_SELECT/run_tt_0p90v_0p90v_25c
  SDC File     : /proj/cpu_rtl/constraints/WAKEUP_SELECT_TOP.sdc
  Netlist      : /proj/cpu_rtl/netlist/WAKEUP_SELECT_TOP.v.gz
  SPEF File    : /proj/cpu_rtl/spef/WAKEUP_SELECT_TOP.spef.gz
  Liberty      : saed32nm_rvt_tt_0p90v_0p90v_25c.db
  Elapsed Time : 00:03:52
  Peak Memory  : 3.888 GB

=========================================================================
End of Report
=========================================================================
