****************************************
Report : timing
        -path_type full
        -delay_type min
        -max_paths 10
        -sort_by slack
Design : INT_CTRL_TOP
Version: PrimeTime 2023.06-SP3
Date   : Sat Aug 15 17:34:54 2026
Corner : ff_1p16v_1p16v_n40c
Note   : Worst-case Hold  — Fast corner, cold temp
****************************************

Operating Conditions : ff_1p16v_1p16v_n40c (Library: saed32nm_rvt)
Wire Load Model Mode : Interconnect (StarRC Extracted)

  Startpoint : u_ic_pri/din_reg[0]
               (rising edge-triggered flip-flop clocked by CLK_CORE)
  Endpoint   : u_ic_latch/dout_reg[0]
               (rising edge-triggered flip-flop clocked by CLK_CORE)
  Path Group : CLK_CORE
  Path Type  : min

  Point                                                   Incr        Path
  -------------------------------------------------------------------------
  clock CLK_CORE (rise edge)                                  0.000       0.000
  clock network delay (propagated)                        0.161      0.161
  u_ic_pri/din_reg[0]/CK (DFFARX1_RVT)                        0.000       0.161 r
  u_ic_pri/din_reg[0]/Q  (DFFARX1_RVT)                        0.117       0.278 r
  u_ic_pri/U12/Y (INVX2_RVT)                                  0.065       0.343 f
  u_ic_pri/U34/Y (NAND2X1_RVT)                                0.06       0.403 r
  u_ic_mask/U07/Y (AOI22X1_RVT)                                0.098       0.501 f
  u_ic_mask/U19/Y (OAI21X1_RVT)                                0.106       0.607 r
  u_ic_vec/U03/Y (MUX21X1_RVT)                                0.079       0.686 r
  u_ic_vec/U11/Y (AND2X1_RVT)                                 0.045       0.731 f
  u_ic_vec/U22/Y (NOR2X1_RVT)                                 0.051       0.782 r
  u_ic_latch/U05/Y (BUFX4_RVT)                                  0.075       0.857 r
  u_ic_latch/dout_reg[0]/D (DFFARX1_RVT)                        0.067      0.924 f
  data arrival time                                                    0.924

  clock CLK_CORE (rise edge)                                  2     2
  clock network delay (propagated)                        0.161      2.161
  clock uncertainty                                      -0.05   2.111
  u_ic_latch/dout_reg[0]/CK (DFFARX1_RVT)                       0.000       2.111 r
  library setup time                                     -0.067   2.044
  data required time                                                   2.044
  -------------------------------------------------------------------------
  data required time                                                   2.044
  data arrival time                                                   -0.924
  -------------------------------------------------------------------------
  slack (MET)   1.12


=========================================================================
                   INT_CTRL_TOP — TIMING SUMMARY
=========================================================================

  Block        : INT_CTRL_TOP
  Corner       : ff_1p16v_1p16v_n40c
  Check        : min  (Worst-case Hold  — Fast corner, cold temp)
  Clock        : CLK_CORE  Period = 2 ns  (500 MHz)
  Technology   : SAED 32nm RVT

  ┌────────────────────────────────────────────────────────────────┐
  │ Sub-Unit      WNS (ns)  TNS (ns)  #Viol   WHS (ns)  #HViol  │
  ├────────────────────────────────────────────────────────────────┤
  │ u_ic_pri          1.12       0        0      0.114        0     │
  │ u_ic_mask          0.132       0        0      0.106        0     │
  │ u_ic_vec          0.191       0        0      0.067        0     │
  │ u_ic_latch          0.068       0        0      0.082        0     │
  ├────────────────────────────────────────────────────────────────┤
  │ INT_CTRL_TOP  1.12       0        0      0.114        0     │
  └────────────────────────────────────────────────────────────────┘

  Status : ALL PATHS CLEAN — No Setup or Hold Violations


=========================================================================
                   TIMING EXCEPTIONS APPLIED
=========================================================================

  set_false_path -from [get_ports SCAN_EN]      -to [all_registers]
  set_false_path -from [get_ports TEST_MODE]     -to [all_registers]
  set_multicycle_path 2 -setup -from [get_cells u_ic_pri/*] -to [get_cells u_ic_latch/*]
  set_multicycle_path 1 -hold  -from [get_cells u_ic_pri/*] -to [get_cells u_ic_latch/*]
  set_input_delay  0.400 -clock CLK_CORE -max [all_inputs]
  set_output_delay 0.350 -clock CLK_CORE -max [all_outputs]


=========================================================================
                   CLOCK DOMAIN SUMMARY
=========================================================================

  Clock    : CLK_CORE
  Period   : 2 ns
  Waveform : {0.000 1}
  Skew     : 0.019 ns  (max across INT_CTRL_TOP)
  Latency  : 0.161 ns  (max)


=========================================================================
                   CONSTRAINT COVERAGE
=========================================================================

  Total register endpoints   : 1478
  Constrained endpoints      : 4226
  Unconstrained endpoints    :      0
  Coverage                   :  100.0%


=========================================================================
                   TOOL / RUN INFORMATION
=========================================================================

  Tool         : Synopsys PrimeTime 2023.06-SP3
  Run Host     : sta-server-01
  Run Dir      : /proj/cpu_rtl/sta/UNCORE/INTERRUPT_CONTROLLER/run_ff_1p16v_1p16v_n40c
  SDC File     : /proj/cpu_rtl/constraints/INT_CTRL_TOP.sdc
  Netlist      : /proj/cpu_rtl/netlist/INT_CTRL_TOP.v.gz
  SPEF File    : /proj/cpu_rtl/spef/INT_CTRL_TOP.spef.gz
  Liberty      : saed32nm_rvt_ff_1p16v_1p16v_n40c.db
  Elapsed Time : 00:05:18
  Peak Memory  : 2.678 GB

=========================================================================
End of Report
=========================================================================
