****************************************
Report : timing
        -path_type full
        -delay_type max
        -max_paths 10
        -sort_by slack
Design : INT_CTRL_TOP
Version: PrimeTime 2023.06-SP3
Date   : Sat Aug 15 17:34:54 2026
Corner : tt_0p90v_0p90v_25c
Note   : Typical Setup   — Nominal corner
****************************************

Operating Conditions : tt_0p90v_0p90v_25c (Library: saed32nm_rvt)
Wire Load Model Mode : Interconnect (StarRC Extracted)

  Startpoint : u_ic_pri/din_reg[0]
               (rising edge-triggered flip-flop clocked by CLK_CORE)
  Endpoint   : u_ic_latch/dout_reg[0]
               (rising edge-triggered flip-flop clocked by CLK_CORE)
  Path Group : CLK_CORE
  Path Type  : max

  Point                                                   Incr        Path
  -------------------------------------------------------------------------
  clock CLK_CORE (rise edge)                                  0.000       0.000
  clock network delay (propagated)                        0.133      0.133
  u_ic_pri/din_reg[0]/CK (DFFARX1_RVT)                        0.000       0.133 r
  u_ic_pri/din_reg[0]/Q  (DFFARX1_RVT)                        0.127       0.26 r
  u_ic_pri/U12/Y (INVX2_RVT)                                  0.05       0.31 f
  u_ic_pri/U34/Y (NAND2X1_RVT)                                0.065       0.375 r
  u_ic_mask/U07/Y (AOI22X1_RVT)                                0.088       0.463 f
  u_ic_mask/U19/Y (OAI21X1_RVT)                                0.095       0.558 r
  u_ic_vec/U03/Y (MUX21X1_RVT)                                0.06       0.618 r
  u_ic_vec/U11/Y (AND2X1_RVT)                                 0.048       0.666 f
  u_ic_vec/U22/Y (NOR2X1_RVT)                                 0.046       0.712 r
  u_ic_latch/U05/Y (BUFX4_RVT)                                  0.077       0.789 r
  u_ic_latch/dout_reg[0]/D (DFFARX1_RVT)                        0.06      0.849 f
  data arrival time                                                    0.849

  clock CLK_CORE (rise edge)                                  2     2
  clock network delay (propagated)                        0.133      2.133
  clock uncertainty                                      -0.05   2.083
  u_ic_latch/dout_reg[0]/CK (DFFARX1_RVT)                       0.000       2.083 r
  library setup time                                     -0.076   2.007
  data required time                                                   2.007
  -------------------------------------------------------------------------
  data required time                                                   2.007
  data arrival time                                                   -0.849
  -------------------------------------------------------------------------
  slack (MET)   1.158


=========================================================================
                   INT_CTRL_TOP — TIMING SUMMARY
=========================================================================

  Block        : INT_CTRL_TOP
  Corner       : tt_0p90v_0p90v_25c
  Check        : max  (Typical Setup   — Nominal corner)
  Clock        : CLK_CORE  Period = 2 ns  (500 MHz)
  Technology   : SAED 32nm RVT

  ┌────────────────────────────────────────────────────────────────┐
  │ Sub-Unit      WNS (ns)  TNS (ns)  #Viol   WHS (ns)  #HViol  │
  ├────────────────────────────────────────────────────────────────┤
  │ u_ic_pri          1.158       0        0      0.118        0     │
  │ u_ic_mask          0.125       0        0      0.07        0     │
  │ u_ic_vec          0.19       0        0      0.078        0     │
  │ u_ic_latch          0.148       0        0      0.121        0     │
  ├────────────────────────────────────────────────────────────────┤
  │ INT_CTRL_TOP  1.158       0        0      0.118        0     │
  └────────────────────────────────────────────────────────────────┘

  Status : ALL PATHS CLEAN — No Setup or Hold Violations


=========================================================================
                   TIMING EXCEPTIONS APPLIED
=========================================================================

  set_false_path -from [get_ports SCAN_EN]      -to [all_registers]
  set_false_path -from [get_ports TEST_MODE]     -to [all_registers]
  set_multicycle_path 2 -setup -from [get_cells u_ic_pri/*] -to [get_cells u_ic_latch/*]
  set_multicycle_path 1 -hold  -from [get_cells u_ic_pri/*] -to [get_cells u_ic_latch/*]
  set_input_delay  0.400 -clock CLK_CORE -max [all_inputs]
  set_output_delay 0.350 -clock CLK_CORE -max [all_outputs]


=========================================================================
                   CLOCK DOMAIN SUMMARY
=========================================================================

  Clock    : CLK_CORE
  Period   : 2 ns
  Waveform : {0.000 1}
  Skew     : 0.02 ns  (max across INT_CTRL_TOP)
  Latency  : 0.133 ns  (max)


=========================================================================
                   CONSTRAINT COVERAGE
=========================================================================

  Total register endpoints   : 1989
  Constrained endpoints      : 890
  Unconstrained endpoints    :      0
  Coverage                   :  100.0%


=========================================================================
                   TOOL / RUN INFORMATION
=========================================================================

  Tool         : Synopsys PrimeTime 2023.06-SP3
  Run Host     : sta-server-01
  Run Dir      : /proj/cpu_rtl/sta/UNCORE/INTERRUPT_CONTROLLER/run_tt_0p90v_0p90v_25c
  SDC File     : /proj/cpu_rtl/constraints/INT_CTRL_TOP.sdc
  Netlist      : /proj/cpu_rtl/netlist/INT_CTRL_TOP.v.gz
  SPEF File    : /proj/cpu_rtl/spef/INT_CTRL_TOP.spef.gz
  Liberty      : saed32nm_rvt_tt_0p90v_0p90v_25c.db
  Elapsed Time : 00:03:41
  Peak Memory  : 3.742 GB

=========================================================================
End of Report
=========================================================================
