****************************************
Report : timing
        -path_type full
        -delay_type max
        -max_paths 10
        -sort_by slack
Design : INT_CTRL_TOP
Version: PrimeTime 2023.06-SP3
Date   : Sat Aug 15 17:34:54 2026
Corner : ss_0p63v_0p63v_125c
Note   : Low-Vdd Setup   — Ultra-low voltage corner
****************************************

Operating Conditions : ss_0p63v_0p63v_125c (Library: saed32nm_rvt)
Wire Load Model Mode : Interconnect (StarRC Extracted)

  Startpoint : u_ic_pri/din_reg[0]
               (rising edge-triggered flip-flop clocked by CLK_CORE)
  Endpoint   : u_ic_latch/dout_reg[0]
               (rising edge-triggered flip-flop clocked by CLK_CORE)
  Path Group : CLK_CORE
  Path Type  : max

  Point                                                   Incr        Path
  -------------------------------------------------------------------------
  clock CLK_CORE (rise edge)                                  0.000       0.000
  clock network delay (propagated)                        0.147      0.147
  u_ic_pri/din_reg[0]/CK (DFFARX1_RVT)                        0.000       0.147 r
  u_ic_pri/din_reg[0]/Q  (DFFARX1_RVT)                        0.128       0.275 r
  u_ic_pri/U12/Y (INVX2_RVT)                                  0.047       0.322 f
  u_ic_pri/U34/Y (NAND2X1_RVT)                                0.063       0.385 r
  u_ic_mask/U07/Y (AOI22X1_RVT)                                0.076       0.461 f
  u_ic_mask/U19/Y (OAI21X1_RVT)                                0.113       0.574 r
  u_ic_vec/U03/Y (MUX21X1_RVT)                                0.081       0.655 r
  u_ic_vec/U11/Y (AND2X1_RVT)                                 0.066       0.721 f
  u_ic_vec/U22/Y (NOR2X1_RVT)                                 0.075       0.796 r
  u_ic_latch/U05/Y (BUFX4_RVT)                                  0.065       0.861 r
  u_ic_latch/dout_reg[0]/D (DFFARX1_RVT)                        0.077      0.938 f
  data arrival time                                                    0.938

  clock CLK_CORE (rise edge)                                  2     2
  clock network delay (propagated)                        0.147      2.147
  clock uncertainty                                      -0.05   2.097
  u_ic_latch/dout_reg[0]/CK (DFFARX1_RVT)                       0.000       2.097 r
  library setup time                                     -0.071   2.026
  data required time                                                   2.026
  -------------------------------------------------------------------------
  data required time                                                   2.026
  data arrival time                                                   -0.938
  -------------------------------------------------------------------------
  slack (MET)   1.088


=========================================================================
                   INT_CTRL_TOP — TIMING SUMMARY
=========================================================================

  Block        : INT_CTRL_TOP
  Corner       : ss_0p63v_0p63v_125c
  Check        : max  (Low-Vdd Setup   — Ultra-low voltage corner)
  Clock        : CLK_CORE  Period = 2 ns  (500 MHz)
  Technology   : SAED 32nm RVT

  ┌────────────────────────────────────────────────────────────────┐
  │ Sub-Unit      WNS (ns)  TNS (ns)  #Viol   WHS (ns)  #HViol  │
  ├────────────────────────────────────────────────────────────────┤
  │ u_ic_pri          1.088       0        0      0.105        0     │
  │ u_ic_mask          0.185       0        0      0.068        0     │
  │ u_ic_vec          0.134       0        0      0.082        0     │
  │ u_ic_latch          0.059       0        0      0.093        0     │
  ├────────────────────────────────────────────────────────────────┤
  │ INT_CTRL_TOP  1.088       0        0      0.105        0     │
  └────────────────────────────────────────────────────────────────┘

  Status : ALL PATHS CLEAN — No Setup or Hold Violations


=========================================================================
                   TIMING EXCEPTIONS APPLIED
=========================================================================

  set_false_path -from [get_ports SCAN_EN]      -to [all_registers]
  set_false_path -from [get_ports TEST_MODE]     -to [all_registers]
  set_multicycle_path 2 -setup -from [get_cells u_ic_pri/*] -to [get_cells u_ic_latch/*]
  set_multicycle_path 1 -hold  -from [get_cells u_ic_pri/*] -to [get_cells u_ic_latch/*]
  set_input_delay  0.400 -clock CLK_CORE -max [all_inputs]
  set_output_delay 0.350 -clock CLK_CORE -max [all_outputs]


=========================================================================
                   CLOCK DOMAIN SUMMARY
=========================================================================

  Clock    : CLK_CORE
  Period   : 2 ns
  Waveform : {0.000 1}
  Skew     : 0.019 ns  (max across INT_CTRL_TOP)
  Latency  : 0.147 ns  (max)


=========================================================================
                   CONSTRAINT COVERAGE
=========================================================================

  Total register endpoints   : 3468
  Constrained endpoints      : 5461
  Unconstrained endpoints    :      0
  Coverage                   :  100.0%


=========================================================================
                   TOOL / RUN INFORMATION
=========================================================================

  Tool         : Synopsys PrimeTime 2023.06-SP3
  Run Host     : sta-server-01
  Run Dir      : /proj/cpu_rtl/sta/UNCORE/INTERRUPT_CONTROLLER/run_ss_0p63v_0p63v_125c
  SDC File     : /proj/cpu_rtl/constraints/INT_CTRL_TOP.sdc
  Netlist      : /proj/cpu_rtl/netlist/INT_CTRL_TOP.v.gz
  SPEF File    : /proj/cpu_rtl/spef/INT_CTRL_TOP.spef.gz
  Liberty      : saed32nm_rvt_ss_0p63v_0p63v_125c.db
  Elapsed Time : 00:08:41
  Peak Memory  : 1.64 GB

=========================================================================
End of Report
=========================================================================
