****************************************
Report : timing
        -path_type full
        -delay_type max
        -max_paths 10
        -sort_by slack
Design : INT_CTRL_TOP
Version: PrimeTime 2023.06-SP3
Date   : Sat Aug 15 18:20:45 2026
Corner : ss_0p72v_0p72v_125c
Note   : Setup OCV (On-Chip-Variation) — CRPR enabled
****************************************

Operating Conditions : ss_0p72v_0p72v_125c (Library: saed32nm_rvt)
Wire Load Model Mode : Interconnect (StarRC Extracted)

  Startpoint : u_ic_pri/din_reg[0]
               (rising edge-triggered flip-flop clocked by CLK_CORE)
  Endpoint   : u_ic_latch/dout_reg[0]
               (rising edge-triggered flip-flop clocked by CLK_CORE)
  Path Group : CLK_CORE
  Path Type  : max

  Point                                                   Incr        Path
  -------------------------------------------------------------------------
  clock CLK_CORE (rise edge)                                  0.000       0.000
  clock network delay (propagated)                        0.149      0.149
  u_ic_pri/din_reg[0]/CK (DFFARX1_RVT)                        0.000       0.149 r
  u_ic_pri/din_reg[0]/Q  (DFFARX1_RVT)                        0.112         0.261 r
  u_ic_pri/U12/Y (INVX2_RVT)                                  0.044         0.305 f
  u_ic_pri/U34/Y (NAND2X1_RVT)                                0.076         0.381 r
  u_ic_mask/U07/Y (AOI22X1_RVT)                                0.087         0.468 f
  u_ic_mask/U19/Y (OAI21X1_RVT)                                0.091         0.559 r
  u_ic_vec/U03/Y (MUX21X1_RVT)                                0.09         0.649 r
  u_ic_vec/U11/Y (AND2X1_RVT)                                 0.047         0.696 f
  u_ic_vec/U22/Y (NOR2X1_RVT)                                 0.056         0.752 r
  u_ic_latch/U05/Y (BUFX4_RVT)                                  0.056         0.808 r
  u_ic_latch/dout_reg[0]/D (DFFARX1_RVT)                        0.059        0.867 f
  data arrival time                                                    0.867

  clock CLK_CORE (rise edge)                                  2     2
  clock network delay (propagated)                        0.149      2.149
  clock uncertainty                                      -0.05   2.099
  u_ic_latch/dout_reg[0]/CK (DFFARX1_RVT)                       0.000       2.099 r
  library setup time                                     -0.067   2.032
  data required time                                                   2.032
  -------------------------------------------------------------------------
  data required time                                                   2.032
  data arrival time                                                   -0.867
  -------------------------------------------------------------------------
  slack (MET)      1.165


=========================================================================
                   INT_CTRL_TOP -- TIMING SUMMARY
=========================================================================

  Block        : INT_CTRL_TOP
  Corner       : ss_0p72v_0p72v_125c
  Check        : max  (Setup OCV (On-Chip-Variation) — CRPR enabled)
  Clock        : CLK_CORE  Period = 2 ns  (500 MHz)
  Technology   : SAED 32nm RVT

  +------------------------------------------------------------------+
  | Sub-Unit          WNS (ns)  TNS (ns)  #Viol   WHS (ns)  #HViol  |
  +------------------------------------------------------------------+
  | u_ic_pri          1.165       0.000       0      0.08        0     |
  | u_ic_mask          0.103       0.000       0      0.112        0     |
  | u_ic_vec          0.085       0.000       0      0.102        0     |
  | u_ic_latch          0.212       0.000       0      0.103        0     |
  +------------------------------------------------------------------+
  | INT_CTRL_TOP   1.165       0.000       0      0.08        0     |
  +------------------------------------------------------------------+

  Status : ALL PATHS CLEAN -- No Setup or Hold Violations


=========================================================================
                   TIMING EXCEPTIONS APPLIED
=========================================================================

  set_false_path -from [get_ports SCAN_EN]      -to [all_registers]
  set_false_path -from [get_ports TEST_MODE]     -to [all_registers]
  set_multicycle_path 2 -setup -from [get_cells u_ic_pri/*] -to [get_cells u_ic_latch/*]
  set_multicycle_path 1 -hold  -from [get_cells u_ic_pri/*] -to [get_cells u_ic_latch/*]
  set_input_delay  0.400 -clock CLK_CORE -max [all_inputs]
  set_output_delay 0.350 -clock CLK_CORE -max [all_outputs]


=========================================================================
                   CLOCK DOMAIN SUMMARY
=========================================================================

  Clock    : CLK_CORE
  Period   : 2 ns
  Waveform : {0.000 1}
  Skew     : 0.026 ns  (max across INT_CTRL_TOP)
  Latency  : 0.149 ns  (max)


=========================================================================
                   CONSTRAINT COVERAGE
=========================================================================

  Total register endpoints   : 2105
  Constrained endpoints      : 3641
  Unconstrained endpoints    :      0
  Coverage                   :  100.0%


=========================================================================
                   TOOL / RUN INFORMATION
=========================================================================

  Tool         : Synopsys PrimeTime 2023.06-SP3
  Run Host     : sta-server-01
  Run Dir      : /proj/cpu_rtl/sta/UNCORE/INTERRUPT_CONTROLLER/run_ss_0p72v_0p72v_125c
  SDC File     : /proj/cpu_rtl/constraints/INT_CTRL_TOP.sdc
  Netlist      : /proj/cpu_rtl/netlist/INT_CTRL_TOP.v.gz
  SPEF File    : /proj/cpu_rtl/spef/INT_CTRL_TOP.spef.gz
  Liberty      : saed32nm_rvt_ss_0p72v_0p72v_125c.db
  Elapsed Time : 00:04:26
  Peak Memory  : 2.853 GB

=========================================================================
End of Report
=========================================================================
