****************************************
Report : timing
        -path_type full
        -delay_type min
        -max_paths 10
        -sort_by slack
Design : INT_CTRL_TOP
Version: PrimeTime 2023.06-SP3
Date   : Sat Aug 15 18:20:45 2026
Corner : ff_1p16v_1p16v_n40c
Note   : Hold OCV — CRPR enabled, cold fast corner
****************************************

Operating Conditions : ff_1p16v_1p16v_n40c (Library: saed32nm_rvt)
Wire Load Model Mode : Interconnect (StarRC Extracted)

  Startpoint : u_ic_pri/din_reg[0]
               (rising edge-triggered flip-flop clocked by CLK_CORE)
  Endpoint   : u_ic_latch/dout_reg[0]
               (rising edge-triggered flip-flop clocked by CLK_CORE)
  Path Group : CLK_CORE
  Path Type  : min

  Point                                                   Incr        Path
  -------------------------------------------------------------------------
  clock CLK_CORE (rise edge)                                  0.000       0.000
  clock network delay (propagated)                        0.159      0.159
  u_ic_pri/din_reg[0]/CK (DFFARX1_RVT)                        0.000       0.159 r
  u_ic_pri/din_reg[0]/Q  (DFFARX1_RVT)                        0.127         0.286 r
  u_ic_pri/U12/Y (INVX2_RVT)                                  0.049         0.335 f
  u_ic_pri/U34/Y (NAND2X1_RVT)                                0.076         0.411 r
  u_ic_mask/U07/Y (AOI22X1_RVT)                                0.092         0.503 f
  u_ic_mask/U19/Y (OAI21X1_RVT)                                0.096         0.599 r
  u_ic_vec/U03/Y (MUX21X1_RVT)                                0.072         0.671 r
  u_ic_vec/U11/Y (AND2X1_RVT)                                 0.068         0.739 f
  u_ic_vec/U22/Y (NOR2X1_RVT)                                 0.044         0.783 r
  u_ic_latch/U05/Y (BUFX4_RVT)                                  0.074         0.857 r
  u_ic_latch/dout_reg[0]/D (DFFARX1_RVT)                        0.056        0.913 f
  data arrival time                                                    0.913

  clock CLK_CORE (rise edge)                                  2     2
  clock network delay (propagated)                        0.159      2.159
  clock uncertainty                                      -0.05   2.109
  u_ic_latch/dout_reg[0]/CK (DFFARX1_RVT)                       0.000       2.109 r
  library setup time                                     -0.068   2.041
  data required time                                                   2.041
  -------------------------------------------------------------------------
  data required time                                                   2.041
  data arrival time                                                   -0.913
  -------------------------------------------------------------------------
  slack (MET)      1.128


=========================================================================
                   INT_CTRL_TOP -- TIMING SUMMARY
=========================================================================

  Block        : INT_CTRL_TOP
  Corner       : ff_1p16v_1p16v_n40c
  Check        : min  (Hold OCV — CRPR enabled, cold fast corner)
  Clock        : CLK_CORE  Period = 2 ns  (500 MHz)
  Technology   : SAED 32nm RVT

  +------------------------------------------------------------------+
  | Sub-Unit          WNS (ns)  TNS (ns)  #Viol   WHS (ns)  #HViol  |
  +------------------------------------------------------------------+
  | u_ic_pri          1.128       0.000       0      0.13        0     |
  | u_ic_mask          0.174       0.000       0      0.087        0     |
  | u_ic_vec          0.152       0.000       0      0.082        0     |
  | u_ic_latch          0.045       0.000       0      0.069        0     |
  +------------------------------------------------------------------+
  | INT_CTRL_TOP   1.128       0.000       0      0.13        0     |
  +------------------------------------------------------------------+

  Status : ALL PATHS CLEAN -- No Setup or Hold Violations


=========================================================================
                   TIMING EXCEPTIONS APPLIED
=========================================================================

  set_false_path -from [get_ports SCAN_EN]      -to [all_registers]
  set_false_path -from [get_ports TEST_MODE]     -to [all_registers]
  set_multicycle_path 2 -setup -from [get_cells u_ic_pri/*] -to [get_cells u_ic_latch/*]
  set_multicycle_path 1 -hold  -from [get_cells u_ic_pri/*] -to [get_cells u_ic_latch/*]
  set_input_delay  0.400 -clock CLK_CORE -max [all_inputs]
  set_output_delay 0.350 -clock CLK_CORE -max [all_outputs]


=========================================================================
                   CLOCK DOMAIN SUMMARY
=========================================================================

  Clock    : CLK_CORE
  Period   : 2 ns
  Waveform : {0.000 1}
  Skew     : 0.027 ns  (max across INT_CTRL_TOP)
  Latency  : 0.159 ns  (max)


=========================================================================
                   CONSTRAINT COVERAGE
=========================================================================

  Total register endpoints   : 5018
  Constrained endpoints      : 2636
  Unconstrained endpoints    :      0
  Coverage                   :  100.0%


=========================================================================
                   TOOL / RUN INFORMATION
=========================================================================

  Tool         : Synopsys PrimeTime 2023.06-SP3
  Run Host     : sta-server-01
  Run Dir      : /proj/cpu_rtl/sta/UNCORE/INTERRUPT_CONTROLLER/run_ff_1p16v_1p16v_n40c
  SDC File     : /proj/cpu_rtl/constraints/INT_CTRL_TOP.sdc
  Netlist      : /proj/cpu_rtl/netlist/INT_CTRL_TOP.v.gz
  SPEF File    : /proj/cpu_rtl/spef/INT_CTRL_TOP.spef.gz
  Liberty      : saed32nm_rvt_ff_1p16v_1p16v_n40c.db
  Elapsed Time : 00:08:15
  Peak Memory  : 4.956 GB

=========================================================================
End of Report
=========================================================================
