****************************************
Report : timing
        -path_type full
        -delay_type max
        -max_paths 10
        -sort_by slack
Design : INT_CTRL_TOP
Version: PrimeTime 2023.06-SP3
Date   : Sat Aug 15 18:20:45 2026
Corner : tt_0p90v_0p90v_25c
Note   : Setup post-ECO sign-off — Nominal corner
****************************************

Operating Conditions : tt_0p90v_0p90v_25c (Library: saed32nm_rvt)
Wire Load Model Mode : Interconnect (StarRC Extracted)

  Startpoint : u_ic_pri/din_reg[0]
               (rising edge-triggered flip-flop clocked by CLK_CORE)
  Endpoint   : u_ic_latch/dout_reg[0]
               (rising edge-triggered flip-flop clocked by CLK_CORE)
  Path Group : CLK_CORE
  Path Type  : max

  Point                                                   Incr        Path
  -------------------------------------------------------------------------
  clock CLK_CORE (rise edge)                                  0.000       0.000
  clock network delay (propagated)                        0.156      0.156
  u_ic_pri/din_reg[0]/CK (DFFARX1_RVT)                        0.000       0.156 r
  u_ic_pri/din_reg[0]/Q  (DFFARX1_RVT)                        0.114         0.27 r
  u_ic_pri/U12/Y (INVX2_RVT)                                  0.058         0.328 f
  u_ic_pri/U34/Y (NAND2X1_RVT)                                0.063         0.391 r
  u_ic_mask/U07/Y (AOI22X1_RVT)                                0.107         0.498 f
  u_ic_mask/U19/Y (OAI21X1_RVT)                                0.084         0.582 r
  u_ic_vec/U03/Y (MUX21X1_RVT)                                0.099         0.681 r
  u_ic_vec/U11/Y (AND2X1_RVT)                                 0.057         0.738 f
  u_ic_vec/U22/Y (NOR2X1_RVT)                                 0.069         0.807 r
  u_ic_latch/U05/Y (BUFX4_RVT)                                  0.07         0.877 r
  u_ic_latch/dout_reg[0]/D (DFFARX1_RVT)                        0.065        0.942 f
  data arrival time                                                    0.942

  clock CLK_CORE (rise edge)                                  2     2
  clock network delay (propagated)                        0.156      2.156
  clock uncertainty                                      -0.05   2.106
  u_ic_latch/dout_reg[0]/CK (DFFARX1_RVT)                       0.000       2.106 r
  library setup time                                     -0.074   2.032
  data required time                                                   2.032
  -------------------------------------------------------------------------
  data required time                                                   2.032
  data arrival time                                                   -0.942
  -------------------------------------------------------------------------
  slack (MET)      1.09


=========================================================================
                   INT_CTRL_TOP -- TIMING SUMMARY
=========================================================================

  Block        : INT_CTRL_TOP
  Corner       : tt_0p90v_0p90v_25c
  Check        : max  (Setup post-ECO sign-off — Nominal corner)
  Clock        : CLK_CORE  Period = 2 ns  (500 MHz)
  Technology   : SAED 32nm RVT

  +------------------------------------------------------------------+
  | Sub-Unit          WNS (ns)  TNS (ns)  #Viol   WHS (ns)  #HViol  |
  +------------------------------------------------------------------+
  | u_ic_pri          1.09       0.000       0      0.055        0     |
  | u_ic_mask          0.139       0.000       0      0.088        0     |
  | u_ic_vec          0.085       0.000       0      0.085        0     |
  | u_ic_latch          0.166       0.000       0      0.127        0     |
  +------------------------------------------------------------------+
  | INT_CTRL_TOP   1.09       0.000       0      0.055        0     |
  +------------------------------------------------------------------+

  Status : ALL PATHS CLEAN -- No Setup or Hold Violations


=========================================================================
                   TIMING EXCEPTIONS APPLIED
=========================================================================

  set_false_path -from [get_ports SCAN_EN]      -to [all_registers]
  set_false_path -from [get_ports TEST_MODE]     -to [all_registers]
  set_multicycle_path 2 -setup -from [get_cells u_ic_pri/*] -to [get_cells u_ic_latch/*]
  set_multicycle_path 1 -hold  -from [get_cells u_ic_pri/*] -to [get_cells u_ic_latch/*]
  set_input_delay  0.400 -clock CLK_CORE -max [all_inputs]
  set_output_delay 0.350 -clock CLK_CORE -max [all_outputs]


=========================================================================
                   CLOCK DOMAIN SUMMARY
=========================================================================

  Clock    : CLK_CORE
  Period   : 2 ns
  Waveform : {0.000 1}
  Skew     : 0.018 ns  (max across INT_CTRL_TOP)
  Latency  : 0.156 ns  (max)


=========================================================================
                   CONSTRAINT COVERAGE
=========================================================================

  Total register endpoints   : 6696
  Constrained endpoints      : 2874
  Unconstrained endpoints    :      0
  Coverage                   :  100.0%


=========================================================================
                   TOOL / RUN INFORMATION
=========================================================================

  Tool         : Synopsys PrimeTime 2023.06-SP3
  Run Host     : sta-server-01
  Run Dir      : /proj/cpu_rtl/sta/UNCORE/INTERRUPT_CONTROLLER/run_tt_0p90v_0p90v_25c
  SDC File     : /proj/cpu_rtl/constraints/INT_CTRL_TOP.sdc
  Netlist      : /proj/cpu_rtl/netlist/INT_CTRL_TOP.v.gz
  SPEF File    : /proj/cpu_rtl/spef/INT_CTRL_TOP.spef.gz
  Liberty      : saed32nm_rvt_tt_0p90v_0p90v_25c.db
  Elapsed Time : 00:01:21
  Peak Memory  : 1.896 GB

=========================================================================
End of Report
=========================================================================
