****************************************
Report : timing
        -path_type full
        -delay_type max
        -max_paths 10
        -sort_by slack
Design : BTB_TOP
Version: PrimeTime 2023.06-SP3
Date   : Sat Aug 15 17:34:53 2026
Corner : ss_0p72v_0p72v_125c
Note   : Worst-case Setup — Slow corner, high temp
****************************************

Operating Conditions : ss_0p72v_0p72v_125c (Library: saed32nm_rvt)
Wire Load Model Mode : Interconnect (StarRC Extracted)

  Startpoint : u_btb_ram/din_reg[0]
               (rising edge-triggered flip-flop clocked by CLK_CORE)
  Endpoint   : u_btb_ctrl/dout_reg[0]
               (rising edge-triggered flip-flop clocked by CLK_CORE)
  Path Group : CLK_CORE
  Path Type  : max

  Point                                                   Incr        Path
  -------------------------------------------------------------------------
  clock CLK_CORE (rise edge)                                  0.000       0.000
  clock network delay (propagated)                        0.143      0.143
  u_btb_ram/din_reg[0]/CK (DFFARX1_RVT)                        0.000       0.143 r
  u_btb_ram/din_reg[0]/Q  (DFFARX1_RVT)                        0.123       0.266 r
  u_btb_ram/U12/Y (INVX2_RVT)                                  0.046       0.312 f
  u_btb_ram/U34/Y (NAND2X1_RVT)                                0.071       0.383 r
  u_btb_decode/U07/Y (AOI22X1_RVT)                                0.093       0.476 f
  u_btb_decode/U19/Y (OAI21X1_RVT)                                0.116       0.592 r
  u_btb_mux/U03/Y (MUX21X1_RVT)                                0.061       0.653 r
  u_btb_mux/U11/Y (AND2X1_RVT)                                 0.084       0.737 f
  u_btb_mux/U22/Y (NOR2X1_RVT)                                 0.075       0.812 r
  u_btb_ctrl/U05/Y (BUFX4_RVT)                                  0.058       0.87 r
  u_btb_ctrl/dout_reg[0]/D (DFFARX1_RVT)                        0.068      0.938 f
  data arrival time                                                    0.938

  clock CLK_CORE (rise edge)                                  2     2
  clock network delay (propagated)                        0.143      2.143
  clock uncertainty                                      -0.05   2.093
  u_btb_ctrl/dout_reg[0]/CK (DFFARX1_RVT)                       0.000       2.093 r
  library setup time                                     -0.069   2.024
  data required time                                                   2.024
  -------------------------------------------------------------------------
  data required time                                                   2.024
  data arrival time                                                   -0.938
  -------------------------------------------------------------------------
  slack (MET)   1.086


=========================================================================
                   BTB_TOP — TIMING SUMMARY
=========================================================================

  Block        : BTB_TOP
  Corner       : ss_0p72v_0p72v_125c
  Check        : max  (Worst-case Setup — Slow corner, high temp)
  Clock        : CLK_CORE  Period = 2 ns  (500 MHz)
  Technology   : SAED 32nm RVT

  ┌────────────────────────────────────────────────────────────────┐
  │ Sub-Unit      WNS (ns)  TNS (ns)  #Viol   WHS (ns)  #HViol  │
  ├────────────────────────────────────────────────────────────────┤
  │ u_btb_ram          1.086       0        0      0.114        0     │
  │ u_btb_decode          0.185       0        0      0.102        0     │
  │ u_btb_mux          0.139       0        0      0.057        0     │
  │ u_btb_ctrl          0.074       0        0      0.119        0     │
  ├────────────────────────────────────────────────────────────────┤
  │ BTB_TOP  1.086       0        0      0.114        0     │
  └────────────────────────────────────────────────────────────────┘

  Status : ALL PATHS CLEAN — No Setup or Hold Violations


=========================================================================
                   TIMING EXCEPTIONS APPLIED
=========================================================================

  set_false_path -from [get_ports SCAN_EN]      -to [all_registers]
  set_false_path -from [get_ports TEST_MODE]     -to [all_registers]
  set_multicycle_path 2 -setup -from [get_cells u_btb_ram/*] -to [get_cells u_btb_ctrl/*]
  set_multicycle_path 1 -hold  -from [get_cells u_btb_ram/*] -to [get_cells u_btb_ctrl/*]
  set_input_delay  0.400 -clock CLK_CORE -max [all_inputs]
  set_output_delay 0.350 -clock CLK_CORE -max [all_outputs]


=========================================================================
                   CLOCK DOMAIN SUMMARY
=========================================================================

  Clock    : CLK_CORE
  Period   : 2 ns
  Waveform : {0.000 1}
  Skew     : 0.019 ns  (max across BTB_TOP)
  Latency  : 0.143 ns  (max)


=========================================================================
                   CONSTRAINT COVERAGE
=========================================================================

  Total register endpoints   : 1807
  Constrained endpoints      : 1981
  Unconstrained endpoints    :      0
  Coverage                   :  100.0%


=========================================================================
                   TOOL / RUN INFORMATION
=========================================================================

  Tool         : Synopsys PrimeTime 2023.06-SP3
  Run Host     : sta-server-01
  Run Dir      : /proj/cpu_rtl/sta/FETCH/BPU/BTB/run_ss_0p72v_0p72v_125c
  SDC File     : /proj/cpu_rtl/constraints/BTB_TOP.sdc
  Netlist      : /proj/cpu_rtl/netlist/BTB_TOP.v.gz
  SPEF File    : /proj/cpu_rtl/spef/BTB_TOP.spef.gz
  Liberty      : saed32nm_rvt_ss_0p72v_0p72v_125c.db
  Elapsed Time : 00:02:47
  Peak Memory  : 4.473 GB

=========================================================================
End of Report
=========================================================================
