****************************************
Report : timing
        -path_type full
        -delay_type min
        -max_paths 10
        -sort_by slack
Design : BTB_TOP
Version: PrimeTime 2023.06-SP3
Date   : Sat Aug 15 17:34:53 2026
Corner : tt_0p90v_0p90v_25c
Note   : Typical Hold    — Nominal corner
****************************************

Operating Conditions : tt_0p90v_0p90v_25c (Library: saed32nm_rvt)
Wire Load Model Mode : Interconnect (StarRC Extracted)

  Startpoint : u_btb_ram/din_reg[0]
               (rising edge-triggered flip-flop clocked by CLK_CORE)
  Endpoint   : u_btb_ctrl/dout_reg[0]
               (rising edge-triggered flip-flop clocked by CLK_CORE)
  Path Group : CLK_CORE
  Path Type  : min

  Point                                                   Incr        Path
  -------------------------------------------------------------------------
  clock CLK_CORE (rise edge)                                  0.000       0.000
  clock network delay (propagated)                        0.163      0.163
  u_btb_ram/din_reg[0]/CK (DFFARX1_RVT)                        0.000       0.163 r
  u_btb_ram/din_reg[0]/Q  (DFFARX1_RVT)                        0.128       0.291 r
  u_btb_ram/U12/Y (INVX2_RVT)                                  0.039       0.33 f
  u_btb_ram/U34/Y (NAND2X1_RVT)                                0.065       0.395 r
  u_btb_decode/U07/Y (AOI22X1_RVT)                                0.104       0.499 f
  u_btb_decode/U19/Y (OAI21X1_RVT)                                0.083       0.582 r
  u_btb_mux/U03/Y (MUX21X1_RVT)                                0.065       0.647 r
  u_btb_mux/U11/Y (AND2X1_RVT)                                 0.066       0.713 f
  u_btb_mux/U22/Y (NOR2X1_RVT)                                 0.042       0.755 r
  u_btb_ctrl/U05/Y (BUFX4_RVT)                                  0.057       0.812 r
  u_btb_ctrl/dout_reg[0]/D (DFFARX1_RVT)                        0.07      0.882 f
  data arrival time                                                    0.882

  clock CLK_CORE (rise edge)                                  2     2
  clock network delay (propagated)                        0.163      2.163
  clock uncertainty                                      -0.05   2.113
  u_btb_ctrl/dout_reg[0]/CK (DFFARX1_RVT)                       0.000       2.113 r
  library setup time                                     -0.068   2.045
  data required time                                                   2.045
  -------------------------------------------------------------------------
  data required time                                                   2.045
  data arrival time                                                   -0.882
  -------------------------------------------------------------------------
  slack (MET)   1.163


=========================================================================
                   BTB_TOP — TIMING SUMMARY
=========================================================================

  Block        : BTB_TOP
  Corner       : tt_0p90v_0p90v_25c
  Check        : min  (Typical Hold    — Nominal corner)
  Clock        : CLK_CORE  Period = 2 ns  (500 MHz)
  Technology   : SAED 32nm RVT

  ┌────────────────────────────────────────────────────────────────┐
  │ Sub-Unit      WNS (ns)  TNS (ns)  #Viol   WHS (ns)  #HViol  │
  ├────────────────────────────────────────────────────────────────┤
  │ u_btb_ram          1.163       0        0      0.096        0     │
  │ u_btb_decode          0.172       0        0      0.088        0     │
  │ u_btb_mux          0.187       0        0      0.121        0     │
  │ u_btb_ctrl          0.168       0        0      0.116        0     │
  ├────────────────────────────────────────────────────────────────┤
  │ BTB_TOP  1.163       0        0      0.096        0     │
  └────────────────────────────────────────────────────────────────┘

  Status : ALL PATHS CLEAN — No Setup or Hold Violations


=========================================================================
                   TIMING EXCEPTIONS APPLIED
=========================================================================

  set_false_path -from [get_ports SCAN_EN]      -to [all_registers]
  set_false_path -from [get_ports TEST_MODE]     -to [all_registers]
  set_multicycle_path 2 -setup -from [get_cells u_btb_ram/*] -to [get_cells u_btb_ctrl/*]
  set_multicycle_path 1 -hold  -from [get_cells u_btb_ram/*] -to [get_cells u_btb_ctrl/*]
  set_input_delay  0.400 -clock CLK_CORE -max [all_inputs]
  set_output_delay 0.350 -clock CLK_CORE -max [all_outputs]


=========================================================================
                   CLOCK DOMAIN SUMMARY
=========================================================================

  Clock    : CLK_CORE
  Period   : 2 ns
  Waveform : {0.000 1}
  Skew     : 0.023 ns  (max across BTB_TOP)
  Latency  : 0.163 ns  (max)


=========================================================================
                   CONSTRAINT COVERAGE
=========================================================================

  Total register endpoints   : 1303
  Constrained endpoints      : 3267
  Unconstrained endpoints    :      0
  Coverage                   :  100.0%


=========================================================================
                   TOOL / RUN INFORMATION
=========================================================================

  Tool         : Synopsys PrimeTime 2023.06-SP3
  Run Host     : sta-server-01
  Run Dir      : /proj/cpu_rtl/sta/FETCH/BPU/BTB/run_tt_0p90v_0p90v_25c
  SDC File     : /proj/cpu_rtl/constraints/BTB_TOP.sdc
  Netlist      : /proj/cpu_rtl/netlist/BTB_TOP.v.gz
  SPEF File    : /proj/cpu_rtl/spef/BTB_TOP.spef.gz
  Liberty      : saed32nm_rvt_tt_0p90v_0p90v_25c.db
  Elapsed Time : 00:06:27
  Peak Memory  : 3.653 GB

=========================================================================
End of Report
=========================================================================
