****************************************
Report : timing
        -path_type full
        -delay_type max
        -max_paths 10
        -sort_by slack
Design : BTB_TOP
Version: PrimeTime 2023.06-SP3
Date   : Sat Aug 15 17:34:53 2026
Corner : ss_0p72v_0p72v_n40c
Note   : Cold Setup      — Slow corner, cold temp
****************************************

Operating Conditions : ss_0p72v_0p72v_n40c (Library: saed32nm_rvt)
Wire Load Model Mode : Interconnect (StarRC Extracted)

  Startpoint : u_btb_ram/din_reg[0]
               (rising edge-triggered flip-flop clocked by CLK_CORE)
  Endpoint   : u_btb_ctrl/dout_reg[0]
               (rising edge-triggered flip-flop clocked by CLK_CORE)
  Path Group : CLK_CORE
  Path Type  : max

  Point                                                   Incr        Path
  -------------------------------------------------------------------------
  clock CLK_CORE (rise edge)                                  0.000       0.000
  clock network delay (propagated)                        0.148      0.148
  u_btb_ram/din_reg[0]/CK (DFFARX1_RVT)                        0.000       0.148 r
  u_btb_ram/din_reg[0]/Q  (DFFARX1_RVT)                        0.134       0.282 r
  u_btb_ram/U12/Y (INVX2_RVT)                                  0.06       0.342 f
  u_btb_ram/U34/Y (NAND2X1_RVT)                                0.077       0.419 r
  u_btb_decode/U07/Y (AOI22X1_RVT)                                0.106       0.525 f
  u_btb_decode/U19/Y (OAI21X1_RVT)                                0.09       0.615 r
  u_btb_mux/U03/Y (MUX21X1_RVT)                                0.069       0.684 r
  u_btb_mux/U11/Y (AND2X1_RVT)                                 0.046       0.73 f
  u_btb_mux/U22/Y (NOR2X1_RVT)                                 0.059       0.789 r
  u_btb_ctrl/U05/Y (BUFX4_RVT)                                  0.07       0.859 r
  u_btb_ctrl/dout_reg[0]/D (DFFARX1_RVT)                        0.054      0.913 f
  data arrival time                                                    0.913

  clock CLK_CORE (rise edge)                                  2     2
  clock network delay (propagated)                        0.148      2.148
  clock uncertainty                                      -0.05   2.098
  u_btb_ctrl/dout_reg[0]/CK (DFFARX1_RVT)                       0.000       2.098 r
  library setup time                                     -0.076   2.022
  data required time                                                   2.022
  -------------------------------------------------------------------------
  data required time                                                   2.022
  data arrival time                                                   -0.913
  -------------------------------------------------------------------------
  slack (MET)   1.109


=========================================================================
                   BTB_TOP — TIMING SUMMARY
=========================================================================

  Block        : BTB_TOP
  Corner       : ss_0p72v_0p72v_n40c
  Check        : max  (Cold Setup      — Slow corner, cold temp)
  Clock        : CLK_CORE  Period = 2 ns  (500 MHz)
  Technology   : SAED 32nm RVT

  ┌────────────────────────────────────────────────────────────────┐
  │ Sub-Unit      WNS (ns)  TNS (ns)  #Viol   WHS (ns)  #HViol  │
  ├────────────────────────────────────────────────────────────────┤
  │ u_btb_ram          1.109       0        0      0.103        0     │
  │ u_btb_decode          0.102       0        0      0.082        0     │
  │ u_btb_mux          0.053       0        0      0.108        0     │
  │ u_btb_ctrl          0.084       0        0      0.079        0     │
  ├────────────────────────────────────────────────────────────────┤
  │ BTB_TOP  1.109       0        0      0.103        0     │
  └────────────────────────────────────────────────────────────────┘

  Status : ALL PATHS CLEAN — No Setup or Hold Violations


=========================================================================
                   TIMING EXCEPTIONS APPLIED
=========================================================================

  set_false_path -from [get_ports SCAN_EN]      -to [all_registers]
  set_false_path -from [get_ports TEST_MODE]     -to [all_registers]
  set_multicycle_path 2 -setup -from [get_cells u_btb_ram/*] -to [get_cells u_btb_ctrl/*]
  set_multicycle_path 1 -hold  -from [get_cells u_btb_ram/*] -to [get_cells u_btb_ctrl/*]
  set_input_delay  0.400 -clock CLK_CORE -max [all_inputs]
  set_output_delay 0.350 -clock CLK_CORE -max [all_outputs]


=========================================================================
                   CLOCK DOMAIN SUMMARY
=========================================================================

  Clock    : CLK_CORE
  Period   : 2 ns
  Waveform : {0.000 1}
  Skew     : 0.02 ns  (max across BTB_TOP)
  Latency  : 0.148 ns  (max)


=========================================================================
                   CONSTRAINT COVERAGE
=========================================================================

  Total register endpoints   : 1392
  Constrained endpoints      : 5986
  Unconstrained endpoints    :      0
  Coverage                   :  100.0%


=========================================================================
                   TOOL / RUN INFORMATION
=========================================================================

  Tool         : Synopsys PrimeTime 2023.06-SP3
  Run Host     : sta-server-01
  Run Dir      : /proj/cpu_rtl/sta/FETCH/BPU/BTB/run_ss_0p72v_0p72v_n40c
  SDC File     : /proj/cpu_rtl/constraints/BTB_TOP.sdc
  Netlist      : /proj/cpu_rtl/netlist/BTB_TOP.v.gz
  SPEF File    : /proj/cpu_rtl/spef/BTB_TOP.spef.gz
  Liberty      : saed32nm_rvt_ss_0p72v_0p72v_n40c.db
  Elapsed Time : 00:05:50
  Peak Memory  : 3.319 GB

=========================================================================
End of Report
=========================================================================
