****************************************
Report : timing
        -path_type full
        -delay_type max
        -max_paths 10
        -sort_by slack
Design : BTB_TOP
Version: PrimeTime 2023.06-SP3
Date   : Sat Aug 15 17:34:53 2026
Corner : ss_0p63v_0p63v_125c
Note   : Low-Vdd Setup   — Ultra-low voltage corner
****************************************

Operating Conditions : ss_0p63v_0p63v_125c (Library: saed32nm_rvt)
Wire Load Model Mode : Interconnect (StarRC Extracted)

  Startpoint : u_btb_ram/din_reg[0]
               (rising edge-triggered flip-flop clocked by CLK_CORE)
  Endpoint   : u_btb_ctrl/dout_reg[0]
               (rising edge-triggered flip-flop clocked by CLK_CORE)
  Path Group : CLK_CORE
  Path Type  : max

  Point                                                   Incr        Path
  -------------------------------------------------------------------------
  clock CLK_CORE (rise edge)                                  0.000       0.000
  clock network delay (propagated)                        0.156      0.156
  u_btb_ram/din_reg[0]/CK (DFFARX1_RVT)                        0.000       0.156 r
  u_btb_ram/din_reg[0]/Q  (DFFARX1_RVT)                        0.143       0.299 r
  u_btb_ram/U12/Y (INVX2_RVT)                                  0.041       0.34 f
  u_btb_ram/U34/Y (NAND2X1_RVT)                                0.078       0.418 r
  u_btb_decode/U07/Y (AOI22X1_RVT)                                0.096       0.514 f
  u_btb_decode/U19/Y (OAI21X1_RVT)                                0.093       0.607 r
  u_btb_mux/U03/Y (MUX21X1_RVT)                                0.099       0.706 r
  u_btb_mux/U11/Y (AND2X1_RVT)                                 0.051       0.757 f
  u_btb_mux/U22/Y (NOR2X1_RVT)                                 0.072       0.829 r
  u_btb_ctrl/U05/Y (BUFX4_RVT)                                  0.068       0.897 r
  u_btb_ctrl/dout_reg[0]/D (DFFARX1_RVT)                        0.069      0.966 f
  data arrival time                                                    0.966

  clock CLK_CORE (rise edge)                                  2     2
  clock network delay (propagated)                        0.156      2.156
  clock uncertainty                                      -0.05   2.106
  u_btb_ctrl/dout_reg[0]/CK (DFFARX1_RVT)                       0.000       2.106 r
  library setup time                                     -0.072   2.034
  data required time                                                   2.034
  -------------------------------------------------------------------------
  data required time                                                   2.034
  data arrival time                                                   -0.966
  -------------------------------------------------------------------------
  slack (MET)   1.068


=========================================================================
                   BTB_TOP — TIMING SUMMARY
=========================================================================

  Block        : BTB_TOP
  Corner       : ss_0p63v_0p63v_125c
  Check        : max  (Low-Vdd Setup   — Ultra-low voltage corner)
  Clock        : CLK_CORE  Period = 2 ns  (500 MHz)
  Technology   : SAED 32nm RVT

  ┌────────────────────────────────────────────────────────────────┐
  │ Sub-Unit      WNS (ns)  TNS (ns)  #Viol   WHS (ns)  #HViol  │
  ├────────────────────────────────────────────────────────────────┤
  │ u_btb_ram          1.068       0        0      0.115        0     │
  │ u_btb_decode          0.154       0        0      0.07        0     │
  │ u_btb_mux          0.079       0        0      0.062        0     │
  │ u_btb_ctrl          0.152       0        0      0.098        0     │
  ├────────────────────────────────────────────────────────────────┤
  │ BTB_TOP  1.068       0        0      0.115        0     │
  └────────────────────────────────────────────────────────────────┘

  Status : ALL PATHS CLEAN — No Setup or Hold Violations


=========================================================================
                   TIMING EXCEPTIONS APPLIED
=========================================================================

  set_false_path -from [get_ports SCAN_EN]      -to [all_registers]
  set_false_path -from [get_ports TEST_MODE]     -to [all_registers]
  set_multicycle_path 2 -setup -from [get_cells u_btb_ram/*] -to [get_cells u_btb_ctrl/*]
  set_multicycle_path 1 -hold  -from [get_cells u_btb_ram/*] -to [get_cells u_btb_ctrl/*]
  set_input_delay  0.400 -clock CLK_CORE -max [all_inputs]
  set_output_delay 0.350 -clock CLK_CORE -max [all_outputs]


=========================================================================
                   CLOCK DOMAIN SUMMARY
=========================================================================

  Clock    : CLK_CORE
  Period   : 2 ns
  Waveform : {0.000 1}
  Skew     : 0.016 ns  (max across BTB_TOP)
  Latency  : 0.156 ns  (max)


=========================================================================
                   CONSTRAINT COVERAGE
=========================================================================

  Total register endpoints   : 1773
  Constrained endpoints      : 5860
  Unconstrained endpoints    :      0
  Coverage                   :  100.0%


=========================================================================
                   TOOL / RUN INFORMATION
=========================================================================

  Tool         : Synopsys PrimeTime 2023.06-SP3
  Run Host     : sta-server-01
  Run Dir      : /proj/cpu_rtl/sta/FETCH/BPU/BTB/run_ss_0p63v_0p63v_125c
  SDC File     : /proj/cpu_rtl/constraints/BTB_TOP.sdc
  Netlist      : /proj/cpu_rtl/netlist/BTB_TOP.v.gz
  SPEF File    : /proj/cpu_rtl/spef/BTB_TOP.spef.gz
  Liberty      : saed32nm_rvt_ss_0p63v_0p63v_125c.db
  Elapsed Time : 00:07:44
  Peak Memory  : 3.838 GB

=========================================================================
End of Report
=========================================================================
