****************************************
Report : timing
        -path_type full
        -delay_type max
        -max_paths 10
        -sort_by slack
Design : BTB_TOP
Version: PrimeTime 2023.06-SP3
Date   : Sat Aug 15 17:34:53 2026
Corner : tt_0p90v_0p90v_25c
Note   : Clock Gating Check — Nominal corner
****************************************

Operating Conditions : tt_0p90v_0p90v_25c (Library: saed32nm_rvt)
Wire Load Model Mode : Interconnect (StarRC Extracted)

  Startpoint : u_btb_ram/din_reg[0]
               (rising edge-triggered flip-flop clocked by CLK_CORE)
  Endpoint   : u_btb_ctrl/dout_reg[0]
               (rising edge-triggered flip-flop clocked by CLK_CORE)
  Path Group : CLK_CORE
  Path Type  : max

  Point                                                   Incr        Path
  -------------------------------------------------------------------------
  clock CLK_CORE (rise edge)                                  0.000       0.000
  clock network delay (propagated)                        0.161      0.161
  u_btb_ram/din_reg[0]/CK (DFFARX1_RVT)                        0.000       0.161 r
  u_btb_ram/din_reg[0]/Q  (DFFARX1_RVT)                        0.122       0.283 r
  u_btb_ram/U12/Y (INVX2_RVT)                                  0.032       0.315 f
  u_btb_ram/U34/Y (NAND2X1_RVT)                                0.062       0.377 r
  u_btb_decode/U07/Y (AOI22X1_RVT)                                0.072       0.449 f
  u_btb_decode/U19/Y (OAI21X1_RVT)                                0.093       0.542 r
  u_btb_mux/U03/Y (MUX21X1_RVT)                                0.096       0.638 r
  u_btb_mux/U11/Y (AND2X1_RVT)                                 0.075       0.713 f
  u_btb_mux/U22/Y (NOR2X1_RVT)                                 0.051       0.764 r
  u_btb_ctrl/U05/Y (BUFX4_RVT)                                  0.073       0.837 r
  u_btb_ctrl/dout_reg[0]/D (DFFARX1_RVT)                        0.071      0.908 f
  data arrival time                                                    0.908

  clock CLK_CORE (rise edge)                                  2     2
  clock network delay (propagated)                        0.161      2.161
  clock uncertainty                                      -0.05   2.111
  u_btb_ctrl/dout_reg[0]/CK (DFFARX1_RVT)                       0.000       2.111 r
  library setup time                                     -0.084   2.027
  data required time                                                   2.027
  -------------------------------------------------------------------------
  data required time                                                   2.027
  data arrival time                                                   -0.908
  -------------------------------------------------------------------------
  slack (MET)   1.119


=========================================================================
                   BTB_TOP — TIMING SUMMARY
=========================================================================

  Block        : BTB_TOP
  Corner       : tt_0p90v_0p90v_25c
  Check        : max  (Clock Gating Check — Nominal corner)
  Clock        : CLK_CORE  Period = 2 ns  (500 MHz)
  Technology   : SAED 32nm RVT

  ┌────────────────────────────────────────────────────────────────┐
  │ Sub-Unit      WNS (ns)  TNS (ns)  #Viol   WHS (ns)  #HViol  │
  ├────────────────────────────────────────────────────────────────┤
  │ u_btb_ram          1.119       0        0      0.117        0     │
  │ u_btb_decode          0.144       0        0      0.091        0     │
  │ u_btb_mux          0.092       0        0      0.111        0     │
  │ u_btb_ctrl          0.162       0        0      0.063        0     │
  ├────────────────────────────────────────────────────────────────┤
  │ BTB_TOP  1.119       0        0      0.117        0     │
  └────────────────────────────────────────────────────────────────┘

  Status : ALL PATHS CLEAN — No Setup or Hold Violations


=========================================================================
                   TIMING EXCEPTIONS APPLIED
=========================================================================

  set_false_path -from [get_ports SCAN_EN]      -to [all_registers]
  set_false_path -from [get_ports TEST_MODE]     -to [all_registers]
  set_multicycle_path 2 -setup -from [get_cells u_btb_ram/*] -to [get_cells u_btb_ctrl/*]
  set_multicycle_path 1 -hold  -from [get_cells u_btb_ram/*] -to [get_cells u_btb_ctrl/*]
  set_input_delay  0.400 -clock CLK_CORE -max [all_inputs]
  set_output_delay 0.350 -clock CLK_CORE -max [all_outputs]


=========================================================================
                   CLOCK DOMAIN SUMMARY
=========================================================================

  Clock    : CLK_CORE
  Period   : 2 ns
  Waveform : {0.000 1}
  Skew     : 0.028 ns  (max across BTB_TOP)
  Latency  : 0.161 ns  (max)


=========================================================================
                   CONSTRAINT COVERAGE
=========================================================================

  Total register endpoints   : 2566
  Constrained endpoints      : 2915
  Unconstrained endpoints    :      0
  Coverage                   :  100.0%


=========================================================================
                   TOOL / RUN INFORMATION
=========================================================================

  Tool         : Synopsys PrimeTime 2023.06-SP3
  Run Host     : sta-server-01
  Run Dir      : /proj/cpu_rtl/sta/FETCH/BPU/BTB/run_tt_0p90v_0p90v_25c
  SDC File     : /proj/cpu_rtl/constraints/BTB_TOP.sdc
  Netlist      : /proj/cpu_rtl/netlist/BTB_TOP.v.gz
  SPEF File    : /proj/cpu_rtl/spef/BTB_TOP.spef.gz
  Liberty      : saed32nm_rvt_tt_0p90v_0p90v_25c.db
  Elapsed Time : 00:02:24
  Peak Memory  : 2.235 GB

=========================================================================
End of Report
=========================================================================
