================================================================================
  STA TOP-LEVEL DUMP LOG  —  PD_STA_REPORTS
================================================================================

  Root Directory   : D:\Certificates\PD_STA_REPORTS
  Parsed At        : 2026-08-15T19:15:04
  Total Blocks     : 4
  Total Reports    : 44


AGGREGATE SUMMARY
----------------------------------------
  Overall Status   : MET
  Worst WNS  (ns)  : 0.000
  Worst TNS  (ns)  : 0.000
  Worst WHS  (ns)  : 0.000
  Total Violations : 0

BY PIPELINE STAGE
----------------------------------------
  Stage                   Owner            #       WNS       TNS       WHS  STATUS
  ──────────────────────  ────────────  ────  ────────  ────────  ────────  ──────────
  COMMIT                  MTO_User8        4     0.000     0.000     0.000  MET

BY CORNER
----------------------------------------
  Name                                              #       WNS       TNS       WHS  STATUS
  ─────────────────────────────────────────────  ────  ────────  ────────  ────────  ──────────
  N/A                                               4     0.000     0.000     0.000  MET
  ff_1p16v_1p16v_125c                               4     1.067     0.000     0.070  MET
  ff_1p16v_1p16v_n40c                               4     1.073     0.000     0.063  MET
  ss_0p63v_0p63v_125c                               4     1.053     0.000     0.061  MET
  ss_0p72v_0p72v_125c                               8     1.065     0.000     0.061  MET
  ss_0p72v_0p72v_n40c                               4     1.117     0.000     0.101  MET
  tt_0p90v_0p90v_25c                               16     1.068     0.000     0.062  MET

BY CHECK TYPE
----------------------------------------
  Name                                              #       WNS       TNS       WHS  STATUS
  ─────────────────────────────────────────────  ────  ────────  ────────  ────────  ──────────
  N/A                                               4     0.000     0.000     0.000  MET
  hold                                             12     1.067     0.000     0.062  MET
  setup                                            28     1.053     0.000     0.061  MET

PER-BLOCK SUMMARY
----------------------------------------
  Block                                          Design                  Rpts       WNS       TNS       WHS  STATUS      Owner
  ─────────────────────────────────────────────  ──────────────────────  ────  ────────  ────────  ────────  ──────────  ────────────
  COMMIT\ARF                                     ARF_TOP                   11     0.000     0.000     0.000  MET         User43
  COMMIT\EXCEPTION_HANDLER                       EXCEPTION_HANDLER_TOP     11     0.000     0.000     0.000  MET         User44
  COMMIT\RETIRE_QUEUE                            RETIRE_QUEUE_TOP          11     0.000     0.000     0.000  MET         User45
  COMMIT\ROB_COMMIT                              ROB_COMMIT_TOP            11     0.000     0.000     0.000  MET         User46

================================================================================
END OF TOP-LEVEL DUMP LOG
================================================================================