================================================================================
  STA BLOCK DUMP LOG  —  DECODE_QUEUE_TOP
================================================================================

  Block Directory : D:\Certificates\PD_STA_REPORTS\DECODE\DECODE_QUEUE
  Design          : DECODE_QUEUE_TOP
  Parsed At       : 2026-08-15T18:26:06
  Total Reports   : 11


AGGREGATE SUMMARY
----------------------------------------
  Overall Status   : MET
  Worst WNS  (ns)  : 0.000
  Worst TNS  (ns)  : 0.000
  Worst WHS  (ns)  : 0.000
  Best  WNS  (ns)  : 1.138
  Total Violations : 0

BY CORNER
----------------------------------------
  Name                                              #       WNS       TNS       WHS  STATUS
  ─────────────────────────────────────────────  ────  ────────  ────────  ────────  ──────────
  N/A                                               1     0.000     0.000     0.000  MET
  ff_1p16v_1p16v_125c                               1     1.105     0.000     0.061  MET
  ff_1p16v_1p16v_n40c                               1     1.097     0.000     0.072  MET
  ss_0p63v_0p63v_125c                               1     1.129     0.000     0.096  MET
  ss_0p72v_0p72v_125c                               2     1.136     0.000     0.075  MET
  ss_0p72v_0p72v_n40c                               1     1.103     0.000     0.065  MET
  tt_0p90v_0p90v_25c                                4     1.009     0.000     0.066  MET

BY CHECK TYPE
----------------------------------------
  Name                                              #       WNS       TNS       WHS  STATUS
  ─────────────────────────────────────────────  ────  ────────  ────────  ────────  ──────────
  N/A                                               1     0.000     0.000     0.000  MET
  hold                                              3     1.097     0.000     0.061  MET
  setup                                             7     1.009     0.000     0.065  MET

PER-REPORT DETAIL
----------------------------------------
  File     : 01_SETUP_SS_125C_DECODE_QUEUE_TOP.rpt
  Design   : DECODE_QUEUE_TOP      Corner : ss_0p72v_0p72v_125c
  Check    : setup       Clock  : CLK_CORE  Period = 2.0 ns  (500.0 MHz)
  WNS      :   +1.136 ns   TNS :   +0.000 ns   WHS :   +0.075 ns
  Slack    :   +1.136 ns   Status : MET
  Status   : ALL PATHS CLEAN — No Setup or Hold Violations
  Coverage : 100.0%   Endpoints : 3432 / 1414
  Tool     : Synopsys PrimeTime 2023.06-SP3
  Runtime  : 00:08:37         Memory : 2.76 GB
  Run Dir  : /proj/cpu_rtl/sta/DECODE/DECODE_QUEUE/run_ss_0p72v_0p72v_125c

  File     : 02_HOLD_FF_N40C_DECODE_QUEUE_TOP.rpt
  Design   : DECODE_QUEUE_TOP      Corner : ff_1p16v_1p16v_n40c
  Check    : hold        Clock  : CLK_CORE  Period = 2.0 ns  (500.0 MHz)
  WNS      :   +1.097 ns   TNS :   +0.000 ns   WHS :   +0.072 ns
  Slack    :   +1.097 ns   Status : MET
  Status   : ALL PATHS CLEAN — No Setup or Hold Violations
  Coverage : 100.0%   Endpoints : 4744 / 1585
  Tool     : Synopsys PrimeTime 2023.06-SP3
  Runtime  : 00:01:44         Memory : 1.603 GB
  Run Dir  : /proj/cpu_rtl/sta/DECODE/DECODE_QUEUE/run_ff_1p16v_1p16v_n40c

  File     : 03_SETUP_TT_25C_DECODE_QUEUE_TOP.rpt
  Design   : DECODE_QUEUE_TOP      Corner : tt_0p90v_0p90v_25c
  Check    : setup       Clock  : CLK_CORE  Period = 2.0 ns  (500.0 MHz)
  WNS      :   +1.127 ns   TNS :   +0.000 ns   WHS :   +0.083 ns
  Slack    :   +1.127 ns   Status : MET
  Status   : ALL PATHS CLEAN — No Setup or Hold Violations
  Coverage : 100.0%   Endpoints : 1237 / 4438
  Tool     : Synopsys PrimeTime 2023.06-SP3
  Runtime  : 00:05:12         Memory : 1.359 GB
  Run Dir  : /proj/cpu_rtl/sta/DECODE/DECODE_QUEUE/run_tt_0p90v_0p90v_25c

  File     : 04_HOLD_TT_25C_DECODE_QUEUE_TOP.rpt
  Design   : DECODE_QUEUE_TOP      Corner : tt_0p90v_0p90v_25c
  Check    : hold        Clock  : CLK_CORE  Period = 2.0 ns  (500.0 MHz)
  WNS      :   +1.101 ns   TNS :   +0.000 ns   WHS :   +0.080 ns
  Slack    :   +1.101 ns   Status : MET
  Status   : ALL PATHS CLEAN — No Setup or Hold Violations
  Coverage : 100.0%   Endpoints : 4591 / 5472
  Tool     : Synopsys PrimeTime 2023.06-SP3
  Runtime  : 00:07:29         Memory : 4.278 GB
  Run Dir  : /proj/cpu_rtl/sta/DECODE/DECODE_QUEUE/run_tt_0p90v_0p90v_25c

  File     : 05_SETUP_SS_M40C_DECODE_QUEUE_TOP.rpt
  Design   : DECODE_QUEUE_TOP      Corner : ss_0p72v_0p72v_n40c
  Check    : setup       Clock  : CLK_CORE  Period = 2.0 ns  (500.0 MHz)
  WNS      :   +1.103 ns   TNS :   +0.000 ns   WHS :   +0.065 ns
  Slack    :   +1.103 ns   Status : MET
  Status   : ALL PATHS CLEAN — No Setup or Hold Violations
  Coverage : 100.0%   Endpoints : 1941 / 5150
  Tool     : Synopsys PrimeTime 2023.06-SP3
  Runtime  : 00:05:45         Memory : 1.426 GB
  Run Dir  : /proj/cpu_rtl/sta/DECODE/DECODE_QUEUE/run_ss_0p72v_0p72v_n40c

  File     : 06_HOLD_FF_125C_DECODE_QUEUE_TOP.rpt
  Design   : DECODE_QUEUE_TOP      Corner : ff_1p16v_1p16v_125c
  Check    : hold        Clock  : CLK_CORE  Period = 2.0 ns  (500.0 MHz)
  WNS      :   +1.105 ns   TNS :   +0.000 ns   WHS :   +0.061 ns
  Slack    :   +1.105 ns   Status : MET
  Status   : ALL PATHS CLEAN — No Setup or Hold Violations
  Coverage : 100.0%   Endpoints : 2119 / 4220
  Tool     : Synopsys PrimeTime 2023.06-SP3
  Runtime  : 00:01:12         Memory : 2.989 GB
  Run Dir  : /proj/cpu_rtl/sta/DECODE/DECODE_QUEUE/run_ff_1p16v_1p16v_125c

  File     : 07_SETUP_LVSS_125C_DECODE_QUEUE_TOP.rpt
  Design   : DECODE_QUEUE_TOP      Corner : ss_0p63v_0p63v_125c
  Check    : setup       Clock  : CLK_CORE  Period = 2.0 ns  (500.0 MHz)
  WNS      :   +1.129 ns   TNS :   +0.000 ns   WHS :   +0.096 ns
  Slack    :   +1.129 ns   Status : MET
  Status   : ALL PATHS CLEAN — No Setup or Hold Violations
  Coverage : 100.0%   Endpoints : 3413 / 4595
  Tool     : Synopsys PrimeTime 2023.06-SP3
  Runtime  : 00:02:26         Memory : 2.142 GB
  Run Dir  : /proj/cpu_rtl/sta/DECODE/DECODE_QUEUE/run_ss_0p63v_0p63v_125c

  File     : 08_CG_CHECK_TT_25C_DECODE_QUEUE_TOP.rpt
  Design   : DECODE_QUEUE_TOP      Corner : tt_0p90v_0p90v_25c
  Check    : setup       Clock  : CLK_CORE  Period = 2.0 ns  (500.0 MHz)
  WNS      :   +1.082 ns   TNS :   +0.000 ns   WHS :   +0.066 ns
  Slack    :   +1.082 ns   Status : MET
  Status   : ALL PATHS CLEAN — No Setup or Hold Violations
  Coverage : 100.0%   Endpoints : 2777 / 2693
  Tool     : Synopsys PrimeTime 2023.06-SP3
  Runtime  : 00:06:17         Memory : 1.723 GB
  Run Dir  : /proj/cpu_rtl/sta/DECODE/DECODE_QUEUE/run_tt_0p90v_0p90v_25c

  File     : 09_RECOVERY_SS_125C_DECODE_QUEUE_TOP.rpt
  Design   : DECODE_QUEUE_TOP      Corner : ss_0p72v_0p72v_125c
  Check    : setup       Clock  : CLK_CORE  Period = 2.0 ns  (500.0 MHz)
  WNS      :   +1.138 ns   TNS :   +0.000 ns   WHS :   +0.106 ns
  Slack    :   +1.138 ns   Status : MET
  Status   : ALL PATHS CLEAN — No Setup or Hold Violations
  Coverage : 100.0%   Endpoints : 4442 / 1095
  Tool     : Synopsys PrimeTime 2023.06-SP3
  Runtime  : 00:08:57         Memory : 4.389 GB
  Run Dir  : /proj/cpu_rtl/sta/DECODE/DECODE_QUEUE/run_ss_0p72v_0p72v_125c

  File     : 10_MULTICYCLE_TT_25C_DECODE_QUEUE_TOP.rpt
  Design   : DECODE_QUEUE_TOP      Corner : tt_0p90v_0p90v_25c
  Check    : setup       Clock  : CLK_CORE  Period = 2.0 ns  (500.0 MHz)
  WNS      :   +1.009 ns   TNS :   +0.000 ns   WHS :   +0.108 ns
  Slack    :   +1.009 ns   Status : MET
  Status   : ALL PATHS CLEAN — No Setup or Hold Violations
  Coverage : 100.0%   Endpoints : 4010 / 4525
  Tool     : Synopsys PrimeTime 2023.06-SP3
  Runtime  : 00:01:53         Memory : 3.056 GB
  Run Dir  : /proj/cpu_rtl/sta/DECODE/DECODE_QUEUE/run_tt_0p90v_0p90v_25c

  File     : DECODE_QUEUE_TIMING.rpt
  Design   : N/A                   Corner : N/A
  Check    : N/A         Clock  : N/A  Period = 0.0 ns  (0.0 MHz)
  WNS      :   +0.000 ns   TNS :   +0.000 ns   WHS :   +0.000 ns
  Slack    :   +0.000 ns   Status : UNKNOWN
  Status   : N/A
  Coverage : 0.0%   Endpoints : 0 / 0
  Tool     : N/A
  Runtime  : N/A              Memory : N/A
  Run Dir  : N/A


================================================================================
END OF BLOCK DUMP LOG
================================================================================