****************************************
Report : timing
        -path_type full
        -delay_type max
        -max_paths 10
        -sort_by slack
Design : SIMD_VEC_TOP
Version: PrimeTime 2023.06-SP3
Date   : Sat Aug 15 17:34:53 2026
Corner : ss_0p72v_0p72v_n40c
Note   : Cold Setup      — Slow corner, cold temp
****************************************

Operating Conditions : ss_0p72v_0p72v_n40c (Library: saed32nm_rvt)
Wire Load Model Mode : Interconnect (StarRC Extracted)

  Startpoint : u_vec_add/din_reg[0]
               (rising edge-triggered flip-flop clocked by CLK_CORE)
  Endpoint   : u_vec_perm/dout_reg[0]
               (rising edge-triggered flip-flop clocked by CLK_CORE)
  Path Group : CLK_CORE
  Path Type  : max

  Point                                                   Incr        Path
  -------------------------------------------------------------------------
  clock CLK_CORE (rise edge)                                  0.000       0.000
  clock network delay (propagated)                        0.144      0.144
  u_vec_add/din_reg[0]/CK (DFFARX1_RVT)                        0.000       0.144 r
  u_vec_add/din_reg[0]/Q  (DFFARX1_RVT)                        0.11       0.254 r
  u_vec_add/U12/Y (INVX2_RVT)                                  0.056       0.31 f
  u_vec_add/U34/Y (NAND2X1_RVT)                                0.062       0.372 r
  u_vec_mul/U07/Y (AOI22X1_RVT)                                0.088       0.46 f
  u_vec_mul/U19/Y (OAI21X1_RVT)                                0.112       0.572 r
  u_vec_shf/U03/Y (MUX21X1_RVT)                                0.061       0.633 r
  u_vec_shf/U11/Y (AND2X1_RVT)                                 0.059       0.692 f
  u_vec_shf/U22/Y (NOR2X1_RVT)                                 0.061       0.753 r
  u_vec_perm/U05/Y (BUFX4_RVT)                                  0.088       0.841 r
  u_vec_perm/dout_reg[0]/D (DFFARX1_RVT)                        0.069      0.91 f
  data arrival time                                                    0.91

  clock CLK_CORE (rise edge)                                  2     2
  clock network delay (propagated)                        0.144      2.144
  clock uncertainty                                      -0.05   2.094
  u_vec_perm/dout_reg[0]/CK (DFFARX1_RVT)                       0.000       2.094 r
  library setup time                                     -0.074   2.02
  data required time                                                   2.02
  -------------------------------------------------------------------------
  data required time                                                   2.02
  data arrival time                                                   -0.91
  -------------------------------------------------------------------------
  slack (MET)   1.11


=========================================================================
                   SIMD_VEC_TOP — TIMING SUMMARY
=========================================================================

  Block        : SIMD_VEC_TOP
  Corner       : ss_0p72v_0p72v_n40c
  Check        : max  (Cold Setup      — Slow corner, cold temp)
  Clock        : CLK_CORE  Period = 2 ns  (500 MHz)
  Technology   : SAED 32nm RVT

  ┌────────────────────────────────────────────────────────────────┐
  │ Sub-Unit      WNS (ns)  TNS (ns)  #Viol   WHS (ns)  #HViol  │
  ├────────────────────────────────────────────────────────────────┤
  │ u_vec_add          1.11       0        0      0.093        0     │
  │ u_vec_mul          0.18       0        0      0.129        0     │
  │ u_vec_shf          0.165       0        0      0.094        0     │
  │ u_vec_perm          0.056       0        0      0.107        0     │
  ├────────────────────────────────────────────────────────────────┤
  │ SIMD_VEC_TOP  1.11       0        0      0.093        0     │
  └────────────────────────────────────────────────────────────────┘

  Status : ALL PATHS CLEAN — No Setup or Hold Violations


=========================================================================
                   TIMING EXCEPTIONS APPLIED
=========================================================================

  set_false_path -from [get_ports SCAN_EN]      -to [all_registers]
  set_false_path -from [get_ports TEST_MODE]     -to [all_registers]
  set_multicycle_path 2 -setup -from [get_cells u_vec_add/*] -to [get_cells u_vec_perm/*]
  set_multicycle_path 1 -hold  -from [get_cells u_vec_add/*] -to [get_cells u_vec_perm/*]
  set_input_delay  0.400 -clock CLK_CORE -max [all_inputs]
  set_output_delay 0.350 -clock CLK_CORE -max [all_outputs]


=========================================================================
                   CLOCK DOMAIN SUMMARY
=========================================================================

  Clock    : CLK_CORE
  Period   : 2 ns
  Waveform : {0.000 1}
  Skew     : 0.021 ns  (max across SIMD_VEC_TOP)
  Latency  : 0.144 ns  (max)


=========================================================================
                   CONSTRAINT COVERAGE
=========================================================================

  Total register endpoints   : 4476
  Constrained endpoints      : 2911
  Unconstrained endpoints    :      0
  Coverage                   :  100.0%


=========================================================================
                   TOOL / RUN INFORMATION
=========================================================================

  Tool         : Synopsys PrimeTime 2023.06-SP3
  Run Host     : sta-server-01
  Run Dir      : /proj/cpu_rtl/sta/EXECUTE/SIMD_VEC/run_ss_0p72v_0p72v_n40c
  SDC File     : /proj/cpu_rtl/constraints/SIMD_VEC_TOP.sdc
  Netlist      : /proj/cpu_rtl/netlist/SIMD_VEC_TOP.v.gz
  SPEF File    : /proj/cpu_rtl/spef/SIMD_VEC_TOP.spef.gz
  Liberty      : saed32nm_rvt_ss_0p72v_0p72v_n40c.db
  Elapsed Time : 00:01:14
  Peak Memory  : 4.164 GB

=========================================================================
End of Report
=========================================================================
