****************************************
Report : timing
        -path_type full
        -delay_type max
        -max_paths 10
        -sort_by slack
Design : SIMD_VEC_TOP
Version: PrimeTime 2023.06-SP3
Date   : Sat Aug 15 17:34:53 2026
Corner : ss_0p63v_0p63v_125c
Note   : Low-Vdd Setup   — Ultra-low voltage corner
****************************************

Operating Conditions : ss_0p63v_0p63v_125c (Library: saed32nm_rvt)
Wire Load Model Mode : Interconnect (StarRC Extracted)

  Startpoint : u_vec_add/din_reg[0]
               (rising edge-triggered flip-flop clocked by CLK_CORE)
  Endpoint   : u_vec_perm/dout_reg[0]
               (rising edge-triggered flip-flop clocked by CLK_CORE)
  Path Group : CLK_CORE
  Path Type  : max

  Point                                                   Incr        Path
  -------------------------------------------------------------------------
  clock CLK_CORE (rise edge)                                  0.000       0.000
  clock network delay (propagated)                        0.15      0.15
  u_vec_add/din_reg[0]/CK (DFFARX1_RVT)                        0.000       0.15 r
  u_vec_add/din_reg[0]/Q  (DFFARX1_RVT)                        0.129       0.279 r
  u_vec_add/U12/Y (INVX2_RVT)                                  0.042       0.321 f
  u_vec_add/U34/Y (NAND2X1_RVT)                                0.071       0.392 r
  u_vec_mul/U07/Y (AOI22X1_RVT)                                0.086       0.478 f
  u_vec_mul/U19/Y (OAI21X1_RVT)                                0.108       0.586 r
  u_vec_shf/U03/Y (MUX21X1_RVT)                                0.089       0.675 r
  u_vec_shf/U11/Y (AND2X1_RVT)                                 0.082       0.757 f
  u_vec_shf/U22/Y (NOR2X1_RVT)                                 0.05       0.807 r
  u_vec_perm/U05/Y (BUFX4_RVT)                                  0.064       0.871 r
  u_vec_perm/dout_reg[0]/D (DFFARX1_RVT)                        0.056      0.927 f
  data arrival time                                                    0.927

  clock CLK_CORE (rise edge)                                  2     2
  clock network delay (propagated)                        0.15      2.15
  clock uncertainty                                      -0.05   2.1
  u_vec_perm/dout_reg[0]/CK (DFFARX1_RVT)                       0.000       2.1 r
  library setup time                                     -0.075   2.025
  data required time                                                   2.025
  -------------------------------------------------------------------------
  data required time                                                   2.025
  data arrival time                                                   -0.927
  -------------------------------------------------------------------------
  slack (MET)   1.098


=========================================================================
                   SIMD_VEC_TOP — TIMING SUMMARY
=========================================================================

  Block        : SIMD_VEC_TOP
  Corner       : ss_0p63v_0p63v_125c
  Check        : max  (Low-Vdd Setup   — Ultra-low voltage corner)
  Clock        : CLK_CORE  Period = 2 ns  (500 MHz)
  Technology   : SAED 32nm RVT

  ┌────────────────────────────────────────────────────────────────┐
  │ Sub-Unit      WNS (ns)  TNS (ns)  #Viol   WHS (ns)  #HViol  │
  ├────────────────────────────────────────────────────────────────┤
  │ u_vec_add          1.098       0        0      0.108        0     │
  │ u_vec_mul          0.126       0        0      0.058        0     │
  │ u_vec_shf          0.127       0        0      0.088        0     │
  │ u_vec_perm          0.085       0        0      0.057        0     │
  ├────────────────────────────────────────────────────────────────┤
  │ SIMD_VEC_TOP  1.098       0        0      0.108        0     │
  └────────────────────────────────────────────────────────────────┘

  Status : ALL PATHS CLEAN — No Setup or Hold Violations


=========================================================================
                   TIMING EXCEPTIONS APPLIED
=========================================================================

  set_false_path -from [get_ports SCAN_EN]      -to [all_registers]
  set_false_path -from [get_ports TEST_MODE]     -to [all_registers]
  set_multicycle_path 2 -setup -from [get_cells u_vec_add/*] -to [get_cells u_vec_perm/*]
  set_multicycle_path 1 -hold  -from [get_cells u_vec_add/*] -to [get_cells u_vec_perm/*]
  set_input_delay  0.400 -clock CLK_CORE -max [all_inputs]
  set_output_delay 0.350 -clock CLK_CORE -max [all_outputs]


=========================================================================
                   CLOCK DOMAIN SUMMARY
=========================================================================

  Clock    : CLK_CORE
  Period   : 2 ns
  Waveform : {0.000 1}
  Skew     : 0.019 ns  (max across SIMD_VEC_TOP)
  Latency  : 0.15 ns  (max)


=========================================================================
                   CONSTRAINT COVERAGE
=========================================================================

  Total register endpoints   : 4368
  Constrained endpoints      : 1924
  Unconstrained endpoints    :      0
  Coverage                   :  100.0%


=========================================================================
                   TOOL / RUN INFORMATION
=========================================================================

  Tool         : Synopsys PrimeTime 2023.06-SP3
  Run Host     : sta-server-01
  Run Dir      : /proj/cpu_rtl/sta/EXECUTE/SIMD_VEC/run_ss_0p63v_0p63v_125c
  SDC File     : /proj/cpu_rtl/constraints/SIMD_VEC_TOP.sdc
  Netlist      : /proj/cpu_rtl/netlist/SIMD_VEC_TOP.v.gz
  SPEF File    : /proj/cpu_rtl/spef/SIMD_VEC_TOP.spef.gz
  Liberty      : saed32nm_rvt_ss_0p63v_0p63v_125c.db
  Elapsed Time : 00:07:40
  Peak Memory  : 2.671 GB

=========================================================================
End of Report
=========================================================================
