****************************************
Report : timing
        -path_type full
        -delay_type max
        -max_paths 10
        -sort_by slack
Design : SIMD_VEC_TOP
Version: PrimeTime 2023.06-SP3
Date   : Sat Aug 15 17:34:53 2026
Corner : tt_0p90v_0p90v_25c
Note   : Clock Gating Check — Nominal corner
****************************************

Operating Conditions : tt_0p90v_0p90v_25c (Library: saed32nm_rvt)
Wire Load Model Mode : Interconnect (StarRC Extracted)

  Startpoint : u_vec_add/din_reg[0]
               (rising edge-triggered flip-flop clocked by CLK_CORE)
  Endpoint   : u_vec_perm/dout_reg[0]
               (rising edge-triggered flip-flop clocked by CLK_CORE)
  Path Group : CLK_CORE
  Path Type  : max

  Point                                                   Incr        Path
  -------------------------------------------------------------------------
  clock CLK_CORE (rise edge)                                  0.000       0.000
  clock network delay (propagated)                        0.135      0.135
  u_vec_add/din_reg[0]/CK (DFFARX1_RVT)                        0.000       0.135 r
  u_vec_add/din_reg[0]/Q  (DFFARX1_RVT)                        0.121       0.256 r
  u_vec_add/U12/Y (INVX2_RVT)                                  0.053       0.309 f
  u_vec_add/U34/Y (NAND2X1_RVT)                                0.083       0.392 r
  u_vec_mul/U07/Y (AOI22X1_RVT)                                0.098       0.49 f
  u_vec_mul/U19/Y (OAI21X1_RVT)                                0.116       0.606 r
  u_vec_shf/U03/Y (MUX21X1_RVT)                                0.093       0.699 r
  u_vec_shf/U11/Y (AND2X1_RVT)                                 0.07       0.769 f
  u_vec_shf/U22/Y (NOR2X1_RVT)                                 0.035       0.804 r
  u_vec_perm/U05/Y (BUFX4_RVT)                                  0.085       0.889 r
  u_vec_perm/dout_reg[0]/D (DFFARX1_RVT)                        0.068      0.957 f
  data arrival time                                                    0.957

  clock CLK_CORE (rise edge)                                  2     2
  clock network delay (propagated)                        0.135      2.135
  clock uncertainty                                      -0.05   2.085
  u_vec_perm/dout_reg[0]/CK (DFFARX1_RVT)                       0.000       2.085 r
  library setup time                                     -0.068   2.017
  data required time                                                   2.017
  -------------------------------------------------------------------------
  data required time                                                   2.017
  data arrival time                                                   -0.957
  -------------------------------------------------------------------------
  slack (MET)   1.06


=========================================================================
                   SIMD_VEC_TOP — TIMING SUMMARY
=========================================================================

  Block        : SIMD_VEC_TOP
  Corner       : tt_0p90v_0p90v_25c
  Check        : max  (Clock Gating Check — Nominal corner)
  Clock        : CLK_CORE  Period = 2 ns  (500 MHz)
  Technology   : SAED 32nm RVT

  ┌────────────────────────────────────────────────────────────────┐
  │ Sub-Unit      WNS (ns)  TNS (ns)  #Viol   WHS (ns)  #HViol  │
  ├────────────────────────────────────────────────────────────────┤
  │ u_vec_add          1.06       0        0      0.075        0     │
  │ u_vec_mul          0.064       0        0      0.076        0     │
  │ u_vec_shf          0.194       0        0      0.117        0     │
  │ u_vec_perm          0.152       0        0      0.118        0     │
  ├────────────────────────────────────────────────────────────────┤
  │ SIMD_VEC_TOP  1.06       0        0      0.075        0     │
  └────────────────────────────────────────────────────────────────┘

  Status : ALL PATHS CLEAN — No Setup or Hold Violations


=========================================================================
                   TIMING EXCEPTIONS APPLIED
=========================================================================

  set_false_path -from [get_ports SCAN_EN]      -to [all_registers]
  set_false_path -from [get_ports TEST_MODE]     -to [all_registers]
  set_multicycle_path 2 -setup -from [get_cells u_vec_add/*] -to [get_cells u_vec_perm/*]
  set_multicycle_path 1 -hold  -from [get_cells u_vec_add/*] -to [get_cells u_vec_perm/*]
  set_input_delay  0.400 -clock CLK_CORE -max [all_inputs]
  set_output_delay 0.350 -clock CLK_CORE -max [all_outputs]


=========================================================================
                   CLOCK DOMAIN SUMMARY
=========================================================================

  Clock    : CLK_CORE
  Period   : 2 ns
  Waveform : {0.000 1}
  Skew     : 0.022 ns  (max across SIMD_VEC_TOP)
  Latency  : 0.135 ns  (max)


=========================================================================
                   CONSTRAINT COVERAGE
=========================================================================

  Total register endpoints   : 4943
  Constrained endpoints      : 4407
  Unconstrained endpoints    :      0
  Coverage                   :  100.0%


=========================================================================
                   TOOL / RUN INFORMATION
=========================================================================

  Tool         : Synopsys PrimeTime 2023.06-SP3
  Run Host     : sta-server-01
  Run Dir      : /proj/cpu_rtl/sta/EXECUTE/SIMD_VEC/run_tt_0p90v_0p90v_25c
  SDC File     : /proj/cpu_rtl/constraints/SIMD_VEC_TOP.sdc
  Netlist      : /proj/cpu_rtl/netlist/SIMD_VEC_TOP.v.gz
  SPEF File    : /proj/cpu_rtl/spef/SIMD_VEC_TOP.spef.gz
  Liberty      : saed32nm_rvt_tt_0p90v_0p90v_25c.db
  Elapsed Time : 00:01:55
  Peak Memory  : 3.063 GB

=========================================================================
End of Report
=========================================================================
