****************************************
Report : timing
        -path_type full
        -delay_type max
        -max_paths 10
        -sort_by slack
Design : SIMD_VEC_TOP
Version: PrimeTime 2023.06-SP3
Date   : Sat Aug 15 17:34:53 2026
Corner : tt_0p90v_0p90v_25c
Note   : Multicycle Path Check — 2-cycle paths
****************************************

Operating Conditions : tt_0p90v_0p90v_25c (Library: saed32nm_rvt)
Wire Load Model Mode : Interconnect (StarRC Extracted)

  Startpoint : u_vec_add/din_reg[0]
               (rising edge-triggered flip-flop clocked by CLK_CORE)
  Endpoint   : u_vec_perm/dout_reg[0]
               (rising edge-triggered flip-flop clocked by CLK_CORE)
  Path Group : CLK_CORE
  Path Type  : max

  Point                                                   Incr        Path
  -------------------------------------------------------------------------
  clock CLK_CORE (rise edge)                                  0.000       0.000
  clock network delay (propagated)                        0.149      0.149
  u_vec_add/din_reg[0]/CK (DFFARX1_RVT)                        0.000       0.149 r
  u_vec_add/din_reg[0]/Q  (DFFARX1_RVT)                        0.134       0.283 r
  u_vec_add/U12/Y (INVX2_RVT)                                  0.047       0.33 f
  u_vec_add/U34/Y (NAND2X1_RVT)                                0.063       0.393 r
  u_vec_mul/U07/Y (AOI22X1_RVT)                                0.082       0.475 f
  u_vec_mul/U19/Y (OAI21X1_RVT)                                0.112       0.587 r
  u_vec_shf/U03/Y (MUX21X1_RVT)                                0.089       0.676 r
  u_vec_shf/U11/Y (AND2X1_RVT)                                 0.068       0.744 f
  u_vec_shf/U22/Y (NOR2X1_RVT)                                 0.037       0.781 r
  u_vec_perm/U05/Y (BUFX4_RVT)                                  0.059       0.84 r
  u_vec_perm/dout_reg[0]/D (DFFARX1_RVT)                        0.052      0.892 f
  data arrival time                                                    0.892

  clock CLK_CORE (rise edge)                                  2     2
  clock network delay (propagated)                        0.149      2.149
  clock uncertainty                                      -0.05   2.099
  u_vec_perm/dout_reg[0]/CK (DFFARX1_RVT)                       0.000       2.099 r
  library setup time                                     -0.07   2.029
  data required time                                                   2.029
  -------------------------------------------------------------------------
  data required time                                                   2.029
  data arrival time                                                   -0.892
  -------------------------------------------------------------------------
  slack (MET)   1.137


=========================================================================
                   SIMD_VEC_TOP — TIMING SUMMARY
=========================================================================

  Block        : SIMD_VEC_TOP
  Corner       : tt_0p90v_0p90v_25c
  Check        : max  (Multicycle Path Check — 2-cycle paths)
  Clock        : CLK_CORE  Period = 2 ns  (500 MHz)
  Technology   : SAED 32nm RVT

  ┌────────────────────────────────────────────────────────────────┐
  │ Sub-Unit      WNS (ns)  TNS (ns)  #Viol   WHS (ns)  #HViol  │
  ├────────────────────────────────────────────────────────────────┤
  │ u_vec_add          1.137       0        0      0.113        0     │
  │ u_vec_mul          0.199       0        0      0.121        0     │
  │ u_vec_shf          0.157       0        0      0.117        0     │
  │ u_vec_perm          0.077       0        0      0.069        0     │
  ├────────────────────────────────────────────────────────────────┤
  │ SIMD_VEC_TOP  1.137       0        0      0.113        0     │
  └────────────────────────────────────────────────────────────────┘

  Status : ALL PATHS CLEAN — No Setup or Hold Violations


=========================================================================
                   TIMING EXCEPTIONS APPLIED
=========================================================================

  set_false_path -from [get_ports SCAN_EN]      -to [all_registers]
  set_false_path -from [get_ports TEST_MODE]     -to [all_registers]
  set_multicycle_path 2 -setup -from [get_cells u_vec_add/*] -to [get_cells u_vec_perm/*]
  set_multicycle_path 1 -hold  -from [get_cells u_vec_add/*] -to [get_cells u_vec_perm/*]
  set_input_delay  0.400 -clock CLK_CORE -max [all_inputs]
  set_output_delay 0.350 -clock CLK_CORE -max [all_outputs]


=========================================================================
                   CLOCK DOMAIN SUMMARY
=========================================================================

  Clock    : CLK_CORE
  Period   : 2 ns
  Waveform : {0.000 1}
  Skew     : 0.019 ns  (max across SIMD_VEC_TOP)
  Latency  : 0.149 ns  (max)


=========================================================================
                   CONSTRAINT COVERAGE
=========================================================================

  Total register endpoints   : 3668
  Constrained endpoints      : 2372
  Unconstrained endpoints    :      0
  Coverage                   :  100.0%


=========================================================================
                   TOOL / RUN INFORMATION
=========================================================================

  Tool         : Synopsys PrimeTime 2023.06-SP3
  Run Host     : sta-server-01
  Run Dir      : /proj/cpu_rtl/sta/EXECUTE/SIMD_VEC/run_tt_0p90v_0p90v_25c
  SDC File     : /proj/cpu_rtl/constraints/SIMD_VEC_TOP.sdc
  Netlist      : /proj/cpu_rtl/netlist/SIMD_VEC_TOP.v.gz
  SPEF File    : /proj/cpu_rtl/spef/SIMD_VEC_TOP.spef.gz
  Liberty      : saed32nm_rvt_tt_0p90v_0p90v_25c.db
  Elapsed Time : 00:02:11
  Peak Memory  : 1.625 GB

=========================================================================
End of Report
=========================================================================
