****************************************
Report : timing
        -path_type full
        -delay_type max
        -max_paths 10
        -sort_by slack
Design : RAT_TOP
Version: PrimeTime 2023.06-SP3
Date   : Sat Aug 15 17:34:53 2026
Corner : ss_0p72v_0p72v_125c
Note   : Worst-case Setup — Slow corner, high temp
****************************************

Operating Conditions : ss_0p72v_0p72v_125c (Library: saed32nm_rvt)
Wire Load Model Mode : Interconnect (StarRC Extracted)

  Startpoint : u_rat_rd/din_reg[0]
               (rising edge-triggered flip-flop clocked by CLK_CORE)
  Endpoint   : u_rat_chkpt/dout_reg[0]
               (rising edge-triggered flip-flop clocked by CLK_CORE)
  Path Group : CLK_CORE
  Path Type  : max

  Point                                                   Incr        Path
  -------------------------------------------------------------------------
  clock CLK_CORE (rise edge)                                  0.000       0.000
  clock network delay (propagated)                        0.151      0.151
  u_rat_rd/din_reg[0]/CK (DFFARX1_RVT)                        0.000       0.151 r
  u_rat_rd/din_reg[0]/Q  (DFFARX1_RVT)                        0.132       0.283 r
  u_rat_rd/U12/Y (INVX2_RVT)                                  0.037       0.32 f
  u_rat_rd/U34/Y (NAND2X1_RVT)                                0.075       0.395 r
  u_rat_wr/U07/Y (AOI22X1_RVT)                                0.102       0.497 f
  u_rat_wr/U19/Y (OAI21X1_RVT)                                0.109       0.606 r
  u_rat_map/U03/Y (MUX21X1_RVT)                                0.088       0.694 r
  u_rat_map/U11/Y (AND2X1_RVT)                                 0.047       0.741 f
  u_rat_map/U22/Y (NOR2X1_RVT)                                 0.04       0.781 r
  u_rat_chkpt/U05/Y (BUFX4_RVT)                                  0.081       0.862 r
  u_rat_chkpt/dout_reg[0]/D (DFFARX1_RVT)                        0.051      0.913 f
  data arrival time                                                    0.913

  clock CLK_CORE (rise edge)                                  2     2
  clock network delay (propagated)                        0.151      2.151
  clock uncertainty                                      -0.05   2.101
  u_rat_chkpt/dout_reg[0]/CK (DFFARX1_RVT)                       0.000       2.101 r
  library setup time                                     -0.075   2.026
  data required time                                                   2.026
  -------------------------------------------------------------------------
  data required time                                                   2.026
  data arrival time                                                   -0.913
  -------------------------------------------------------------------------
  slack (MET)   1.113


=========================================================================
                   RAT_TOP — TIMING SUMMARY
=========================================================================

  Block        : RAT_TOP
  Corner       : ss_0p72v_0p72v_125c
  Check        : max  (Worst-case Setup — Slow corner, high temp)
  Clock        : CLK_CORE  Period = 2 ns  (500 MHz)
  Technology   : SAED 32nm RVT

  ┌────────────────────────────────────────────────────────────────┐
  │ Sub-Unit      WNS (ns)  TNS (ns)  #Viol   WHS (ns)  #HViol  │
  ├────────────────────────────────────────────────────────────────┤
  │ u_rat_rd          1.113       0        0      0.108        0     │
  │ u_rat_wr          0.101       0        0      0.058        0     │
  │ u_rat_map          0.199       0        0      0.059        0     │
  │ u_rat_chkpt          0.2       0        0      0.085        0     │
  ├────────────────────────────────────────────────────────────────┤
  │ RAT_TOP  1.113       0        0      0.108        0     │
  └────────────────────────────────────────────────────────────────┘

  Status : ALL PATHS CLEAN — No Setup or Hold Violations


=========================================================================
                   TIMING EXCEPTIONS APPLIED
=========================================================================

  set_false_path -from [get_ports SCAN_EN]      -to [all_registers]
  set_false_path -from [get_ports TEST_MODE]     -to [all_registers]
  set_multicycle_path 2 -setup -from [get_cells u_rat_rd/*] -to [get_cells u_rat_chkpt/*]
  set_multicycle_path 1 -hold  -from [get_cells u_rat_rd/*] -to [get_cells u_rat_chkpt/*]
  set_input_delay  0.400 -clock CLK_CORE -max [all_inputs]
  set_output_delay 0.350 -clock CLK_CORE -max [all_outputs]


=========================================================================
                   CLOCK DOMAIN SUMMARY
=========================================================================

  Clock    : CLK_CORE
  Period   : 2 ns
  Waveform : {0.000 1}
  Skew     : 0.026 ns  (max across RAT_TOP)
  Latency  : 0.151 ns  (max)


=========================================================================
                   CONSTRAINT COVERAGE
=========================================================================

  Total register endpoints   : 3620
  Constrained endpoints      : 4095
  Unconstrained endpoints    :      0
  Coverage                   :  100.0%


=========================================================================
                   TOOL / RUN INFORMATION
=========================================================================

  Tool         : Synopsys PrimeTime 2023.06-SP3
  Run Host     : sta-server-01
  Run Dir      : /proj/cpu_rtl/sta/RENAME_DISPATCH/RAT/run_ss_0p72v_0p72v_125c
  SDC File     : /proj/cpu_rtl/constraints/RAT_TOP.sdc
  Netlist      : /proj/cpu_rtl/netlist/RAT_TOP.v.gz
  SPEF File    : /proj/cpu_rtl/spef/RAT_TOP.spef.gz
  Liberty      : saed32nm_rvt_ss_0p72v_0p72v_125c.db
  Elapsed Time : 00:04:12
  Peak Memory  : 4.339 GB

=========================================================================
End of Report
=========================================================================
