****************************************
Report : timing
        -path_type full
        -delay_type max
        -max_paths 10
        -sort_by slack
Design : RAT_TOP
Version: PrimeTime 2023.06-SP3
Date   : Sat Aug 15 17:34:53 2026
Corner : tt_0p90v_0p90v_25c
Note   : Multicycle Path Check — 2-cycle paths
****************************************

Operating Conditions : tt_0p90v_0p90v_25c (Library: saed32nm_rvt)
Wire Load Model Mode : Interconnect (StarRC Extracted)

  Startpoint : u_rat_rd/din_reg[0]
               (rising edge-triggered flip-flop clocked by CLK_CORE)
  Endpoint   : u_rat_chkpt/dout_reg[0]
               (rising edge-triggered flip-flop clocked by CLK_CORE)
  Path Group : CLK_CORE
  Path Type  : max

  Point                                                   Incr        Path
  -------------------------------------------------------------------------
  clock CLK_CORE (rise edge)                                  0.000       0.000
  clock network delay (propagated)                        0.164      0.164
  u_rat_rd/din_reg[0]/CK (DFFARX1_RVT)                        0.000       0.164 r
  u_rat_rd/din_reg[0]/Q  (DFFARX1_RVT)                        0.145       0.309 r
  u_rat_rd/U12/Y (INVX2_RVT)                                  0.033       0.342 f
  u_rat_rd/U34/Y (NAND2X1_RVT)                                0.082       0.424 r
  u_rat_wr/U07/Y (AOI22X1_RVT)                                0.089       0.513 f
  u_rat_wr/U19/Y (OAI21X1_RVT)                                0.098       0.611 r
  u_rat_map/U03/Y (MUX21X1_RVT)                                0.097       0.708 r
  u_rat_map/U11/Y (AND2X1_RVT)                                 0.057       0.765 f
  u_rat_map/U22/Y (NOR2X1_RVT)                                 0.063       0.828 r
  u_rat_chkpt/U05/Y (BUFX4_RVT)                                  0.071       0.899 r
  u_rat_chkpt/dout_reg[0]/D (DFFARX1_RVT)                        0.06      0.959 f
  data arrival time                                                    0.959

  clock CLK_CORE (rise edge)                                  2     2
  clock network delay (propagated)                        0.164      2.164
  clock uncertainty                                      -0.05   2.114
  u_rat_chkpt/dout_reg[0]/CK (DFFARX1_RVT)                       0.000       2.114 r
  library setup time                                     -0.078   2.036
  data required time                                                   2.036
  -------------------------------------------------------------------------
  data required time                                                   2.036
  data arrival time                                                   -0.959
  -------------------------------------------------------------------------
  slack (MET)   1.077


=========================================================================
                   RAT_TOP — TIMING SUMMARY
=========================================================================

  Block        : RAT_TOP
  Corner       : tt_0p90v_0p90v_25c
  Check        : max  (Multicycle Path Check — 2-cycle paths)
  Clock        : CLK_CORE  Period = 2 ns  (500 MHz)
  Technology   : SAED 32nm RVT

  ┌────────────────────────────────────────────────────────────────┐
  │ Sub-Unit      WNS (ns)  TNS (ns)  #Viol   WHS (ns)  #HViol  │
  ├────────────────────────────────────────────────────────────────┤
  │ u_rat_rd          1.077       0        0      0.09        0     │
  │ u_rat_wr          0.119       0        0      0.102        0     │
  │ u_rat_map          0.197       0        0      0.094        0     │
  │ u_rat_chkpt          0.122       0        0      0.12        0     │
  ├────────────────────────────────────────────────────────────────┤
  │ RAT_TOP  1.077       0        0      0.09        0     │
  └────────────────────────────────────────────────────────────────┘

  Status : ALL PATHS CLEAN — No Setup or Hold Violations


=========================================================================
                   TIMING EXCEPTIONS APPLIED
=========================================================================

  set_false_path -from [get_ports SCAN_EN]      -to [all_registers]
  set_false_path -from [get_ports TEST_MODE]     -to [all_registers]
  set_multicycle_path 2 -setup -from [get_cells u_rat_rd/*] -to [get_cells u_rat_chkpt/*]
  set_multicycle_path 1 -hold  -from [get_cells u_rat_rd/*] -to [get_cells u_rat_chkpt/*]
  set_input_delay  0.400 -clock CLK_CORE -max [all_inputs]
  set_output_delay 0.350 -clock CLK_CORE -max [all_outputs]


=========================================================================
                   CLOCK DOMAIN SUMMARY
=========================================================================

  Clock    : CLK_CORE
  Period   : 2 ns
  Waveform : {0.000 1}
  Skew     : 0.027 ns  (max across RAT_TOP)
  Latency  : 0.164 ns  (max)


=========================================================================
                   CONSTRAINT COVERAGE
=========================================================================

  Total register endpoints   : 860
  Constrained endpoints      : 3951
  Unconstrained endpoints    :      0
  Coverage                   :  100.0%


=========================================================================
                   TOOL / RUN INFORMATION
=========================================================================

  Tool         : Synopsys PrimeTime 2023.06-SP3
  Run Host     : sta-server-01
  Run Dir      : /proj/cpu_rtl/sta/RENAME_DISPATCH/RAT/run_tt_0p90v_0p90v_25c
  SDC File     : /proj/cpu_rtl/constraints/RAT_TOP.sdc
  Netlist      : /proj/cpu_rtl/netlist/RAT_TOP.v.gz
  SPEF File    : /proj/cpu_rtl/spef/RAT_TOP.spef.gz
  Liberty      : saed32nm_rvt_tt_0p90v_0p90v_25c.db
  Elapsed Time : 00:07:36
  Peak Memory  : 2.038 GB

=========================================================================
End of Report
=========================================================================
