****************************************
Report : timing
        -path_type full
        -delay_type max
        -max_paths 10
        -sort_by slack
Design : RAT_TOP
Version: PrimeTime 2023.06-SP3
Date   : Sat Aug 15 18:20:45 2026
Corner : ss_0p72v_0p72v_125c
Note   : Setup POCV (Parametric OCV) — sigma=3
****************************************

Operating Conditions : ss_0p72v_0p72v_125c (Library: saed32nm_rvt)
Wire Load Model Mode : Interconnect (StarRC Extracted)

  Startpoint : u_rat_rd/din_reg[0]
               (rising edge-triggered flip-flop clocked by CLK_CORE)
  Endpoint   : u_rat_chkpt/dout_reg[0]
               (rising edge-triggered flip-flop clocked by CLK_CORE)
  Path Group : CLK_CORE
  Path Type  : max

  Point                                                   Incr        Path
  -------------------------------------------------------------------------
  clock CLK_CORE (rise edge)                                  0.000       0.000
  clock network delay (propagated)                        0.154      0.154
  u_rat_rd/din_reg[0]/CK (DFFARX1_RVT)                        0.000       0.154 r
  u_rat_rd/din_reg[0]/Q  (DFFARX1_RVT)                        0.116         0.27 r
  u_rat_rd/U12/Y (INVX2_RVT)                                  0.035         0.305 f
  u_rat_rd/U34/Y (NAND2X1_RVT)                                0.092         0.397 r
  u_rat_wr/U07/Y (AOI22X1_RVT)                                0.103         0.5 f
  u_rat_wr/U19/Y (OAI21X1_RVT)                                0.104         0.604 r
  u_rat_map/U03/Y (MUX21X1_RVT)                                0.081         0.685 r
  u_rat_map/U11/Y (AND2X1_RVT)                                 0.06         0.745 f
  u_rat_map/U22/Y (NOR2X1_RVT)                                 0.049         0.794 r
  u_rat_chkpt/U05/Y (BUFX4_RVT)                                  0.065         0.859 r
  u_rat_chkpt/dout_reg[0]/D (DFFARX1_RVT)                        0.073        0.932 f
  data arrival time                                                    0.932

  clock CLK_CORE (rise edge)                                  2     2
  clock network delay (propagated)                        0.154      2.154
  clock uncertainty                                      -0.05   2.104
  u_rat_chkpt/dout_reg[0]/CK (DFFARX1_RVT)                       0.000       2.104 r
  library setup time                                     -0.08   2.024
  data required time                                                   2.024
  -------------------------------------------------------------------------
  data required time                                                   2.024
  data arrival time                                                   -0.932
  -------------------------------------------------------------------------
  slack (MET)      1.092


=========================================================================
                   RAT_TOP -- TIMING SUMMARY
=========================================================================

  Block        : RAT_TOP
  Corner       : ss_0p72v_0p72v_125c
  Check        : max  (Setup POCV (Parametric OCV) — sigma=3)
  Clock        : CLK_CORE  Period = 2 ns  (500 MHz)
  Technology   : SAED 32nm RVT

  +------------------------------------------------------------------+
  | Sub-Unit          WNS (ns)  TNS (ns)  #Viol   WHS (ns)  #HViol  |
  +------------------------------------------------------------------+
  | u_rat_rd          1.092       0.000       0      0.096        0     |
  | u_rat_wr          0.244       0.000       0      0.082        0     |
  | u_rat_map          0.246       0.000       0      0.045        0     |
  | u_rat_chkpt          0.239       0.000       0      0.109        0     |
  +------------------------------------------------------------------+
  | RAT_TOP   1.092       0.000       0      0.096        0     |
  +------------------------------------------------------------------+

  Status : ALL PATHS CLEAN -- No Setup or Hold Violations


=========================================================================
                   TIMING EXCEPTIONS APPLIED
=========================================================================

  set_false_path -from [get_ports SCAN_EN]      -to [all_registers]
  set_false_path -from [get_ports TEST_MODE]     -to [all_registers]
  set_multicycle_path 2 -setup -from [get_cells u_rat_rd/*] -to [get_cells u_rat_chkpt/*]
  set_multicycle_path 1 -hold  -from [get_cells u_rat_rd/*] -to [get_cells u_rat_chkpt/*]
  set_input_delay  0.400 -clock CLK_CORE -max [all_inputs]
  set_output_delay 0.350 -clock CLK_CORE -max [all_outputs]


=========================================================================
                   CLOCK DOMAIN SUMMARY
=========================================================================

  Clock    : CLK_CORE
  Period   : 2 ns
  Waveform : {0.000 1}
  Skew     : 0.024 ns  (max across RAT_TOP)
  Latency  : 0.154 ns  (max)


=========================================================================
                   CONSTRAINT COVERAGE
=========================================================================

  Total register endpoints   : 5765
  Constrained endpoints      : 5510
  Unconstrained endpoints    :      0
  Coverage                   :  100.0%


=========================================================================
                   TOOL / RUN INFORMATION
=========================================================================

  Tool         : Synopsys PrimeTime 2023.06-SP3
  Run Host     : sta-server-01
  Run Dir      : /proj/cpu_rtl/sta/RENAME_DISPATCH/RAT/run_ss_0p72v_0p72v_125c
  SDC File     : /proj/cpu_rtl/constraints/RAT_TOP.sdc
  Netlist      : /proj/cpu_rtl/netlist/RAT_TOP.v.gz
  SPEF File    : /proj/cpu_rtl/spef/RAT_TOP.spef.gz
  Liberty      : saed32nm_rvt_ss_0p72v_0p72v_125c.db
  Elapsed Time : 00:02:21
  Peak Memory  : 3.295 GB

=========================================================================
End of Report
=========================================================================
