****************************************
Report : timing
        -path_type full
        -delay_type min
        -max_paths 10
        -sort_by slack
Design : RAT_TOP
Version: PrimeTime 2023.06-SP3
Date   : Sat Aug 15 18:20:45 2026
Corner : ff_1p32v_1p32v_n40c
Note   : Hold — High-voltage fast corner, cold
****************************************

Operating Conditions : ff_1p32v_1p32v_n40c (Library: saed32nm_rvt)
Wire Load Model Mode : Interconnect (StarRC Extracted)

  Startpoint : u_rat_rd/din_reg[0]
               (rising edge-triggered flip-flop clocked by CLK_CORE)
  Endpoint   : u_rat_chkpt/dout_reg[0]
               (rising edge-triggered flip-flop clocked by CLK_CORE)
  Path Group : CLK_CORE
  Path Type  : min

  Point                                                   Incr        Path
  -------------------------------------------------------------------------
  clock CLK_CORE (rise edge)                                  0.000       0.000
  clock network delay (propagated)                        0.153      0.153
  u_rat_rd/din_reg[0]/CK (DFFARX1_RVT)                        0.000       0.153 r
  u_rat_rd/din_reg[0]/Q  (DFFARX1_RVT)                        0.111         0.264 r
  u_rat_rd/U12/Y (INVX2_RVT)                                  0.064         0.328 f
  u_rat_rd/U34/Y (NAND2X1_RVT)                                0.091         0.419 r
  u_rat_wr/U07/Y (AOI22X1_RVT)                                0.075         0.494 f
  u_rat_wr/U19/Y (OAI21X1_RVT)                                0.112         0.606 r
  u_rat_map/U03/Y (MUX21X1_RVT)                                0.095         0.701 r
  u_rat_map/U11/Y (AND2X1_RVT)                                 0.078         0.779 f
  u_rat_map/U22/Y (NOR2X1_RVT)                                 0.042         0.821 r
  u_rat_chkpt/U05/Y (BUFX4_RVT)                                  0.077         0.898 r
  u_rat_chkpt/dout_reg[0]/D (DFFARX1_RVT)                        0.072        0.97 f
  data arrival time                                                    0.97

  clock CLK_CORE (rise edge)                                  2     2
  clock network delay (propagated)                        0.153      2.153
  clock uncertainty                                      -0.05   2.103
  u_rat_chkpt/dout_reg[0]/CK (DFFARX1_RVT)                       0.000       2.103 r
  library setup time                                     -0.071   2.032
  data required time                                                   2.032
  -------------------------------------------------------------------------
  data required time                                                   2.032
  data arrival time                                                   -0.97
  -------------------------------------------------------------------------
  slack (MET)      1.062


=========================================================================
                   RAT_TOP -- TIMING SUMMARY
=========================================================================

  Block        : RAT_TOP
  Corner       : ff_1p32v_1p32v_n40c
  Check        : min  (Hold — High-voltage fast corner, cold)
  Clock        : CLK_CORE  Period = 2 ns  (500 MHz)
  Technology   : SAED 32nm RVT

  +------------------------------------------------------------------+
  | Sub-Unit          WNS (ns)  TNS (ns)  #Viol   WHS (ns)  #HViol  |
  +------------------------------------------------------------------+
  | u_rat_rd          1.062       0.000       0      0.1        0     |
  | u_rat_wr          0.101       0.000       0      0.072        0     |
  | u_rat_map          0.167       0.000       0      0.041        0     |
  | u_rat_chkpt          0.126       0.000       0      0.052        0     |
  +------------------------------------------------------------------+
  | RAT_TOP   1.062       0.000       0      0.1        0     |
  +------------------------------------------------------------------+

  Status : ALL PATHS CLEAN -- No Setup or Hold Violations


=========================================================================
                   TIMING EXCEPTIONS APPLIED
=========================================================================

  set_false_path -from [get_ports SCAN_EN]      -to [all_registers]
  set_false_path -from [get_ports TEST_MODE]     -to [all_registers]
  set_multicycle_path 2 -setup -from [get_cells u_rat_rd/*] -to [get_cells u_rat_chkpt/*]
  set_multicycle_path 1 -hold  -from [get_cells u_rat_rd/*] -to [get_cells u_rat_chkpt/*]
  set_input_delay  0.400 -clock CLK_CORE -max [all_inputs]
  set_output_delay 0.350 -clock CLK_CORE -max [all_outputs]


=========================================================================
                   CLOCK DOMAIN SUMMARY
=========================================================================

  Clock    : CLK_CORE
  Period   : 2 ns
  Waveform : {0.000 1}
  Skew     : 0.026 ns  (max across RAT_TOP)
  Latency  : 0.153 ns  (max)


=========================================================================
                   CONSTRAINT COVERAGE
=========================================================================

  Total register endpoints   : 4206
  Constrained endpoints      : 3746
  Unconstrained endpoints    :      0
  Coverage                   :  100.0%


=========================================================================
                   TOOL / RUN INFORMATION
=========================================================================

  Tool         : Synopsys PrimeTime 2023.06-SP3
  Run Host     : sta-server-01
  Run Dir      : /proj/cpu_rtl/sta/RENAME_DISPATCH/RAT/run_ff_1p32v_1p32v_n40c
  SDC File     : /proj/cpu_rtl/constraints/RAT_TOP.sdc
  Netlist      : /proj/cpu_rtl/netlist/RAT_TOP.v.gz
  SPEF File    : /proj/cpu_rtl/spef/RAT_TOP.spef.gz
  Liberty      : saed32nm_rvt_ff_1p32v_1p32v_n40c.db
  Elapsed Time : 00:07:33
  Peak Memory  : 4.081 GB

=========================================================================
End of Report
=========================================================================
