================================================================================
  STA BLOCK DUMP LOG  —  RAT_TOP
================================================================================

  Block Directory : D:\Certificates\PD_STA_REPORTS\RENAME_DISPATCH\RAT
  Design          : RAT_TOP
  Parsed At       : 2026-08-15T22:16:48
  Total Reports   : 31


OWNERSHIP
----------------------------------------
  BLOCK TIMING OWNER           : User15  <user15@company.com>  [EMP-2015]
  TEAM LEAD                    : MTO_User3  <mto3@company.com>  [EMP-1003]
  RTL TEAM LEAD                : TeamLead3  <teamlead3@company.com>
  PD ENGINEER                  : PDEng3  <pdeng3@company.com>
  STA ENGINEER                 : STAEng3  <staeng3@company.com>
  CHIP STA LEAD                : STALead1  <stalead1@company.com>  [EMP-0004]

AGGREGATE SUMMARY
----------------------------------------
  Overall Status   : MET
  Worst WNS  (ns)  : 0.000
  Worst TNS  (ns)  : 0.000
  Worst WHS  (ns)  : 0.000
  Best  WNS  (ns)  : 1.192
  Total Violations : 0

BY CORNER
----------------------------------------
  Name                                              #       WNS       TNS       WHS  STATUS
  ─────────────────────────────────────────────  ────  ────────  ────────  ────────  ──────────
  N/A                                               1     0.000     0.000     0.000  MET
  ff_1p16v_1p16v_125c                               2     1.067     0.000     0.000  MET
  ff_1p16v_1p16v_n40c                               5     1.037     0.000     0.000  MET
  ff_1p32v_1p32v_n40c                               1     1.062     0.000     0.000  MET
  ss_0p63v_0p63v_125c                               1     1.121     0.000     0.102  MET
  ss_0p63v_0p63v_n40c                               1     1.045     0.000     0.000  MET
  ss_0p72v_0p72v_125c                               9     1.058     0.000     0.000  MET
  ss_0p72v_0p72v_n40c                               1     1.078     0.000     0.071  MET
  tt_0p90v_0p90v_25c                                8     1.059     0.000     0.000  MET
  tt_0p90v_0p90v_85c                                2     1.081     0.000     0.000  MET

BY CHECK TYPE
----------------------------------------
  Name                                              #       WNS       TNS       WHS  STATUS
  ─────────────────────────────────────────────  ────  ────────  ────────  ────────  ──────────
  N/A                                               1     0.000     0.000     0.000  MET
  hold                                             11     1.037     0.000     0.000  MET
  setup                                            19     1.045     0.000     0.000  MET

PER-REPORT DETAIL
----------------------------------------
  File     : 08_CG_CHECK_TT_25C_RAT_TOP.rpt
  Design   : RAT_TOP               Corner : tt_0p90v_0p90v_25c
  Check    : setup       Clock  : CLK_CORE  Period = 2.0 ns  (500.0 MHz)
  WNS      :   +1.149 ns   TNS :   +0.000 ns   WHS :   +0.113 ns
  Slack    :   +1.149 ns   Status : MET
  Status   : ALL PATHS CLEAN — No Setup or Hold Violations
  Coverage : 100.0%   Endpoints : 5653 / 4920
  Tool     : Synopsys PrimeTime 2023.06-SP3
  Runtime  : 00:02:40         Memory : 4.027 GB
  Run Dir  : /proj/cpu_rtl/sta/RENAME_DISPATCH/RAT/run_tt_0p90v_0p90v_25c

  File     : 11_SETUP_SS_125C_OCV_RAT_TOP.rpt
  Design   : RAT_TOP               Corner : ss_0p72v_0p72v_125c
  Check    : setup       Clock  : CLK_CORE  Period = 2.0 ns  (500.0 MHz)
  WNS      :   +1.128 ns   TNS :   +0.000 ns   WHS :   +0.000 ns
  Slack    :   +1.128 ns   Status : MET
  Status   : ALL PATHS CLEAN -- No Setup or Hold Violations
  Coverage : 100.0%   Endpoints : 5253 / 3108
  Tool     : Synopsys PrimeTime 2023.06-SP3
  Runtime  : 00:03:57         Memory : 1.13 GB
  Run Dir  : /proj/cpu_rtl/sta/RENAME_DISPATCH/RAT/run_ss_0p72v_0p72v_125c

  File     : 30_SETUP_TT_25C_FINAL_RAT_TOP.rpt
  Design   : RAT_TOP               Corner : tt_0p90v_0p90v_25c
  Check    : setup       Clock  : CLK_CORE  Period = 2.0 ns  (500.0 MHz)
  WNS      :   +1.123 ns   TNS :   +0.000 ns   WHS :   +0.000 ns
  Slack    :   +1.123 ns   Status : MET
  Status   : ALL PATHS CLEAN -- No Setup or Hold Violations
  Coverage : 100.0%   Endpoints : 5270 / 2736
  Tool     : Synopsys PrimeTime 2023.06-SP3
  Runtime  : 00:03:15         Memory : 1.462 GB
  Run Dir  : /proj/cpu_rtl/sta/RENAME_DISPATCH/RAT/run_tt_0p90v_0p90v_25c

  File     : 07_SETUP_LVSS_125C_RAT_TOP.rpt
  Design   : RAT_TOP               Corner : ss_0p63v_0p63v_125c
  Check    : setup       Clock  : CLK_CORE  Period = 2.0 ns  (500.0 MHz)
  WNS      :   +1.121 ns   TNS :   +0.000 ns   WHS :   +0.102 ns
  Slack    :   +1.121 ns   Status : MET
  Status   : ALL PATHS CLEAN — No Setup or Hold Violations
  Coverage : 100.0%   Endpoints : 4004 / 5516
  Tool     : Synopsys PrimeTime 2023.06-SP3
  Runtime  : 00:06:54         Memory : 4.288 GB
  Run Dir  : /proj/cpu_rtl/sta/RENAME_DISPATCH/RAT/run_ss_0p63v_0p63v_125c

  File     : 15_SETUP_TT_85C_RAT_TOP.rpt
  Design   : RAT_TOP               Corner : tt_0p90v_0p90v_85c
  Check    : setup       Clock  : CLK_CORE  Period = 2.0 ns  (500.0 MHz)
  WNS      :   +1.120 ns   TNS :   +0.000 ns   WHS :   +0.000 ns
  Slack    :   +1.120 ns   Status : MET
  Status   : ALL PATHS CLEAN -- No Setup or Hold Violations
  Coverage : 100.0%   Endpoints : 3863 / 6769
  Tool     : Synopsys PrimeTime 2023.06-SP3
  Runtime  : 00:03:16         Memory : 2.662 GB
  Run Dir  : /proj/cpu_rtl/sta/RENAME_DISPATCH/RAT/run_tt_0p90v_0p90v_85c

  File     : 26_SETUP_SS_125C_SI_RAT_TOP.rpt
  Design   : RAT_TOP               Corner : ss_0p72v_0p72v_125c
  Check    : setup       Clock  : CLK_CORE  Period = 2.0 ns  (500.0 MHz)
  WNS      :   +1.114 ns   TNS :   +0.000 ns   WHS :   +0.000 ns
  Slack    :   +1.114 ns   Status : MET
  Status   : ALL PATHS CLEAN -- No Setup or Hold Violations
  Coverage : 100.0%   Endpoints : 4136 / 2891
  Tool     : Synopsys PrimeTime 2023.06-SP3
  Runtime  : 00:07:43         Memory : 4.028 GB
  Run Dir  : /proj/cpu_rtl/sta/RENAME_DISPATCH/RAT/run_ss_0p72v_0p72v_125c

  File     : 01_SETUP_SS_125C_RAT_TOP.rpt
  Design   : RAT_TOP               Corner : ss_0p72v_0p72v_125c
  Check    : setup       Clock  : CLK_CORE  Period = 2.0 ns  (500.0 MHz)
  WNS      :   +1.113 ns   TNS :   +0.000 ns   WHS :   +0.108 ns
  Slack    :   +1.113 ns   Status : MET
  Status   : ALL PATHS CLEAN — No Setup or Hold Violations
  Coverage : 100.0%   Endpoints : 4095 / 3620
  Tool     : Synopsys PrimeTime 2023.06-SP3
  Runtime  : 00:04:12         Memory : 4.339 GB
  Run Dir  : /proj/cpu_rtl/sta/RENAME_DISPATCH/RAT/run_ss_0p72v_0p72v_125c

  File     : 03_SETUP_TT_25C_RAT_TOP.rpt
  Design   : RAT_TOP               Corner : tt_0p90v_0p90v_25c
  Check    : setup       Clock  : CLK_CORE  Period = 2.0 ns  (500.0 MHz)
  WNS      :   +1.105 ns   TNS :   +0.000 ns   WHS :   +0.073 ns
  Slack    :   +1.105 ns   Status : MET
  Status   : ALL PATHS CLEAN — No Setup or Hold Violations
  Coverage : 100.0%   Endpoints : 3203 / 5281
  Tool     : Synopsys PrimeTime 2023.06-SP3
  Runtime  : 00:02:38         Memory : 2.921 GB
  Run Dir  : /proj/cpu_rtl/sta/RENAME_DISPATCH/RAT/run_tt_0p90v_0p90v_25c

  File     : 28_SETUP_SS_125C_FINAL_RAT_TOP.rpt
  Design   : RAT_TOP               Corner : ss_0p72v_0p72v_125c
  Check    : setup       Clock  : CLK_CORE  Period = 2.0 ns  (500.0 MHz)
  WNS      :   +1.100 ns   TNS :   +0.000 ns   WHS :   +0.000 ns
  Slack    :   +1.100 ns   Status : MET
  Status   : ALL PATHS CLEAN -- No Setup or Hold Violations
  Coverage : 100.0%   Endpoints : 3681 / 1323
  Tool     : Synopsys PrimeTime 2023.06-SP3
  Runtime  : 00:02:37         Memory : 3.598 GB
  Run Dir  : /proj/cpu_rtl/sta/RENAME_DISPATCH/RAT/run_ss_0p72v_0p72v_125c

  File     : 23_MULTICYCLE_SS_125C_RAT_TOP.rpt
  Design   : RAT_TOP               Corner : ss_0p72v_0p72v_125c
  Check    : setup       Clock  : CLK_CORE  Period = 2.0 ns  (500.0 MHz)
  WNS      :   +1.094 ns   TNS :   +0.000 ns   WHS :   +0.000 ns
  Slack    :   +1.094 ns   Status : MET
  Status   : ALL PATHS CLEAN -- No Setup or Hold Violations
  Coverage : 100.0%   Endpoints : 5763 / 1134
  Tool     : Synopsys PrimeTime 2023.06-SP3
  Runtime  : 00:08:43         Memory : 3.648 GB
  Run Dir  : /proj/cpu_rtl/sta/RENAME_DISPATCH/RAT/run_ss_0p72v_0p72v_125c

  File     : 13_SETUP_SS_125C_POCV_RAT_TOP.rpt
  Design   : RAT_TOP               Corner : ss_0p72v_0p72v_125c
  Check    : setup       Clock  : CLK_CORE  Period = 2.0 ns  (500.0 MHz)
  WNS      :   +1.092 ns   TNS :   +0.000 ns   WHS :   +0.000 ns
  Slack    :   +1.092 ns   Status : MET
  Status   : ALL PATHS CLEAN -- No Setup or Hold Violations
  Coverage : 100.0%   Endpoints : 5510 / 5765
  Tool     : Synopsys PrimeTime 2023.06-SP3
  Runtime  : 00:02:21         Memory : 3.295 GB
  Run Dir  : /proj/cpu_rtl/sta/RENAME_DISPATCH/RAT/run_ss_0p72v_0p72v_125c

  File     : 22_RECOVERY_TT_25C_RAT_TOP.rpt
  Design   : RAT_TOP               Corner : tt_0p90v_0p90v_25c
  Check    : setup       Clock  : CLK_CORE  Period = 2.0 ns  (500.0 MHz)
  WNS      :   +1.089 ns   TNS :   +0.000 ns   WHS :   +0.000 ns
  Slack    :   +1.089 ns   Status : MET
  Status   : ALL PATHS CLEAN -- No Setup or Hold Violations
  Coverage : 100.0%   Endpoints : 4070 / 2073
  Tool     : Synopsys PrimeTime 2023.06-SP3
  Runtime  : 00:04:49         Memory : 5.192 GB
  Run Dir  : /proj/cpu_rtl/sta/RENAME_DISPATCH/RAT/run_tt_0p90v_0p90v_25c

  File     : 21_CG_CHECK_SS_125C_RAT_TOP.rpt
  Design   : RAT_TOP               Corner : ss_0p72v_0p72v_125c
  Check    : setup       Clock  : CLK_CORE  Period = 2.0 ns  (500.0 MHz)
  WNS      :   +1.087 ns   TNS :   +0.000 ns   WHS :   +0.000 ns
  Slack    :   +1.087 ns   Status : MET
  Status   : ALL PATHS CLEAN -- No Setup or Hold Violations
  Coverage : 100.0%   Endpoints : 5780 / 4625
  Tool     : Synopsys PrimeTime 2023.06-SP3
  Runtime  : 00:05:19         Memory : 1.765 GB
  Run Dir  : /proj/cpu_rtl/sta/RENAME_DISPATCH/RAT/run_ss_0p72v_0p72v_125c

  File     : 09_RECOVERY_SS_125C_RAT_TOP.rpt
  Design   : RAT_TOP               Corner : ss_0p72v_0p72v_125c
  Check    : setup       Clock  : CLK_CORE  Period = 2.0 ns  (500.0 MHz)
  WNS      :   +1.086 ns   TNS :   +0.000 ns   WHS :   +0.094 ns
  Slack    :   +1.086 ns   Status : MET
  Status   : ALL PATHS CLEAN — No Setup or Hold Violations
  Coverage : 100.0%   Endpoints : 3155 / 5299
  Tool     : Synopsys PrimeTime 2023.06-SP3
  Runtime  : 00:02:14         Memory : 3.295 GB
  Run Dir  : /proj/cpu_rtl/sta/RENAME_DISPATCH/RAT/run_ss_0p72v_0p72v_125c

  File     : 05_SETUP_SS_M40C_RAT_TOP.rpt
  Design   : RAT_TOP               Corner : ss_0p72v_0p72v_n40c
  Check    : setup       Clock  : CLK_CORE  Period = 2.0 ns  (500.0 MHz)
  WNS      :   +1.078 ns   TNS :   +0.000 ns   WHS :   +0.071 ns
  Slack    :   +1.078 ns   Status : MET
  Status   : ALL PATHS CLEAN — No Setup or Hold Violations
  Coverage : 100.0%   Endpoints : 4222 / 1172
  Tool     : Synopsys PrimeTime 2023.06-SP3
  Runtime  : 00:06:10         Memory : 2.044 GB
  Run Dir  : /proj/cpu_rtl/sta/RENAME_DISPATCH/RAT/run_ss_0p72v_0p72v_n40c

  File     : 10_MULTICYCLE_TT_25C_RAT_TOP.rpt
  Design   : RAT_TOP               Corner : tt_0p90v_0p90v_25c
  Check    : setup       Clock  : CLK_CORE  Period = 2.0 ns  (500.0 MHz)
  WNS      :   +1.077 ns   TNS :   +0.000 ns   WHS :   +0.090 ns
  Slack    :   +1.077 ns   Status : MET
  Status   : ALL PATHS CLEAN — No Setup or Hold Violations
  Coverage : 100.0%   Endpoints : 3951 / 860
  Tool     : Synopsys PrimeTime 2023.06-SP3
  Runtime  : 00:07:36         Memory : 2.038 GB
  Run Dir  : /proj/cpu_rtl/sta/RENAME_DISPATCH/RAT/run_tt_0p90v_0p90v_25c

  File     : 17_SETUP_FF_125C_RAT_TOP.rpt
  Design   : RAT_TOP               Corner : ff_1p16v_1p16v_125c
  Check    : setup       Clock  : CLK_CORE  Period = 2.0 ns  (500.0 MHz)
  WNS      :   +1.067 ns   TNS :   +0.000 ns   WHS :   +0.000 ns
  Slack    :   +1.067 ns   Status : MET
  Status   : ALL PATHS CLEAN -- No Setup or Hold Violations
  Coverage : 100.0%   Endpoints : 4268 / 4797
  Tool     : Synopsys PrimeTime 2023.06-SP3
  Runtime  : 00:03:31         Memory : 1.112 GB
  Run Dir  : /proj/cpu_rtl/sta/RENAME_DISPATCH/RAT/run_ff_1p16v_1p16v_125c

  File     : 24_SETUP_TT_25C_ECO_RAT_TOP.rpt
  Design   : RAT_TOP               Corner : tt_0p90v_0p90v_25c
  Check    : setup       Clock  : CLK_CORE  Period = 2.0 ns  (500.0 MHz)
  WNS      :   +1.059 ns   TNS :   +0.000 ns   WHS :   +0.000 ns
  Slack    :   +1.059 ns   Status : MET
  Status   : ALL PATHS CLEAN -- No Setup or Hold Violations
  Coverage : 100.0%   Endpoints : 1274 / 6424
  Tool     : Synopsys PrimeTime 2023.06-SP3
  Runtime  : 00:08:19         Memory : 2.497 GB
  Run Dir  : /proj/cpu_rtl/sta/RENAME_DISPATCH/RAT/run_tt_0p90v_0p90v_25c

  File     : 19_SETUP_LVSS_N40C_RAT_TOP.rpt
  Design   : RAT_TOP               Corner : ss_0p63v_0p63v_n40c
  Check    : setup       Clock  : CLK_CORE  Period = 2.0 ns  (500.0 MHz)
  WNS      :   +1.045 ns   TNS :   +0.000 ns   WHS :   +0.000 ns
  Slack    :   +1.045 ns   Status : MET
  Status   : ALL PATHS CLEAN -- No Setup or Hold Violations
  Coverage : 100.0%   Endpoints : 4308 / 2018
  Tool     : Synopsys PrimeTime 2023.06-SP3
  Runtime  : 00:03:23         Memory : 4.817 GB
  Run Dir  : /proj/cpu_rtl/sta/RENAME_DISPATCH/RAT/run_ss_0p63v_0p63v_n40c

  File     : 04_HOLD_TT_25C_RAT_TOP.rpt
  Design   : RAT_TOP               Corner : tt_0p90v_0p90v_25c
  Check    : hold        Clock  : CLK_CORE  Period = 2.0 ns  (500.0 MHz)
  WNS      :   +1.134 ns   TNS :   +0.000 ns   WHS :   +0.099 ns
  Slack    :   +1.134 ns   Status : MET
  Status   : ALL PATHS CLEAN — No Setup or Hold Violations
  Coverage : 100.0%   Endpoints : 1098 / 5568
  Tool     : Synopsys PrimeTime 2023.06-SP3
  Runtime  : 00:07:16         Memory : 4.49 GB
  Run Dir  : /proj/cpu_rtl/sta/RENAME_DISPATCH/RAT/run_tt_0p90v_0p90v_25c

  File     : 02_HOLD_FF_N40C_RAT_TOP.rpt
  Design   : RAT_TOP               Corner : ff_1p16v_1p16v_n40c
  Check    : hold        Clock  : CLK_CORE  Period = 2.0 ns  (500.0 MHz)
  WNS      :   +1.192 ns   TNS :   +0.000 ns   WHS :   +0.089 ns
  Slack    :   +1.192 ns   Status : MET
  Status   : ALL PATHS CLEAN — No Setup or Hold Violations
  Coverage : 100.0%   Endpoints : 2776 / 1257
  Tool     : Synopsys PrimeTime 2023.06-SP3
  Runtime  : 00:08:46         Memory : 3.818 GB
  Run Dir  : /proj/cpu_rtl/sta/RENAME_DISPATCH/RAT/run_ff_1p16v_1p16v_n40c

  File     : 06_HOLD_FF_125C_RAT_TOP.rpt
  Design   : RAT_TOP               Corner : ff_1p16v_1p16v_125c
  Check    : hold        Clock  : CLK_CORE  Period = 2.0 ns  (500.0 MHz)
  WNS      :   +1.116 ns   TNS :   +0.000 ns   WHS :   +0.084 ns
  Slack    :   +1.116 ns   Status : MET
  Status   : ALL PATHS CLEAN — No Setup or Hold Violations
  Coverage : 100.0%   Endpoints : 4565 / 1451
  Tool     : Synopsys PrimeTime 2023.06-SP3
  Runtime  : 00:01:28         Memory : 4.161 GB
  Run Dir  : /proj/cpu_rtl/sta/RENAME_DISPATCH/RAT/run_ff_1p16v_1p16v_125c

  File     : 12_HOLD_FF_N40C_OCV_RAT_TOP.rpt
  Design   : RAT_TOP               Corner : ff_1p16v_1p16v_n40c
  Check    : hold        Clock  : CLK_CORE  Period = 2.0 ns  (500.0 MHz)
  WNS      :   +1.118 ns   TNS :   +0.000 ns   WHS :   +0.000 ns
  Slack    :   +1.118 ns   Status : MET
  Status   : ALL PATHS CLEAN -- No Setup or Hold Violations
  Coverage : 100.0%   Endpoints : 5375 / 1152
  Tool     : Synopsys PrimeTime 2023.06-SP3
  Runtime  : 00:08:16         Memory : 3.952 GB
  Run Dir  : /proj/cpu_rtl/sta/RENAME_DISPATCH/RAT/run_ff_1p16v_1p16v_n40c

  File     : 14_HOLD_FF_N40C_POCV_RAT_TOP.rpt
  Design   : RAT_TOP               Corner : ff_1p16v_1p16v_n40c
  Check    : hold        Clock  : CLK_CORE  Period = 2.0 ns  (500.0 MHz)
  WNS      :   +1.037 ns   TNS :   +0.000 ns   WHS :   +0.000 ns
  Slack    :   +1.037 ns   Status : MET
  Status   : ALL PATHS CLEAN -- No Setup or Hold Violations
  Coverage : 100.0%   Endpoints : 5249 / 4572
  Tool     : Synopsys PrimeTime 2023.06-SP3
  Runtime  : 00:08:44         Memory : 3.971 GB
  Run Dir  : /proj/cpu_rtl/sta/RENAME_DISPATCH/RAT/run_ff_1p16v_1p16v_n40c

  File     : 16_HOLD_TT_85C_RAT_TOP.rpt
  Design   : RAT_TOP               Corner : tt_0p90v_0p90v_85c
  Check    : hold        Clock  : CLK_CORE  Period = 2.0 ns  (500.0 MHz)
  WNS      :   +1.081 ns   TNS :   +0.000 ns   WHS :   +0.000 ns
  Slack    :   +1.081 ns   Status : MET
  Status   : ALL PATHS CLEAN -- No Setup or Hold Violations
  Coverage : 100.0%   Endpoints : 6060 / 5103
  Tool     : Synopsys PrimeTime 2023.06-SP3
  Runtime  : 00:07:43         Memory : 1.325 GB
  Run Dir  : /proj/cpu_rtl/sta/RENAME_DISPATCH/RAT/run_tt_0p90v_0p90v_85c

  File     : 18_HOLD_SS_125C_RAT_TOP.rpt
  Design   : RAT_TOP               Corner : ss_0p72v_0p72v_125c
  Check    : hold        Clock  : CLK_CORE  Period = 2.0 ns  (500.0 MHz)
  WNS      :   +1.058 ns   TNS :   +0.000 ns   WHS :   +0.000 ns
  Slack    :   +1.058 ns   Status : MET
  Status   : ALL PATHS CLEAN -- No Setup or Hold Violations
  Coverage : 100.0%   Endpoints : 2710 / 3780
  Tool     : Synopsys PrimeTime 2023.06-SP3
  Runtime  : 00:08:26         Memory : 4.248 GB
  Run Dir  : /proj/cpu_rtl/sta/RENAME_DISPATCH/RAT/run_ss_0p72v_0p72v_125c

  File     : 20_HOLD_LVFF_N40C_RAT_TOP.rpt
  Design   : RAT_TOP               Corner : ff_1p32v_1p32v_n40c
  Check    : hold        Clock  : CLK_CORE  Period = 2.0 ns  (500.0 MHz)
  WNS      :   +1.062 ns   TNS :   +0.000 ns   WHS :   +0.000 ns
  Slack    :   +1.062 ns   Status : MET
  Status   : ALL PATHS CLEAN -- No Setup or Hold Violations
  Coverage : 100.0%   Endpoints : 3746 / 4206
  Tool     : Synopsys PrimeTime 2023.06-SP3
  Runtime  : 00:07:33         Memory : 4.081 GB
  Run Dir  : /proj/cpu_rtl/sta/RENAME_DISPATCH/RAT/run_ff_1p32v_1p32v_n40c

  File     : 25_HOLD_TT_25C_ECO_RAT_TOP.rpt
  Design   : RAT_TOP               Corner : tt_0p90v_0p90v_25c
  Check    : hold        Clock  : CLK_CORE  Period = 2.0 ns  (500.0 MHz)
  WNS      :   +1.087 ns   TNS :   +0.000 ns   WHS :   +0.000 ns
  Slack    :   +1.087 ns   Status : MET
  Status   : ALL PATHS CLEAN -- No Setup or Hold Violations
  Coverage : 100.0%   Endpoints : 6529 / 2737
  Tool     : Synopsys PrimeTime 2023.06-SP3
  Runtime  : 00:02:54         Memory : 2.96 GB
  Run Dir  : /proj/cpu_rtl/sta/RENAME_DISPATCH/RAT/run_tt_0p90v_0p90v_25c

  File     : 27_HOLD_FF_N40C_SI_RAT_TOP.rpt
  Design   : RAT_TOP               Corner : ff_1p16v_1p16v_n40c
  Check    : hold        Clock  : CLK_CORE  Period = 2.0 ns  (500.0 MHz)
  WNS      :   +1.065 ns   TNS :   +0.000 ns   WHS :   +0.000 ns
  Slack    :   +1.065 ns   Status : MET
  Status   : ALL PATHS CLEAN -- No Setup or Hold Violations
  Coverage : 100.0%   Endpoints : 4032 / 5090
  Tool     : Synopsys PrimeTime 2023.06-SP3
  Runtime  : 00:07:29         Memory : 4.314 GB
  Run Dir  : /proj/cpu_rtl/sta/RENAME_DISPATCH/RAT/run_ff_1p16v_1p16v_n40c

  File     : 29_HOLD_FF_N40C_FINAL_RAT_TOP.rpt
  Design   : RAT_TOP               Corner : ff_1p16v_1p16v_n40c
  Check    : hold        Clock  : CLK_CORE  Period = 2.0 ns  (500.0 MHz)
  WNS      :   +1.098 ns   TNS :   +0.000 ns   WHS :   +0.000 ns
  Slack    :   +1.098 ns   Status : MET
  Status   : ALL PATHS CLEAN -- No Setup or Hold Violations
  Coverage : 100.0%   Endpoints : 4281 / 3056
  Tool     : Synopsys PrimeTime 2023.06-SP3
  Runtime  : 00:08:37         Memory : 4.797 GB
  Run Dir  : /proj/cpu_rtl/sta/RENAME_DISPATCH/RAT/run_ff_1p16v_1p16v_n40c

  File     : RAT_TIMING.rpt
  Design   : N/A                   Corner : N/A
  Check    : N/A         Clock  : N/A  Period = 0.0 ns  (0.0 MHz)
  WNS      :   +0.000 ns   TNS :   +0.000 ns   WHS :   +0.000 ns
  Slack    :   +0.000 ns   Status : UNKNOWN
  Status   : N/A
  Coverage : 0.0%   Endpoints : 0 / 0
  Tool     : N/A
  Runtime  : N/A              Memory : N/A
  Run Dir  : N/A


================================================================================
END OF BLOCK DUMP LOG
================================================================================