****************************************
Report : timing
        -path_type full
        -delay_type min
        -max_paths 10
        -sort_by slack
Design : MUL_TOP
Version: PrimeTime 2023.06-SP3
Date   : Sat Aug 15 17:34:53 2026
Corner : ff_1p16v_1p16v_n40c
Note   : Worst-case Hold  — Fast corner, cold temp
****************************************

Operating Conditions : ff_1p16v_1p16v_n40c (Library: saed32nm_rvt)
Wire Load Model Mode : Interconnect (StarRC Extracted)

  Startpoint : u_mul_pp/din_reg[0]
               (rising edge-triggered flip-flop clocked by CLK_CORE)
  Endpoint   : u_mul_out/dout_reg[0]
               (rising edge-triggered flip-flop clocked by CLK_CORE)
  Path Group : CLK_CORE
  Path Type  : min

  Point                                                   Incr        Path
  -------------------------------------------------------------------------
  clock CLK_CORE (rise edge)                                  0.000       0.000
  clock network delay (propagated)                        0.15      0.15
  u_mul_pp/din_reg[0]/CK (DFFARX1_RVT)                        0.000       0.15 r
  u_mul_pp/din_reg[0]/Q  (DFFARX1_RVT)                        0.119       0.269 r
  u_mul_pp/U12/Y (INVX2_RVT)                                  0.062       0.331 f
  u_mul_pp/U34/Y (NAND2X1_RVT)                                0.079       0.41 r
  u_mul_csa/U07/Y (AOI22X1_RVT)                                0.106       0.516 f
  u_mul_csa/U19/Y (OAI21X1_RVT)                                0.081       0.597 r
  u_mul_add/U03/Y (MUX21X1_RVT)                                0.097       0.694 r
  u_mul_add/U11/Y (AND2X1_RVT)                                 0.045       0.739 f
  u_mul_add/U22/Y (NOR2X1_RVT)                                 0.074       0.813 r
  u_mul_out/U05/Y (BUFX4_RVT)                                  0.073       0.886 r
  u_mul_out/dout_reg[0]/D (DFFARX1_RVT)                        0.068      0.954 f
  data arrival time                                                    0.954

  clock CLK_CORE (rise edge)                                  2     2
  clock network delay (propagated)                        0.15      2.15
  clock uncertainty                                      -0.05   2.1
  u_mul_out/dout_reg[0]/CK (DFFARX1_RVT)                       0.000       2.1 r
  library setup time                                     -0.075   2.025
  data required time                                                   2.025
  -------------------------------------------------------------------------
  data required time                                                   2.025
  data arrival time                                                   -0.954
  -------------------------------------------------------------------------
  slack (MET)   1.071


=========================================================================
                   MUL_TOP — TIMING SUMMARY
=========================================================================

  Block        : MUL_TOP
  Corner       : ff_1p16v_1p16v_n40c
  Check        : min  (Worst-case Hold  — Fast corner, cold temp)
  Clock        : CLK_CORE  Period = 2 ns  (500 MHz)
  Technology   : SAED 32nm RVT

  ┌────────────────────────────────────────────────────────────────┐
  │ Sub-Unit      WNS (ns)  TNS (ns)  #Viol   WHS (ns)  #HViol  │
  ├────────────────────────────────────────────────────────────────┤
  │ u_mul_pp          1.071       0        0      0.101        0     │
  │ u_mul_csa          0.173       0        0      0.102        0     │
  │ u_mul_add          0.1       0        0      0.112        0     │
  │ u_mul_out          0.162       0        0      0.122        0     │
  ├────────────────────────────────────────────────────────────────┤
  │ MUL_TOP  1.071       0        0      0.101        0     │
  └────────────────────────────────────────────────────────────────┘

  Status : ALL PATHS CLEAN — No Setup or Hold Violations


=========================================================================
                   TIMING EXCEPTIONS APPLIED
=========================================================================

  set_false_path -from [get_ports SCAN_EN]      -to [all_registers]
  set_false_path -from [get_ports TEST_MODE]     -to [all_registers]
  set_multicycle_path 2 -setup -from [get_cells u_mul_pp/*] -to [get_cells u_mul_out/*]
  set_multicycle_path 1 -hold  -from [get_cells u_mul_pp/*] -to [get_cells u_mul_out/*]
  set_input_delay  0.400 -clock CLK_CORE -max [all_inputs]
  set_output_delay 0.350 -clock CLK_CORE -max [all_outputs]


=========================================================================
                   CLOCK DOMAIN SUMMARY
=========================================================================

  Clock    : CLK_CORE
  Period   : 2 ns
  Waveform : {0.000 1}
  Skew     : 0.018 ns  (max across MUL_TOP)
  Latency  : 0.15 ns  (max)


=========================================================================
                   CONSTRAINT COVERAGE
=========================================================================

  Total register endpoints   : 3499
  Constrained endpoints      : 5831
  Unconstrained endpoints    :      0
  Coverage                   :  100.0%


=========================================================================
                   TOOL / RUN INFORMATION
=========================================================================

  Tool         : Synopsys PrimeTime 2023.06-SP3
  Run Host     : sta-server-01
  Run Dir      : /proj/cpu_rtl/sta/EXECUTE/MUL/run_ff_1p16v_1p16v_n40c
  SDC File     : /proj/cpu_rtl/constraints/MUL_TOP.sdc
  Netlist      : /proj/cpu_rtl/netlist/MUL_TOP.v.gz
  SPEF File    : /proj/cpu_rtl/spef/MUL_TOP.spef.gz
  Liberty      : saed32nm_rvt_ff_1p16v_1p16v_n40c.db
  Elapsed Time : 00:03:44
  Peak Memory  : 3.185 GB

=========================================================================
End of Report
=========================================================================
