****************************************
Report : timing
        -path_type full
        -delay_type min
        -max_paths 10
        -sort_by slack
Design : MUL_TOP
Version: PrimeTime 2023.06-SP3
Date   : Sat Aug 15 17:34:53 2026
Corner : tt_0p90v_0p90v_25c
Note   : Typical Hold    — Nominal corner
****************************************

Operating Conditions : tt_0p90v_0p90v_25c (Library: saed32nm_rvt)
Wire Load Model Mode : Interconnect (StarRC Extracted)

  Startpoint : u_mul_pp/din_reg[0]
               (rising edge-triggered flip-flop clocked by CLK_CORE)
  Endpoint   : u_mul_out/dout_reg[0]
               (rising edge-triggered flip-flop clocked by CLK_CORE)
  Path Group : CLK_CORE
  Path Type  : min

  Point                                                   Incr        Path
  -------------------------------------------------------------------------
  clock CLK_CORE (rise edge)                                  0.000       0.000
  clock network delay (propagated)                        0.14      0.14
  u_mul_pp/din_reg[0]/CK (DFFARX1_RVT)                        0.000       0.14 r
  u_mul_pp/din_reg[0]/Q  (DFFARX1_RVT)                        0.131       0.271 r
  u_mul_pp/U12/Y (INVX2_RVT)                                  0.05       0.321 f
  u_mul_pp/U34/Y (NAND2X1_RVT)                                0.073       0.394 r
  u_mul_csa/U07/Y (AOI22X1_RVT)                                0.09       0.484 f
  u_mul_csa/U19/Y (OAI21X1_RVT)                                0.09       0.574 r
  u_mul_add/U03/Y (MUX21X1_RVT)                                0.064       0.638 r
  u_mul_add/U11/Y (AND2X1_RVT)                                 0.061       0.699 f
  u_mul_add/U22/Y (NOR2X1_RVT)                                 0.038       0.737 r
  u_mul_out/U05/Y (BUFX4_RVT)                                  0.062       0.799 r
  u_mul_out/dout_reg[0]/D (DFFARX1_RVT)                        0.065      0.864 f
  data arrival time                                                    0.864

  clock CLK_CORE (rise edge)                                  2     2
  clock network delay (propagated)                        0.14      2.14
  clock uncertainty                                      -0.05   2.09
  u_mul_out/dout_reg[0]/CK (DFFARX1_RVT)                       0.000       2.09 r
  library setup time                                     -0.083   2.007
  data required time                                                   2.007
  -------------------------------------------------------------------------
  data required time                                                   2.007
  data arrival time                                                   -0.864
  -------------------------------------------------------------------------
  slack (MET)   1.143


=========================================================================
                   MUL_TOP — TIMING SUMMARY
=========================================================================

  Block        : MUL_TOP
  Corner       : tt_0p90v_0p90v_25c
  Check        : min  (Typical Hold    — Nominal corner)
  Clock        : CLK_CORE  Period = 2 ns  (500 MHz)
  Technology   : SAED 32nm RVT

  ┌────────────────────────────────────────────────────────────────┐
  │ Sub-Unit      WNS (ns)  TNS (ns)  #Viol   WHS (ns)  #HViol  │
  ├────────────────────────────────────────────────────────────────┤
  │ u_mul_pp          1.143       0        0      0.061        0     │
  │ u_mul_csa          0.11       0        0      0.102        0     │
  │ u_mul_add          0.118       0        0      0.097        0     │
  │ u_mul_out          0.074       0        0      0.109        0     │
  ├────────────────────────────────────────────────────────────────┤
  │ MUL_TOP  1.143       0        0      0.061        0     │
  └────────────────────────────────────────────────────────────────┘

  Status : ALL PATHS CLEAN — No Setup or Hold Violations


=========================================================================
                   TIMING EXCEPTIONS APPLIED
=========================================================================

  set_false_path -from [get_ports SCAN_EN]      -to [all_registers]
  set_false_path -from [get_ports TEST_MODE]     -to [all_registers]
  set_multicycle_path 2 -setup -from [get_cells u_mul_pp/*] -to [get_cells u_mul_out/*]
  set_multicycle_path 1 -hold  -from [get_cells u_mul_pp/*] -to [get_cells u_mul_out/*]
  set_input_delay  0.400 -clock CLK_CORE -max [all_inputs]
  set_output_delay 0.350 -clock CLK_CORE -max [all_outputs]


=========================================================================
                   CLOCK DOMAIN SUMMARY
=========================================================================

  Clock    : CLK_CORE
  Period   : 2 ns
  Waveform : {0.000 1}
  Skew     : 0.021 ns  (max across MUL_TOP)
  Latency  : 0.14 ns  (max)


=========================================================================
                   CONSTRAINT COVERAGE
=========================================================================

  Total register endpoints   : 2505
  Constrained endpoints      : 1856
  Unconstrained endpoints    :      0
  Coverage                   :  100.0%


=========================================================================
                   TOOL / RUN INFORMATION
=========================================================================

  Tool         : Synopsys PrimeTime 2023.06-SP3
  Run Host     : sta-server-01
  Run Dir      : /proj/cpu_rtl/sta/EXECUTE/MUL/run_tt_0p90v_0p90v_25c
  SDC File     : /proj/cpu_rtl/constraints/MUL_TOP.sdc
  Netlist      : /proj/cpu_rtl/netlist/MUL_TOP.v.gz
  SPEF File    : /proj/cpu_rtl/spef/MUL_TOP.spef.gz
  Liberty      : saed32nm_rvt_tt_0p90v_0p90v_25c.db
  Elapsed Time : 00:03:41
  Peak Memory  : 4.694 GB

=========================================================================
End of Report
=========================================================================
