****************************************
Report : timing
        -path_type full
        -delay_type max
        -max_paths 10
        -sort_by slack
Design : MUL_TOP
Version: PrimeTime 2023.06-SP3
Date   : Sat Aug 15 17:34:53 2026
Corner : ss_0p72v_0p72v_m40c
Note   : Worst-case Setup — Slow corner, cold temp
****************************************

Operating Conditions : ss_0p72v_0p72v_m40c (Library: saed32nm_rvt)
Wire Load Model Mode : Interconnect (StarRC Extracted)

  Startpoint : u_mul_pp_gen/pp_reg[15]
               (rising edge-triggered flip-flop clocked by CLK_CORE)
  Endpoint   : u_mul_csa/s_reg[15]
               (rising edge-triggered flip-flop clocked by CLK_CORE)
  Path Group : CLK_CORE
  Path Type  : max

  Point                                                   Incr        Path
  -------------------------------------------------------------------------
  clock CLK_CORE (rise edge)                                  0.000       0.000
  clock network delay (propagated)                        0.155      0.155
  u_mul_pp_gen/pp_reg[15]/CK (DFFARX1_RVT)                     0.000       0.155 r
  u_mul_pp_gen/pp_reg[15]/Q  (DFFARX1_RVT)                     0.161       0.316 r
  u_mul_pp_gen/U22/Y (INVX2_RVT)                               0.053       0.369 f
  u_mul_pp_gen/U31/Y (NAND2X1_RVT)                             0.097       0.466 r
  u_mul_csa/U08/Y (AOI22X1_RVT)                                0.121       0.587 f
  u_mul_csa/U14/Y (OAI21X1_RVT)                                0.134       0.721 r
  u_mul_csa/U21/Y (MUX21X1_RVT)                                0.078       0.799 r
  u_mul_csa/U27/Y (AND2X1_RVT)                                 0.095       0.894 f
  u_mul_final/U03/Y (NOR2X1_RVT)                               0.089       0.983 r
  u_mul_final/U11/Y (BUFX4_RVT)                                0.071       1.054 r
  u_mul_csa/s_reg[15]/D (DFFARX1_RVT)                          0.088       1.142 f
  data arrival time                                                        1.142

  clock CLK_CORE (rise edge)                                  2     2
  clock network delay (propagated)                        0.155      2.155
  clock uncertainty                                      -0.05   2.105
  u_mul_csa/s_reg[15]/CK (DFFARX1_RVT)                         0.000       2.105 r
  library setup time                                     -0.069   2.036
  data required time                                                       2.036
  -------------------------------------------------------------------------
  data required time                                                       2.036
  data arrival time                                                       -2.234
  -------------------------------------------------------------------------
  slack (VIOLATED)   -0.198


=========================================================================
                   MUL_TOP — TIMING SUMMARY
=========================================================================

  Block        : MUL_TOP
  Corner       : ss_0p72v_0p72v_m40c
  Check        : max  (Worst-case Setup — Slow corner, cold temp)
  Clock        : CLK_CORE  Period = 2 ns  (500 MHz)
  Technology   : SAED 32nm RVT

  ┌────────────────────────────────────────────────────────────────┐
  │ Sub-Unit      WNS (ns)  TNS (ns)  #Viol   WHS (ns)  #HViol  │
  ├────────────────────────────────────────────────────────────────┤
  │ u_mul_pp_gen       -0.198      -3.168      16      0.071        0     │
  │ u_mul_csa          -0.074      -0.592       8      0.064        0     │
  │ u_mul_final         0.043       0.000       0      0.055        0     │
  │ u_mul_ctrl          0.011       0.000       0      0.048        0     │
  ├────────────────────────────────────────────────────────────────┤
  │ MUL_TOP    -0.198      -3.760      24      0.071        0     │
  └────────────────────────────────────────────────────────────────┘

  Status : TIMING VIOLATED — Setup violations detected
  SETUP VIOLATIONS : 24 paths   (WNS = -0.198 ns,  TNS = -3.760 ns)


=========================================================================
                   TIMING EXCEPTIONS APPLIED
=========================================================================

  set_false_path -from [get_ports SCAN_EN]      -to [all_registers]
  set_false_path -from [get_ports TEST_MODE]     -to [all_registers]
  set_multicycle_path 2 -setup -from [get_cells u_mul_pp_gen/*] -to [get_cells u_mul_csa/*]
  set_multicycle_path 1 -hold  -from [get_cells u_mul_pp_gen/*] -to [get_cells u_mul_csa/*]
  set_input_delay  0.400 -clock CLK_CORE -max [all_inputs]
  set_output_delay 0.350 -clock CLK_CORE -max [all_outputs]


=========================================================================
                   CLOCK DOMAIN SUMMARY
=========================================================================

  Clock    : CLK_CORE
  Period   : 2 ns
  Waveform : {0.000 1}
  Skew     : 0.019 ns  (max across MUL_TOP)
  Latency  : 0.155 ns  (max)


=========================================================================
                   CONSTRAINT COVERAGE
=========================================================================

  Total register endpoints   : 5820
  Constrained endpoints      : 5820
  Unconstrained endpoints    :      0
  Coverage                   :  100.0%


=========================================================================
                   TOOL / RUN INFORMATION
=========================================================================

  Tool         : Synopsys PrimeTime 2023.06-SP3
  Run Host     : sta-server-01
  Run Dir      : /proj/cpu_rtl/sta/EXECUTE/MUL/run_ss_0p72v_0p72v_m40c
  SDC File     : /proj/cpu_rtl/constraints/MUL_TOP.sdc
  Netlist      : /proj/cpu_rtl/netlist/MUL_TOP.v.gz
  SPEF File    : /proj/cpu_rtl/spef/MUL_TOP.spef.gz
  Liberty      : saed32nm_rvt_ss_0p72v_0p72v_m40c.db
  Elapsed Time : 00:05:44
  Peak Memory  : 5.213 GB

=========================================================================
End of Report
=========================================================================
