****************************************
Report : timing
        -path_type full
        -delay_type max
        -max_paths 10
        -sort_by slack
Design : MUL_TOP
Version: PrimeTime 2023.06-SP3
Date   : Sat Aug 15 17:34:53 2026
Corner : tt_0p90v_0p90v_25c
Note   : Clock Gating Check — Nominal corner
****************************************

Operating Conditions : tt_0p90v_0p90v_25c (Library: saed32nm_rvt)
Wire Load Model Mode : Interconnect (StarRC Extracted)

  Startpoint : u_mul_pp/din_reg[0]
               (rising edge-triggered flip-flop clocked by CLK_CORE)
  Endpoint   : u_mul_out/dout_reg[0]
               (rising edge-triggered flip-flop clocked by CLK_CORE)
  Path Group : CLK_CORE
  Path Type  : max

  Point                                                   Incr        Path
  -------------------------------------------------------------------------
  clock CLK_CORE (rise edge)                                  0.000       0.000
  clock network delay (propagated)                        0.154      0.154
  u_mul_pp/din_reg[0]/CK (DFFARX1_RVT)                        0.000       0.154 r
  u_mul_pp/din_reg[0]/Q  (DFFARX1_RVT)                        0.124       0.278 r
  u_mul_pp/U12/Y (INVX2_RVT)                                  0.044       0.322 f
  u_mul_pp/U34/Y (NAND2X1_RVT)                                0.079       0.401 r
  u_mul_csa/U07/Y (AOI22X1_RVT)                                0.08       0.481 f
  u_mul_csa/U19/Y (OAI21X1_RVT)                                0.085       0.566 r
  u_mul_add/U03/Y (MUX21X1_RVT)                                0.062       0.628 r
  u_mul_add/U11/Y (AND2X1_RVT)                                 0.046       0.674 f
  u_mul_add/U22/Y (NOR2X1_RVT)                                 0.039       0.713 r
  u_mul_out/U05/Y (BUFX4_RVT)                                  0.072       0.785 r
  u_mul_out/dout_reg[0]/D (DFFARX1_RVT)                        0.066      0.851 f
  data arrival time                                                    0.851

  clock CLK_CORE (rise edge)                                  2     2
  clock network delay (propagated)                        0.154      2.154
  clock uncertainty                                      -0.05   2.104
  u_mul_out/dout_reg[0]/CK (DFFARX1_RVT)                       0.000       2.104 r
  library setup time                                     -0.081   2.023
  data required time                                                   2.023
  -------------------------------------------------------------------------
  data required time                                                   2.023
  data arrival time                                                   -0.851
  -------------------------------------------------------------------------
  slack (MET)   1.172


=========================================================================
                   MUL_TOP — TIMING SUMMARY
=========================================================================

  Block        : MUL_TOP
  Corner       : tt_0p90v_0p90v_25c
  Check        : max  (Clock Gating Check — Nominal corner)
  Clock        : CLK_CORE  Period = 2 ns  (500 MHz)
  Technology   : SAED 32nm RVT

  ┌────────────────────────────────────────────────────────────────┐
  │ Sub-Unit      WNS (ns)  TNS (ns)  #Viol   WHS (ns)  #HViol  │
  ├────────────────────────────────────────────────────────────────┤
  │ u_mul_pp          1.172       0        0      0.065        0     │
  │ u_mul_csa          0.167       0        0      0.065        0     │
  │ u_mul_add          0.051       0        0      0.111        0     │
  │ u_mul_out          0.193       0        0      0.104        0     │
  ├────────────────────────────────────────────────────────────────┤
  │ MUL_TOP  1.172       0        0      0.065        0     │
  └────────────────────────────────────────────────────────────────┘

  Status : ALL PATHS CLEAN — No Setup or Hold Violations


=========================================================================
                   TIMING EXCEPTIONS APPLIED
=========================================================================

  set_false_path -from [get_ports SCAN_EN]      -to [all_registers]
  set_false_path -from [get_ports TEST_MODE]     -to [all_registers]
  set_multicycle_path 2 -setup -from [get_cells u_mul_pp/*] -to [get_cells u_mul_out/*]
  set_multicycle_path 1 -hold  -from [get_cells u_mul_pp/*] -to [get_cells u_mul_out/*]
  set_input_delay  0.400 -clock CLK_CORE -max [all_inputs]
  set_output_delay 0.350 -clock CLK_CORE -max [all_outputs]


=========================================================================
                   CLOCK DOMAIN SUMMARY
=========================================================================

  Clock    : CLK_CORE
  Period   : 2 ns
  Waveform : {0.000 1}
  Skew     : 0.022 ns  (max across MUL_TOP)
  Latency  : 0.154 ns  (max)


=========================================================================
                   CONSTRAINT COVERAGE
=========================================================================

  Total register endpoints   : 1426
  Constrained endpoints      : 4973
  Unconstrained endpoints    :      0
  Coverage                   :  100.0%


=========================================================================
                   TOOL / RUN INFORMATION
=========================================================================

  Tool         : Synopsys PrimeTime 2023.06-SP3
  Run Host     : sta-server-01
  Run Dir      : /proj/cpu_rtl/sta/EXECUTE/MUL/run_tt_0p90v_0p90v_25c
  SDC File     : /proj/cpu_rtl/constraints/MUL_TOP.sdc
  Netlist      : /proj/cpu_rtl/netlist/MUL_TOP.v.gz
  SPEF File    : /proj/cpu_rtl/spef/MUL_TOP.spef.gz
  Liberty      : saed32nm_rvt_tt_0p90v_0p90v_25c.db
  Elapsed Time : 00:04:58
  Peak Memory  : 3.614 GB

=========================================================================
End of Report
=========================================================================
