****************************************
Report : timing
        -path_type full
        -delay_type max
        -max_paths 10
        -sort_by slack
Design : MUL_TOP
Version: PrimeTime 2023.06-SP3
Date   : Sat Aug 15 17:34:53 2026
Corner : tt_0p90v_0p90v_25c
Note   : Multicycle Path Check — 2-cycle paths
****************************************

Operating Conditions : tt_0p90v_0p90v_25c (Library: saed32nm_rvt)
Wire Load Model Mode : Interconnect (StarRC Extracted)

  Startpoint : u_mul_pp/din_reg[0]
               (rising edge-triggered flip-flop clocked by CLK_CORE)
  Endpoint   : u_mul_out/dout_reg[0]
               (rising edge-triggered flip-flop clocked by CLK_CORE)
  Path Group : CLK_CORE
  Path Type  : max

  Point                                                   Incr        Path
  -------------------------------------------------------------------------
  clock CLK_CORE (rise edge)                                  0.000       0.000
  clock network delay (propagated)                        0.162      0.162
  u_mul_pp/din_reg[0]/CK (DFFARX1_RVT)                        0.000       0.162 r
  u_mul_pp/din_reg[0]/Q  (DFFARX1_RVT)                        0.13       0.292 r
  u_mul_pp/U12/Y (INVX2_RVT)                                  0.039       0.331 f
  u_mul_pp/U34/Y (NAND2X1_RVT)                                0.088       0.419 r
  u_mul_csa/U07/Y (AOI22X1_RVT)                                0.083       0.502 f
  u_mul_csa/U19/Y (OAI21X1_RVT)                                0.1       0.602 r
  u_mul_add/U03/Y (MUX21X1_RVT)                                0.088       0.69 r
  u_mul_add/U11/Y (AND2X1_RVT)                                 0.085       0.775 f
  u_mul_add/U22/Y (NOR2X1_RVT)                                 0.063       0.838 r
  u_mul_out/U05/Y (BUFX4_RVT)                                  0.09       0.928 r
  u_mul_out/dout_reg[0]/D (DFFARX1_RVT)                        0.063      0.991 f
  data arrival time                                                    0.991

  clock CLK_CORE (rise edge)                                  2     2
  clock network delay (propagated)                        0.162      2.162
  clock uncertainty                                      -0.05   2.112
  u_mul_out/dout_reg[0]/CK (DFFARX1_RVT)                       0.000       2.112 r
  library setup time                                     -0.07   2.042
  data required time                                                   2.042
  -------------------------------------------------------------------------
  data required time                                                   2.042
  data arrival time                                                   -0.991
  -------------------------------------------------------------------------
  slack (MET)   1.051


=========================================================================
                   MUL_TOP — TIMING SUMMARY
=========================================================================

  Block        : MUL_TOP
  Corner       : tt_0p90v_0p90v_25c
  Check        : max  (Multicycle Path Check — 2-cycle paths)
  Clock        : CLK_CORE  Period = 2 ns  (500 MHz)
  Technology   : SAED 32nm RVT

  ┌────────────────────────────────────────────────────────────────┐
  │ Sub-Unit      WNS (ns)  TNS (ns)  #Viol   WHS (ns)  #HViol  │
  ├────────────────────────────────────────────────────────────────┤
  │ u_mul_pp          1.051       0        0      0.079        0     │
  │ u_mul_csa          0.192       0        0      0.064        0     │
  │ u_mul_add          0.175       0        0      0.116        0     │
  │ u_mul_out          0.175       0        0      0.127        0     │
  ├────────────────────────────────────────────────────────────────┤
  │ MUL_TOP  1.051       0        0      0.079        0     │
  └────────────────────────────────────────────────────────────────┘

  Status : ALL PATHS CLEAN — No Setup or Hold Violations


=========================================================================
                   TIMING EXCEPTIONS APPLIED
=========================================================================

  set_false_path -from [get_ports SCAN_EN]      -to [all_registers]
  set_false_path -from [get_ports TEST_MODE]     -to [all_registers]
  set_multicycle_path 2 -setup -from [get_cells u_mul_pp/*] -to [get_cells u_mul_out/*]
  set_multicycle_path 1 -hold  -from [get_cells u_mul_pp/*] -to [get_cells u_mul_out/*]
  set_input_delay  0.400 -clock CLK_CORE -max [all_inputs]
  set_output_delay 0.350 -clock CLK_CORE -max [all_outputs]


=========================================================================
                   CLOCK DOMAIN SUMMARY
=========================================================================

  Clock    : CLK_CORE
  Period   : 2 ns
  Waveform : {0.000 1}
  Skew     : 0.02 ns  (max across MUL_TOP)
  Latency  : 0.162 ns  (max)


=========================================================================
                   CONSTRAINT COVERAGE
=========================================================================

  Total register endpoints   : 2094
  Constrained endpoints      : 2082
  Unconstrained endpoints    :      0
  Coverage                   :  100.0%


=========================================================================
                   TOOL / RUN INFORMATION
=========================================================================

  Tool         : Synopsys PrimeTime 2023.06-SP3
  Run Host     : sta-server-01
  Run Dir      : /proj/cpu_rtl/sta/EXECUTE/MUL/run_tt_0p90v_0p90v_25c
  SDC File     : /proj/cpu_rtl/constraints/MUL_TOP.sdc
  Netlist      : /proj/cpu_rtl/netlist/MUL_TOP.v.gz
  SPEF File    : /proj/cpu_rtl/spef/MUL_TOP.spef.gz
  Liberty      : saed32nm_rvt_tt_0p90v_0p90v_25c.db
  Elapsed Time : 00:01:32
  Peak Memory  : 1.752 GB

=========================================================================
End of Report
=========================================================================
