****************************************
Report : timing
        -path_type full
        -delay_type max
        -max_paths 10
        -sort_by slack
Design : MICRO_OP_SPLIT_TOP
Version: PrimeTime 2023.06-SP3
Date   : Sat Aug 15 17:34:53 2026
Corner : ss_0p72v_0p72v_125c
Note   : Worst-case Setup — Slow corner, high temp
****************************************

Operating Conditions : ss_0p72v_0p72v_125c (Library: saed32nm_rvt)
Wire Load Model Mode : Interconnect (StarRC Extracted)

  Startpoint : u_ms_fsm/din_reg[0]
               (rising edge-triggered flip-flop clocked by CLK_CORE)
  Endpoint   : u_ms_out/dout_reg[0]
               (rising edge-triggered flip-flop clocked by CLK_CORE)
  Path Group : CLK_CORE
  Path Type  : max

  Point                                                   Incr        Path
  -------------------------------------------------------------------------
  clock CLK_CORE (rise edge)                                  0.000       0.000
  clock network delay (propagated)                        0.164      0.164
  u_ms_fsm/din_reg[0]/CK (DFFARX1_RVT)                        0.000       0.164 r
  u_ms_fsm/din_reg[0]/Q  (DFFARX1_RVT)                        0.139       0.303 r
  u_ms_fsm/U12/Y (INVX2_RVT)                                  0.031       0.334 f
  u_ms_fsm/U34/Y (NAND2X1_RVT)                                0.065       0.399 r
  u_ms_lut/U07/Y (AOI22X1_RVT)                                0.104       0.503 f
  u_ms_lut/U19/Y (OAI21X1_RVT)                                0.109       0.612 r
  u_ms_cnt/U03/Y (MUX21X1_RVT)                                0.092       0.704 r
  u_ms_cnt/U11/Y (AND2X1_RVT)                                 0.071       0.775 f
  u_ms_cnt/U22/Y (NOR2X1_RVT)                                 0.067       0.842 r
  u_ms_out/U05/Y (BUFX4_RVT)                                  0.057       0.899 r
  u_ms_out/dout_reg[0]/D (DFFARX1_RVT)                        0.071      0.97 f
  data arrival time                                                    0.97

  clock CLK_CORE (rise edge)                                  2     2
  clock network delay (propagated)                        0.164      2.164
  clock uncertainty                                      -0.05   2.114
  u_ms_out/dout_reg[0]/CK (DFFARX1_RVT)                       0.000       2.114 r
  library setup time                                     -0.08   2.034
  data required time                                                   2.034
  -------------------------------------------------------------------------
  data required time                                                   2.034
  data arrival time                                                   -0.97
  -------------------------------------------------------------------------
  slack (MET)   1.064


=========================================================================
                   MICRO_OP_SPLIT_TOP — TIMING SUMMARY
=========================================================================

  Block        : MICRO_OP_SPLIT_TOP
  Corner       : ss_0p72v_0p72v_125c
  Check        : max  (Worst-case Setup — Slow corner, high temp)
  Clock        : CLK_CORE  Period = 2 ns  (500 MHz)
  Technology   : SAED 32nm RVT

  ┌────────────────────────────────────────────────────────────────┐
  │ Sub-Unit      WNS (ns)  TNS (ns)  #Viol   WHS (ns)  #HViol  │
  ├────────────────────────────────────────────────────────────────┤
  │ u_ms_fsm          1.064       0        0      0.102        0     │
  │ u_ms_lut          0.07       0        0      0.084        0     │
  │ u_ms_cnt          0.134       0        0      0.06        0     │
  │ u_ms_out          0.196       0        0      0.101        0     │
  ├────────────────────────────────────────────────────────────────┤
  │ MICRO_OP_SPLIT_TOP  1.064       0        0      0.102        0     │
  └────────────────────────────────────────────────────────────────┘

  Status : ALL PATHS CLEAN — No Setup or Hold Violations


=========================================================================
                   TIMING EXCEPTIONS APPLIED
=========================================================================

  set_false_path -from [get_ports SCAN_EN]      -to [all_registers]
  set_false_path -from [get_ports TEST_MODE]     -to [all_registers]
  set_multicycle_path 2 -setup -from [get_cells u_ms_fsm/*] -to [get_cells u_ms_out/*]
  set_multicycle_path 1 -hold  -from [get_cells u_ms_fsm/*] -to [get_cells u_ms_out/*]
  set_input_delay  0.400 -clock CLK_CORE -max [all_inputs]
  set_output_delay 0.350 -clock CLK_CORE -max [all_outputs]


=========================================================================
                   CLOCK DOMAIN SUMMARY
=========================================================================

  Clock    : CLK_CORE
  Period   : 2 ns
  Waveform : {0.000 1}
  Skew     : 0.024 ns  (max across MICRO_OP_SPLIT_TOP)
  Latency  : 0.164 ns  (max)


=========================================================================
                   CONSTRAINT COVERAGE
=========================================================================

  Total register endpoints   : 2482
  Constrained endpoints      : 5732
  Unconstrained endpoints    :      0
  Coverage                   :  100.0%


=========================================================================
                   TOOL / RUN INFORMATION
=========================================================================

  Tool         : Synopsys PrimeTime 2023.06-SP3
  Run Host     : sta-server-01
  Run Dir      : /proj/cpu_rtl/sta/DECODE/MICRO_OP_SPLITTER/run_ss_0p72v_0p72v_125c
  SDC File     : /proj/cpu_rtl/constraints/MICRO_OP_SPLIT_TOP.sdc
  Netlist      : /proj/cpu_rtl/netlist/MICRO_OP_SPLIT_TOP.v.gz
  SPEF File    : /proj/cpu_rtl/spef/MICRO_OP_SPLIT_TOP.spef.gz
  Liberty      : saed32nm_rvt_ss_0p72v_0p72v_125c.db
  Elapsed Time : 00:02:15
  Peak Memory  : 1.804 GB

=========================================================================
End of Report
=========================================================================
