****************************************
Report : timing
        -path_type full
        -delay_type max
        -max_paths 10
        -sort_by slack
Design : MICRO_OP_SPLIT_TOP
Version: PrimeTime 2023.06-SP3
Date   : Sat Aug 15 17:34:53 2026
Corner : ss_0p72v_0p72v_n40c
Note   : Cold Setup      — Slow corner, cold temp
****************************************

Operating Conditions : ss_0p72v_0p72v_n40c (Library: saed32nm_rvt)
Wire Load Model Mode : Interconnect (StarRC Extracted)

  Startpoint : u_ms_fsm/din_reg[0]
               (rising edge-triggered flip-flop clocked by CLK_CORE)
  Endpoint   : u_ms_out/dout_reg[0]
               (rising edge-triggered flip-flop clocked by CLK_CORE)
  Path Group : CLK_CORE
  Path Type  : max

  Point                                                   Incr        Path
  -------------------------------------------------------------------------
  clock CLK_CORE (rise edge)                                  0.000       0.000
  clock network delay (propagated)                        0.162      0.162
  u_ms_fsm/din_reg[0]/CK (DFFARX1_RVT)                        0.000       0.162 r
  u_ms_fsm/din_reg[0]/Q  (DFFARX1_RVT)                        0.135       0.297 r
  u_ms_fsm/U12/Y (INVX2_RVT)                                  0.051       0.348 f
  u_ms_fsm/U34/Y (NAND2X1_RVT)                                0.065       0.413 r
  u_ms_lut/U07/Y (AOI22X1_RVT)                                0.109       0.522 f
  u_ms_lut/U19/Y (OAI21X1_RVT)                                0.105       0.627 r
  u_ms_cnt/U03/Y (MUX21X1_RVT)                                0.066       0.693 r
  u_ms_cnt/U11/Y (AND2X1_RVT)                                 0.082       0.775 f
  u_ms_cnt/U22/Y (NOR2X1_RVT)                                 0.041       0.816 r
  u_ms_out/U05/Y (BUFX4_RVT)                                  0.073       0.889 r
  u_ms_out/dout_reg[0]/D (DFFARX1_RVT)                        0.055      0.944 f
  data arrival time                                                    0.944

  clock CLK_CORE (rise edge)                                  2     2
  clock network delay (propagated)                        0.162      2.162
  clock uncertainty                                      -0.05   2.112
  u_ms_out/dout_reg[0]/CK (DFFARX1_RVT)                       0.000       2.112 r
  library setup time                                     -0.075   2.037
  data required time                                                   2.037
  -------------------------------------------------------------------------
  data required time                                                   2.037
  data arrival time                                                   -0.944
  -------------------------------------------------------------------------
  slack (MET)   1.093


=========================================================================
                   MICRO_OP_SPLIT_TOP — TIMING SUMMARY
=========================================================================

  Block        : MICRO_OP_SPLIT_TOP
  Corner       : ss_0p72v_0p72v_n40c
  Check        : max  (Cold Setup      — Slow corner, cold temp)
  Clock        : CLK_CORE  Period = 2 ns  (500 MHz)
  Technology   : SAED 32nm RVT

  ┌────────────────────────────────────────────────────────────────┐
  │ Sub-Unit      WNS (ns)  TNS (ns)  #Viol   WHS (ns)  #HViol  │
  ├────────────────────────────────────────────────────────────────┤
  │ u_ms_fsm          1.093       0        0      0.061        0     │
  │ u_ms_lut          0.091       0        0      0.102        0     │
  │ u_ms_cnt          0.199       0        0      0.069        0     │
  │ u_ms_out          0.174       0        0      0.121        0     │
  ├────────────────────────────────────────────────────────────────┤
  │ MICRO_OP_SPLIT_TOP  1.093       0        0      0.061        0     │
  └────────────────────────────────────────────────────────────────┘

  Status : ALL PATHS CLEAN — No Setup or Hold Violations


=========================================================================
                   TIMING EXCEPTIONS APPLIED
=========================================================================

  set_false_path -from [get_ports SCAN_EN]      -to [all_registers]
  set_false_path -from [get_ports TEST_MODE]     -to [all_registers]
  set_multicycle_path 2 -setup -from [get_cells u_ms_fsm/*] -to [get_cells u_ms_out/*]
  set_multicycle_path 1 -hold  -from [get_cells u_ms_fsm/*] -to [get_cells u_ms_out/*]
  set_input_delay  0.400 -clock CLK_CORE -max [all_inputs]
  set_output_delay 0.350 -clock CLK_CORE -max [all_outputs]


=========================================================================
                   CLOCK DOMAIN SUMMARY
=========================================================================

  Clock    : CLK_CORE
  Period   : 2 ns
  Waveform : {0.000 1}
  Skew     : 0.019 ns  (max across MICRO_OP_SPLIT_TOP)
  Latency  : 0.162 ns  (max)


=========================================================================
                   CONSTRAINT COVERAGE
=========================================================================

  Total register endpoints   : 5970
  Constrained endpoints      : 1171
  Unconstrained endpoints    :      0
  Coverage                   :  100.0%


=========================================================================
                   TOOL / RUN INFORMATION
=========================================================================

  Tool         : Synopsys PrimeTime 2023.06-SP3
  Run Host     : sta-server-01
  Run Dir      : /proj/cpu_rtl/sta/DECODE/MICRO_OP_SPLITTER/run_ss_0p72v_0p72v_n40c
  SDC File     : /proj/cpu_rtl/constraints/MICRO_OP_SPLIT_TOP.sdc
  Netlist      : /proj/cpu_rtl/netlist/MICRO_OP_SPLIT_TOP.v.gz
  SPEF File    : /proj/cpu_rtl/spef/MICRO_OP_SPLIT_TOP.spef.gz
  Liberty      : saed32nm_rvt_ss_0p72v_0p72v_n40c.db
  Elapsed Time : 00:05:39
  Peak Memory  : 3.701 GB

=========================================================================
End of Report
=========================================================================
