****************************************
Report : timing
        -path_type full
        -delay_type max
        -max_paths 10
        -sort_by slack
Design : MICRO_OP_SPLIT_TOP
Version: PrimeTime 2023.06-SP3
Date   : Sat Aug 15 17:34:53 2026
Corner : ss_0p72v_0p72v_125c
Note   : Recovery/Removal Check — Async reset paths
****************************************

Operating Conditions : ss_0p72v_0p72v_125c (Library: saed32nm_rvt)
Wire Load Model Mode : Interconnect (StarRC Extracted)

  Startpoint : u_ms_fsm/din_reg[0]
               (rising edge-triggered flip-flop clocked by CLK_CORE)
  Endpoint   : u_ms_out/dout_reg[0]
               (rising edge-triggered flip-flop clocked by CLK_CORE)
  Path Group : CLK_CORE
  Path Type  : max

  Point                                                   Incr        Path
  -------------------------------------------------------------------------
  clock CLK_CORE (rise edge)                                  0.000       0.000
  clock network delay (propagated)                        0.161      0.161
  u_ms_fsm/din_reg[0]/CK (DFFARX1_RVT)                        0.000       0.161 r
  u_ms_fsm/din_reg[0]/Q  (DFFARX1_RVT)                        0.124       0.285 r
  u_ms_fsm/U12/Y (INVX2_RVT)                                  0.061       0.346 f
  u_ms_fsm/U34/Y (NAND2X1_RVT)                                0.066       0.412 r
  u_ms_lut/U07/Y (AOI22X1_RVT)                                0.076       0.488 f
  u_ms_lut/U19/Y (OAI21X1_RVT)                                0.115       0.603 r
  u_ms_cnt/U03/Y (MUX21X1_RVT)                                0.064       0.667 r
  u_ms_cnt/U11/Y (AND2X1_RVT)                                 0.049       0.716 f
  u_ms_cnt/U22/Y (NOR2X1_RVT)                                 0.052       0.768 r
  u_ms_out/U05/Y (BUFX4_RVT)                                  0.076       0.844 r
  u_ms_out/dout_reg[0]/D (DFFARX1_RVT)                        0.064      0.908 f
  data arrival time                                                    0.908

  clock CLK_CORE (rise edge)                                  2     2
  clock network delay (propagated)                        0.161      2.161
  clock uncertainty                                      -0.05   2.111
  u_ms_out/dout_reg[0]/CK (DFFARX1_RVT)                       0.000       2.111 r
  library setup time                                     -0.084   2.027
  data required time                                                   2.027
  -------------------------------------------------------------------------
  data required time                                                   2.027
  data arrival time                                                   -0.908
  -------------------------------------------------------------------------
  slack (MET)   1.119


=========================================================================
                   MICRO_OP_SPLIT_TOP — TIMING SUMMARY
=========================================================================

  Block        : MICRO_OP_SPLIT_TOP
  Corner       : ss_0p72v_0p72v_125c
  Check        : max  (Recovery/Removal Check — Async reset paths)
  Clock        : CLK_CORE  Period = 2 ns  (500 MHz)
  Technology   : SAED 32nm RVT

  ┌────────────────────────────────────────────────────────────────┐
  │ Sub-Unit      WNS (ns)  TNS (ns)  #Viol   WHS (ns)  #HViol  │
  ├────────────────────────────────────────────────────────────────┤
  │ u_ms_fsm          1.119       0        0      0.093        0     │
  │ u_ms_lut          0.061       0        0      0.061        0     │
  │ u_ms_cnt          0.178       0        0      0.126        0     │
  │ u_ms_out          0.089       0        0      0.074        0     │
  ├────────────────────────────────────────────────────────────────┤
  │ MICRO_OP_SPLIT_TOP  1.119       0        0      0.093        0     │
  └────────────────────────────────────────────────────────────────┘

  Status : ALL PATHS CLEAN — No Setup or Hold Violations


=========================================================================
                   TIMING EXCEPTIONS APPLIED
=========================================================================

  set_false_path -from [get_ports SCAN_EN]      -to [all_registers]
  set_false_path -from [get_ports TEST_MODE]     -to [all_registers]
  set_multicycle_path 2 -setup -from [get_cells u_ms_fsm/*] -to [get_cells u_ms_out/*]
  set_multicycle_path 1 -hold  -from [get_cells u_ms_fsm/*] -to [get_cells u_ms_out/*]
  set_input_delay  0.400 -clock CLK_CORE -max [all_inputs]
  set_output_delay 0.350 -clock CLK_CORE -max [all_outputs]


=========================================================================
                   CLOCK DOMAIN SUMMARY
=========================================================================

  Clock    : CLK_CORE
  Period   : 2 ns
  Waveform : {0.000 1}
  Skew     : 0.02 ns  (max across MICRO_OP_SPLIT_TOP)
  Latency  : 0.161 ns  (max)


=========================================================================
                   CONSTRAINT COVERAGE
=========================================================================

  Total register endpoints   : 3217
  Constrained endpoints      : 4544
  Unconstrained endpoints    :      0
  Coverage                   :  100.0%


=========================================================================
                   TOOL / RUN INFORMATION
=========================================================================

  Tool         : Synopsys PrimeTime 2023.06-SP3
  Run Host     : sta-server-01
  Run Dir      : /proj/cpu_rtl/sta/DECODE/MICRO_OP_SPLITTER/run_ss_0p72v_0p72v_125c
  SDC File     : /proj/cpu_rtl/constraints/MICRO_OP_SPLIT_TOP.sdc
  Netlist      : /proj/cpu_rtl/netlist/MICRO_OP_SPLIT_TOP.v.gz
  SPEF File    : /proj/cpu_rtl/spef/MICRO_OP_SPLIT_TOP.spef.gz
  Liberty      : saed32nm_rvt_ss_0p72v_0p72v_125c.db
  Elapsed Time : 00:02:12
  Peak Memory  : 4.607 GB

=========================================================================
End of Report
=========================================================================
