****************************************
Report : timing
        -path_type full
        -delay_type max
        -max_paths 10
        -sort_by slack
Design : FETCH_QUEUE_TOP
Version: PrimeTime 2023.06-SP3
Date   : Sat Aug 15 17:34:53 2026
Corner : ss_0p72v_0p72v_125c
Note   : Worst-case Setup — Slow corner, high temp
****************************************

Operating Conditions : ss_0p72v_0p72v_125c (Library: saed32nm_rvt)
Wire Load Model Mode : Interconnect (StarRC Extracted)

  Startpoint : u_fq_ctrl/din_reg[0]
               (rising edge-triggered flip-flop clocked by CLK_CORE)
  Endpoint   : u_fq_val/dout_reg[0]
               (rising edge-triggered flip-flop clocked by CLK_CORE)
  Path Group : CLK_CORE
  Path Type  : max

  Point                                                   Incr        Path
  -------------------------------------------------------------------------
  clock CLK_CORE (rise edge)                                  0.000       0.000
  clock network delay (propagated)                        0.145      0.145
  u_fq_ctrl/din_reg[0]/CK (DFFARX1_RVT)                        0.000       0.145 r
  u_fq_ctrl/din_reg[0]/Q  (DFFARX1_RVT)                        0.14       0.285 r
  u_fq_ctrl/U12/Y (INVX2_RVT)                                  0.037       0.322 f
  u_fq_ctrl/U34/Y (NAND2X1_RVT)                                0.087       0.409 r
  u_fq_buf/U07/Y (AOI22X1_RVT)                                0.106       0.515 f
  u_fq_buf/U19/Y (OAI21X1_RVT)                                0.118       0.633 r
  u_fq_ptr/U03/Y (MUX21X1_RVT)                                0.064       0.697 r
  u_fq_ptr/U11/Y (AND2X1_RVT)                                 0.057       0.754 f
  u_fq_ptr/U22/Y (NOR2X1_RVT)                                 0.038       0.792 r
  u_fq_val/U05/Y (BUFX4_RVT)                                  0.087       0.879 r
  u_fq_val/dout_reg[0]/D (DFFARX1_RVT)                        0.069      0.948 f
  data arrival time                                                    0.948

  clock CLK_CORE (rise edge)                                  2     2
  clock network delay (propagated)                        0.145      2.145
  clock uncertainty                                      -0.05   2.095
  u_fq_val/dout_reg[0]/CK (DFFARX1_RVT)                       0.000       2.095 r
  library setup time                                     -0.07   2.025
  data required time                                                   2.025
  -------------------------------------------------------------------------
  data required time                                                   2.025
  data arrival time                                                   -0.948
  -------------------------------------------------------------------------
  slack (MET)   1.077


=========================================================================
                   FETCH_QUEUE_TOP — TIMING SUMMARY
=========================================================================

  Block        : FETCH_QUEUE_TOP
  Corner       : ss_0p72v_0p72v_125c
  Check        : max  (Worst-case Setup — Slow corner, high temp)
  Clock        : CLK_CORE  Period = 2 ns  (500 MHz)
  Technology   : SAED 32nm RVT

  ┌────────────────────────────────────────────────────────────────┐
  │ Sub-Unit      WNS (ns)  TNS (ns)  #Viol   WHS (ns)  #HViol  │
  ├────────────────────────────────────────────────────────────────┤
  │ u_fq_ctrl          1.077       0        0      0.109        0     │
  │ u_fq_buf          0.175       0        0      0.111        0     │
  │ u_fq_ptr          0.158       0        0      0.113        0     │
  │ u_fq_val          0.096       0        0      0.091        0     │
  ├────────────────────────────────────────────────────────────────┤
  │ FETCH_QUEUE_TOP  1.077       0        0      0.109        0     │
  └────────────────────────────────────────────────────────────────┘

  Status : ALL PATHS CLEAN — No Setup or Hold Violations


=========================================================================
                   TIMING EXCEPTIONS APPLIED
=========================================================================

  set_false_path -from [get_ports SCAN_EN]      -to [all_registers]
  set_false_path -from [get_ports TEST_MODE]     -to [all_registers]
  set_multicycle_path 2 -setup -from [get_cells u_fq_ctrl/*] -to [get_cells u_fq_val/*]
  set_multicycle_path 1 -hold  -from [get_cells u_fq_ctrl/*] -to [get_cells u_fq_val/*]
  set_input_delay  0.400 -clock CLK_CORE -max [all_inputs]
  set_output_delay 0.350 -clock CLK_CORE -max [all_outputs]


=========================================================================
                   CLOCK DOMAIN SUMMARY
=========================================================================

  Clock    : CLK_CORE
  Period   : 2 ns
  Waveform : {0.000 1}
  Skew     : 0.018 ns  (max across FETCH_QUEUE_TOP)
  Latency  : 0.145 ns  (max)


=========================================================================
                   CONSTRAINT COVERAGE
=========================================================================

  Total register endpoints   : 3034
  Constrained endpoints      : 1325
  Unconstrained endpoints    :      0
  Coverage                   :  100.0%


=========================================================================
                   TOOL / RUN INFORMATION
=========================================================================

  Tool         : Synopsys PrimeTime 2023.06-SP3
  Run Host     : sta-server-01
  Run Dir      : /proj/cpu_rtl/sta/FETCH/FETCH_QUEUE/run_ss_0p72v_0p72v_125c
  SDC File     : /proj/cpu_rtl/constraints/FETCH_QUEUE_TOP.sdc
  Netlist      : /proj/cpu_rtl/netlist/FETCH_QUEUE_TOP.v.gz
  SPEF File    : /proj/cpu_rtl/spef/FETCH_QUEUE_TOP.spef.gz
  Liberty      : saed32nm_rvt_ss_0p72v_0p72v_125c.db
  Elapsed Time : 00:01:20
  Peak Memory  : 3.185 GB

=========================================================================
End of Report
=========================================================================
