****************************************
Report : timing
        -path_type full
        -delay_type max
        -max_paths 10
        -sort_by slack
Design : FETCH_QUEUE_TOP
Version: PrimeTime 2023.06-SP3
Date   : Sat Aug 15 17:34:53 2026
Corner : tt_0p90v_0p90v_25c
Note   : Typical Setup   — Nominal corner
****************************************

Operating Conditions : tt_0p90v_0p90v_25c (Library: saed32nm_rvt)
Wire Load Model Mode : Interconnect (StarRC Extracted)

  Startpoint : u_fq_ctrl/din_reg[0]
               (rising edge-triggered flip-flop clocked by CLK_CORE)
  Endpoint   : u_fq_val/dout_reg[0]
               (rising edge-triggered flip-flop clocked by CLK_CORE)
  Path Group : CLK_CORE
  Path Type  : max

  Point                                                   Incr        Path
  -------------------------------------------------------------------------
  clock CLK_CORE (rise edge)                                  0.000       0.000
  clock network delay (propagated)                        0.13      0.13
  u_fq_ctrl/din_reg[0]/CK (DFFARX1_RVT)                        0.000       0.13 r
  u_fq_ctrl/din_reg[0]/Q  (DFFARX1_RVT)                        0.138       0.268 r
  u_fq_ctrl/U12/Y (INVX2_RVT)                                  0.031       0.299 f
  u_fq_ctrl/U34/Y (NAND2X1_RVT)                                0.071       0.37 r
  u_fq_buf/U07/Y (AOI22X1_RVT)                                0.073       0.443 f
  u_fq_buf/U19/Y (OAI21X1_RVT)                                0.113       0.556 r
  u_fq_ptr/U03/Y (MUX21X1_RVT)                                0.094       0.65 r
  u_fq_ptr/U11/Y (AND2X1_RVT)                                 0.073       0.723 f
  u_fq_ptr/U22/Y (NOR2X1_RVT)                                 0.041       0.764 r
  u_fq_val/U05/Y (BUFX4_RVT)                                  0.058       0.822 r
  u_fq_val/dout_reg[0]/D (DFFARX1_RVT)                        0.07      0.892 f
  data arrival time                                                    0.892

  clock CLK_CORE (rise edge)                                  2     2
  clock network delay (propagated)                        0.13      2.13
  clock uncertainty                                      -0.05   2.08
  u_fq_val/dout_reg[0]/CK (DFFARX1_RVT)                       0.000       2.08 r
  library setup time                                     -0.074   2.006
  data required time                                                   2.006
  -------------------------------------------------------------------------
  data required time                                                   2.006
  data arrival time                                                   -0.892
  -------------------------------------------------------------------------
  slack (MET)   1.114


=========================================================================
                   FETCH_QUEUE_TOP — TIMING SUMMARY
=========================================================================

  Block        : FETCH_QUEUE_TOP
  Corner       : tt_0p90v_0p90v_25c
  Check        : max  (Typical Setup   — Nominal corner)
  Clock        : CLK_CORE  Period = 2 ns  (500 MHz)
  Technology   : SAED 32nm RVT

  ┌────────────────────────────────────────────────────────────────┐
  │ Sub-Unit      WNS (ns)  TNS (ns)  #Viol   WHS (ns)  #HViol  │
  ├────────────────────────────────────────────────────────────────┤
  │ u_fq_ctrl          1.114       0        0      0.07        0     │
  │ u_fq_buf          0.149       0        0      0.113        0     │
  │ u_fq_ptr          0.118       0        0      0.069        0     │
  │ u_fq_val          0.175       0        0      0.082        0     │
  ├────────────────────────────────────────────────────────────────┤
  │ FETCH_QUEUE_TOP  1.114       0        0      0.07        0     │
  └────────────────────────────────────────────────────────────────┘

  Status : ALL PATHS CLEAN — No Setup or Hold Violations


=========================================================================
                   TIMING EXCEPTIONS APPLIED
=========================================================================

  set_false_path -from [get_ports SCAN_EN]      -to [all_registers]
  set_false_path -from [get_ports TEST_MODE]     -to [all_registers]
  set_multicycle_path 2 -setup -from [get_cells u_fq_ctrl/*] -to [get_cells u_fq_val/*]
  set_multicycle_path 1 -hold  -from [get_cells u_fq_ctrl/*] -to [get_cells u_fq_val/*]
  set_input_delay  0.400 -clock CLK_CORE -max [all_inputs]
  set_output_delay 0.350 -clock CLK_CORE -max [all_outputs]


=========================================================================
                   CLOCK DOMAIN SUMMARY
=========================================================================

  Clock    : CLK_CORE
  Period   : 2 ns
  Waveform : {0.000 1}
  Skew     : 0.02 ns  (max across FETCH_QUEUE_TOP)
  Latency  : 0.13 ns  (max)


=========================================================================
                   CONSTRAINT COVERAGE
=========================================================================

  Total register endpoints   : 4418
  Constrained endpoints      : 1048
  Unconstrained endpoints    :      0
  Coverage                   :  100.0%


=========================================================================
                   TOOL / RUN INFORMATION
=========================================================================

  Tool         : Synopsys PrimeTime 2023.06-SP3
  Run Host     : sta-server-01
  Run Dir      : /proj/cpu_rtl/sta/FETCH/FETCH_QUEUE/run_tt_0p90v_0p90v_25c
  SDC File     : /proj/cpu_rtl/constraints/FETCH_QUEUE_TOP.sdc
  Netlist      : /proj/cpu_rtl/netlist/FETCH_QUEUE_TOP.v.gz
  SPEF File    : /proj/cpu_rtl/spef/FETCH_QUEUE_TOP.spef.gz
  Liberty      : saed32nm_rvt_tt_0p90v_0p90v_25c.db
  Elapsed Time : 00:05:29
  Peak Memory  : 4.484 GB

=========================================================================
End of Report
=========================================================================
