****************************************
Report : timing
        -path_type full
        -delay_type min
        -max_paths 10
        -sort_by slack
Design : FETCH_QUEUE_TOP
Version: PrimeTime 2023.06-SP3
Date   : Sat Aug 15 17:34:53 2026
Corner : tt_0p90v_0p90v_25c
Note   : Typical Hold    — Nominal corner
****************************************

Operating Conditions : tt_0p90v_0p90v_25c (Library: saed32nm_rvt)
Wire Load Model Mode : Interconnect (StarRC Extracted)

  Startpoint : u_fq_ctrl/din_reg[0]
               (rising edge-triggered flip-flop clocked by CLK_CORE)
  Endpoint   : u_fq_val/dout_reg[0]
               (rising edge-triggered flip-flop clocked by CLK_CORE)
  Path Group : CLK_CORE
  Path Type  : min

  Point                                                   Incr        Path
  -------------------------------------------------------------------------
  clock CLK_CORE (rise edge)                                  0.000       0.000
  clock network delay (propagated)                        0.138      0.138
  u_fq_ctrl/din_reg[0]/CK (DFFARX1_RVT)                        0.000       0.138 r
  u_fq_ctrl/din_reg[0]/Q  (DFFARX1_RVT)                        0.127       0.265 r
  u_fq_ctrl/U12/Y (INVX2_RVT)                                  0.05       0.315 f
  u_fq_ctrl/U34/Y (NAND2X1_RVT)                                0.083       0.398 r
  u_fq_buf/U07/Y (AOI22X1_RVT)                                0.078       0.476 f
  u_fq_buf/U19/Y (OAI21X1_RVT)                                0.117       0.593 r
  u_fq_ptr/U03/Y (MUX21X1_RVT)                                0.087       0.68 r
  u_fq_ptr/U11/Y (AND2X1_RVT)                                 0.068       0.748 f
  u_fq_ptr/U22/Y (NOR2X1_RVT)                                 0.052       0.8 r
  u_fq_val/U05/Y (BUFX4_RVT)                                  0.081       0.881 r
  u_fq_val/dout_reg[0]/D (DFFARX1_RVT)                        0.071      0.952 f
  data arrival time                                                    0.952

  clock CLK_CORE (rise edge)                                  2     2
  clock network delay (propagated)                        0.138      2.138
  clock uncertainty                                      -0.05   2.088
  u_fq_val/dout_reg[0]/CK (DFFARX1_RVT)                       0.000       2.088 r
  library setup time                                     -0.066   2.022
  data required time                                                   2.022
  -------------------------------------------------------------------------
  data required time                                                   2.022
  data arrival time                                                   -0.952
  -------------------------------------------------------------------------
  slack (MET)   1.07


=========================================================================
                   FETCH_QUEUE_TOP — TIMING SUMMARY
=========================================================================

  Block        : FETCH_QUEUE_TOP
  Corner       : tt_0p90v_0p90v_25c
  Check        : min  (Typical Hold    — Nominal corner)
  Clock        : CLK_CORE  Period = 2 ns  (500 MHz)
  Technology   : SAED 32nm RVT

  ┌────────────────────────────────────────────────────────────────┐
  │ Sub-Unit      WNS (ns)  TNS (ns)  #Viol   WHS (ns)  #HViol  │
  ├────────────────────────────────────────────────────────────────┤
  │ u_fq_ctrl          1.07       0        0      0.094        0     │
  │ u_fq_buf          0.126       0        0      0.069        0     │
  │ u_fq_ptr          0.062       0        0      0.078        0     │
  │ u_fq_val          0.111       0        0      0.093        0     │
  ├────────────────────────────────────────────────────────────────┤
  │ FETCH_QUEUE_TOP  1.07       0        0      0.094        0     │
  └────────────────────────────────────────────────────────────────┘

  Status : ALL PATHS CLEAN — No Setup or Hold Violations


=========================================================================
                   TIMING EXCEPTIONS APPLIED
=========================================================================

  set_false_path -from [get_ports SCAN_EN]      -to [all_registers]
  set_false_path -from [get_ports TEST_MODE]     -to [all_registers]
  set_multicycle_path 2 -setup -from [get_cells u_fq_ctrl/*] -to [get_cells u_fq_val/*]
  set_multicycle_path 1 -hold  -from [get_cells u_fq_ctrl/*] -to [get_cells u_fq_val/*]
  set_input_delay  0.400 -clock CLK_CORE -max [all_inputs]
  set_output_delay 0.350 -clock CLK_CORE -max [all_outputs]


=========================================================================
                   CLOCK DOMAIN SUMMARY
=========================================================================

  Clock    : CLK_CORE
  Period   : 2 ns
  Waveform : {0.000 1}
  Skew     : 0.02 ns  (max across FETCH_QUEUE_TOP)
  Latency  : 0.138 ns  (max)


=========================================================================
                   CONSTRAINT COVERAGE
=========================================================================

  Total register endpoints   : 5926
  Constrained endpoints      : 4595
  Unconstrained endpoints    :      0
  Coverage                   :  100.0%


=========================================================================
                   TOOL / RUN INFORMATION
=========================================================================

  Tool         : Synopsys PrimeTime 2023.06-SP3
  Run Host     : sta-server-01
  Run Dir      : /proj/cpu_rtl/sta/FETCH/FETCH_QUEUE/run_tt_0p90v_0p90v_25c
  SDC File     : /proj/cpu_rtl/constraints/FETCH_QUEUE_TOP.sdc
  Netlist      : /proj/cpu_rtl/netlist/FETCH_QUEUE_TOP.v.gz
  SPEF File    : /proj/cpu_rtl/spef/FETCH_QUEUE_TOP.spef.gz
  Liberty      : saed32nm_rvt_tt_0p90v_0p90v_25c.db
  Elapsed Time : 00:04:43
  Peak Memory  : 4.671 GB

=========================================================================
End of Report
=========================================================================
