****************************************
Report : timing
        -path_type full
        -delay_type max
        -max_paths 10
        -sort_by slack
Design : FETCH_QUEUE_TOP
Version: PrimeTime 2023.06-SP3
Date   : Sat Aug 15 17:34:53 2026
Corner : ss_0p72v_0p72v_n40c
Note   : Cold Setup      — Slow corner, cold temp
****************************************

Operating Conditions : ss_0p72v_0p72v_n40c (Library: saed32nm_rvt)
Wire Load Model Mode : Interconnect (StarRC Extracted)

  Startpoint : u_fq_ctrl/din_reg[0]
               (rising edge-triggered flip-flop clocked by CLK_CORE)
  Endpoint   : u_fq_val/dout_reg[0]
               (rising edge-triggered flip-flop clocked by CLK_CORE)
  Path Group : CLK_CORE
  Path Type  : max

  Point                                                   Incr        Path
  -------------------------------------------------------------------------
  clock CLK_CORE (rise edge)                                  0.000       0.000
  clock network delay (propagated)                        0.158      0.158
  u_fq_ctrl/din_reg[0]/CK (DFFARX1_RVT)                        0.000       0.158 r
  u_fq_ctrl/din_reg[0]/Q  (DFFARX1_RVT)                        0.122       0.28 r
  u_fq_ctrl/U12/Y (INVX2_RVT)                                  0.03       0.31 f
  u_fq_ctrl/U34/Y (NAND2X1_RVT)                                0.059       0.369 r
  u_fq_buf/U07/Y (AOI22X1_RVT)                                0.109       0.478 f
  u_fq_buf/U19/Y (OAI21X1_RVT)                                0.101       0.579 r
  u_fq_ptr/U03/Y (MUX21X1_RVT)                                0.086       0.665 r
  u_fq_ptr/U11/Y (AND2X1_RVT)                                 0.048       0.713 f
  u_fq_ptr/U22/Y (NOR2X1_RVT)                                 0.04       0.753 r
  u_fq_val/U05/Y (BUFX4_RVT)                                  0.059       0.812 r
  u_fq_val/dout_reg[0]/D (DFFARX1_RVT)                        0.058      0.87 f
  data arrival time                                                    0.87

  clock CLK_CORE (rise edge)                                  2     2
  clock network delay (propagated)                        0.158      2.158
  clock uncertainty                                      -0.05   2.108
  u_fq_val/dout_reg[0]/CK (DFFARX1_RVT)                       0.000       2.108 r
  library setup time                                     -0.071   2.037
  data required time                                                   2.037
  -------------------------------------------------------------------------
  data required time                                                   2.037
  data arrival time                                                   -0.87
  -------------------------------------------------------------------------
  slack (MET)   1.167


=========================================================================
                   FETCH_QUEUE_TOP — TIMING SUMMARY
=========================================================================

  Block        : FETCH_QUEUE_TOP
  Corner       : ss_0p72v_0p72v_n40c
  Check        : max  (Cold Setup      — Slow corner, cold temp)
  Clock        : CLK_CORE  Period = 2 ns  (500 MHz)
  Technology   : SAED 32nm RVT

  ┌────────────────────────────────────────────────────────────────┐
  │ Sub-Unit      WNS (ns)  TNS (ns)  #Viol   WHS (ns)  #HViol  │
  ├────────────────────────────────────────────────────────────────┤
  │ u_fq_ctrl          1.167       0        0      0.095        0     │
  │ u_fq_buf          0.178       0        0      0.087        0     │
  │ u_fq_ptr          0.129       0        0      0.069        0     │
  │ u_fq_val          0.085       0        0      0.107        0     │
  ├────────────────────────────────────────────────────────────────┤
  │ FETCH_QUEUE_TOP  1.167       0        0      0.095        0     │
  └────────────────────────────────────────────────────────────────┘

  Status : ALL PATHS CLEAN — No Setup or Hold Violations


=========================================================================
                   TIMING EXCEPTIONS APPLIED
=========================================================================

  set_false_path -from [get_ports SCAN_EN]      -to [all_registers]
  set_false_path -from [get_ports TEST_MODE]     -to [all_registers]
  set_multicycle_path 2 -setup -from [get_cells u_fq_ctrl/*] -to [get_cells u_fq_val/*]
  set_multicycle_path 1 -hold  -from [get_cells u_fq_ctrl/*] -to [get_cells u_fq_val/*]
  set_input_delay  0.400 -clock CLK_CORE -max [all_inputs]
  set_output_delay 0.350 -clock CLK_CORE -max [all_outputs]


=========================================================================
                   CLOCK DOMAIN SUMMARY
=========================================================================

  Clock    : CLK_CORE
  Period   : 2 ns
  Waveform : {0.000 1}
  Skew     : 0.019 ns  (max across FETCH_QUEUE_TOP)
  Latency  : 0.158 ns  (max)


=========================================================================
                   CONSTRAINT COVERAGE
=========================================================================

  Total register endpoints   : 5269
  Constrained endpoints      : 5106
  Unconstrained endpoints    :      0
  Coverage                   :  100.0%


=========================================================================
                   TOOL / RUN INFORMATION
=========================================================================

  Tool         : Synopsys PrimeTime 2023.06-SP3
  Run Host     : sta-server-01
  Run Dir      : /proj/cpu_rtl/sta/FETCH/FETCH_QUEUE/run_ss_0p72v_0p72v_n40c
  SDC File     : /proj/cpu_rtl/constraints/FETCH_QUEUE_TOP.sdc
  Netlist      : /proj/cpu_rtl/netlist/FETCH_QUEUE_TOP.v.gz
  SPEF File    : /proj/cpu_rtl/spef/FETCH_QUEUE_TOP.spef.gz
  Liberty      : saed32nm_rvt_ss_0p72v_0p72v_n40c.db
  Elapsed Time : 00:07:14
  Peak Memory  : 4.105 GB

=========================================================================
End of Report
=========================================================================
