****************************************
Report : timing
        -path_type full
        -delay_type max
        -max_paths 10
        -sort_by slack
Design : FETCH_QUEUE_TOP
Version: PrimeTime 2023.06-SP3
Date   : Sat Aug 15 17:34:53 2026
Corner : tt_0p90v_0p90v_25c
Note   : Multicycle Path Check — 2-cycle paths
****************************************

Operating Conditions : tt_0p90v_0p90v_25c (Library: saed32nm_rvt)
Wire Load Model Mode : Interconnect (StarRC Extracted)

  Startpoint : u_fq_ctrl/din_reg[0]
               (rising edge-triggered flip-flop clocked by CLK_CORE)
  Endpoint   : u_fq_val/dout_reg[0]
               (rising edge-triggered flip-flop clocked by CLK_CORE)
  Path Group : CLK_CORE
  Path Type  : max

  Point                                                   Incr        Path
  -------------------------------------------------------------------------
  clock CLK_CORE (rise edge)                                  0.000       0.000
  clock network delay (propagated)                        0.158      0.158
  u_fq_ctrl/din_reg[0]/CK (DFFARX1_RVT)                        0.000       0.158 r
  u_fq_ctrl/din_reg[0]/Q  (DFFARX1_RVT)                        0.125       0.283 r
  u_fq_ctrl/U12/Y (INVX2_RVT)                                  0.037       0.32 f
  u_fq_ctrl/U34/Y (NAND2X1_RVT)                                0.068       0.388 r
  u_fq_buf/U07/Y (AOI22X1_RVT)                                0.088       0.476 f
  u_fq_buf/U19/Y (OAI21X1_RVT)                                0.092       0.568 r
  u_fq_ptr/U03/Y (MUX21X1_RVT)                                0.073       0.641 r
  u_fq_ptr/U11/Y (AND2X1_RVT)                                 0.079       0.72 f
  u_fq_ptr/U22/Y (NOR2X1_RVT)                                 0.042       0.762 r
  u_fq_val/U05/Y (BUFX4_RVT)                                  0.064       0.826 r
  u_fq_val/dout_reg[0]/D (DFFARX1_RVT)                        0.062      0.888 f
  data arrival time                                                    0.888

  clock CLK_CORE (rise edge)                                  2     2
  clock network delay (propagated)                        0.158      2.158
  clock uncertainty                                      -0.05   2.108
  u_fq_val/dout_reg[0]/CK (DFFARX1_RVT)                       0.000       2.108 r
  library setup time                                     -0.084   2.024
  data required time                                                   2.024
  -------------------------------------------------------------------------
  data required time                                                   2.024
  data arrival time                                                   -0.888
  -------------------------------------------------------------------------
  slack (MET)   1.136


=========================================================================
                   FETCH_QUEUE_TOP — TIMING SUMMARY
=========================================================================

  Block        : FETCH_QUEUE_TOP
  Corner       : tt_0p90v_0p90v_25c
  Check        : max  (Multicycle Path Check — 2-cycle paths)
  Clock        : CLK_CORE  Period = 2 ns  (500 MHz)
  Technology   : SAED 32nm RVT

  ┌────────────────────────────────────────────────────────────────┐
  │ Sub-Unit      WNS (ns)  TNS (ns)  #Viol   WHS (ns)  #HViol  │
  ├────────────────────────────────────────────────────────────────┤
  │ u_fq_ctrl          1.136       0        0      0.113        0     │
  │ u_fq_buf          0.089       0        0      0.077        0     │
  │ u_fq_ptr          0.086       0        0      0.114        0     │
  │ u_fq_val          0.141       0        0      0.064        0     │
  ├────────────────────────────────────────────────────────────────┤
  │ FETCH_QUEUE_TOP  1.136       0        0      0.113        0     │
  └────────────────────────────────────────────────────────────────┘

  Status : ALL PATHS CLEAN — No Setup or Hold Violations


=========================================================================
                   TIMING EXCEPTIONS APPLIED
=========================================================================

  set_false_path -from [get_ports SCAN_EN]      -to [all_registers]
  set_false_path -from [get_ports TEST_MODE]     -to [all_registers]
  set_multicycle_path 2 -setup -from [get_cells u_fq_ctrl/*] -to [get_cells u_fq_val/*]
  set_multicycle_path 1 -hold  -from [get_cells u_fq_ctrl/*] -to [get_cells u_fq_val/*]
  set_input_delay  0.400 -clock CLK_CORE -max [all_inputs]
  set_output_delay 0.350 -clock CLK_CORE -max [all_outputs]


=========================================================================
                   CLOCK DOMAIN SUMMARY
=========================================================================

  Clock    : CLK_CORE
  Period   : 2 ns
  Waveform : {0.000 1}
  Skew     : 0.022 ns  (max across FETCH_QUEUE_TOP)
  Latency  : 0.158 ns  (max)


=========================================================================
                   CONSTRAINT COVERAGE
=========================================================================

  Total register endpoints   : 1313
  Constrained endpoints      : 4285
  Unconstrained endpoints    :      0
  Coverage                   :  100.0%


=========================================================================
                   TOOL / RUN INFORMATION
=========================================================================

  Tool         : Synopsys PrimeTime 2023.06-SP3
  Run Host     : sta-server-01
  Run Dir      : /proj/cpu_rtl/sta/FETCH/FETCH_QUEUE/run_tt_0p90v_0p90v_25c
  SDC File     : /proj/cpu_rtl/constraints/FETCH_QUEUE_TOP.sdc
  Netlist      : /proj/cpu_rtl/netlist/FETCH_QUEUE_TOP.v.gz
  SPEF File    : /proj/cpu_rtl/spef/FETCH_QUEUE_TOP.spef.gz
  Liberty      : saed32nm_rvt_tt_0p90v_0p90v_25c.db
  Elapsed Time : 00:05:43
  Peak Memory  : 1.628 GB

=========================================================================
End of Report
=========================================================================
