================================================================================
  STA BLOCK DUMP LOG  —  FETCH_QUEUE_TOP
================================================================================

  Block Directory : D:\Certificates\PD_STA_REPORTS\FETCH\FETCH_QUEUE
  Design          : FETCH_QUEUE_TOP
  Parsed At       : 2026-08-15T22:16:48
  Total Reports   : 11


OWNERSHIP
----------------------------------------
  BLOCK TIMING OWNER           : User4  <user4@company.com>  [EMP-2004]
  TEAM LEAD                    : MTO_User1  <mto1@company.com>  [EMP-1001]
  RTL TEAM LEAD                : TeamLead1  <teamlead1@company.com>
  PD ENGINEER                  : PDEng1  <pdeng1@company.com>
  STA ENGINEER                 : STAEng1  <staeng1@company.com>
  CHIP STA LEAD                : STALead1  <stalead1@company.com>  [EMP-0004]

AGGREGATE SUMMARY
----------------------------------------
  Overall Status   : MET
  Worst WNS  (ns)  : 0.000
  Worst TNS  (ns)  : 0.000
  Worst WHS  (ns)  : 0.000
  Best  WNS  (ns)  : 1.167
  Total Violations : 0

BY CORNER
----------------------------------------
  Name                                              #       WNS       TNS       WHS  STATUS
  ─────────────────────────────────────────────  ────  ────────  ────────  ────────  ──────────
  N/A                                               1     0.000     0.000     0.000  MET
  ff_1p16v_1p16v_125c                               1     1.118     0.000     0.075  MET
  ff_1p16v_1p16v_n40c                               1     1.099     0.000     0.115  MET
  ss_0p63v_0p63v_125c                               1     1.115     0.000     0.082  MET
  ss_0p72v_0p72v_125c                               2     1.077     0.000     0.108  MET
  ss_0p72v_0p72v_n40c                               1     1.167     0.000     0.095  MET
  tt_0p90v_0p90v_25c                                4     1.070     0.000     0.070  MET

BY CHECK TYPE
----------------------------------------
  Name                                              #       WNS       TNS       WHS  STATUS
  ─────────────────────────────────────────────  ────  ────────  ────────  ────────  ──────────
  N/A                                               1     0.000     0.000     0.000  MET
  hold                                              3     1.070     0.000     0.075  MET
  setup                                             7     1.077     0.000     0.070  MET

PER-REPORT DETAIL
----------------------------------------
  File     : 05_SETUP_SS_M40C_FETCH_QUEUE_TOP.rpt
  Design   : FETCH_QUEUE_TOP       Corner : ss_0p72v_0p72v_n40c
  Check    : setup       Clock  : CLK_CORE  Period = 2.0 ns  (500.0 MHz)
  WNS      :   +1.167 ns   TNS :   +0.000 ns   WHS :   +0.095 ns
  Slack    :   +1.167 ns   Status : MET
  Status   : ALL PATHS CLEAN — No Setup or Hold Violations
  Coverage : 100.0%   Endpoints : 5106 / 5269
  Tool     : Synopsys PrimeTime 2023.06-SP3
  Runtime  : 00:07:14         Memory : 4.105 GB
  Run Dir  : /proj/cpu_rtl/sta/FETCH/FETCH_QUEUE/run_ss_0p72v_0p72v_n40c

  File     : 10_MULTICYCLE_TT_25C_FETCH_QUEUE_TOP.rpt
  Design   : FETCH_QUEUE_TOP       Corner : tt_0p90v_0p90v_25c
  Check    : setup       Clock  : CLK_CORE  Period = 2.0 ns  (500.0 MHz)
  WNS      :   +1.136 ns   TNS :   +0.000 ns   WHS :   +0.113 ns
  Slack    :   +1.136 ns   Status : MET
  Status   : ALL PATHS CLEAN — No Setup or Hold Violations
  Coverage : 100.0%   Endpoints : 4285 / 1313
  Tool     : Synopsys PrimeTime 2023.06-SP3
  Runtime  : 00:05:43         Memory : 1.628 GB
  Run Dir  : /proj/cpu_rtl/sta/FETCH/FETCH_QUEUE/run_tt_0p90v_0p90v_25c

  File     : 09_RECOVERY_SS_125C_FETCH_QUEUE_TOP.rpt
  Design   : FETCH_QUEUE_TOP       Corner : ss_0p72v_0p72v_125c
  Check    : setup       Clock  : CLK_CORE  Period = 2.0 ns  (500.0 MHz)
  WNS      :   +1.122 ns   TNS :   +0.000 ns   WHS :   +0.108 ns
  Slack    :   +1.122 ns   Status : MET
  Status   : ALL PATHS CLEAN — No Setup or Hold Violations
  Coverage : 100.0%   Endpoints : 1207 / 2788
  Tool     : Synopsys PrimeTime 2023.06-SP3
  Runtime  : 00:02:26         Memory : 2.771 GB
  Run Dir  : /proj/cpu_rtl/sta/FETCH/FETCH_QUEUE/run_ss_0p72v_0p72v_125c

  File     : 07_SETUP_LVSS_125C_FETCH_QUEUE_TOP.rpt
  Design   : FETCH_QUEUE_TOP       Corner : ss_0p63v_0p63v_125c
  Check    : setup       Clock  : CLK_CORE  Period = 2.0 ns  (500.0 MHz)
  WNS      :   +1.115 ns   TNS :   +0.000 ns   WHS :   +0.082 ns
  Slack    :   +1.115 ns   Status : MET
  Status   : ALL PATHS CLEAN — No Setup or Hold Violations
  Coverage : 100.0%   Endpoints : 5900 / 1671
  Tool     : Synopsys PrimeTime 2023.06-SP3
  Runtime  : 00:05:39         Memory : 1.439 GB
  Run Dir  : /proj/cpu_rtl/sta/FETCH/FETCH_QUEUE/run_ss_0p63v_0p63v_125c

  File     : 03_SETUP_TT_25C_FETCH_QUEUE_TOP.rpt
  Design   : FETCH_QUEUE_TOP       Corner : tt_0p90v_0p90v_25c
  Check    : setup       Clock  : CLK_CORE  Period = 2.0 ns  (500.0 MHz)
  WNS      :   +1.114 ns   TNS :   +0.000 ns   WHS :   +0.070 ns
  Slack    :   +1.114 ns   Status : MET
  Status   : ALL PATHS CLEAN — No Setup or Hold Violations
  Coverage : 100.0%   Endpoints : 1048 / 4418
  Tool     : Synopsys PrimeTime 2023.06-SP3
  Runtime  : 00:05:29         Memory : 4.484 GB
  Run Dir  : /proj/cpu_rtl/sta/FETCH/FETCH_QUEUE/run_tt_0p90v_0p90v_25c

  File     : 08_CG_CHECK_TT_25C_FETCH_QUEUE_TOP.rpt
  Design   : FETCH_QUEUE_TOP       Corner : tt_0p90v_0p90v_25c
  Check    : setup       Clock  : CLK_CORE  Period = 2.0 ns  (500.0 MHz)
  WNS      :   +1.108 ns   TNS :   +0.000 ns   WHS :   +0.096 ns
  Slack    :   +1.108 ns   Status : MET
  Status   : ALL PATHS CLEAN — No Setup or Hold Violations
  Coverage : 100.0%   Endpoints : 3487 / 3503
  Tool     : Synopsys PrimeTime 2023.06-SP3
  Runtime  : 00:05:56         Memory : 2.709 GB
  Run Dir  : /proj/cpu_rtl/sta/FETCH/FETCH_QUEUE/run_tt_0p90v_0p90v_25c

  File     : 01_SETUP_SS_125C_FETCH_QUEUE_TOP.rpt
  Design   : FETCH_QUEUE_TOP       Corner : ss_0p72v_0p72v_125c
  Check    : setup       Clock  : CLK_CORE  Period = 2.0 ns  (500.0 MHz)
  WNS      :   +1.077 ns   TNS :   +0.000 ns   WHS :   +0.109 ns
  Slack    :   +1.077 ns   Status : MET
  Status   : ALL PATHS CLEAN — No Setup or Hold Violations
  Coverage : 100.0%   Endpoints : 1325 / 3034
  Tool     : Synopsys PrimeTime 2023.06-SP3
  Runtime  : 00:01:20         Memory : 3.185 GB
  Run Dir  : /proj/cpu_rtl/sta/FETCH/FETCH_QUEUE/run_ss_0p72v_0p72v_125c

  File     : 02_HOLD_FF_N40C_FETCH_QUEUE_TOP.rpt
  Design   : FETCH_QUEUE_TOP       Corner : ff_1p16v_1p16v_n40c
  Check    : hold        Clock  : CLK_CORE  Period = 2.0 ns  (500.0 MHz)
  WNS      :   +1.099 ns   TNS :   +0.000 ns   WHS :   +0.115 ns
  Slack    :   +1.099 ns   Status : MET
  Status   : ALL PATHS CLEAN — No Setup or Hold Violations
  Coverage : 100.0%   Endpoints : 4602 / 4151
  Tool     : Synopsys PrimeTime 2023.06-SP3
  Runtime  : 00:06:15         Memory : 2.304 GB
  Run Dir  : /proj/cpu_rtl/sta/FETCH/FETCH_QUEUE/run_ff_1p16v_1p16v_n40c

  File     : 04_HOLD_TT_25C_FETCH_QUEUE_TOP.rpt
  Design   : FETCH_QUEUE_TOP       Corner : tt_0p90v_0p90v_25c
  Check    : hold        Clock  : CLK_CORE  Period = 2.0 ns  (500.0 MHz)
  WNS      :   +1.070 ns   TNS :   +0.000 ns   WHS :   +0.094 ns
  Slack    :   +1.070 ns   Status : MET
  Status   : ALL PATHS CLEAN — No Setup or Hold Violations
  Coverage : 100.0%   Endpoints : 4595 / 5926
  Tool     : Synopsys PrimeTime 2023.06-SP3
  Runtime  : 00:04:43         Memory : 4.671 GB
  Run Dir  : /proj/cpu_rtl/sta/FETCH/FETCH_QUEUE/run_tt_0p90v_0p90v_25c

  File     : 06_HOLD_FF_125C_FETCH_QUEUE_TOP.rpt
  Design   : FETCH_QUEUE_TOP       Corner : ff_1p16v_1p16v_125c
  Check    : hold        Clock  : CLK_CORE  Period = 2.0 ns  (500.0 MHz)
  WNS      :   +1.118 ns   TNS :   +0.000 ns   WHS :   +0.075 ns
  Slack    :   +1.118 ns   Status : MET
  Status   : ALL PATHS CLEAN — No Setup or Hold Violations
  Coverage : 100.0%   Endpoints : 4509 / 1608
  Tool     : Synopsys PrimeTime 2023.06-SP3
  Runtime  : 00:01:34         Memory : 4.611 GB
  Run Dir  : /proj/cpu_rtl/sta/FETCH/FETCH_QUEUE/run_ff_1p16v_1p16v_125c

  File     : FETCH_QUEUE_TIMING.rpt
  Design   : N/A                   Corner : N/A
  Check    : N/A         Clock  : N/A  Period = 0.0 ns  (0.0 MHz)
  WNS      :   +0.000 ns   TNS :   +0.000 ns   WHS :   +0.000 ns
  Slack    :   +0.000 ns   Status : UNKNOWN
  Status   : N/A
  Coverage : 0.0%   Endpoints : 0 / 0
  Tool     : N/A
  Runtime  : N/A              Memory : N/A
  Run Dir  : N/A


================================================================================
END OF BLOCK DUMP LOG
================================================================================