****************************************
Report : timing
        -path_type full
        -delay_type min
        -max_paths 10
        -sort_by slack
Design : INT_RF_TOP
Version: PrimeTime 2023.06-SP3
Date   : Sat Aug 15 17:34:54 2026
Corner : ff_1p16v_1p16v_125c
Note   : Hot Hold        — Fast corner, high temp
****************************************

Operating Conditions : ff_1p16v_1p16v_125c (Library: saed32nm_rvt)
Wire Load Model Mode : Interconnect (StarRC Extracted)

  Startpoint : u_irf_rd0/din_reg[0]
               (rising edge-triggered flip-flop clocked by CLK_CORE)
  Endpoint   : u_irf_byp/dout_reg[0]
               (rising edge-triggered flip-flop clocked by CLK_CORE)
  Path Group : CLK_CORE
  Path Type  : min

  Point                                                   Incr        Path
  -------------------------------------------------------------------------
  clock CLK_CORE (rise edge)                                  0.000       0.000
  clock network delay (propagated)                        0.16      0.16
  u_irf_rd0/din_reg[0]/CK (DFFARX1_RVT)                        0.000       0.16 r
  u_irf_rd0/din_reg[0]/Q  (DFFARX1_RVT)                        0.113       0.273 r
  u_irf_rd0/U12/Y (INVX2_RVT)                                  0.051       0.324 f
  u_irf_rd0/U34/Y (NAND2X1_RVT)                                0.068       0.392 r
  u_irf_rd1/U07/Y (AOI22X1_RVT)                                0.074       0.466 f
  u_irf_rd1/U19/Y (OAI21X1_RVT)                                0.089       0.555 r
  u_irf_wr/U03/Y (MUX21X1_RVT)                                0.079       0.634 r
  u_irf_wr/U11/Y (AND2X1_RVT)                                 0.077       0.711 f
  u_irf_wr/U22/Y (NOR2X1_RVT)                                 0.049       0.76 r
  u_irf_byp/U05/Y (BUFX4_RVT)                                  0.086       0.846 r
  u_irf_byp/dout_reg[0]/D (DFFARX1_RVT)                        0.073      0.919 f
  data arrival time                                                    0.919

  clock CLK_CORE (rise edge)                                  2     2
  clock network delay (propagated)                        0.16      2.16
  clock uncertainty                                      -0.05   2.11
  u_irf_byp/dout_reg[0]/CK (DFFARX1_RVT)                       0.000       2.11 r
  library setup time                                     -0.082   2.028
  data required time                                                   2.028
  -------------------------------------------------------------------------
  data required time                                                   2.028
  data arrival time                                                   -0.919
  -------------------------------------------------------------------------
  slack (MET)   1.109


=========================================================================
                   INT_RF_TOP — TIMING SUMMARY
=========================================================================

  Block        : INT_RF_TOP
  Corner       : ff_1p16v_1p16v_125c
  Check        : min  (Hot Hold        — Fast corner, high temp)
  Clock        : CLK_CORE  Period = 2 ns  (500 MHz)
  Technology   : SAED 32nm RVT

  ┌────────────────────────────────────────────────────────────────┐
  │ Sub-Unit      WNS (ns)  TNS (ns)  #Viol   WHS (ns)  #HViol  │
  ├────────────────────────────────────────────────────────────────┤
  │ u_irf_rd0          1.109       0        0      0.08        0     │
  │ u_irf_rd1          0.11       0        0      0.127        0     │
  │ u_irf_wr          0.157       0        0      0.113        0     │
  │ u_irf_byp          0.078       0        0      0.087        0     │
  ├────────────────────────────────────────────────────────────────┤
  │ INT_RF_TOP  1.109       0        0      0.08        0     │
  └────────────────────────────────────────────────────────────────┘

  Status : ALL PATHS CLEAN — No Setup or Hold Violations


=========================================================================
                   TIMING EXCEPTIONS APPLIED
=========================================================================

  set_false_path -from [get_ports SCAN_EN]      -to [all_registers]
  set_false_path -from [get_ports TEST_MODE]     -to [all_registers]
  set_multicycle_path 2 -setup -from [get_cells u_irf_rd0/*] -to [get_cells u_irf_byp/*]
  set_multicycle_path 1 -hold  -from [get_cells u_irf_rd0/*] -to [get_cells u_irf_byp/*]
  set_input_delay  0.400 -clock CLK_CORE -max [all_inputs]
  set_output_delay 0.350 -clock CLK_CORE -max [all_outputs]


=========================================================================
                   CLOCK DOMAIN SUMMARY
=========================================================================

  Clock    : CLK_CORE
  Period   : 2 ns
  Waveform : {0.000 1}
  Skew     : 0.024 ns  (max across INT_RF_TOP)
  Latency  : 0.16 ns  (max)


=========================================================================
                   CONSTRAINT COVERAGE
=========================================================================

  Total register endpoints   : 2475
  Constrained endpoints      : 1592
  Unconstrained endpoints    :      0
  Coverage                   :  100.0%


=========================================================================
                   TOOL / RUN INFORMATION
=========================================================================

  Tool         : Synopsys PrimeTime 2023.06-SP3
  Run Host     : sta-server-01
  Run Dir      : /proj/cpu_rtl/sta/WRITEBACK/PRF/INT_RF/run_ff_1p16v_1p16v_125c
  SDC File     : /proj/cpu_rtl/constraints/INT_RF_TOP.sdc
  Netlist      : /proj/cpu_rtl/netlist/INT_RF_TOP.v.gz
  SPEF File    : /proj/cpu_rtl/spef/INT_RF_TOP.spef.gz
  Liberty      : saed32nm_rvt_ff_1p16v_1p16v_125c.db
  Elapsed Time : 00:01:56
  Peak Memory  : 2.078 GB

=========================================================================
End of Report
=========================================================================
