****************************************
Report : timing
        -path_type full
        -delay_type max
        -max_paths 10
        -sort_by slack
Design : INT_RF_TOP
Version: PrimeTime 2023.06-SP3
Date   : Sat Aug 15 17:34:54 2026
Corner : tt_0p90v_0p90v_25c
Note   : Multicycle Path Check — 2-cycle paths
****************************************

Operating Conditions : tt_0p90v_0p90v_25c (Library: saed32nm_rvt)
Wire Load Model Mode : Interconnect (StarRC Extracted)

  Startpoint : u_irf_rd0/din_reg[0]
               (rising edge-triggered flip-flop clocked by CLK_CORE)
  Endpoint   : u_irf_byp/dout_reg[0]
               (rising edge-triggered flip-flop clocked by CLK_CORE)
  Path Group : CLK_CORE
  Path Type  : max

  Point                                                   Incr        Path
  -------------------------------------------------------------------------
  clock CLK_CORE (rise edge)                                  0.000       0.000
  clock network delay (propagated)                        0.157      0.157
  u_irf_rd0/din_reg[0]/CK (DFFARX1_RVT)                        0.000       0.157 r
  u_irf_rd0/din_reg[0]/Q  (DFFARX1_RVT)                        0.115       0.272 r
  u_irf_rd0/U12/Y (INVX2_RVT)                                  0.042       0.314 f
  u_irf_rd0/U34/Y (NAND2X1_RVT)                                0.089       0.403 r
  u_irf_rd1/U07/Y (AOI22X1_RVT)                                0.098       0.501 f
  u_irf_rd1/U19/Y (OAI21X1_RVT)                                0.115       0.616 r
  u_irf_wr/U03/Y (MUX21X1_RVT)                                0.079       0.695 r
  u_irf_wr/U11/Y (AND2X1_RVT)                                 0.07       0.765 f
  u_irf_wr/U22/Y (NOR2X1_RVT)                                 0.064       0.829 r
  u_irf_byp/U05/Y (BUFX4_RVT)                                  0.087       0.916 r
  u_irf_byp/dout_reg[0]/D (DFFARX1_RVT)                        0.073      0.989 f
  data arrival time                                                    0.989

  clock CLK_CORE (rise edge)                                  2     2
  clock network delay (propagated)                        0.157      2.157
  clock uncertainty                                      -0.05   2.107
  u_irf_byp/dout_reg[0]/CK (DFFARX1_RVT)                       0.000       2.107 r
  library setup time                                     -0.085   2.022
  data required time                                                   2.022
  -------------------------------------------------------------------------
  data required time                                                   2.022
  data arrival time                                                   -0.989
  -------------------------------------------------------------------------
  slack (MET)   1.033


=========================================================================
                   INT_RF_TOP — TIMING SUMMARY
=========================================================================

  Block        : INT_RF_TOP
  Corner       : tt_0p90v_0p90v_25c
  Check        : max  (Multicycle Path Check — 2-cycle paths)
  Clock        : CLK_CORE  Period = 2 ns  (500 MHz)
  Technology   : SAED 32nm RVT

  ┌────────────────────────────────────────────────────────────────┐
  │ Sub-Unit      WNS (ns)  TNS (ns)  #Viol   WHS (ns)  #HViol  │
  ├────────────────────────────────────────────────────────────────┤
  │ u_irf_rd0          1.033       0        0      0.071        0     │
  │ u_irf_rd1          0.065       0        0      0.128        0     │
  │ u_irf_wr          0.089       0        0      0.07        0     │
  │ u_irf_byp          0.134       0        0      0.096        0     │
  ├────────────────────────────────────────────────────────────────┤
  │ INT_RF_TOP  1.033       0        0      0.071        0     │
  └────────────────────────────────────────────────────────────────┘

  Status : ALL PATHS CLEAN — No Setup or Hold Violations


=========================================================================
                   TIMING EXCEPTIONS APPLIED
=========================================================================

  set_false_path -from [get_ports SCAN_EN]      -to [all_registers]
  set_false_path -from [get_ports TEST_MODE]     -to [all_registers]
  set_multicycle_path 2 -setup -from [get_cells u_irf_rd0/*] -to [get_cells u_irf_byp/*]
  set_multicycle_path 1 -hold  -from [get_cells u_irf_rd0/*] -to [get_cells u_irf_byp/*]
  set_input_delay  0.400 -clock CLK_CORE -max [all_inputs]
  set_output_delay 0.350 -clock CLK_CORE -max [all_outputs]


=========================================================================
                   CLOCK DOMAIN SUMMARY
=========================================================================

  Clock    : CLK_CORE
  Period   : 2 ns
  Waveform : {0.000 1}
  Skew     : 0.015 ns  (max across INT_RF_TOP)
  Latency  : 0.157 ns  (max)


=========================================================================
                   CONSTRAINT COVERAGE
=========================================================================

  Total register endpoints   : 2165
  Constrained endpoints      : 3414
  Unconstrained endpoints    :      0
  Coverage                   :  100.0%


=========================================================================
                   TOOL / RUN INFORMATION
=========================================================================

  Tool         : Synopsys PrimeTime 2023.06-SP3
  Run Host     : sta-server-01
  Run Dir      : /proj/cpu_rtl/sta/WRITEBACK/PRF/INT_RF/run_tt_0p90v_0p90v_25c
  SDC File     : /proj/cpu_rtl/constraints/INT_RF_TOP.sdc
  Netlist      : /proj/cpu_rtl/netlist/INT_RF_TOP.v.gz
  SPEF File    : /proj/cpu_rtl/spef/INT_RF_TOP.spef.gz
  Liberty      : saed32nm_rvt_tt_0p90v_0p90v_25c.db
  Elapsed Time : 00:02:20
  Peak Memory  : 4.088 GB

=========================================================================
End of Report
=========================================================================
