****************************************
Report : timing
        -path_type full
        -delay_type max
        -max_paths 10
        -sort_by slack
Design : INT_RF_TOP
Version: PrimeTime 2023.06-SP3
Date   : Sat Aug 15 18:20:45 2026
Corner : tt_0p90v_0p90v_85c
Note   : Setup check — Typical corner, 85 deg C
****************************************

Operating Conditions : tt_0p90v_0p90v_85c (Library: saed32nm_rvt)
Wire Load Model Mode : Interconnect (StarRC Extracted)

  Startpoint : u_irf_rd0/din_reg[0]
               (rising edge-triggered flip-flop clocked by CLK_CORE)
  Endpoint   : u_irf_byp/dout_reg[0]
               (rising edge-triggered flip-flop clocked by CLK_CORE)
  Path Group : CLK_CORE
  Path Type  : max

  Point                                                   Incr        Path
  -------------------------------------------------------------------------
  clock CLK_CORE (rise edge)                                  0.000       0.000
  clock network delay (propagated)                        0.163      0.163
  u_irf_rd0/din_reg[0]/CK (DFFARX1_RVT)                        0.000       0.163 r
  u_irf_rd0/din_reg[0]/Q  (DFFARX1_RVT)                        0.111         0.274 r
  u_irf_rd0/U12/Y (INVX2_RVT)                                  0.051         0.325 f
  u_irf_rd0/U34/Y (NAND2X1_RVT)                                0.071         0.396 r
  u_irf_rd1/U07/Y (AOI22X1_RVT)                                0.072         0.468 f
  u_irf_rd1/U19/Y (OAI21X1_RVT)                                0.108         0.576 r
  u_irf_wr/U03/Y (MUX21X1_RVT)                                0.068         0.644 r
  u_irf_wr/U11/Y (AND2X1_RVT)                                 0.08         0.724 f
  u_irf_wr/U22/Y (NOR2X1_RVT)                                 0.036         0.76 r
  u_irf_byp/U05/Y (BUFX4_RVT)                                  0.067         0.827 r
  u_irf_byp/dout_reg[0]/D (DFFARX1_RVT)                        0.059        0.886 f
  data arrival time                                                    0.886

  clock CLK_CORE (rise edge)                                  2     2
  clock network delay (propagated)                        0.163      2.163
  clock uncertainty                                      -0.05   2.113
  u_irf_byp/dout_reg[0]/CK (DFFARX1_RVT)                       0.000       2.113 r
  library setup time                                     -0.069   2.044
  data required time                                                   2.044
  -------------------------------------------------------------------------
  data required time                                                   2.044
  data arrival time                                                   -0.886
  -------------------------------------------------------------------------
  slack (MET)      1.158


=========================================================================
                   INT_RF_TOP -- TIMING SUMMARY
=========================================================================

  Block        : INT_RF_TOP
  Corner       : tt_0p90v_0p90v_85c
  Check        : max  (Setup check — Typical corner, 85 deg C)
  Clock        : CLK_CORE  Period = 2 ns  (500 MHz)
  Technology   : SAED 32nm RVT

  +------------------------------------------------------------------+
  | Sub-Unit          WNS (ns)  TNS (ns)  #Viol   WHS (ns)  #HViol  |
  +------------------------------------------------------------------+
  | u_irf_rd0          1.158       0.000       0      0.117        0     |
  | u_irf_rd1          0.117       0.000       0      0.101        0     |
  | u_irf_wr          0.247       0.000       0      0.102        0     |
  | u_irf_byp          0.169       0.000       0      0.075        0     |
  +------------------------------------------------------------------+
  | INT_RF_TOP   1.158       0.000       0      0.117        0     |
  +------------------------------------------------------------------+

  Status : ALL PATHS CLEAN -- No Setup or Hold Violations


=========================================================================
                   TIMING EXCEPTIONS APPLIED
=========================================================================

  set_false_path -from [get_ports SCAN_EN]      -to [all_registers]
  set_false_path -from [get_ports TEST_MODE]     -to [all_registers]
  set_multicycle_path 2 -setup -from [get_cells u_irf_rd0/*] -to [get_cells u_irf_byp/*]
  set_multicycle_path 1 -hold  -from [get_cells u_irf_rd0/*] -to [get_cells u_irf_byp/*]
  set_input_delay  0.400 -clock CLK_CORE -max [all_inputs]
  set_output_delay 0.350 -clock CLK_CORE -max [all_outputs]


=========================================================================
                   CLOCK DOMAIN SUMMARY
=========================================================================

  Clock    : CLK_CORE
  Period   : 2 ns
  Waveform : {0.000 1}
  Skew     : 0.015 ns  (max across INT_RF_TOP)
  Latency  : 0.163 ns  (max)


=========================================================================
                   CONSTRAINT COVERAGE
=========================================================================

  Total register endpoints   : 4293
  Constrained endpoints      : 6826
  Unconstrained endpoints    :      0
  Coverage                   :  100.0%


=========================================================================
                   TOOL / RUN INFORMATION
=========================================================================

  Tool         : Synopsys PrimeTime 2023.06-SP3
  Run Host     : sta-server-01
  Run Dir      : /proj/cpu_rtl/sta/WRITEBACK/PRF/INT_RF/run_tt_0p90v_0p90v_85c
  SDC File     : /proj/cpu_rtl/constraints/INT_RF_TOP.sdc
  Netlist      : /proj/cpu_rtl/netlist/INT_RF_TOP.v.gz
  SPEF File    : /proj/cpu_rtl/spef/INT_RF_TOP.spef.gz
  Liberty      : saed32nm_rvt_tt_0p90v_0p90v_85c.db
  Elapsed Time : 00:03:15
  Peak Memory  : 3.79 GB

=========================================================================
End of Report
=========================================================================
