****************************************
Report : timing
        -path_type full
        -delay_type min
        -max_paths 10
        -sort_by slack
Design : INT_RF_TOP
Version: PrimeTime 2023.06-SP3
Date   : Sat Aug 15 18:20:45 2026
Corner : tt_0p90v_0p90v_85c
Note   : Hold check — Typical corner, 85 deg C
****************************************

Operating Conditions : tt_0p90v_0p90v_85c (Library: saed32nm_rvt)
Wire Load Model Mode : Interconnect (StarRC Extracted)

  Startpoint : u_irf_rd0/din_reg[0]
               (rising edge-triggered flip-flop clocked by CLK_CORE)
  Endpoint   : u_irf_byp/dout_reg[0]
               (rising edge-triggered flip-flop clocked by CLK_CORE)
  Path Group : CLK_CORE
  Path Type  : min

  Point                                                   Incr        Path
  -------------------------------------------------------------------------
  clock CLK_CORE (rise edge)                                  0.000       0.000
  clock network delay (propagated)                        0.141      0.141
  u_irf_rd0/din_reg[0]/CK (DFFARX1_RVT)                        0.000       0.141 r
  u_irf_rd0/din_reg[0]/Q  (DFFARX1_RVT)                        0.126         0.267 r
  u_irf_rd0/U12/Y (INVX2_RVT)                                  0.034         0.301 f
  u_irf_rd0/U34/Y (NAND2X1_RVT)                                0.081         0.382 r
  u_irf_rd1/U07/Y (AOI22X1_RVT)                                0.075         0.457 f
  u_irf_rd1/U19/Y (OAI21X1_RVT)                                0.119         0.576 r
  u_irf_wr/U03/Y (MUX21X1_RVT)                                0.089         0.665 r
  u_irf_wr/U11/Y (AND2X1_RVT)                                 0.048         0.713 f
  u_irf_wr/U22/Y (NOR2X1_RVT)                                 0.05         0.763 r
  u_irf_byp/U05/Y (BUFX4_RVT)                                  0.089         0.852 r
  u_irf_byp/dout_reg[0]/D (DFFARX1_RVT)                        0.078        0.93 f
  data arrival time                                                    0.93

  clock CLK_CORE (rise edge)                                  2     2
  clock network delay (propagated)                        0.141      2.141
  clock uncertainty                                      -0.05   2.091
  u_irf_byp/dout_reg[0]/CK (DFFARX1_RVT)                       0.000       2.091 r
  library setup time                                     -0.071   2.02
  data required time                                                   2.02
  -------------------------------------------------------------------------
  data required time                                                   2.02
  data arrival time                                                   -0.93
  -------------------------------------------------------------------------
  slack (MET)      1.09


=========================================================================
                   INT_RF_TOP -- TIMING SUMMARY
=========================================================================

  Block        : INT_RF_TOP
  Corner       : tt_0p90v_0p90v_85c
  Check        : min  (Hold check — Typical corner, 85 deg C)
  Clock        : CLK_CORE  Period = 2 ns  (500 MHz)
  Technology   : SAED 32nm RVT

  +------------------------------------------------------------------+
  | Sub-Unit          WNS (ns)  TNS (ns)  #Viol   WHS (ns)  #HViol  |
  +------------------------------------------------------------------+
  | u_irf_rd0          1.09       0.000       0      0.071        0     |
  | u_irf_rd1          0.055       0.000       0      0.051        0     |
  | u_irf_wr          0.178       0.000       0      0.115        0     |
  | u_irf_byp          0.192       0.000       0      0.088        0     |
  +------------------------------------------------------------------+
  | INT_RF_TOP   1.09       0.000       0      0.071        0     |
  +------------------------------------------------------------------+

  Status : ALL PATHS CLEAN -- No Setup or Hold Violations


=========================================================================
                   TIMING EXCEPTIONS APPLIED
=========================================================================

  set_false_path -from [get_ports SCAN_EN]      -to [all_registers]
  set_false_path -from [get_ports TEST_MODE]     -to [all_registers]
  set_multicycle_path 2 -setup -from [get_cells u_irf_rd0/*] -to [get_cells u_irf_byp/*]
  set_multicycle_path 1 -hold  -from [get_cells u_irf_rd0/*] -to [get_cells u_irf_byp/*]
  set_input_delay  0.400 -clock CLK_CORE -max [all_inputs]
  set_output_delay 0.350 -clock CLK_CORE -max [all_outputs]


=========================================================================
                   CLOCK DOMAIN SUMMARY
=========================================================================

  Clock    : CLK_CORE
  Period   : 2 ns
  Waveform : {0.000 1}
  Skew     : 0.019 ns  (max across INT_RF_TOP)
  Latency  : 0.141 ns  (max)


=========================================================================
                   CONSTRAINT COVERAGE
=========================================================================

  Total register endpoints   : 4730
  Constrained endpoints      : 3053
  Unconstrained endpoints    :      0
  Coverage                   :  100.0%


=========================================================================
                   TOOL / RUN INFORMATION
=========================================================================

  Tool         : Synopsys PrimeTime 2023.06-SP3
  Run Host     : sta-server-01
  Run Dir      : /proj/cpu_rtl/sta/WRITEBACK/PRF/INT_RF/run_tt_0p90v_0p90v_85c
  SDC File     : /proj/cpu_rtl/constraints/INT_RF_TOP.sdc
  Netlist      : /proj/cpu_rtl/netlist/INT_RF_TOP.v.gz
  SPEF File    : /proj/cpu_rtl/spef/INT_RF_TOP.spef.gz
  Liberty      : saed32nm_rvt_tt_0p90v_0p90v_85c.db
  Elapsed Time : 00:05:18
  Peak Memory  : 5.116 GB

=========================================================================
End of Report
=========================================================================
