================================================================================
  STA BLOCK DUMP LOG  —  INT_RF_TOP
================================================================================

  Block Directory : D:\Certificates\PD_STA_REPORTS\WRITEBACK\PRF\INT_RF
  Design          : INT_RF_TOP
  Parsed At       : 2026-08-15T22:26:21
  Total Reports   : 31


OWNERSHIP
----------------------------------------
  BLOCK TIMING OWNER           : User41  <user41@company.com>  [EMP-2041]
  TEAM LEAD                    : MTO_User7  <mto7@company.com>  [EMP-1007]
  RTL TEAM LEAD                : TeamLead7  <teamlead7@company.com>
  PD ENGINEER                  : PDEng7  <pdeng7@company.com>
  STA ENGINEER                 : STAEng7  <staeng7@company.com>
  CHIP STA LEAD                : STALead1  <stalead1@company.com>  [EMP-0004]

AGGREGATE SUMMARY
----------------------------------------
  Overall Status   : VIOLATED
  Worst WNS  (ns)  : -0.231
  Worst TNS  (ns)  : -6.788
  Worst WHS  (ns)  : 0.000
  Best  WNS  (ns)  : 1.180
  Total Violations : 1

BY CORNER
----------------------------------------
  Name                                              #       WNS       TNS       WHS  STATUS
  ─────────────────────────────────────────────  ────  ────────  ────────  ────────  ──────────
  N/A                                               1     0.000     0.000     0.000  MET
  ff_1p16v_1p16v_125c                               2     1.109     0.000     0.000  MET
  ff_1p16v_1p16v_n40c                               5     1.052     0.000     0.000  MET
  ff_1p32v_1p32v_n40c                               1     1.048     0.000     0.000  MET
  lvss_0p63v_0p63v_125c                             1    -0.231    -6.788     0.076  VIOLATED
  ss_0p63v_0p63v_n40c                               1     1.180     0.000     0.000  MET
  ss_0p72v_0p72v_125c                               9     1.051     0.000     0.000  MET
  ss_0p72v_0p72v_n40c                               1     1.105     0.000     0.086  MET
  tt_0p90v_0p90v_25c                                8     1.033     0.000     0.000  MET
  tt_0p90v_0p90v_85c                                2     1.090     0.000     0.000  MET

BY CHECK TYPE
----------------------------------------
  Name                                              #       WNS       TNS       WHS  STATUS
  ─────────────────────────────────────────────  ────  ────────  ────────  ────────  ──────────
  N/A                                               1     0.000     0.000     0.000  MET
  hold                                             11     1.048     0.000     0.000  MET
  setup                                            19    -0.231    -6.788     0.000  VIOLATED

PER-REPORT DETAIL
----------------------------------------
  File     : 07_SETUP_LVSS_125C_INT_RF_TOP.rpt
  Design   : INT_RF_TOP            Corner : lvss_0p63v_0p63v_125c
  Check    : setup       Clock  : CLK_CORE  Period = 2.0 ns  (500.0 MHz)
  WNS      :   -0.231 ns   TNS :   -6.788 ns   WHS :   +0.076 ns
  Slack    :   -0.231 ns   Status : VIOLATED
  Status   : TIMING VIOLATED — Setup violations detected
  Coverage : 100.0%   Endpoints : 7684 / 7684
  Tool     : Synopsys PrimeTime 2023.06-SP3
  Runtime  : 00:08:14         Memory : 7.234 GB
  Run Dir  : /proj/cpu_rtl/sta/WRITEBACK/PRF/INT_RF/run_lvss_0p63v_0p63v_125c

  File     : 19_SETUP_LVSS_N40C_INT_RF_TOP.rpt
  Design   : INT_RF_TOP            Corner : ss_0p63v_0p63v_n40c
  Check    : setup       Clock  : CLK_CORE  Period = 2.0 ns  (500.0 MHz)
  WNS      :   +1.180 ns   TNS :   +0.000 ns   WHS :   +0.000 ns
  Slack    :   +1.180 ns   Status : MET
  Status   : ALL PATHS CLEAN -- No Setup or Hold Violations
  Coverage : 100.0%   Endpoints : 1250 / 1642
  Tool     : Synopsys PrimeTime 2023.06-SP3
  Runtime  : 00:01:11         Memory : 1.825 GB
  Run Dir  : /proj/cpu_rtl/sta/WRITEBACK/PRF/INT_RF/run_ss_0p63v_0p63v_n40c

  File     : 30_SETUP_TT_25C_FINAL_INT_RF_TOP.rpt
  Design   : INT_RF_TOP            Corner : tt_0p90v_0p90v_25c
  Check    : setup       Clock  : CLK_CORE  Period = 2.0 ns  (500.0 MHz)
  WNS      :   +1.174 ns   TNS :   +0.000 ns   WHS :   +0.000 ns
  Slack    :   +1.174 ns   Status : MET
  Status   : ALL PATHS CLEAN -- No Setup or Hold Violations
  Coverage : 100.0%   Endpoints : 4905 / 5522
  Tool     : Synopsys PrimeTime 2023.06-SP3
  Runtime  : 00:03:36         Memory : 2.252 GB
  Run Dir  : /proj/cpu_rtl/sta/WRITEBACK/PRF/INT_RF/run_tt_0p90v_0p90v_25c

  File     : 15_SETUP_TT_85C_INT_RF_TOP.rpt
  Design   : INT_RF_TOP            Corner : tt_0p90v_0p90v_85c
  Check    : setup       Clock  : CLK_CORE  Period = 2.0 ns  (500.0 MHz)
  WNS      :   +1.158 ns   TNS :   +0.000 ns   WHS :   +0.000 ns
  Slack    :   +1.158 ns   Status : MET
  Status   : ALL PATHS CLEAN -- No Setup or Hold Violations
  Coverage : 100.0%   Endpoints : 6826 / 4293
  Tool     : Synopsys PrimeTime 2023.06-SP3
  Runtime  : 00:03:15         Memory : 3.79 GB
  Run Dir  : /proj/cpu_rtl/sta/WRITEBACK/PRF/INT_RF/run_tt_0p90v_0p90v_85c

  File     : 22_RECOVERY_TT_25C_INT_RF_TOP.rpt
  Design   : INT_RF_TOP            Corner : tt_0p90v_0p90v_25c
  Check    : setup       Clock  : CLK_CORE  Period = 2.0 ns  (500.0 MHz)
  WNS      :   +1.149 ns   TNS :   +0.000 ns   WHS :   +0.000 ns
  Slack    :   +1.149 ns   Status : MET
  Status   : ALL PATHS CLEAN -- No Setup or Hold Violations
  Coverage : 100.0%   Endpoints : 5910 / 2306
  Tool     : Synopsys PrimeTime 2023.06-SP3
  Runtime  : 00:08:14         Memory : 2.075 GB
  Run Dir  : /proj/cpu_rtl/sta/WRITEBACK/PRF/INT_RF/run_tt_0p90v_0p90v_25c

  File     : 17_SETUP_FF_125C_INT_RF_TOP.rpt
  Design   : INT_RF_TOP            Corner : ff_1p16v_1p16v_125c
  Check    : setup       Clock  : CLK_CORE  Period = 2.0 ns  (500.0 MHz)
  WNS      :   +1.143 ns   TNS :   +0.000 ns   WHS :   +0.000 ns
  Slack    :   +1.143 ns   Status : MET
  Status   : ALL PATHS CLEAN -- No Setup or Hold Violations
  Coverage : 100.0%   Endpoints : 1528 / 5519
  Tool     : Synopsys PrimeTime 2023.06-SP3
  Runtime  : 00:06:38         Memory : 2.194 GB
  Run Dir  : /proj/cpu_rtl/sta/WRITEBACK/PRF/INT_RF/run_ff_1p16v_1p16v_125c

  File     : 08_CG_CHECK_TT_25C_INT_RF_TOP.rpt
  Design   : INT_RF_TOP            Corner : tt_0p90v_0p90v_25c
  Check    : setup       Clock  : CLK_CORE  Period = 2.0 ns  (500.0 MHz)
  WNS      :   +1.140 ns   TNS :   +0.000 ns   WHS :   +0.067 ns
  Slack    :   +1.140 ns   Status : MET
  Status   : ALL PATHS CLEAN — No Setup or Hold Violations
  Coverage : 100.0%   Endpoints : 3671 / 5529
  Tool     : Synopsys PrimeTime 2023.06-SP3
  Runtime  : 00:05:39         Memory : 4.771 GB
  Run Dir  : /proj/cpu_rtl/sta/WRITEBACK/PRF/INT_RF/run_tt_0p90v_0p90v_25c

  File     : 26_SETUP_SS_125C_SI_INT_RF_TOP.rpt
  Design   : INT_RF_TOP            Corner : ss_0p72v_0p72v_125c
  Check    : setup       Clock  : CLK_CORE  Period = 2.0 ns  (500.0 MHz)
  WNS      :   +1.134 ns   TNS :   +0.000 ns   WHS :   +0.000 ns
  Slack    :   +1.134 ns   Status : MET
  Status   : ALL PATHS CLEAN -- No Setup or Hold Violations
  Coverage : 100.0%   Endpoints : 1394 / 6165
  Tool     : Synopsys PrimeTime 2023.06-SP3
  Runtime  : 00:06:27         Memory : 1.556 GB
  Run Dir  : /proj/cpu_rtl/sta/WRITEBACK/PRF/INT_RF/run_ss_0p72v_0p72v_125c

  File     : 13_SETUP_SS_125C_POCV_INT_RF_TOP.rpt
  Design   : INT_RF_TOP            Corner : ss_0p72v_0p72v_125c
  Check    : setup       Clock  : CLK_CORE  Period = 2.0 ns  (500.0 MHz)
  WNS      :   +1.111 ns   TNS :   +0.000 ns   WHS :   +0.000 ns
  Slack    :   +1.111 ns   Status : MET
  Status   : ALL PATHS CLEAN -- No Setup or Hold Violations
  Coverage : 100.0%   Endpoints : 5885 / 4312
  Tool     : Synopsys PrimeTime 2023.06-SP3
  Runtime  : 00:05:10         Memory : 4.555 GB
  Run Dir  : /proj/cpu_rtl/sta/WRITEBACK/PRF/INT_RF/run_ss_0p72v_0p72v_125c

  File     : 11_SETUP_SS_125C_OCV_INT_RF_TOP.rpt
  Design   : INT_RF_TOP            Corner : ss_0p72v_0p72v_125c
  Check    : setup       Clock  : CLK_CORE  Period = 2.0 ns  (500.0 MHz)
  WNS      :   +1.107 ns   TNS :   +0.000 ns   WHS :   +0.000 ns
  Slack    :   +1.107 ns   Status : MET
  Status   : ALL PATHS CLEAN -- No Setup or Hold Violations
  Coverage : 100.0%   Endpoints : 1572 / 2717
  Tool     : Synopsys PrimeTime 2023.06-SP3
  Runtime  : 00:03:36         Memory : 4.626 GB
  Run Dir  : /proj/cpu_rtl/sta/WRITEBACK/PRF/INT_RF/run_ss_0p72v_0p72v_125c

  File     : 05_SETUP_SS_M40C_INT_RF_TOP.rpt
  Design   : INT_RF_TOP            Corner : ss_0p72v_0p72v_n40c
  Check    : setup       Clock  : CLK_CORE  Period = 2.0 ns  (500.0 MHz)
  WNS      :   +1.105 ns   TNS :   +0.000 ns   WHS :   +0.086 ns
  Slack    :   +1.105 ns   Status : MET
  Status   : ALL PATHS CLEAN — No Setup or Hold Violations
  Coverage : 100.0%   Endpoints : 1768 / 2383
  Tool     : Synopsys PrimeTime 2023.06-SP3
  Runtime  : 00:04:36         Memory : 3.436 GB
  Run Dir  : /proj/cpu_rtl/sta/WRITEBACK/PRF/INT_RF/run_ss_0p72v_0p72v_n40c

  File     : 24_SETUP_TT_25C_ECO_INT_RF_TOP.rpt
  Design   : INT_RF_TOP            Corner : tt_0p90v_0p90v_25c
  Check    : setup       Clock  : CLK_CORE  Period = 2.0 ns  (500.0 MHz)
  WNS      :   +1.105 ns   TNS :   +0.000 ns   WHS :   +0.000 ns
  Slack    :   +1.105 ns   Status : MET
  Status   : ALL PATHS CLEAN -- No Setup or Hold Violations
  Coverage : 100.0%   Endpoints : 3115 / 4715
  Tool     : Synopsys PrimeTime 2023.06-SP3
  Runtime  : 00:06:44         Memory : 4.305 GB
  Run Dir  : /proj/cpu_rtl/sta/WRITEBACK/PRF/INT_RF/run_tt_0p90v_0p90v_25c

  File     : 03_SETUP_TT_25C_INT_RF_TOP.rpt
  Design   : INT_RF_TOP            Corner : tt_0p90v_0p90v_25c
  Check    : setup       Clock  : CLK_CORE  Period = 2.0 ns  (500.0 MHz)
  WNS      :   +1.102 ns   TNS :   +0.000 ns   WHS :   +0.072 ns
  Slack    :   +1.102 ns   Status : MET
  Status   : ALL PATHS CLEAN — No Setup or Hold Violations
  Coverage : 100.0%   Endpoints : 801 / 1438
  Tool     : Synopsys PrimeTime 2023.06-SP3
  Runtime  : 00:01:38         Memory : 2.424 GB
  Run Dir  : /proj/cpu_rtl/sta/WRITEBACK/PRF/INT_RF/run_tt_0p90v_0p90v_25c

  File     : 28_SETUP_SS_125C_FINAL_INT_RF_TOP.rpt
  Design   : INT_RF_TOP            Corner : ss_0p72v_0p72v_125c
  Check    : setup       Clock  : CLK_CORE  Period = 2.0 ns  (500.0 MHz)
  WNS      :   +1.102 ns   TNS :   +0.000 ns   WHS :   +0.000 ns
  Slack    :   +1.102 ns   Status : MET
  Status   : ALL PATHS CLEAN -- No Setup or Hold Violations
  Coverage : 100.0%   Endpoints : 1865 / 2808
  Tool     : Synopsys PrimeTime 2023.06-SP3
  Runtime  : 00:08:30         Memory : 1.158 GB
  Run Dir  : /proj/cpu_rtl/sta/WRITEBACK/PRF/INT_RF/run_ss_0p72v_0p72v_125c

  File     : 01_SETUP_SS_125C_INT_RF_TOP.rpt
  Design   : INT_RF_TOP            Corner : ss_0p72v_0p72v_125c
  Check    : setup       Clock  : CLK_CORE  Period = 2.0 ns  (500.0 MHz)
  WNS      :   +1.088 ns   TNS :   +0.000 ns   WHS :   +0.112 ns
  Slack    :   +1.088 ns   Status : MET
  Status   : ALL PATHS CLEAN — No Setup or Hold Violations
  Coverage : 100.0%   Endpoints : 2063 / 5796
  Tool     : Synopsys PrimeTime 2023.06-SP3
  Runtime  : 00:07:24         Memory : 2.777 GB
  Run Dir  : /proj/cpu_rtl/sta/WRITEBACK/PRF/INT_RF/run_ss_0p72v_0p72v_125c

  File     : 23_MULTICYCLE_SS_125C_INT_RF_TOP.rpt
  Design   : INT_RF_TOP            Corner : ss_0p72v_0p72v_125c
  Check    : setup       Clock  : CLK_CORE  Period = 2.0 ns  (500.0 MHz)
  WNS      :   +1.087 ns   TNS :   +0.000 ns   WHS :   +0.000 ns
  Slack    :   +1.087 ns   Status : MET
  Status   : ALL PATHS CLEAN -- No Setup or Hold Violations
  Coverage : 100.0%   Endpoints : 6102 / 3654
  Tool     : Synopsys PrimeTime 2023.06-SP3
  Runtime  : 00:03:36         Memory : 2.336 GB
  Run Dir  : /proj/cpu_rtl/sta/WRITEBACK/PRF/INT_RF/run_ss_0p72v_0p72v_125c

  File     : 21_CG_CHECK_SS_125C_INT_RF_TOP.rpt
  Design   : INT_RF_TOP            Corner : ss_0p72v_0p72v_125c
  Check    : setup       Clock  : CLK_CORE  Period = 2.0 ns  (500.0 MHz)
  WNS      :   +1.077 ns   TNS :   +0.000 ns   WHS :   +0.000 ns
  Slack    :   +1.077 ns   Status : MET
  Status   : ALL PATHS CLEAN -- No Setup or Hold Violations
  Coverage : 100.0%   Endpoints : 3849 / 5176
  Tool     : Synopsys PrimeTime 2023.06-SP3
  Runtime  : 00:01:56         Memory : 4.965 GB
  Run Dir  : /proj/cpu_rtl/sta/WRITEBACK/PRF/INT_RF/run_ss_0p72v_0p72v_125c

  File     : 09_RECOVERY_SS_125C_INT_RF_TOP.rpt
  Design   : INT_RF_TOP            Corner : ss_0p72v_0p72v_125c
  Check    : setup       Clock  : CLK_CORE  Period = 2.0 ns  (500.0 MHz)
  WNS      :   +1.051 ns   TNS :   +0.000 ns   WHS :   +0.107 ns
  Slack    :   +1.051 ns   Status : MET
  Status   : ALL PATHS CLEAN — No Setup or Hold Violations
  Coverage : 100.0%   Endpoints : 3119 / 4329
  Tool     : Synopsys PrimeTime 2023.06-SP3
  Runtime  : 00:01:13         Memory : 4.257 GB
  Run Dir  : /proj/cpu_rtl/sta/WRITEBACK/PRF/INT_RF/run_ss_0p72v_0p72v_125c

  File     : 10_MULTICYCLE_TT_25C_INT_RF_TOP.rpt
  Design   : INT_RF_TOP            Corner : tt_0p90v_0p90v_25c
  Check    : setup       Clock  : CLK_CORE  Period = 2.0 ns  (500.0 MHz)
  WNS      :   +1.033 ns   TNS :   +0.000 ns   WHS :   +0.071 ns
  Slack    :   +1.033 ns   Status : MET
  Status   : ALL PATHS CLEAN — No Setup or Hold Violations
  Coverage : 100.0%   Endpoints : 3414 / 2165
  Tool     : Synopsys PrimeTime 2023.06-SP3
  Runtime  : 00:02:20         Memory : 4.088 GB
  Run Dir  : /proj/cpu_rtl/sta/WRITEBACK/PRF/INT_RF/run_tt_0p90v_0p90v_25c

  File     : 04_HOLD_TT_25C_INT_RF_TOP.rpt
  Design   : INT_RF_TOP            Corner : tt_0p90v_0p90v_25c
  Check    : hold        Clock  : CLK_CORE  Period = 2.0 ns  (500.0 MHz)
  WNS      :   +1.124 ns   TNS :   +0.000 ns   WHS :   +0.082 ns
  Slack    :   +1.124 ns   Status : MET
  Status   : ALL PATHS CLEAN — No Setup or Hold Violations
  Coverage : 100.0%   Endpoints : 4326 / 2814
  Tool     : Synopsys PrimeTime 2023.06-SP3
  Runtime  : 00:04:17         Memory : 3.359 GB
  Run Dir  : /proj/cpu_rtl/sta/WRITEBACK/PRF/INT_RF/run_tt_0p90v_0p90v_25c

  File     : 06_HOLD_FF_125C_INT_RF_TOP.rpt
  Design   : INT_RF_TOP            Corner : ff_1p16v_1p16v_125c
  Check    : hold        Clock  : CLK_CORE  Period = 2.0 ns  (500.0 MHz)
  WNS      :   +1.109 ns   TNS :   +0.000 ns   WHS :   +0.080 ns
  Slack    :   +1.109 ns   Status : MET
  Status   : ALL PATHS CLEAN — No Setup or Hold Violations
  Coverage : 100.0%   Endpoints : 1592 / 2475
  Tool     : Synopsys PrimeTime 2023.06-SP3
  Runtime  : 00:01:56         Memory : 2.078 GB
  Run Dir  : /proj/cpu_rtl/sta/WRITEBACK/PRF/INT_RF/run_ff_1p16v_1p16v_125c

  File     : 02_HOLD_FF_N40C_INT_RF_TOP.rpt
  Design   : INT_RF_TOP            Corner : ff_1p16v_1p16v_n40c
  Check    : hold        Clock  : CLK_CORE  Period = 2.0 ns  (500.0 MHz)
  WNS      :   +1.052 ns   TNS :   +0.000 ns   WHS :   +0.074 ns
  Slack    :   +1.052 ns   Status : MET
  Status   : ALL PATHS CLEAN — No Setup or Hold Violations
  Coverage : 100.0%   Endpoints : 1347 / 3362
  Tool     : Synopsys PrimeTime 2023.06-SP3
  Runtime  : 00:08:39         Memory : 3.863 GB
  Run Dir  : /proj/cpu_rtl/sta/WRITEBACK/PRF/INT_RF/run_ff_1p16v_1p16v_n40c

  File     : 12_HOLD_FF_N40C_OCV_INT_RF_TOP.rpt
  Design   : INT_RF_TOP            Corner : ff_1p16v_1p16v_n40c
  Check    : hold        Clock  : CLK_CORE  Period = 2.0 ns  (500.0 MHz)
  WNS      :   +1.053 ns   TNS :   +0.000 ns   WHS :   +0.000 ns
  Slack    :   +1.053 ns   Status : MET
  Status   : ALL PATHS CLEAN -- No Setup or Hold Violations
  Coverage : 100.0%   Endpoints : 6065 / 5102
  Tool     : Synopsys PrimeTime 2023.06-SP3
  Runtime  : 00:05:48         Memory : 2.953 GB
  Run Dir  : /proj/cpu_rtl/sta/WRITEBACK/PRF/INT_RF/run_ff_1p16v_1p16v_n40c

  File     : 14_HOLD_FF_N40C_POCV_INT_RF_TOP.rpt
  Design   : INT_RF_TOP            Corner : ff_1p16v_1p16v_n40c
  Check    : hold        Clock  : CLK_CORE  Period = 2.0 ns  (500.0 MHz)
  WNS      :   +1.098 ns   TNS :   +0.000 ns   WHS :   +0.000 ns
  Slack    :   +1.098 ns   Status : MET
  Status   : ALL PATHS CLEAN -- No Setup or Hold Violations
  Coverage : 100.0%   Endpoints : 6881 / 4245
  Tool     : Synopsys PrimeTime 2023.06-SP3
  Runtime  : 00:07:30         Memory : 2.197 GB
  Run Dir  : /proj/cpu_rtl/sta/WRITEBACK/PRF/INT_RF/run_ff_1p16v_1p16v_n40c

  File     : 16_HOLD_TT_85C_INT_RF_TOP.rpt
  Design   : INT_RF_TOP            Corner : tt_0p90v_0p90v_85c
  Check    : hold        Clock  : CLK_CORE  Period = 2.0 ns  (500.0 MHz)
  WNS      :   +1.090 ns   TNS :   +0.000 ns   WHS :   +0.000 ns
  Slack    :   +1.090 ns   Status : MET
  Status   : ALL PATHS CLEAN -- No Setup or Hold Violations
  Coverage : 100.0%   Endpoints : 3053 / 4730
  Tool     : Synopsys PrimeTime 2023.06-SP3
  Runtime  : 00:05:18         Memory : 5.116 GB
  Run Dir  : /proj/cpu_rtl/sta/WRITEBACK/PRF/INT_RF/run_tt_0p90v_0p90v_85c

  File     : 18_HOLD_SS_125C_INT_RF_TOP.rpt
  Design   : INT_RF_TOP            Corner : ss_0p72v_0p72v_125c
  Check    : hold        Clock  : CLK_CORE  Period = 2.0 ns  (500.0 MHz)
  WNS      :   +1.064 ns   TNS :   +0.000 ns   WHS :   +0.000 ns
  Slack    :   +1.064 ns   Status : MET
  Status   : ALL PATHS CLEAN -- No Setup or Hold Violations
  Coverage : 100.0%   Endpoints : 3111 / 5781
  Tool     : Synopsys PrimeTime 2023.06-SP3
  Runtime  : 00:01:44         Memory : 4.43 GB
  Run Dir  : /proj/cpu_rtl/sta/WRITEBACK/PRF/INT_RF/run_ss_0p72v_0p72v_125c

  File     : 20_HOLD_LVFF_N40C_INT_RF_TOP.rpt
  Design   : INT_RF_TOP            Corner : ff_1p32v_1p32v_n40c
  Check    : hold        Clock  : CLK_CORE  Period = 2.0 ns  (500.0 MHz)
  WNS      :   +1.048 ns   TNS :   +0.000 ns   WHS :   +0.000 ns
  Slack    :   +1.048 ns   Status : MET
  Status   : ALL PATHS CLEAN -- No Setup or Hold Violations
  Coverage : 100.0%   Endpoints : 5882 / 2109
  Tool     : Synopsys PrimeTime 2023.06-SP3
  Runtime  : 00:05:37         Memory : 3.682 GB
  Run Dir  : /proj/cpu_rtl/sta/WRITEBACK/PRF/INT_RF/run_ff_1p32v_1p32v_n40c

  File     : 25_HOLD_TT_25C_ECO_INT_RF_TOP.rpt
  Design   : INT_RF_TOP            Corner : tt_0p90v_0p90v_25c
  Check    : hold        Clock  : CLK_CORE  Period = 2.0 ns  (500.0 MHz)
  WNS      :   +1.162 ns   TNS :   +0.000 ns   WHS :   +0.000 ns
  Slack    :   +1.162 ns   Status : MET
  Status   : ALL PATHS CLEAN -- No Setup or Hold Violations
  Coverage : 100.0%   Endpoints : 3937 / 6095
  Tool     : Synopsys PrimeTime 2023.06-SP3
  Runtime  : 00:07:54         Memory : 4.432 GB
  Run Dir  : /proj/cpu_rtl/sta/WRITEBACK/PRF/INT_RF/run_tt_0p90v_0p90v_25c

  File     : 27_HOLD_FF_N40C_SI_INT_RF_TOP.rpt
  Design   : INT_RF_TOP            Corner : ff_1p16v_1p16v_n40c
  Check    : hold        Clock  : CLK_CORE  Period = 2.0 ns  (500.0 MHz)
  WNS      :   +1.108 ns   TNS :   +0.000 ns   WHS :   +0.000 ns
  Slack    :   +1.108 ns   Status : MET
  Status   : ALL PATHS CLEAN -- No Setup or Hold Violations
  Coverage : 100.0%   Endpoints : 3437 / 4166
  Tool     : Synopsys PrimeTime 2023.06-SP3
  Runtime  : 00:05:24         Memory : 3.38 GB
  Run Dir  : /proj/cpu_rtl/sta/WRITEBACK/PRF/INT_RF/run_ff_1p16v_1p16v_n40c

  File     : 29_HOLD_FF_N40C_FINAL_INT_RF_TOP.rpt
  Design   : INT_RF_TOP            Corner : ff_1p16v_1p16v_n40c
  Check    : hold        Clock  : CLK_CORE  Period = 2.0 ns  (500.0 MHz)
  WNS      :   +1.079 ns   TNS :   +0.000 ns   WHS :   +0.000 ns
  Slack    :   +1.079 ns   Status : MET
  Status   : ALL PATHS CLEAN -- No Setup or Hold Violations
  Coverage : 100.0%   Endpoints : 1438 / 1578
  Tool     : Synopsys PrimeTime 2023.06-SP3
  Runtime  : 00:08:50         Memory : 3.313 GB
  Run Dir  : /proj/cpu_rtl/sta/WRITEBACK/PRF/INT_RF/run_ff_1p16v_1p16v_n40c

  File     : INT_RF_TIMING.rpt
  Design   : N/A                   Corner : N/A
  Check    : N/A         Clock  : N/A  Period = 0.0 ns  (0.0 MHz)
  WNS      :   +0.000 ns   TNS :   +0.000 ns   WHS :   +0.000 ns
  Slack    :   +0.000 ns   Status : UNKNOWN
  Status   : N/A
  Coverage : 0.0%   Endpoints : 0 / 0
  Tool     : N/A
  Runtime  : N/A              Memory : N/A
  Run Dir  : N/A


================================================================================
END OF BLOCK DUMP LOG
================================================================================