****************************************
Report : timing
        -path_type full
        -delay_type min
        -max_paths 10
        -sort_by slack
Design : MSHR_TOP
Version: PrimeTime 2023.06-SP3
Date   : Sat Aug 15 17:34:54 2026
Corner : ff_1p16v_1p16v_n40c
Note   : Worst-case Hold  — Fast corner, cold temp
****************************************

Operating Conditions : ff_1p16v_1p16v_n40c (Library: saed32nm_rvt)
Wire Load Model Mode : Interconnect (StarRC Extracted)

  Startpoint : u_mshr_ent/din_reg[0]
               (rising edge-triggered flip-flop clocked by CLK_CORE)
  Endpoint   : u_mshr_rsp/dout_reg[0]
               (rising edge-triggered flip-flop clocked by CLK_CORE)
  Path Group : CLK_CORE
  Path Type  : min

  Point                                                   Incr        Path
  -------------------------------------------------------------------------
  clock CLK_CORE (rise edge)                                  0.000       0.000
  clock network delay (propagated)                        0.163      0.163
  u_mshr_ent/din_reg[0]/CK (DFFARX1_RVT)                        0.000       0.163 r
  u_mshr_ent/din_reg[0]/Q  (DFFARX1_RVT)                        0.129       0.292 r
  u_mshr_ent/U12/Y (INVX2_RVT)                                  0.045       0.337 f
  u_mshr_ent/U34/Y (NAND2X1_RVT)                                0.083       0.42 r
  u_mshr_alloc/U07/Y (AOI22X1_RVT)                                0.098       0.518 f
  u_mshr_alloc/U19/Y (OAI21X1_RVT)                                0.094       0.612 r
  u_mshr_mrg/U03/Y (MUX21X1_RVT)                                0.084       0.696 r
  u_mshr_mrg/U11/Y (AND2X1_RVT)                                 0.084       0.78 f
  u_mshr_mrg/U22/Y (NOR2X1_RVT)                                 0.051       0.831 r
  u_mshr_rsp/U05/Y (BUFX4_RVT)                                  0.077       0.908 r
  u_mshr_rsp/dout_reg[0]/D (DFFARX1_RVT)                        0.06      0.968 f
  data arrival time                                                    0.968

  clock CLK_CORE (rise edge)                                  2     2
  clock network delay (propagated)                        0.163      2.163
  clock uncertainty                                      -0.05   2.113
  u_mshr_rsp/dout_reg[0]/CK (DFFARX1_RVT)                       0.000       2.113 r
  library setup time                                     -0.082   2.031
  data required time                                                   2.031
  -------------------------------------------------------------------------
  data required time                                                   2.031
  data arrival time                                                   -0.968
  -------------------------------------------------------------------------
  slack (MET)   1.063


=========================================================================
                   MSHR_TOP — TIMING SUMMARY
=========================================================================

  Block        : MSHR_TOP
  Corner       : ff_1p16v_1p16v_n40c
  Check        : min  (Worst-case Hold  — Fast corner, cold temp)
  Clock        : CLK_CORE  Period = 2 ns  (500 MHz)
  Technology   : SAED 32nm RVT

  ┌────────────────────────────────────────────────────────────────┐
  │ Sub-Unit      WNS (ns)  TNS (ns)  #Viol   WHS (ns)  #HViol  │
  ├────────────────────────────────────────────────────────────────┤
  │ u_mshr_ent          1.063       0        0      0.072        0     │
  │ u_mshr_alloc          0.084       0        0      0.058        0     │
  │ u_mshr_mrg          0.164       0        0      0.107        0     │
  │ u_mshr_rsp          0.141       0        0      0.056        0     │
  ├────────────────────────────────────────────────────────────────┤
  │ MSHR_TOP  1.063       0        0      0.072        0     │
  └────────────────────────────────────────────────────────────────┘

  Status : ALL PATHS CLEAN — No Setup or Hold Violations


=========================================================================
                   TIMING EXCEPTIONS APPLIED
=========================================================================

  set_false_path -from [get_ports SCAN_EN]      -to [all_registers]
  set_false_path -from [get_ports TEST_MODE]     -to [all_registers]
  set_multicycle_path 2 -setup -from [get_cells u_mshr_ent/*] -to [get_cells u_mshr_rsp/*]
  set_multicycle_path 1 -hold  -from [get_cells u_mshr_ent/*] -to [get_cells u_mshr_rsp/*]
  set_input_delay  0.400 -clock CLK_CORE -max [all_inputs]
  set_output_delay 0.350 -clock CLK_CORE -max [all_outputs]


=========================================================================
                   CLOCK DOMAIN SUMMARY
=========================================================================

  Clock    : CLK_CORE
  Period   : 2 ns
  Waveform : {0.000 1}
  Skew     : 0.026 ns  (max across MSHR_TOP)
  Latency  : 0.163 ns  (max)


=========================================================================
                   CONSTRAINT COVERAGE
=========================================================================

  Total register endpoints   : 2530
  Constrained endpoints      : 5705
  Unconstrained endpoints    :      0
  Coverage                   :  100.0%


=========================================================================
                   TOOL / RUN INFORMATION
=========================================================================

  Tool         : Synopsys PrimeTime 2023.06-SP3
  Run Host     : sta-server-01
  Run Dir      : /proj/cpu_rtl/sta/MEMORY/MSHR/run_ff_1p16v_1p16v_n40c
  SDC File     : /proj/cpu_rtl/constraints/MSHR_TOP.sdc
  Netlist      : /proj/cpu_rtl/netlist/MSHR_TOP.v.gz
  SPEF File    : /proj/cpu_rtl/spef/MSHR_TOP.spef.gz
  Liberty      : saed32nm_rvt_ff_1p16v_1p16v_n40c.db
  Elapsed Time : 00:06:11
  Peak Memory  : 3.458 GB

=========================================================================
End of Report
=========================================================================
