****************************************
Report : timing
        -path_type full
        -delay_type max
        -max_paths 10
        -sort_by slack
Design : MSHR_TOP
Version: PrimeTime 2023.06-SP3
Date   : Sat Aug 15 17:34:54 2026
Corner : tt_0p90v_0p90v_25c
Note   : Typical Setup   — Nominal corner
****************************************

Operating Conditions : tt_0p90v_0p90v_25c (Library: saed32nm_rvt)
Wire Load Model Mode : Interconnect (StarRC Extracted)

  Startpoint : u_mshr_ent/din_reg[0]
               (rising edge-triggered flip-flop clocked by CLK_CORE)
  Endpoint   : u_mshr_rsp/dout_reg[0]
               (rising edge-triggered flip-flop clocked by CLK_CORE)
  Path Group : CLK_CORE
  Path Type  : max

  Point                                                   Incr        Path
  -------------------------------------------------------------------------
  clock CLK_CORE (rise edge)                                  0.000       0.000
  clock network delay (propagated)                        0.161      0.161
  u_mshr_ent/din_reg[0]/CK (DFFARX1_RVT)                        0.000       0.161 r
  u_mshr_ent/din_reg[0]/Q  (DFFARX1_RVT)                        0.131       0.292 r
  u_mshr_ent/U12/Y (INVX2_RVT)                                  0.055       0.347 f
  u_mshr_ent/U34/Y (NAND2X1_RVT)                                0.058       0.405 r
  u_mshr_alloc/U07/Y (AOI22X1_RVT)                                0.099       0.504 f
  u_mshr_alloc/U19/Y (OAI21X1_RVT)                                0.11       0.614 r
  u_mshr_mrg/U03/Y (MUX21X1_RVT)                                0.083       0.697 r
  u_mshr_mrg/U11/Y (AND2X1_RVT)                                 0.045       0.742 f
  u_mshr_mrg/U22/Y (NOR2X1_RVT)                                 0.054       0.796 r
  u_mshr_rsp/U05/Y (BUFX4_RVT)                                  0.056       0.852 r
  u_mshr_rsp/dout_reg[0]/D (DFFARX1_RVT)                        0.054      0.906 f
  data arrival time                                                    0.906

  clock CLK_CORE (rise edge)                                  2     2
  clock network delay (propagated)                        0.161      2.161
  clock uncertainty                                      -0.05   2.111
  u_mshr_rsp/dout_reg[0]/CK (DFFARX1_RVT)                       0.000       2.111 r
  library setup time                                     -0.066   2.045
  data required time                                                   2.045
  -------------------------------------------------------------------------
  data required time                                                   2.045
  data arrival time                                                   -0.906
  -------------------------------------------------------------------------
  slack (MET)   1.139


=========================================================================
                   MSHR_TOP — TIMING SUMMARY
=========================================================================

  Block        : MSHR_TOP
  Corner       : tt_0p90v_0p90v_25c
  Check        : max  (Typical Setup   — Nominal corner)
  Clock        : CLK_CORE  Period = 2 ns  (500 MHz)
  Technology   : SAED 32nm RVT

  ┌────────────────────────────────────────────────────────────────┐
  │ Sub-Unit      WNS (ns)  TNS (ns)  #Viol   WHS (ns)  #HViol  │
  ├────────────────────────────────────────────────────────────────┤
  │ u_mshr_ent          1.139       0        0      0.071        0     │
  │ u_mshr_alloc          0.139       0        0      0.098        0     │
  │ u_mshr_mrg          0.107       0        0      0.127        0     │
  │ u_mshr_rsp          0.152       0        0      0.108        0     │
  ├────────────────────────────────────────────────────────────────┤
  │ MSHR_TOP  1.139       0        0      0.071        0     │
  └────────────────────────────────────────────────────────────────┘

  Status : ALL PATHS CLEAN — No Setup or Hold Violations


=========================================================================
                   TIMING EXCEPTIONS APPLIED
=========================================================================

  set_false_path -from [get_ports SCAN_EN]      -to [all_registers]
  set_false_path -from [get_ports TEST_MODE]     -to [all_registers]
  set_multicycle_path 2 -setup -from [get_cells u_mshr_ent/*] -to [get_cells u_mshr_rsp/*]
  set_multicycle_path 1 -hold  -from [get_cells u_mshr_ent/*] -to [get_cells u_mshr_rsp/*]
  set_input_delay  0.400 -clock CLK_CORE -max [all_inputs]
  set_output_delay 0.350 -clock CLK_CORE -max [all_outputs]


=========================================================================
                   CLOCK DOMAIN SUMMARY
=========================================================================

  Clock    : CLK_CORE
  Period   : 2 ns
  Waveform : {0.000 1}
  Skew     : 0.019 ns  (max across MSHR_TOP)
  Latency  : 0.161 ns  (max)


=========================================================================
                   CONSTRAINT COVERAGE
=========================================================================

  Total register endpoints   : 4453
  Constrained endpoints      : 1829
  Unconstrained endpoints    :      0
  Coverage                   :  100.0%


=========================================================================
                   TOOL / RUN INFORMATION
=========================================================================

  Tool         : Synopsys PrimeTime 2023.06-SP3
  Run Host     : sta-server-01
  Run Dir      : /proj/cpu_rtl/sta/MEMORY/MSHR/run_tt_0p90v_0p90v_25c
  SDC File     : /proj/cpu_rtl/constraints/MSHR_TOP.sdc
  Netlist      : /proj/cpu_rtl/netlist/MSHR_TOP.v.gz
  SPEF File    : /proj/cpu_rtl/spef/MSHR_TOP.spef.gz
  Liberty      : saed32nm_rvt_tt_0p90v_0p90v_25c.db
  Elapsed Time : 00:08:14
  Peak Memory  : 2.037 GB

=========================================================================
End of Report
=========================================================================
