****************************************
Report : timing
        -path_type full
        -delay_type min
        -max_paths 10
        -sort_by slack
Design : MSHR_TOP
Version: PrimeTime 2023.06-SP3
Date   : Sat Aug 15 18:20:45 2026
Corner : tt_0p90v_0p90v_85c
Note   : Hold check — Typical corner, 85 deg C
****************************************

Operating Conditions : tt_0p90v_0p90v_85c (Library: saed32nm_rvt)
Wire Load Model Mode : Interconnect (StarRC Extracted)

  Startpoint : u_mshr_ent/din_reg[0]
               (rising edge-triggered flip-flop clocked by CLK_CORE)
  Endpoint   : u_mshr_rsp/dout_reg[0]
               (rising edge-triggered flip-flop clocked by CLK_CORE)
  Path Group : CLK_CORE
  Path Type  : min

  Point                                                   Incr        Path
  -------------------------------------------------------------------------
  clock CLK_CORE (rise edge)                                  0.000       0.000
  clock network delay (propagated)                        0.163      0.163
  u_mshr_ent/din_reg[0]/CK (DFFARX1_RVT)                        0.000       0.163 r
  u_mshr_ent/din_reg[0]/Q  (DFFARX1_RVT)                        0.11         0.273 r
  u_mshr_ent/U12/Y (INVX2_RVT)                                  0.041         0.314 f
  u_mshr_ent/U34/Y (NAND2X1_RVT)                                0.062         0.376 r
  u_mshr_alloc/U07/Y (AOI22X1_RVT)                                0.091         0.467 f
  u_mshr_alloc/U19/Y (OAI21X1_RVT)                                0.098         0.565 r
  u_mshr_mrg/U03/Y (MUX21X1_RVT)                                0.071         0.636 r
  u_mshr_mrg/U11/Y (AND2X1_RVT)                                 0.046         0.682 f
  u_mshr_mrg/U22/Y (NOR2X1_RVT)                                 0.058         0.74 r
  u_mshr_rsp/U05/Y (BUFX4_RVT)                                  0.065         0.805 r
  u_mshr_rsp/dout_reg[0]/D (DFFARX1_RVT)                        0.05        0.855 f
  data arrival time                                                    0.855

  clock CLK_CORE (rise edge)                                  2     2
  clock network delay (propagated)                        0.163      2.163
  clock uncertainty                                      -0.05   2.113
  u_mshr_rsp/dout_reg[0]/CK (DFFARX1_RVT)                       0.000       2.113 r
  library setup time                                     -0.075   2.038
  data required time                                                   2.038
  -------------------------------------------------------------------------
  data required time                                                   2.038
  data arrival time                                                   -0.855
  -------------------------------------------------------------------------
  slack (MET)      1.183


=========================================================================
                   MSHR_TOP -- TIMING SUMMARY
=========================================================================

  Block        : MSHR_TOP
  Corner       : tt_0p90v_0p90v_85c
  Check        : min  (Hold check — Typical corner, 85 deg C)
  Clock        : CLK_CORE  Period = 2 ns  (500 MHz)
  Technology   : SAED 32nm RVT

  +------------------------------------------------------------------+
  | Sub-Unit          WNS (ns)  TNS (ns)  #Viol   WHS (ns)  #HViol  |
  +------------------------------------------------------------------+
  | u_mshr_ent          1.183       0.000       0      0.081        0     |
  | u_mshr_alloc          0.063       0.000       0      0.129        0     |
  | u_mshr_mrg          0.178       0.000       0      0.092        0     |
  | u_mshr_rsp          0.138       0.000       0      0.063        0     |
  +------------------------------------------------------------------+
  | MSHR_TOP   1.183       0.000       0      0.081        0     |
  +------------------------------------------------------------------+

  Status : ALL PATHS CLEAN -- No Setup or Hold Violations


=========================================================================
                   TIMING EXCEPTIONS APPLIED
=========================================================================

  set_false_path -from [get_ports SCAN_EN]      -to [all_registers]
  set_false_path -from [get_ports TEST_MODE]     -to [all_registers]
  set_multicycle_path 2 -setup -from [get_cells u_mshr_ent/*] -to [get_cells u_mshr_rsp/*]
  set_multicycle_path 1 -hold  -from [get_cells u_mshr_ent/*] -to [get_cells u_mshr_rsp/*]
  set_input_delay  0.400 -clock CLK_CORE -max [all_inputs]
  set_output_delay 0.350 -clock CLK_CORE -max [all_outputs]


=========================================================================
                   CLOCK DOMAIN SUMMARY
=========================================================================

  Clock    : CLK_CORE
  Period   : 2 ns
  Waveform : {0.000 1}
  Skew     : 0.016 ns  (max across MSHR_TOP)
  Latency  : 0.163 ns  (max)


=========================================================================
                   CONSTRAINT COVERAGE
=========================================================================

  Total register endpoints   : 6985
  Constrained endpoints      : 1047
  Unconstrained endpoints    :      0
  Coverage                   :  100.0%


=========================================================================
                   TOOL / RUN INFORMATION
=========================================================================

  Tool         : Synopsys PrimeTime 2023.06-SP3
  Run Host     : sta-server-01
  Run Dir      : /proj/cpu_rtl/sta/MEMORY/MSHR/run_tt_0p90v_0p90v_85c
  SDC File     : /proj/cpu_rtl/constraints/MSHR_TOP.sdc
  Netlist      : /proj/cpu_rtl/netlist/MSHR_TOP.v.gz
  SPEF File    : /proj/cpu_rtl/spef/MSHR_TOP.spef.gz
  Liberty      : saed32nm_rvt_tt_0p90v_0p90v_85c.db
  Elapsed Time : 00:06:36
  Peak Memory  : 3.546 GB

=========================================================================
End of Report
=========================================================================
