****************************************
Report : timing
        -path_type full
        -delay_type min
        -max_paths 10
        -sort_by slack
Design : MSHR_TOP
Version: PrimeTime 2023.06-SP3
Date   : Sat Aug 15 18:20:45 2026
Corner : ff_1p32v_1p32v_n40c
Note   : Hold — High-voltage fast corner, cold
****************************************

Operating Conditions : ff_1p32v_1p32v_n40c (Library: saed32nm_rvt)
Wire Load Model Mode : Interconnect (StarRC Extracted)

  Startpoint : u_mshr_ent/din_reg[0]
               (rising edge-triggered flip-flop clocked by CLK_CORE)
  Endpoint   : u_mshr_rsp/dout_reg[0]
               (rising edge-triggered flip-flop clocked by CLK_CORE)
  Path Group : CLK_CORE
  Path Type  : min

  Point                                                   Incr        Path
  -------------------------------------------------------------------------
  clock CLK_CORE (rise edge)                                  0.000       0.000
  clock network delay (propagated)                        0.149      0.149
  u_mshr_ent/din_reg[0]/CK (DFFARX1_RVT)                        0.000       0.149 r
  u_mshr_ent/din_reg[0]/Q  (DFFARX1_RVT)                        0.132         0.281 r
  u_mshr_ent/U12/Y (INVX2_RVT)                                  0.046         0.327 f
  u_mshr_ent/U34/Y (NAND2X1_RVT)                                0.069         0.396 r
  u_mshr_alloc/U07/Y (AOI22X1_RVT)                                0.095         0.491 f
  u_mshr_alloc/U19/Y (OAI21X1_RVT)                                0.092         0.583 r
  u_mshr_mrg/U03/Y (MUX21X1_RVT)                                0.062         0.645 r
  u_mshr_mrg/U11/Y (AND2X1_RVT)                                 0.078         0.723 f
  u_mshr_mrg/U22/Y (NOR2X1_RVT)                                 0.052         0.775 r
  u_mshr_rsp/U05/Y (BUFX4_RVT)                                  0.074         0.849 r
  u_mshr_rsp/dout_reg[0]/D (DFFARX1_RVT)                        0.055        0.904 f
  data arrival time                                                    0.904

  clock CLK_CORE (rise edge)                                  2     2
  clock network delay (propagated)                        0.149      2.149
  clock uncertainty                                      -0.05   2.099
  u_mshr_rsp/dout_reg[0]/CK (DFFARX1_RVT)                       0.000       2.099 r
  library setup time                                     -0.079   2.02
  data required time                                                   2.02
  -------------------------------------------------------------------------
  data required time                                                   2.02
  data arrival time                                                   -0.904
  -------------------------------------------------------------------------
  slack (MET)      1.116


=========================================================================
                   MSHR_TOP -- TIMING SUMMARY
=========================================================================

  Block        : MSHR_TOP
  Corner       : ff_1p32v_1p32v_n40c
  Check        : min  (Hold — High-voltage fast corner, cold)
  Clock        : CLK_CORE  Period = 2 ns  (500 MHz)
  Technology   : SAED 32nm RVT

  +------------------------------------------------------------------+
  | Sub-Unit          WNS (ns)  TNS (ns)  #Viol   WHS (ns)  #HViol  |
  +------------------------------------------------------------------+
  | u_mshr_ent          1.116       0.000       0      0.083        0     |
  | u_mshr_alloc          0.136       0.000       0      0.084        0     |
  | u_mshr_mrg          0.099       0.000       0      0.111        0     |
  | u_mshr_rsp          0.1       0.000       0      0.053        0     |
  +------------------------------------------------------------------+
  | MSHR_TOP   1.116       0.000       0      0.083        0     |
  +------------------------------------------------------------------+

  Status : ALL PATHS CLEAN -- No Setup or Hold Violations


=========================================================================
                   TIMING EXCEPTIONS APPLIED
=========================================================================

  set_false_path -from [get_ports SCAN_EN]      -to [all_registers]
  set_false_path -from [get_ports TEST_MODE]     -to [all_registers]
  set_multicycle_path 2 -setup -from [get_cells u_mshr_ent/*] -to [get_cells u_mshr_rsp/*]
  set_multicycle_path 1 -hold  -from [get_cells u_mshr_ent/*] -to [get_cells u_mshr_rsp/*]
  set_input_delay  0.400 -clock CLK_CORE -max [all_inputs]
  set_output_delay 0.350 -clock CLK_CORE -max [all_outputs]


=========================================================================
                   CLOCK DOMAIN SUMMARY
=========================================================================

  Clock    : CLK_CORE
  Period   : 2 ns
  Waveform : {0.000 1}
  Skew     : 0.019 ns  (max across MSHR_TOP)
  Latency  : 0.149 ns  (max)


=========================================================================
                   CONSTRAINT COVERAGE
=========================================================================

  Total register endpoints   : 2367
  Constrained endpoints      : 6960
  Unconstrained endpoints    :      0
  Coverage                   :  100.0%


=========================================================================
                   TOOL / RUN INFORMATION
=========================================================================

  Tool         : Synopsys PrimeTime 2023.06-SP3
  Run Host     : sta-server-01
  Run Dir      : /proj/cpu_rtl/sta/MEMORY/MSHR/run_ff_1p32v_1p32v_n40c
  SDC File     : /proj/cpu_rtl/constraints/MSHR_TOP.sdc
  Netlist      : /proj/cpu_rtl/netlist/MSHR_TOP.v.gz
  SPEF File    : /proj/cpu_rtl/spef/MSHR_TOP.spef.gz
  Liberty      : saed32nm_rvt_ff_1p32v_1p32v_n40c.db
  Elapsed Time : 00:04:10
  Peak Memory  : 3.776 GB

=========================================================================
End of Report
=========================================================================
