****************************************
Report : timing
        -path_type full
        -delay_type max
        -max_paths 10
        -sort_by slack
Design : MSHR_TOP
Version: PrimeTime 2023.06-SP3
Date   : Sat Aug 15 18:20:45 2026
Corner : tt_0p90v_0p90v_25c
Note   : Recovery/Removal check — Nominal corner
****************************************

Operating Conditions : tt_0p90v_0p90v_25c (Library: saed32nm_rvt)
Wire Load Model Mode : Interconnect (StarRC Extracted)

  Startpoint : u_mshr_ent/din_reg[0]
               (rising edge-triggered flip-flop clocked by CLK_CORE)
  Endpoint   : u_mshr_rsp/dout_reg[0]
               (rising edge-triggered flip-flop clocked by CLK_CORE)
  Path Group : CLK_CORE
  Path Type  : max

  Point                                                   Incr        Path
  -------------------------------------------------------------------------
  clock CLK_CORE (rise edge)                                  0.000       0.000
  clock network delay (propagated)                        0.155      0.155
  u_mshr_ent/din_reg[0]/CK (DFFARX1_RVT)                        0.000       0.155 r
  u_mshr_ent/din_reg[0]/Q  (DFFARX1_RVT)                        0.133         0.288 r
  u_mshr_ent/U12/Y (INVX2_RVT)                                  0.053         0.341 f
  u_mshr_ent/U34/Y (NAND2X1_RVT)                                0.076         0.417 r
  u_mshr_alloc/U07/Y (AOI22X1_RVT)                                0.076         0.493 f
  u_mshr_alloc/U19/Y (OAI21X1_RVT)                                0.098         0.591 r
  u_mshr_mrg/U03/Y (MUX21X1_RVT)                                0.078         0.669 r
  u_mshr_mrg/U11/Y (AND2X1_RVT)                                 0.078         0.747 f
  u_mshr_mrg/U22/Y (NOR2X1_RVT)                                 0.037         0.784 r
  u_mshr_rsp/U05/Y (BUFX4_RVT)                                  0.071         0.855 r
  u_mshr_rsp/dout_reg[0]/D (DFFARX1_RVT)                        0.064        0.919 f
  data arrival time                                                    0.919

  clock CLK_CORE (rise edge)                                  2     2
  clock network delay (propagated)                        0.155      2.155
  clock uncertainty                                      -0.05   2.105
  u_mshr_rsp/dout_reg[0]/CK (DFFARX1_RVT)                       0.000       2.105 r
  library setup time                                     -0.077   2.028
  data required time                                                   2.028
  -------------------------------------------------------------------------
  data required time                                                   2.028
  data arrival time                                                   -0.919
  -------------------------------------------------------------------------
  slack (MET)      1.109


=========================================================================
                   MSHR_TOP -- TIMING SUMMARY
=========================================================================

  Block        : MSHR_TOP
  Corner       : tt_0p90v_0p90v_25c
  Check        : max  (Recovery/Removal check — Nominal corner)
  Clock        : CLK_CORE  Period = 2 ns  (500 MHz)
  Technology   : SAED 32nm RVT

  +------------------------------------------------------------------+
  | Sub-Unit          WNS (ns)  TNS (ns)  #Viol   WHS (ns)  #HViol  |
  +------------------------------------------------------------------+
  | u_mshr_ent          1.109       0.000       0      0.12        0     |
  | u_mshr_alloc          0.154       0.000       0      0.116        0     |
  | u_mshr_mrg          0.203       0.000       0      0.102        0     |
  | u_mshr_rsp          0.201       0.000       0      0.09        0     |
  +------------------------------------------------------------------+
  | MSHR_TOP   1.109       0.000       0      0.12        0     |
  +------------------------------------------------------------------+

  Status : ALL PATHS CLEAN -- No Setup or Hold Violations


=========================================================================
                   TIMING EXCEPTIONS APPLIED
=========================================================================

  set_false_path -from [get_ports SCAN_EN]      -to [all_registers]
  set_false_path -from [get_ports TEST_MODE]     -to [all_registers]
  set_multicycle_path 2 -setup -from [get_cells u_mshr_ent/*] -to [get_cells u_mshr_rsp/*]
  set_multicycle_path 1 -hold  -from [get_cells u_mshr_ent/*] -to [get_cells u_mshr_rsp/*]
  set_input_delay  0.400 -clock CLK_CORE -max [all_inputs]
  set_output_delay 0.350 -clock CLK_CORE -max [all_outputs]


=========================================================================
                   CLOCK DOMAIN SUMMARY
=========================================================================

  Clock    : CLK_CORE
  Period   : 2 ns
  Waveform : {0.000 1}
  Skew     : 0.017 ns  (max across MSHR_TOP)
  Latency  : 0.155 ns  (max)


=========================================================================
                   CONSTRAINT COVERAGE
=========================================================================

  Total register endpoints   : 6017
  Constrained endpoints      : 1575
  Unconstrained endpoints    :      0
  Coverage                   :  100.0%


=========================================================================
                   TOOL / RUN INFORMATION
=========================================================================

  Tool         : Synopsys PrimeTime 2023.06-SP3
  Run Host     : sta-server-01
  Run Dir      : /proj/cpu_rtl/sta/MEMORY/MSHR/run_tt_0p90v_0p90v_25c
  SDC File     : /proj/cpu_rtl/constraints/MSHR_TOP.sdc
  Netlist      : /proj/cpu_rtl/netlist/MSHR_TOP.v.gz
  SPEF File    : /proj/cpu_rtl/spef/MSHR_TOP.spef.gz
  Liberty      : saed32nm_rvt_tt_0p90v_0p90v_25c.db
  Elapsed Time : 00:06:52
  Peak Memory  : 4.758 GB

=========================================================================
End of Report
=========================================================================
