****************************************
Report : timing
        -path_type full
        -delay_type min
        -max_paths 10
        -sort_by slack
Design : BRU_TOP
Version: PrimeTime 2023.06-SP3
Date   : Sat Aug 15 17:34:53 2026
Corner : ff_1p16v_1p16v_n40c
Note   : Worst-case Hold  — Fast corner, cold temp
****************************************

Operating Conditions : ff_1p16v_1p16v_n40c (Library: saed32nm_rvt)
Wire Load Model Mode : Interconnect (StarRC Extracted)

  Startpoint : u_bru_cond/din_reg[0]
               (rising edge-triggered flip-flop clocked by CLK_CORE)
  Endpoint   : u_bru_mis/dout_reg[0]
               (rising edge-triggered flip-flop clocked by CLK_CORE)
  Path Group : CLK_CORE
  Path Type  : min

  Point                                                   Incr        Path
  -------------------------------------------------------------------------
  clock CLK_CORE (rise edge)                                  0.000       0.000
  clock network delay (propagated)                        0.142      0.142
  u_bru_cond/din_reg[0]/CK (DFFARX1_RVT)                        0.000       0.142 r
  u_bru_cond/din_reg[0]/Q  (DFFARX1_RVT)                        0.113       0.255 r
  u_bru_cond/U12/Y (INVX2_RVT)                                  0.036       0.291 f
  u_bru_cond/U34/Y (NAND2X1_RVT)                                0.075       0.366 r
  u_bru_tgt/U07/Y (AOI22X1_RVT)                                0.083       0.449 f
  u_bru_tgt/U19/Y (OAI21X1_RVT)                                0.084       0.533 r
  u_bru_upd/U03/Y (MUX21X1_RVT)                                0.086       0.619 r
  u_bru_upd/U11/Y (AND2X1_RVT)                                 0.064       0.683 f
  u_bru_upd/U22/Y (NOR2X1_RVT)                                 0.055       0.738 r
  u_bru_mis/U05/Y (BUFX4_RVT)                                  0.076       0.814 r
  u_bru_mis/dout_reg[0]/D (DFFARX1_RVT)                        0.077      0.891 f
  data arrival time                                                    0.891

  clock CLK_CORE (rise edge)                                  2     2
  clock network delay (propagated)                        0.142      2.142
  clock uncertainty                                      -0.05   2.092
  u_bru_mis/dout_reg[0]/CK (DFFARX1_RVT)                       0.000       2.092 r
  library setup time                                     -0.066   2.026
  data required time                                                   2.026
  -------------------------------------------------------------------------
  data required time                                                   2.026
  data arrival time                                                   -0.891
  -------------------------------------------------------------------------
  slack (MET)   1.135


=========================================================================
                   BRU_TOP — TIMING SUMMARY
=========================================================================

  Block        : BRU_TOP
  Corner       : ff_1p16v_1p16v_n40c
  Check        : min  (Worst-case Hold  — Fast corner, cold temp)
  Clock        : CLK_CORE  Period = 2 ns  (500 MHz)
  Technology   : SAED 32nm RVT

  ┌────────────────────────────────────────────────────────────────┐
  │ Sub-Unit      WNS (ns)  TNS (ns)  #Viol   WHS (ns)  #HViol  │
  ├────────────────────────────────────────────────────────────────┤
  │ u_bru_cond          1.135       0        0      0.085        0     │
  │ u_bru_tgt          0.186       0        0      0.123        0     │
  │ u_bru_upd          0.129       0        0      0.055        0     │
  │ u_bru_mis          0.114       0        0      0.13        0     │
  ├────────────────────────────────────────────────────────────────┤
  │ BRU_TOP  1.135       0        0      0.085        0     │
  └────────────────────────────────────────────────────────────────┘

  Status : ALL PATHS CLEAN — No Setup or Hold Violations


=========================================================================
                   TIMING EXCEPTIONS APPLIED
=========================================================================

  set_false_path -from [get_ports SCAN_EN]      -to [all_registers]
  set_false_path -from [get_ports TEST_MODE]     -to [all_registers]
  set_multicycle_path 2 -setup -from [get_cells u_bru_cond/*] -to [get_cells u_bru_mis/*]
  set_multicycle_path 1 -hold  -from [get_cells u_bru_cond/*] -to [get_cells u_bru_mis/*]
  set_input_delay  0.400 -clock CLK_CORE -max [all_inputs]
  set_output_delay 0.350 -clock CLK_CORE -max [all_outputs]


=========================================================================
                   CLOCK DOMAIN SUMMARY
=========================================================================

  Clock    : CLK_CORE
  Period   : 2 ns
  Waveform : {0.000 1}
  Skew     : 0.019 ns  (max across BRU_TOP)
  Latency  : 0.142 ns  (max)


=========================================================================
                   CONSTRAINT COVERAGE
=========================================================================

  Total register endpoints   : 2114
  Constrained endpoints      : 3293
  Unconstrained endpoints    :      0
  Coverage                   :  100.0%


=========================================================================
                   TOOL / RUN INFORMATION
=========================================================================

  Tool         : Synopsys PrimeTime 2023.06-SP3
  Run Host     : sta-server-01
  Run Dir      : /proj/cpu_rtl/sta/EXECUTE/BRU/run_ff_1p16v_1p16v_n40c
  SDC File     : /proj/cpu_rtl/constraints/BRU_TOP.sdc
  Netlist      : /proj/cpu_rtl/netlist/BRU_TOP.v.gz
  SPEF File    : /proj/cpu_rtl/spef/BRU_TOP.spef.gz
  Liberty      : saed32nm_rvt_ff_1p16v_1p16v_n40c.db
  Elapsed Time : 00:02:58
  Peak Memory  : 1.648 GB

=========================================================================
End of Report
=========================================================================
