****************************************
Report : timing
        -path_type full
        -delay_type max
        -max_paths 10
        -sort_by slack
Design : BRU_TOP
Version: PrimeTime 2023.06-SP3
Date   : Sat Aug 15 17:34:53 2026
Corner : ss_0p72v_0p72v_n40c
Note   : Cold Setup      — Slow corner, cold temp
****************************************

Operating Conditions : ss_0p72v_0p72v_n40c (Library: saed32nm_rvt)
Wire Load Model Mode : Interconnect (StarRC Extracted)

  Startpoint : u_bru_cond/din_reg[0]
               (rising edge-triggered flip-flop clocked by CLK_CORE)
  Endpoint   : u_bru_mis/dout_reg[0]
               (rising edge-triggered flip-flop clocked by CLK_CORE)
  Path Group : CLK_CORE
  Path Type  : max

  Point                                                   Incr        Path
  -------------------------------------------------------------------------
  clock CLK_CORE (rise edge)                                  0.000       0.000
  clock network delay (propagated)                        0.142      0.142
  u_bru_cond/din_reg[0]/CK (DFFARX1_RVT)                        0.000       0.142 r
  u_bru_cond/din_reg[0]/Q  (DFFARX1_RVT)                        0.119       0.261 r
  u_bru_cond/U12/Y (INVX2_RVT)                                  0.052       0.313 f
  u_bru_cond/U34/Y (NAND2X1_RVT)                                0.089       0.402 r
  u_bru_tgt/U07/Y (AOI22X1_RVT)                                0.106       0.508 f
  u_bru_tgt/U19/Y (OAI21X1_RVT)                                0.085       0.593 r
  u_bru_upd/U03/Y (MUX21X1_RVT)                                0.061       0.654 r
  u_bru_upd/U11/Y (AND2X1_RVT)                                 0.045       0.699 f
  u_bru_upd/U22/Y (NOR2X1_RVT)                                 0.052       0.751 r
  u_bru_mis/U05/Y (BUFX4_RVT)                                  0.089       0.84 r
  u_bru_mis/dout_reg[0]/D (DFFARX1_RVT)                        0.065      0.905 f
  data arrival time                                                    0.905

  clock CLK_CORE (rise edge)                                  2     2
  clock network delay (propagated)                        0.142      2.142
  clock uncertainty                                      -0.05   2.092
  u_bru_mis/dout_reg[0]/CK (DFFARX1_RVT)                       0.000       2.092 r
  library setup time                                     -0.072   2.02
  data required time                                                   2.02
  -------------------------------------------------------------------------
  data required time                                                   2.02
  data arrival time                                                   -0.905
  -------------------------------------------------------------------------
  slack (MET)   1.115


=========================================================================
                   BRU_TOP — TIMING SUMMARY
=========================================================================

  Block        : BRU_TOP
  Corner       : ss_0p72v_0p72v_n40c
  Check        : max  (Cold Setup      — Slow corner, cold temp)
  Clock        : CLK_CORE  Period = 2 ns  (500 MHz)
  Technology   : SAED 32nm RVT

  ┌────────────────────────────────────────────────────────────────┐
  │ Sub-Unit      WNS (ns)  TNS (ns)  #Viol   WHS (ns)  #HViol  │
  ├────────────────────────────────────────────────────────────────┤
  │ u_bru_cond          1.115       0        0      0.117        0     │
  │ u_bru_tgt          0.2       0        0      0.13        0     │
  │ u_bru_upd          0.05       0        0      0.082        0     │
  │ u_bru_mis          0.093       0        0      0.097        0     │
  ├────────────────────────────────────────────────────────────────┤
  │ BRU_TOP  1.115       0        0      0.117        0     │
  └────────────────────────────────────────────────────────────────┘

  Status : ALL PATHS CLEAN — No Setup or Hold Violations


=========================================================================
                   TIMING EXCEPTIONS APPLIED
=========================================================================

  set_false_path -from [get_ports SCAN_EN]      -to [all_registers]
  set_false_path -from [get_ports TEST_MODE]     -to [all_registers]
  set_multicycle_path 2 -setup -from [get_cells u_bru_cond/*] -to [get_cells u_bru_mis/*]
  set_multicycle_path 1 -hold  -from [get_cells u_bru_cond/*] -to [get_cells u_bru_mis/*]
  set_input_delay  0.400 -clock CLK_CORE -max [all_inputs]
  set_output_delay 0.350 -clock CLK_CORE -max [all_outputs]


=========================================================================
                   CLOCK DOMAIN SUMMARY
=========================================================================

  Clock    : CLK_CORE
  Period   : 2 ns
  Waveform : {0.000 1}
  Skew     : 0.027 ns  (max across BRU_TOP)
  Latency  : 0.142 ns  (max)


=========================================================================
                   CONSTRAINT COVERAGE
=========================================================================

  Total register endpoints   : 1799
  Constrained endpoints      : 2052
  Unconstrained endpoints    :      0
  Coverage                   :  100.0%


=========================================================================
                   TOOL / RUN INFORMATION
=========================================================================

  Tool         : Synopsys PrimeTime 2023.06-SP3
  Run Host     : sta-server-01
  Run Dir      : /proj/cpu_rtl/sta/EXECUTE/BRU/run_ss_0p72v_0p72v_n40c
  SDC File     : /proj/cpu_rtl/constraints/BRU_TOP.sdc
  Netlist      : /proj/cpu_rtl/netlist/BRU_TOP.v.gz
  SPEF File    : /proj/cpu_rtl/spef/BRU_TOP.spef.gz
  Liberty      : saed32nm_rvt_ss_0p72v_0p72v_n40c.db
  Elapsed Time : 00:04:19
  Peak Memory  : 1.701 GB

=========================================================================
End of Report
=========================================================================
