****************************************
Report : timing
        -path_type full
        -delay_type min
        -max_paths 10
        -sort_by slack
Design : BRU_TOP
Version: PrimeTime 2023.06-SP3
Date   : Sat Aug 15 17:34:53 2026
Corner : ff_1p16v_1p16v_125c
Note   : Hot Hold        — Fast corner, high temp
****************************************

Operating Conditions : ff_1p16v_1p16v_125c (Library: saed32nm_rvt)
Wire Load Model Mode : Interconnect (StarRC Extracted)

  Startpoint : u_bru_cond/din_reg[0]
               (rising edge-triggered flip-flop clocked by CLK_CORE)
  Endpoint   : u_bru_mis/dout_reg[0]
               (rising edge-triggered flip-flop clocked by CLK_CORE)
  Path Group : CLK_CORE
  Path Type  : min

  Point                                                   Incr        Path
  -------------------------------------------------------------------------
  clock CLK_CORE (rise edge)                                  0.000       0.000
  clock network delay (propagated)                        0.148      0.148
  u_bru_cond/din_reg[0]/CK (DFFARX1_RVT)                        0.000       0.148 r
  u_bru_cond/din_reg[0]/Q  (DFFARX1_RVT)                        0.117       0.265 r
  u_bru_cond/U12/Y (INVX2_RVT)                                  0.061       0.326 f
  u_bru_cond/U34/Y (NAND2X1_RVT)                                0.069       0.395 r
  u_bru_tgt/U07/Y (AOI22X1_RVT)                                0.092       0.487 f
  u_bru_tgt/U19/Y (OAI21X1_RVT)                                0.115       0.602 r
  u_bru_upd/U03/Y (MUX21X1_RVT)                                0.076       0.678 r
  u_bru_upd/U11/Y (AND2X1_RVT)                                 0.07       0.748 f
  u_bru_upd/U22/Y (NOR2X1_RVT)                                 0.043       0.791 r
  u_bru_mis/U05/Y (BUFX4_RVT)                                  0.068       0.859 r
  u_bru_mis/dout_reg[0]/D (DFFARX1_RVT)                        0.074      0.933 f
  data arrival time                                                    0.933

  clock CLK_CORE (rise edge)                                  2     2
  clock network delay (propagated)                        0.148      2.148
  clock uncertainty                                      -0.05   2.098
  u_bru_mis/dout_reg[0]/CK (DFFARX1_RVT)                       0.000       2.098 r
  library setup time                                     -0.073   2.025
  data required time                                                   2.025
  -------------------------------------------------------------------------
  data required time                                                   2.025
  data arrival time                                                   -0.933
  -------------------------------------------------------------------------
  slack (MET)   1.092


=========================================================================
                   BRU_TOP — TIMING SUMMARY
=========================================================================

  Block        : BRU_TOP
  Corner       : ff_1p16v_1p16v_125c
  Check        : min  (Hot Hold        — Fast corner, high temp)
  Clock        : CLK_CORE  Period = 2 ns  (500 MHz)
  Technology   : SAED 32nm RVT

  ┌────────────────────────────────────────────────────────────────┐
  │ Sub-Unit      WNS (ns)  TNS (ns)  #Viol   WHS (ns)  #HViol  │
  ├────────────────────────────────────────────────────────────────┤
  │ u_bru_cond          1.092       0        0      0.061        0     │
  │ u_bru_tgt          0.061       0        0      0.084        0     │
  │ u_bru_upd          0.082       0        0      0.063        0     │
  │ u_bru_mis          0.077       0        0      0.079        0     │
  ├────────────────────────────────────────────────────────────────┤
  │ BRU_TOP  1.092       0        0      0.061        0     │
  └────────────────────────────────────────────────────────────────┘

  Status : ALL PATHS CLEAN — No Setup or Hold Violations


=========================================================================
                   TIMING EXCEPTIONS APPLIED
=========================================================================

  set_false_path -from [get_ports SCAN_EN]      -to [all_registers]
  set_false_path -from [get_ports TEST_MODE]     -to [all_registers]
  set_multicycle_path 2 -setup -from [get_cells u_bru_cond/*] -to [get_cells u_bru_mis/*]
  set_multicycle_path 1 -hold  -from [get_cells u_bru_cond/*] -to [get_cells u_bru_mis/*]
  set_input_delay  0.400 -clock CLK_CORE -max [all_inputs]
  set_output_delay 0.350 -clock CLK_CORE -max [all_outputs]


=========================================================================
                   CLOCK DOMAIN SUMMARY
=========================================================================

  Clock    : CLK_CORE
  Period   : 2 ns
  Waveform : {0.000 1}
  Skew     : 0.022 ns  (max across BRU_TOP)
  Latency  : 0.148 ns  (max)


=========================================================================
                   CONSTRAINT COVERAGE
=========================================================================

  Total register endpoints   : 1963
  Constrained endpoints      : 3871
  Unconstrained endpoints    :      0
  Coverage                   :  100.0%


=========================================================================
                   TOOL / RUN INFORMATION
=========================================================================

  Tool         : Synopsys PrimeTime 2023.06-SP3
  Run Host     : sta-server-01
  Run Dir      : /proj/cpu_rtl/sta/EXECUTE/BRU/run_ff_1p16v_1p16v_125c
  SDC File     : /proj/cpu_rtl/constraints/BRU_TOP.sdc
  Netlist      : /proj/cpu_rtl/netlist/BRU_TOP.v.gz
  SPEF File    : /proj/cpu_rtl/spef/BRU_TOP.spef.gz
  Liberty      : saed32nm_rvt_ff_1p16v_1p16v_125c.db
  Elapsed Time : 00:01:18
  Peak Memory  : 4.644 GB

=========================================================================
End of Report
=========================================================================
