****************************************
Report : timing
        -path_type full
        -delay_type max
        -max_paths 10
        -sort_by slack
Design : BRU_TOP
Version: PrimeTime 2023.06-SP3
Date   : Sat Aug 15 17:34:53 2026
Corner : tt_0p90v_0p90v_25c
Note   : Clock Gating Check — Nominal corner
****************************************

Operating Conditions : tt_0p90v_0p90v_25c (Library: saed32nm_rvt)
Wire Load Model Mode : Interconnect (StarRC Extracted)

  Startpoint : u_bru_cond/din_reg[0]
               (rising edge-triggered flip-flop clocked by CLK_CORE)
  Endpoint   : u_bru_mis/dout_reg[0]
               (rising edge-triggered flip-flop clocked by CLK_CORE)
  Path Group : CLK_CORE
  Path Type  : max

  Point                                                   Incr        Path
  -------------------------------------------------------------------------
  clock CLK_CORE (rise edge)                                  0.000       0.000
  clock network delay (propagated)                        0.141      0.141
  u_bru_cond/din_reg[0]/CK (DFFARX1_RVT)                        0.000       0.141 r
  u_bru_cond/din_reg[0]/Q  (DFFARX1_RVT)                        0.144       0.285 r
  u_bru_cond/U12/Y (INVX2_RVT)                                  0.05       0.335 f
  u_bru_cond/U34/Y (NAND2X1_RVT)                                0.07       0.405 r
  u_bru_tgt/U07/Y (AOI22X1_RVT)                                0.09       0.495 f
  u_bru_tgt/U19/Y (OAI21X1_RVT)                                0.098       0.593 r
  u_bru_upd/U03/Y (MUX21X1_RVT)                                0.074       0.667 r
  u_bru_upd/U11/Y (AND2X1_RVT)                                 0.051       0.718 f
  u_bru_upd/U22/Y (NOR2X1_RVT)                                 0.073       0.791 r
  u_bru_mis/U05/Y (BUFX4_RVT)                                  0.072       0.863 r
  u_bru_mis/dout_reg[0]/D (DFFARX1_RVT)                        0.062      0.925 f
  data arrival time                                                    0.925

  clock CLK_CORE (rise edge)                                  2     2
  clock network delay (propagated)                        0.141      2.141
  clock uncertainty                                      -0.05   2.091
  u_bru_mis/dout_reg[0]/CK (DFFARX1_RVT)                       0.000       2.091 r
  library setup time                                     -0.066   2.025
  data required time                                                   2.025
  -------------------------------------------------------------------------
  data required time                                                   2.025
  data arrival time                                                   -0.925
  -------------------------------------------------------------------------
  slack (MET)   1.1


=========================================================================
                   BRU_TOP — TIMING SUMMARY
=========================================================================

  Block        : BRU_TOP
  Corner       : tt_0p90v_0p90v_25c
  Check        : max  (Clock Gating Check — Nominal corner)
  Clock        : CLK_CORE  Period = 2 ns  (500 MHz)
  Technology   : SAED 32nm RVT

  ┌────────────────────────────────────────────────────────────────┐
  │ Sub-Unit      WNS (ns)  TNS (ns)  #Viol   WHS (ns)  #HViol  │
  ├────────────────────────────────────────────────────────────────┤
  │ u_bru_cond          1.1       0        0      0.087        0     │
  │ u_bru_tgt          0.178       0        0      0.072        0     │
  │ u_bru_upd          0.162       0        0      0.104        0     │
  │ u_bru_mis          0.086       0        0      0.109        0     │
  ├────────────────────────────────────────────────────────────────┤
  │ BRU_TOP  1.1       0        0      0.087        0     │
  └────────────────────────────────────────────────────────────────┘

  Status : ALL PATHS CLEAN — No Setup or Hold Violations


=========================================================================
                   TIMING EXCEPTIONS APPLIED
=========================================================================

  set_false_path -from [get_ports SCAN_EN]      -to [all_registers]
  set_false_path -from [get_ports TEST_MODE]     -to [all_registers]
  set_multicycle_path 2 -setup -from [get_cells u_bru_cond/*] -to [get_cells u_bru_mis/*]
  set_multicycle_path 1 -hold  -from [get_cells u_bru_cond/*] -to [get_cells u_bru_mis/*]
  set_input_delay  0.400 -clock CLK_CORE -max [all_inputs]
  set_output_delay 0.350 -clock CLK_CORE -max [all_outputs]


=========================================================================
                   CLOCK DOMAIN SUMMARY
=========================================================================

  Clock    : CLK_CORE
  Period   : 2 ns
  Waveform : {0.000 1}
  Skew     : 0.016 ns  (max across BRU_TOP)
  Latency  : 0.141 ns  (max)


=========================================================================
                   CONSTRAINT COVERAGE
=========================================================================

  Total register endpoints   : 1173
  Constrained endpoints      : 5358
  Unconstrained endpoints    :      0
  Coverage                   :  100.0%


=========================================================================
                   TOOL / RUN INFORMATION
=========================================================================

  Tool         : Synopsys PrimeTime 2023.06-SP3
  Run Host     : sta-server-01
  Run Dir      : /proj/cpu_rtl/sta/EXECUTE/BRU/run_tt_0p90v_0p90v_25c
  SDC File     : /proj/cpu_rtl/constraints/BRU_TOP.sdc
  Netlist      : /proj/cpu_rtl/netlist/BRU_TOP.v.gz
  SPEF File    : /proj/cpu_rtl/spef/BRU_TOP.spef.gz
  Liberty      : saed32nm_rvt_tt_0p90v_0p90v_25c.db
  Elapsed Time : 00:06:14
  Peak Memory  : 4.47 GB

=========================================================================
End of Report
=========================================================================
