****************************************
Report : timing
        -path_type full
        -delay_type max
        -max_paths 10
        -sort_by slack
Design : BRU_TOP
Version: PrimeTime 2023.06-SP3
Date   : Sat Aug 15 17:34:53 2026
Corner : ss_0p72v_0p72v_125c
Note   : Recovery/Removal Check — Async reset paths
****************************************

Operating Conditions : ss_0p72v_0p72v_125c (Library: saed32nm_rvt)
Wire Load Model Mode : Interconnect (StarRC Extracted)

  Startpoint : u_bru_cond/din_reg[0]
               (rising edge-triggered flip-flop clocked by CLK_CORE)
  Endpoint   : u_bru_mis/dout_reg[0]
               (rising edge-triggered flip-flop clocked by CLK_CORE)
  Path Group : CLK_CORE
  Path Type  : max

  Point                                                   Incr        Path
  -------------------------------------------------------------------------
  clock CLK_CORE (rise edge)                                  0.000       0.000
  clock network delay (propagated)                        0.151      0.151
  u_bru_cond/din_reg[0]/CK (DFFARX1_RVT)                        0.000       0.151 r
  u_bru_cond/din_reg[0]/Q  (DFFARX1_RVT)                        0.127       0.278 r
  u_bru_cond/U12/Y (INVX2_RVT)                                  0.061       0.339 f
  u_bru_cond/U34/Y (NAND2X1_RVT)                                0.088       0.427 r
  u_bru_tgt/U07/Y (AOI22X1_RVT)                                0.08       0.507 f
  u_bru_tgt/U19/Y (OAI21X1_RVT)                                0.082       0.589 r
  u_bru_upd/U03/Y (MUX21X1_RVT)                                0.098       0.687 r
  u_bru_upd/U11/Y (AND2X1_RVT)                                 0.076       0.763 f
  u_bru_upd/U22/Y (NOR2X1_RVT)                                 0.055       0.818 r
  u_bru_mis/U05/Y (BUFX4_RVT)                                  0.072       0.89 r
  u_bru_mis/dout_reg[0]/D (DFFARX1_RVT)                        0.067      0.957 f
  data arrival time                                                    0.957

  clock CLK_CORE (rise edge)                                  2     2
  clock network delay (propagated)                        0.151      2.151
  clock uncertainty                                      -0.05   2.101
  u_bru_mis/dout_reg[0]/CK (DFFARX1_RVT)                       0.000       2.101 r
  library setup time                                     -0.071   2.03
  data required time                                                   2.03
  -------------------------------------------------------------------------
  data required time                                                   2.03
  data arrival time                                                   -0.957
  -------------------------------------------------------------------------
  slack (MET)   1.073


=========================================================================
                   BRU_TOP — TIMING SUMMARY
=========================================================================

  Block        : BRU_TOP
  Corner       : ss_0p72v_0p72v_125c
  Check        : max  (Recovery/Removal Check — Async reset paths)
  Clock        : CLK_CORE  Period = 2 ns  (500 MHz)
  Technology   : SAED 32nm RVT

  ┌────────────────────────────────────────────────────────────────┐
  │ Sub-Unit      WNS (ns)  TNS (ns)  #Viol   WHS (ns)  #HViol  │
  ├────────────────────────────────────────────────────────────────┤
  │ u_bru_cond          1.073       0        0      0.088        0     │
  │ u_bru_tgt          0.139       0        0      0.061        0     │
  │ u_bru_upd          0.172       0        0      0.065        0     │
  │ u_bru_mis          0.178       0        0      0.101        0     │
  ├────────────────────────────────────────────────────────────────┤
  │ BRU_TOP  1.073       0        0      0.088        0     │
  └────────────────────────────────────────────────────────────────┘

  Status : ALL PATHS CLEAN — No Setup or Hold Violations


=========================================================================
                   TIMING EXCEPTIONS APPLIED
=========================================================================

  set_false_path -from [get_ports SCAN_EN]      -to [all_registers]
  set_false_path -from [get_ports TEST_MODE]     -to [all_registers]
  set_multicycle_path 2 -setup -from [get_cells u_bru_cond/*] -to [get_cells u_bru_mis/*]
  set_multicycle_path 1 -hold  -from [get_cells u_bru_cond/*] -to [get_cells u_bru_mis/*]
  set_input_delay  0.400 -clock CLK_CORE -max [all_inputs]
  set_output_delay 0.350 -clock CLK_CORE -max [all_outputs]


=========================================================================
                   CLOCK DOMAIN SUMMARY
=========================================================================

  Clock    : CLK_CORE
  Period   : 2 ns
  Waveform : {0.000 1}
  Skew     : 0.019 ns  (max across BRU_TOP)
  Latency  : 0.151 ns  (max)


=========================================================================
                   CONSTRAINT COVERAGE
=========================================================================

  Total register endpoints   : 5318
  Constrained endpoints      : 2199
  Unconstrained endpoints    :      0
  Coverage                   :  100.0%


=========================================================================
                   TOOL / RUN INFORMATION
=========================================================================

  Tool         : Synopsys PrimeTime 2023.06-SP3
  Run Host     : sta-server-01
  Run Dir      : /proj/cpu_rtl/sta/EXECUTE/BRU/run_ss_0p72v_0p72v_125c
  SDC File     : /proj/cpu_rtl/constraints/BRU_TOP.sdc
  Netlist      : /proj/cpu_rtl/netlist/BRU_TOP.v.gz
  SPEF File    : /proj/cpu_rtl/spef/BRU_TOP.spef.gz
  Liberty      : saed32nm_rvt_ss_0p72v_0p72v_125c.db
  Elapsed Time : 00:07:39
  Peak Memory  : 2.164 GB

=========================================================================
End of Report
=========================================================================
