****************************************
Report : timing
        -path_type full
        -delay_type min
        -max_paths 10
        -sort_by slack
Design : ILD_TOP
Version: PrimeTime 2023.06-SP3
Date   : Sat Aug 15 17:34:53 2026
Corner : ff_1p16v_1p16v_125c
Note   : Hot Hold        — Fast corner, high temp
****************************************

Operating Conditions : ff_1p16v_1p16v_125c (Library: saed32nm_rvt)
Wire Load Model Mode : Interconnect (StarRC Extracted)

  Startpoint : u_ild_pfx/din_reg[0]
               (rising edge-triggered flip-flop clocked by CLK_CORE)
  Endpoint   : u_ild_sib/dout_reg[0]
               (rising edge-triggered flip-flop clocked by CLK_CORE)
  Path Group : CLK_CORE
  Path Type  : min

  Point                                                   Incr        Path
  -------------------------------------------------------------------------
  clock CLK_CORE (rise edge)                                  0.000       0.000
  clock network delay (propagated)                        0.157      0.157
  u_ild_pfx/din_reg[0]/CK (DFFARX1_RVT)                        0.000       0.157 r
  u_ild_pfx/din_reg[0]/Q  (DFFARX1_RVT)                        0.121       0.278 r
  u_ild_pfx/U12/Y (INVX2_RVT)                                  0.061       0.339 f
  u_ild_pfx/U34/Y (NAND2X1_RVT)                                0.078       0.417 r
  u_ild_opc/U07/Y (AOI22X1_RVT)                                0.08       0.497 f
  u_ild_opc/U19/Y (OAI21X1_RVT)                                0.114       0.611 r
  u_ild_mod/U03/Y (MUX21X1_RVT)                                0.078       0.689 r
  u_ild_mod/U11/Y (AND2X1_RVT)                                 0.053       0.742 f
  u_ild_mod/U22/Y (NOR2X1_RVT)                                 0.058       0.8 r
  u_ild_sib/U05/Y (BUFX4_RVT)                                  0.055       0.855 r
  u_ild_sib/dout_reg[0]/D (DFFARX1_RVT)                        0.061      0.916 f
  data arrival time                                                    0.916

  clock CLK_CORE (rise edge)                                  2     2
  clock network delay (propagated)                        0.157      2.157
  clock uncertainty                                      -0.05   2.107
  u_ild_sib/dout_reg[0]/CK (DFFARX1_RVT)                       0.000       2.107 r
  library setup time                                     -0.078   2.029
  data required time                                                   2.029
  -------------------------------------------------------------------------
  data required time                                                   2.029
  data arrival time                                                   -0.916
  -------------------------------------------------------------------------
  slack (MET)   1.113


=========================================================================
                   ILD_TOP — TIMING SUMMARY
=========================================================================

  Block        : ILD_TOP
  Corner       : ff_1p16v_1p16v_125c
  Check        : min  (Hot Hold        — Fast corner, high temp)
  Clock        : CLK_CORE  Period = 2 ns  (500 MHz)
  Technology   : SAED 32nm RVT

  ┌────────────────────────────────────────────────────────────────┐
  │ Sub-Unit      WNS (ns)  TNS (ns)  #Viol   WHS (ns)  #HViol  │
  ├────────────────────────────────────────────────────────────────┤
  │ u_ild_pfx          1.113       0        0      0.118        0     │
  │ u_ild_opc          0.09       0        0      0.094        0     │
  │ u_ild_mod          0.059       0        0      0.089        0     │
  │ u_ild_sib          0.053       0        0      0.128        0     │
  ├────────────────────────────────────────────────────────────────┤
  │ ILD_TOP  1.113       0        0      0.118        0     │
  └────────────────────────────────────────────────────────────────┘

  Status : ALL PATHS CLEAN — No Setup or Hold Violations


=========================================================================
                   TIMING EXCEPTIONS APPLIED
=========================================================================

  set_false_path -from [get_ports SCAN_EN]      -to [all_registers]
  set_false_path -from [get_ports TEST_MODE]     -to [all_registers]
  set_multicycle_path 2 -setup -from [get_cells u_ild_pfx/*] -to [get_cells u_ild_sib/*]
  set_multicycle_path 1 -hold  -from [get_cells u_ild_pfx/*] -to [get_cells u_ild_sib/*]
  set_input_delay  0.400 -clock CLK_CORE -max [all_inputs]
  set_output_delay 0.350 -clock CLK_CORE -max [all_outputs]


=========================================================================
                   CLOCK DOMAIN SUMMARY
=========================================================================

  Clock    : CLK_CORE
  Period   : 2 ns
  Waveform : {0.000 1}
  Skew     : 0.017 ns  (max across ILD_TOP)
  Latency  : 0.157 ns  (max)


=========================================================================
                   CONSTRAINT COVERAGE
=========================================================================

  Total register endpoints   : 2417
  Constrained endpoints      : 2893
  Unconstrained endpoints    :      0
  Coverage                   :  100.0%


=========================================================================
                   TOOL / RUN INFORMATION
=========================================================================

  Tool         : Synopsys PrimeTime 2023.06-SP3
  Run Host     : sta-server-01
  Run Dir      : /proj/cpu_rtl/sta/DECODE/INSTRUCTION_LENGTH_DECODER/run_ff_1p16v_1p16v_125c
  SDC File     : /proj/cpu_rtl/constraints/ILD_TOP.sdc
  Netlist      : /proj/cpu_rtl/netlist/ILD_TOP.v.gz
  SPEF File    : /proj/cpu_rtl/spef/ILD_TOP.spef.gz
  Liberty      : saed32nm_rvt_ff_1p16v_1p16v_125c.db
  Elapsed Time : 00:07:12
  Peak Memory  : 3.93 GB

=========================================================================
End of Report
=========================================================================
