================================================================================
  STA BLOCK DUMP LOG  —  ILD_TOP
================================================================================

  Block Directory : D:\Certificates\PD_STA_REPORTS\DECODE\INSTRUCTION_LENGTH_DECODER
  Design          : ILD_TOP
  Parsed At       : 2026-08-15T22:26:20
  Total Reports   : 11


OWNERSHIP
----------------------------------------
  BLOCK TIMING OWNER           : User10  <user10@company.com>  [EMP-2010]
  TEAM LEAD                    : MTO_User2  <mto2@company.com>  [EMP-1002]
  RTL TEAM LEAD                : TeamLead2  <teamlead2@company.com>
  PD ENGINEER                  : PDEng2  <pdeng2@company.com>
  STA ENGINEER                 : STAEng2  <staeng2@company.com>
  CHIP STA LEAD                : STALead1  <stalead1@company.com>  [EMP-0004]

AGGREGATE SUMMARY
----------------------------------------
  Overall Status   : MET
  Worst WNS  (ns)  : 0.000
  Worst TNS  (ns)  : 0.000
  Worst WHS  (ns)  : 0.000
  Best  WNS  (ns)  : 1.141
  Total Violations : 0

BY CORNER
----------------------------------------
  Name                                              #       WNS       TNS       WHS  STATUS
  ─────────────────────────────────────────────  ────  ────────  ────────  ────────  ──────────
  N/A                                               1     0.000     0.000     0.000  MET
  ff_1p16v_1p16v_125c                               1     1.113     0.000     0.118  MET
  ff_1p16v_1p16v_n40c                               1     1.120     0.000     0.101  MET
  ss_0p63v_0p63v_125c                               1     1.141     0.000     0.065  MET
  ss_0p72v_0p72v_125c                               2     1.055     0.000     0.064  MET
  ss_0p72v_0p72v_n40c                               1     1.136     0.000     0.093  MET
  tt_0p90v_0p90v_25c                                4     1.087     0.000     0.062  MET

BY CHECK TYPE
----------------------------------------
  Name                                              #       WNS       TNS       WHS  STATUS
  ─────────────────────────────────────────────  ────  ────────  ────────  ────────  ──────────
  N/A                                               1     0.000     0.000     0.000  MET
  hold                                              3     1.113     0.000     0.079  MET
  setup                                             7     1.055     0.000     0.062  MET

PER-REPORT DETAIL
----------------------------------------
  File     : 07_SETUP_LVSS_125C_ILD_TOP.rpt
  Design   : ILD_TOP               Corner : ss_0p63v_0p63v_125c
  Check    : setup       Clock  : CLK_CORE  Period = 2.0 ns  (500.0 MHz)
  WNS      :   +1.141 ns   TNS :   +0.000 ns   WHS :   +0.065 ns
  Slack    :   +1.141 ns   Status : MET
  Status   : ALL PATHS CLEAN — No Setup or Hold Violations
  Coverage : 100.0%   Endpoints : 5819 / 1772
  Tool     : Synopsys PrimeTime 2023.06-SP3
  Runtime  : 00:06:38         Memory : 1.944 GB
  Run Dir  : /proj/cpu_rtl/sta/DECODE/INSTRUCTION_LENGTH_DECODER/run_ss_0p63v_0p63v_125c

  File     : 05_SETUP_SS_M40C_ILD_TOP.rpt
  Design   : ILD_TOP               Corner : ss_0p72v_0p72v_n40c
  Check    : setup       Clock  : CLK_CORE  Period = 2.0 ns  (500.0 MHz)
  WNS      :   +1.136 ns   TNS :   +0.000 ns   WHS :   +0.093 ns
  Slack    :   +1.136 ns   Status : MET
  Status   : ALL PATHS CLEAN — No Setup or Hold Violations
  Coverage : 100.0%   Endpoints : 1947 / 2601
  Tool     : Synopsys PrimeTime 2023.06-SP3
  Runtime  : 00:02:44         Memory : 4.736 GB
  Run Dir  : /proj/cpu_rtl/sta/DECODE/INSTRUCTION_LENGTH_DECODER/run_ss_0p72v_0p72v_n40c

  File     : 08_CG_CHECK_TT_25C_ILD_TOP.rpt
  Design   : ILD_TOP               Corner : tt_0p90v_0p90v_25c
  Check    : setup       Clock  : CLK_CORE  Period = 2.0 ns  (500.0 MHz)
  WNS      :   +1.131 ns   TNS :   +0.000 ns   WHS :   +0.071 ns
  Slack    :   +1.131 ns   Status : MET
  Status   : ALL PATHS CLEAN — No Setup or Hold Violations
  Coverage : 100.0%   Endpoints : 4179 / 4906
  Tool     : Synopsys PrimeTime 2023.06-SP3
  Runtime  : 00:01:46         Memory : 4.37 GB
  Run Dir  : /proj/cpu_rtl/sta/DECODE/INSTRUCTION_LENGTH_DECODER/run_tt_0p90v_0p90v_25c

  File     : 03_SETUP_TT_25C_ILD_TOP.rpt
  Design   : ILD_TOP               Corner : tt_0p90v_0p90v_25c
  Check    : setup       Clock  : CLK_CORE  Period = 2.0 ns  (500.0 MHz)
  WNS      :   +1.093 ns   TNS :   +0.000 ns   WHS :   +0.077 ns
  Slack    :   +1.093 ns   Status : MET
  Status   : ALL PATHS CLEAN — No Setup or Hold Violations
  Coverage : 100.0%   Endpoints : 3130 / 2281
  Tool     : Synopsys PrimeTime 2023.06-SP3
  Runtime  : 00:06:36         Memory : 2.096 GB
  Run Dir  : /proj/cpu_rtl/sta/DECODE/INSTRUCTION_LENGTH_DECODER/run_tt_0p90v_0p90v_25c

  File     : 09_RECOVERY_SS_125C_ILD_TOP.rpt
  Design   : ILD_TOP               Corner : ss_0p72v_0p72v_125c
  Check    : setup       Clock  : CLK_CORE  Period = 2.0 ns  (500.0 MHz)
  WNS      :   +1.089 ns   TNS :   +0.000 ns   WHS :   +0.080 ns
  Slack    :   +1.089 ns   Status : MET
  Status   : ALL PATHS CLEAN — No Setup or Hold Violations
  Coverage : 100.0%   Endpoints : 2654 / 2563
  Tool     : Synopsys PrimeTime 2023.06-SP3
  Runtime  : 00:06:34         Memory : 3.868 GB
  Run Dir  : /proj/cpu_rtl/sta/DECODE/INSTRUCTION_LENGTH_DECODER/run_ss_0p72v_0p72v_125c

  File     : 10_MULTICYCLE_TT_25C_ILD_TOP.rpt
  Design   : ILD_TOP               Corner : tt_0p90v_0p90v_25c
  Check    : setup       Clock  : CLK_CORE  Period = 2.0 ns  (500.0 MHz)
  WNS      :   +1.087 ns   TNS :   +0.000 ns   WHS :   +0.062 ns
  Slack    :   +1.087 ns   Status : MET
  Status   : ALL PATHS CLEAN — No Setup or Hold Violations
  Coverage : 100.0%   Endpoints : 4387 / 2573
  Tool     : Synopsys PrimeTime 2023.06-SP3
  Runtime  : 00:04:49         Memory : 1.614 GB
  Run Dir  : /proj/cpu_rtl/sta/DECODE/INSTRUCTION_LENGTH_DECODER/run_tt_0p90v_0p90v_25c

  File     : 01_SETUP_SS_125C_ILD_TOP.rpt
  Design   : ILD_TOP               Corner : ss_0p72v_0p72v_125c
  Check    : setup       Clock  : CLK_CORE  Period = 2.0 ns  (500.0 MHz)
  WNS      :   +1.055 ns   TNS :   +0.000 ns   WHS :   +0.064 ns
  Slack    :   +1.055 ns   Status : MET
  Status   : ALL PATHS CLEAN — No Setup or Hold Violations
  Coverage : 100.0%   Endpoints : 4932 / 1325
  Tool     : Synopsys PrimeTime 2023.06-SP3
  Runtime  : 00:07:13         Memory : 3.88 GB
  Run Dir  : /proj/cpu_rtl/sta/DECODE/INSTRUCTION_LENGTH_DECODER/run_ss_0p72v_0p72v_125c

  File     : 06_HOLD_FF_125C_ILD_TOP.rpt
  Design   : ILD_TOP               Corner : ff_1p16v_1p16v_125c
  Check    : hold        Clock  : CLK_CORE  Period = 2.0 ns  (500.0 MHz)
  WNS      :   +1.113 ns   TNS :   +0.000 ns   WHS :   +0.118 ns
  Slack    :   +1.113 ns   Status : MET
  Status   : ALL PATHS CLEAN — No Setup or Hold Violations
  Coverage : 100.0%   Endpoints : 2893 / 2417
  Tool     : Synopsys PrimeTime 2023.06-SP3
  Runtime  : 00:07:12         Memory : 3.93 GB
  Run Dir  : /proj/cpu_rtl/sta/DECODE/INSTRUCTION_LENGTH_DECODER/run_ff_1p16v_1p16v_125c

  File     : 02_HOLD_FF_N40C_ILD_TOP.rpt
  Design   : ILD_TOP               Corner : ff_1p16v_1p16v_n40c
  Check    : hold        Clock  : CLK_CORE  Period = 2.0 ns  (500.0 MHz)
  WNS      :   +1.120 ns   TNS :   +0.000 ns   WHS :   +0.101 ns
  Slack    :   +1.120 ns   Status : MET
  Status   : ALL PATHS CLEAN — No Setup or Hold Violations
  Coverage : 100.0%   Endpoints : 2432 / 4300
  Tool     : Synopsys PrimeTime 2023.06-SP3
  Runtime  : 00:06:24         Memory : 1.388 GB
  Run Dir  : /proj/cpu_rtl/sta/DECODE/INSTRUCTION_LENGTH_DECODER/run_ff_1p16v_1p16v_n40c

  File     : 04_HOLD_TT_25C_ILD_TOP.rpt
  Design   : ILD_TOP               Corner : tt_0p90v_0p90v_25c
  Check    : hold        Clock  : CLK_CORE  Period = 2.0 ns  (500.0 MHz)
  WNS      :   +1.135 ns   TNS :   +0.000 ns   WHS :   +0.079 ns
  Slack    :   +1.135 ns   Status : MET
  Status   : ALL PATHS CLEAN — No Setup or Hold Violations
  Coverage : 100.0%   Endpoints : 2192 / 4550
  Tool     : Synopsys PrimeTime 2023.06-SP3
  Runtime  : 00:04:34         Memory : 4.446 GB
  Run Dir  : /proj/cpu_rtl/sta/DECODE/INSTRUCTION_LENGTH_DECODER/run_tt_0p90v_0p90v_25c

  File     : ILD_TIMING.rpt
  Design   : N/A                   Corner : N/A
  Check    : N/A         Clock  : N/A  Period = 0.0 ns  (0.0 MHz)
  WNS      :   +0.000 ns   TNS :   +0.000 ns   WHS :   +0.000 ns
  Slack    :   +0.000 ns   Status : UNKNOWN
  Status   : N/A
  Coverage : 0.0%   Endpoints : 0 / 0
  Tool     : N/A
  Runtime  : N/A              Memory : N/A
  Run Dir  : N/A


================================================================================
END OF BLOCK DUMP LOG
================================================================================