****************************************
Report : timing
        -path_type full
        -delay_type max
        -max_paths 10
        -sort_by slack
Design : IQ_LSU_TOP
Version: PrimeTime 2023.06-SP3
Date   : Sat Aug 15 17:34:53 2026
Corner : ss_0p72v_0p72v_n40c
Note   : Cold Setup      — Slow corner, cold temp
****************************************

Operating Conditions : ss_0p72v_0p72v_n40c (Library: saed32nm_rvt)
Wire Load Model Mode : Interconnect (StarRC Extracted)

  Startpoint : u_iql_ent/din_reg[0]
               (rising edge-triggered flip-flop clocked by CLK_CORE)
  Endpoint   : u_iql_age/dout_reg[0]
               (rising edge-triggered flip-flop clocked by CLK_CORE)
  Path Group : CLK_CORE
  Path Type  : max

  Point                                                   Incr        Path
  -------------------------------------------------------------------------
  clock CLK_CORE (rise edge)                                  0.000       0.000
  clock network delay (propagated)                        0.157      0.157
  u_iql_ent/din_reg[0]/CK (DFFARX1_RVT)                        0.000       0.157 r
  u_iql_ent/din_reg[0]/Q  (DFFARX1_RVT)                        0.121       0.278 r
  u_iql_ent/U12/Y (INVX2_RVT)                                  0.061       0.339 f
  u_iql_ent/U34/Y (NAND2X1_RVT)                                0.057       0.396 r
  u_iql_wkup/U07/Y (AOI22X1_RVT)                                0.073       0.469 f
  u_iql_wkup/U19/Y (OAI21X1_RVT)                                0.116       0.585 r
  u_iql_sel/U03/Y (MUX21X1_RVT)                                0.074       0.659 r
  u_iql_sel/U11/Y (AND2X1_RVT)                                 0.08       0.739 f
  u_iql_sel/U22/Y (NOR2X1_RVT)                                 0.065       0.804 r
  u_iql_age/U05/Y (BUFX4_RVT)                                  0.06       0.864 r
  u_iql_age/dout_reg[0]/D (DFFARX1_RVT)                        0.07      0.934 f
  data arrival time                                                    0.934

  clock CLK_CORE (rise edge)                                  2     2
  clock network delay (propagated)                        0.157      2.157
  clock uncertainty                                      -0.05   2.107
  u_iql_age/dout_reg[0]/CK (DFFARX1_RVT)                       0.000       2.107 r
  library setup time                                     -0.068   2.039
  data required time                                                   2.039
  -------------------------------------------------------------------------
  data required time                                                   2.039
  data arrival time                                                   -0.934
  -------------------------------------------------------------------------
  slack (MET)   1.105


=========================================================================
                   IQ_LSU_TOP — TIMING SUMMARY
=========================================================================

  Block        : IQ_LSU_TOP
  Corner       : ss_0p72v_0p72v_n40c
  Check        : max  (Cold Setup      — Slow corner, cold temp)
  Clock        : CLK_CORE  Period = 2 ns  (500 MHz)
  Technology   : SAED 32nm RVT

  ┌────────────────────────────────────────────────────────────────┐
  │ Sub-Unit      WNS (ns)  TNS (ns)  #Viol   WHS (ns)  #HViol  │
  ├────────────────────────────────────────────────────────────────┤
  │ u_iql_ent          1.105       0        0      0.078        0     │
  │ u_iql_wkup          0.079       0        0      0.109        0     │
  │ u_iql_sel          0.11       0        0      0.108        0     │
  │ u_iql_age          0.183       0        0      0.076        0     │
  ├────────────────────────────────────────────────────────────────┤
  │ IQ_LSU_TOP  1.105       0        0      0.078        0     │
  └────────────────────────────────────────────────────────────────┘

  Status : ALL PATHS CLEAN — No Setup or Hold Violations


=========================================================================
                   TIMING EXCEPTIONS APPLIED
=========================================================================

  set_false_path -from [get_ports SCAN_EN]      -to [all_registers]
  set_false_path -from [get_ports TEST_MODE]     -to [all_registers]
  set_multicycle_path 2 -setup -from [get_cells u_iql_ent/*] -to [get_cells u_iql_age/*]
  set_multicycle_path 1 -hold  -from [get_cells u_iql_ent/*] -to [get_cells u_iql_age/*]
  set_input_delay  0.400 -clock CLK_CORE -max [all_inputs]
  set_output_delay 0.350 -clock CLK_CORE -max [all_outputs]


=========================================================================
                   CLOCK DOMAIN SUMMARY
=========================================================================

  Clock    : CLK_CORE
  Period   : 2 ns
  Waveform : {0.000 1}
  Skew     : 0.022 ns  (max across IQ_LSU_TOP)
  Latency  : 0.157 ns  (max)


=========================================================================
                   CONSTRAINT COVERAGE
=========================================================================

  Total register endpoints   : 4980
  Constrained endpoints      : 2448
  Unconstrained endpoints    :      0
  Coverage                   :  100.0%


=========================================================================
                   TOOL / RUN INFORMATION
=========================================================================

  Tool         : Synopsys PrimeTime 2023.06-SP3
  Run Host     : sta-server-01
  Run Dir      : /proj/cpu_rtl/sta/ISSUE/IQ_LSU/run_ss_0p72v_0p72v_n40c
  SDC File     : /proj/cpu_rtl/constraints/IQ_LSU_TOP.sdc
  Netlist      : /proj/cpu_rtl/netlist/IQ_LSU_TOP.v.gz
  SPEF File    : /proj/cpu_rtl/spef/IQ_LSU_TOP.spef.gz
  Liberty      : saed32nm_rvt_ss_0p72v_0p72v_n40c.db
  Elapsed Time : 00:01:35
  Peak Memory  : 2.107 GB

=========================================================================
End of Report
=========================================================================
