****************************************
Report : timing
        -path_type full
        -delay_type min
        -max_paths 10
        -sort_by slack
Design : IQ_LSU_TOP
Version: PrimeTime 2023.06-SP3
Date   : Sat Aug 15 17:34:53 2026
Corner : ff_1p16v_1p16v_125c
Note   : Hot Hold        — Fast corner, high temp
****************************************

Operating Conditions : ff_1p16v_1p16v_125c (Library: saed32nm_rvt)
Wire Load Model Mode : Interconnect (StarRC Extracted)

  Startpoint : u_iql_ent/din_reg[0]
               (rising edge-triggered flip-flop clocked by CLK_CORE)
  Endpoint   : u_iql_age/dout_reg[0]
               (rising edge-triggered flip-flop clocked by CLK_CORE)
  Path Group : CLK_CORE
  Path Type  : min

  Point                                                   Incr        Path
  -------------------------------------------------------------------------
  clock CLK_CORE (rise edge)                                  0.000       0.000
  clock network delay (propagated)                        0.154      0.154
  u_iql_ent/din_reg[0]/CK (DFFARX1_RVT)                        0.000       0.154 r
  u_iql_ent/din_reg[0]/Q  (DFFARX1_RVT)                        0.131       0.285 r
  u_iql_ent/U12/Y (INVX2_RVT)                                  0.051       0.336 f
  u_iql_ent/U34/Y (NAND2X1_RVT)                                0.066       0.402 r
  u_iql_wkup/U07/Y (AOI22X1_RVT)                                0.105       0.507 f
  u_iql_wkup/U19/Y (OAI21X1_RVT)                                0.089       0.596 r
  u_iql_sel/U03/Y (MUX21X1_RVT)                                0.063       0.659 r
  u_iql_sel/U11/Y (AND2X1_RVT)                                 0.059       0.718 f
  u_iql_sel/U22/Y (NOR2X1_RVT)                                 0.056       0.774 r
  u_iql_age/U05/Y (BUFX4_RVT)                                  0.058       0.832 r
  u_iql_age/dout_reg[0]/D (DFFARX1_RVT)                        0.065      0.897 f
  data arrival time                                                    0.897

  clock CLK_CORE (rise edge)                                  2     2
  clock network delay (propagated)                        0.154      2.154
  clock uncertainty                                      -0.05   2.104
  u_iql_age/dout_reg[0]/CK (DFFARX1_RVT)                       0.000       2.104 r
  library setup time                                     -0.082   2.022
  data required time                                                   2.022
  -------------------------------------------------------------------------
  data required time                                                   2.022
  data arrival time                                                   -0.897
  -------------------------------------------------------------------------
  slack (MET)   1.125


=========================================================================
                   IQ_LSU_TOP — TIMING SUMMARY
=========================================================================

  Block        : IQ_LSU_TOP
  Corner       : ff_1p16v_1p16v_125c
  Check        : min  (Hot Hold        — Fast corner, high temp)
  Clock        : CLK_CORE  Period = 2 ns  (500 MHz)
  Technology   : SAED 32nm RVT

  ┌────────────────────────────────────────────────────────────────┐
  │ Sub-Unit      WNS (ns)  TNS (ns)  #Viol   WHS (ns)  #HViol  │
  ├────────────────────────────────────────────────────────────────┤
  │ u_iql_ent          1.125       0        0      0.116        0     │
  │ u_iql_wkup          0.116       0        0      0.061        0     │
  │ u_iql_sel          0.173       0        0      0.124        0     │
  │ u_iql_age          0.137       0        0      0.129        0     │
  ├────────────────────────────────────────────────────────────────┤
  │ IQ_LSU_TOP  1.125       0        0      0.116        0     │
  └────────────────────────────────────────────────────────────────┘

  Status : ALL PATHS CLEAN — No Setup or Hold Violations


=========================================================================
                   TIMING EXCEPTIONS APPLIED
=========================================================================

  set_false_path -from [get_ports SCAN_EN]      -to [all_registers]
  set_false_path -from [get_ports TEST_MODE]     -to [all_registers]
  set_multicycle_path 2 -setup -from [get_cells u_iql_ent/*] -to [get_cells u_iql_age/*]
  set_multicycle_path 1 -hold  -from [get_cells u_iql_ent/*] -to [get_cells u_iql_age/*]
  set_input_delay  0.400 -clock CLK_CORE -max [all_inputs]
  set_output_delay 0.350 -clock CLK_CORE -max [all_outputs]


=========================================================================
                   CLOCK DOMAIN SUMMARY
=========================================================================

  Clock    : CLK_CORE
  Period   : 2 ns
  Waveform : {0.000 1}
  Skew     : 0.022 ns  (max across IQ_LSU_TOP)
  Latency  : 0.154 ns  (max)


=========================================================================
                   CONSTRAINT COVERAGE
=========================================================================

  Total register endpoints   : 3773
  Constrained endpoints      : 3986
  Unconstrained endpoints    :      0
  Coverage                   :  100.0%


=========================================================================
                   TOOL / RUN INFORMATION
=========================================================================

  Tool         : Synopsys PrimeTime 2023.06-SP3
  Run Host     : sta-server-01
  Run Dir      : /proj/cpu_rtl/sta/ISSUE/IQ_LSU/run_ff_1p16v_1p16v_125c
  SDC File     : /proj/cpu_rtl/constraints/IQ_LSU_TOP.sdc
  Netlist      : /proj/cpu_rtl/netlist/IQ_LSU_TOP.v.gz
  SPEF File    : /proj/cpu_rtl/spef/IQ_LSU_TOP.spef.gz
  Liberty      : saed32nm_rvt_ff_1p16v_1p16v_125c.db
  Elapsed Time : 00:04:26
  Peak Memory  : 3.025 GB

=========================================================================
End of Report
=========================================================================
