****************************************
Report : timing
        -path_type full
        -delay_type max
        -max_paths 10
        -sort_by slack
Design : IQ_LSU_TOP
Version: PrimeTime 2023.06-SP3
Date   : Sat Aug 15 17:34:53 2026
Corner : ss_0p63v_0p63v_125c
Note   : Low-Vdd Setup   — Ultra-low voltage corner
****************************************

Operating Conditions : ss_0p63v_0p63v_125c (Library: saed32nm_rvt)
Wire Load Model Mode : Interconnect (StarRC Extracted)

  Startpoint : u_iql_ent/din_reg[0]
               (rising edge-triggered flip-flop clocked by CLK_CORE)
  Endpoint   : u_iql_age/dout_reg[0]
               (rising edge-triggered flip-flop clocked by CLK_CORE)
  Path Group : CLK_CORE
  Path Type  : max

  Point                                                   Incr        Path
  -------------------------------------------------------------------------
  clock CLK_CORE (rise edge)                                  0.000       0.000
  clock network delay (propagated)                        0.153      0.153
  u_iql_ent/din_reg[0]/CK (DFFARX1_RVT)                        0.000       0.153 r
  u_iql_ent/din_reg[0]/Q  (DFFARX1_RVT)                        0.123       0.276 r
  u_iql_ent/U12/Y (INVX2_RVT)                                  0.065       0.341 f
  u_iql_ent/U34/Y (NAND2X1_RVT)                                0.076       0.417 r
  u_iql_wkup/U07/Y (AOI22X1_RVT)                                0.078       0.495 f
  u_iql_wkup/U19/Y (OAI21X1_RVT)                                0.095       0.59 r
  u_iql_sel/U03/Y (MUX21X1_RVT)                                0.099       0.689 r
  u_iql_sel/U11/Y (AND2X1_RVT)                                 0.052       0.741 f
  u_iql_sel/U22/Y (NOR2X1_RVT)                                 0.041       0.782 r
  u_iql_age/U05/Y (BUFX4_RVT)                                  0.06       0.842 r
  u_iql_age/dout_reg[0]/D (DFFARX1_RVT)                        0.051      0.893 f
  data arrival time                                                    0.893

  clock CLK_CORE (rise edge)                                  2     2
  clock network delay (propagated)                        0.153      2.153
  clock uncertainty                                      -0.05   2.103
  u_iql_age/dout_reg[0]/CK (DFFARX1_RVT)                       0.000       2.103 r
  library setup time                                     -0.082   2.021
  data required time                                                   2.021
  -------------------------------------------------------------------------
  data required time                                                   2.021
  data arrival time                                                   -0.893
  -------------------------------------------------------------------------
  slack (MET)   1.128


=========================================================================
                   IQ_LSU_TOP — TIMING SUMMARY
=========================================================================

  Block        : IQ_LSU_TOP
  Corner       : ss_0p63v_0p63v_125c
  Check        : max  (Low-Vdd Setup   — Ultra-low voltage corner)
  Clock        : CLK_CORE  Period = 2 ns  (500 MHz)
  Technology   : SAED 32nm RVT

  ┌────────────────────────────────────────────────────────────────┐
  │ Sub-Unit      WNS (ns)  TNS (ns)  #Viol   WHS (ns)  #HViol  │
  ├────────────────────────────────────────────────────────────────┤
  │ u_iql_ent          1.128       0        0      0.064        0     │
  │ u_iql_wkup          0.078       0        0      0.066        0     │
  │ u_iql_sel          0.086       0        0      0.119        0     │
  │ u_iql_age          0.192       0        0      0.074        0     │
  ├────────────────────────────────────────────────────────────────┤
  │ IQ_LSU_TOP  1.128       0        0      0.064        0     │
  └────────────────────────────────────────────────────────────────┘

  Status : ALL PATHS CLEAN — No Setup or Hold Violations


=========================================================================
                   TIMING EXCEPTIONS APPLIED
=========================================================================

  set_false_path -from [get_ports SCAN_EN]      -to [all_registers]
  set_false_path -from [get_ports TEST_MODE]     -to [all_registers]
  set_multicycle_path 2 -setup -from [get_cells u_iql_ent/*] -to [get_cells u_iql_age/*]
  set_multicycle_path 1 -hold  -from [get_cells u_iql_ent/*] -to [get_cells u_iql_age/*]
  set_input_delay  0.400 -clock CLK_CORE -max [all_inputs]
  set_output_delay 0.350 -clock CLK_CORE -max [all_outputs]


=========================================================================
                   CLOCK DOMAIN SUMMARY
=========================================================================

  Clock    : CLK_CORE
  Period   : 2 ns
  Waveform : {0.000 1}
  Skew     : 0.018 ns  (max across IQ_LSU_TOP)
  Latency  : 0.153 ns  (max)


=========================================================================
                   CONSTRAINT COVERAGE
=========================================================================

  Total register endpoints   : 4168
  Constrained endpoints      : 3788
  Unconstrained endpoints    :      0
  Coverage                   :  100.0%


=========================================================================
                   TOOL / RUN INFORMATION
=========================================================================

  Tool         : Synopsys PrimeTime 2023.06-SP3
  Run Host     : sta-server-01
  Run Dir      : /proj/cpu_rtl/sta/ISSUE/IQ_LSU/run_ss_0p63v_0p63v_125c
  SDC File     : /proj/cpu_rtl/constraints/IQ_LSU_TOP.sdc
  Netlist      : /proj/cpu_rtl/netlist/IQ_LSU_TOP.v.gz
  SPEF File    : /proj/cpu_rtl/spef/IQ_LSU_TOP.spef.gz
  Liberty      : saed32nm_rvt_ss_0p63v_0p63v_125c.db
  Elapsed Time : 00:05:27
  Peak Memory  : 3.609 GB

=========================================================================
End of Report
=========================================================================
