****************************************
Report : timing
        -path_type full
        -delay_type max
        -max_paths 10
        -sort_by slack
Design : IQ_LSU_TOP
Version: PrimeTime 2023.06-SP3
Date   : Sat Aug 15 17:34:53 2026
Corner : ss_0p72v_0p72v_125c
Note   : Recovery/Removal Check — Async reset paths
****************************************

Operating Conditions : ss_0p72v_0p72v_125c (Library: saed32nm_rvt)
Wire Load Model Mode : Interconnect (StarRC Extracted)

  Startpoint : u_iql_ent/din_reg[0]
               (rising edge-triggered flip-flop clocked by CLK_CORE)
  Endpoint   : u_iql_age/dout_reg[0]
               (rising edge-triggered flip-flop clocked by CLK_CORE)
  Path Group : CLK_CORE
  Path Type  : max

  Point                                                   Incr        Path
  -------------------------------------------------------------------------
  clock CLK_CORE (rise edge)                                  0.000       0.000
  clock network delay (propagated)                        0.132      0.132
  u_iql_ent/din_reg[0]/CK (DFFARX1_RVT)                        0.000       0.132 r
  u_iql_ent/din_reg[0]/Q  (DFFARX1_RVT)                        0.121       0.253 r
  u_iql_ent/U12/Y (INVX2_RVT)                                  0.041       0.294 f
  u_iql_ent/U34/Y (NAND2X1_RVT)                                0.056       0.35 r
  u_iql_wkup/U07/Y (AOI22X1_RVT)                                0.092       0.442 f
  u_iql_wkup/U19/Y (OAI21X1_RVT)                                0.1       0.542 r
  u_iql_sel/U03/Y (MUX21X1_RVT)                                0.097       0.639 r
  u_iql_sel/U11/Y (AND2X1_RVT)                                 0.063       0.702 f
  u_iql_sel/U22/Y (NOR2X1_RVT)                                 0.041       0.743 r
  u_iql_age/U05/Y (BUFX4_RVT)                                  0.078       0.821 r
  u_iql_age/dout_reg[0]/D (DFFARX1_RVT)                        0.06      0.881 f
  data arrival time                                                    0.881

  clock CLK_CORE (rise edge)                                  2     2
  clock network delay (propagated)                        0.132      2.132
  clock uncertainty                                      -0.05   2.082
  u_iql_age/dout_reg[0]/CK (DFFARX1_RVT)                       0.000       2.082 r
  library setup time                                     -0.077   2.005
  data required time                                                   2.005
  -------------------------------------------------------------------------
  data required time                                                   2.005
  data arrival time                                                   -0.881
  -------------------------------------------------------------------------
  slack (MET)   1.124


=========================================================================
                   IQ_LSU_TOP — TIMING SUMMARY
=========================================================================

  Block        : IQ_LSU_TOP
  Corner       : ss_0p72v_0p72v_125c
  Check        : max  (Recovery/Removal Check — Async reset paths)
  Clock        : CLK_CORE  Period = 2 ns  (500 MHz)
  Technology   : SAED 32nm RVT

  ┌────────────────────────────────────────────────────────────────┐
  │ Sub-Unit      WNS (ns)  TNS (ns)  #Viol   WHS (ns)  #HViol  │
  ├────────────────────────────────────────────────────────────────┤
  │ u_iql_ent          1.124       0        0      0.089        0     │
  │ u_iql_wkup          0.07       0        0      0.106        0     │
  │ u_iql_sel          0.091       0        0      0.084        0     │
  │ u_iql_age          0.101       0        0      0.083        0     │
  ├────────────────────────────────────────────────────────────────┤
  │ IQ_LSU_TOP  1.124       0        0      0.089        0     │
  └────────────────────────────────────────────────────────────────┘

  Status : ALL PATHS CLEAN — No Setup or Hold Violations


=========================================================================
                   TIMING EXCEPTIONS APPLIED
=========================================================================

  set_false_path -from [get_ports SCAN_EN]      -to [all_registers]
  set_false_path -from [get_ports TEST_MODE]     -to [all_registers]
  set_multicycle_path 2 -setup -from [get_cells u_iql_ent/*] -to [get_cells u_iql_age/*]
  set_multicycle_path 1 -hold  -from [get_cells u_iql_ent/*] -to [get_cells u_iql_age/*]
  set_input_delay  0.400 -clock CLK_CORE -max [all_inputs]
  set_output_delay 0.350 -clock CLK_CORE -max [all_outputs]


=========================================================================
                   CLOCK DOMAIN SUMMARY
=========================================================================

  Clock    : CLK_CORE
  Period   : 2 ns
  Waveform : {0.000 1}
  Skew     : 0.024 ns  (max across IQ_LSU_TOP)
  Latency  : 0.132 ns  (max)


=========================================================================
                   CONSTRAINT COVERAGE
=========================================================================

  Total register endpoints   : 2771
  Constrained endpoints      : 5749
  Unconstrained endpoints    :      0
  Coverage                   :  100.0%


=========================================================================
                   TOOL / RUN INFORMATION
=========================================================================

  Tool         : Synopsys PrimeTime 2023.06-SP3
  Run Host     : sta-server-01
  Run Dir      : /proj/cpu_rtl/sta/ISSUE/IQ_LSU/run_ss_0p72v_0p72v_125c
  SDC File     : /proj/cpu_rtl/constraints/IQ_LSU_TOP.sdc
  Netlist      : /proj/cpu_rtl/netlist/IQ_LSU_TOP.v.gz
  SPEF File    : /proj/cpu_rtl/spef/IQ_LSU_TOP.spef.gz
  Liberty      : saed32nm_rvt_ss_0p72v_0p72v_125c.db
  Elapsed Time : 00:01:18
  Peak Memory  : 4.414 GB

=========================================================================
End of Report
=========================================================================
