================================================================================
  STA BLOCK DUMP LOG  —  IQ_LSU_TOP
================================================================================

  Block Directory : D:\Certificates\PD_STA_REPORTS\ISSUE\IQ_LSU
  Design          : IQ_LSU_TOP
  Parsed At       : 2026-08-15T22:16:48
  Total Reports   : 11


OWNERSHIP
----------------------------------------
  BLOCK TIMING OWNER           : User19  <user19@company.com>  [EMP-2019]
  TEAM LEAD                    : MTO_User4  <mto4@company.com>  [EMP-1004]
  RTL TEAM LEAD                : TeamLead4  <teamlead4@company.com>
  PD ENGINEER                  : PDEng4  <pdeng4@company.com>
  STA ENGINEER                 : STAEng4  <staeng4@company.com>
  CHIP STA LEAD                : STALead1  <stalead1@company.com>  [EMP-0004]

AGGREGATE SUMMARY
----------------------------------------
  Overall Status   : MET
  Worst WNS  (ns)  : 0.000
  Worst TNS  (ns)  : 0.000
  Worst WHS  (ns)  : 0.000
  Best  WNS  (ns)  : 1.128
  Total Violations : 0

BY CORNER
----------------------------------------
  Name                                              #       WNS       TNS       WHS  STATUS
  ─────────────────────────────────────────────  ────  ────────  ────────  ────────  ──────────
  N/A                                               1     0.000     0.000     0.000  MET
  ff_1p16v_1p16v_125c                               1     1.125     0.000     0.116  MET
  ff_1p16v_1p16v_n40c                               1     1.073     0.000     0.072  MET
  ss_0p63v_0p63v_125c                               1     1.128     0.000     0.064  MET
  ss_0p72v_0p72v_125c                               2     1.096     0.000     0.065  MET
  ss_0p72v_0p72v_n40c                               1     1.105     0.000     0.078  MET
  tt_0p90v_0p90v_25c                                4     1.060     0.000     0.065  MET

BY CHECK TYPE
----------------------------------------
  Name                                              #       WNS       TNS       WHS  STATUS
  ─────────────────────────────────────────────  ────  ────────  ────────  ────────  ──────────
  N/A                                               1     0.000     0.000     0.000  MET
  hold                                              3     1.067     0.000     0.072  MET
  setup                                             7     1.060     0.000     0.064  MET

PER-REPORT DETAIL
----------------------------------------
  File     : 07_SETUP_LVSS_125C_IQ_LSU_TOP.rpt
  Design   : IQ_LSU_TOP            Corner : ss_0p63v_0p63v_125c
  Check    : setup       Clock  : CLK_CORE  Period = 2.0 ns  (500.0 MHz)
  WNS      :   +1.128 ns   TNS :   +0.000 ns   WHS :   +0.064 ns
  Slack    :   +1.128 ns   Status : MET
  Status   : ALL PATHS CLEAN — No Setup or Hold Violations
  Coverage : 100.0%   Endpoints : 3788 / 4168
  Tool     : Synopsys PrimeTime 2023.06-SP3
  Runtime  : 00:05:27         Memory : 3.609 GB
  Run Dir  : /proj/cpu_rtl/sta/ISSUE/IQ_LSU/run_ss_0p63v_0p63v_125c

  File     : 09_RECOVERY_SS_125C_IQ_LSU_TOP.rpt
  Design   : IQ_LSU_TOP            Corner : ss_0p72v_0p72v_125c
  Check    : setup       Clock  : CLK_CORE  Period = 2.0 ns  (500.0 MHz)
  WNS      :   +1.124 ns   TNS :   +0.000 ns   WHS :   +0.089 ns
  Slack    :   +1.124 ns   Status : MET
  Status   : ALL PATHS CLEAN — No Setup or Hold Violations
  Coverage : 100.0%   Endpoints : 5749 / 2771
  Tool     : Synopsys PrimeTime 2023.06-SP3
  Runtime  : 00:01:18         Memory : 4.414 GB
  Run Dir  : /proj/cpu_rtl/sta/ISSUE/IQ_LSU/run_ss_0p72v_0p72v_125c

  File     : 05_SETUP_SS_M40C_IQ_LSU_TOP.rpt
  Design   : IQ_LSU_TOP            Corner : ss_0p72v_0p72v_n40c
  Check    : setup       Clock  : CLK_CORE  Period = 2.0 ns  (500.0 MHz)
  WNS      :   +1.105 ns   TNS :   +0.000 ns   WHS :   +0.078 ns
  Slack    :   +1.105 ns   Status : MET
  Status   : ALL PATHS CLEAN — No Setup or Hold Violations
  Coverage : 100.0%   Endpoints : 2448 / 4980
  Tool     : Synopsys PrimeTime 2023.06-SP3
  Runtime  : 00:01:35         Memory : 2.107 GB
  Run Dir  : /proj/cpu_rtl/sta/ISSUE/IQ_LSU/run_ss_0p72v_0p72v_n40c

  File     : 08_CG_CHECK_TT_25C_IQ_LSU_TOP.rpt
  Design   : IQ_LSU_TOP            Corner : tt_0p90v_0p90v_25c
  Check    : setup       Clock  : CLK_CORE  Period = 2.0 ns  (500.0 MHz)
  WNS      :   +1.101 ns   TNS :   +0.000 ns   WHS :   +0.097 ns
  Slack    :   +1.101 ns   Status : MET
  Status   : ALL PATHS CLEAN — No Setup or Hold Violations
  Coverage : 100.0%   Endpoints : 5831 / 4442
  Tool     : Synopsys PrimeTime 2023.06-SP3
  Runtime  : 00:06:58         Memory : 2.934 GB
  Run Dir  : /proj/cpu_rtl/sta/ISSUE/IQ_LSU/run_tt_0p90v_0p90v_25c

  File     : 01_SETUP_SS_125C_IQ_LSU_TOP.rpt
  Design   : IQ_LSU_TOP            Corner : ss_0p72v_0p72v_125c
  Check    : setup       Clock  : CLK_CORE  Period = 2.0 ns  (500.0 MHz)
  WNS      :   +1.096 ns   TNS :   +0.000 ns   WHS :   +0.065 ns
  Slack    :   +1.096 ns   Status : MET
  Status   : ALL PATHS CLEAN — No Setup or Hold Violations
  Coverage : 100.0%   Endpoints : 4533 / 5340
  Tool     : Synopsys PrimeTime 2023.06-SP3
  Runtime  : 00:08:22         Memory : 2.397 GB
  Run Dir  : /proj/cpu_rtl/sta/ISSUE/IQ_LSU/run_ss_0p72v_0p72v_125c

  File     : 03_SETUP_TT_25C_IQ_LSU_TOP.rpt
  Design   : IQ_LSU_TOP            Corner : tt_0p90v_0p90v_25c
  Check    : setup       Clock  : CLK_CORE  Period = 2.0 ns  (500.0 MHz)
  WNS      :   +1.090 ns   TNS :   +0.000 ns   WHS :   +0.065 ns
  Slack    :   +1.090 ns   Status : MET
  Status   : ALL PATHS CLEAN — No Setup or Hold Violations
  Coverage : 100.0%   Endpoints : 2043 / 4515
  Tool     : Synopsys PrimeTime 2023.06-SP3
  Runtime  : 00:03:36         Memory : 3.698 GB
  Run Dir  : /proj/cpu_rtl/sta/ISSUE/IQ_LSU/run_tt_0p90v_0p90v_25c

  File     : 10_MULTICYCLE_TT_25C_IQ_LSU_TOP.rpt
  Design   : IQ_LSU_TOP            Corner : tt_0p90v_0p90v_25c
  Check    : setup       Clock  : CLK_CORE  Period = 2.0 ns  (500.0 MHz)
  WNS      :   +1.060 ns   TNS :   +0.000 ns   WHS :   +0.092 ns
  Slack    :   +1.060 ns   Status : MET
  Status   : ALL PATHS CLEAN — No Setup or Hold Violations
  Coverage : 100.0%   Endpoints : 2471 / 1766
  Tool     : Synopsys PrimeTime 2023.06-SP3
  Runtime  : 00:03:16         Memory : 2.424 GB
  Run Dir  : /proj/cpu_rtl/sta/ISSUE/IQ_LSU/run_tt_0p90v_0p90v_25c

  File     : 06_HOLD_FF_125C_IQ_LSU_TOP.rpt
  Design   : IQ_LSU_TOP            Corner : ff_1p16v_1p16v_125c
  Check    : hold        Clock  : CLK_CORE  Period = 2.0 ns  (500.0 MHz)
  WNS      :   +1.125 ns   TNS :   +0.000 ns   WHS :   +0.116 ns
  Slack    :   +1.125 ns   Status : MET
  Status   : ALL PATHS CLEAN — No Setup or Hold Violations
  Coverage : 100.0%   Endpoints : 3986 / 3773
  Tool     : Synopsys PrimeTime 2023.06-SP3
  Runtime  : 00:04:26         Memory : 3.025 GB
  Run Dir  : /proj/cpu_rtl/sta/ISSUE/IQ_LSU/run_ff_1p16v_1p16v_125c

  File     : 04_HOLD_TT_25C_IQ_LSU_TOP.rpt
  Design   : IQ_LSU_TOP            Corner : tt_0p90v_0p90v_25c
  Check    : hold        Clock  : CLK_CORE  Period = 2.0 ns  (500.0 MHz)
  WNS      :   +1.067 ns   TNS :   +0.000 ns   WHS :   +0.112 ns
  Slack    :   +1.067 ns   Status : MET
  Status   : ALL PATHS CLEAN — No Setup or Hold Violations
  Coverage : 100.0%   Endpoints : 4096 / 4769
  Tool     : Synopsys PrimeTime 2023.06-SP3
  Runtime  : 00:02:30         Memory : 1.558 GB
  Run Dir  : /proj/cpu_rtl/sta/ISSUE/IQ_LSU/run_tt_0p90v_0p90v_25c

  File     : 02_HOLD_FF_N40C_IQ_LSU_TOP.rpt
  Design   : IQ_LSU_TOP            Corner : ff_1p16v_1p16v_n40c
  Check    : hold        Clock  : CLK_CORE  Period = 2.0 ns  (500.0 MHz)
  WNS      :   +1.073 ns   TNS :   +0.000 ns   WHS :   +0.072 ns
  Slack    :   +1.073 ns   Status : MET
  Status   : ALL PATHS CLEAN — No Setup or Hold Violations
  Coverage : 100.0%   Endpoints : 1493 / 4341
  Tool     : Synopsys PrimeTime 2023.06-SP3
  Runtime  : 00:02:23         Memory : 4.372 GB
  Run Dir  : /proj/cpu_rtl/sta/ISSUE/IQ_LSU/run_ff_1p16v_1p16v_n40c

  File     : IQ_LSU_TIMING.rpt
  Design   : N/A                   Corner : N/A
  Check    : N/A         Clock  : N/A  Period = 0.0 ns  (0.0 MHz)
  WNS      :   +0.000 ns   TNS :   +0.000 ns   WHS :   +0.000 ns
  Slack    :   +0.000 ns   Status : UNKNOWN
  Status   : N/A
  Coverage : 0.0%   Endpoints : 0 / 0
  Tool     : N/A
  Runtime  : N/A              Memory : N/A
  Run Dir  : N/A


================================================================================
END OF BLOCK DUMP LOG
================================================================================