****************************************
Report : timing
        -path_type full
        -delay_type min
        -max_paths 10
        -sort_by slack
Design : CACHE_CTRL_TOP
Version: PrimeTime 2023.06-SP3
Date   : Sat Aug 15 17:34:54 2026
Corner : ff_1p16v_1p16v_n40c
Note   : Worst-case Hold  — Fast corner, cold temp
****************************************

Operating Conditions : ff_1p16v_1p16v_n40c (Library: saed32nm_rvt)
Wire Load Model Mode : Interconnect (StarRC Extracted)

  Startpoint : u_cc_mshr/din_reg[0]
               (rising edge-triggered flip-flop clocked by CLK_CORE)
  Endpoint   : u_cc_wb/dout_reg[0]
               (rising edge-triggered flip-flop clocked by CLK_CORE)
  Path Group : CLK_CORE
  Path Type  : min

  Point                                                   Incr        Path
  -------------------------------------------------------------------------
  clock CLK_CORE (rise edge)                                  0.000       0.000
  clock network delay (propagated)                        0.139      0.139
  u_cc_mshr/din_reg[0]/CK (DFFARX1_RVT)                        0.000       0.139 r
  u_cc_mshr/din_reg[0]/Q  (DFFARX1_RVT)                        0.129       0.268 r
  u_cc_mshr/U12/Y (INVX2_RVT)                                  0.038       0.306 f
  u_cc_mshr/U34/Y (NAND2X1_RVT)                                0.073       0.379 r
  u_cc_arb/U07/Y (AOI22X1_RVT)                                0.095       0.474 f
  u_cc_arb/U19/Y (OAI21X1_RVT)                                0.109       0.583 r
  u_cc_snp/U03/Y (MUX21X1_RVT)                                0.082       0.665 r
  u_cc_snp/U11/Y (AND2X1_RVT)                                 0.078       0.743 f
  u_cc_snp/U22/Y (NOR2X1_RVT)                                 0.045       0.788 r
  u_cc_wb/U05/Y (BUFX4_RVT)                                  0.068       0.856 r
  u_cc_wb/dout_reg[0]/D (DFFARX1_RVT)                        0.069      0.925 f
  data arrival time                                                    0.925

  clock CLK_CORE (rise edge)                                  2     2
  clock network delay (propagated)                        0.139      2.139
  clock uncertainty                                      -0.05   2.089
  u_cc_wb/dout_reg[0]/CK (DFFARX1_RVT)                       0.000       2.089 r
  library setup time                                     -0.076   2.013
  data required time                                                   2.013
  -------------------------------------------------------------------------
  data required time                                                   2.013
  data arrival time                                                   -0.925
  -------------------------------------------------------------------------
  slack (MET)   1.088


=========================================================================
                   CACHE_CTRL_TOP — TIMING SUMMARY
=========================================================================

  Block        : CACHE_CTRL_TOP
  Corner       : ff_1p16v_1p16v_n40c
  Check        : min  (Worst-case Hold  — Fast corner, cold temp)
  Clock        : CLK_CORE  Period = 2 ns  (500 MHz)
  Technology   : SAED 32nm RVT

  ┌────────────────────────────────────────────────────────────────┐
  │ Sub-Unit      WNS (ns)  TNS (ns)  #Viol   WHS (ns)  #HViol  │
  ├────────────────────────────────────────────────────────────────┤
  │ u_cc_mshr          1.088       0        0      0.104        0     │
  │ u_cc_arb          0.179       0        0      0.082        0     │
  │ u_cc_snp          0.103       0        0      0.095        0     │
  │ u_cc_wb          0.145       0        0      0.114        0     │
  ├────────────────────────────────────────────────────────────────┤
  │ CACHE_CTRL_TOP  1.088       0        0      0.104        0     │
  └────────────────────────────────────────────────────────────────┘

  Status : ALL PATHS CLEAN — No Setup or Hold Violations


=========================================================================
                   TIMING EXCEPTIONS APPLIED
=========================================================================

  set_false_path -from [get_ports SCAN_EN]      -to [all_registers]
  set_false_path -from [get_ports TEST_MODE]     -to [all_registers]
  set_multicycle_path 2 -setup -from [get_cells u_cc_mshr/*] -to [get_cells u_cc_wb/*]
  set_multicycle_path 1 -hold  -from [get_cells u_cc_mshr/*] -to [get_cells u_cc_wb/*]
  set_input_delay  0.400 -clock CLK_CORE -max [all_inputs]
  set_output_delay 0.350 -clock CLK_CORE -max [all_outputs]


=========================================================================
                   CLOCK DOMAIN SUMMARY
=========================================================================

  Clock    : CLK_CORE
  Period   : 2 ns
  Waveform : {0.000 1}
  Skew     : 0.024 ns  (max across CACHE_CTRL_TOP)
  Latency  : 0.139 ns  (max)


=========================================================================
                   CONSTRAINT COVERAGE
=========================================================================

  Total register endpoints   : 4992
  Constrained endpoints      : 4535
  Unconstrained endpoints    :      0
  Coverage                   :  100.0%


=========================================================================
                   TOOL / RUN INFORMATION
=========================================================================

  Tool         : Synopsys PrimeTime 2023.06-SP3
  Run Host     : sta-server-01
  Run Dir      : /proj/cpu_rtl/sta/CACHE/CACHE_CONTROLLER/run_ff_1p16v_1p16v_n40c
  SDC File     : /proj/cpu_rtl/constraints/CACHE_CTRL_TOP.sdc
  Netlist      : /proj/cpu_rtl/netlist/CACHE_CTRL_TOP.v.gz
  SPEF File    : /proj/cpu_rtl/spef/CACHE_CTRL_TOP.spef.gz
  Liberty      : saed32nm_rvt_ff_1p16v_1p16v_n40c.db
  Elapsed Time : 00:06:39
  Peak Memory  : 4.229 GB

=========================================================================
End of Report
=========================================================================
