****************************************
Report : timing
        -path_type full
        -delay_type min
        -max_paths 10
        -sort_by slack
Design : CACHE_CTRL_TOP
Version: PrimeTime 2023.06-SP3
Date   : Sat Aug 15 17:34:54 2026
Corner : ff_1p16v_1p16v_125c
Note   : Hot Hold        — Fast corner, high temp
****************************************

Operating Conditions : ff_1p16v_1p16v_125c (Library: saed32nm_rvt)
Wire Load Model Mode : Interconnect (StarRC Extracted)

  Startpoint : u_cc_mshr/din_reg[0]
               (rising edge-triggered flip-flop clocked by CLK_CORE)
  Endpoint   : u_cc_wb/dout_reg[0]
               (rising edge-triggered flip-flop clocked by CLK_CORE)
  Path Group : CLK_CORE
  Path Type  : min

  Point                                                   Incr        Path
  -------------------------------------------------------------------------
  clock CLK_CORE (rise edge)                                  0.000       0.000
  clock network delay (propagated)                        0.158      0.158
  u_cc_mshr/din_reg[0]/CK (DFFARX1_RVT)                        0.000       0.158 r
  u_cc_mshr/din_reg[0]/Q  (DFFARX1_RVT)                        0.115       0.273 r
  u_cc_mshr/U12/Y (INVX2_RVT)                                  0.048       0.321 f
  u_cc_mshr/U34/Y (NAND2X1_RVT)                                0.077       0.398 r
  u_cc_arb/U07/Y (AOI22X1_RVT)                                0.105       0.503 f
  u_cc_arb/U19/Y (OAI21X1_RVT)                                0.102       0.605 r
  u_cc_snp/U03/Y (MUX21X1_RVT)                                0.081       0.686 r
  u_cc_snp/U11/Y (AND2X1_RVT)                                 0.08       0.766 f
  u_cc_snp/U22/Y (NOR2X1_RVT)                                 0.043       0.809 r
  u_cc_wb/U05/Y (BUFX4_RVT)                                  0.087       0.896 r
  u_cc_wb/dout_reg[0]/D (DFFARX1_RVT)                        0.063      0.959 f
  data arrival time                                                    0.959

  clock CLK_CORE (rise edge)                                  2     2
  clock network delay (propagated)                        0.158      2.158
  clock uncertainty                                      -0.05   2.108
  u_cc_wb/dout_reg[0]/CK (DFFARX1_RVT)                       0.000       2.108 r
  library setup time                                     -0.08   2.028
  data required time                                                   2.028
  -------------------------------------------------------------------------
  data required time                                                   2.028
  data arrival time                                                   -0.959
  -------------------------------------------------------------------------
  slack (MET)   1.069


=========================================================================
                   CACHE_CTRL_TOP — TIMING SUMMARY
=========================================================================

  Block        : CACHE_CTRL_TOP
  Corner       : ff_1p16v_1p16v_125c
  Check        : min  (Hot Hold        — Fast corner, high temp)
  Clock        : CLK_CORE  Period = 2 ns  (500 MHz)
  Technology   : SAED 32nm RVT

  ┌────────────────────────────────────────────────────────────────┐
  │ Sub-Unit      WNS (ns)  TNS (ns)  #Viol   WHS (ns)  #HViol  │
  ├────────────────────────────────────────────────────────────────┤
  │ u_cc_mshr          1.069       0        0      0.081        0     │
  │ u_cc_arb          0.057       0        0      0.092        0     │
  │ u_cc_snp          0.059       0        0      0.105        0     │
  │ u_cc_wb          0.071       0        0      0.103        0     │
  ├────────────────────────────────────────────────────────────────┤
  │ CACHE_CTRL_TOP  1.069       0        0      0.081        0     │
  └────────────────────────────────────────────────────────────────┘

  Status : ALL PATHS CLEAN — No Setup or Hold Violations


=========================================================================
                   TIMING EXCEPTIONS APPLIED
=========================================================================

  set_false_path -from [get_ports SCAN_EN]      -to [all_registers]
  set_false_path -from [get_ports TEST_MODE]     -to [all_registers]
  set_multicycle_path 2 -setup -from [get_cells u_cc_mshr/*] -to [get_cells u_cc_wb/*]
  set_multicycle_path 1 -hold  -from [get_cells u_cc_mshr/*] -to [get_cells u_cc_wb/*]
  set_input_delay  0.400 -clock CLK_CORE -max [all_inputs]
  set_output_delay 0.350 -clock CLK_CORE -max [all_outputs]


=========================================================================
                   CLOCK DOMAIN SUMMARY
=========================================================================

  Clock    : CLK_CORE
  Period   : 2 ns
  Waveform : {0.000 1}
  Skew     : 0.023 ns  (max across CACHE_CTRL_TOP)
  Latency  : 0.158 ns  (max)


=========================================================================
                   CONSTRAINT COVERAGE
=========================================================================

  Total register endpoints   : 874
  Constrained endpoints      : 5412
  Unconstrained endpoints    :      0
  Coverage                   :  100.0%


=========================================================================
                   TOOL / RUN INFORMATION
=========================================================================

  Tool         : Synopsys PrimeTime 2023.06-SP3
  Run Host     : sta-server-01
  Run Dir      : /proj/cpu_rtl/sta/CACHE/CACHE_CONTROLLER/run_ff_1p16v_1p16v_125c
  SDC File     : /proj/cpu_rtl/constraints/CACHE_CTRL_TOP.sdc
  Netlist      : /proj/cpu_rtl/netlist/CACHE_CTRL_TOP.v.gz
  SPEF File    : /proj/cpu_rtl/spef/CACHE_CTRL_TOP.spef.gz
  Liberty      : saed32nm_rvt_ff_1p16v_1p16v_125c.db
  Elapsed Time : 00:02:10
  Peak Memory  : 1.586 GB

=========================================================================
End of Report
=========================================================================
