****************************************
Report : timing
        -path_type full
        -delay_type min
        -max_paths 10
        -sort_by slack
Design : STQ_TOP
Version: PrimeTime 2023.06-SP3
Date   : Sat Aug 15 17:34:53 2026
Corner : ff_1p16v_1p16v_n40c
Note   : Worst-case Hold  — Fast corner, cold temp
****************************************

Operating Conditions : ff_1p16v_1p16v_n40c (Library: saed32nm_rvt)
Wire Load Model Mode : Interconnect (StarRC Extracted)

  Startpoint : u_stq_wr/din_reg[0]
               (rising edge-triggered flip-flop clocked by CLK_CORE)
  Endpoint   : u_stq_tl/dout_reg[0]
               (rising edge-triggered flip-flop clocked by CLK_CORE)
  Path Group : CLK_CORE
  Path Type  : min

  Point                                                   Incr        Path
  -------------------------------------------------------------------------
  clock CLK_CORE (rise edge)                                  0.000       0.000
  clock network delay (propagated)                        0.132      0.132
  u_stq_wr/din_reg[0]/CK (DFFARX1_RVT)                        0.000       0.132 r
  u_stq_wr/din_reg[0]/Q  (DFFARX1_RVT)                        0.12       0.252 r
  u_stq_wr/U12/Y (INVX2_RVT)                                  0.044       0.296 f
  u_stq_wr/U34/Y (NAND2X1_RVT)                                0.092       0.388 r
  u_stq_rd/U07/Y (AOI22X1_RVT)                                0.077       0.465 f
  u_stq_rd/U19/Y (OAI21X1_RVT)                                0.113       0.578 r
  u_stq_hd/U03/Y (MUX21X1_RVT)                                0.099       0.677 r
  u_stq_hd/U11/Y (AND2X1_RVT)                                 0.063       0.74 f
  u_stq_hd/U22/Y (NOR2X1_RVT)                                 0.052       0.792 r
  u_stq_tl/U05/Y (BUFX4_RVT)                                  0.09       0.882 r
  u_stq_tl/dout_reg[0]/D (DFFARX1_RVT)                        0.054      0.936 f
  data arrival time                                                    0.936

  clock CLK_CORE (rise edge)                                  2     2
  clock network delay (propagated)                        0.132      2.132
  clock uncertainty                                      -0.05   2.082
  u_stq_tl/dout_reg[0]/CK (DFFARX1_RVT)                       0.000       2.082 r
  library setup time                                     -0.074   2.008
  data required time                                                   2.008
  -------------------------------------------------------------------------
  data required time                                                   2.008
  data arrival time                                                   -0.936
  -------------------------------------------------------------------------
  slack (MET)   1.072


=========================================================================
                   STQ_TOP — TIMING SUMMARY
=========================================================================

  Block        : STQ_TOP
  Corner       : ff_1p16v_1p16v_n40c
  Check        : min  (Worst-case Hold  — Fast corner, cold temp)
  Clock        : CLK_CORE  Period = 2 ns  (500 MHz)
  Technology   : SAED 32nm RVT

  ┌────────────────────────────────────────────────────────────────┐
  │ Sub-Unit      WNS (ns)  TNS (ns)  #Viol   WHS (ns)  #HViol  │
  ├────────────────────────────────────────────────────────────────┤
  │ u_stq_wr          1.072       0        0      0.061        0     │
  │ u_stq_rd          0.138       0        0      0.128        0     │
  │ u_stq_hd          0.122       0        0      0.118        0     │
  │ u_stq_tl          0.117       0        0      0.103        0     │
  ├────────────────────────────────────────────────────────────────┤
  │ STQ_TOP  1.072       0        0      0.061        0     │
  └────────────────────────────────────────────────────────────────┘

  Status : ALL PATHS CLEAN — No Setup or Hold Violations


=========================================================================
                   TIMING EXCEPTIONS APPLIED
=========================================================================

  set_false_path -from [get_ports SCAN_EN]      -to [all_registers]
  set_false_path -from [get_ports TEST_MODE]     -to [all_registers]
  set_multicycle_path 2 -setup -from [get_cells u_stq_wr/*] -to [get_cells u_stq_tl/*]
  set_multicycle_path 1 -hold  -from [get_cells u_stq_wr/*] -to [get_cells u_stq_tl/*]
  set_input_delay  0.400 -clock CLK_CORE -max [all_inputs]
  set_output_delay 0.350 -clock CLK_CORE -max [all_outputs]


=========================================================================
                   CLOCK DOMAIN SUMMARY
=========================================================================

  Clock    : CLK_CORE
  Period   : 2 ns
  Waveform : {0.000 1}
  Skew     : 0.025 ns  (max across STQ_TOP)
  Latency  : 0.132 ns  (max)


=========================================================================
                   CONSTRAINT COVERAGE
=========================================================================

  Total register endpoints   : 2154
  Constrained endpoints      : 3605
  Unconstrained endpoints    :      0
  Coverage                   :  100.0%


=========================================================================
                   TOOL / RUN INFORMATION
=========================================================================

  Tool         : Synopsys PrimeTime 2023.06-SP3
  Run Host     : sta-server-01
  Run Dir      : /proj/cpu_rtl/sta/MEMORY/STQ/run_ff_1p16v_1p16v_n40c
  SDC File     : /proj/cpu_rtl/constraints/STQ_TOP.sdc
  Netlist      : /proj/cpu_rtl/netlist/STQ_TOP.v.gz
  SPEF File    : /proj/cpu_rtl/spef/STQ_TOP.spef.gz
  Liberty      : saed32nm_rvt_ff_1p16v_1p16v_n40c.db
  Elapsed Time : 00:01:21
  Peak Memory  : 3.498 GB

=========================================================================
End of Report
=========================================================================
