****************************************
Report : timing
        -path_type full
        -delay_type min
        -max_paths 10
        -sort_by slack
Design : STQ_TOP
Version: PrimeTime 2023.06-SP3
Date   : Sat Aug 15 17:34:53 2026
Corner : ff_1p16v_1p16v_125c
Note   : Hot Hold        — Fast corner, high temp
****************************************

Operating Conditions : ff_1p16v_1p16v_125c (Library: saed32nm_rvt)
Wire Load Model Mode : Interconnect (StarRC Extracted)

  Startpoint : u_stq_wr/din_reg[0]
               (rising edge-triggered flip-flop clocked by CLK_CORE)
  Endpoint   : u_stq_tl/dout_reg[0]
               (rising edge-triggered flip-flop clocked by CLK_CORE)
  Path Group : CLK_CORE
  Path Type  : min

  Point                                                   Incr        Path
  -------------------------------------------------------------------------
  clock CLK_CORE (rise edge)                                  0.000       0.000
  clock network delay (propagated)                        0.161      0.161
  u_stq_wr/din_reg[0]/CK (DFFARX1_RVT)                        0.000       0.161 r
  u_stq_wr/din_reg[0]/Q  (DFFARX1_RVT)                        0.13       0.291 r
  u_stq_wr/U12/Y (INVX2_RVT)                                  0.036       0.327 f
  u_stq_wr/U34/Y (NAND2X1_RVT)                                0.073       0.4 r
  u_stq_rd/U07/Y (AOI22X1_RVT)                                0.089       0.489 f
  u_stq_rd/U19/Y (OAI21X1_RVT)                                0.11       0.599 r
  u_stq_hd/U03/Y (MUX21X1_RVT)                                0.075       0.674 r
  u_stq_hd/U11/Y (AND2X1_RVT)                                 0.045       0.719 f
  u_stq_hd/U22/Y (NOR2X1_RVT)                                 0.072       0.791 r
  u_stq_tl/U05/Y (BUFX4_RVT)                                  0.067       0.858 r
  u_stq_tl/dout_reg[0]/D (DFFARX1_RVT)                        0.053      0.911 f
  data arrival time                                                    0.911

  clock CLK_CORE (rise edge)                                  2     2
  clock network delay (propagated)                        0.161      2.161
  clock uncertainty                                      -0.05   2.111
  u_stq_tl/dout_reg[0]/CK (DFFARX1_RVT)                       0.000       2.111 r
  library setup time                                     -0.08   2.031
  data required time                                                   2.031
  -------------------------------------------------------------------------
  data required time                                                   2.031
  data arrival time                                                   -0.911
  -------------------------------------------------------------------------
  slack (MET)   1.12


=========================================================================
                   STQ_TOP — TIMING SUMMARY
=========================================================================

  Block        : STQ_TOP
  Corner       : ff_1p16v_1p16v_125c
  Check        : min  (Hot Hold        — Fast corner, high temp)
  Clock        : CLK_CORE  Period = 2 ns  (500 MHz)
  Technology   : SAED 32nm RVT

  ┌────────────────────────────────────────────────────────────────┐
  │ Sub-Unit      WNS (ns)  TNS (ns)  #Viol   WHS (ns)  #HViol  │
  ├────────────────────────────────────────────────────────────────┤
  │ u_stq_wr          1.12       0        0      0.083        0     │
  │ u_stq_rd          0.133       0        0      0.067        0     │
  │ u_stq_hd          0.061       0        0      0.108        0     │
  │ u_stq_tl          0.08       0        0      0.105        0     │
  ├────────────────────────────────────────────────────────────────┤
  │ STQ_TOP  1.12       0        0      0.083        0     │
  └────────────────────────────────────────────────────────────────┘

  Status : ALL PATHS CLEAN — No Setup or Hold Violations


=========================================================================
                   TIMING EXCEPTIONS APPLIED
=========================================================================

  set_false_path -from [get_ports SCAN_EN]      -to [all_registers]
  set_false_path -from [get_ports TEST_MODE]     -to [all_registers]
  set_multicycle_path 2 -setup -from [get_cells u_stq_wr/*] -to [get_cells u_stq_tl/*]
  set_multicycle_path 1 -hold  -from [get_cells u_stq_wr/*] -to [get_cells u_stq_tl/*]
  set_input_delay  0.400 -clock CLK_CORE -max [all_inputs]
  set_output_delay 0.350 -clock CLK_CORE -max [all_outputs]


=========================================================================
                   CLOCK DOMAIN SUMMARY
=========================================================================

  Clock    : CLK_CORE
  Period   : 2 ns
  Waveform : {0.000 1}
  Skew     : 0.017 ns  (max across STQ_TOP)
  Latency  : 0.161 ns  (max)


=========================================================================
                   CONSTRAINT COVERAGE
=========================================================================

  Total register endpoints   : 1334
  Constrained endpoints      : 3600
  Unconstrained endpoints    :      0
  Coverage                   :  100.0%


=========================================================================
                   TOOL / RUN INFORMATION
=========================================================================

  Tool         : Synopsys PrimeTime 2023.06-SP3
  Run Host     : sta-server-01
  Run Dir      : /proj/cpu_rtl/sta/MEMORY/STQ/run_ff_1p16v_1p16v_125c
  SDC File     : /proj/cpu_rtl/constraints/STQ_TOP.sdc
  Netlist      : /proj/cpu_rtl/netlist/STQ_TOP.v.gz
  SPEF File    : /proj/cpu_rtl/spef/STQ_TOP.spef.gz
  Liberty      : saed32nm_rvt_ff_1p16v_1p16v_125c.db
  Elapsed Time : 00:04:52
  Peak Memory  : 3.743 GB

=========================================================================
End of Report
=========================================================================
