****************************************
Report : timing
        -path_type full
        -delay_type max
        -max_paths 10
        -sort_by slack
Design : STQ_TOP
Version: PrimeTime 2023.06-SP3
Date   : Sat Aug 15 17:34:53 2026
Corner : tt_0p90v_0p90v_25c
Note   : Clock Gating Check — Nominal corner
****************************************

Operating Conditions : tt_0p90v_0p90v_25c (Library: saed32nm_rvt)
Wire Load Model Mode : Interconnect (StarRC Extracted)

  Startpoint : u_stq_wr/din_reg[0]
               (rising edge-triggered flip-flop clocked by CLK_CORE)
  Endpoint   : u_stq_tl/dout_reg[0]
               (rising edge-triggered flip-flop clocked by CLK_CORE)
  Path Group : CLK_CORE
  Path Type  : max

  Point                                                   Incr        Path
  -------------------------------------------------------------------------
  clock CLK_CORE (rise edge)                                  0.000       0.000
  clock network delay (propagated)                        0.142      0.142
  u_stq_wr/din_reg[0]/CK (DFFARX1_RVT)                        0.000       0.142 r
  u_stq_wr/din_reg[0]/Q  (DFFARX1_RVT)                        0.131       0.273 r
  u_stq_wr/U12/Y (INVX2_RVT)                                  0.061       0.334 f
  u_stq_wr/U34/Y (NAND2X1_RVT)                                0.077       0.411 r
  u_stq_rd/U07/Y (AOI22X1_RVT)                                0.072       0.483 f
  u_stq_rd/U19/Y (OAI21X1_RVT)                                0.104       0.587 r
  u_stq_hd/U03/Y (MUX21X1_RVT)                                0.092       0.679 r
  u_stq_hd/U11/Y (AND2X1_RVT)                                 0.046       0.725 f
  u_stq_hd/U22/Y (NOR2X1_RVT)                                 0.059       0.784 r
  u_stq_tl/U05/Y (BUFX4_RVT)                                  0.059       0.843 r
  u_stq_tl/dout_reg[0]/D (DFFARX1_RVT)                        0.07      0.913 f
  data arrival time                                                    0.913

  clock CLK_CORE (rise edge)                                  2     2
  clock network delay (propagated)                        0.142      2.142
  clock uncertainty                                      -0.05   2.092
  u_stq_tl/dout_reg[0]/CK (DFFARX1_RVT)                       0.000       2.092 r
  library setup time                                     -0.083   2.009
  data required time                                                   2.009
  -------------------------------------------------------------------------
  data required time                                                   2.009
  data arrival time                                                   -0.913
  -------------------------------------------------------------------------
  slack (MET)   1.096


=========================================================================
                   STQ_TOP — TIMING SUMMARY
=========================================================================

  Block        : STQ_TOP
  Corner       : tt_0p90v_0p90v_25c
  Check        : max  (Clock Gating Check — Nominal corner)
  Clock        : CLK_CORE  Period = 2 ns  (500 MHz)
  Technology   : SAED 32nm RVT

  ┌────────────────────────────────────────────────────────────────┐
  │ Sub-Unit      WNS (ns)  TNS (ns)  #Viol   WHS (ns)  #HViol  │
  ├────────────────────────────────────────────────────────────────┤
  │ u_stq_wr          1.096       0        0      0.067        0     │
  │ u_stq_rd          0.124       0        0      0.123        0     │
  │ u_stq_hd          0.078       0        0      0.126        0     │
  │ u_stq_tl          0.076       0        0      0.098        0     │
  ├────────────────────────────────────────────────────────────────┤
  │ STQ_TOP  1.096       0        0      0.067        0     │
  └────────────────────────────────────────────────────────────────┘

  Status : ALL PATHS CLEAN — No Setup or Hold Violations


=========================================================================
                   TIMING EXCEPTIONS APPLIED
=========================================================================

  set_false_path -from [get_ports SCAN_EN]      -to [all_registers]
  set_false_path -from [get_ports TEST_MODE]     -to [all_registers]
  set_multicycle_path 2 -setup -from [get_cells u_stq_wr/*] -to [get_cells u_stq_tl/*]
  set_multicycle_path 1 -hold  -from [get_cells u_stq_wr/*] -to [get_cells u_stq_tl/*]
  set_input_delay  0.400 -clock CLK_CORE -max [all_inputs]
  set_output_delay 0.350 -clock CLK_CORE -max [all_outputs]


=========================================================================
                   CLOCK DOMAIN SUMMARY
=========================================================================

  Clock    : CLK_CORE
  Period   : 2 ns
  Waveform : {0.000 1}
  Skew     : 0.019 ns  (max across STQ_TOP)
  Latency  : 0.142 ns  (max)


=========================================================================
                   CONSTRAINT COVERAGE
=========================================================================

  Total register endpoints   : 2603
  Constrained endpoints      : 3418
  Unconstrained endpoints    :      0
  Coverage                   :  100.0%


=========================================================================
                   TOOL / RUN INFORMATION
=========================================================================

  Tool         : Synopsys PrimeTime 2023.06-SP3
  Run Host     : sta-server-01
  Run Dir      : /proj/cpu_rtl/sta/MEMORY/STQ/run_tt_0p90v_0p90v_25c
  SDC File     : /proj/cpu_rtl/constraints/STQ_TOP.sdc
  Netlist      : /proj/cpu_rtl/netlist/STQ_TOP.v.gz
  SPEF File    : /proj/cpu_rtl/spef/STQ_TOP.spef.gz
  Liberty      : saed32nm_rvt_tt_0p90v_0p90v_25c.db
  Elapsed Time : 00:06:16
  Peak Memory  : 1.379 GB

=========================================================================
End of Report
=========================================================================
