****************************************
Report : timing
        -path_type full
        -delay_type min
        -max_paths 10
        -sort_by slack
Design : STQ_TOP
Version: PrimeTime 2023.06-SP3
Date   : Sat Aug 15 18:20:45 2026
Corner : ss_0p72v_0p72v_125c
Note   : Hold check — Slow corner, hot
****************************************

Operating Conditions : ss_0p72v_0p72v_125c (Library: saed32nm_rvt)
Wire Load Model Mode : Interconnect (StarRC Extracted)

  Startpoint : u_stq_wr/din_reg[0]
               (rising edge-triggered flip-flop clocked by CLK_CORE)
  Endpoint   : u_stq_tl/dout_reg[0]
               (rising edge-triggered flip-flop clocked by CLK_CORE)
  Path Group : CLK_CORE
  Path Type  : min

  Point                                                   Incr        Path
  -------------------------------------------------------------------------
  clock CLK_CORE (rise edge)                                  0.000       0.000
  clock network delay (propagated)                        0.138      0.138
  u_stq_wr/din_reg[0]/CK (DFFARX1_RVT)                        0.000       0.138 r
  u_stq_wr/din_reg[0]/Q  (DFFARX1_RVT)                        0.134         0.272 r
  u_stq_wr/U12/Y (INVX2_RVT)                                  0.03         0.302 f
  u_stq_wr/U34/Y (NAND2X1_RVT)                                0.085         0.387 r
  u_stq_rd/U07/Y (AOI22X1_RVT)                                0.076         0.463 f
  u_stq_rd/U19/Y (OAI21X1_RVT)                                0.109         0.572 r
  u_stq_hd/U03/Y (MUX21X1_RVT)                                0.079         0.651 r
  u_stq_hd/U11/Y (AND2X1_RVT)                                 0.063         0.714 f
  u_stq_hd/U22/Y (NOR2X1_RVT)                                 0.045         0.759 r
  u_stq_tl/U05/Y (BUFX4_RVT)                                  0.057         0.816 r
  u_stq_tl/dout_reg[0]/D (DFFARX1_RVT)                        0.064        0.88 f
  data arrival time                                                    0.88

  clock CLK_CORE (rise edge)                                  2     2
  clock network delay (propagated)                        0.138      2.138
  clock uncertainty                                      -0.05   2.088
  u_stq_tl/dout_reg[0]/CK (DFFARX1_RVT)                       0.000       2.088 r
  library setup time                                     -0.081   2.007
  data required time                                                   2.007
  -------------------------------------------------------------------------
  data required time                                                   2.007
  data arrival time                                                   -0.88
  -------------------------------------------------------------------------
  slack (MET)      1.127


=========================================================================
                   STQ_TOP -- TIMING SUMMARY
=========================================================================

  Block        : STQ_TOP
  Corner       : ss_0p72v_0p72v_125c
  Check        : min  (Hold check — Slow corner, hot)
  Clock        : CLK_CORE  Period = 2 ns  (500 MHz)
  Technology   : SAED 32nm RVT

  +------------------------------------------------------------------+
  | Sub-Unit          WNS (ns)  TNS (ns)  #Viol   WHS (ns)  #HViol  |
  +------------------------------------------------------------------+
  | u_stq_wr          1.127       0.000       0      0.063        0     |
  | u_stq_rd          0.066       0.000       0      0.129        0     |
  | u_stq_hd          0.179       0.000       0      0.1        0     |
  | u_stq_tl          0.152       0.000       0      0.068        0     |
  +------------------------------------------------------------------+
  | STQ_TOP   1.127       0.000       0      0.063        0     |
  +------------------------------------------------------------------+

  Status : ALL PATHS CLEAN -- No Setup or Hold Violations


=========================================================================
                   TIMING EXCEPTIONS APPLIED
=========================================================================

  set_false_path -from [get_ports SCAN_EN]      -to [all_registers]
  set_false_path -from [get_ports TEST_MODE]     -to [all_registers]
  set_multicycle_path 2 -setup -from [get_cells u_stq_wr/*] -to [get_cells u_stq_tl/*]
  set_multicycle_path 1 -hold  -from [get_cells u_stq_wr/*] -to [get_cells u_stq_tl/*]
  set_input_delay  0.400 -clock CLK_CORE -max [all_inputs]
  set_output_delay 0.350 -clock CLK_CORE -max [all_outputs]


=========================================================================
                   CLOCK DOMAIN SUMMARY
=========================================================================

  Clock    : CLK_CORE
  Period   : 2 ns
  Waveform : {0.000 1}
  Skew     : 0.023 ns  (max across STQ_TOP)
  Latency  : 0.138 ns  (max)


=========================================================================
                   CONSTRAINT COVERAGE
=========================================================================

  Total register endpoints   : 2457
  Constrained endpoints      : 4486
  Unconstrained endpoints    :      0
  Coverage                   :  100.0%


=========================================================================
                   TOOL / RUN INFORMATION
=========================================================================

  Tool         : Synopsys PrimeTime 2023.06-SP3
  Run Host     : sta-server-01
  Run Dir      : /proj/cpu_rtl/sta/MEMORY/STQ/run_ss_0p72v_0p72v_125c
  SDC File     : /proj/cpu_rtl/constraints/STQ_TOP.sdc
  Netlist      : /proj/cpu_rtl/netlist/STQ_TOP.v.gz
  SPEF File    : /proj/cpu_rtl/spef/STQ_TOP.spef.gz
  Liberty      : saed32nm_rvt_ss_0p72v_0p72v_125c.db
  Elapsed Time : 00:04:36
  Peak Memory  : 1.347 GB

=========================================================================
End of Report
=========================================================================
