****************************************
Report : timing
        -path_type full
        -delay_type max
        -max_paths 10
        -sort_by slack
Design : STQ_TOP
Version: PrimeTime 2023.06-SP3
Date   : Sat Aug 15 18:20:45 2026
Corner : tt_0p90v_0p90v_25c
Note   : Setup post-ECO sign-off — Nominal corner
****************************************

Operating Conditions : tt_0p90v_0p90v_25c (Library: saed32nm_rvt)
Wire Load Model Mode : Interconnect (StarRC Extracted)

  Startpoint : u_stq_wr/din_reg[0]
               (rising edge-triggered flip-flop clocked by CLK_CORE)
  Endpoint   : u_stq_tl/dout_reg[0]
               (rising edge-triggered flip-flop clocked by CLK_CORE)
  Path Group : CLK_CORE
  Path Type  : max

  Point                                                   Incr        Path
  -------------------------------------------------------------------------
  clock CLK_CORE (rise edge)                                  0.000       0.000
  clock network delay (propagated)                        0.146      0.146
  u_stq_wr/din_reg[0]/CK (DFFARX1_RVT)                        0.000       0.146 r
  u_stq_wr/din_reg[0]/Q  (DFFARX1_RVT)                        0.111         0.257 r
  u_stq_wr/U12/Y (INVX2_RVT)                                  0.043         0.3 f
  u_stq_wr/U34/Y (NAND2X1_RVT)                                0.092         0.392 r
  u_stq_rd/U07/Y (AOI22X1_RVT)                                0.073         0.465 f
  u_stq_rd/U19/Y (OAI21X1_RVT)                                0.103         0.568 r
  u_stq_hd/U03/Y (MUX21X1_RVT)                                0.096         0.664 r
  u_stq_hd/U11/Y (AND2X1_RVT)                                 0.08         0.744 f
  u_stq_hd/U22/Y (NOR2X1_RVT)                                 0.062         0.806 r
  u_stq_tl/U05/Y (BUFX4_RVT)                                  0.068         0.874 r
  u_stq_tl/dout_reg[0]/D (DFFARX1_RVT)                        0.06        0.934 f
  data arrival time                                                    0.934

  clock CLK_CORE (rise edge)                                  2     2
  clock network delay (propagated)                        0.146      2.146
  clock uncertainty                                      -0.05   2.096
  u_stq_tl/dout_reg[0]/CK (DFFARX1_RVT)                       0.000       2.096 r
  library setup time                                     -0.071   2.025
  data required time                                                   2.025
  -------------------------------------------------------------------------
  data required time                                                   2.025
  data arrival time                                                   -0.934
  -------------------------------------------------------------------------
  slack (MET)      1.091


=========================================================================
                   STQ_TOP -- TIMING SUMMARY
=========================================================================

  Block        : STQ_TOP
  Corner       : tt_0p90v_0p90v_25c
  Check        : max  (Setup post-ECO sign-off — Nominal corner)
  Clock        : CLK_CORE  Period = 2 ns  (500 MHz)
  Technology   : SAED 32nm RVT

  +------------------------------------------------------------------+
  | Sub-Unit          WNS (ns)  TNS (ns)  #Viol   WHS (ns)  #HViol  |
  +------------------------------------------------------------------+
  | u_stq_wr          1.091       0.000       0      0.081        0     |
  | u_stq_rd          0.162       0.000       0      0.043        0     |
  | u_stq_hd          0.051       0.000       0      0.086        0     |
  | u_stq_tl          0.158       0.000       0      0.099        0     |
  +------------------------------------------------------------------+
  | STQ_TOP   1.091       0.000       0      0.081        0     |
  +------------------------------------------------------------------+

  Status : ALL PATHS CLEAN -- No Setup or Hold Violations


=========================================================================
                   TIMING EXCEPTIONS APPLIED
=========================================================================

  set_false_path -from [get_ports SCAN_EN]      -to [all_registers]
  set_false_path -from [get_ports TEST_MODE]     -to [all_registers]
  set_multicycle_path 2 -setup -from [get_cells u_stq_wr/*] -to [get_cells u_stq_tl/*]
  set_multicycle_path 1 -hold  -from [get_cells u_stq_wr/*] -to [get_cells u_stq_tl/*]
  set_input_delay  0.400 -clock CLK_CORE -max [all_inputs]
  set_output_delay 0.350 -clock CLK_CORE -max [all_outputs]


=========================================================================
                   CLOCK DOMAIN SUMMARY
=========================================================================

  Clock    : CLK_CORE
  Period   : 2 ns
  Waveform : {0.000 1}
  Skew     : 0.02 ns  (max across STQ_TOP)
  Latency  : 0.146 ns  (max)


=========================================================================
                   CONSTRAINT COVERAGE
=========================================================================

  Total register endpoints   : 4284
  Constrained endpoints      : 6420
  Unconstrained endpoints    :      0
  Coverage                   :  100.0%


=========================================================================
                   TOOL / RUN INFORMATION
=========================================================================

  Tool         : Synopsys PrimeTime 2023.06-SP3
  Run Host     : sta-server-01
  Run Dir      : /proj/cpu_rtl/sta/MEMORY/STQ/run_tt_0p90v_0p90v_25c
  SDC File     : /proj/cpu_rtl/constraints/STQ_TOP.sdc
  Netlist      : /proj/cpu_rtl/netlist/STQ_TOP.v.gz
  SPEF File    : /proj/cpu_rtl/spef/STQ_TOP.spef.gz
  Liberty      : saed32nm_rvt_tt_0p90v_0p90v_25c.db
  Elapsed Time : 00:05:28
  Peak Memory  : 2.825 GB

=========================================================================
End of Report
=========================================================================
