****************************************
Report : timing
        -path_type full
        -delay_type max
        -max_paths 10
        -sort_by slack
Design : STQ_TOP
Version: PrimeTime 2023.06-SP3
Date   : Sat Aug 15 18:20:45 2026
Corner : ss_0p72v_0p72v_125c
Note   : Setup with Signal Integrity (crosstalk) — Worst corner
****************************************

Operating Conditions : ss_0p72v_0p72v_125c (Library: saed32nm_rvt)
Wire Load Model Mode : Interconnect (StarRC Extracted)

  Startpoint : u_stq_wr/din_reg[0]
               (rising edge-triggered flip-flop clocked by CLK_CORE)
  Endpoint   : u_stq_tl/dout_reg[0]
               (rising edge-triggered flip-flop clocked by CLK_CORE)
  Path Group : CLK_CORE
  Path Type  : max

  Point                                                   Incr        Path
  -------------------------------------------------------------------------
  clock CLK_CORE (rise edge)                                  0.000       0.000
  clock network delay (propagated)                        0.151      0.151
  u_stq_wr/din_reg[0]/CK (DFFARX1_RVT)                        0.000       0.151 r
  u_stq_wr/din_reg[0]/Q  (DFFARX1_RVT)                        0.141         0.292 r
  u_stq_wr/U12/Y (INVX2_RVT)                                  0.065         0.357 f
  u_stq_wr/U34/Y (NAND2X1_RVT)                                0.084         0.441 r
  u_stq_rd/U07/Y (AOI22X1_RVT)                                0.088         0.529 f
  u_stq_rd/U19/Y (OAI21X1_RVT)                                0.112         0.641 r
  u_stq_hd/U03/Y (MUX21X1_RVT)                                0.1         0.741 r
  u_stq_hd/U11/Y (AND2X1_RVT)                                 0.064         0.805 f
  u_stq_hd/U22/Y (NOR2X1_RVT)                                 0.067         0.872 r
  u_stq_tl/U05/Y (BUFX4_RVT)                                  0.067         0.939 r
  u_stq_tl/dout_reg[0]/D (DFFARX1_RVT)                        0.072        1.011 f
  data arrival time                                                    1.011

  clock CLK_CORE (rise edge)                                  2     2
  clock network delay (propagated)                        0.151      2.151
  clock uncertainty                                      -0.05   2.101
  u_stq_tl/dout_reg[0]/CK (DFFARX1_RVT)                       0.000       2.101 r
  library setup time                                     -0.08   2.021
  data required time                                                   2.021
  -------------------------------------------------------------------------
  data required time                                                   2.021
  data arrival time                                                   -1.011
  -------------------------------------------------------------------------
  slack (MET)      1.01


=========================================================================
                   STQ_TOP -- TIMING SUMMARY
=========================================================================

  Block        : STQ_TOP
  Corner       : ss_0p72v_0p72v_125c
  Check        : max  (Setup with Signal Integrity (crosstalk) — Worst corner)
  Clock        : CLK_CORE  Period = 2 ns  (500 MHz)
  Technology   : SAED 32nm RVT

  +------------------------------------------------------------------+
  | Sub-Unit          WNS (ns)  TNS (ns)  #Viol   WHS (ns)  #HViol  |
  +------------------------------------------------------------------+
  | u_stq_wr          1.01       0.000       0      0.103        0     |
  | u_stq_rd          0.204       0.000       0      0.106        0     |
  | u_stq_hd          0.214       0.000       0      0.054        0     |
  | u_stq_tl          0.127       0.000       0      0.072        0     |
  +------------------------------------------------------------------+
  | STQ_TOP   1.01       0.000       0      0.103        0     |
  +------------------------------------------------------------------+

  Status : ALL PATHS CLEAN -- No Setup or Hold Violations


=========================================================================
                   TIMING EXCEPTIONS APPLIED
=========================================================================

  set_false_path -from [get_ports SCAN_EN]      -to [all_registers]
  set_false_path -from [get_ports TEST_MODE]     -to [all_registers]
  set_multicycle_path 2 -setup -from [get_cells u_stq_wr/*] -to [get_cells u_stq_tl/*]
  set_multicycle_path 1 -hold  -from [get_cells u_stq_wr/*] -to [get_cells u_stq_tl/*]
  set_input_delay  0.400 -clock CLK_CORE -max [all_inputs]
  set_output_delay 0.350 -clock CLK_CORE -max [all_outputs]


=========================================================================
                   CLOCK DOMAIN SUMMARY
=========================================================================

  Clock    : CLK_CORE
  Period   : 2 ns
  Waveform : {0.000 1}
  Skew     : 0.028 ns  (max across STQ_TOP)
  Latency  : 0.151 ns  (max)


=========================================================================
                   CONSTRAINT COVERAGE
=========================================================================

  Total register endpoints   : 4765
  Constrained endpoints      : 6818
  Unconstrained endpoints    :      0
  Coverage                   :  100.0%


=========================================================================
                   TOOL / RUN INFORMATION
=========================================================================

  Tool         : Synopsys PrimeTime 2023.06-SP3
  Run Host     : sta-server-01
  Run Dir      : /proj/cpu_rtl/sta/MEMORY/STQ/run_ss_0p72v_0p72v_125c
  SDC File     : /proj/cpu_rtl/constraints/STQ_TOP.sdc
  Netlist      : /proj/cpu_rtl/netlist/STQ_TOP.v.gz
  SPEF File    : /proj/cpu_rtl/spef/STQ_TOP.spef.gz
  Liberty      : saed32nm_rvt_ss_0p72v_0p72v_125c.db
  Elapsed Time : 00:03:52
  Peak Memory  : 2.041 GB

=========================================================================
End of Report
=========================================================================
