****************************************
Report : timing
        -path_type full
        -delay_type max
        -max_paths 10
        -sort_by slack
Design : STQ_TOP
Version: PrimeTime 2023.06-SP3
Date   : Sat Aug 15 18:20:45 2026
Corner : tt_0p90v_0p90v_25c
Note   : Final tapeout sign-off setup — Nominal corner
****************************************

Operating Conditions : tt_0p90v_0p90v_25c (Library: saed32nm_rvt)
Wire Load Model Mode : Interconnect (StarRC Extracted)

  Startpoint : u_stq_wr/din_reg[0]
               (rising edge-triggered flip-flop clocked by CLK_CORE)
  Endpoint   : u_stq_tl/dout_reg[0]
               (rising edge-triggered flip-flop clocked by CLK_CORE)
  Path Group : CLK_CORE
  Path Type  : max

  Point                                                   Incr        Path
  -------------------------------------------------------------------------
  clock CLK_CORE (rise edge)                                  0.000       0.000
  clock network delay (propagated)                        0.158      0.158
  u_stq_wr/din_reg[0]/CK (DFFARX1_RVT)                        0.000       0.158 r
  u_stq_wr/din_reg[0]/Q  (DFFARX1_RVT)                        0.111         0.269 r
  u_stq_wr/U12/Y (INVX2_RVT)                                  0.048         0.317 f
  u_stq_wr/U34/Y (NAND2X1_RVT)                                0.074         0.391 r
  u_stq_rd/U07/Y (AOI22X1_RVT)                                0.084         0.475 f
  u_stq_rd/U19/Y (OAI21X1_RVT)                                0.083         0.558 r
  u_stq_hd/U03/Y (MUX21X1_RVT)                                0.087         0.645 r
  u_stq_hd/U11/Y (AND2X1_RVT)                                 0.085         0.73 f
  u_stq_hd/U22/Y (NOR2X1_RVT)                                 0.038         0.768 r
  u_stq_tl/U05/Y (BUFX4_RVT)                                  0.063         0.831 r
  u_stq_tl/dout_reg[0]/D (DFFARX1_RVT)                        0.076        0.907 f
  data arrival time                                                    0.907

  clock CLK_CORE (rise edge)                                  2     2
  clock network delay (propagated)                        0.158      2.158
  clock uncertainty                                      -0.05   2.108
  u_stq_tl/dout_reg[0]/CK (DFFARX1_RVT)                       0.000       2.108 r
  library setup time                                     -0.081   2.027
  data required time                                                   2.027
  -------------------------------------------------------------------------
  data required time                                                   2.027
  data arrival time                                                   -0.907
  -------------------------------------------------------------------------
  slack (MET)      1.12


=========================================================================
                   STQ_TOP -- TIMING SUMMARY
=========================================================================

  Block        : STQ_TOP
  Corner       : tt_0p90v_0p90v_25c
  Check        : max  (Final tapeout sign-off setup — Nominal corner)
  Clock        : CLK_CORE  Period = 2 ns  (500 MHz)
  Technology   : SAED 32nm RVT

  +------------------------------------------------------------------+
  | Sub-Unit          WNS (ns)  TNS (ns)  #Viol   WHS (ns)  #HViol  |
  +------------------------------------------------------------------+
  | u_stq_wr          1.12       0.000       0      0.093        0     |
  | u_stq_rd          0.116       0.000       0      0.057        0     |
  | u_stq_hd          0.161       0.000       0      0.045        0     |
  | u_stq_tl          0.233       0.000       0      0.117        0     |
  +------------------------------------------------------------------+
  | STQ_TOP   1.12       0.000       0      0.093        0     |
  +------------------------------------------------------------------+

  Status : ALL PATHS CLEAN -- No Setup or Hold Violations


=========================================================================
                   TIMING EXCEPTIONS APPLIED
=========================================================================

  set_false_path -from [get_ports SCAN_EN]      -to [all_registers]
  set_false_path -from [get_ports TEST_MODE]     -to [all_registers]
  set_multicycle_path 2 -setup -from [get_cells u_stq_wr/*] -to [get_cells u_stq_tl/*]
  set_multicycle_path 1 -hold  -from [get_cells u_stq_wr/*] -to [get_cells u_stq_tl/*]
  set_input_delay  0.400 -clock CLK_CORE -max [all_inputs]
  set_output_delay 0.350 -clock CLK_CORE -max [all_outputs]


=========================================================================
                   CLOCK DOMAIN SUMMARY
=========================================================================

  Clock    : CLK_CORE
  Period   : 2 ns
  Waveform : {0.000 1}
  Skew     : 0.02 ns  (max across STQ_TOP)
  Latency  : 0.158 ns  (max)


=========================================================================
                   CONSTRAINT COVERAGE
=========================================================================

  Total register endpoints   : 4919
  Constrained endpoints      : 4792
  Unconstrained endpoints    :      0
  Coverage                   :  100.0%


=========================================================================
                   TOOL / RUN INFORMATION
=========================================================================

  Tool         : Synopsys PrimeTime 2023.06-SP3
  Run Host     : sta-server-01
  Run Dir      : /proj/cpu_rtl/sta/MEMORY/STQ/run_tt_0p90v_0p90v_25c
  SDC File     : /proj/cpu_rtl/constraints/STQ_TOP.sdc
  Netlist      : /proj/cpu_rtl/netlist/STQ_TOP.v.gz
  SPEF File    : /proj/cpu_rtl/spef/STQ_TOP.spef.gz
  Liberty      : saed32nm_rvt_tt_0p90v_0p90v_25c.db
  Elapsed Time : 00:07:36
  Peak Memory  : 5.13 GB

=========================================================================
End of Report
=========================================================================
