================================================================================
  STA BLOCK DUMP LOG  —  STQ_TOP
================================================================================

  Block Directory : D:\Certificates\PD_STA_REPORTS\MEMORY\STQ
  Design          : STQ_TOP
  Parsed At       : 2026-08-15T19:15:03
  Total Reports   : 31


OWNERSHIP
----------------------------------------
  BLOCK TIMING OWNER           : User39  <user39@company.com>  [EMP-2039]
  TEAM LEAD                    : MTO_User6  <mto6@company.com>  [EMP-1006]
  RTL TEAM LEAD                : TeamLead6  <teamlead6@company.com>
  PD ENGINEER                  : PDEng6  <pdeng6@company.com>
  STA ENGINEER                 : STAEng6  <staeng6@company.com>
  CHIP STA LEAD                : STALead1  <stalead1@company.com>  [EMP-0004]

AGGREGATE SUMMARY
----------------------------------------
  Overall Status   : MET
  Worst WNS  (ns)  : 0.000
  Worst TNS  (ns)  : 0.000
  Worst WHS  (ns)  : 0.000
  Best  WNS  (ns)  : 1.186
  Total Violations : 0

BY CORNER
----------------------------------------
  Name                                              #       WNS       TNS       WHS  STATUS
  ─────────────────────────────────────────────  ────  ────────  ────────  ────────  ──────────
  N/A                                               1     0.000     0.000     0.000  MET
  ff_1p16v_1p16v_125c                               2     1.042     0.000     0.000  MET
  ff_1p16v_1p16v_n40c                               5     1.072     0.000     0.000  MET
  ff_1p32v_1p32v_n40c                               1     1.124     0.000     0.000  MET
  ss_0p63v_0p63v_125c                               1     1.100     0.000     0.120  MET
  ss_0p63v_0p63v_n40c                               1     1.089     0.000     0.000  MET
  ss_0p72v_0p72v_125c                               9     1.010     0.000     0.000  MET
  ss_0p72v_0p72v_n40c                               1     1.102     0.000     0.097  MET
  tt_0p90v_0p90v_25c                                8     1.070     0.000     0.000  MET
  tt_0p90v_0p90v_85c                                2     1.091     0.000     0.000  MET

BY CHECK TYPE
----------------------------------------
  Name                                              #       WNS       TNS       WHS  STATUS
  ─────────────────────────────────────────────  ────  ────────  ────────  ────────  ──────────
  N/A                                               1     0.000     0.000     0.000  MET
  hold                                             11     1.072     0.000     0.000  MET
  setup                                            19     1.010     0.000     0.000  MET

PER-REPORT DETAIL
----------------------------------------
  File     : 01_SETUP_SS_125C_STQ_TOP.rpt
  Design   : STQ_TOP               Corner : ss_0p72v_0p72v_125c
  Check    : setup       Clock  : CLK_CORE  Period = 2.0 ns  (500.0 MHz)
  WNS      :   +1.073 ns   TNS :   +0.000 ns   WHS :   +0.094 ns
  Slack    :   +1.073 ns   Status : MET
  Status   : ALL PATHS CLEAN — No Setup or Hold Violations
  Coverage : 100.0%   Endpoints : 3984 / 2120
  Tool     : Synopsys PrimeTime 2023.06-SP3
  Runtime  : 00:02:20         Memory : 4.305 GB
  Run Dir  : /proj/cpu_rtl/sta/MEMORY/STQ/run_ss_0p72v_0p72v_125c

  File     : 02_HOLD_FF_N40C_STQ_TOP.rpt
  Design   : STQ_TOP               Corner : ff_1p16v_1p16v_n40c
  Check    : hold        Clock  : CLK_CORE  Period = 2.0 ns  (500.0 MHz)
  WNS      :   +1.072 ns   TNS :   +0.000 ns   WHS :   +0.061 ns
  Slack    :   +1.072 ns   Status : MET
  Status   : ALL PATHS CLEAN — No Setup or Hold Violations
  Coverage : 100.0%   Endpoints : 3605 / 2154
  Tool     : Synopsys PrimeTime 2023.06-SP3
  Runtime  : 00:01:21         Memory : 3.498 GB
  Run Dir  : /proj/cpu_rtl/sta/MEMORY/STQ/run_ff_1p16v_1p16v_n40c

  File     : 03_SETUP_TT_25C_STQ_TOP.rpt
  Design   : STQ_TOP               Corner : tt_0p90v_0p90v_25c
  Check    : setup       Clock  : CLK_CORE  Period = 2.0 ns  (500.0 MHz)
  WNS      :   +1.115 ns   TNS :   +0.000 ns   WHS :   +0.097 ns
  Slack    :   +1.115 ns   Status : MET
  Status   : ALL PATHS CLEAN — No Setup or Hold Violations
  Coverage : 100.0%   Endpoints : 1462 / 845
  Tool     : Synopsys PrimeTime 2023.06-SP3
  Runtime  : 00:06:38         Memory : 4.363 GB
  Run Dir  : /proj/cpu_rtl/sta/MEMORY/STQ/run_tt_0p90v_0p90v_25c

  File     : 04_HOLD_TT_25C_STQ_TOP.rpt
  Design   : STQ_TOP               Corner : tt_0p90v_0p90v_25c
  Check    : hold        Clock  : CLK_CORE  Period = 2.0 ns  (500.0 MHz)
  WNS      :   +1.096 ns   TNS :   +0.000 ns   WHS :   +0.104 ns
  Slack    :   +1.096 ns   Status : MET
  Status   : ALL PATHS CLEAN — No Setup or Hold Violations
  Coverage : 100.0%   Endpoints : 2386 / 4861
  Tool     : Synopsys PrimeTime 2023.06-SP3
  Runtime  : 00:08:30         Memory : 4.554 GB
  Run Dir  : /proj/cpu_rtl/sta/MEMORY/STQ/run_tt_0p90v_0p90v_25c

  File     : 05_SETUP_SS_M40C_STQ_TOP.rpt
  Design   : STQ_TOP               Corner : ss_0p72v_0p72v_n40c
  Check    : setup       Clock  : CLK_CORE  Period = 2.0 ns  (500.0 MHz)
  WNS      :   +1.102 ns   TNS :   +0.000 ns   WHS :   +0.097 ns
  Slack    :   +1.102 ns   Status : MET
  Status   : ALL PATHS CLEAN — No Setup or Hold Violations
  Coverage : 100.0%   Endpoints : 5255 / 2633
  Tool     : Synopsys PrimeTime 2023.06-SP3
  Runtime  : 00:07:39         Memory : 2.531 GB
  Run Dir  : /proj/cpu_rtl/sta/MEMORY/STQ/run_ss_0p72v_0p72v_n40c

  File     : 06_HOLD_FF_125C_STQ_TOP.rpt
  Design   : STQ_TOP               Corner : ff_1p16v_1p16v_125c
  Check    : hold        Clock  : CLK_CORE  Period = 2.0 ns  (500.0 MHz)
  WNS      :   +1.120 ns   TNS :   +0.000 ns   WHS :   +0.083 ns
  Slack    :   +1.120 ns   Status : MET
  Status   : ALL PATHS CLEAN — No Setup or Hold Violations
  Coverage : 100.0%   Endpoints : 3600 / 1334
  Tool     : Synopsys PrimeTime 2023.06-SP3
  Runtime  : 00:04:52         Memory : 3.743 GB
  Run Dir  : /proj/cpu_rtl/sta/MEMORY/STQ/run_ff_1p16v_1p16v_125c

  File     : 07_SETUP_LVSS_125C_STQ_TOP.rpt
  Design   : STQ_TOP               Corner : ss_0p63v_0p63v_125c
  Check    : setup       Clock  : CLK_CORE  Period = 2.0 ns  (500.0 MHz)
  WNS      :   +1.100 ns   TNS :   +0.000 ns   WHS :   +0.120 ns
  Slack    :   +1.100 ns   Status : MET
  Status   : ALL PATHS CLEAN — No Setup or Hold Violations
  Coverage : 100.0%   Endpoints : 4118 / 1253
  Tool     : Synopsys PrimeTime 2023.06-SP3
  Runtime  : 00:03:18         Memory : 4.737 GB
  Run Dir  : /proj/cpu_rtl/sta/MEMORY/STQ/run_ss_0p63v_0p63v_125c

  File     : 08_CG_CHECK_TT_25C_STQ_TOP.rpt
  Design   : STQ_TOP               Corner : tt_0p90v_0p90v_25c
  Check    : setup       Clock  : CLK_CORE  Period = 2.0 ns  (500.0 MHz)
  WNS      :   +1.096 ns   TNS :   +0.000 ns   WHS :   +0.067 ns
  Slack    :   +1.096 ns   Status : MET
  Status   : ALL PATHS CLEAN — No Setup or Hold Violations
  Coverage : 100.0%   Endpoints : 3418 / 2603
  Tool     : Synopsys PrimeTime 2023.06-SP3
  Runtime  : 00:06:16         Memory : 1.379 GB
  Run Dir  : /proj/cpu_rtl/sta/MEMORY/STQ/run_tt_0p90v_0p90v_25c

  File     : 09_RECOVERY_SS_125C_STQ_TOP.rpt
  Design   : STQ_TOP               Corner : ss_0p72v_0p72v_125c
  Check    : setup       Clock  : CLK_CORE  Period = 2.0 ns  (500.0 MHz)
  WNS      :   +1.098 ns   TNS :   +0.000 ns   WHS :   +0.116 ns
  Slack    :   +1.098 ns   Status : MET
  Status   : ALL PATHS CLEAN — No Setup or Hold Violations
  Coverage : 100.0%   Endpoints : 5305 / 2175
  Tool     : Synopsys PrimeTime 2023.06-SP3
  Runtime  : 00:01:57         Memory : 1.972 GB
  Run Dir  : /proj/cpu_rtl/sta/MEMORY/STQ/run_ss_0p72v_0p72v_125c

  File     : 10_MULTICYCLE_TT_25C_STQ_TOP.rpt
  Design   : STQ_TOP               Corner : tt_0p90v_0p90v_25c
  Check    : setup       Clock  : CLK_CORE  Period = 2.0 ns  (500.0 MHz)
  WNS      :   +1.070 ns   TNS :   +0.000 ns   WHS :   +0.109 ns
  Slack    :   +1.070 ns   Status : MET
  Status   : ALL PATHS CLEAN — No Setup or Hold Violations
  Coverage : 100.0%   Endpoints : 1376 / 5039
  Tool     : Synopsys PrimeTime 2023.06-SP3
  Runtime  : 00:07:50         Memory : 3.09 GB
  Run Dir  : /proj/cpu_rtl/sta/MEMORY/STQ/run_tt_0p90v_0p90v_25c

  File     : 11_SETUP_SS_125C_OCV_STQ_TOP.rpt
  Design   : STQ_TOP               Corner : ss_0p72v_0p72v_125c
  Check    : setup       Clock  : CLK_CORE  Period = 2.0 ns  (500.0 MHz)
  WNS      :   +1.136 ns   TNS :   +0.000 ns   WHS :   +0.000 ns
  Slack    :   +1.136 ns   Status : MET
  Status   : ALL PATHS CLEAN -- No Setup or Hold Violations
  Coverage : 100.0%   Endpoints : 4014 / 3455
  Tool     : Synopsys PrimeTime 2023.06-SP3
  Runtime  : 00:05:27         Memory : 4.272 GB
  Run Dir  : /proj/cpu_rtl/sta/MEMORY/STQ/run_ss_0p72v_0p72v_125c

  File     : 12_HOLD_FF_N40C_OCV_STQ_TOP.rpt
  Design   : STQ_TOP               Corner : ff_1p16v_1p16v_n40c
  Check    : hold        Clock  : CLK_CORE  Period = 2.0 ns  (500.0 MHz)
  WNS      :   +1.121 ns   TNS :   +0.000 ns   WHS :   +0.000 ns
  Slack    :   +1.121 ns   Status : MET
  Status   : ALL PATHS CLEAN -- No Setup or Hold Violations
  Coverage : 100.0%   Endpoints : 2586 / 2934
  Tool     : Synopsys PrimeTime 2023.06-SP3
  Runtime  : 00:06:54         Memory : 4.568 GB
  Run Dir  : /proj/cpu_rtl/sta/MEMORY/STQ/run_ff_1p16v_1p16v_n40c

  File     : 13_SETUP_SS_125C_POCV_STQ_TOP.rpt
  Design   : STQ_TOP               Corner : ss_0p72v_0p72v_125c
  Check    : setup       Clock  : CLK_CORE  Period = 2.0 ns  (500.0 MHz)
  WNS      :   +1.123 ns   TNS :   +0.000 ns   WHS :   +0.000 ns
  Slack    :   +1.123 ns   Status : MET
  Status   : ALL PATHS CLEAN -- No Setup or Hold Violations
  Coverage : 100.0%   Endpoints : 3388 / 3712
  Tool     : Synopsys PrimeTime 2023.06-SP3
  Runtime  : 00:01:41         Memory : 1.911 GB
  Run Dir  : /proj/cpu_rtl/sta/MEMORY/STQ/run_ss_0p72v_0p72v_125c

  File     : 14_HOLD_FF_N40C_POCV_STQ_TOP.rpt
  Design   : STQ_TOP               Corner : ff_1p16v_1p16v_n40c
  Check    : hold        Clock  : CLK_CORE  Period = 2.0 ns  (500.0 MHz)
  WNS      :   +1.089 ns   TNS :   +0.000 ns   WHS :   +0.000 ns
  Slack    :   +1.089 ns   Status : MET
  Status   : ALL PATHS CLEAN -- No Setup or Hold Violations
  Coverage : 100.0%   Endpoints : 3192 / 3066
  Tool     : Synopsys PrimeTime 2023.06-SP3
  Runtime  : 00:01:19         Memory : 3.357 GB
  Run Dir  : /proj/cpu_rtl/sta/MEMORY/STQ/run_ff_1p16v_1p16v_n40c

  File     : 15_SETUP_TT_85C_STQ_TOP.rpt
  Design   : STQ_TOP               Corner : tt_0p90v_0p90v_85c
  Check    : setup       Clock  : CLK_CORE  Period = 2.0 ns  (500.0 MHz)
  WNS      :   +1.091 ns   TNS :   +0.000 ns   WHS :   +0.000 ns
  Slack    :   +1.091 ns   Status : MET
  Status   : ALL PATHS CLEAN -- No Setup or Hold Violations
  Coverage : 100.0%   Endpoints : 6658 / 2903
  Tool     : Synopsys PrimeTime 2023.06-SP3
  Runtime  : 00:03:19         Memory : 4.835 GB
  Run Dir  : /proj/cpu_rtl/sta/MEMORY/STQ/run_tt_0p90v_0p90v_85c

  File     : 16_HOLD_TT_85C_STQ_TOP.rpt
  Design   : STQ_TOP               Corner : tt_0p90v_0p90v_85c
  Check    : hold        Clock  : CLK_CORE  Period = 2.0 ns  (500.0 MHz)
  WNS      :   +1.099 ns   TNS :   +0.000 ns   WHS :   +0.000 ns
  Slack    :   +1.099 ns   Status : MET
  Status   : ALL PATHS CLEAN -- No Setup or Hold Violations
  Coverage : 100.0%   Endpoints : 2546 / 4416
  Tool     : Synopsys PrimeTime 2023.06-SP3
  Runtime  : 00:07:41         Memory : 3.354 GB
  Run Dir  : /proj/cpu_rtl/sta/MEMORY/STQ/run_tt_0p90v_0p90v_85c

  File     : 17_SETUP_FF_125C_STQ_TOP.rpt
  Design   : STQ_TOP               Corner : ff_1p16v_1p16v_125c
  Check    : setup       Clock  : CLK_CORE  Period = 2.0 ns  (500.0 MHz)
  WNS      :   +1.042 ns   TNS :   +0.000 ns   WHS :   +0.000 ns
  Slack    :   +1.042 ns   Status : MET
  Status   : ALL PATHS CLEAN -- No Setup or Hold Violations
  Coverage : 100.0%   Endpoints : 2457 / 5626
  Tool     : Synopsys PrimeTime 2023.06-SP3
  Runtime  : 00:01:33         Memory : 2.718 GB
  Run Dir  : /proj/cpu_rtl/sta/MEMORY/STQ/run_ff_1p16v_1p16v_125c

  File     : 18_HOLD_SS_125C_STQ_TOP.rpt
  Design   : STQ_TOP               Corner : ss_0p72v_0p72v_125c
  Check    : hold        Clock  : CLK_CORE  Period = 2.0 ns  (500.0 MHz)
  WNS      :   +1.127 ns   TNS :   +0.000 ns   WHS :   +0.000 ns
  Slack    :   +1.127 ns   Status : MET
  Status   : ALL PATHS CLEAN -- No Setup or Hold Violations
  Coverage : 100.0%   Endpoints : 4486 / 2457
  Tool     : Synopsys PrimeTime 2023.06-SP3
  Runtime  : 00:04:36         Memory : 1.347 GB
  Run Dir  : /proj/cpu_rtl/sta/MEMORY/STQ/run_ss_0p72v_0p72v_125c

  File     : 19_SETUP_LVSS_N40C_STQ_TOP.rpt
  Design   : STQ_TOP               Corner : ss_0p63v_0p63v_n40c
  Check    : setup       Clock  : CLK_CORE  Period = 2.0 ns  (500.0 MHz)
  WNS      :   +1.089 ns   TNS :   +0.000 ns   WHS :   +0.000 ns
  Slack    :   +1.089 ns   Status : MET
  Status   : ALL PATHS CLEAN -- No Setup or Hold Violations
  Coverage : 100.0%   Endpoints : 6125 / 6110
  Tool     : Synopsys PrimeTime 2023.06-SP3
  Runtime  : 00:05:54         Memory : 2.405 GB
  Run Dir  : /proj/cpu_rtl/sta/MEMORY/STQ/run_ss_0p63v_0p63v_n40c

  File     : 20_HOLD_LVFF_N40C_STQ_TOP.rpt
  Design   : STQ_TOP               Corner : ff_1p32v_1p32v_n40c
  Check    : hold        Clock  : CLK_CORE  Period = 2.0 ns  (500.0 MHz)
  WNS      :   +1.124 ns   TNS :   +0.000 ns   WHS :   +0.000 ns
  Slack    :   +1.124 ns   Status : MET
  Status   : ALL PATHS CLEAN -- No Setup or Hold Violations
  Coverage : 100.0%   Endpoints : 6139 / 1891
  Tool     : Synopsys PrimeTime 2023.06-SP3
  Runtime  : 00:02:14         Memory : 2.856 GB
  Run Dir  : /proj/cpu_rtl/sta/MEMORY/STQ/run_ff_1p32v_1p32v_n40c

  File     : 21_CG_CHECK_SS_125C_STQ_TOP.rpt
  Design   : STQ_TOP               Corner : ss_0p72v_0p72v_125c
  Check    : setup       Clock  : CLK_CORE  Period = 2.0 ns  (500.0 MHz)
  WNS      :   +1.079 ns   TNS :   +0.000 ns   WHS :   +0.000 ns
  Slack    :   +1.079 ns   Status : MET
  Status   : ALL PATHS CLEAN -- No Setup or Hold Violations
  Coverage : 100.0%   Endpoints : 5760 / 4594
  Tool     : Synopsys PrimeTime 2023.06-SP3
  Runtime  : 00:06:20         Memory : 5.135 GB
  Run Dir  : /proj/cpu_rtl/sta/MEMORY/STQ/run_ss_0p72v_0p72v_125c

  File     : 22_RECOVERY_TT_25C_STQ_TOP.rpt
  Design   : STQ_TOP               Corner : tt_0p90v_0p90v_25c
  Check    : setup       Clock  : CLK_CORE  Period = 2.0 ns  (500.0 MHz)
  WNS      :   +1.111 ns   TNS :   +0.000 ns   WHS :   +0.000 ns
  Slack    :   +1.111 ns   Status : MET
  Status   : ALL PATHS CLEAN -- No Setup or Hold Violations
  Coverage : 100.0%   Endpoints : 2401 / 5777
  Tool     : Synopsys PrimeTime 2023.06-SP3
  Runtime  : 00:02:55         Memory : 1.565 GB
  Run Dir  : /proj/cpu_rtl/sta/MEMORY/STQ/run_tt_0p90v_0p90v_25c

  File     : 23_MULTICYCLE_SS_125C_STQ_TOP.rpt
  Design   : STQ_TOP               Corner : ss_0p72v_0p72v_125c
  Check    : setup       Clock  : CLK_CORE  Period = 2.0 ns  (500.0 MHz)
  WNS      :   +1.088 ns   TNS :   +0.000 ns   WHS :   +0.000 ns
  Slack    :   +1.088 ns   Status : MET
  Status   : ALL PATHS CLEAN -- No Setup or Hold Violations
  Coverage : 100.0%   Endpoints : 4485 / 1428
  Tool     : Synopsys PrimeTime 2023.06-SP3
  Runtime  : 00:02:44         Memory : 4.703 GB
  Run Dir  : /proj/cpu_rtl/sta/MEMORY/STQ/run_ss_0p72v_0p72v_125c

  File     : 24_SETUP_TT_25C_ECO_STQ_TOP.rpt
  Design   : STQ_TOP               Corner : tt_0p90v_0p90v_25c
  Check    : setup       Clock  : CLK_CORE  Period = 2.0 ns  (500.0 MHz)
  WNS      :   +1.091 ns   TNS :   +0.000 ns   WHS :   +0.000 ns
  Slack    :   +1.091 ns   Status : MET
  Status   : ALL PATHS CLEAN -- No Setup or Hold Violations
  Coverage : 100.0%   Endpoints : 6420 / 4284
  Tool     : Synopsys PrimeTime 2023.06-SP3
  Runtime  : 00:05:28         Memory : 2.825 GB
  Run Dir  : /proj/cpu_rtl/sta/MEMORY/STQ/run_tt_0p90v_0p90v_25c

  File     : 25_HOLD_TT_25C_ECO_STQ_TOP.rpt
  Design   : STQ_TOP               Corner : tt_0p90v_0p90v_25c
  Check    : hold        Clock  : CLK_CORE  Period = 2.0 ns  (500.0 MHz)
  WNS      :   +1.135 ns   TNS :   +0.000 ns   WHS :   +0.000 ns
  Slack    :   +1.135 ns   Status : MET
  Status   : ALL PATHS CLEAN -- No Setup or Hold Violations
  Coverage : 100.0%   Endpoints : 1386 / 3068
  Tool     : Synopsys PrimeTime 2023.06-SP3
  Runtime  : 00:05:25         Memory : 2.879 GB
  Run Dir  : /proj/cpu_rtl/sta/MEMORY/STQ/run_tt_0p90v_0p90v_25c

  File     : 26_SETUP_SS_125C_SI_STQ_TOP.rpt
  Design   : STQ_TOP               Corner : ss_0p72v_0p72v_125c
  Check    : setup       Clock  : CLK_CORE  Period = 2.0 ns  (500.0 MHz)
  WNS      :   +1.010 ns   TNS :   +0.000 ns   WHS :   +0.000 ns
  Slack    :   +1.010 ns   Status : MET
  Status   : ALL PATHS CLEAN -- No Setup or Hold Violations
  Coverage : 100.0%   Endpoints : 6818 / 4765
  Tool     : Synopsys PrimeTime 2023.06-SP3
  Runtime  : 00:03:52         Memory : 2.041 GB
  Run Dir  : /proj/cpu_rtl/sta/MEMORY/STQ/run_ss_0p72v_0p72v_125c

  File     : 27_HOLD_FF_N40C_SI_STQ_TOP.rpt
  Design   : STQ_TOP               Corner : ff_1p16v_1p16v_n40c
  Check    : hold        Clock  : CLK_CORE  Period = 2.0 ns  (500.0 MHz)
  WNS      :   +1.186 ns   TNS :   +0.000 ns   WHS :   +0.000 ns
  Slack    :   +1.186 ns   Status : MET
  Status   : ALL PATHS CLEAN -- No Setup or Hold Violations
  Coverage : 100.0%   Endpoints : 4696 / 3040
  Tool     : Synopsys PrimeTime 2023.06-SP3
  Runtime  : 00:08:58         Memory : 3.031 GB
  Run Dir  : /proj/cpu_rtl/sta/MEMORY/STQ/run_ff_1p16v_1p16v_n40c

  File     : 28_SETUP_SS_125C_FINAL_STQ_TOP.rpt
  Design   : STQ_TOP               Corner : ss_0p72v_0p72v_125c
  Check    : setup       Clock  : CLK_CORE  Period = 2.0 ns  (500.0 MHz)
  WNS      :   +1.112 ns   TNS :   +0.000 ns   WHS :   +0.000 ns
  Slack    :   +1.112 ns   Status : MET
  Status   : ALL PATHS CLEAN -- No Setup or Hold Violations
  Coverage : 100.0%   Endpoints : 1585 / 1047
  Tool     : Synopsys PrimeTime 2023.06-SP3
  Runtime  : 00:04:37         Memory : 1.386 GB
  Run Dir  : /proj/cpu_rtl/sta/MEMORY/STQ/run_ss_0p72v_0p72v_125c

  File     : 29_HOLD_FF_N40C_FINAL_STQ_TOP.rpt
  Design   : STQ_TOP               Corner : ff_1p16v_1p16v_n40c
  Check    : hold        Clock  : CLK_CORE  Period = 2.0 ns  (500.0 MHz)
  WNS      :   +1.082 ns   TNS :   +0.000 ns   WHS :   +0.000 ns
  Slack    :   +1.082 ns   Status : MET
  Status   : ALL PATHS CLEAN -- No Setup or Hold Violations
  Coverage : 100.0%   Endpoints : 6551 / 6993
  Tool     : Synopsys PrimeTime 2023.06-SP3
  Runtime  : 00:05:11         Memory : 2.859 GB
  Run Dir  : /proj/cpu_rtl/sta/MEMORY/STQ/run_ff_1p16v_1p16v_n40c

  File     : 30_SETUP_TT_25C_FINAL_STQ_TOP.rpt
  Design   : STQ_TOP               Corner : tt_0p90v_0p90v_25c
  Check    : setup       Clock  : CLK_CORE  Period = 2.0 ns  (500.0 MHz)
  WNS      :   +1.120 ns   TNS :   +0.000 ns   WHS :   +0.000 ns
  Slack    :   +1.120 ns   Status : MET
  Status   : ALL PATHS CLEAN -- No Setup or Hold Violations
  Coverage : 100.0%   Endpoints : 4792 / 4919
  Tool     : Synopsys PrimeTime 2023.06-SP3
  Runtime  : 00:07:36         Memory : 5.13 GB
  Run Dir  : /proj/cpu_rtl/sta/MEMORY/STQ/run_tt_0p90v_0p90v_25c

  File     : STQ_TIMING.rpt
  Design   : N/A                   Corner : N/A
  Check    : N/A         Clock  : N/A  Period = 0.0 ns  (0.0 MHz)
  WNS      :   +0.000 ns   TNS :   +0.000 ns   WHS :   +0.000 ns
  Slack    :   +0.000 ns   Status : UNKNOWN
  Status   : N/A
  Coverage : 0.0%   Endpoints : 0 / 0
  Tool     : N/A
  Runtime  : N/A              Memory : N/A
  Run Dir  : N/A


================================================================================
END OF BLOCK DUMP LOG
================================================================================