****************************************
Report : timing
        -path_type full
        -delay_type min
        -max_paths 10
        -sort_by slack
Design : BIU_TOP
Version: PrimeTime 2023.06-SP3
Date   : Sat Aug 15 17:34:54 2026
Corner : ff_1p16v_1p16v_125c
Note   : Hot Hold        — Fast corner, high temp
****************************************

Operating Conditions : ff_1p16v_1p16v_125c (Library: saed32nm_rvt)
Wire Load Model Mode : Interconnect (StarRC Extracted)

  Startpoint : u_biu_req/din_reg[0]
               (rising edge-triggered flip-flop clocked by CLK_UNCORE)
  Endpoint   : u_biu_buf/dout_reg[0]
               (rising edge-triggered flip-flop clocked by CLK_UNCORE)
  Path Group : CLK_UNCORE
  Path Type  : min

  Point                                                   Incr        Path
  -------------------------------------------------------------------------
  clock CLK_UNCORE (rise edge)                                  0.000       0.000
  clock network delay (propagated)                        0.16      0.16
  u_biu_req/din_reg[0]/CK (DFFARX1_RVT)                        0.000       0.16 r
  u_biu_req/din_reg[0]/Q  (DFFARX1_RVT)                        0.114       0.274 r
  u_biu_req/U12/Y (INVX2_RVT)                                  0.056       0.33 f
  u_biu_req/U34/Y (NAND2X1_RVT)                                0.09       0.42 r
  u_biu_rsp/U07/Y (AOI22X1_RVT)                                0.09       0.51 f
  u_biu_rsp/U19/Y (OAI21X1_RVT)                                0.093       0.603 r
  u_biu_arb/U03/Y (MUX21X1_RVT)                                0.066       0.669 r
  u_biu_arb/U11/Y (AND2X1_RVT)                                 0.059       0.728 f
  u_biu_arb/U22/Y (NOR2X1_RVT)                                 0.046       0.774 r
  u_biu_buf/U05/Y (BUFX4_RVT)                                  0.057       0.831 r
  u_biu_buf/dout_reg[0]/D (DFFARX1_RVT)                        0.058      0.889 f
  data arrival time                                                    0.889

  clock CLK_UNCORE (rise edge)                                  3.333     3.333
  clock network delay (propagated)                        0.16      3.493
  clock uncertainty                                      -0.05   3.443
  u_biu_buf/dout_reg[0]/CK (DFFARX1_RVT)                       0.000       3.443 r
  library setup time                                     -0.072   3.371
  data required time                                                   3.371
  -------------------------------------------------------------------------
  data required time                                                   3.371
  data arrival time                                                   -0.889
  -------------------------------------------------------------------------
  slack (MET)   2.482


=========================================================================
                   BIU_TOP — TIMING SUMMARY
=========================================================================

  Block        : BIU_TOP
  Corner       : ff_1p16v_1p16v_125c
  Check        : min  (Hot Hold        — Fast corner, high temp)
  Clock        : CLK_UNCORE  Period = 3.333 ns  (300 MHz)
  Technology   : SAED 32nm RVT

  ┌────────────────────────────────────────────────────────────────┐
  │ Sub-Unit      WNS (ns)  TNS (ns)  #Viol   WHS (ns)  #HViol  │
  ├────────────────────────────────────────────────────────────────┤
  │ u_biu_req          2.482       0        0      0.085        0     │
  │ u_biu_rsp          0.193       0        0      0.096        0     │
  │ u_biu_arb          0.129       0        0      0.111        0     │
  │ u_biu_buf          0.179       0        0      0.082        0     │
  ├────────────────────────────────────────────────────────────────┤
  │ BIU_TOP  2.482       0        0      0.085        0     │
  └────────────────────────────────────────────────────────────────┘

  Status : ALL PATHS CLEAN — No Setup or Hold Violations


=========================================================================
                   TIMING EXCEPTIONS APPLIED
=========================================================================

  set_false_path -from [get_ports SCAN_EN]      -to [all_registers]
  set_false_path -from [get_ports TEST_MODE]     -to [all_registers]
  set_multicycle_path 2 -setup -from [get_cells u_biu_req/*] -to [get_cells u_biu_buf/*]
  set_multicycle_path 1 -hold  -from [get_cells u_biu_req/*] -to [get_cells u_biu_buf/*]
  set_input_delay  0.400 -clock CLK_UNCORE -max [all_inputs]
  set_output_delay 0.350 -clock CLK_UNCORE -max [all_outputs]


=========================================================================
                   CLOCK DOMAIN SUMMARY
=========================================================================

  Clock    : CLK_UNCORE
  Period   : 3.333 ns
  Waveform : {0.000 1.666}
  Skew     : 0.022 ns  (max across BIU_TOP)
  Latency  : 0.16 ns  (max)


=========================================================================
                   CONSTRAINT COVERAGE
=========================================================================

  Total register endpoints   : 4833
  Constrained endpoints      : 1086
  Unconstrained endpoints    :      0
  Coverage                   :  100.0%


=========================================================================
                   TOOL / RUN INFORMATION
=========================================================================

  Tool         : Synopsys PrimeTime 2023.06-SP3
  Run Host     : sta-server-01
  Run Dir      : /proj/cpu_rtl/sta/UNCORE/BIU/run_ff_1p16v_1p16v_125c
  SDC File     : /proj/cpu_rtl/constraints/BIU_TOP.sdc
  Netlist      : /proj/cpu_rtl/netlist/BIU_TOP.v.gz
  SPEF File    : /proj/cpu_rtl/spef/BIU_TOP.spef.gz
  Liberty      : saed32nm_rvt_ff_1p16v_1p16v_125c.db
  Elapsed Time : 00:01:45
  Peak Memory  : 2.685 GB

=========================================================================
End of Report
=========================================================================
