****************************************
Report : timing
        -path_type full
        -delay_type min
        -max_paths 10
        -sort_by slack
Design : BIU_TOP
Version: PrimeTime 2023.06-SP3
Date   : Sat Aug 15 18:20:45 2026
Corner : ss_0p72v_0p72v_125c
Note   : Hold check — Slow corner, hot
****************************************

Operating Conditions : ss_0p72v_0p72v_125c (Library: saed32nm_rvt)
Wire Load Model Mode : Interconnect (StarRC Extracted)

  Startpoint : u_biu_req/din_reg[0]
               (rising edge-triggered flip-flop clocked by CLK_UNCORE)
  Endpoint   : u_biu_buf/dout_reg[0]
               (rising edge-triggered flip-flop clocked by CLK_UNCORE)
  Path Group : CLK_UNCORE
  Path Type  : min

  Point                                                   Incr        Path
  -------------------------------------------------------------------------
  clock CLK_UNCORE (rise edge)                                  0.000       0.000
  clock network delay (propagated)                        0.16      0.16
  u_biu_req/din_reg[0]/CK (DFFARX1_RVT)                        0.000       0.16 r
  u_biu_req/din_reg[0]/Q  (DFFARX1_RVT)                        0.135         0.295 r
  u_biu_req/U12/Y (INVX2_RVT)                                  0.043         0.338 f
  u_biu_req/U34/Y (NAND2X1_RVT)                                0.089         0.427 r
  u_biu_rsp/U07/Y (AOI22X1_RVT)                                0.081         0.508 f
  u_biu_rsp/U19/Y (OAI21X1_RVT)                                0.098         0.606 r
  u_biu_arb/U03/Y (MUX21X1_RVT)                                0.1         0.706 r
  u_biu_arb/U11/Y (AND2X1_RVT)                                 0.047         0.753 f
  u_biu_arb/U22/Y (NOR2X1_RVT)                                 0.07         0.823 r
  u_biu_buf/U05/Y (BUFX4_RVT)                                  0.06         0.883 r
  u_biu_buf/dout_reg[0]/D (DFFARX1_RVT)                        0.063        0.946 f
  data arrival time                                                    0.946

  clock CLK_UNCORE (rise edge)                                  3.333     3.333
  clock network delay (propagated)                        0.16      3.493
  clock uncertainty                                      -0.05   3.443
  u_biu_buf/dout_reg[0]/CK (DFFARX1_RVT)                       0.000       3.443 r
  library setup time                                     -0.085   3.358
  data required time                                                   3.358
  -------------------------------------------------------------------------
  data required time                                                   3.358
  data arrival time                                                   -0.946
  -------------------------------------------------------------------------
  slack (MET)      2.412


=========================================================================
                   BIU_TOP -- TIMING SUMMARY
=========================================================================

  Block        : BIU_TOP
  Corner       : ss_0p72v_0p72v_125c
  Check        : min  (Hold check — Slow corner, hot)
  Clock        : CLK_UNCORE  Period = 3.333 ns  (300 MHz)
  Technology   : SAED 32nm RVT

  +------------------------------------------------------------------+
  | Sub-Unit          WNS (ns)  TNS (ns)  #Viol   WHS (ns)  #HViol  |
  +------------------------------------------------------------------+
  | u_biu_req          2.412       0.000       0      0.057        0     |
  | u_biu_rsp          0.232       0.000       0      0.11        0     |
  | u_biu_arb          0.23       0.000       0      0.043        0     |
  | u_biu_buf          0.151       0.000       0      0.066        0     |
  +------------------------------------------------------------------+
  | BIU_TOP   2.412       0.000       0      0.057        0     |
  +------------------------------------------------------------------+

  Status : ALL PATHS CLEAN -- No Setup or Hold Violations


=========================================================================
                   TIMING EXCEPTIONS APPLIED
=========================================================================

  set_false_path -from [get_ports SCAN_EN]      -to [all_registers]
  set_false_path -from [get_ports TEST_MODE]     -to [all_registers]
  set_multicycle_path 2 -setup -from [get_cells u_biu_req/*] -to [get_cells u_biu_buf/*]
  set_multicycle_path 1 -hold  -from [get_cells u_biu_req/*] -to [get_cells u_biu_buf/*]
  set_input_delay  0.400 -clock CLK_UNCORE -max [all_inputs]
  set_output_delay 0.350 -clock CLK_UNCORE -max [all_outputs]


=========================================================================
                   CLOCK DOMAIN SUMMARY
=========================================================================

  Clock    : CLK_UNCORE
  Period   : 3.333 ns
  Waveform : {0.000 1.666}
  Skew     : 0.028 ns  (max across BIU_TOP)
  Latency  : 0.16 ns  (max)


=========================================================================
                   CONSTRAINT COVERAGE
=========================================================================

  Total register endpoints   : 2472
  Constrained endpoints      : 3208
  Unconstrained endpoints    :      0
  Coverage                   :  100.0%


=========================================================================
                   TOOL / RUN INFORMATION
=========================================================================

  Tool         : Synopsys PrimeTime 2023.06-SP3
  Run Host     : sta-server-01
  Run Dir      : /proj/cpu_rtl/sta/UNCORE/BIU/run_ss_0p72v_0p72v_125c
  SDC File     : /proj/cpu_rtl/constraints/BIU_TOP.sdc
  Netlist      : /proj/cpu_rtl/netlist/BIU_TOP.v.gz
  SPEF File    : /proj/cpu_rtl/spef/BIU_TOP.spef.gz
  Liberty      : saed32nm_rvt_ss_0p72v_0p72v_125c.db
  Elapsed Time : 00:06:38
  Peak Memory  : 1.826 GB

=========================================================================
End of Report
=========================================================================
