****************************************
Report : timing
        -path_type full
        -delay_type max
        -max_paths 10
        -sort_by slack
Design : BIU_TOP
Version: PrimeTime 2023.06-SP3
Date   : Sat Aug 15 18:20:45 2026
Corner : ss_0p63v_0p63v_n40c
Note   : Setup — Ultra-low-voltage, cold
****************************************

Operating Conditions : ss_0p63v_0p63v_n40c (Library: saed32nm_rvt)
Wire Load Model Mode : Interconnect (StarRC Extracted)

  Startpoint : u_biu_req/din_reg[0]
               (rising edge-triggered flip-flop clocked by CLK_UNCORE)
  Endpoint   : u_biu_buf/dout_reg[0]
               (rising edge-triggered flip-flop clocked by CLK_UNCORE)
  Path Group : CLK_UNCORE
  Path Type  : max

  Point                                                   Incr        Path
  -------------------------------------------------------------------------
  clock CLK_UNCORE (rise edge)                                  0.000       0.000
  clock network delay (propagated)                        0.136      0.136
  u_biu_req/din_reg[0]/CK (DFFARX1_RVT)                        0.000       0.136 r
  u_biu_req/din_reg[0]/Q  (DFFARX1_RVT)                        0.119         0.255 r
  u_biu_req/U12/Y (INVX2_RVT)                                  0.047         0.302 f
  u_biu_req/U34/Y (NAND2X1_RVT)                                0.084         0.386 r
  u_biu_rsp/U07/Y (AOI22X1_RVT)                                0.082         0.468 f
  u_biu_rsp/U19/Y (OAI21X1_RVT)                                0.081         0.549 r
  u_biu_arb/U03/Y (MUX21X1_RVT)                                0.081         0.63 r
  u_biu_arb/U11/Y (AND2X1_RVT)                                 0.073         0.703 f
  u_biu_arb/U22/Y (NOR2X1_RVT)                                 0.049         0.752 r
  u_biu_buf/U05/Y (BUFX4_RVT)                                  0.087         0.839 r
  u_biu_buf/dout_reg[0]/D (DFFARX1_RVT)                        0.07        0.909 f
  data arrival time                                                    0.909

  clock CLK_UNCORE (rise edge)                                  3.333     3.333
  clock network delay (propagated)                        0.136      3.469
  clock uncertainty                                      -0.05   3.419
  u_biu_buf/dout_reg[0]/CK (DFFARX1_RVT)                       0.000       3.419 r
  library setup time                                     -0.072   3.347
  data required time                                                   3.347
  -------------------------------------------------------------------------
  data required time                                                   3.347
  data arrival time                                                   -0.909
  -------------------------------------------------------------------------
  slack (MET)      2.438


=========================================================================
                   BIU_TOP -- TIMING SUMMARY
=========================================================================

  Block        : BIU_TOP
  Corner       : ss_0p63v_0p63v_n40c
  Check        : max  (Setup — Ultra-low-voltage, cold)
  Clock        : CLK_UNCORE  Period = 3.333 ns  (300 MHz)
  Technology   : SAED 32nm RVT

  +------------------------------------------------------------------+
  | Sub-Unit          WNS (ns)  TNS (ns)  #Viol   WHS (ns)  #HViol  |
  +------------------------------------------------------------------+
  | u_biu_req          2.438       0.000       0      0.098        0     |
  | u_biu_rsp          0.091       0.000       0      0.092        0     |
  | u_biu_arb          0.18       0.000       0      0.115        0     |
  | u_biu_buf          0.164       0.000       0      0.088        0     |
  +------------------------------------------------------------------+
  | BIU_TOP   2.438       0.000       0      0.098        0     |
  +------------------------------------------------------------------+

  Status : ALL PATHS CLEAN -- No Setup or Hold Violations


=========================================================================
                   TIMING EXCEPTIONS APPLIED
=========================================================================

  set_false_path -from [get_ports SCAN_EN]      -to [all_registers]
  set_false_path -from [get_ports TEST_MODE]     -to [all_registers]
  set_multicycle_path 2 -setup -from [get_cells u_biu_req/*] -to [get_cells u_biu_buf/*]
  set_multicycle_path 1 -hold  -from [get_cells u_biu_req/*] -to [get_cells u_biu_buf/*]
  set_input_delay  0.400 -clock CLK_UNCORE -max [all_inputs]
  set_output_delay 0.350 -clock CLK_UNCORE -max [all_outputs]


=========================================================================
                   CLOCK DOMAIN SUMMARY
=========================================================================

  Clock    : CLK_UNCORE
  Period   : 3.333 ns
  Waveform : {0.000 1.666}
  Skew     : 0.024 ns  (max across BIU_TOP)
  Latency  : 0.136 ns  (max)


=========================================================================
                   CONSTRAINT COVERAGE
=========================================================================

  Total register endpoints   : 6026
  Constrained endpoints      : 1012
  Unconstrained endpoints    :      0
  Coverage                   :  100.0%


=========================================================================
                   TOOL / RUN INFORMATION
=========================================================================

  Tool         : Synopsys PrimeTime 2023.06-SP3
  Run Host     : sta-server-01
  Run Dir      : /proj/cpu_rtl/sta/UNCORE/BIU/run_ss_0p63v_0p63v_n40c
  SDC File     : /proj/cpu_rtl/constraints/BIU_TOP.sdc
  Netlist      : /proj/cpu_rtl/netlist/BIU_TOP.v.gz
  SPEF File    : /proj/cpu_rtl/spef/BIU_TOP.spef.gz
  Liberty      : saed32nm_rvt_ss_0p63v_0p63v_n40c.db
  Elapsed Time : 00:05:28
  Peak Memory  : 3.569 GB

=========================================================================
End of Report
=========================================================================
