****************************************
Report : timing
        -path_type full
        -delay_type min
        -max_paths 10
        -sort_by slack
Design : BIU_TOP
Version: PrimeTime 2023.06-SP3
Date   : Sat Aug 15 18:20:45 2026
Corner : ff_1p16v_1p16v_n40c
Note   : Final tapeout sign-off hold — Fast cold
****************************************

Operating Conditions : ff_1p16v_1p16v_n40c (Library: saed32nm_rvt)
Wire Load Model Mode : Interconnect (StarRC Extracted)

  Startpoint : u_biu_req/din_reg[0]
               (rising edge-triggered flip-flop clocked by CLK_UNCORE)
  Endpoint   : u_biu_buf/dout_reg[0]
               (rising edge-triggered flip-flop clocked by CLK_UNCORE)
  Path Group : CLK_UNCORE
  Path Type  : min

  Point                                                   Incr        Path
  -------------------------------------------------------------------------
  clock CLK_UNCORE (rise edge)                                  0.000       0.000
  clock network delay (propagated)                        0.149      0.149
  u_biu_req/din_reg[0]/CK (DFFARX1_RVT)                        0.000       0.149 r
  u_biu_req/din_reg[0]/Q  (DFFARX1_RVT)                        0.113         0.262 r
  u_biu_req/U12/Y (INVX2_RVT)                                  0.056         0.318 f
  u_biu_req/U34/Y (NAND2X1_RVT)                                0.055         0.373 r
  u_biu_rsp/U07/Y (AOI22X1_RVT)                                0.078         0.451 f
  u_biu_rsp/U19/Y (OAI21X1_RVT)                                0.09         0.541 r
  u_biu_arb/U03/Y (MUX21X1_RVT)                                0.063         0.604 r
  u_biu_arb/U11/Y (AND2X1_RVT)                                 0.083         0.687 f
  u_biu_arb/U22/Y (NOR2X1_RVT)                                 0.039         0.726 r
  u_biu_buf/U05/Y (BUFX4_RVT)                                  0.072         0.798 r
  u_biu_buf/dout_reg[0]/D (DFFARX1_RVT)                        0.059        0.857 f
  data arrival time                                                    0.857

  clock CLK_UNCORE (rise edge)                                  3.333     3.333
  clock network delay (propagated)                        0.149      3.482
  clock uncertainty                                      -0.05   3.432
  u_biu_buf/dout_reg[0]/CK (DFFARX1_RVT)                       0.000       3.432 r
  library setup time                                     -0.07   3.362
  data required time                                                   3.362
  -------------------------------------------------------------------------
  data required time                                                   3.362
  data arrival time                                                   -0.857
  -------------------------------------------------------------------------
  slack (MET)      2.505


=========================================================================
                   BIU_TOP -- TIMING SUMMARY
=========================================================================

  Block        : BIU_TOP
  Corner       : ff_1p16v_1p16v_n40c
  Check        : min  (Final tapeout sign-off hold — Fast cold)
  Clock        : CLK_UNCORE  Period = 3.333 ns  (300 MHz)
  Technology   : SAED 32nm RVT

  +------------------------------------------------------------------+
  | Sub-Unit          WNS (ns)  TNS (ns)  #Viol   WHS (ns)  #HViol  |
  +------------------------------------------------------------------+
  | u_biu_req          2.505       0.000       0      0.122        0     |
  | u_biu_rsp          0.149       0.000       0      0.098        0     |
  | u_biu_arb          0.163       0.000       0      0.079        0     |
  | u_biu_buf          0.056       0.000       0      0.043        0     |
  +------------------------------------------------------------------+
  | BIU_TOP   2.505       0.000       0      0.122        0     |
  +------------------------------------------------------------------+

  Status : ALL PATHS CLEAN -- No Setup or Hold Violations


=========================================================================
                   TIMING EXCEPTIONS APPLIED
=========================================================================

  set_false_path -from [get_ports SCAN_EN]      -to [all_registers]
  set_false_path -from [get_ports TEST_MODE]     -to [all_registers]
  set_multicycle_path 2 -setup -from [get_cells u_biu_req/*] -to [get_cells u_biu_buf/*]
  set_multicycle_path 1 -hold  -from [get_cells u_biu_req/*] -to [get_cells u_biu_buf/*]
  set_input_delay  0.400 -clock CLK_UNCORE -max [all_inputs]
  set_output_delay 0.350 -clock CLK_UNCORE -max [all_outputs]


=========================================================================
                   CLOCK DOMAIN SUMMARY
=========================================================================

  Clock    : CLK_UNCORE
  Period   : 3.333 ns
  Waveform : {0.000 1.666}
  Skew     : 0.019 ns  (max across BIU_TOP)
  Latency  : 0.149 ns  (max)


=========================================================================
                   CONSTRAINT COVERAGE
=========================================================================

  Total register endpoints   : 2933
  Constrained endpoints      : 2190
  Unconstrained endpoints    :      0
  Coverage                   :  100.0%


=========================================================================
                   TOOL / RUN INFORMATION
=========================================================================

  Tool         : Synopsys PrimeTime 2023.06-SP3
  Run Host     : sta-server-01
  Run Dir      : /proj/cpu_rtl/sta/UNCORE/BIU/run_ff_1p16v_1p16v_n40c
  SDC File     : /proj/cpu_rtl/constraints/BIU_TOP.sdc
  Netlist      : /proj/cpu_rtl/netlist/BIU_TOP.v.gz
  SPEF File    : /proj/cpu_rtl/spef/BIU_TOP.spef.gz
  Liberty      : saed32nm_rvt_ff_1p16v_1p16v_n40c.db
  Elapsed Time : 00:06:18
  Peak Memory  : 4.838 GB

=========================================================================
End of Report
=========================================================================
