================================================================================
  STA BLOCK DUMP LOG  —  BIU_TOP
================================================================================

  Block Directory : D:\Certificates\PD_STA_REPORTS\UNCORE\BIU
  Design          : BIU_TOP
  Parsed At       : 2026-08-15T18:25:17
  Total Reports   : 31


AGGREGATE SUMMARY
----------------------------------------
  Overall Status   : MET
  Worst WNS  (ns)  : 0.000
  Worst TNS  (ns)  : 0.000
  Worst WHS  (ns)  : 0.000
  Best  WNS  (ns)  : 2.505
  Total Violations : 0

BY CORNER
----------------------------------------
  Name                                              #       WNS       TNS       WHS  STATUS
  ─────────────────────────────────────────────  ────  ────────  ────────  ────────  ──────────
  N/A                                               1     0.000     0.000     0.000  MET
  ff_1p16v_1p16v_125c                               2     2.482     0.000     0.000  MET
  ff_1p16v_1p16v_n40c                               5     2.407     0.000     0.000  MET
  ff_1p32v_1p32v_n40c                               1     2.462     0.000     0.000  MET
  ss_0p63v_0p63v_125c                               1     2.443     0.000     0.115  MET
  ss_0p63v_0p63v_n40c                               1     2.438     0.000     0.000  MET
  ss_0p72v_0p72v_125c                               9     2.371     0.000     0.000  MET
  ss_0p72v_0p72v_n40c                               1     2.368     0.000     0.086  MET
  tt_0p90v_0p90v_25c                                8     2.392     0.000     0.000  MET
  tt_0p90v_0p90v_85c                                2     2.410     0.000     0.000  MET

BY CHECK TYPE
----------------------------------------
  Name                                              #       WNS       TNS       WHS  STATUS
  ─────────────────────────────────────────────  ────  ────────  ────────  ────────  ──────────
  N/A                                               1     0.000     0.000     0.000  MET
  hold                                             11     2.407     0.000     0.000  MET
  setup                                            19     2.368     0.000     0.000  MET

PER-REPORT DETAIL
----------------------------------------
  File     : 01_SETUP_SS_125C_BIU_TOP.rpt
  Design   : BIU_TOP               Corner : ss_0p72v_0p72v_125c
  Check    : setup       Clock  : CLK_UNCORE  Period = 3.333 ns  (300.0 MHz)
  WNS      :   +2.371 ns   TNS :   +0.000 ns   WHS :   +0.079 ns
  Slack    :   +2.371 ns   Status : MET
  Status   : ALL PATHS CLEAN — No Setup or Hold Violations
  Coverage : 100.0%   Endpoints : 832 / 5731
  Tool     : Synopsys PrimeTime 2023.06-SP3
  Runtime  : 00:03:33         Memory : 3.822 GB
  Run Dir  : /proj/cpu_rtl/sta/UNCORE/BIU/run_ss_0p72v_0p72v_125c

  File     : 02_HOLD_FF_N40C_BIU_TOP.rpt
  Design   : BIU_TOP               Corner : ff_1p16v_1p16v_n40c
  Check    : hold        Clock  : CLK_UNCORE  Period = 3.333 ns  (300.0 MHz)
  WNS      :   +2.407 ns   TNS :   +0.000 ns   WHS :   +0.069 ns
  Slack    :   +2.407 ns   Status : MET
  Status   : ALL PATHS CLEAN — No Setup or Hold Violations
  Coverage : 100.0%   Endpoints : 3710 / 5473
  Tool     : Synopsys PrimeTime 2023.06-SP3
  Runtime  : 00:05:56         Memory : 3.558 GB
  Run Dir  : /proj/cpu_rtl/sta/UNCORE/BIU/run_ff_1p16v_1p16v_n40c

  File     : 03_SETUP_TT_25C_BIU_TOP.rpt
  Design   : BIU_TOP               Corner : tt_0p90v_0p90v_25c
  Check    : setup       Clock  : CLK_UNCORE  Period = 3.333 ns  (300.0 MHz)
  WNS      :   +2.411 ns   TNS :   +0.000 ns   WHS :   +0.119 ns
  Slack    :   +2.411 ns   Status : MET
  Status   : ALL PATHS CLEAN — No Setup or Hold Violations
  Coverage : 100.0%   Endpoints : 1227 / 2997
  Tool     : Synopsys PrimeTime 2023.06-SP3
  Runtime  : 00:06:54         Memory : 1.988 GB
  Run Dir  : /proj/cpu_rtl/sta/UNCORE/BIU/run_tt_0p90v_0p90v_25c

  File     : 04_HOLD_TT_25C_BIU_TOP.rpt
  Design   : BIU_TOP               Corner : tt_0p90v_0p90v_25c
  Check    : hold        Clock  : CLK_UNCORE  Period = 3.333 ns  (300.0 MHz)
  WNS      :   +2.430 ns   TNS :   +0.000 ns   WHS :   +0.062 ns
  Slack    :   +2.430 ns   Status : MET
  Status   : ALL PATHS CLEAN — No Setup or Hold Violations
  Coverage : 100.0%   Endpoints : 5269 / 3467
  Tool     : Synopsys PrimeTime 2023.06-SP3
  Runtime  : 00:04:50         Memory : 4.43 GB
  Run Dir  : /proj/cpu_rtl/sta/UNCORE/BIU/run_tt_0p90v_0p90v_25c

  File     : 05_SETUP_SS_M40C_BIU_TOP.rpt
  Design   : BIU_TOP               Corner : ss_0p72v_0p72v_n40c
  Check    : setup       Clock  : CLK_UNCORE  Period = 3.333 ns  (300.0 MHz)
  WNS      :   +2.368 ns   TNS :   +0.000 ns   WHS :   +0.086 ns
  Slack    :   +2.368 ns   Status : MET
  Status   : ALL PATHS CLEAN — No Setup or Hold Violations
  Coverage : 100.0%   Endpoints : 3153 / 2424
  Tool     : Synopsys PrimeTime 2023.06-SP3
  Runtime  : 00:04:47         Memory : 2.793 GB
  Run Dir  : /proj/cpu_rtl/sta/UNCORE/BIU/run_ss_0p72v_0p72v_n40c

  File     : 06_HOLD_FF_125C_BIU_TOP.rpt
  Design   : BIU_TOP               Corner : ff_1p16v_1p16v_125c
  Check    : hold        Clock  : CLK_UNCORE  Period = 3.333 ns  (300.0 MHz)
  WNS      :   +2.482 ns   TNS :   +0.000 ns   WHS :   +0.085 ns
  Slack    :   +2.482 ns   Status : MET
  Status   : ALL PATHS CLEAN — No Setup or Hold Violations
  Coverage : 100.0%   Endpoints : 1086 / 4833
  Tool     : Synopsys PrimeTime 2023.06-SP3
  Runtime  : 00:01:45         Memory : 2.685 GB
  Run Dir  : /proj/cpu_rtl/sta/UNCORE/BIU/run_ff_1p16v_1p16v_125c

  File     : 07_SETUP_LVSS_125C_BIU_TOP.rpt
  Design   : BIU_TOP               Corner : ss_0p63v_0p63v_125c
  Check    : setup       Clock  : CLK_UNCORE  Period = 3.333 ns  (300.0 MHz)
  WNS      :   +2.443 ns   TNS :   +0.000 ns   WHS :   +0.115 ns
  Slack    :   +2.443 ns   Status : MET
  Status   : ALL PATHS CLEAN — No Setup or Hold Violations
  Coverage : 100.0%   Endpoints : 3845 / 2422
  Tool     : Synopsys PrimeTime 2023.06-SP3
  Runtime  : 00:01:56         Memory : 3.523 GB
  Run Dir  : /proj/cpu_rtl/sta/UNCORE/BIU/run_ss_0p63v_0p63v_125c

  File     : 08_CG_CHECK_TT_25C_BIU_TOP.rpt
  Design   : BIU_TOP               Corner : tt_0p90v_0p90v_25c
  Check    : setup       Clock  : CLK_UNCORE  Period = 3.333 ns  (300.0 MHz)
  WNS      :   +2.398 ns   TNS :   +0.000 ns   WHS :   +0.061 ns
  Slack    :   +2.398 ns   Status : MET
  Status   : ALL PATHS CLEAN — No Setup or Hold Violations
  Coverage : 100.0%   Endpoints : 4608 / 5454
  Tool     : Synopsys PrimeTime 2023.06-SP3
  Runtime  : 00:07:30         Memory : 4.626 GB
  Run Dir  : /proj/cpu_rtl/sta/UNCORE/BIU/run_tt_0p90v_0p90v_25c

  File     : 09_RECOVERY_SS_125C_BIU_TOP.rpt
  Design   : BIU_TOP               Corner : ss_0p72v_0p72v_125c
  Check    : setup       Clock  : CLK_UNCORE  Period = 3.333 ns  (300.0 MHz)
  WNS      :   +2.423 ns   TNS :   +0.000 ns   WHS :   +0.069 ns
  Slack    :   +2.423 ns   Status : MET
  Status   : ALL PATHS CLEAN — No Setup or Hold Violations
  Coverage : 100.0%   Endpoints : 4821 / 4247
  Tool     : Synopsys PrimeTime 2023.06-SP3
  Runtime  : 00:05:30         Memory : 2.772 GB
  Run Dir  : /proj/cpu_rtl/sta/UNCORE/BIU/run_ss_0p72v_0p72v_125c

  File     : 10_MULTICYCLE_TT_25C_BIU_TOP.rpt
  Design   : BIU_TOP               Corner : tt_0p90v_0p90v_25c
  Check    : setup       Clock  : CLK_UNCORE  Period = 3.333 ns  (300.0 MHz)
  WNS      :   +2.496 ns   TNS :   +0.000 ns   WHS :   +0.084 ns
  Slack    :   +2.496 ns   Status : MET
  Status   : ALL PATHS CLEAN — No Setup or Hold Violations
  Coverage : 100.0%   Endpoints : 3448 / 5509
  Tool     : Synopsys PrimeTime 2023.06-SP3
  Runtime  : 00:06:15         Memory : 2.59 GB
  Run Dir  : /proj/cpu_rtl/sta/UNCORE/BIU/run_tt_0p90v_0p90v_25c

  File     : 11_SETUP_SS_125C_OCV_BIU_TOP.rpt
  Design   : BIU_TOP               Corner : ss_0p72v_0p72v_125c
  Check    : setup       Clock  : CLK_UNCORE  Period = 3.333 ns  (300.0 MHz)
  WNS      :   +2.472 ns   TNS :   +0.000 ns   WHS :   +0.000 ns
  Slack    :   +2.472 ns   Status : MET
  Status   : ALL PATHS CLEAN -- No Setup or Hold Violations
  Coverage : 100.0%   Endpoints : 4338 / 2020
  Tool     : Synopsys PrimeTime 2023.06-SP3
  Runtime  : 00:04:33         Memory : 4.343 GB
  Run Dir  : /proj/cpu_rtl/sta/UNCORE/BIU/run_ss_0p72v_0p72v_125c

  File     : 12_HOLD_FF_N40C_OCV_BIU_TOP.rpt
  Design   : BIU_TOP               Corner : ff_1p16v_1p16v_n40c
  Check    : hold        Clock  : CLK_UNCORE  Period = 3.333 ns  (300.0 MHz)
  WNS      :   +2.433 ns   TNS :   +0.000 ns   WHS :   +0.000 ns
  Slack    :   +2.433 ns   Status : MET
  Status   : ALL PATHS CLEAN -- No Setup or Hold Violations
  Coverage : 100.0%   Endpoints : 5108 / 3951
  Tool     : Synopsys PrimeTime 2023.06-SP3
  Runtime  : 00:06:41         Memory : 3.925 GB
  Run Dir  : /proj/cpu_rtl/sta/UNCORE/BIU/run_ff_1p16v_1p16v_n40c

  File     : 13_SETUP_SS_125C_POCV_BIU_TOP.rpt
  Design   : BIU_TOP               Corner : ss_0p72v_0p72v_125c
  Check    : setup       Clock  : CLK_UNCORE  Period = 3.333 ns  (300.0 MHz)
  WNS      :   +2.439 ns   TNS :   +0.000 ns   WHS :   +0.000 ns
  Slack    :   +2.439 ns   Status : MET
  Status   : ALL PATHS CLEAN -- No Setup or Hold Violations
  Coverage : 100.0%   Endpoints : 6878 / 4635
  Tool     : Synopsys PrimeTime 2023.06-SP3
  Runtime  : 00:02:54         Memory : 2.795 GB
  Run Dir  : /proj/cpu_rtl/sta/UNCORE/BIU/run_ss_0p72v_0p72v_125c

  File     : 14_HOLD_FF_N40C_POCV_BIU_TOP.rpt
  Design   : BIU_TOP               Corner : ff_1p16v_1p16v_n40c
  Check    : hold        Clock  : CLK_UNCORE  Period = 3.333 ns  (300.0 MHz)
  WNS      :   +2.443 ns   TNS :   +0.000 ns   WHS :   +0.000 ns
  Slack    :   +2.443 ns   Status : MET
  Status   : ALL PATHS CLEAN -- No Setup or Hold Violations
  Coverage : 100.0%   Endpoints : 1274 / 5895
  Tool     : Synopsys PrimeTime 2023.06-SP3
  Runtime  : 00:06:21         Memory : 3.94 GB
  Run Dir  : /proj/cpu_rtl/sta/UNCORE/BIU/run_ff_1p16v_1p16v_n40c

  File     : 15_SETUP_TT_85C_BIU_TOP.rpt
  Design   : BIU_TOP               Corner : tt_0p90v_0p90v_85c
  Check    : setup       Clock  : CLK_UNCORE  Period = 3.333 ns  (300.0 MHz)
  WNS      :   +2.410 ns   TNS :   +0.000 ns   WHS :   +0.000 ns
  Slack    :   +2.410 ns   Status : MET
  Status   : ALL PATHS CLEAN -- No Setup or Hold Violations
  Coverage : 100.0%   Endpoints : 1491 / 909
  Tool     : Synopsys PrimeTime 2023.06-SP3
  Runtime  : 00:05:39         Memory : 1.106 GB
  Run Dir  : /proj/cpu_rtl/sta/UNCORE/BIU/run_tt_0p90v_0p90v_85c

  File     : 16_HOLD_TT_85C_BIU_TOP.rpt
  Design   : BIU_TOP               Corner : tt_0p90v_0p90v_85c
  Check    : hold        Clock  : CLK_UNCORE  Period = 3.333 ns  (300.0 MHz)
  WNS      :   +2.453 ns   TNS :   +0.000 ns   WHS :   +0.000 ns
  Slack    :   +2.453 ns   Status : MET
  Status   : ALL PATHS CLEAN -- No Setup or Hold Violations
  Coverage : 100.0%   Endpoints : 2132 / 4379
  Tool     : Synopsys PrimeTime 2023.06-SP3
  Runtime  : 00:01:55         Memory : 3.679 GB
  Run Dir  : /proj/cpu_rtl/sta/UNCORE/BIU/run_tt_0p90v_0p90v_85c

  File     : 17_SETUP_FF_125C_BIU_TOP.rpt
  Design   : BIU_TOP               Corner : ff_1p16v_1p16v_125c
  Check    : setup       Clock  : CLK_UNCORE  Period = 3.333 ns  (300.0 MHz)
  WNS      :   +2.484 ns   TNS :   +0.000 ns   WHS :   +0.000 ns
  Slack    :   +2.484 ns   Status : MET
  Status   : ALL PATHS CLEAN -- No Setup or Hold Violations
  Coverage : 100.0%   Endpoints : 5392 / 5872
  Tool     : Synopsys PrimeTime 2023.06-SP3
  Runtime  : 00:02:51         Memory : 2.936 GB
  Run Dir  : /proj/cpu_rtl/sta/UNCORE/BIU/run_ff_1p16v_1p16v_125c

  File     : 18_HOLD_SS_125C_BIU_TOP.rpt
  Design   : BIU_TOP               Corner : ss_0p72v_0p72v_125c
  Check    : hold        Clock  : CLK_UNCORE  Period = 3.333 ns  (300.0 MHz)
  WNS      :   +2.412 ns   TNS :   +0.000 ns   WHS :   +0.000 ns
  Slack    :   +2.412 ns   Status : MET
  Status   : ALL PATHS CLEAN -- No Setup or Hold Violations
  Coverage : 100.0%   Endpoints : 3208 / 2472
  Tool     : Synopsys PrimeTime 2023.06-SP3
  Runtime  : 00:06:38         Memory : 1.826 GB
  Run Dir  : /proj/cpu_rtl/sta/UNCORE/BIU/run_ss_0p72v_0p72v_125c

  File     : 19_SETUP_LVSS_N40C_BIU_TOP.rpt
  Design   : BIU_TOP               Corner : ss_0p63v_0p63v_n40c
  Check    : setup       Clock  : CLK_UNCORE  Period = 3.333 ns  (300.0 MHz)
  WNS      :   +2.438 ns   TNS :   +0.000 ns   WHS :   +0.000 ns
  Slack    :   +2.438 ns   Status : MET
  Status   : ALL PATHS CLEAN -- No Setup or Hold Violations
  Coverage : 100.0%   Endpoints : 1012 / 6026
  Tool     : Synopsys PrimeTime 2023.06-SP3
  Runtime  : 00:05:28         Memory : 3.569 GB
  Run Dir  : /proj/cpu_rtl/sta/UNCORE/BIU/run_ss_0p63v_0p63v_n40c

  File     : 20_HOLD_LVFF_N40C_BIU_TOP.rpt
  Design   : BIU_TOP               Corner : ff_1p32v_1p32v_n40c
  Check    : hold        Clock  : CLK_UNCORE  Period = 3.333 ns  (300.0 MHz)
  WNS      :   +2.462 ns   TNS :   +0.000 ns   WHS :   +0.000 ns
  Slack    :   +2.462 ns   Status : MET
  Status   : ALL PATHS CLEAN -- No Setup or Hold Violations
  Coverage : 100.0%   Endpoints : 4633 / 3909
  Tool     : Synopsys PrimeTime 2023.06-SP3
  Runtime  : 00:03:35         Memory : 3.951 GB
  Run Dir  : /proj/cpu_rtl/sta/UNCORE/BIU/run_ff_1p32v_1p32v_n40c

  File     : 21_CG_CHECK_SS_125C_BIU_TOP.rpt
  Design   : BIU_TOP               Corner : ss_0p72v_0p72v_125c
  Check    : setup       Clock  : CLK_UNCORE  Period = 3.333 ns  (300.0 MHz)
  WNS      :   +2.410 ns   TNS :   +0.000 ns   WHS :   +0.000 ns
  Slack    :   +2.410 ns   Status : MET
  Status   : ALL PATHS CLEAN -- No Setup or Hold Violations
  Coverage : 100.0%   Endpoints : 962 / 6321
  Tool     : Synopsys PrimeTime 2023.06-SP3
  Runtime  : 00:07:51         Memory : 2.603 GB
  Run Dir  : /proj/cpu_rtl/sta/UNCORE/BIU/run_ss_0p72v_0p72v_125c

  File     : 22_RECOVERY_TT_25C_BIU_TOP.rpt
  Design   : BIU_TOP               Corner : tt_0p90v_0p90v_25c
  Check    : setup       Clock  : CLK_UNCORE  Period = 3.333 ns  (300.0 MHz)
  WNS      :   +2.454 ns   TNS :   +0.000 ns   WHS :   +0.000 ns
  Slack    :   +2.454 ns   Status : MET
  Status   : ALL PATHS CLEAN -- No Setup or Hold Violations
  Coverage : 100.0%   Endpoints : 3819 / 3150
  Tool     : Synopsys PrimeTime 2023.06-SP3
  Runtime  : 00:03:28         Memory : 5.097 GB
  Run Dir  : /proj/cpu_rtl/sta/UNCORE/BIU/run_tt_0p90v_0p90v_25c

  File     : 23_MULTICYCLE_SS_125C_BIU_TOP.rpt
  Design   : BIU_TOP               Corner : ss_0p72v_0p72v_125c
  Check    : setup       Clock  : CLK_UNCORE  Period = 3.333 ns  (300.0 MHz)
  WNS      :   +2.440 ns   TNS :   +0.000 ns   WHS :   +0.000 ns
  Slack    :   +2.440 ns   Status : MET
  Status   : ALL PATHS CLEAN -- No Setup or Hold Violations
  Coverage : 100.0%   Endpoints : 3479 / 6044
  Tool     : Synopsys PrimeTime 2023.06-SP3
  Runtime  : 00:02:24         Memory : 2.409 GB
  Run Dir  : /proj/cpu_rtl/sta/UNCORE/BIU/run_ss_0p72v_0p72v_125c

  File     : 24_SETUP_TT_25C_ECO_BIU_TOP.rpt
  Design   : BIU_TOP               Corner : tt_0p90v_0p90v_25c
  Check    : setup       Clock  : CLK_UNCORE  Period = 3.333 ns  (300.0 MHz)
  WNS      :   +2.392 ns   TNS :   +0.000 ns   WHS :   +0.000 ns
  Slack    :   +2.392 ns   Status : MET
  Status   : ALL PATHS CLEAN -- No Setup or Hold Violations
  Coverage : 100.0%   Endpoints : 2495 / 1246
  Tool     : Synopsys PrimeTime 2023.06-SP3
  Runtime  : 00:02:15         Memory : 1.164 GB
  Run Dir  : /proj/cpu_rtl/sta/UNCORE/BIU/run_tt_0p90v_0p90v_25c

  File     : 25_HOLD_TT_25C_ECO_BIU_TOP.rpt
  Design   : BIU_TOP               Corner : tt_0p90v_0p90v_25c
  Check    : hold        Clock  : CLK_UNCORE  Period = 3.333 ns  (300.0 MHz)
  WNS      :   +2.431 ns   TNS :   +0.000 ns   WHS :   +0.000 ns
  Slack    :   +2.431 ns   Status : MET
  Status   : ALL PATHS CLEAN -- No Setup or Hold Violations
  Coverage : 100.0%   Endpoints : 6534 / 5847
  Tool     : Synopsys PrimeTime 2023.06-SP3
  Runtime  : 00:01:24         Memory : 2.521 GB
  Run Dir  : /proj/cpu_rtl/sta/UNCORE/BIU/run_tt_0p90v_0p90v_25c

  File     : 26_SETUP_SS_125C_SI_BIU_TOP.rpt
  Design   : BIU_TOP               Corner : ss_0p72v_0p72v_125c
  Check    : setup       Clock  : CLK_UNCORE  Period = 3.333 ns  (300.0 MHz)
  WNS      :   +2.483 ns   TNS :   +0.000 ns   WHS :   +0.000 ns
  Slack    :   +2.483 ns   Status : MET
  Status   : ALL PATHS CLEAN -- No Setup or Hold Violations
  Coverage : 100.0%   Endpoints : 3818 / 5247
  Tool     : Synopsys PrimeTime 2023.06-SP3
  Runtime  : 00:06:20         Memory : 3.142 GB
  Run Dir  : /proj/cpu_rtl/sta/UNCORE/BIU/run_ss_0p72v_0p72v_125c

  File     : 27_HOLD_FF_N40C_SI_BIU_TOP.rpt
  Design   : BIU_TOP               Corner : ff_1p16v_1p16v_n40c
  Check    : hold        Clock  : CLK_UNCORE  Period = 3.333 ns  (300.0 MHz)
  WNS      :   +2.451 ns   TNS :   +0.000 ns   WHS :   +0.000 ns
  Slack    :   +2.451 ns   Status : MET
  Status   : ALL PATHS CLEAN -- No Setup or Hold Violations
  Coverage : 100.0%   Endpoints : 6932 / 2917
  Tool     : Synopsys PrimeTime 2023.06-SP3
  Runtime  : 00:08:34         Memory : 2.584 GB
  Run Dir  : /proj/cpu_rtl/sta/UNCORE/BIU/run_ff_1p16v_1p16v_n40c

  File     : 28_SETUP_SS_125C_FINAL_BIU_TOP.rpt
  Design   : BIU_TOP               Corner : ss_0p72v_0p72v_125c
  Check    : setup       Clock  : CLK_UNCORE  Period = 3.333 ns  (300.0 MHz)
  WNS      :   +2.413 ns   TNS :   +0.000 ns   WHS :   +0.000 ns
  Slack    :   +2.413 ns   Status : MET
  Status   : ALL PATHS CLEAN -- No Setup or Hold Violations
  Coverage : 100.0%   Endpoints : 2829 / 2334
  Tool     : Synopsys PrimeTime 2023.06-SP3
  Runtime  : 00:03:49         Memory : 4.078 GB
  Run Dir  : /proj/cpu_rtl/sta/UNCORE/BIU/run_ss_0p72v_0p72v_125c

  File     : 29_HOLD_FF_N40C_FINAL_BIU_TOP.rpt
  Design   : BIU_TOP               Corner : ff_1p16v_1p16v_n40c
  Check    : hold        Clock  : CLK_UNCORE  Period = 3.333 ns  (300.0 MHz)
  WNS      :   +2.505 ns   TNS :   +0.000 ns   WHS :   +0.000 ns
  Slack    :   +2.505 ns   Status : MET
  Status   : ALL PATHS CLEAN -- No Setup or Hold Violations
  Coverage : 100.0%   Endpoints : 2190 / 2933
  Tool     : Synopsys PrimeTime 2023.06-SP3
  Runtime  : 00:06:18         Memory : 4.838 GB
  Run Dir  : /proj/cpu_rtl/sta/UNCORE/BIU/run_ff_1p16v_1p16v_n40c

  File     : 30_SETUP_TT_25C_FINAL_BIU_TOP.rpt
  Design   : BIU_TOP               Corner : tt_0p90v_0p90v_25c
  Check    : setup       Clock  : CLK_UNCORE  Period = 3.333 ns  (300.0 MHz)
  WNS      :   +2.485 ns   TNS :   +0.000 ns   WHS :   +0.000 ns
  Slack    :   +2.485 ns   Status : MET
  Status   : ALL PATHS CLEAN -- No Setup or Hold Violations
  Coverage : 100.0%   Endpoints : 3324 / 6291
  Tool     : Synopsys PrimeTime 2023.06-SP3
  Runtime  : 00:01:55         Memory : 2.368 GB
  Run Dir  : /proj/cpu_rtl/sta/UNCORE/BIU/run_tt_0p90v_0p90v_25c

  File     : BIU_TIMING.rpt
  Design   : N/A                   Corner : N/A
  Check    : N/A         Clock  : N/A  Period = 0.0 ns  (0.0 MHz)
  WNS      :   +0.000 ns   TNS :   +0.000 ns   WHS :   +0.000 ns
  Slack    :   +0.000 ns   Status : UNKNOWN
  Status   : N/A
  Coverage : 0.0%   Endpoints : 0 / 0
  Tool     : N/A
  Runtime  : N/A              Memory : N/A
  Run Dir  : N/A


================================================================================
END OF BLOCK DUMP LOG
================================================================================