****************************************
Report : timing
        -path_type full
        -delay_type max
        -max_paths 10
        -sort_by slack
Design : RETIRE_QUEUE_TOP
Version: PrimeTime 2023.06-SP3
Date   : Sat Aug 15 17:34:54 2026
Corner : ss_0p63v_0p63v_125c
Note   : Low-Vdd Setup   — Ultra-low voltage corner
****************************************

Operating Conditions : ss_0p63v_0p63v_125c (Library: saed32nm_rvt)
Wire Load Model Mode : Interconnect (StarRC Extracted)

  Startpoint : u_retq_ctrl/din_reg[0]
               (rising edge-triggered flip-flop clocked by CLK_CORE)
  Endpoint   : u_retq_val/dout_reg[0]
               (rising edge-triggered flip-flop clocked by CLK_CORE)
  Path Group : CLK_CORE
  Path Type  : max

  Point                                                   Incr        Path
  -------------------------------------------------------------------------
  clock CLK_CORE (rise edge)                                  0.000       0.000
  clock network delay (propagated)                        0.133      0.133
  u_retq_ctrl/din_reg[0]/CK (DFFARX1_RVT)                        0.000       0.133 r
  u_retq_ctrl/din_reg[0]/Q  (DFFARX1_RVT)                        0.13       0.263 r
  u_retq_ctrl/U12/Y (INVX2_RVT)                                  0.031       0.294 f
  u_retq_ctrl/U34/Y (NAND2X1_RVT)                                0.086       0.38 r
  u_retq_buf/U07/Y (AOI22X1_RVT)                                0.077       0.457 f
  u_retq_buf/U19/Y (OAI21X1_RVT)                                0.114       0.571 r
  u_retq_ptr/U03/Y (MUX21X1_RVT)                                0.091       0.662 r
  u_retq_ptr/U11/Y (AND2X1_RVT)                                 0.083       0.745 f
  u_retq_ptr/U22/Y (NOR2X1_RVT)                                 0.039       0.784 r
  u_retq_val/U05/Y (BUFX4_RVT)                                  0.061       0.845 r
  u_retq_val/dout_reg[0]/D (DFFARX1_RVT)                        0.068      0.913 f
  data arrival time                                                    0.913

  clock CLK_CORE (rise edge)                                  2     2
  clock network delay (propagated)                        0.133      2.133
  clock uncertainty                                      -0.05   2.083
  u_retq_val/dout_reg[0]/CK (DFFARX1_RVT)                       0.000       2.083 r
  library setup time                                     -0.085   1.998
  data required time                                                   1.998
  -------------------------------------------------------------------------
  data required time                                                   1.998
  data arrival time                                                   -0.913
  -------------------------------------------------------------------------
  slack (MET)   1.085


=========================================================================
                   RETIRE_QUEUE_TOP — TIMING SUMMARY
=========================================================================

  Block        : RETIRE_QUEUE_TOP
  Corner       : ss_0p63v_0p63v_125c
  Check        : max  (Low-Vdd Setup   — Ultra-low voltage corner)
  Clock        : CLK_CORE  Period = 2 ns  (500 MHz)
  Technology   : SAED 32nm RVT

  ┌────────────────────────────────────────────────────────────────┐
  │ Sub-Unit      WNS (ns)  TNS (ns)  #Viol   WHS (ns)  #HViol  │
  ├────────────────────────────────────────────────────────────────┤
  │ u_retq_ctrl          1.085       0        0      0.088        0     │
  │ u_retq_buf          0.091       0        0      0.115        0     │
  │ u_retq_ptr          0.093       0        0      0.088        0     │
  │ u_retq_val          0.196       0        0      0.122        0     │
  ├────────────────────────────────────────────────────────────────┤
  │ RETIRE_QUEUE_TOP  1.085       0        0      0.088        0     │
  └────────────────────────────────────────────────────────────────┘

  Status : ALL PATHS CLEAN — No Setup or Hold Violations


=========================================================================
                   TIMING EXCEPTIONS APPLIED
=========================================================================

  set_false_path -from [get_ports SCAN_EN]      -to [all_registers]
  set_false_path -from [get_ports TEST_MODE]     -to [all_registers]
  set_multicycle_path 2 -setup -from [get_cells u_retq_ctrl/*] -to [get_cells u_retq_val/*]
  set_multicycle_path 1 -hold  -from [get_cells u_retq_ctrl/*] -to [get_cells u_retq_val/*]
  set_input_delay  0.400 -clock CLK_CORE -max [all_inputs]
  set_output_delay 0.350 -clock CLK_CORE -max [all_outputs]


=========================================================================
                   CLOCK DOMAIN SUMMARY
=========================================================================

  Clock    : CLK_CORE
  Period   : 2 ns
  Waveform : {0.000 1}
  Skew     : 0.019 ns  (max across RETIRE_QUEUE_TOP)
  Latency  : 0.133 ns  (max)


=========================================================================
                   CONSTRAINT COVERAGE
=========================================================================

  Total register endpoints   : 3116
  Constrained endpoints      : 1618
  Unconstrained endpoints    :      0
  Coverage                   :  100.0%


=========================================================================
                   TOOL / RUN INFORMATION
=========================================================================

  Tool         : Synopsys PrimeTime 2023.06-SP3
  Run Host     : sta-server-01
  Run Dir      : /proj/cpu_rtl/sta/COMMIT/RETIRE_QUEUE/run_ss_0p63v_0p63v_125c
  SDC File     : /proj/cpu_rtl/constraints/RETIRE_QUEUE_TOP.sdc
  Netlist      : /proj/cpu_rtl/netlist/RETIRE_QUEUE_TOP.v.gz
  SPEF File    : /proj/cpu_rtl/spef/RETIRE_QUEUE_TOP.spef.gz
  Liberty      : saed32nm_rvt_ss_0p63v_0p63v_125c.db
  Elapsed Time : 00:03:54
  Peak Memory  : 4.036 GB

=========================================================================
End of Report
=========================================================================
