****************************************
Report : timing
        -path_type full
        -delay_type max
        -max_paths 10
        -sort_by slack
Design : DCACHE_TOP
Version: PrimeTime 2023.06-SP3
Date   : Sat Aug 15 17:34:53 2026
Corner : tt_0p90v_0p90v_25c
Note   : Typical Setup   — Nominal corner
****************************************

Operating Conditions : tt_0p90v_0p90v_25c (Library: saed32nm_rvt)
Wire Load Model Mode : Interconnect (StarRC Extracted)

  Startpoint : u_dc_tag/din_reg[0]
               (rising edge-triggered flip-flop clocked by CLK_CORE)
  Endpoint   : u_dc_lru/dout_reg[0]
               (rising edge-triggered flip-flop clocked by CLK_CORE)
  Path Group : CLK_CORE
  Path Type  : max

  Point                                                   Incr        Path
  -------------------------------------------------------------------------
  clock CLK_CORE (rise edge)                                  0.000       0.000
  clock network delay (propagated)                        0.153      0.153
  u_dc_tag/din_reg[0]/CK (DFFARX1_RVT)                        0.000       0.153 r
  u_dc_tag/din_reg[0]/Q  (DFFARX1_RVT)                        0.136       0.289 r
  u_dc_tag/U12/Y (INVX2_RVT)                                  0.055       0.344 f
  u_dc_tag/U34/Y (NAND2X1_RVT)                                0.078       0.422 r
  u_dc_data/U07/Y (AOI22X1_RVT)                                0.086       0.508 f
  u_dc_data/U19/Y (OAI21X1_RVT)                                0.117       0.625 r
  u_dc_ctrl/U03/Y (MUX21X1_RVT)                                0.099       0.724 r
  u_dc_ctrl/U11/Y (AND2X1_RVT)                                 0.065       0.789 f
  u_dc_ctrl/U22/Y (NOR2X1_RVT)                                 0.039       0.828 r
  u_dc_lru/U05/Y (BUFX4_RVT)                                  0.083       0.911 r
  u_dc_lru/dout_reg[0]/D (DFFARX1_RVT)                        0.056      0.967 f
  data arrival time                                                    0.967

  clock CLK_CORE (rise edge)                                  2     2
  clock network delay (propagated)                        0.153      2.153
  clock uncertainty                                      -0.05   2.103
  u_dc_lru/dout_reg[0]/CK (DFFARX1_RVT)                       0.000       2.103 r
  library setup time                                     -0.081   2.022
  data required time                                                   2.022
  -------------------------------------------------------------------------
  data required time                                                   2.022
  data arrival time                                                   -0.967
  -------------------------------------------------------------------------
  slack (MET)   1.055


=========================================================================
                   DCACHE_TOP — TIMING SUMMARY
=========================================================================

  Block        : DCACHE_TOP
  Corner       : tt_0p90v_0p90v_25c
  Check        : max  (Typical Setup   — Nominal corner)
  Clock        : CLK_CORE  Period = 2 ns  (500 MHz)
  Technology   : SAED 32nm RVT

  ┌────────────────────────────────────────────────────────────────┐
  │ Sub-Unit      WNS (ns)  TNS (ns)  #Viol   WHS (ns)  #HViol  │
  ├────────────────────────────────────────────────────────────────┤
  │ u_dc_tag          1.055       0        0      0.061        0     │
  │ u_dc_data          0.057       0        0      0.06        0     │
  │ u_dc_ctrl          0.179       0        0      0.104        0     │
  │ u_dc_lru          0.06       0        0      0.076        0     │
  ├────────────────────────────────────────────────────────────────┤
  │ DCACHE_TOP  1.055       0        0      0.061        0     │
  └────────────────────────────────────────────────────────────────┘

  Status : ALL PATHS CLEAN — No Setup or Hold Violations


=========================================================================
                   TIMING EXCEPTIONS APPLIED
=========================================================================

  set_false_path -from [get_ports SCAN_EN]      -to [all_registers]
  set_false_path -from [get_ports TEST_MODE]     -to [all_registers]
  set_multicycle_path 2 -setup -from [get_cells u_dc_tag/*] -to [get_cells u_dc_lru/*]
  set_multicycle_path 1 -hold  -from [get_cells u_dc_tag/*] -to [get_cells u_dc_lru/*]
  set_input_delay  0.400 -clock CLK_CORE -max [all_inputs]
  set_output_delay 0.350 -clock CLK_CORE -max [all_outputs]


=========================================================================
                   CLOCK DOMAIN SUMMARY
=========================================================================

  Clock    : CLK_CORE
  Period   : 2 ns
  Waveform : {0.000 1}
  Skew     : 0.019 ns  (max across DCACHE_TOP)
  Latency  : 0.153 ns  (max)


=========================================================================
                   CONSTRAINT COVERAGE
=========================================================================

  Total register endpoints   : 5812
  Constrained endpoints      : 1229
  Unconstrained endpoints    :      0
  Coverage                   :  100.0%


=========================================================================
                   TOOL / RUN INFORMATION
=========================================================================

  Tool         : Synopsys PrimeTime 2023.06-SP3
  Run Host     : sta-server-01
  Run Dir      : /proj/cpu_rtl/sta/MEMORY/DCACHE/run_tt_0p90v_0p90v_25c
  SDC File     : /proj/cpu_rtl/constraints/DCACHE_TOP.sdc
  Netlist      : /proj/cpu_rtl/netlist/DCACHE_TOP.v.gz
  SPEF File    : /proj/cpu_rtl/spef/DCACHE_TOP.spef.gz
  Liberty      : saed32nm_rvt_tt_0p90v_0p90v_25c.db
  Elapsed Time : 00:06:50
  Peak Memory  : 3.26 GB

=========================================================================
End of Report
=========================================================================
