****************************************
Report : timing
        -path_type full
        -delay_type max
        -max_paths 10
        -sort_by slack
Design : DCACHE_TOP
Version: PrimeTime 2023.06-SP3
Date   : Sat Aug 15 17:34:53 2026
Corner : ss_0p72v_0p72v_n40c
Note   : Cold Setup      — Slow corner, cold temp
****************************************

Operating Conditions : ss_0p72v_0p72v_n40c (Library: saed32nm_rvt)
Wire Load Model Mode : Interconnect (StarRC Extracted)

  Startpoint : u_dc_tag/din_reg[0]
               (rising edge-triggered flip-flop clocked by CLK_CORE)
  Endpoint   : u_dc_lru/dout_reg[0]
               (rising edge-triggered flip-flop clocked by CLK_CORE)
  Path Group : CLK_CORE
  Path Type  : max

  Point                                                   Incr        Path
  -------------------------------------------------------------------------
  clock CLK_CORE (rise edge)                                  0.000       0.000
  clock network delay (propagated)                        0.139      0.139
  u_dc_tag/din_reg[0]/CK (DFFARX1_RVT)                        0.000       0.139 r
  u_dc_tag/din_reg[0]/Q  (DFFARX1_RVT)                        0.112       0.251 r
  u_dc_tag/U12/Y (INVX2_RVT)                                  0.064       0.315 f
  u_dc_tag/U34/Y (NAND2X1_RVT)                                0.063       0.378 r
  u_dc_data/U07/Y (AOI22X1_RVT)                                0.097       0.475 f
  u_dc_data/U19/Y (OAI21X1_RVT)                                0.106       0.581 r
  u_dc_ctrl/U03/Y (MUX21X1_RVT)                                0.094       0.675 r
  u_dc_ctrl/U11/Y (AND2X1_RVT)                                 0.052       0.727 f
  u_dc_ctrl/U22/Y (NOR2X1_RVT)                                 0.055       0.782 r
  u_dc_lru/U05/Y (BUFX4_RVT)                                  0.059       0.841 r
  u_dc_lru/dout_reg[0]/D (DFFARX1_RVT)                        0.067      0.908 f
  data arrival time                                                    0.908

  clock CLK_CORE (rise edge)                                  2     2
  clock network delay (propagated)                        0.139      2.139
  clock uncertainty                                      -0.05   2.089
  u_dc_lru/dout_reg[0]/CK (DFFARX1_RVT)                       0.000       2.089 r
  library setup time                                     -0.08   2.009
  data required time                                                   2.009
  -------------------------------------------------------------------------
  data required time                                                   2.009
  data arrival time                                                   -0.908
  -------------------------------------------------------------------------
  slack (MET)   1.101


=========================================================================
                   DCACHE_TOP — TIMING SUMMARY
=========================================================================

  Block        : DCACHE_TOP
  Corner       : ss_0p72v_0p72v_n40c
  Check        : max  (Cold Setup      — Slow corner, cold temp)
  Clock        : CLK_CORE  Period = 2 ns  (500 MHz)
  Technology   : SAED 32nm RVT

  ┌────────────────────────────────────────────────────────────────┐
  │ Sub-Unit      WNS (ns)  TNS (ns)  #Viol   WHS (ns)  #HViol  │
  ├────────────────────────────────────────────────────────────────┤
  │ u_dc_tag          1.101       0        0      0.104        0     │
  │ u_dc_data          0.116       0        0      0.074        0     │
  │ u_dc_ctrl          0.067       0        0      0.077        0     │
  │ u_dc_lru          0.178       0        0      0.075        0     │
  ├────────────────────────────────────────────────────────────────┤
  │ DCACHE_TOP  1.101       0        0      0.104        0     │
  └────────────────────────────────────────────────────────────────┘

  Status : ALL PATHS CLEAN — No Setup or Hold Violations


=========================================================================
                   TIMING EXCEPTIONS APPLIED
=========================================================================

  set_false_path -from [get_ports SCAN_EN]      -to [all_registers]
  set_false_path -from [get_ports TEST_MODE]     -to [all_registers]
  set_multicycle_path 2 -setup -from [get_cells u_dc_tag/*] -to [get_cells u_dc_lru/*]
  set_multicycle_path 1 -hold  -from [get_cells u_dc_tag/*] -to [get_cells u_dc_lru/*]
  set_input_delay  0.400 -clock CLK_CORE -max [all_inputs]
  set_output_delay 0.350 -clock CLK_CORE -max [all_outputs]


=========================================================================
                   CLOCK DOMAIN SUMMARY
=========================================================================

  Clock    : CLK_CORE
  Period   : 2 ns
  Waveform : {0.000 1}
  Skew     : 0.024 ns  (max across DCACHE_TOP)
  Latency  : 0.139 ns  (max)


=========================================================================
                   CONSTRAINT COVERAGE
=========================================================================

  Total register endpoints   : 2509
  Constrained endpoints      : 5604
  Unconstrained endpoints    :      0
  Coverage                   :  100.0%


=========================================================================
                   TOOL / RUN INFORMATION
=========================================================================

  Tool         : Synopsys PrimeTime 2023.06-SP3
  Run Host     : sta-server-01
  Run Dir      : /proj/cpu_rtl/sta/MEMORY/DCACHE/run_ss_0p72v_0p72v_n40c
  SDC File     : /proj/cpu_rtl/constraints/DCACHE_TOP.sdc
  Netlist      : /proj/cpu_rtl/netlist/DCACHE_TOP.v.gz
  SPEF File    : /proj/cpu_rtl/spef/DCACHE_TOP.spef.gz
  Liberty      : saed32nm_rvt_ss_0p72v_0p72v_n40c.db
  Elapsed Time : 00:08:44
  Peak Memory  : 1.508 GB

=========================================================================
End of Report
=========================================================================
