****************************************
Report : timing
        -path_type full
        -delay_type min
        -max_paths 10
        -sort_by slack
Design : DCACHE_TOP
Version: PrimeTime 2023.06-SP3
Date   : Sat Aug 15 18:20:44 2026
Corner : ff_1p32v_1p32v_n40c
Note   : Hold — High-voltage fast corner, cold
****************************************

Operating Conditions : ff_1p32v_1p32v_n40c (Library: saed32nm_rvt)
Wire Load Model Mode : Interconnect (StarRC Extracted)

  Startpoint : u_dc_tag/din_reg[0]
               (rising edge-triggered flip-flop clocked by CLK_CORE)
  Endpoint   : u_dc_lru/dout_reg[0]
               (rising edge-triggered flip-flop clocked by CLK_CORE)
  Path Group : CLK_CORE
  Path Type  : min

  Point                                                   Incr        Path
  -------------------------------------------------------------------------
  clock CLK_CORE (rise edge)                                  0.000       0.000
  clock network delay (propagated)                        0.137      0.137
  u_dc_tag/din_reg[0]/CK (DFFARX1_RVT)                        0.000       0.137 r
  u_dc_tag/din_reg[0]/Q  (DFFARX1_RVT)                        0.143         0.28 r
  u_dc_tag/U12/Y (INVX2_RVT)                                  0.033         0.313 f
  u_dc_tag/U34/Y (NAND2X1_RVT)                                0.082         0.395 r
  u_dc_data/U07/Y (AOI22X1_RVT)                                0.078         0.473 f
  u_dc_data/U19/Y (OAI21X1_RVT)                                0.085         0.558 r
  u_dc_ctrl/U03/Y (MUX21X1_RVT)                                0.064         0.622 r
  u_dc_ctrl/U11/Y (AND2X1_RVT)                                 0.062         0.684 f
  u_dc_ctrl/U22/Y (NOR2X1_RVT)                                 0.053         0.737 r
  u_dc_lru/U05/Y (BUFX4_RVT)                                  0.09         0.827 r
  u_dc_lru/dout_reg[0]/D (DFFARX1_RVT)                        0.063        0.89 f
  data arrival time                                                    0.89

  clock CLK_CORE (rise edge)                                  2     2
  clock network delay (propagated)                        0.137      2.137
  clock uncertainty                                      -0.05   2.087
  u_dc_lru/dout_reg[0]/CK (DFFARX1_RVT)                       0.000       2.087 r
  library setup time                                     -0.076   2.011
  data required time                                                   2.011
  -------------------------------------------------------------------------
  data required time                                                   2.011
  data arrival time                                                   -0.89
  -------------------------------------------------------------------------
  slack (MET)      1.121


=========================================================================
                   DCACHE_TOP -- TIMING SUMMARY
=========================================================================

  Block        : DCACHE_TOP
  Corner       : ff_1p32v_1p32v_n40c
  Check        : min  (Hold — High-voltage fast corner, cold)
  Clock        : CLK_CORE  Period = 2 ns  (500 MHz)
  Technology   : SAED 32nm RVT

  +------------------------------------------------------------------+
  | Sub-Unit          WNS (ns)  TNS (ns)  #Viol   WHS (ns)  #HViol  |
  +------------------------------------------------------------------+
  | u_dc_tag          1.121       0.000       0      0.065        0     |
  | u_dc_data          0.172       0.000       0      0.04        0     |
  | u_dc_ctrl          0.063       0.000       0      0.059        0     |
  | u_dc_lru          0.084       0.000       0      0.091        0     |
  +------------------------------------------------------------------+
  | DCACHE_TOP   1.121       0.000       0      0.065        0     |
  +------------------------------------------------------------------+

  Status : ALL PATHS CLEAN -- No Setup or Hold Violations


=========================================================================
                   TIMING EXCEPTIONS APPLIED
=========================================================================

  set_false_path -from [get_ports SCAN_EN]      -to [all_registers]
  set_false_path -from [get_ports TEST_MODE]     -to [all_registers]
  set_multicycle_path 2 -setup -from [get_cells u_dc_tag/*] -to [get_cells u_dc_lru/*]
  set_multicycle_path 1 -hold  -from [get_cells u_dc_tag/*] -to [get_cells u_dc_lru/*]
  set_input_delay  0.400 -clock CLK_CORE -max [all_inputs]
  set_output_delay 0.350 -clock CLK_CORE -max [all_outputs]


=========================================================================
                   CLOCK DOMAIN SUMMARY
=========================================================================

  Clock    : CLK_CORE
  Period   : 2 ns
  Waveform : {0.000 1}
  Skew     : 0.025 ns  (max across DCACHE_TOP)
  Latency  : 0.137 ns  (max)


=========================================================================
                   CONSTRAINT COVERAGE
=========================================================================

  Total register endpoints   : 6127
  Constrained endpoints      : 4318
  Unconstrained endpoints    :      0
  Coverage                   :  100.0%


=========================================================================
                   TOOL / RUN INFORMATION
=========================================================================

  Tool         : Synopsys PrimeTime 2023.06-SP3
  Run Host     : sta-server-01
  Run Dir      : /proj/cpu_rtl/sta/MEMORY/DCACHE/run_ff_1p32v_1p32v_n40c
  SDC File     : /proj/cpu_rtl/constraints/DCACHE_TOP.sdc
  Netlist      : /proj/cpu_rtl/netlist/DCACHE_TOP.v.gz
  SPEF File    : /proj/cpu_rtl/spef/DCACHE_TOP.spef.gz
  Liberty      : saed32nm_rvt_ff_1p32v_1p32v_n40c.db
  Elapsed Time : 00:01:57
  Peak Memory  : 1.416 GB

=========================================================================
End of Report
=========================================================================
