****************************************
Report : timing
        -path_type full
        -delay_type max
        -max_paths 10
        -sort_by slack
Design : DCACHE_TOP
Version: PrimeTime 2023.06-SP3
Date   : Sat Aug 15 18:20:44 2026
Corner : ss_0p72v_0p72v_125c
Note   : Multicycle 2-cycle — Worst-case corner
****************************************

Operating Conditions : ss_0p72v_0p72v_125c (Library: saed32nm_rvt)
Wire Load Model Mode : Interconnect (StarRC Extracted)

  Startpoint : u_dc_tag/din_reg[0]
               (rising edge-triggered flip-flop clocked by CLK_CORE)
  Endpoint   : u_dc_lru/dout_reg[0]
               (rising edge-triggered flip-flop clocked by CLK_CORE)
  Path Group : CLK_CORE
  Path Type  : max

  Point                                                   Incr        Path
  -------------------------------------------------------------------------
  clock CLK_CORE (rise edge)                                  0.000       0.000
  clock network delay (propagated)                        0.158      0.158
  u_dc_tag/din_reg[0]/CK (DFFARX1_RVT)                        0.000       0.158 r
  u_dc_tag/din_reg[0]/Q  (DFFARX1_RVT)                        0.126         0.284 r
  u_dc_tag/U12/Y (INVX2_RVT)                                  0.034         0.318 f
  u_dc_tag/U34/Y (NAND2X1_RVT)                                0.084         0.402 r
  u_dc_data/U07/Y (AOI22X1_RVT)                                0.085         0.487 f
  u_dc_data/U19/Y (OAI21X1_RVT)                                0.09         0.577 r
  u_dc_ctrl/U03/Y (MUX21X1_RVT)                                0.074         0.651 r
  u_dc_ctrl/U11/Y (AND2X1_RVT)                                 0.082         0.733 f
  u_dc_ctrl/U22/Y (NOR2X1_RVT)                                 0.07         0.803 r
  u_dc_lru/U05/Y (BUFX4_RVT)                                  0.07         0.873 r
  u_dc_lru/dout_reg[0]/D (DFFARX1_RVT)                        0.056        0.929 f
  data arrival time                                                    0.929

  clock CLK_CORE (rise edge)                                  2     2
  clock network delay (propagated)                        0.158      2.158
  clock uncertainty                                      -0.05   2.108
  u_dc_lru/dout_reg[0]/CK (DFFARX1_RVT)                       0.000       2.108 r
  library setup time                                     -0.073   2.035
  data required time                                                   2.035
  -------------------------------------------------------------------------
  data required time                                                   2.035
  data arrival time                                                   -0.929
  -------------------------------------------------------------------------
  slack (MET)      1.106


=========================================================================
                   DCACHE_TOP -- TIMING SUMMARY
=========================================================================

  Block        : DCACHE_TOP
  Corner       : ss_0p72v_0p72v_125c
  Check        : max  (Multicycle 2-cycle — Worst-case corner)
  Clock        : CLK_CORE  Period = 2 ns  (500 MHz)
  Technology   : SAED 32nm RVT

  +------------------------------------------------------------------+
  | Sub-Unit          WNS (ns)  TNS (ns)  #Viol   WHS (ns)  #HViol  |
  +------------------------------------------------------------------+
  | u_dc_tag          1.106       0.000       0      0.066        0     |
  | u_dc_data          0.247       0.000       0      0.092        0     |
  | u_dc_ctrl          0.213       0.000       0      0.093        0     |
  | u_dc_lru          0.182       0.000       0      0.103        0     |
  +------------------------------------------------------------------+
  | DCACHE_TOP   1.106       0.000       0      0.066        0     |
  +------------------------------------------------------------------+

  Status : ALL PATHS CLEAN -- No Setup or Hold Violations


=========================================================================
                   TIMING EXCEPTIONS APPLIED
=========================================================================

  set_false_path -from [get_ports SCAN_EN]      -to [all_registers]
  set_false_path -from [get_ports TEST_MODE]     -to [all_registers]
  set_multicycle_path 2 -setup -from [get_cells u_dc_tag/*] -to [get_cells u_dc_lru/*]
  set_multicycle_path 1 -hold  -from [get_cells u_dc_tag/*] -to [get_cells u_dc_lru/*]
  set_input_delay  0.400 -clock CLK_CORE -max [all_inputs]
  set_output_delay 0.350 -clock CLK_CORE -max [all_outputs]


=========================================================================
                   CLOCK DOMAIN SUMMARY
=========================================================================

  Clock    : CLK_CORE
  Period   : 2 ns
  Waveform : {0.000 1}
  Skew     : 0.02 ns  (max across DCACHE_TOP)
  Latency  : 0.158 ns  (max)


=========================================================================
                   CONSTRAINT COVERAGE
=========================================================================

  Total register endpoints   : 1098
  Constrained endpoints      : 3719
  Unconstrained endpoints    :      0
  Coverage                   :  100.0%


=========================================================================
                   TOOL / RUN INFORMATION
=========================================================================

  Tool         : Synopsys PrimeTime 2023.06-SP3
  Run Host     : sta-server-01
  Run Dir      : /proj/cpu_rtl/sta/MEMORY/DCACHE/run_ss_0p72v_0p72v_125c
  SDC File     : /proj/cpu_rtl/constraints/DCACHE_TOP.sdc
  Netlist      : /proj/cpu_rtl/netlist/DCACHE_TOP.v.gz
  SPEF File    : /proj/cpu_rtl/spef/DCACHE_TOP.spef.gz
  Liberty      : saed32nm_rvt_ss_0p72v_0p72v_125c.db
  Elapsed Time : 00:06:50
  Peak Memory  : 2.41 GB

=========================================================================
End of Report
=========================================================================
