****************************************
Report : timing
        -path_type full
        -delay_type min
        -max_paths 10
        -sort_by slack
Design : DCACHE_TOP
Version: PrimeTime 2023.06-SP3
Date   : Sat Aug 15 18:20:44 2026
Corner : tt_0p90v_0p90v_25c
Note   : Hold post-ECO sign-off — Nominal corner
****************************************

Operating Conditions : tt_0p90v_0p90v_25c (Library: saed32nm_rvt)
Wire Load Model Mode : Interconnect (StarRC Extracted)

  Startpoint : u_dc_tag/din_reg[0]
               (rising edge-triggered flip-flop clocked by CLK_CORE)
  Endpoint   : u_dc_lru/dout_reg[0]
               (rising edge-triggered flip-flop clocked by CLK_CORE)
  Path Group : CLK_CORE
  Path Type  : min

  Point                                                   Incr        Path
  -------------------------------------------------------------------------
  clock CLK_CORE (rise edge)                                  0.000       0.000
  clock network delay (propagated)                        0.149      0.149
  u_dc_tag/din_reg[0]/CK (DFFARX1_RVT)                        0.000       0.149 r
  u_dc_tag/din_reg[0]/Q  (DFFARX1_RVT)                        0.113         0.262 r
  u_dc_tag/U12/Y (INVX2_RVT)                                  0.044         0.306 f
  u_dc_tag/U34/Y (NAND2X1_RVT)                                0.067         0.373 r
  u_dc_data/U07/Y (AOI22X1_RVT)                                0.073         0.446 f
  u_dc_data/U19/Y (OAI21X1_RVT)                                0.116         0.562 r
  u_dc_ctrl/U03/Y (MUX21X1_RVT)                                0.068         0.63 r
  u_dc_ctrl/U11/Y (AND2X1_RVT)                                 0.064         0.694 f
  u_dc_ctrl/U22/Y (NOR2X1_RVT)                                 0.038         0.732 r
  u_dc_lru/U05/Y (BUFX4_RVT)                                  0.075         0.807 r
  u_dc_lru/dout_reg[0]/D (DFFARX1_RVT)                        0.069        0.876 f
  data arrival time                                                    0.876

  clock CLK_CORE (rise edge)                                  2     2
  clock network delay (propagated)                        0.149      2.149
  clock uncertainty                                      -0.05   2.099
  u_dc_lru/dout_reg[0]/CK (DFFARX1_RVT)                       0.000       2.099 r
  library setup time                                     -0.076   2.023
  data required time                                                   2.023
  -------------------------------------------------------------------------
  data required time                                                   2.023
  data arrival time                                                   -0.876
  -------------------------------------------------------------------------
  slack (MET)      1.147


=========================================================================
                   DCACHE_TOP -- TIMING SUMMARY
=========================================================================

  Block        : DCACHE_TOP
  Corner       : tt_0p90v_0p90v_25c
  Check        : min  (Hold post-ECO sign-off — Nominal corner)
  Clock        : CLK_CORE  Period = 2 ns  (500 MHz)
  Technology   : SAED 32nm RVT

  +------------------------------------------------------------------+
  | Sub-Unit          WNS (ns)  TNS (ns)  #Viol   WHS (ns)  #HViol  |
  +------------------------------------------------------------------+
  | u_dc_tag          1.147       0.000       0      0.119        0     |
  | u_dc_data          0.169       0.000       0      0.075        0     |
  | u_dc_ctrl          0.175       0.000       0      0.087        0     |
  | u_dc_lru          0.168       0.000       0      0.088        0     |
  +------------------------------------------------------------------+
  | DCACHE_TOP   1.147       0.000       0      0.119        0     |
  +------------------------------------------------------------------+

  Status : ALL PATHS CLEAN -- No Setup or Hold Violations


=========================================================================
                   TIMING EXCEPTIONS APPLIED
=========================================================================

  set_false_path -from [get_ports SCAN_EN]      -to [all_registers]
  set_false_path -from [get_ports TEST_MODE]     -to [all_registers]
  set_multicycle_path 2 -setup -from [get_cells u_dc_tag/*] -to [get_cells u_dc_lru/*]
  set_multicycle_path 1 -hold  -from [get_cells u_dc_tag/*] -to [get_cells u_dc_lru/*]
  set_input_delay  0.400 -clock CLK_CORE -max [all_inputs]
  set_output_delay 0.350 -clock CLK_CORE -max [all_outputs]


=========================================================================
                   CLOCK DOMAIN SUMMARY
=========================================================================

  Clock    : CLK_CORE
  Period   : 2 ns
  Waveform : {0.000 1}
  Skew     : 0.027 ns  (max across DCACHE_TOP)
  Latency  : 0.149 ns  (max)


=========================================================================
                   CONSTRAINT COVERAGE
=========================================================================

  Total register endpoints   : 4673
  Constrained endpoints      : 6010
  Unconstrained endpoints    :      0
  Coverage                   :  100.0%


=========================================================================
                   TOOL / RUN INFORMATION
=========================================================================

  Tool         : Synopsys PrimeTime 2023.06-SP3
  Run Host     : sta-server-01
  Run Dir      : /proj/cpu_rtl/sta/MEMORY/DCACHE/run_tt_0p90v_0p90v_25c
  SDC File     : /proj/cpu_rtl/constraints/DCACHE_TOP.sdc
  Netlist      : /proj/cpu_rtl/netlist/DCACHE_TOP.v.gz
  SPEF File    : /proj/cpu_rtl/spef/DCACHE_TOP.spef.gz
  Liberty      : saed32nm_rvt_tt_0p90v_0p90v_25c.db
  Elapsed Time : 00:05:31
  Peak Memory  : 1.888 GB

=========================================================================
End of Report
=========================================================================
