****************************************
Report : timing
        -path_type full
        -delay_type min
        -max_paths 10
        -sort_by slack
Design : DCACHE_TOP
Version: PrimeTime 2023.06-SP3
Date   : Sat Aug 15 18:20:44 2026
Corner : ff_1p16v_1p16v_n40c
Note   : Hold with Signal Integrity (crosstalk) — Fast cold
****************************************

Operating Conditions : ff_1p16v_1p16v_n40c (Library: saed32nm_rvt)
Wire Load Model Mode : Interconnect (StarRC Extracted)

  Startpoint : u_dc_tag/din_reg[0]
               (rising edge-triggered flip-flop clocked by CLK_CORE)
  Endpoint   : u_dc_lru/dout_reg[0]
               (rising edge-triggered flip-flop clocked by CLK_CORE)
  Path Group : CLK_CORE
  Path Type  : min

  Point                                                   Incr        Path
  -------------------------------------------------------------------------
  clock CLK_CORE (rise edge)                                  0.000       0.000
  clock network delay (propagated)                        0.16      0.16
  u_dc_tag/din_reg[0]/CK (DFFARX1_RVT)                        0.000       0.16 r
  u_dc_tag/din_reg[0]/Q  (DFFARX1_RVT)                        0.137         0.297 r
  u_dc_tag/U12/Y (INVX2_RVT)                                  0.046         0.343 f
  u_dc_tag/U34/Y (NAND2X1_RVT)                                0.067         0.41 r
  u_dc_data/U07/Y (AOI22X1_RVT)                                0.095         0.505 f
  u_dc_data/U19/Y (OAI21X1_RVT)                                0.112         0.617 r
  u_dc_ctrl/U03/Y (MUX21X1_RVT)                                0.085         0.702 r
  u_dc_ctrl/U11/Y (AND2X1_RVT)                                 0.061         0.763 f
  u_dc_ctrl/U22/Y (NOR2X1_RVT)                                 0.057         0.82 r
  u_dc_lru/U05/Y (BUFX4_RVT)                                  0.06         0.88 r
  u_dc_lru/dout_reg[0]/D (DFFARX1_RVT)                        0.074        0.954 f
  data arrival time                                                    0.954

  clock CLK_CORE (rise edge)                                  2     2
  clock network delay (propagated)                        0.16      2.16
  clock uncertainty                                      -0.05   2.11
  u_dc_lru/dout_reg[0]/CK (DFFARX1_RVT)                       0.000       2.11 r
  library setup time                                     -0.083   2.027
  data required time                                                   2.027
  -------------------------------------------------------------------------
  data required time                                                   2.027
  data arrival time                                                   -0.954
  -------------------------------------------------------------------------
  slack (MET)      1.073


=========================================================================
                   DCACHE_TOP -- TIMING SUMMARY
=========================================================================

  Block        : DCACHE_TOP
  Corner       : ff_1p16v_1p16v_n40c
  Check        : min  (Hold with Signal Integrity (crosstalk) — Fast cold)
  Clock        : CLK_CORE  Period = 2 ns  (500 MHz)
  Technology   : SAED 32nm RVT

  +------------------------------------------------------------------+
  | Sub-Unit          WNS (ns)  TNS (ns)  #Viol   WHS (ns)  #HViol  |
  +------------------------------------------------------------------+
  | u_dc_tag          1.073       0.000       0      0.066        0     |
  | u_dc_data          0.172       0.000       0      0.085        0     |
  | u_dc_ctrl          0.092       0.000       0      0.093        0     |
  | u_dc_lru          0.203       0.000       0      0.122        0     |
  +------------------------------------------------------------------+
  | DCACHE_TOP   1.073       0.000       0      0.066        0     |
  +------------------------------------------------------------------+

  Status : ALL PATHS CLEAN -- No Setup or Hold Violations


=========================================================================
                   TIMING EXCEPTIONS APPLIED
=========================================================================

  set_false_path -from [get_ports SCAN_EN]      -to [all_registers]
  set_false_path -from [get_ports TEST_MODE]     -to [all_registers]
  set_multicycle_path 2 -setup -from [get_cells u_dc_tag/*] -to [get_cells u_dc_lru/*]
  set_multicycle_path 1 -hold  -from [get_cells u_dc_tag/*] -to [get_cells u_dc_lru/*]
  set_input_delay  0.400 -clock CLK_CORE -max [all_inputs]
  set_output_delay 0.350 -clock CLK_CORE -max [all_outputs]


=========================================================================
                   CLOCK DOMAIN SUMMARY
=========================================================================

  Clock    : CLK_CORE
  Period   : 2 ns
  Waveform : {0.000 1}
  Skew     : 0.017 ns  (max across DCACHE_TOP)
  Latency  : 0.16 ns  (max)


=========================================================================
                   CONSTRAINT COVERAGE
=========================================================================

  Total register endpoints   : 5585
  Constrained endpoints      : 3596
  Unconstrained endpoints    :      0
  Coverage                   :  100.0%


=========================================================================
                   TOOL / RUN INFORMATION
=========================================================================

  Tool         : Synopsys PrimeTime 2023.06-SP3
  Run Host     : sta-server-01
  Run Dir      : /proj/cpu_rtl/sta/MEMORY/DCACHE/run_ff_1p16v_1p16v_n40c
  SDC File     : /proj/cpu_rtl/constraints/DCACHE_TOP.sdc
  Netlist      : /proj/cpu_rtl/netlist/DCACHE_TOP.v.gz
  SPEF File    : /proj/cpu_rtl/spef/DCACHE_TOP.spef.gz
  Liberty      : saed32nm_rvt_ff_1p16v_1p16v_n40c.db
  Elapsed Time : 00:04:31
  Peak Memory  : 3.211 GB

=========================================================================
End of Report
=========================================================================
