****************************************
Report : timing
        -path_type full
        -delay_type min
        -max_paths 10
        -sort_by slack
Design : PHT_TOP
Version: PrimeTime 2023.06-SP3
Date   : Sat Aug 15 17:34:53 2026
Corner : ff_1p16v_1p16v_n40c
Note   : Worst-case Hold  — Fast corner, cold temp
****************************************

Operating Conditions : ff_1p16v_1p16v_n40c (Library: saed32nm_rvt)
Wire Load Model Mode : Interconnect (StarRC Extracted)

  Startpoint : u_pht_ram/din_reg[0]
               (rising edge-triggered flip-flop clocked by CLK_CORE)
  Endpoint   : u_pht_rd/dout_reg[0]
               (rising edge-triggered flip-flop clocked by CLK_CORE)
  Path Group : CLK_CORE
  Path Type  : min

  Point                                                   Incr        Path
  -------------------------------------------------------------------------
  clock CLK_CORE (rise edge)                                  0.000       0.000
  clock network delay (propagated)                        0.138      0.138
  u_pht_ram/din_reg[0]/CK (DFFARX1_RVT)                        0.000       0.138 r
  u_pht_ram/din_reg[0]/Q  (DFFARX1_RVT)                        0.119       0.257 r
  u_pht_ram/U12/Y (INVX2_RVT)                                  0.052       0.309 f
  u_pht_ram/U34/Y (NAND2X1_RVT)                                0.074       0.383 r
  u_pht_cnt/U07/Y (AOI22X1_RVT)                                0.087       0.47 f
  u_pht_cnt/U19/Y (OAI21X1_RVT)                                0.085       0.555 r
  u_pht_upd/U03/Y (MUX21X1_RVT)                                0.073       0.628 r
  u_pht_upd/U11/Y (AND2X1_RVT)                                 0.076       0.704 f
  u_pht_upd/U22/Y (NOR2X1_RVT)                                 0.052       0.756 r
  u_pht_rd/U05/Y (BUFX4_RVT)                                  0.074       0.83 r
  u_pht_rd/dout_reg[0]/D (DFFARX1_RVT)                        0.061      0.891 f
  data arrival time                                                    0.891

  clock CLK_CORE (rise edge)                                  2     2
  clock network delay (propagated)                        0.138      2.138
  clock uncertainty                                      -0.05   2.088
  u_pht_rd/dout_reg[0]/CK (DFFARX1_RVT)                       0.000       2.088 r
  library setup time                                     -0.078   2.01
  data required time                                                   2.01
  -------------------------------------------------------------------------
  data required time                                                   2.01
  data arrival time                                                   -0.891
  -------------------------------------------------------------------------
  slack (MET)   1.119


=========================================================================
                   PHT_TOP — TIMING SUMMARY
=========================================================================

  Block        : PHT_TOP
  Corner       : ff_1p16v_1p16v_n40c
  Check        : min  (Worst-case Hold  — Fast corner, cold temp)
  Clock        : CLK_CORE  Period = 2 ns  (500 MHz)
  Technology   : SAED 32nm RVT

  ┌────────────────────────────────────────────────────────────────┐
  │ Sub-Unit      WNS (ns)  TNS (ns)  #Viol   WHS (ns)  #HViol  │
  ├────────────────────────────────────────────────────────────────┤
  │ u_pht_ram          1.119       0        0      0.114        0     │
  │ u_pht_cnt          0.134       0        0      0.111        0     │
  │ u_pht_upd          0.072       0        0      0.12        0     │
  │ u_pht_rd          0.168       0        0      0.073        0     │
  ├────────────────────────────────────────────────────────────────┤
  │ PHT_TOP  1.119       0        0      0.114        0     │
  └────────────────────────────────────────────────────────────────┘

  Status : ALL PATHS CLEAN — No Setup or Hold Violations


=========================================================================
                   TIMING EXCEPTIONS APPLIED
=========================================================================

  set_false_path -from [get_ports SCAN_EN]      -to [all_registers]
  set_false_path -from [get_ports TEST_MODE]     -to [all_registers]
  set_multicycle_path 2 -setup -from [get_cells u_pht_ram/*] -to [get_cells u_pht_rd/*]
  set_multicycle_path 1 -hold  -from [get_cells u_pht_ram/*] -to [get_cells u_pht_rd/*]
  set_input_delay  0.400 -clock CLK_CORE -max [all_inputs]
  set_output_delay 0.350 -clock CLK_CORE -max [all_outputs]


=========================================================================
                   CLOCK DOMAIN SUMMARY
=========================================================================

  Clock    : CLK_CORE
  Period   : 2 ns
  Waveform : {0.000 1}
  Skew     : 0.018 ns  (max across PHT_TOP)
  Latency  : 0.138 ns  (max)


=========================================================================
                   CONSTRAINT COVERAGE
=========================================================================

  Total register endpoints   : 5855
  Constrained endpoints      : 2420
  Unconstrained endpoints    :      0
  Coverage                   :  100.0%


=========================================================================
                   TOOL / RUN INFORMATION
=========================================================================

  Tool         : Synopsys PrimeTime 2023.06-SP3
  Run Host     : sta-server-01
  Run Dir      : /proj/cpu_rtl/sta/FETCH/BPU/PHT/run_ff_1p16v_1p16v_n40c
  SDC File     : /proj/cpu_rtl/constraints/PHT_TOP.sdc
  Netlist      : /proj/cpu_rtl/netlist/PHT_TOP.v.gz
  SPEF File    : /proj/cpu_rtl/spef/PHT_TOP.spef.gz
  Liberty      : saed32nm_rvt_ff_1p16v_1p16v_n40c.db
  Elapsed Time : 00:08:14
  Peak Memory  : 4.589 GB

=========================================================================
End of Report
=========================================================================
