****************************************
Report : timing
        -path_type full
        -delay_type min
        -max_paths 10
        -sort_by slack
Design : PHT_TOP
Version: PrimeTime 2023.06-SP3
Date   : Sat Aug 15 17:34:53 2026
Corner : tt_0p90v_0p90v_25c
Note   : Typical Hold    — Nominal corner
****************************************

Operating Conditions : tt_0p90v_0p90v_25c (Library: saed32nm_rvt)
Wire Load Model Mode : Interconnect (StarRC Extracted)

  Startpoint : u_pht_ram/din_reg[0]
               (rising edge-triggered flip-flop clocked by CLK_CORE)
  Endpoint   : u_pht_rd/dout_reg[0]
               (rising edge-triggered flip-flop clocked by CLK_CORE)
  Path Group : CLK_CORE
  Path Type  : min

  Point                                                   Incr        Path
  -------------------------------------------------------------------------
  clock CLK_CORE (rise edge)                                  0.000       0.000
  clock network delay (propagated)                        0.153      0.153
  u_pht_ram/din_reg[0]/CK (DFFARX1_RVT)                        0.000       0.153 r
  u_pht_ram/din_reg[0]/Q  (DFFARX1_RVT)                        0.135       0.288 r
  u_pht_ram/U12/Y (INVX2_RVT)                                  0.035       0.323 f
  u_pht_ram/U34/Y (NAND2X1_RVT)                                0.077       0.4 r
  u_pht_cnt/U07/Y (AOI22X1_RVT)                                0.077       0.477 f
  u_pht_cnt/U19/Y (OAI21X1_RVT)                                0.096       0.573 r
  u_pht_upd/U03/Y (MUX21X1_RVT)                                0.097       0.67 r
  u_pht_upd/U11/Y (AND2X1_RVT)                                 0.063       0.733 f
  u_pht_upd/U22/Y (NOR2X1_RVT)                                 0.045       0.778 r
  u_pht_rd/U05/Y (BUFX4_RVT)                                  0.085       0.863 r
  u_pht_rd/dout_reg[0]/D (DFFARX1_RVT)                        0.077      0.94 f
  data arrival time                                                    0.94

  clock CLK_CORE (rise edge)                                  2     2
  clock network delay (propagated)                        0.153      2.153
  clock uncertainty                                      -0.05   2.103
  u_pht_rd/dout_reg[0]/CK (DFFARX1_RVT)                       0.000       2.103 r
  library setup time                                     -0.083   2.02
  data required time                                                   2.02
  -------------------------------------------------------------------------
  data required time                                                   2.02
  data arrival time                                                   -0.94
  -------------------------------------------------------------------------
  slack (MET)   1.08


=========================================================================
                   PHT_TOP — TIMING SUMMARY
=========================================================================

  Block        : PHT_TOP
  Corner       : tt_0p90v_0p90v_25c
  Check        : min  (Typical Hold    — Nominal corner)
  Clock        : CLK_CORE  Period = 2 ns  (500 MHz)
  Technology   : SAED 32nm RVT

  ┌────────────────────────────────────────────────────────────────┐
  │ Sub-Unit      WNS (ns)  TNS (ns)  #Viol   WHS (ns)  #HViol  │
  ├────────────────────────────────────────────────────────────────┤
  │ u_pht_ram          1.08       0        0      0.119        0     │
  │ u_pht_cnt          0.187       0        0      0.087        0     │
  │ u_pht_upd          0.178       0        0      0.102        0     │
  │ u_pht_rd          0.106       0        0      0.089        0     │
  ├────────────────────────────────────────────────────────────────┤
  │ PHT_TOP  1.08       0        0      0.119        0     │
  └────────────────────────────────────────────────────────────────┘

  Status : ALL PATHS CLEAN — No Setup or Hold Violations


=========================================================================
                   TIMING EXCEPTIONS APPLIED
=========================================================================

  set_false_path -from [get_ports SCAN_EN]      -to [all_registers]
  set_false_path -from [get_ports TEST_MODE]     -to [all_registers]
  set_multicycle_path 2 -setup -from [get_cells u_pht_ram/*] -to [get_cells u_pht_rd/*]
  set_multicycle_path 1 -hold  -from [get_cells u_pht_ram/*] -to [get_cells u_pht_rd/*]
  set_input_delay  0.400 -clock CLK_CORE -max [all_inputs]
  set_output_delay 0.350 -clock CLK_CORE -max [all_outputs]


=========================================================================
                   CLOCK DOMAIN SUMMARY
=========================================================================

  Clock    : CLK_CORE
  Period   : 2 ns
  Waveform : {0.000 1}
  Skew     : 0.018 ns  (max across PHT_TOP)
  Latency  : 0.153 ns  (max)


=========================================================================
                   CONSTRAINT COVERAGE
=========================================================================

  Total register endpoints   : 1178
  Constrained endpoints      : 1523
  Unconstrained endpoints    :      0
  Coverage                   :  100.0%


=========================================================================
                   TOOL / RUN INFORMATION
=========================================================================

  Tool         : Synopsys PrimeTime 2023.06-SP3
  Run Host     : sta-server-01
  Run Dir      : /proj/cpu_rtl/sta/FETCH/BPU/PHT/run_tt_0p90v_0p90v_25c
  SDC File     : /proj/cpu_rtl/constraints/PHT_TOP.sdc
  Netlist      : /proj/cpu_rtl/netlist/PHT_TOP.v.gz
  SPEF File    : /proj/cpu_rtl/spef/PHT_TOP.spef.gz
  Liberty      : saed32nm_rvt_tt_0p90v_0p90v_25c.db
  Elapsed Time : 00:06:50
  Peak Memory  : 2.483 GB

=========================================================================
End of Report
=========================================================================
