****************************************
Report : timing
        -path_type full
        -delay_type max
        -max_paths 10
        -sort_by slack
Design : PHT_TOP
Version: PrimeTime 2023.06-SP3
Date   : Sat Aug 15 17:34:53 2026
Corner : ss_0p63v_0p63v_125c
Note   : Low-Vdd Setup   — Ultra-low voltage corner
****************************************

Operating Conditions : ss_0p63v_0p63v_125c (Library: saed32nm_rvt)
Wire Load Model Mode : Interconnect (StarRC Extracted)

  Startpoint : u_pht_ram/din_reg[0]
               (rising edge-triggered flip-flop clocked by CLK_CORE)
  Endpoint   : u_pht_rd/dout_reg[0]
               (rising edge-triggered flip-flop clocked by CLK_CORE)
  Path Group : CLK_CORE
  Path Type  : max

  Point                                                   Incr        Path
  -------------------------------------------------------------------------
  clock CLK_CORE (rise edge)                                  0.000       0.000
  clock network delay (propagated)                        0.165      0.165
  u_pht_ram/din_reg[0]/CK (DFFARX1_RVT)                        0.000       0.165 r
  u_pht_ram/din_reg[0]/Q  (DFFARX1_RVT)                        0.13       0.295 r
  u_pht_ram/U12/Y (INVX2_RVT)                                  0.031       0.326 f
  u_pht_ram/U34/Y (NAND2X1_RVT)                                0.066       0.392 r
  u_pht_cnt/U07/Y (AOI22X1_RVT)                                0.08       0.472 f
  u_pht_cnt/U19/Y (OAI21X1_RVT)                                0.089       0.561 r
  u_pht_upd/U03/Y (MUX21X1_RVT)                                0.099       0.66 r
  u_pht_upd/U11/Y (AND2X1_RVT)                                 0.051       0.711 f
  u_pht_upd/U22/Y (NOR2X1_RVT)                                 0.042       0.753 r
  u_pht_rd/U05/Y (BUFX4_RVT)                                  0.059       0.812 r
  u_pht_rd/dout_reg[0]/D (DFFARX1_RVT)                        0.067      0.879 f
  data arrival time                                                    0.879

  clock CLK_CORE (rise edge)                                  2     2
  clock network delay (propagated)                        0.165      2.165
  clock uncertainty                                      -0.05   2.115
  u_pht_rd/dout_reg[0]/CK (DFFARX1_RVT)                       0.000       2.115 r
  library setup time                                     -0.07   2.045
  data required time                                                   2.045
  -------------------------------------------------------------------------
  data required time                                                   2.045
  data arrival time                                                   -0.879
  -------------------------------------------------------------------------
  slack (MET)   1.166


=========================================================================
                   PHT_TOP — TIMING SUMMARY
=========================================================================

  Block        : PHT_TOP
  Corner       : ss_0p63v_0p63v_125c
  Check        : max  (Low-Vdd Setup   — Ultra-low voltage corner)
  Clock        : CLK_CORE  Period = 2 ns  (500 MHz)
  Technology   : SAED 32nm RVT

  ┌────────────────────────────────────────────────────────────────┐
  │ Sub-Unit      WNS (ns)  TNS (ns)  #Viol   WHS (ns)  #HViol  │
  ├────────────────────────────────────────────────────────────────┤
  │ u_pht_ram          1.166       0        0      0.071        0     │
  │ u_pht_cnt          0.157       0        0      0.056        0     │
  │ u_pht_upd          0.187       0        0      0.125        0     │
  │ u_pht_rd          0.129       0        0      0.06        0     │
  ├────────────────────────────────────────────────────────────────┤
  │ PHT_TOP  1.166       0        0      0.071        0     │
  └────────────────────────────────────────────────────────────────┘

  Status : ALL PATHS CLEAN — No Setup or Hold Violations


=========================================================================
                   TIMING EXCEPTIONS APPLIED
=========================================================================

  set_false_path -from [get_ports SCAN_EN]      -to [all_registers]
  set_false_path -from [get_ports TEST_MODE]     -to [all_registers]
  set_multicycle_path 2 -setup -from [get_cells u_pht_ram/*] -to [get_cells u_pht_rd/*]
  set_multicycle_path 1 -hold  -from [get_cells u_pht_ram/*] -to [get_cells u_pht_rd/*]
  set_input_delay  0.400 -clock CLK_CORE -max [all_inputs]
  set_output_delay 0.350 -clock CLK_CORE -max [all_outputs]


=========================================================================
                   CLOCK DOMAIN SUMMARY
=========================================================================

  Clock    : CLK_CORE
  Period   : 2 ns
  Waveform : {0.000 1}
  Skew     : 0.019 ns  (max across PHT_TOP)
  Latency  : 0.165 ns  (max)


=========================================================================
                   CONSTRAINT COVERAGE
=========================================================================

  Total register endpoints   : 1736
  Constrained endpoints      : 2968
  Unconstrained endpoints    :      0
  Coverage                   :  100.0%


=========================================================================
                   TOOL / RUN INFORMATION
=========================================================================

  Tool         : Synopsys PrimeTime 2023.06-SP3
  Run Host     : sta-server-01
  Run Dir      : /proj/cpu_rtl/sta/FETCH/BPU/PHT/run_ss_0p63v_0p63v_125c
  SDC File     : /proj/cpu_rtl/constraints/PHT_TOP.sdc
  Netlist      : /proj/cpu_rtl/netlist/PHT_TOP.v.gz
  SPEF File    : /proj/cpu_rtl/spef/PHT_TOP.spef.gz
  Liberty      : saed32nm_rvt_ss_0p63v_0p63v_125c.db
  Elapsed Time : 00:08:26
  Peak Memory  : 1.545 GB

=========================================================================
End of Report
=========================================================================
