****************************************
Report : timing
        -path_type full
        -delay_type max
        -max_paths 10
        -sort_by slack
Design : PHT_TOP
Version: PrimeTime 2023.06-SP3
Date   : Sat Aug 15 17:34:53 2026
Corner : tt_0p90v_0p90v_25c
Note   : Clock Gating Check — Nominal corner
****************************************

Operating Conditions : tt_0p90v_0p90v_25c (Library: saed32nm_rvt)
Wire Load Model Mode : Interconnect (StarRC Extracted)

  Startpoint : u_pht_ram/din_reg[0]
               (rising edge-triggered flip-flop clocked by CLK_CORE)
  Endpoint   : u_pht_rd/dout_reg[0]
               (rising edge-triggered flip-flop clocked by CLK_CORE)
  Path Group : CLK_CORE
  Path Type  : max

  Point                                                   Incr        Path
  -------------------------------------------------------------------------
  clock CLK_CORE (rise edge)                                  0.000       0.000
  clock network delay (propagated)                        0.141      0.141
  u_pht_ram/din_reg[0]/CK (DFFARX1_RVT)                        0.000       0.141 r
  u_pht_ram/din_reg[0]/Q  (DFFARX1_RVT)                        0.12       0.261 r
  u_pht_ram/U12/Y (INVX2_RVT)                                  0.046       0.307 f
  u_pht_ram/U34/Y (NAND2X1_RVT)                                0.095       0.402 r
  u_pht_cnt/U07/Y (AOI22X1_RVT)                                0.109       0.511 f
  u_pht_cnt/U19/Y (OAI21X1_RVT)                                0.106       0.617 r
  u_pht_upd/U03/Y (MUX21X1_RVT)                                0.07       0.687 r
  u_pht_upd/U11/Y (AND2X1_RVT)                                 0.074       0.761 f
  u_pht_upd/U22/Y (NOR2X1_RVT)                                 0.049       0.81 r
  u_pht_rd/U05/Y (BUFX4_RVT)                                  0.058       0.868 r
  u_pht_rd/dout_reg[0]/D (DFFARX1_RVT)                        0.052      0.92 f
  data arrival time                                                    0.92

  clock CLK_CORE (rise edge)                                  2     2
  clock network delay (propagated)                        0.141      2.141
  clock uncertainty                                      -0.05   2.091
  u_pht_rd/dout_reg[0]/CK (DFFARX1_RVT)                       0.000       2.091 r
  library setup time                                     -0.073   2.018
  data required time                                                   2.018
  -------------------------------------------------------------------------
  data required time                                                   2.018
  data arrival time                                                   -0.92
  -------------------------------------------------------------------------
  slack (MET)   1.098


=========================================================================
                   PHT_TOP — TIMING SUMMARY
=========================================================================

  Block        : PHT_TOP
  Corner       : tt_0p90v_0p90v_25c
  Check        : max  (Clock Gating Check — Nominal corner)
  Clock        : CLK_CORE  Period = 2 ns  (500 MHz)
  Technology   : SAED 32nm RVT

  ┌────────────────────────────────────────────────────────────────┐
  │ Sub-Unit      WNS (ns)  TNS (ns)  #Viol   WHS (ns)  #HViol  │
  ├────────────────────────────────────────────────────────────────┤
  │ u_pht_ram          1.098       0        0      0.116        0     │
  │ u_pht_cnt          0.149       0        0      0.105        0     │
  │ u_pht_upd          0.177       0        0      0.115        0     │
  │ u_pht_rd          0.096       0        0      0.078        0     │
  ├────────────────────────────────────────────────────────────────┤
  │ PHT_TOP  1.098       0        0      0.116        0     │
  └────────────────────────────────────────────────────────────────┘

  Status : ALL PATHS CLEAN — No Setup or Hold Violations


=========================================================================
                   TIMING EXCEPTIONS APPLIED
=========================================================================

  set_false_path -from [get_ports SCAN_EN]      -to [all_registers]
  set_false_path -from [get_ports TEST_MODE]     -to [all_registers]
  set_multicycle_path 2 -setup -from [get_cells u_pht_ram/*] -to [get_cells u_pht_rd/*]
  set_multicycle_path 1 -hold  -from [get_cells u_pht_ram/*] -to [get_cells u_pht_rd/*]
  set_input_delay  0.400 -clock CLK_CORE -max [all_inputs]
  set_output_delay 0.350 -clock CLK_CORE -max [all_outputs]


=========================================================================
                   CLOCK DOMAIN SUMMARY
=========================================================================

  Clock    : CLK_CORE
  Period   : 2 ns
  Waveform : {0.000 1}
  Skew     : 0.021 ns  (max across PHT_TOP)
  Latency  : 0.141 ns  (max)


=========================================================================
                   CONSTRAINT COVERAGE
=========================================================================

  Total register endpoints   : 5927
  Constrained endpoints      : 5713
  Unconstrained endpoints    :      0
  Coverage                   :  100.0%


=========================================================================
                   TOOL / RUN INFORMATION
=========================================================================

  Tool         : Synopsys PrimeTime 2023.06-SP3
  Run Host     : sta-server-01
  Run Dir      : /proj/cpu_rtl/sta/FETCH/BPU/PHT/run_tt_0p90v_0p90v_25c
  SDC File     : /proj/cpu_rtl/constraints/PHT_TOP.sdc
  Netlist      : /proj/cpu_rtl/netlist/PHT_TOP.v.gz
  SPEF File    : /proj/cpu_rtl/spef/PHT_TOP.spef.gz
  Liberty      : saed32nm_rvt_tt_0p90v_0p90v_25c.db
  Elapsed Time : 00:04:44
  Peak Memory  : 3.312 GB

=========================================================================
End of Report
=========================================================================
