****************************************
Report : timing
        -path_type full
        -delay_type max
        -max_paths 10
        -sort_by slack
Design : PHT_TOP
Version: PrimeTime 2023.06-SP3
Date   : Sat Aug 15 17:34:53 2026
Corner : tt_0p90v_0p90v_25c
Note   : Multicycle Path Check — 2-cycle paths
****************************************

Operating Conditions : tt_0p90v_0p90v_25c (Library: saed32nm_rvt)
Wire Load Model Mode : Interconnect (StarRC Extracted)

  Startpoint : u_pht_ram/din_reg[0]
               (rising edge-triggered flip-flop clocked by CLK_CORE)
  Endpoint   : u_pht_rd/dout_reg[0]
               (rising edge-triggered flip-flop clocked by CLK_CORE)
  Path Group : CLK_CORE
  Path Type  : max

  Point                                                   Incr        Path
  -------------------------------------------------------------------------
  clock CLK_CORE (rise edge)                                  0.000       0.000
  clock network delay (propagated)                        0.137      0.137
  u_pht_ram/din_reg[0]/CK (DFFARX1_RVT)                        0.000       0.137 r
  u_pht_ram/din_reg[0]/Q  (DFFARX1_RVT)                        0.135       0.272 r
  u_pht_ram/U12/Y (INVX2_RVT)                                  0.053       0.325 f
  u_pht_ram/U34/Y (NAND2X1_RVT)                                0.067       0.392 r
  u_pht_cnt/U07/Y (AOI22X1_RVT)                                0.091       0.483 f
  u_pht_cnt/U19/Y (OAI21X1_RVT)                                0.092       0.575 r
  u_pht_upd/U03/Y (MUX21X1_RVT)                                0.06       0.635 r
  u_pht_upd/U11/Y (AND2X1_RVT)                                 0.069       0.704 f
  u_pht_upd/U22/Y (NOR2X1_RVT)                                 0.058       0.762 r
  u_pht_rd/U05/Y (BUFX4_RVT)                                  0.075       0.837 r
  u_pht_rd/dout_reg[0]/D (DFFARX1_RVT)                        0.071      0.908 f
  data arrival time                                                    0.908

  clock CLK_CORE (rise edge)                                  2     2
  clock network delay (propagated)                        0.137      2.137
  clock uncertainty                                      -0.05   2.087
  u_pht_rd/dout_reg[0]/CK (DFFARX1_RVT)                       0.000       2.087 r
  library setup time                                     -0.08   2.007
  data required time                                                   2.007
  -------------------------------------------------------------------------
  data required time                                                   2.007
  data arrival time                                                   -0.908
  -------------------------------------------------------------------------
  slack (MET)   1.099


=========================================================================
                   PHT_TOP — TIMING SUMMARY
=========================================================================

  Block        : PHT_TOP
  Corner       : tt_0p90v_0p90v_25c
  Check        : max  (Multicycle Path Check — 2-cycle paths)
  Clock        : CLK_CORE  Period = 2 ns  (500 MHz)
  Technology   : SAED 32nm RVT

  ┌────────────────────────────────────────────────────────────────┐
  │ Sub-Unit      WNS (ns)  TNS (ns)  #Viol   WHS (ns)  #HViol  │
  ├────────────────────────────────────────────────────────────────┤
  │ u_pht_ram          1.099       0        0      0.063        0     │
  │ u_pht_cnt          0.176       0        0      0.063        0     │
  │ u_pht_upd          0.139       0        0      0.102        0     │
  │ u_pht_rd          0.151       0        0      0.106        0     │
  ├────────────────────────────────────────────────────────────────┤
  │ PHT_TOP  1.099       0        0      0.063        0     │
  └────────────────────────────────────────────────────────────────┘

  Status : ALL PATHS CLEAN — No Setup or Hold Violations


=========================================================================
                   TIMING EXCEPTIONS APPLIED
=========================================================================

  set_false_path -from [get_ports SCAN_EN]      -to [all_registers]
  set_false_path -from [get_ports TEST_MODE]     -to [all_registers]
  set_multicycle_path 2 -setup -from [get_cells u_pht_ram/*] -to [get_cells u_pht_rd/*]
  set_multicycle_path 1 -hold  -from [get_cells u_pht_ram/*] -to [get_cells u_pht_rd/*]
  set_input_delay  0.400 -clock CLK_CORE -max [all_inputs]
  set_output_delay 0.350 -clock CLK_CORE -max [all_outputs]


=========================================================================
                   CLOCK DOMAIN SUMMARY
=========================================================================

  Clock    : CLK_CORE
  Period   : 2 ns
  Waveform : {0.000 1}
  Skew     : 0.024 ns  (max across PHT_TOP)
  Latency  : 0.137 ns  (max)


=========================================================================
                   CONSTRAINT COVERAGE
=========================================================================

  Total register endpoints   : 1965
  Constrained endpoints      : 3335
  Unconstrained endpoints    :      0
  Coverage                   :  100.0%


=========================================================================
                   TOOL / RUN INFORMATION
=========================================================================

  Tool         : Synopsys PrimeTime 2023.06-SP3
  Run Host     : sta-server-01
  Run Dir      : /proj/cpu_rtl/sta/FETCH/BPU/PHT/run_tt_0p90v_0p90v_25c
  SDC File     : /proj/cpu_rtl/constraints/PHT_TOP.sdc
  Netlist      : /proj/cpu_rtl/netlist/PHT_TOP.v.gz
  SPEF File    : /proj/cpu_rtl/spef/PHT_TOP.spef.gz
  Liberty      : saed32nm_rvt_tt_0p90v_0p90v_25c.db
  Elapsed Time : 00:04:43
  Peak Memory  : 3.527 GB

=========================================================================
End of Report
=========================================================================
