================================================================================
  STA BLOCK DUMP LOG  —  PHT_TOP
================================================================================

  Block Directory : D:\Certificates\PD_STA_REPORTS\FETCH\BPU\PHT
  Design          : PHT_TOP
  Parsed At       : 2026-08-15T22:16:48
  Total Reports   : 11


OWNERSHIP
----------------------------------------
  BLOCK TIMING OWNER           : User6  <user6@company.com>  [EMP-2006]
  TEAM LEAD                    : MTO_User1  <mto1@company.com>  [EMP-1001]
  RTL TEAM LEAD                : TeamLead1  <teamlead1@company.com>
  PD ENGINEER                  : PDEng1  <pdeng1@company.com>
  STA ENGINEER                 : STAEng1  <staeng1@company.com>
  CHIP STA LEAD                : STALead1  <stalead1@company.com>  [EMP-0004]

AGGREGATE SUMMARY
----------------------------------------
  Overall Status   : MET
  Worst WNS  (ns)  : 0.000
  Worst TNS  (ns)  : 0.000
  Worst WHS  (ns)  : 0.000
  Best  WNS  (ns)  : 1.166
  Total Violations : 0

BY CORNER
----------------------------------------
  Name                                              #       WNS       TNS       WHS  STATUS
  ─────────────────────────────────────────────  ────  ────────  ────────  ────────  ──────────
  N/A                                               1     0.000     0.000     0.000  MET
  ff_1p16v_1p16v_125c                               1     1.058     0.000     0.079  MET
  ff_1p16v_1p16v_n40c                               1     1.119     0.000     0.114  MET
  ss_0p63v_0p63v_125c                               1     1.166     0.000     0.071  MET
  ss_0p72v_0p72v_125c                               2     1.096     0.000     0.072  MET
  ss_0p72v_0p72v_n40c                               1     1.081     0.000     0.113  MET
  tt_0p90v_0p90v_25c                                4     1.077     0.000     0.063  MET

BY CHECK TYPE
----------------------------------------
  Name                                              #       WNS       TNS       WHS  STATUS
  ─────────────────────────────────────────────  ────  ────────  ────────  ────────  ──────────
  N/A                                               1     0.000     0.000     0.000  MET
  hold                                              3     1.058     0.000     0.079  MET
  setup                                             7     1.077     0.000     0.063  MET

PER-REPORT DETAIL
----------------------------------------
  File     : 07_SETUP_LVSS_125C_PHT_TOP.rpt
  Design   : PHT_TOP               Corner : ss_0p63v_0p63v_125c
  Check    : setup       Clock  : CLK_CORE  Period = 2.0 ns  (500.0 MHz)
  WNS      :   +1.166 ns   TNS :   +0.000 ns   WHS :   +0.071 ns
  Slack    :   +1.166 ns   Status : MET
  Status   : ALL PATHS CLEAN — No Setup or Hold Violations
  Coverage : 100.0%   Endpoints : 2968 / 1736
  Tool     : Synopsys PrimeTime 2023.06-SP3
  Runtime  : 00:08:26         Memory : 1.545 GB
  Run Dir  : /proj/cpu_rtl/sta/FETCH/BPU/PHT/run_ss_0p63v_0p63v_125c

  File     : 01_SETUP_SS_125C_PHT_TOP.rpt
  Design   : PHT_TOP               Corner : ss_0p72v_0p72v_125c
  Check    : setup       Clock  : CLK_CORE  Period = 2.0 ns  (500.0 MHz)
  WNS      :   +1.148 ns   TNS :   +0.000 ns   WHS :   +0.094 ns
  Slack    :   +1.148 ns   Status : MET
  Status   : ALL PATHS CLEAN — No Setup or Hold Violations
  Coverage : 100.0%   Endpoints : 958 / 3484
  Tool     : Synopsys PrimeTime 2023.06-SP3
  Runtime  : 00:04:30         Memory : 4.558 GB
  Run Dir  : /proj/cpu_rtl/sta/FETCH/BPU/PHT/run_ss_0p72v_0p72v_125c

  File     : 10_MULTICYCLE_TT_25C_PHT_TOP.rpt
  Design   : PHT_TOP               Corner : tt_0p90v_0p90v_25c
  Check    : setup       Clock  : CLK_CORE  Period = 2.0 ns  (500.0 MHz)
  WNS      :   +1.099 ns   TNS :   +0.000 ns   WHS :   +0.063 ns
  Slack    :   +1.099 ns   Status : MET
  Status   : ALL PATHS CLEAN — No Setup or Hold Violations
  Coverage : 100.0%   Endpoints : 3335 / 1965
  Tool     : Synopsys PrimeTime 2023.06-SP3
  Runtime  : 00:04:43         Memory : 3.527 GB
  Run Dir  : /proj/cpu_rtl/sta/FETCH/BPU/PHT/run_tt_0p90v_0p90v_25c

  File     : 08_CG_CHECK_TT_25C_PHT_TOP.rpt
  Design   : PHT_TOP               Corner : tt_0p90v_0p90v_25c
  Check    : setup       Clock  : CLK_CORE  Period = 2.0 ns  (500.0 MHz)
  WNS      :   +1.098 ns   TNS :   +0.000 ns   WHS :   +0.116 ns
  Slack    :   +1.098 ns   Status : MET
  Status   : ALL PATHS CLEAN — No Setup or Hold Violations
  Coverage : 100.0%   Endpoints : 5713 / 5927
  Tool     : Synopsys PrimeTime 2023.06-SP3
  Runtime  : 00:04:44         Memory : 3.312 GB
  Run Dir  : /proj/cpu_rtl/sta/FETCH/BPU/PHT/run_tt_0p90v_0p90v_25c

  File     : 09_RECOVERY_SS_125C_PHT_TOP.rpt
  Design   : PHT_TOP               Corner : ss_0p72v_0p72v_125c
  Check    : setup       Clock  : CLK_CORE  Period = 2.0 ns  (500.0 MHz)
  WNS      :   +1.096 ns   TNS :   +0.000 ns   WHS :   +0.072 ns
  Slack    :   +1.096 ns   Status : MET
  Status   : ALL PATHS CLEAN — No Setup or Hold Violations
  Coverage : 100.0%   Endpoints : 3309 / 5289
  Tool     : Synopsys PrimeTime 2023.06-SP3
  Runtime  : 00:05:36         Memory : 3.043 GB
  Run Dir  : /proj/cpu_rtl/sta/FETCH/BPU/PHT/run_ss_0p72v_0p72v_125c

  File     : 05_SETUP_SS_M40C_PHT_TOP.rpt
  Design   : PHT_TOP               Corner : ss_0p72v_0p72v_n40c
  Check    : setup       Clock  : CLK_CORE  Period = 2.0 ns  (500.0 MHz)
  WNS      :   +1.081 ns   TNS :   +0.000 ns   WHS :   +0.113 ns
  Slack    :   +1.081 ns   Status : MET
  Status   : ALL PATHS CLEAN — No Setup or Hold Violations
  Coverage : 100.0%   Endpoints : 1390 / 5892
  Tool     : Synopsys PrimeTime 2023.06-SP3
  Runtime  : 00:04:45         Memory : 4.519 GB
  Run Dir  : /proj/cpu_rtl/sta/FETCH/BPU/PHT/run_ss_0p72v_0p72v_n40c

  File     : 03_SETUP_TT_25C_PHT_TOP.rpt
  Design   : PHT_TOP               Corner : tt_0p90v_0p90v_25c
  Check    : setup       Clock  : CLK_CORE  Period = 2.0 ns  (500.0 MHz)
  WNS      :   +1.077 ns   TNS :   +0.000 ns   WHS :   +0.070 ns
  Slack    :   +1.077 ns   Status : MET
  Status   : ALL PATHS CLEAN — No Setup or Hold Violations
  Coverage : 100.0%   Endpoints : 4796 / 2505
  Tool     : Synopsys PrimeTime 2023.06-SP3
  Runtime  : 00:08:41         Memory : 2.253 GB
  Run Dir  : /proj/cpu_rtl/sta/FETCH/BPU/PHT/run_tt_0p90v_0p90v_25c

  File     : 04_HOLD_TT_25C_PHT_TOP.rpt
  Design   : PHT_TOP               Corner : tt_0p90v_0p90v_25c
  Check    : hold        Clock  : CLK_CORE  Period = 2.0 ns  (500.0 MHz)
  WNS      :   +1.080 ns   TNS :   +0.000 ns   WHS :   +0.119 ns
  Slack    :   +1.080 ns   Status : MET
  Status   : ALL PATHS CLEAN — No Setup or Hold Violations
  Coverage : 100.0%   Endpoints : 1523 / 1178
  Tool     : Synopsys PrimeTime 2023.06-SP3
  Runtime  : 00:06:50         Memory : 2.483 GB
  Run Dir  : /proj/cpu_rtl/sta/FETCH/BPU/PHT/run_tt_0p90v_0p90v_25c

  File     : 02_HOLD_FF_N40C_PHT_TOP.rpt
  Design   : PHT_TOP               Corner : ff_1p16v_1p16v_n40c
  Check    : hold        Clock  : CLK_CORE  Period = 2.0 ns  (500.0 MHz)
  WNS      :   +1.119 ns   TNS :   +0.000 ns   WHS :   +0.114 ns
  Slack    :   +1.119 ns   Status : MET
  Status   : ALL PATHS CLEAN — No Setup or Hold Violations
  Coverage : 100.0%   Endpoints : 2420 / 5855
  Tool     : Synopsys PrimeTime 2023.06-SP3
  Runtime  : 00:08:14         Memory : 4.589 GB
  Run Dir  : /proj/cpu_rtl/sta/FETCH/BPU/PHT/run_ff_1p16v_1p16v_n40c

  File     : 06_HOLD_FF_125C_PHT_TOP.rpt
  Design   : PHT_TOP               Corner : ff_1p16v_1p16v_125c
  Check    : hold        Clock  : CLK_CORE  Period = 2.0 ns  (500.0 MHz)
  WNS      :   +1.058 ns   TNS :   +0.000 ns   WHS :   +0.079 ns
  Slack    :   +1.058 ns   Status : MET
  Status   : ALL PATHS CLEAN — No Setup or Hold Violations
  Coverage : 100.0%   Endpoints : 4123 / 1373
  Tool     : Synopsys PrimeTime 2023.06-SP3
  Runtime  : 00:03:26         Memory : 2.377 GB
  Run Dir  : /proj/cpu_rtl/sta/FETCH/BPU/PHT/run_ff_1p16v_1p16v_125c

  File     : PHT_TIMING.rpt
  Design   : N/A                   Corner : N/A
  Check    : N/A         Clock  : N/A  Period = 0.0 ns  (0.0 MHz)
  WNS      :   +0.000 ns   TNS :   +0.000 ns   WHS :   +0.000 ns
  Slack    :   +0.000 ns   Status : UNKNOWN
  Status   : N/A
  Coverage : 0.0%   Endpoints : 0 / 0
  Tool     : N/A
  Runtime  : N/A              Memory : N/A
  Run Dir  : N/A


================================================================================
END OF BLOCK DUMP LOG
================================================================================