[2026-08-15 19:15:02] [INFO    ] [sta_top_parser] [sta_top_parser.py:302] ====================================================================
[2026-08-15 19:15:02] [INFO    ] [sta_top_parser] [sta_top_parser.py:303]   sta_top_parser.py — Synopsys PrimeTime STA Hierarchy Parser
[2026-08-15 19:15:02] [INFO    ] [sta_top_parser] [sta_top_parser.py:304]   Root       : D:\Certificates\PD_STA_REPORTS
[2026-08-15 19:15:02] [INFO    ] [sta_top_parser] [sta_top_parser.py:305]   Output dir : D:\Certificates\PD_STA_REPORTS\RESULTS\EXECUTE
[2026-08-15 19:15:02] [INFO    ] [sta_top_parser] [sta_top_parser.py:306]   Pattern    : *.rpt
[2026-08-15 19:15:02] [INFO    ] [sta_top_parser] [sta_top_parser.py:308]   Stages     : ['EXECUTE']
[2026-08-15 19:15:02] [INFO    ] [sta_top_parser] [sta_top_parser.py:309] ====================================================================
[2026-08-15 19:15:02] [DEBUG   ] [sta_top_parser] [sta_top_parser.py:221]   Skipping stage (filtered): .git
[2026-08-15 19:15:02] [DEBUG   ] [sta_top_parser] [sta_top_parser.py:221]   Skipping stage (filtered): __pycache__
[2026-08-15 19:15:02] [DEBUG   ] [sta_top_parser] [sta_top_parser.py:221]   Skipping stage (filtered): CACHE
[2026-08-15 19:15:02] [DEBUG   ] [sta_top_parser] [sta_top_parser.py:221]   Skipping stage (filtered): COMMIT
[2026-08-15 19:15:02] [DEBUG   ] [sta_top_parser] [sta_top_parser.py:221]   Skipping stage (filtered): DECODE
[2026-08-15 19:15:02] [DEBUG   ] [sta_top_parser] [sta_top_parser.py:221]   Skipping stage (filtered): FETCH
[2026-08-15 19:15:02] [DEBUG   ] [sta_top_parser] [sta_top_parser.py:221]   Skipping stage (filtered): GENERIC_REPORT_CARD
[2026-08-15 19:15:02] [DEBUG   ] [sta_top_parser] [sta_top_parser.py:221]   Skipping stage (filtered): ISSUE
[2026-08-15 19:15:02] [DEBUG   ] [sta_top_parser] [sta_top_parser.py:221]   Skipping stage (filtered): MEMORY
[2026-08-15 19:15:02] [DEBUG   ] [sta_top_parser] [sta_top_parser.py:221]   Skipping stage (filtered): RENAME_DISPATCH
[2026-08-15 19:15:02] [DEBUG   ] [sta_top_parser] [sta_top_parser.py:221]   Skipping stage (filtered): RESULTS
[2026-08-15 19:15:02] [DEBUG   ] [sta_top_parser] [sta_top_parser.py:221]   Skipping stage (filtered): sta_utils
[2026-08-15 19:15:02] [DEBUG   ] [sta_top_parser] [sta_top_parser.py:221]   Skipping stage (filtered): UNCORE
[2026-08-15 19:15:02] [DEBUG   ] [sta_top_parser] [sta_top_parser.py:221]   Skipping stage (filtered): WRITEBACK
[2026-08-15 19:15:02] [INFO    ] [sta_top_parser] [sta_top_parser.py:228] Found 13 block director(ies) with '*.rpt' files under D:\Certificates\PD_STA_REPORTS
[2026-08-15 19:15:02] [INFO    ] [sta_top_parser] [sta_top_parser.py:328] [1/13] Scanning: EXECUTE\ALU\ALU0
[2026-08-15 19:15:02] [INFO    ] [sta_top_parser] [parser.py:284]   Found 11 report file(s) in D:\Certificates\PD_STA_REPORTS\EXECUTE\ALU\ALU0
[2026-08-15 19:15:02] [DEBUG   ] [sta_top_parser] [parser.py:130]   Parsing: 01_SETUP_SS_125C_ALU0_TOP.rpt
[2026-08-15 19:15:02] [DEBUG   ] [sta_top_parser] [parser.py:209]     → design=ALU0_TOP             corner=ss_0p72v_0p72v_125c                 check=setup  wns=+1.115  status=MET
[2026-08-15 19:15:02] [DEBUG   ] [sta_top_parser] [parser.py:130]   Parsing: 02_HOLD_FF_N40C_ALU0_TOP.rpt
[2026-08-15 19:15:02] [DEBUG   ] [sta_top_parser] [parser.py:209]     → design=ALU0_TOP             corner=ff_1p16v_1p16v_n40c                 check=hold   wns=+1.072  status=MET
[2026-08-15 19:15:02] [DEBUG   ] [sta_top_parser] [parser.py:130]   Parsing: 03_SETUP_TT_25C_ALU0_TOP.rpt
[2026-08-15 19:15:02] [DEBUG   ] [sta_top_parser] [parser.py:209]     → design=ALU0_TOP             corner=tt_0p90v_0p90v_25c                  check=setup  wns=+1.107  status=MET
[2026-08-15 19:15:02] [DEBUG   ] [sta_top_parser] [parser.py:130]   Parsing: 04_HOLD_TT_25C_ALU0_TOP.rpt
[2026-08-15 19:15:02] [DEBUG   ] [sta_top_parser] [parser.py:209]     → design=ALU0_TOP             corner=tt_0p90v_0p90v_25c                  check=hold   wns=+1.078  status=MET
[2026-08-15 19:15:02] [DEBUG   ] [sta_top_parser] [parser.py:130]   Parsing: 05_SETUP_SS_M40C_ALU0_TOP.rpt
[2026-08-15 19:15:02] [DEBUG   ] [sta_top_parser] [parser.py:209]     → design=ALU0_TOP             corner=ss_0p72v_0p72v_n40c                 check=setup  wns=+1.143  status=MET
[2026-08-15 19:15:02] [DEBUG   ] [sta_top_parser] [parser.py:130]   Parsing: 06_HOLD_FF_125C_ALU0_TOP.rpt
[2026-08-15 19:15:02] [DEBUG   ] [sta_top_parser] [parser.py:209]     → design=ALU0_TOP             corner=ff_1p16v_1p16v_125c                 check=hold   wns=+1.131  status=MET
[2026-08-15 19:15:02] [DEBUG   ] [sta_top_parser] [parser.py:130]   Parsing: 07_SETUP_LVSS_125C_ALU0_TOP.rpt
[2026-08-15 19:15:02] [DEBUG   ] [sta_top_parser] [parser.py:209]     → design=ALU0_TOP             corner=ss_0p63v_0p63v_125c                 check=setup  wns=+1.141  status=MET
[2026-08-15 19:15:02] [DEBUG   ] [sta_top_parser] [parser.py:130]   Parsing: 08_CG_CHECK_TT_25C_ALU0_TOP.rpt
[2026-08-15 19:15:02] [DEBUG   ] [sta_top_parser] [parser.py:209]     → design=ALU0_TOP             corner=tt_0p90v_0p90v_25c                  check=setup  wns=+1.091  status=MET
[2026-08-15 19:15:02] [DEBUG   ] [sta_top_parser] [parser.py:130]   Parsing: 09_RECOVERY_SS_125C_ALU0_TOP.rpt
[2026-08-15 19:15:02] [DEBUG   ] [sta_top_parser] [parser.py:209]     → design=ALU0_TOP             corner=ss_0p72v_0p72v_125c                 check=setup  wns=+1.133  status=MET
[2026-08-15 19:15:02] [DEBUG   ] [sta_top_parser] [parser.py:130]   Parsing: 10_MULTICYCLE_TT_25C_ALU0_TOP.rpt
[2026-08-15 19:15:02] [DEBUG   ] [sta_top_parser] [parser.py:209]     → design=ALU0_TOP             corner=tt_0p90v_0p90v_25c                  check=setup  wns=+1.127  status=MET
[2026-08-15 19:15:02] [DEBUG   ] [sta_top_parser] [parser.py:130]   Parsing: ALU0_TIMING.rpt
[2026-08-15 19:15:02] [DEBUG   ] [sta_top_parser] [parser.py:209]     → design=N/A                  corner=N/A                                 check=N/A    wns=+0.000  status=UNKNOWN
[2026-08-15 19:15:02] [INFO    ] [sta_top_parser] [parser.py:294]   Parsed 11 / 11 report(s) OK
[2026-08-15 19:15:02] [INFO    ] [sta_top_parser] [dump_log.py:246] Dump log    → D:\Certificates\PD_STA_REPORTS\EXECUTE\ALU\ALU0\ALU0_TOP_dump.log
[2026-08-15 19:15:02] [INFO    ] [sta_top_parser] [json_writer.py:75] JSON dump   → D:\Certificates\PD_STA_REPORTS\EXECUTE\ALU\ALU0\ALU0_TOP_summary.json
[2026-08-15 19:15:02] [INFO    ] [sta_top_parser] [html_writer.py:361] HTML report → D:\Certificates\PD_STA_REPORTS\EXECUTE\ALU\ALU0\ALU0_TOP_report.html
[2026-08-15 19:15:02] [INFO    ] [sta_top_parser] [sta_top_parser.py:328] [2/13] Scanning: EXECUTE\ALU\ALU1
[2026-08-15 19:15:02] [INFO    ] [sta_top_parser] [parser.py:284]   Found 11 report file(s) in D:\Certificates\PD_STA_REPORTS\EXECUTE\ALU\ALU1
[2026-08-15 19:15:02] [DEBUG   ] [sta_top_parser] [parser.py:130]   Parsing: 01_SETUP_SS_125C_ALU1_TOP.rpt
[2026-08-15 19:15:02] [DEBUG   ] [sta_top_parser] [parser.py:209]     → design=ALU1_TOP             corner=ss_0p72v_0p72v_125c                 check=setup  wns=+1.095  status=MET
[2026-08-15 19:15:02] [DEBUG   ] [sta_top_parser] [parser.py:130]   Parsing: 02_HOLD_FF_N40C_ALU1_TOP.rpt
[2026-08-15 19:15:02] [DEBUG   ] [sta_top_parser] [parser.py:209]     → design=ALU1_TOP             corner=ff_1p16v_1p16v_n40c                 check=hold   wns=+1.145  status=MET
[2026-08-15 19:15:02] [DEBUG   ] [sta_top_parser] [parser.py:130]   Parsing: 03_SETUP_TT_25C_ALU1_TOP.rpt
[2026-08-15 19:15:02] [DEBUG   ] [sta_top_parser] [parser.py:209]     → design=ALU1_TOP             corner=tt_0p90v_0p90v_25c                  check=setup  wns=+1.093  status=MET
[2026-08-15 19:15:02] [DEBUG   ] [sta_top_parser] [parser.py:130]   Parsing: 04_HOLD_TT_25C_ALU1_TOP.rpt
[2026-08-15 19:15:02] [DEBUG   ] [sta_top_parser] [parser.py:209]     → design=ALU1_TOP             corner=tt_0p90v_0p90v_25c                  check=hold   wns=+1.079  status=MET
[2026-08-15 19:15:02] [DEBUG   ] [sta_top_parser] [parser.py:130]   Parsing: 05_SETUP_SS_M40C_ALU1_TOP.rpt
[2026-08-15 19:15:02] [DEBUG   ] [sta_top_parser] [parser.py:209]     → design=ALU1_TOP             corner=ss_0p72v_0p72v_n40c                 check=setup  wns=+1.091  status=MET
[2026-08-15 19:15:02] [DEBUG   ] [sta_top_parser] [parser.py:130]   Parsing: 06_HOLD_FF_125C_ALU1_TOP.rpt
[2026-08-15 19:15:02] [DEBUG   ] [sta_top_parser] [parser.py:209]     → design=ALU1_TOP             corner=ff_1p16v_1p16v_125c                 check=hold   wns=+1.049  status=MET
[2026-08-15 19:15:02] [DEBUG   ] [sta_top_parser] [parser.py:130]   Parsing: 07_SETUP_LVSS_125C_ALU1_TOP.rpt
[2026-08-15 19:15:02] [DEBUG   ] [sta_top_parser] [parser.py:209]     → design=ALU1_TOP             corner=ss_0p63v_0p63v_125c                 check=setup  wns=+1.120  status=MET
[2026-08-15 19:15:02] [DEBUG   ] [sta_top_parser] [parser.py:130]   Parsing: 08_CG_CHECK_TT_25C_ALU1_TOP.rpt
[2026-08-15 19:15:02] [DEBUG   ] [sta_top_parser] [parser.py:209]     → design=ALU1_TOP             corner=tt_0p90v_0p90v_25c                  check=setup  wns=+1.123  status=MET
[2026-08-15 19:15:02] [DEBUG   ] [sta_top_parser] [parser.py:130]   Parsing: 09_RECOVERY_SS_125C_ALU1_TOP.rpt
[2026-08-15 19:15:02] [DEBUG   ] [sta_top_parser] [parser.py:209]     → design=ALU1_TOP             corner=ss_0p72v_0p72v_125c                 check=setup  wns=+1.070  status=MET
[2026-08-15 19:15:02] [DEBUG   ] [sta_top_parser] [parser.py:130]   Parsing: 10_MULTICYCLE_TT_25C_ALU1_TOP.rpt
[2026-08-15 19:15:02] [DEBUG   ] [sta_top_parser] [parser.py:209]     → design=ALU1_TOP             corner=tt_0p90v_0p90v_25c                  check=setup  wns=+1.148  status=MET
[2026-08-15 19:15:02] [DEBUG   ] [sta_top_parser] [parser.py:130]   Parsing: ALU1_TIMING.rpt
[2026-08-15 19:15:02] [DEBUG   ] [sta_top_parser] [parser.py:209]     → design=N/A                  corner=N/A                                 check=N/A    wns=+0.000  status=UNKNOWN
[2026-08-15 19:15:02] [INFO    ] [sta_top_parser] [parser.py:294]   Parsed 11 / 11 report(s) OK
[2026-08-15 19:15:02] [INFO    ] [sta_top_parser] [dump_log.py:246] Dump log    → D:\Certificates\PD_STA_REPORTS\EXECUTE\ALU\ALU1\ALU1_TOP_dump.log
[2026-08-15 19:15:02] [INFO    ] [sta_top_parser] [json_writer.py:75] JSON dump   → D:\Certificates\PD_STA_REPORTS\EXECUTE\ALU\ALU1\ALU1_TOP_summary.json
[2026-08-15 19:15:02] [INFO    ] [sta_top_parser] [html_writer.py:361] HTML report → D:\Certificates\PD_STA_REPORTS\EXECUTE\ALU\ALU1\ALU1_TOP_report.html
[2026-08-15 19:15:02] [INFO    ] [sta_top_parser] [sta_top_parser.py:328] [3/13] Scanning: EXECUTE\BRU
[2026-08-15 19:15:02] [INFO    ] [sta_top_parser] [parser.py:284]   Found 11 report file(s) in D:\Certificates\PD_STA_REPORTS\EXECUTE\BRU
[2026-08-15 19:15:02] [DEBUG   ] [sta_top_parser] [parser.py:130]   Parsing: 01_SETUP_SS_125C_BRU_TOP.rpt
[2026-08-15 19:15:02] [DEBUG   ] [sta_top_parser] [parser.py:209]     → design=BRU_TOP              corner=ss_0p72v_0p72v_125c                 check=setup  wns=+1.110  status=MET
[2026-08-15 19:15:02] [DEBUG   ] [sta_top_parser] [parser.py:130]   Parsing: 02_HOLD_FF_N40C_BRU_TOP.rpt
[2026-08-15 19:15:02] [DEBUG   ] [sta_top_parser] [parser.py:209]     → design=BRU_TOP              corner=ff_1p16v_1p16v_n40c                 check=hold   wns=+1.135  status=MET
[2026-08-15 19:15:02] [DEBUG   ] [sta_top_parser] [parser.py:130]   Parsing: 03_SETUP_TT_25C_BRU_TOP.rpt
[2026-08-15 19:15:02] [DEBUG   ] [sta_top_parser] [parser.py:209]     → design=BRU_TOP              corner=tt_0p90v_0p90v_25c                  check=setup  wns=+1.112  status=MET
[2026-08-15 19:15:02] [DEBUG   ] [sta_top_parser] [parser.py:130]   Parsing: 04_HOLD_TT_25C_BRU_TOP.rpt
[2026-08-15 19:15:02] [DEBUG   ] [sta_top_parser] [parser.py:209]     → design=BRU_TOP              corner=tt_0p90v_0p90v_25c                  check=hold   wns=+1.076  status=MET
[2026-08-15 19:15:02] [DEBUG   ] [sta_top_parser] [parser.py:130]   Parsing: 05_SETUP_SS_M40C_BRU_TOP.rpt
[2026-08-15 19:15:02] [DEBUG   ] [sta_top_parser] [parser.py:209]     → design=BRU_TOP              corner=ss_0p72v_0p72v_n40c                 check=setup  wns=+1.115  status=MET
[2026-08-15 19:15:02] [DEBUG   ] [sta_top_parser] [parser.py:130]   Parsing: 06_HOLD_FF_125C_BRU_TOP.rpt
[2026-08-15 19:15:02] [DEBUG   ] [sta_top_parser] [parser.py:209]     → design=BRU_TOP              corner=ff_1p16v_1p16v_125c                 check=hold   wns=+1.092  status=MET
[2026-08-15 19:15:02] [DEBUG   ] [sta_top_parser] [parser.py:130]   Parsing: 07_SETUP_LVSS_125C_BRU_TOP.rpt
[2026-08-15 19:15:02] [DEBUG   ] [sta_top_parser] [parser.py:209]     → design=BRU_TOP              corner=ss_0p63v_0p63v_125c                 check=setup  wns=+1.138  status=MET
[2026-08-15 19:15:02] [DEBUG   ] [sta_top_parser] [parser.py:130]   Parsing: 08_CG_CHECK_TT_25C_BRU_TOP.rpt
[2026-08-15 19:15:02] [DEBUG   ] [sta_top_parser] [parser.py:209]     → design=BRU_TOP              corner=tt_0p90v_0p90v_25c                  check=setup  wns=+1.100  status=MET
[2026-08-15 19:15:02] [DEBUG   ] [sta_top_parser] [parser.py:130]   Parsing: 09_RECOVERY_SS_125C_BRU_TOP.rpt
[2026-08-15 19:15:02] [DEBUG   ] [sta_top_parser] [parser.py:209]     → design=BRU_TOP              corner=ss_0p72v_0p72v_125c                 check=setup  wns=+1.073  status=MET
[2026-08-15 19:15:02] [DEBUG   ] [sta_top_parser] [parser.py:130]   Parsing: 10_MULTICYCLE_TT_25C_BRU_TOP.rpt
[2026-08-15 19:15:02] [DEBUG   ] [sta_top_parser] [parser.py:209]     → design=BRU_TOP              corner=tt_0p90v_0p90v_25c                  check=setup  wns=+1.065  status=MET
[2026-08-15 19:15:02] [DEBUG   ] [sta_top_parser] [parser.py:130]   Parsing: BRU_TIMING.rpt
[2026-08-15 19:15:02] [DEBUG   ] [sta_top_parser] [parser.py:209]     → design=N/A                  corner=N/A                                 check=N/A    wns=+0.000  status=UNKNOWN
[2026-08-15 19:15:02] [INFO    ] [sta_top_parser] [parser.py:294]   Parsed 11 / 11 report(s) OK
[2026-08-15 19:15:02] [INFO    ] [sta_top_parser] [dump_log.py:246] Dump log    → D:\Certificates\PD_STA_REPORTS\EXECUTE\BRU\BRU_TOP_dump.log
[2026-08-15 19:15:02] [INFO    ] [sta_top_parser] [json_writer.py:75] JSON dump   → D:\Certificates\PD_STA_REPORTS\EXECUTE\BRU\BRU_TOP_summary.json
[2026-08-15 19:15:02] [INFO    ] [sta_top_parser] [html_writer.py:361] HTML report → D:\Certificates\PD_STA_REPORTS\EXECUTE\BRU\BRU_TOP_report.html
[2026-08-15 19:15:02] [INFO    ] [sta_top_parser] [sta_top_parser.py:328] [4/13] Scanning: EXECUTE\DIV
[2026-08-15 19:15:02] [INFO    ] [sta_top_parser] [parser.py:284]   Found 11 report file(s) in D:\Certificates\PD_STA_REPORTS\EXECUTE\DIV
[2026-08-15 19:15:02] [DEBUG   ] [sta_top_parser] [parser.py:130]   Parsing: 01_SETUP_SS_125C_DIV_TOP.rpt
[2026-08-15 19:15:02] [DEBUG   ] [sta_top_parser] [parser.py:209]     → design=DIV_TOP              corner=ss_0p72v_0p72v_125c                 check=setup  wns=+1.101  status=MET
[2026-08-15 19:15:02] [DEBUG   ] [sta_top_parser] [parser.py:130]   Parsing: 02_HOLD_FF_N40C_DIV_TOP.rpt
[2026-08-15 19:15:02] [DEBUG   ] [sta_top_parser] [parser.py:209]     → design=DIV_TOP              corner=ff_1p16v_1p16v_n40c                 check=hold   wns=+1.071  status=MET
[2026-08-15 19:15:02] [DEBUG   ] [sta_top_parser] [parser.py:130]   Parsing: 03_SETUP_TT_25C_DIV_TOP.rpt
[2026-08-15 19:15:02] [DEBUG   ] [sta_top_parser] [parser.py:209]     → design=DIV_TOP              corner=tt_0p90v_0p90v_25c                  check=setup  wns=+1.121  status=MET
[2026-08-15 19:15:02] [DEBUG   ] [sta_top_parser] [parser.py:130]   Parsing: 04_HOLD_TT_25C_DIV_TOP.rpt
[2026-08-15 19:15:02] [DEBUG   ] [sta_top_parser] [parser.py:209]     → design=DIV_TOP              corner=tt_0p90v_0p90v_25c                  check=hold   wns=+1.127  status=MET
[2026-08-15 19:15:02] [DEBUG   ] [sta_top_parser] [parser.py:130]   Parsing: 05_SETUP_SS_M40C_DIV_TOP.rpt
[2026-08-15 19:15:02] [DEBUG   ] [sta_top_parser] [parser.py:209]     → design=DIV_TOP              corner=ss_0p72v_0p72v_n40c                 check=setup  wns=+1.112  status=MET
[2026-08-15 19:15:02] [DEBUG   ] [sta_top_parser] [parser.py:130]   Parsing: 06_HOLD_FF_125C_DIV_TOP.rpt
[2026-08-15 19:15:02] [DEBUG   ] [sta_top_parser] [parser.py:209]     → design=DIV_TOP              corner=ff_1p16v_1p16v_125c                 check=hold   wns=+1.143  status=MET
[2026-08-15 19:15:02] [DEBUG   ] [sta_top_parser] [parser.py:130]   Parsing: 07_SETUP_LVSS_125C_DIV_TOP.rpt
[2026-08-15 19:15:02] [DEBUG   ] [sta_top_parser] [parser.py:209]     → design=DIV_TOP              corner=ss_0p63v_0p63v_125c                 check=setup  wns=+1.063  status=MET
[2026-08-15 19:15:02] [DEBUG   ] [sta_top_parser] [parser.py:130]   Parsing: 08_CG_CHECK_TT_25C_DIV_TOP.rpt
[2026-08-15 19:15:02] [DEBUG   ] [sta_top_parser] [parser.py:209]     → design=DIV_TOP              corner=tt_0p90v_0p90v_25c                  check=setup  wns=+1.098  status=MET
[2026-08-15 19:15:02] [DEBUG   ] [sta_top_parser] [parser.py:130]   Parsing: 09_RECOVERY_SS_125C_DIV_TOP.rpt
[2026-08-15 19:15:02] [DEBUG   ] [sta_top_parser] [parser.py:209]     → design=DIV_TOP              corner=ss_0p72v_0p72v_125c                 check=setup  wns=+1.089  status=MET
[2026-08-15 19:15:02] [DEBUG   ] [sta_top_parser] [parser.py:130]   Parsing: 10_MULTICYCLE_TT_25C_DIV_TOP.rpt
[2026-08-15 19:15:02] [DEBUG   ] [sta_top_parser] [parser.py:209]     → design=DIV_TOP              corner=tt_0p90v_0p90v_25c                  check=setup  wns=+1.051  status=MET
[2026-08-15 19:15:02] [DEBUG   ] [sta_top_parser] [parser.py:130]   Parsing: DIV_TIMING.rpt
[2026-08-15 19:15:02] [DEBUG   ] [sta_top_parser] [parser.py:209]     → design=N/A                  corner=N/A                                 check=N/A    wns=+0.000  status=UNKNOWN
[2026-08-15 19:15:02] [INFO    ] [sta_top_parser] [parser.py:294]   Parsed 11 / 11 report(s) OK
[2026-08-15 19:15:02] [INFO    ] [sta_top_parser] [dump_log.py:246] Dump log    → D:\Certificates\PD_STA_REPORTS\EXECUTE\DIV\DIV_TOP_dump.log
[2026-08-15 19:15:02] [INFO    ] [sta_top_parser] [json_writer.py:75] JSON dump   → D:\Certificates\PD_STA_REPORTS\EXECUTE\DIV\DIV_TOP_summary.json
[2026-08-15 19:15:02] [INFO    ] [sta_top_parser] [html_writer.py:361] HTML report → D:\Certificates\PD_STA_REPORTS\EXECUTE\DIV\DIV_TOP_report.html
[2026-08-15 19:15:02] [INFO    ] [sta_top_parser] [sta_top_parser.py:328] [5/13] Scanning: EXECUTE\FPU\FADD
[2026-08-15 19:15:02] [INFO    ] [sta_top_parser] [parser.py:284]   Found 11 report file(s) in D:\Certificates\PD_STA_REPORTS\EXECUTE\FPU\FADD
[2026-08-15 19:15:02] [DEBUG   ] [sta_top_parser] [parser.py:130]   Parsing: 01_SETUP_SS_125C_FADD_TOP.rpt
[2026-08-15 19:15:02] [DEBUG   ] [sta_top_parser] [parser.py:209]     → design=FADD_TOP             corner=ss_0p72v_0p72v_125c                 check=setup  wns=+1.103  status=MET
[2026-08-15 19:15:02] [DEBUG   ] [sta_top_parser] [parser.py:130]   Parsing: 02_HOLD_FF_N40C_FADD_TOP.rpt
[2026-08-15 19:15:02] [DEBUG   ] [sta_top_parser] [parser.py:209]     → design=FADD_TOP             corner=ff_1p16v_1p16v_n40c                 check=hold   wns=+1.064  status=MET
[2026-08-15 19:15:02] [DEBUG   ] [sta_top_parser] [parser.py:130]   Parsing: 03_SETUP_TT_25C_FADD_TOP.rpt
[2026-08-15 19:15:02] [DEBUG   ] [sta_top_parser] [parser.py:209]     → design=FADD_TOP             corner=tt_0p90v_0p90v_25c                  check=setup  wns=+1.089  status=MET
[2026-08-15 19:15:02] [DEBUG   ] [sta_top_parser] [parser.py:130]   Parsing: 04_HOLD_TT_25C_FADD_TOP.rpt
[2026-08-15 19:15:02] [DEBUG   ] [sta_top_parser] [parser.py:209]     → design=FADD_TOP             corner=tt_0p90v_0p90v_25c                  check=hold   wns=+1.110  status=MET
[2026-08-15 19:15:02] [DEBUG   ] [sta_top_parser] [parser.py:130]   Parsing: 05_SETUP_SS_M40C_FADD_TOP.rpt
[2026-08-15 19:15:02] [DEBUG   ] [sta_top_parser] [parser.py:209]     → design=FADD_TOP             corner=ss_0p72v_0p72v_n40c                 check=setup  wns=+1.099  status=MET
[2026-08-15 19:15:02] [DEBUG   ] [sta_top_parser] [parser.py:130]   Parsing: 06_HOLD_FF_125C_FADD_TOP.rpt
[2026-08-15 19:15:02] [DEBUG   ] [sta_top_parser] [parser.py:209]     → design=FADD_TOP             corner=ff_1p16v_1p16v_125c                 check=hold   wns=+1.089  status=MET
[2026-08-15 19:15:02] [DEBUG   ] [sta_top_parser] [parser.py:130]   Parsing: 07_SETUP_LVSS_125C_FADD_TOP.rpt
[2026-08-15 19:15:02] [DEBUG   ] [sta_top_parser] [parser.py:209]     → design=FADD_TOP             corner=ss_0p63v_0p63v_125c                 check=setup  wns=+1.180  status=MET
[2026-08-15 19:15:02] [DEBUG   ] [sta_top_parser] [parser.py:130]   Parsing: 08_CG_CHECK_TT_25C_FADD_TOP.rpt
[2026-08-15 19:15:02] [DEBUG   ] [sta_top_parser] [parser.py:209]     → design=FADD_TOP             corner=tt_0p90v_0p90v_25c                  check=setup  wns=+1.088  status=MET
[2026-08-15 19:15:02] [DEBUG   ] [sta_top_parser] [parser.py:130]   Parsing: 09_RECOVERY_SS_125C_FADD_TOP.rpt
[2026-08-15 19:15:02] [DEBUG   ] [sta_top_parser] [parser.py:209]     → design=FADD_TOP             corner=ss_0p72v_0p72v_125c                 check=setup  wns=+1.062  status=MET
[2026-08-15 19:15:02] [DEBUG   ] [sta_top_parser] [parser.py:130]   Parsing: 10_MULTICYCLE_TT_25C_FADD_TOP.rpt
[2026-08-15 19:15:02] [DEBUG   ] [sta_top_parser] [parser.py:209]     → design=FADD_TOP             corner=tt_0p90v_0p90v_25c                  check=setup  wns=+1.137  status=MET
[2026-08-15 19:15:02] [DEBUG   ] [sta_top_parser] [parser.py:130]   Parsing: FADD_TIMING.rpt
[2026-08-15 19:15:02] [DEBUG   ] [sta_top_parser] [parser.py:209]     → design=N/A                  corner=N/A                                 check=N/A    wns=+0.000  status=UNKNOWN
[2026-08-15 19:15:02] [INFO    ] [sta_top_parser] [parser.py:294]   Parsed 11 / 11 report(s) OK
[2026-08-15 19:15:02] [INFO    ] [sta_top_parser] [dump_log.py:246] Dump log    → D:\Certificates\PD_STA_REPORTS\EXECUTE\FPU\FADD\FADD_TOP_dump.log
[2026-08-15 19:15:02] [INFO    ] [sta_top_parser] [json_writer.py:75] JSON dump   → D:\Certificates\PD_STA_REPORTS\EXECUTE\FPU\FADD\FADD_TOP_summary.json
[2026-08-15 19:15:02] [INFO    ] [sta_top_parser] [html_writer.py:361] HTML report → D:\Certificates\PD_STA_REPORTS\EXECUTE\FPU\FADD\FADD_TOP_report.html
[2026-08-15 19:15:02] [INFO    ] [sta_top_parser] [sta_top_parser.py:328] [6/13] Scanning: EXECUTE\FPU\FDIV
[2026-08-15 19:15:02] [INFO    ] [sta_top_parser] [parser.py:284]   Found 11 report file(s) in D:\Certificates\PD_STA_REPORTS\EXECUTE\FPU\FDIV
[2026-08-15 19:15:02] [DEBUG   ] [sta_top_parser] [parser.py:130]   Parsing: 01_SETUP_SS_125C_FDIV_TOP.rpt
[2026-08-15 19:15:02] [DEBUG   ] [sta_top_parser] [parser.py:209]     → design=FDIV_TOP             corner=ss_0p72v_0p72v_125c                 check=setup  wns=+1.079  status=MET
[2026-08-15 19:15:02] [DEBUG   ] [sta_top_parser] [parser.py:130]   Parsing: 02_HOLD_FF_N40C_FDIV_TOP.rpt
[2026-08-15 19:15:02] [DEBUG   ] [sta_top_parser] [parser.py:209]     → design=FDIV_TOP             corner=ff_1p16v_1p16v_n40c                 check=hold   wns=+1.125  status=MET
[2026-08-15 19:15:02] [DEBUG   ] [sta_top_parser] [parser.py:130]   Parsing: 03_SETUP_TT_25C_FDIV_TOP.rpt
[2026-08-15 19:15:02] [DEBUG   ] [sta_top_parser] [parser.py:209]     → design=FDIV_TOP             corner=tt_0p90v_0p90v_25c                  check=setup  wns=+1.103  status=MET
[2026-08-15 19:15:02] [DEBUG   ] [sta_top_parser] [parser.py:130]   Parsing: 04_HOLD_TT_25C_FDIV_TOP.rpt
[2026-08-15 19:15:02] [DEBUG   ] [sta_top_parser] [parser.py:209]     → design=FDIV_TOP             corner=tt_0p90v_0p90v_25c                  check=hold   wns=+1.052  status=MET
[2026-08-15 19:15:02] [DEBUG   ] [sta_top_parser] [parser.py:130]   Parsing: 05_SETUP_SS_M40C_FDIV_TOP.rpt
[2026-08-15 19:15:02] [DEBUG   ] [sta_top_parser] [parser.py:209]     → design=FDIV_TOP             corner=ss_0p72v_0p72v_n40c                 check=setup  wns=+1.091  status=MET
[2026-08-15 19:15:02] [DEBUG   ] [sta_top_parser] [parser.py:130]   Parsing: 06_HOLD_FF_125C_FDIV_TOP.rpt
[2026-08-15 19:15:02] [DEBUG   ] [sta_top_parser] [parser.py:209]     → design=FDIV_TOP             corner=ff_1p16v_1p16v_125c                 check=hold   wns=+1.066  status=MET
[2026-08-15 19:15:02] [DEBUG   ] [sta_top_parser] [parser.py:130]   Parsing: 07_SETUP_LVSS_125C_FDIV_TOP.rpt
[2026-08-15 19:15:02] [DEBUG   ] [sta_top_parser] [parser.py:209]     → design=FDIV_TOP             corner=ss_0p63v_0p63v_125c                 check=setup  wns=+1.154  status=MET
[2026-08-15 19:15:02] [DEBUG   ] [sta_top_parser] [parser.py:130]   Parsing: 08_CG_CHECK_TT_25C_FDIV_TOP.rpt
[2026-08-15 19:15:03] [DEBUG   ] [sta_top_parser] [parser.py:209]     → design=FDIV_TOP             corner=tt_0p90v_0p90v_25c                  check=setup  wns=+1.048  status=MET
[2026-08-15 19:15:03] [DEBUG   ] [sta_top_parser] [parser.py:130]   Parsing: 09_RECOVERY_SS_125C_FDIV_TOP.rpt
[2026-08-15 19:15:03] [DEBUG   ] [sta_top_parser] [parser.py:209]     → design=FDIV_TOP             corner=ss_0p72v_0p72v_125c                 check=setup  wns=+1.138  status=MET
[2026-08-15 19:15:03] [DEBUG   ] [sta_top_parser] [parser.py:130]   Parsing: 10_MULTICYCLE_TT_25C_FDIV_TOP.rpt
[2026-08-15 19:15:03] [DEBUG   ] [sta_top_parser] [parser.py:209]     → design=FDIV_TOP             corner=tt_0p90v_0p90v_25c                  check=setup  wns=+1.103  status=MET
[2026-08-15 19:15:03] [DEBUG   ] [sta_top_parser] [parser.py:130]   Parsing: FDIV_TIMING.rpt
[2026-08-15 19:15:03] [DEBUG   ] [sta_top_parser] [parser.py:209]     → design=N/A                  corner=N/A                                 check=N/A    wns=+0.000  status=UNKNOWN
[2026-08-15 19:15:03] [INFO    ] [sta_top_parser] [parser.py:294]   Parsed 11 / 11 report(s) OK
[2026-08-15 19:15:03] [INFO    ] [sta_top_parser] [dump_log.py:246] Dump log    → D:\Certificates\PD_STA_REPORTS\EXECUTE\FPU\FDIV\FDIV_TOP_dump.log
[2026-08-15 19:15:03] [INFO    ] [sta_top_parser] [json_writer.py:75] JSON dump   → D:\Certificates\PD_STA_REPORTS\EXECUTE\FPU\FDIV\FDIV_TOP_summary.json
[2026-08-15 19:15:03] [INFO    ] [sta_top_parser] [html_writer.py:361] HTML report → D:\Certificates\PD_STA_REPORTS\EXECUTE\FPU\FDIV\FDIV_TOP_report.html
[2026-08-15 19:15:03] [INFO    ] [sta_top_parser] [sta_top_parser.py:328] [7/13] Scanning: EXECUTE\FPU\FMUL
[2026-08-15 19:15:03] [INFO    ] [sta_top_parser] [parser.py:284]   Found 11 report file(s) in D:\Certificates\PD_STA_REPORTS\EXECUTE\FPU\FMUL
[2026-08-15 19:15:03] [DEBUG   ] [sta_top_parser] [parser.py:130]   Parsing: 01_SETUP_SS_125C_FMUL_TOP.rpt
[2026-08-15 19:15:03] [DEBUG   ] [sta_top_parser] [parser.py:209]     → design=FMUL_TOP             corner=ss_0p72v_0p72v_125c                 check=setup  wns=+1.019  status=MET
[2026-08-15 19:15:03] [DEBUG   ] [sta_top_parser] [parser.py:130]   Parsing: 02_HOLD_FF_N40C_FMUL_TOP.rpt
[2026-08-15 19:15:03] [DEBUG   ] [sta_top_parser] [parser.py:209]     → design=FMUL_TOP             corner=ff_1p16v_1p16v_n40c                 check=hold   wns=+1.142  status=MET
[2026-08-15 19:15:03] [DEBUG   ] [sta_top_parser] [parser.py:130]   Parsing: 03_SETUP_TT_25C_FMUL_TOP.rpt
[2026-08-15 19:15:03] [DEBUG   ] [sta_top_parser] [parser.py:209]     → design=FMUL_TOP             corner=tt_0p90v_0p90v_25c                  check=setup  wns=+1.130  status=MET
[2026-08-15 19:15:03] [DEBUG   ] [sta_top_parser] [parser.py:130]   Parsing: 04_HOLD_TT_25C_FMUL_TOP.rpt
[2026-08-15 19:15:03] [DEBUG   ] [sta_top_parser] [parser.py:209]     → design=FMUL_TOP             corner=tt_0p90v_0p90v_25c                  check=hold   wns=+1.081  status=MET
[2026-08-15 19:15:03] [DEBUG   ] [sta_top_parser] [parser.py:130]   Parsing: 05_SETUP_SS_M40C_FMUL_TOP.rpt
[2026-08-15 19:15:03] [DEBUG   ] [sta_top_parser] [parser.py:209]     → design=FMUL_TOP             corner=ss_0p72v_0p72v_n40c                 check=setup  wns=+1.105  status=MET
[2026-08-15 19:15:03] [DEBUG   ] [sta_top_parser] [parser.py:130]   Parsing: 06_HOLD_FF_125C_FMUL_TOP.rpt
[2026-08-15 19:15:03] [DEBUG   ] [sta_top_parser] [parser.py:209]     → design=FMUL_TOP             corner=ff_1p16v_1p16v_125c                 check=hold   wns=+1.075  status=MET
[2026-08-15 19:15:03] [DEBUG   ] [sta_top_parser] [parser.py:130]   Parsing: 07_SETUP_LVSS_125C_FMUL_TOP.rpt
[2026-08-15 19:15:03] [DEBUG   ] [sta_top_parser] [parser.py:209]     → design=FMUL_TOP             corner=ss_0p63v_0p63v_125c                 check=setup  wns=+1.098  status=MET
[2026-08-15 19:15:03] [DEBUG   ] [sta_top_parser] [parser.py:130]   Parsing: 08_CG_CHECK_TT_25C_FMUL_TOP.rpt
[2026-08-15 19:15:03] [DEBUG   ] [sta_top_parser] [parser.py:209]     → design=FMUL_TOP             corner=tt_0p90v_0p90v_25c                  check=setup  wns=+1.127  status=MET
[2026-08-15 19:15:03] [DEBUG   ] [sta_top_parser] [parser.py:130]   Parsing: 09_RECOVERY_SS_125C_FMUL_TOP.rpt
[2026-08-15 19:15:03] [DEBUG   ] [sta_top_parser] [parser.py:209]     → design=FMUL_TOP             corner=ss_0p72v_0p72v_125c                 check=setup  wns=+1.082  status=MET
[2026-08-15 19:15:03] [DEBUG   ] [sta_top_parser] [parser.py:130]   Parsing: 10_MULTICYCLE_TT_25C_FMUL_TOP.rpt
[2026-08-15 19:15:03] [DEBUG   ] [sta_top_parser] [parser.py:209]     → design=FMUL_TOP             corner=tt_0p90v_0p90v_25c                  check=setup  wns=+1.099  status=MET
[2026-08-15 19:15:03] [DEBUG   ] [sta_top_parser] [parser.py:130]   Parsing: FMUL_TIMING.rpt
[2026-08-15 19:15:03] [DEBUG   ] [sta_top_parser] [parser.py:209]     → design=N/A                  corner=N/A                                 check=N/A    wns=+0.000  status=UNKNOWN
[2026-08-15 19:15:03] [INFO    ] [sta_top_parser] [parser.py:294]   Parsed 11 / 11 report(s) OK
[2026-08-15 19:15:03] [INFO    ] [sta_top_parser] [dump_log.py:246] Dump log    → D:\Certificates\PD_STA_REPORTS\EXECUTE\FPU\FMUL\FMUL_TOP_dump.log
[2026-08-15 19:15:03] [INFO    ] [sta_top_parser] [json_writer.py:75] JSON dump   → D:\Certificates\PD_STA_REPORTS\EXECUTE\FPU\FMUL\FMUL_TOP_summary.json
[2026-08-15 19:15:03] [INFO    ] [sta_top_parser] [html_writer.py:361] HTML report → D:\Certificates\PD_STA_REPORTS\EXECUTE\FPU\FMUL\FMUL_TOP_report.html
[2026-08-15 19:15:03] [INFO    ] [sta_top_parser] [sta_top_parser.py:328] [8/13] Scanning: EXECUTE\FPU\FSQRT
[2026-08-15 19:15:03] [INFO    ] [sta_top_parser] [parser.py:284]   Found 11 report file(s) in D:\Certificates\PD_STA_REPORTS\EXECUTE\FPU\FSQRT
[2026-08-15 19:15:03] [DEBUG   ] [sta_top_parser] [parser.py:130]   Parsing: 01_SETUP_SS_125C_FSQRT_TOP.rpt
[2026-08-15 19:15:03] [DEBUG   ] [sta_top_parser] [parser.py:209]     → design=FSQRT_TOP            corner=ss_0p72v_0p72v_125c                 check=setup  wns=+1.069  status=MET
[2026-08-15 19:15:03] [DEBUG   ] [sta_top_parser] [parser.py:130]   Parsing: 02_HOLD_FF_N40C_FSQRT_TOP.rpt
[2026-08-15 19:15:03] [DEBUG   ] [sta_top_parser] [parser.py:209]     → design=FSQRT_TOP            corner=ff_1p16v_1p16v_n40c                 check=hold   wns=+1.096  status=MET
[2026-08-15 19:15:03] [DEBUG   ] [sta_top_parser] [parser.py:130]   Parsing: 03_SETUP_TT_25C_FSQRT_TOP.rpt
[2026-08-15 19:15:03] [DEBUG   ] [sta_top_parser] [parser.py:209]     → design=FSQRT_TOP            corner=tt_0p90v_0p90v_25c                  check=setup  wns=+1.112  status=MET
[2026-08-15 19:15:03] [DEBUG   ] [sta_top_parser] [parser.py:130]   Parsing: 04_HOLD_TT_25C_FSQRT_TOP.rpt
[2026-08-15 19:15:03] [DEBUG   ] [sta_top_parser] [parser.py:209]     → design=FSQRT_TOP            corner=tt_0p90v_0p90v_25c                  check=hold   wns=+1.099  status=MET
[2026-08-15 19:15:03] [DEBUG   ] [sta_top_parser] [parser.py:130]   Parsing: 05_SETUP_SS_M40C_FSQRT_TOP.rpt
[2026-08-15 19:15:03] [DEBUG   ] [sta_top_parser] [parser.py:209]     → design=FSQRT_TOP            corner=ss_0p72v_0p72v_n40c                 check=setup  wns=+1.109  status=MET
[2026-08-15 19:15:03] [DEBUG   ] [sta_top_parser] [parser.py:130]   Parsing: 06_HOLD_FF_125C_FSQRT_TOP.rpt
[2026-08-15 19:15:03] [DEBUG   ] [sta_top_parser] [parser.py:209]     → design=FSQRT_TOP            corner=ff_1p16v_1p16v_125c                 check=hold   wns=+1.095  status=MET
[2026-08-15 19:15:03] [DEBUG   ] [sta_top_parser] [parser.py:130]   Parsing: 07_SETUP_LVSS_125C_FSQRT_TOP.rpt
[2026-08-15 19:15:03] [DEBUG   ] [sta_top_parser] [parser.py:209]     → design=FSQRT_TOP            corner=ss_0p63v_0p63v_125c                 check=setup  wns=+1.060  status=MET
[2026-08-15 19:15:03] [DEBUG   ] [sta_top_parser] [parser.py:130]   Parsing: 08_CG_CHECK_TT_25C_FSQRT_TOP.rpt
[2026-08-15 19:15:03] [DEBUG   ] [sta_top_parser] [parser.py:209]     → design=FSQRT_TOP            corner=tt_0p90v_0p90v_25c                  check=setup  wns=+1.030  status=MET
[2026-08-15 19:15:03] [DEBUG   ] [sta_top_parser] [parser.py:130]   Parsing: 09_RECOVERY_SS_125C_FSQRT_TOP.rpt
[2026-08-15 19:15:03] [DEBUG   ] [sta_top_parser] [parser.py:209]     → design=FSQRT_TOP            corner=ss_0p72v_0p72v_125c                 check=setup  wns=+1.071  status=MET
[2026-08-15 19:15:03] [DEBUG   ] [sta_top_parser] [parser.py:130]   Parsing: 10_MULTICYCLE_TT_25C_FSQRT_TOP.rpt
[2026-08-15 19:15:03] [DEBUG   ] [sta_top_parser] [parser.py:209]     → design=FSQRT_TOP            corner=tt_0p90v_0p90v_25c                  check=setup  wns=+1.047  status=MET
[2026-08-15 19:15:03] [DEBUG   ] [sta_top_parser] [parser.py:130]   Parsing: FSQRT_TIMING.rpt
[2026-08-15 19:15:03] [DEBUG   ] [sta_top_parser] [parser.py:209]     → design=N/A                  corner=N/A                                 check=N/A    wns=+0.000  status=UNKNOWN
[2026-08-15 19:15:03] [INFO    ] [sta_top_parser] [parser.py:294]   Parsed 11 / 11 report(s) OK
[2026-08-15 19:15:03] [INFO    ] [sta_top_parser] [dump_log.py:246] Dump log    → D:\Certificates\PD_STA_REPORTS\EXECUTE\FPU\FSQRT\FSQRT_TOP_dump.log
[2026-08-15 19:15:03] [INFO    ] [sta_top_parser] [json_writer.py:75] JSON dump   → D:\Certificates\PD_STA_REPORTS\EXECUTE\FPU\FSQRT\FSQRT_TOP_summary.json
[2026-08-15 19:15:03] [INFO    ] [sta_top_parser] [html_writer.py:361] HTML report → D:\Certificates\PD_STA_REPORTS\EXECUTE\FPU\FSQRT\FSQRT_TOP_report.html
[2026-08-15 19:15:03] [INFO    ] [sta_top_parser] [sta_top_parser.py:328] [9/13] Scanning: EXECUTE\LSU\LDU
[2026-08-15 19:15:03] [INFO    ] [sta_top_parser] [parser.py:284]   Found 11 report file(s) in D:\Certificates\PD_STA_REPORTS\EXECUTE\LSU\LDU
[2026-08-15 19:15:03] [DEBUG   ] [sta_top_parser] [parser.py:130]   Parsing: 01_SETUP_SS_125C_LDU_TOP.rpt
[2026-08-15 19:15:03] [DEBUG   ] [sta_top_parser] [parser.py:209]     → design=LDU_TOP              corner=ss_0p72v_0p72v_125c                 check=setup  wns=+1.133  status=MET
[2026-08-15 19:15:03] [DEBUG   ] [sta_top_parser] [parser.py:130]   Parsing: 02_HOLD_FF_N40C_LDU_TOP.rpt
[2026-08-15 19:15:03] [DEBUG   ] [sta_top_parser] [parser.py:209]     → design=LDU_TOP              corner=ff_1p16v_1p16v_n40c                 check=hold   wns=+1.111  status=MET
[2026-08-15 19:15:03] [DEBUG   ] [sta_top_parser] [parser.py:130]   Parsing: 03_SETUP_TT_25C_LDU_TOP.rpt
[2026-08-15 19:15:03] [DEBUG   ] [sta_top_parser] [parser.py:209]     → design=LDU_TOP              corner=tt_0p90v_0p90v_25c                  check=setup  wns=+1.098  status=MET
[2026-08-15 19:15:03] [DEBUG   ] [sta_top_parser] [parser.py:130]   Parsing: 04_HOLD_TT_25C_LDU_TOP.rpt
[2026-08-15 19:15:03] [DEBUG   ] [sta_top_parser] [parser.py:209]     → design=LDU_TOP              corner=tt_0p90v_0p90v_25c                  check=hold   wns=+1.114  status=MET
[2026-08-15 19:15:03] [DEBUG   ] [sta_top_parser] [parser.py:130]   Parsing: 05_SETUP_SS_M40C_LDU_TOP.rpt
[2026-08-15 19:15:03] [DEBUG   ] [sta_top_parser] [parser.py:209]     → design=LDU_TOP              corner=ss_0p72v_0p72v_n40c                 check=setup  wns=+1.105  status=MET
[2026-08-15 19:15:03] [DEBUG   ] [sta_top_parser] [parser.py:130]   Parsing: 06_HOLD_FF_125C_LDU_TOP.rpt
[2026-08-15 19:15:03] [DEBUG   ] [sta_top_parser] [parser.py:209]     → design=LDU_TOP              corner=ff_1p16v_1p16v_125c                 check=hold   wns=+1.126  status=MET
[2026-08-15 19:15:03] [DEBUG   ] [sta_top_parser] [parser.py:130]   Parsing: 07_SETUP_LVSS_125C_LDU_TOP.rpt
[2026-08-15 19:15:03] [DEBUG   ] [sta_top_parser] [parser.py:209]     → design=LDU_TOP              corner=ss_0p63v_0p63v_125c                 check=setup  wns=+1.146  status=MET
[2026-08-15 19:15:03] [DEBUG   ] [sta_top_parser] [parser.py:130]   Parsing: 08_CG_CHECK_TT_25C_LDU_TOP.rpt
[2026-08-15 19:15:03] [DEBUG   ] [sta_top_parser] [parser.py:209]     → design=LDU_TOP              corner=tt_0p90v_0p90v_25c                  check=setup  wns=+1.078  status=MET
[2026-08-15 19:15:03] [DEBUG   ] [sta_top_parser] [parser.py:130]   Parsing: 09_RECOVERY_SS_125C_LDU_TOP.rpt
[2026-08-15 19:15:03] [DEBUG   ] [sta_top_parser] [parser.py:209]     → design=LDU_TOP              corner=ss_0p72v_0p72v_125c                 check=setup  wns=+1.092  status=MET
[2026-08-15 19:15:03] [DEBUG   ] [sta_top_parser] [parser.py:130]   Parsing: 10_MULTICYCLE_TT_25C_LDU_TOP.rpt
[2026-08-15 19:15:03] [DEBUG   ] [sta_top_parser] [parser.py:209]     → design=LDU_TOP              corner=tt_0p90v_0p90v_25c                  check=setup  wns=+1.106  status=MET
[2026-08-15 19:15:03] [DEBUG   ] [sta_top_parser] [parser.py:130]   Parsing: LDU_TIMING.rpt
[2026-08-15 19:15:03] [DEBUG   ] [sta_top_parser] [parser.py:209]     → design=N/A                  corner=N/A                                 check=N/A    wns=+0.000  status=UNKNOWN
[2026-08-15 19:15:03] [INFO    ] [sta_top_parser] [parser.py:294]   Parsed 11 / 11 report(s) OK
[2026-08-15 19:15:03] [INFO    ] [sta_top_parser] [dump_log.py:246] Dump log    → D:\Certificates\PD_STA_REPORTS\EXECUTE\LSU\LDU\LDU_TOP_dump.log
[2026-08-15 19:15:03] [INFO    ] [sta_top_parser] [json_writer.py:75] JSON dump   → D:\Certificates\PD_STA_REPORTS\EXECUTE\LSU\LDU\LDU_TOP_summary.json
[2026-08-15 19:15:03] [INFO    ] [sta_top_parser] [html_writer.py:361] HTML report → D:\Certificates\PD_STA_REPORTS\EXECUTE\LSU\LDU\LDU_TOP_report.html
[2026-08-15 19:15:03] [INFO    ] [sta_top_parser] [sta_top_parser.py:328] [10/13] Scanning: EXECUTE\LSU\STL_FORWARD
[2026-08-15 19:15:03] [INFO    ] [sta_top_parser] [parser.py:284]   Found 11 report file(s) in D:\Certificates\PD_STA_REPORTS\EXECUTE\LSU\STL_FORWARD
[2026-08-15 19:15:03] [DEBUG   ] [sta_top_parser] [parser.py:130]   Parsing: 01_SETUP_SS_125C_STL_FORWARD_TOP.rpt
[2026-08-15 19:15:03] [DEBUG   ] [sta_top_parser] [parser.py:209]     → design=STL_FORWARD_TOP      corner=ss_0p72v_0p72v_125c                 check=setup  wns=+1.131  status=MET
[2026-08-15 19:15:03] [DEBUG   ] [sta_top_parser] [parser.py:130]   Parsing: 02_HOLD_FF_N40C_STL_FORWARD_TOP.rpt
[2026-08-15 19:15:03] [DEBUG   ] [sta_top_parser] [parser.py:209]     → design=STL_FORWARD_TOP      corner=ff_1p16v_1p16v_n40c                 check=hold   wns=+1.108  status=MET
[2026-08-15 19:15:03] [DEBUG   ] [sta_top_parser] [parser.py:130]   Parsing: 03_SETUP_TT_25C_STL_FORWARD_TOP.rpt
[2026-08-15 19:15:03] [DEBUG   ] [sta_top_parser] [parser.py:209]     → design=STL_FORWARD_TOP      corner=tt_0p90v_0p90v_25c                  check=setup  wns=+1.157  status=MET
[2026-08-15 19:15:03] [DEBUG   ] [sta_top_parser] [parser.py:130]   Parsing: 04_HOLD_TT_25C_STL_FORWARD_TOP.rpt
[2026-08-15 19:15:03] [DEBUG   ] [sta_top_parser] [parser.py:209]     → design=STL_FORWARD_TOP      corner=tt_0p90v_0p90v_25c                  check=hold   wns=+1.110  status=MET
[2026-08-15 19:15:03] [DEBUG   ] [sta_top_parser] [parser.py:130]   Parsing: 05_SETUP_SS_M40C_STL_FORWARD_TOP.rpt
[2026-08-15 19:15:03] [DEBUG   ] [sta_top_parser] [parser.py:209]     → design=STL_FORWARD_TOP      corner=ss_0p72v_0p72v_n40c                 check=setup  wns=+1.074  status=MET
[2026-08-15 19:15:03] [DEBUG   ] [sta_top_parser] [parser.py:130]   Parsing: 06_HOLD_FF_125C_STL_FORWARD_TOP.rpt
[2026-08-15 19:15:03] [DEBUG   ] [sta_top_parser] [parser.py:209]     → design=STL_FORWARD_TOP      corner=ff_1p16v_1p16v_125c                 check=hold   wns=+1.066  status=MET
[2026-08-15 19:15:03] [DEBUG   ] [sta_top_parser] [parser.py:130]   Parsing: 07_SETUP_LVSS_125C_STL_FORWARD_TOP.rpt
[2026-08-15 19:15:03] [DEBUG   ] [sta_top_parser] [parser.py:209]     → design=STL_FORWARD_TOP      corner=ss_0p63v_0p63v_125c                 check=setup  wns=+1.118  status=MET
[2026-08-15 19:15:03] [DEBUG   ] [sta_top_parser] [parser.py:130]   Parsing: 08_CG_CHECK_TT_25C_STL_FORWARD_TOP.rpt
[2026-08-15 19:15:03] [DEBUG   ] [sta_top_parser] [parser.py:209]     → design=STL_FORWARD_TOP      corner=tt_0p90v_0p90v_25c                  check=setup  wns=+1.110  status=MET
[2026-08-15 19:15:03] [DEBUG   ] [sta_top_parser] [parser.py:130]   Parsing: 09_RECOVERY_SS_125C_STL_FORWARD_TOP.rpt
[2026-08-15 19:15:03] [DEBUG   ] [sta_top_parser] [parser.py:209]     → design=STL_FORWARD_TOP      corner=ss_0p72v_0p72v_125c                 check=setup  wns=+1.110  status=MET
[2026-08-15 19:15:03] [DEBUG   ] [sta_top_parser] [parser.py:130]   Parsing: 10_MULTICYCLE_TT_25C_STL_FORWARD_TOP.rpt
[2026-08-15 19:15:03] [DEBUG   ] [sta_top_parser] [parser.py:209]     → design=STL_FORWARD_TOP      corner=tt_0p90v_0p90v_25c                  check=setup  wns=+1.162  status=MET
[2026-08-15 19:15:03] [DEBUG   ] [sta_top_parser] [parser.py:130]   Parsing: STL_FORWARD_TIMING.rpt
[2026-08-15 19:15:03] [DEBUG   ] [sta_top_parser] [parser.py:209]     → design=N/A                  corner=N/A                                 check=N/A    wns=+0.000  status=UNKNOWN
[2026-08-15 19:15:03] [INFO    ] [sta_top_parser] [parser.py:294]   Parsed 11 / 11 report(s) OK
[2026-08-15 19:15:03] [INFO    ] [sta_top_parser] [dump_log.py:246] Dump log    → D:\Certificates\PD_STA_REPORTS\EXECUTE\LSU\STL_FORWARD\STL_FORWARD_TOP_dump.log
[2026-08-15 19:15:03] [INFO    ] [sta_top_parser] [json_writer.py:75] JSON dump   → D:\Certificates\PD_STA_REPORTS\EXECUTE\LSU\STL_FORWARD\STL_FORWARD_TOP_summary.json
[2026-08-15 19:15:03] [INFO    ] [sta_top_parser] [html_writer.py:361] HTML report → D:\Certificates\PD_STA_REPORTS\EXECUTE\LSU\STL_FORWARD\STL_FORWARD_TOP_report.html
[2026-08-15 19:15:03] [INFO    ] [sta_top_parser] [sta_top_parser.py:328] [11/13] Scanning: EXECUTE\LSU\STU
[2026-08-15 19:15:03] [INFO    ] [sta_top_parser] [parser.py:284]   Found 11 report file(s) in D:\Certificates\PD_STA_REPORTS\EXECUTE\LSU\STU
[2026-08-15 19:15:03] [DEBUG   ] [sta_top_parser] [parser.py:130]   Parsing: 01_SETUP_SS_125C_STU_TOP.rpt
[2026-08-15 19:15:03] [DEBUG   ] [sta_top_parser] [parser.py:209]     → design=STU_TOP              corner=ss_0p72v_0p72v_125c                 check=setup  wns=+1.097  status=MET
[2026-08-15 19:15:03] [DEBUG   ] [sta_top_parser] [parser.py:130]   Parsing: 02_HOLD_FF_N40C_STU_TOP.rpt
[2026-08-15 19:15:03] [DEBUG   ] [sta_top_parser] [parser.py:209]     → design=STU_TOP              corner=ff_1p16v_1p16v_n40c                 check=hold   wns=+1.105  status=MET
[2026-08-15 19:15:03] [DEBUG   ] [sta_top_parser] [parser.py:130]   Parsing: 03_SETUP_TT_25C_STU_TOP.rpt
[2026-08-15 19:15:03] [DEBUG   ] [sta_top_parser] [parser.py:209]     → design=STU_TOP              corner=tt_0p90v_0p90v_25c                  check=setup  wns=+1.116  status=MET
[2026-08-15 19:15:03] [DEBUG   ] [sta_top_parser] [parser.py:130]   Parsing: 04_HOLD_TT_25C_STU_TOP.rpt
[2026-08-15 19:15:03] [DEBUG   ] [sta_top_parser] [parser.py:209]     → design=STU_TOP              corner=tt_0p90v_0p90v_25c                  check=hold   wns=+1.130  status=MET
[2026-08-15 19:15:03] [DEBUG   ] [sta_top_parser] [parser.py:130]   Parsing: 05_SETUP_SS_M40C_STU_TOP.rpt
[2026-08-15 19:15:03] [DEBUG   ] [sta_top_parser] [parser.py:209]     → design=STU_TOP              corner=ss_0p72v_0p72v_n40c                 check=setup  wns=+1.127  status=MET
[2026-08-15 19:15:03] [DEBUG   ] [sta_top_parser] [parser.py:130]   Parsing: 06_HOLD_FF_125C_STU_TOP.rpt
[2026-08-15 19:15:03] [DEBUG   ] [sta_top_parser] [parser.py:209]     → design=STU_TOP              corner=ff_1p16v_1p16v_125c                 check=hold   wns=+1.054  status=MET
[2026-08-15 19:15:03] [DEBUG   ] [sta_top_parser] [parser.py:130]   Parsing: 07_SETUP_LVSS_125C_STU_TOP.rpt
[2026-08-15 19:15:03] [DEBUG   ] [sta_top_parser] [parser.py:209]     → design=STU_TOP              corner=ss_0p63v_0p63v_125c                 check=setup  wns=+1.109  status=MET
[2026-08-15 19:15:03] [DEBUG   ] [sta_top_parser] [parser.py:130]   Parsing: 08_CG_CHECK_TT_25C_STU_TOP.rpt
[2026-08-15 19:15:03] [DEBUG   ] [sta_top_parser] [parser.py:209]     → design=STU_TOP              corner=tt_0p90v_0p90v_25c                  check=setup  wns=+1.147  status=MET
[2026-08-15 19:15:03] [DEBUG   ] [sta_top_parser] [parser.py:130]   Parsing: 09_RECOVERY_SS_125C_STU_TOP.rpt
[2026-08-15 19:15:03] [DEBUG   ] [sta_top_parser] [parser.py:209]     → design=STU_TOP              corner=ss_0p72v_0p72v_125c                 check=setup  wns=+1.088  status=MET
[2026-08-15 19:15:03] [DEBUG   ] [sta_top_parser] [parser.py:130]   Parsing: 10_MULTICYCLE_TT_25C_STU_TOP.rpt
[2026-08-15 19:15:03] [DEBUG   ] [sta_top_parser] [parser.py:209]     → design=STU_TOP              corner=tt_0p90v_0p90v_25c                  check=setup  wns=+1.143  status=MET
[2026-08-15 19:15:03] [DEBUG   ] [sta_top_parser] [parser.py:130]   Parsing: STU_TIMING.rpt
[2026-08-15 19:15:03] [DEBUG   ] [sta_top_parser] [parser.py:209]     → design=N/A                  corner=N/A                                 check=N/A    wns=+0.000  status=UNKNOWN
[2026-08-15 19:15:03] [INFO    ] [sta_top_parser] [parser.py:294]   Parsed 11 / 11 report(s) OK
[2026-08-15 19:15:03] [INFO    ] [sta_top_parser] [dump_log.py:246] Dump log    → D:\Certificates\PD_STA_REPORTS\EXECUTE\LSU\STU\STU_TOP_dump.log
[2026-08-15 19:15:03] [INFO    ] [sta_top_parser] [json_writer.py:75] JSON dump   → D:\Certificates\PD_STA_REPORTS\EXECUTE\LSU\STU\STU_TOP_summary.json
[2026-08-15 19:15:03] [INFO    ] [sta_top_parser] [html_writer.py:361] HTML report → D:\Certificates\PD_STA_REPORTS\EXECUTE\LSU\STU\STU_TOP_report.html
[2026-08-15 19:15:03] [INFO    ] [sta_top_parser] [sta_top_parser.py:328] [12/13] Scanning: EXECUTE\MUL
[2026-08-15 19:15:03] [INFO    ] [sta_top_parser] [parser.py:284]   Found 11 report file(s) in D:\Certificates\PD_STA_REPORTS\EXECUTE\MUL
[2026-08-15 19:15:03] [DEBUG   ] [sta_top_parser] [parser.py:130]   Parsing: 01_SETUP_SS_125C_MUL_TOP.rpt
[2026-08-15 19:15:03] [DEBUG   ] [sta_top_parser] [parser.py:209]     → design=MUL_TOP              corner=ss_0p72v_0p72v_125c                 check=setup  wns=+1.121  status=MET
[2026-08-15 19:15:03] [DEBUG   ] [sta_top_parser] [parser.py:130]   Parsing: 02_HOLD_FF_N40C_MUL_TOP.rpt
[2026-08-15 19:15:03] [DEBUG   ] [sta_top_parser] [parser.py:209]     → design=MUL_TOP              corner=ff_1p16v_1p16v_n40c                 check=hold   wns=+1.071  status=MET
[2026-08-15 19:15:03] [DEBUG   ] [sta_top_parser] [parser.py:130]   Parsing: 03_SETUP_TT_25C_MUL_TOP.rpt
[2026-08-15 19:15:03] [DEBUG   ] [sta_top_parser] [parser.py:209]     → design=MUL_TOP              corner=tt_0p90v_0p90v_25c                  check=setup  wns=+1.051  status=MET
[2026-08-15 19:15:03] [DEBUG   ] [sta_top_parser] [parser.py:130]   Parsing: 04_HOLD_TT_25C_MUL_TOP.rpt
[2026-08-15 19:15:03] [DEBUG   ] [sta_top_parser] [parser.py:209]     → design=MUL_TOP              corner=tt_0p90v_0p90v_25c                  check=hold   wns=+1.143  status=MET
[2026-08-15 19:15:03] [DEBUG   ] [sta_top_parser] [parser.py:130]   Parsing: 05_SETUP_SS_M40C_MUL_TOP.rpt
[2026-08-15 19:15:03] [DEBUG   ] [sta_top_parser] [parser.py:209]     → design=MUL_TOP              corner=ss_0p72v_0p72v_n40c                 check=setup  wns=+1.098  status=MET
[2026-08-15 19:15:03] [DEBUG   ] [sta_top_parser] [parser.py:130]   Parsing: 06_HOLD_FF_125C_MUL_TOP.rpt
[2026-08-15 19:15:03] [DEBUG   ] [sta_top_parser] [parser.py:209]     → design=MUL_TOP              corner=ff_1p16v_1p16v_125c                 check=hold   wns=+1.058  status=MET
[2026-08-15 19:15:03] [DEBUG   ] [sta_top_parser] [parser.py:130]   Parsing: 07_SETUP_LVSS_125C_MUL_TOP.rpt
[2026-08-15 19:15:03] [DEBUG   ] [sta_top_parser] [parser.py:209]     → design=MUL_TOP              corner=ss_0p63v_0p63v_125c                 check=setup  wns=+1.118  status=MET
[2026-08-15 19:15:03] [DEBUG   ] [sta_top_parser] [parser.py:130]   Parsing: 08_CG_CHECK_TT_25C_MUL_TOP.rpt
[2026-08-15 19:15:03] [DEBUG   ] [sta_top_parser] [parser.py:209]     → design=MUL_TOP              corner=tt_0p90v_0p90v_25c                  check=setup  wns=+1.172  status=MET
[2026-08-15 19:15:03] [DEBUG   ] [sta_top_parser] [parser.py:130]   Parsing: 09_RECOVERY_SS_125C_MUL_TOP.rpt
[2026-08-15 19:15:03] [DEBUG   ] [sta_top_parser] [parser.py:209]     → design=MUL_TOP              corner=ss_0p72v_0p72v_125c                 check=setup  wns=+1.097  status=MET
[2026-08-15 19:15:03] [DEBUG   ] [sta_top_parser] [parser.py:130]   Parsing: 10_MULTICYCLE_TT_25C_MUL_TOP.rpt
[2026-08-15 19:15:03] [DEBUG   ] [sta_top_parser] [parser.py:209]     → design=MUL_TOP              corner=tt_0p90v_0p90v_25c                  check=setup  wns=+1.051  status=MET
[2026-08-15 19:15:03] [DEBUG   ] [sta_top_parser] [parser.py:130]   Parsing: MUL_TIMING.rpt
[2026-08-15 19:15:03] [DEBUG   ] [sta_top_parser] [parser.py:209]     → design=N/A                  corner=N/A                                 check=N/A    wns=+0.000  status=UNKNOWN
[2026-08-15 19:15:03] [INFO    ] [sta_top_parser] [parser.py:294]   Parsed 11 / 11 report(s) OK
[2026-08-15 19:15:03] [INFO    ] [sta_top_parser] [dump_log.py:246] Dump log    → D:\Certificates\PD_STA_REPORTS\EXECUTE\MUL\MUL_TOP_dump.log
[2026-08-15 19:15:03] [INFO    ] [sta_top_parser] [json_writer.py:75] JSON dump   → D:\Certificates\PD_STA_REPORTS\EXECUTE\MUL\MUL_TOP_summary.json
[2026-08-15 19:15:03] [INFO    ] [sta_top_parser] [html_writer.py:361] HTML report → D:\Certificates\PD_STA_REPORTS\EXECUTE\MUL\MUL_TOP_report.html
[2026-08-15 19:15:03] [INFO    ] [sta_top_parser] [sta_top_parser.py:328] [13/13] Scanning: EXECUTE\SIMD_VEC
[2026-08-15 19:15:03] [INFO    ] [sta_top_parser] [parser.py:284]   Found 11 report file(s) in D:\Certificates\PD_STA_REPORTS\EXECUTE\SIMD_VEC
[2026-08-15 19:15:03] [DEBUG   ] [sta_top_parser] [parser.py:130]   Parsing: 01_SETUP_SS_125C_SIMD_VEC_TOP.rpt
[2026-08-15 19:15:03] [DEBUG   ] [sta_top_parser] [parser.py:209]     → design=SIMD_VEC_TOP         corner=ss_0p72v_0p72v_125c                 check=setup  wns=+1.113  status=MET
[2026-08-15 19:15:03] [DEBUG   ] [sta_top_parser] [parser.py:130]   Parsing: 02_HOLD_FF_N40C_SIMD_VEC_TOP.rpt
[2026-08-15 19:15:03] [DEBUG   ] [sta_top_parser] [parser.py:209]     → design=SIMD_VEC_TOP         corner=ff_1p16v_1p16v_n40c                 check=hold   wns=+1.138  status=MET
[2026-08-15 19:15:03] [DEBUG   ] [sta_top_parser] [parser.py:130]   Parsing: 03_SETUP_TT_25C_SIMD_VEC_TOP.rpt
[2026-08-15 19:15:03] [DEBUG   ] [sta_top_parser] [parser.py:209]     → design=SIMD_VEC_TOP         corner=tt_0p90v_0p90v_25c                  check=setup  wns=+1.118  status=MET
[2026-08-15 19:15:03] [DEBUG   ] [sta_top_parser] [parser.py:130]   Parsing: 04_HOLD_TT_25C_SIMD_VEC_TOP.rpt
[2026-08-15 19:15:03] [DEBUG   ] [sta_top_parser] [parser.py:209]     → design=SIMD_VEC_TOP         corner=tt_0p90v_0p90v_25c                  check=hold   wns=+1.143  status=MET
[2026-08-15 19:15:03] [DEBUG   ] [sta_top_parser] [parser.py:130]   Parsing: 05_SETUP_SS_M40C_SIMD_VEC_TOP.rpt
[2026-08-15 19:15:03] [DEBUG   ] [sta_top_parser] [parser.py:209]     → design=SIMD_VEC_TOP         corner=ss_0p72v_0p72v_n40c                 check=setup  wns=+1.110  status=MET
[2026-08-15 19:15:03] [DEBUG   ] [sta_top_parser] [parser.py:130]   Parsing: 06_HOLD_FF_125C_SIMD_VEC_TOP.rpt
[2026-08-15 19:15:03] [DEBUG   ] [sta_top_parser] [parser.py:209]     → design=SIMD_VEC_TOP         corner=ff_1p16v_1p16v_125c                 check=hold   wns=+1.065  status=MET
[2026-08-15 19:15:03] [DEBUG   ] [sta_top_parser] [parser.py:130]   Parsing: 07_SETUP_LVSS_125C_SIMD_VEC_TOP.rpt
[2026-08-15 19:15:03] [DEBUG   ] [sta_top_parser] [parser.py:209]     → design=SIMD_VEC_TOP         corner=ss_0p63v_0p63v_125c                 check=setup  wns=+1.098  status=MET
[2026-08-15 19:15:03] [DEBUG   ] [sta_top_parser] [parser.py:130]   Parsing: 08_CG_CHECK_TT_25C_SIMD_VEC_TOP.rpt
[2026-08-15 19:15:03] [DEBUG   ] [sta_top_parser] [parser.py:209]     → design=SIMD_VEC_TOP         corner=tt_0p90v_0p90v_25c                  check=setup  wns=+1.060  status=MET
[2026-08-15 19:15:03] [DEBUG   ] [sta_top_parser] [parser.py:130]   Parsing: 09_RECOVERY_SS_125C_SIMD_VEC_TOP.rpt
[2026-08-15 19:15:03] [DEBUG   ] [sta_top_parser] [parser.py:209]     → design=SIMD_VEC_TOP         corner=ss_0p72v_0p72v_125c                 check=setup  wns=+1.094  status=MET
[2026-08-15 19:15:03] [DEBUG   ] [sta_top_parser] [parser.py:130]   Parsing: 10_MULTICYCLE_TT_25C_SIMD_VEC_TOP.rpt
[2026-08-15 19:15:03] [DEBUG   ] [sta_top_parser] [parser.py:209]     → design=SIMD_VEC_TOP         corner=tt_0p90v_0p90v_25c                  check=setup  wns=+1.137  status=MET
[2026-08-15 19:15:03] [DEBUG   ] [sta_top_parser] [parser.py:130]   Parsing: SIMD_VEC_TIMING.rpt
[2026-08-15 19:15:03] [DEBUG   ] [sta_top_parser] [parser.py:209]     → design=N/A                  corner=N/A                                 check=N/A    wns=+0.000  status=UNKNOWN
[2026-08-15 19:15:03] [INFO    ] [sta_top_parser] [parser.py:294]   Parsed 11 / 11 report(s) OK
[2026-08-15 19:15:03] [INFO    ] [sta_top_parser] [dump_log.py:246] Dump log    → D:\Certificates\PD_STA_REPORTS\EXECUTE\SIMD_VEC\SIMD_VEC_TOP_dump.log
[2026-08-15 19:15:03] [INFO    ] [sta_top_parser] [json_writer.py:75] JSON dump   → D:\Certificates\PD_STA_REPORTS\EXECUTE\SIMD_VEC\SIMD_VEC_TOP_summary.json
[2026-08-15 19:15:03] [INFO    ] [sta_top_parser] [html_writer.py:361] HTML report → D:\Certificates\PD_STA_REPORTS\EXECUTE\SIMD_VEC\SIMD_VEC_TOP_report.html
[2026-08-15 19:15:03] [INFO    ] [sta_top_parser] [sta_top_parser.py:353] ────────────────────────────────────────────────────────────
[2026-08-15 19:15:03] [INFO    ] [sta_top_parser] [sta_top_parser.py:354] Aggregating 13 block(s) …
[2026-08-15 19:15:03] [INFO    ] [sta_top_parser] [sta_top_parser.py:239] ────────────────────────────────────────────────────────────────────────────────
[2026-08-15 19:15:03] [INFO    ] [sta_top_parser] [sta_top_parser.py:240]   STA TOP-LEVEL SUMMARY  —  PD_STA_REPORTS
[2026-08-15 19:15:03] [INFO    ] [sta_top_parser] [sta_top_parser.py:241]   Root       : D:\Certificates\PD_STA_REPORTS
[2026-08-15 19:15:03] [INFO    ] [sta_top_parser] [sta_top_parser.py:242]   Parsed at  : 2026-08-15T19:15:03
[2026-08-15 19:15:03] [INFO    ] [sta_top_parser] [sta_top_parser.py:243]   Blocks: 13   Reports: 143
[2026-08-15 19:15:03] [INFO    ] [sta_top_parser] [sta_top_parser.py:244] ────────────────────────────────────────────────────────────────────────────────
[2026-08-15 19:15:03] [INFO    ] [sta_top_parser] [sta_top_parser.py:245]   STATUS      WORST WNS  WORST TNS  WORST WHS  VIOLATIONS
[2026-08-15 19:15:03] [INFO    ] [sta_top_parser] [sta_top_parser.py:247]   MET            +0.000     +0.000     +0.000  0
[2026-08-15 19:15:03] [INFO    ] [sta_top_parser] [sta_top_parser.py:251] ────────────────────────────────────────────────────────────────────────────────
[2026-08-15 19:15:03] [INFO    ] [sta_top_parser] [sta_top_parser.py:252]   BY PIPELINE STAGE
[2026-08-15 19:15:03] [INFO    ] [sta_top_parser] [sta_top_parser.py:253]   STAGE                      BLKS   WNS(ns)   TNS(ns)   WHS(ns)  STATUS
[2026-08-15 19:15:03] [INFO    ] [sta_top_parser] [sta_top_parser.py:255]   ──────────────────────────────────────────────────────────────────────
[2026-08-15 19:15:03] [INFO    ] [sta_top_parser] [sta_top_parser.py:257]   EXECUTE                      13    +0.000    +0.000    +0.000  MET
[2026-08-15 19:15:03] [INFO    ] [sta_top_parser] [sta_top_parser.py:260] ────────────────────────────────────────────────────────────────────────────────
[2026-08-15 19:15:03] [INFO    ] [sta_top_parser] [sta_top_parser.py:261]   BY CORNER
[2026-08-15 19:15:03] [INFO    ] [sta_top_parser] [sta_top_parser.py:262]   CORNER                                         WNS(ns)   TNS(ns)   WHS(ns)  STATUS
[2026-08-15 19:15:03] [INFO    ] [sta_top_parser] [sta_top_parser.py:264]   ────────────────────────────────────────────────────────────────────────────
[2026-08-15 19:15:03] [INFO    ] [sta_top_parser] [sta_top_parser.py:266]   N/A                                             +0.000    +0.000    +0.000  MET
[2026-08-15 19:15:03] [INFO    ] [sta_top_parser] [sta_top_parser.py:266]   ff_1p16v_1p16v_125c                             +1.049    +0.000    +0.061  MET
[2026-08-15 19:15:03] [INFO    ] [sta_top_parser] [sta_top_parser.py:266]   ff_1p16v_1p16v_n40c                             +1.064    +0.000    +0.064  MET
[2026-08-15 19:15:03] [INFO    ] [sta_top_parser] [sta_top_parser.py:266]   ss_0p63v_0p63v_125c                             +1.060    +0.000    +0.061  MET
[2026-08-15 19:15:03] [INFO    ] [sta_top_parser] [sta_top_parser.py:266]   ss_0p72v_0p72v_125c                             +1.019    +0.000    +0.062  MET
[2026-08-15 19:15:03] [INFO    ] [sta_top_parser] [sta_top_parser.py:266]   ss_0p72v_0p72v_n40c                             +1.074    +0.000    +0.069  MET
[2026-08-15 19:15:03] [INFO    ] [sta_top_parser] [sta_top_parser.py:266]   tt_0p90v_0p90v_25c                              +1.030    +0.000    +0.061  MET
[2026-08-15 19:15:03] [INFO    ] [sta_top_parser] [sta_top_parser.py:268] ────────────────────────────────────────────────────────────────────────────────
[2026-08-15 19:15:03] [INFO    ] [sta_top_parser] [dump_log.py:246] Dump log    → D:\Certificates\PD_STA_REPORTS\RESULTS\EXECUTE\EXECUTE_STA_dump.log
[2026-08-15 19:15:03] [INFO    ] [sta_top_parser] [json_writer.py:75] JSON dump   → D:\Certificates\PD_STA_REPORTS\RESULTS\EXECUTE\EXECUTE_STA_summary.json
[2026-08-15 19:15:03] [INFO    ] [sta_top_parser] [html_writer.py:453] HTML report → D:\Certificates\PD_STA_REPORTS\RESULTS\EXECUTE\EXECUTE_STA_report.html
[2026-08-15 19:15:03] [INFO    ] [sta_top_parser] [sta_top_parser.py:392] Run log     → D:\Certificates\PD_STA_REPORTS\RESULTS\EXECUTE\EXECUTE_STA_run_20260815_191502.log
[2026-08-15 19:15:03] [INFO    ] [sta_top_parser] [sta_top_parser.py:393] Done.  13 blocks  |  143 reports  |  status: MET
