****************************************
Report : timing
        -path_type full
        -delay_type max
        -max_paths 10
        -sort_by slack
Design : L2_TOP
Version: PrimeTime 2023.06-SP3
Date   : Sat Aug 15 17:34:53 2026
Corner : ss_0p72v_0p72v_125c
Note   : Worst-case Setup — Slow corner, high temp
****************************************

Operating Conditions : ss_0p72v_0p72v_125c (Library: saed32nm_rvt)
Wire Load Model Mode : Interconnect (StarRC Extracted)

  Startpoint : u_l2_tag/tag_reg[31]
               (rising edge-triggered flip-flop clocked by CLK_CORE)
  Endpoint   : u_l2_data/data_reg[31]
               (rising edge-triggered flip-flop clocked by CLK_CORE)
  Path Group : CLK_CORE
  Path Type  : max

  Point                                                   Incr        Path
  -------------------------------------------------------------------------
  clock CLK_CORE (rise edge)                                  0.000       0.000
  clock network delay (propagated)                        0.162      0.162
  u_l2_tag/tag_reg[31]/CK (DFFARX1_RVT)                        0.000       0.162 r
  u_l2_tag/tag_reg[31]/Q  (DFFARX1_RVT)                        0.157       0.319 r
  u_l2_tag/U09/Y (INVX2_RVT)                                   0.051       0.370 f
  u_l2_tag/U21/Y (NAND2X1_RVT)                                 0.098       0.468 r
  u_l2_data/U07/Y (AOI22X1_RVT)                                0.118       0.586 f
  u_l2_data/U18/Y (OAI21X1_RVT)                                0.131       0.717 r
  u_l2_lru/U05/Y (MUX21X1_RVT)                                 0.076       0.793 r
  u_l2_lru/U14/Y (AND2X1_RVT)                                  0.093       0.886 f
  u_l2_ctrl/U06/Y (NOR2X1_RVT)                                 0.087       0.973 r
  u_l2_ctrl/U13/Y (BUFX4_RVT)                                  0.069       1.042 r
  u_l2_data/data_reg[31]/D (DFFARX1_RVT)                       0.103       1.145 f
  data arrival time                                                        1.145

  clock CLK_CORE (rise edge)                                  2     2
  clock network delay (propagated)                        0.162      2.162
  clock uncertainty                                      -0.05   2.112
  u_l2_data/data_reg[31]/CK (DFFARX1_RVT)                      0.000       2.112 r
  library setup time                                     -0.082   2.030
  data required time                                                       2.030
  -------------------------------------------------------------------------
  data required time                                                       2.030
  data arrival time                                                       -2.175
  -------------------------------------------------------------------------
  slack (VIOLATED)   -0.145


=========================================================================
                   L2_TOP — TIMING SUMMARY
=========================================================================

  Block        : L2_TOP
  Corner       : ss_0p72v_0p72v_125c
  Check        : max  (Worst-case Setup — Slow corner, high temp)
  Clock        : CLK_CORE  Period = 2 ns  (500 MHz)
  Technology   : SAED 32nm RVT

  ┌────────────────────────────────────────────────────────────────┐
  │ Sub-Unit      WNS (ns)  TNS (ns)  #Viol   WHS (ns)  #HViol  │
  ├────────────────────────────────────────────────────────────────┤
  │ u_l2_tag           -0.145      -2.320      16      0.088        0     │
  │ u_l2_data          -0.077      -0.924      12      0.062        0     │
  │ u_l2_lru            0.031       0.000       0      0.054        0     │
  │ u_l2_ctrl          -0.024      -0.096       4      0.043        0     │
  ├────────────────────────────────────────────────────────────────┤
  │ L2_TOP     -0.145      -3.340      32      0.088        0     │
  └────────────────────────────────────────────────────────────────┘

  Status : TIMING VIOLATED — Setup violations detected
  SETUP VIOLATIONS : 32 paths   (WNS = -0.145 ns,  TNS = -3.340 ns)


=========================================================================
                   TIMING EXCEPTIONS APPLIED
=========================================================================

  set_false_path -from [get_ports SCAN_EN]      -to [all_registers]
  set_false_path -from [get_ports TEST_MODE]     -to [all_registers]
  set_multicycle_path 2 -setup -from [get_cells u_l2_tag/*] -to [get_cells u_l2_data/*]
  set_multicycle_path 1 -hold  -from [get_cells u_l2_tag/*] -to [get_cells u_l2_data/*]
  set_input_delay  0.400 -clock CLK_CORE -max [all_inputs]
  set_output_delay 0.350 -clock CLK_CORE -max [all_outputs]


=========================================================================
                   CLOCK DOMAIN SUMMARY
=========================================================================

  Clock    : CLK_CORE
  Period   : 2 ns
  Waveform : {0.000 1}
  Skew     : 0.023 ns  (max across L2_TOP)
  Latency  : 0.162 ns  (max)


=========================================================================
                   CONSTRAINT COVERAGE
=========================================================================

  Total register endpoints   : 9207
  Constrained endpoints      : 9207
  Unconstrained endpoints    :      0
  Coverage                   :  100.0%


=========================================================================
                   TOOL / RUN INFORMATION
=========================================================================

  Tool         : Synopsys PrimeTime 2023.06-SP3
  Run Host     : sta-server-01
  Run Dir      : /proj/cpu_rtl/sta/CACHE/L2/run_ss_0p72v_0p72v_125c
  SDC File     : /proj/cpu_rtl/constraints/L2_TOP.sdc
  Netlist      : /proj/cpu_rtl/netlist/L2_TOP.v.gz
  SPEF File    : /proj/cpu_rtl/spef/L2_TOP.spef.gz
  Liberty      : saed32nm_rvt_ss_0p72v_0p72v_125c.db
  Elapsed Time : 00:09:37
  Peak Memory  : 8.874 GB

=========================================================================
End of Report
=========================================================================
