****************************************
Report : timing
        -path_type full
        -delay_type min
        -max_paths 10
        -sort_by slack
Design : L2_TOP
Version: PrimeTime 2023.06-SP3
Date   : Sat Aug 15 17:34:54 2026
Corner : ff_1p16v_1p16v_n40c
Note   : Worst-case Hold  — Fast corner, cold temp
****************************************

Operating Conditions : ff_1p16v_1p16v_n40c (Library: saed32nm_rvt)
Wire Load Model Mode : Interconnect (StarRC Extracted)

  Startpoint : u_l2_tag/din_reg[0]
               (rising edge-triggered flip-flop clocked by CLK_CORE)
  Endpoint   : u_l2_lru/dout_reg[0]
               (rising edge-triggered flip-flop clocked by CLK_CORE)
  Path Group : CLK_CORE
  Path Type  : min

  Point                                                   Incr        Path
  -------------------------------------------------------------------------
  clock CLK_CORE (rise edge)                                  0.000       0.000
  clock network delay (propagated)                        0.134      0.134
  u_l2_tag/din_reg[0]/CK (DFFARX1_RVT)                        0.000       0.134 r
  u_l2_tag/din_reg[0]/Q  (DFFARX1_RVT)                        0.113       0.247 r
  u_l2_tag/U12/Y (INVX2_RVT)                                  0.033       0.28 f
  u_l2_tag/U34/Y (NAND2X1_RVT)                                0.065       0.345 r
  u_l2_data/U07/Y (AOI22X1_RVT)                                0.097       0.442 f
  u_l2_data/U19/Y (OAI21X1_RVT)                                0.098       0.54 r
  u_l2_ctrl/U03/Y (MUX21X1_RVT)                                0.098       0.638 r
  u_l2_ctrl/U11/Y (AND2X1_RVT)                                 0.072       0.71 f
  u_l2_ctrl/U22/Y (NOR2X1_RVT)                                 0.054       0.764 r
  u_l2_lru/U05/Y (BUFX4_RVT)                                  0.068       0.832 r
  u_l2_lru/dout_reg[0]/D (DFFARX1_RVT)                        0.068      0.9 f
  data arrival time                                                    0.9

  clock CLK_CORE (rise edge)                                  2.5     2.5
  clock network delay (propagated)                        0.134      2.634
  clock uncertainty                                      -0.05   2.584
  u_l2_lru/dout_reg[0]/CK (DFFARX1_RVT)                       0.000       2.584 r
  library setup time                                     -0.071   2.513
  data required time                                                   2.513
  -------------------------------------------------------------------------
  data required time                                                   2.513
  data arrival time                                                   -0.9
  -------------------------------------------------------------------------
  slack (MET)   1.613


=========================================================================
                   L2_TOP — TIMING SUMMARY
=========================================================================

  Block        : L2_TOP
  Corner       : ff_1p16v_1p16v_n40c
  Check        : min  (Worst-case Hold  — Fast corner, cold temp)
  Clock        : CLK_CORE  Period = 2.5 ns  (400 MHz)
  Technology   : SAED 32nm RVT

  ┌────────────────────────────────────────────────────────────────┐
  │ Sub-Unit      WNS (ns)  TNS (ns)  #Viol   WHS (ns)  #HViol  │
  ├────────────────────────────────────────────────────────────────┤
  │ u_l2_tag          1.613       0        0      0.082        0     │
  │ u_l2_data          0.132       0        0      0.079        0     │
  │ u_l2_ctrl          0.18       0        0      0.098        0     │
  │ u_l2_lru          0.103       0        0      0.091        0     │
  ├────────────────────────────────────────────────────────────────┤
  │ L2_TOP  1.613       0        0      0.082        0     │
  └────────────────────────────────────────────────────────────────┘

  Status : ALL PATHS CLEAN — No Setup or Hold Violations


=========================================================================
                   TIMING EXCEPTIONS APPLIED
=========================================================================

  set_false_path -from [get_ports SCAN_EN]      -to [all_registers]
  set_false_path -from [get_ports TEST_MODE]     -to [all_registers]
  set_multicycle_path 2 -setup -from [get_cells u_l2_tag/*] -to [get_cells u_l2_lru/*]
  set_multicycle_path 1 -hold  -from [get_cells u_l2_tag/*] -to [get_cells u_l2_lru/*]
  set_input_delay  0.400 -clock CLK_CORE -max [all_inputs]
  set_output_delay 0.350 -clock CLK_CORE -max [all_outputs]


=========================================================================
                   CLOCK DOMAIN SUMMARY
=========================================================================

  Clock    : CLK_CORE
  Period   : 2.5 ns
  Waveform : {0.000 1.25}
  Skew     : 0.022 ns  (max across L2_TOP)
  Latency  : 0.134 ns  (max)


=========================================================================
                   CONSTRAINT COVERAGE
=========================================================================

  Total register endpoints   : 4064
  Constrained endpoints      : 4825
  Unconstrained endpoints    :      0
  Coverage                   :  100.0%


=========================================================================
                   TOOL / RUN INFORMATION
=========================================================================

  Tool         : Synopsys PrimeTime 2023.06-SP3
  Run Host     : sta-server-01
  Run Dir      : /proj/cpu_rtl/sta/CACHE/L2/run_ff_1p16v_1p16v_n40c
  SDC File     : /proj/cpu_rtl/constraints/L2_TOP.sdc
  Netlist      : /proj/cpu_rtl/netlist/L2_TOP.v.gz
  SPEF File    : /proj/cpu_rtl/spef/L2_TOP.spef.gz
  Liberty      : saed32nm_rvt_ff_1p16v_1p16v_n40c.db
  Elapsed Time : 00:08:10
  Peak Memory  : 3.25 GB

=========================================================================
End of Report
=========================================================================
