================================================================================
  STA BLOCK DUMP LOG  —  L2_TOP
================================================================================

  Block Directory : D:\Certificates\PD_STA_REPORTS\CACHE\L2
  Design          : L2_TOP
  Parsed At       : 2026-08-15T22:23:23
  Total Reports   : 11


OWNERSHIP
----------------------------------------
  BLOCK TIMING OWNER           : User50  <user50@company.com>  [EMP-2050]
  TEAM LEAD                    : MTO_User9  <mto9@company.com>  [EMP-1009]
  RTL TEAM LEAD                : TeamLead9  <teamlead9@company.com>
  PD ENGINEER                  : PDEng9  <pdeng9@company.com>
  STA ENGINEER                 : STAEng9  <staeng9@company.com>
  CHIP STA LEAD                : STALead1  <stalead1@company.com>  [EMP-0004]

AGGREGATE SUMMARY
----------------------------------------
  Overall Status   : VIOLATED
  Worst WNS  (ns)  : -0.145
  Worst TNS  (ns)  : -3.340
  Worst WHS  (ns)  : 0.000
  Best  WNS  (ns)  : 1.638
  Total Violations : 1

BY CORNER
----------------------------------------
  Name                                              #       WNS       TNS       WHS  STATUS
  ─────────────────────────────────────────────  ────  ────────  ────────  ────────  ──────────
  N/A                                               1     0.000     0.000     0.000  MET
  ff_1p16v_1p16v_125c                               1     1.577     0.000     0.088  MET
  ff_1p16v_1p16v_n40c                               1     1.613     0.000     0.082  MET
  ss_0p63v_0p63v_125c                               1     1.614     0.000     0.099  MET
  ss_0p72v_0p72v_125c                               2    -0.145    -3.340     0.088  VIOLATED
  ss_0p72v_0p72v_n40c                               1     1.610     0.000     0.097  MET
  tt_0p90v_0p90v_25c                                4     1.579     0.000     0.074  MET

BY CHECK TYPE
----------------------------------------
  Name                                              #       WNS       TNS       WHS  STATUS
  ─────────────────────────────────────────────  ────  ────────  ────────  ────────  ──────────
  N/A                                               1     0.000     0.000     0.000  MET
  hold                                              3     1.577     0.000     0.082  MET
  setup                                             7    -0.145    -3.340     0.074  VIOLATED

PER-REPORT DETAIL
----------------------------------------
  File     : 01_SETUP_SS_125C_L2_TOP.rpt
  Design   : L2_TOP                Corner : ss_0p72v_0p72v_125c
  Check    : setup       Clock  : CLK_CORE  Period = 2.0 ns  (500.0 MHz)
  WNS      :   -0.145 ns   TNS :   -3.340 ns   WHS :   +0.088 ns
  Slack    :   -0.145 ns   Status : VIOLATED
  Status   : TIMING VIOLATED — Setup violations detected
  Coverage : 100.0%   Endpoints : 9207 / 9207
  Tool     : Synopsys PrimeTime 2023.06-SP3
  Runtime  : 00:09:37         Memory : 8.874 GB
  Run Dir  : /proj/cpu_rtl/sta/CACHE/L2/run_ss_0p72v_0p72v_125c

  File     : 10_MULTICYCLE_TT_25C_L2_TOP.rpt
  Design   : L2_TOP                Corner : tt_0p90v_0p90v_25c
  Check    : setup       Clock  : CLK_CORE  Period = 2.5 ns  (400.0 MHz)
  WNS      :   +1.638 ns   TNS :   +0.000 ns   WHS :   +0.074 ns
  Slack    :   +1.638 ns   Status : MET
  Status   : ALL PATHS CLEAN — No Setup or Hold Violations
  Coverage : 100.0%   Endpoints : 1569 / 4454
  Tool     : Synopsys PrimeTime 2023.06-SP3
  Runtime  : 00:08:39         Memory : 2.588 GB
  Run Dir  : /proj/cpu_rtl/sta/CACHE/L2/run_tt_0p90v_0p90v_25c

  File     : 03_SETUP_TT_25C_L2_TOP.rpt
  Design   : L2_TOP                Corner : tt_0p90v_0p90v_25c
  Check    : setup       Clock  : CLK_CORE  Period = 2.5 ns  (400.0 MHz)
  WNS      :   +1.623 ns   TNS :   +0.000 ns   WHS :   +0.074 ns
  Slack    :   +1.623 ns   Status : MET
  Status   : ALL PATHS CLEAN — No Setup or Hold Violations
  Coverage : 100.0%   Endpoints : 3142 / 4820
  Tool     : Synopsys PrimeTime 2023.06-SP3
  Runtime  : 00:04:41         Memory : 1.829 GB
  Run Dir  : /proj/cpu_rtl/sta/CACHE/L2/run_tt_0p90v_0p90v_25c

  File     : 07_SETUP_LVSS_125C_L2_TOP.rpt
  Design   : L2_TOP                Corner : ss_0p63v_0p63v_125c
  Check    : setup       Clock  : CLK_CORE  Period = 2.5 ns  (400.0 MHz)
  WNS      :   +1.614 ns   TNS :   +0.000 ns   WHS :   +0.099 ns
  Slack    :   +1.614 ns   Status : MET
  Status   : ALL PATHS CLEAN — No Setup or Hold Violations
  Coverage : 100.0%   Endpoints : 5134 / 4962
  Tool     : Synopsys PrimeTime 2023.06-SP3
  Runtime  : 00:06:56         Memory : 2.669 GB
  Run Dir  : /proj/cpu_rtl/sta/CACHE/L2/run_ss_0p63v_0p63v_125c

  File     : 05_SETUP_SS_M40C_L2_TOP.rpt
  Design   : L2_TOP                Corner : ss_0p72v_0p72v_n40c
  Check    : setup       Clock  : CLK_CORE  Period = 2.5 ns  (400.0 MHz)
  WNS      :   +1.610 ns   TNS :   +0.000 ns   WHS :   +0.097 ns
  Slack    :   +1.610 ns   Status : MET
  Status   : ALL PATHS CLEAN — No Setup or Hold Violations
  Coverage : 100.0%   Endpoints : 5214 / 4673
  Tool     : Synopsys PrimeTime 2023.06-SP3
  Runtime  : 00:03:36         Memory : 1.975 GB
  Run Dir  : /proj/cpu_rtl/sta/CACHE/L2/run_ss_0p72v_0p72v_n40c

  File     : 09_RECOVERY_SS_125C_L2_TOP.rpt
  Design   : L2_TOP                Corner : ss_0p72v_0p72v_125c
  Check    : setup       Clock  : CLK_CORE  Period = 2.5 ns  (400.0 MHz)
  WNS      :   +1.594 ns   TNS :   +0.000 ns   WHS :   +0.102 ns
  Slack    :   +1.594 ns   Status : MET
  Status   : ALL PATHS CLEAN — No Setup or Hold Violations
  Coverage : 100.0%   Endpoints : 5126 / 4151
  Tool     : Synopsys PrimeTime 2023.06-SP3
  Runtime  : 00:03:58         Memory : 3.744 GB
  Run Dir  : /proj/cpu_rtl/sta/CACHE/L2/run_ss_0p72v_0p72v_125c

  File     : 08_CG_CHECK_TT_25C_L2_TOP.rpt
  Design   : L2_TOP                Corner : tt_0p90v_0p90v_25c
  Check    : setup       Clock  : CLK_CORE  Period = 2.5 ns  (400.0 MHz)
  WNS      :   +1.579 ns   TNS :   +0.000 ns   WHS :   +0.115 ns
  Slack    :   +1.579 ns   Status : MET
  Status   : ALL PATHS CLEAN — No Setup or Hold Violations
  Coverage : 100.0%   Endpoints : 3341 / 2098
  Tool     : Synopsys PrimeTime 2023.06-SP3
  Runtime  : 00:05:10         Memory : 4.049 GB
  Run Dir  : /proj/cpu_rtl/sta/CACHE/L2/run_tt_0p90v_0p90v_25c

  File     : 04_HOLD_TT_25C_L2_TOP.rpt
  Design   : L2_TOP                Corner : tt_0p90v_0p90v_25c
  Check    : hold        Clock  : CLK_CORE  Period = 2.5 ns  (400.0 MHz)
  WNS      :   +1.601 ns   TNS :   +0.000 ns   WHS :   +0.090 ns
  Slack    :   +1.601 ns   Status : MET
  Status   : ALL PATHS CLEAN — No Setup or Hold Violations
  Coverage : 100.0%   Endpoints : 3466 / 2616
  Tool     : Synopsys PrimeTime 2023.06-SP3
  Runtime  : 00:03:15         Memory : 3.608 GB
  Run Dir  : /proj/cpu_rtl/sta/CACHE/L2/run_tt_0p90v_0p90v_25c

  File     : 06_HOLD_FF_125C_L2_TOP.rpt
  Design   : L2_TOP                Corner : ff_1p16v_1p16v_125c
  Check    : hold        Clock  : CLK_CORE  Period = 2.5 ns  (400.0 MHz)
  WNS      :   +1.577 ns   TNS :   +0.000 ns   WHS :   +0.088 ns
  Slack    :   +1.577 ns   Status : MET
  Status   : ALL PATHS CLEAN — No Setup or Hold Violations
  Coverage : 100.0%   Endpoints : 5067 / 4504
  Tool     : Synopsys PrimeTime 2023.06-SP3
  Runtime  : 00:08:55         Memory : 3.048 GB
  Run Dir  : /proj/cpu_rtl/sta/CACHE/L2/run_ff_1p16v_1p16v_125c

  File     : 02_HOLD_FF_N40C_L2_TOP.rpt
  Design   : L2_TOP                Corner : ff_1p16v_1p16v_n40c
  Check    : hold        Clock  : CLK_CORE  Period = 2.5 ns  (400.0 MHz)
  WNS      :   +1.613 ns   TNS :   +0.000 ns   WHS :   +0.082 ns
  Slack    :   +1.613 ns   Status : MET
  Status   : ALL PATHS CLEAN — No Setup or Hold Violations
  Coverage : 100.0%   Endpoints : 4825 / 4064
  Tool     : Synopsys PrimeTime 2023.06-SP3
  Runtime  : 00:08:10         Memory : 3.25 GB
  Run Dir  : /proj/cpu_rtl/sta/CACHE/L2/run_ff_1p16v_1p16v_n40c

  File     : L2_TIMING.rpt
  Design   : N/A                   Corner : N/A
  Check    : N/A         Clock  : N/A  Period = 0.0 ns  (0.0 MHz)
  WNS      :   +0.000 ns   TNS :   +0.000 ns   WHS :   +0.000 ns
  Slack    :   +0.000 ns   Status : UNKNOWN
  Status   : N/A
  Coverage : 0.0%   Endpoints : 0 / 0
  Tool     : N/A
  Runtime  : N/A              Memory : N/A
  Run Dir  : N/A


================================================================================
END OF BLOCK DUMP LOG
================================================================================