****************************************
Report : timing
        -path_type full
        -delay_type max
        -max_paths 10
        -sort_by slack
Design : ROB_COMMIT_TOP
Version: PrimeTime 2023.06-SP3
Date   : Sat Aug 15 17:34:54 2026
Corner : ss_0p72v_0p72v_125c
Note   : Worst-case Setup — Slow corner, high temp
****************************************

Operating Conditions : ss_0p72v_0p72v_125c (Library: saed32nm_rvt)
Wire Load Model Mode : Interconnect (StarRC Extracted)

  Startpoint : u_robc_hd/din_reg[0]
               (rising edge-triggered flip-flop clocked by CLK_CORE)
  Endpoint   : u_robc_val/dout_reg[0]
               (rising edge-triggered flip-flop clocked by CLK_CORE)
  Path Group : CLK_CORE
  Path Type  : max

  Point                                                   Incr        Path
  -------------------------------------------------------------------------
  clock CLK_CORE (rise edge)                                  0.000       0.000
  clock network delay (propagated)                        0.134      0.134
  u_robc_hd/din_reg[0]/CK (DFFARX1_RVT)                        0.000       0.134 r
  u_robc_hd/din_reg[0]/Q  (DFFARX1_RVT)                        0.134       0.268 r
  u_robc_hd/U12/Y (INVX2_RVT)                                  0.036       0.304 f
  u_robc_hd/U34/Y (NAND2X1_RVT)                                0.062       0.366 r
  u_robc_ret/U07/Y (AOI22X1_RVT)                                0.076       0.442 f
  u_robc_ret/U19/Y (OAI21X1_RVT)                                0.096       0.538 r
  u_robc_exc/U03/Y (MUX21X1_RVT)                                0.079       0.617 r
  u_robc_exc/U11/Y (AND2X1_RVT)                                 0.045       0.662 f
  u_robc_exc/U22/Y (NOR2X1_RVT)                                 0.044       0.706 r
  u_robc_val/U05/Y (BUFX4_RVT)                                  0.067       0.773 r
  u_robc_val/dout_reg[0]/D (DFFARX1_RVT)                        0.051      0.824 f
  data arrival time                                                    0.824

  clock CLK_CORE (rise edge)                                  2     2
  clock network delay (propagated)                        0.134      2.134
  clock uncertainty                                      -0.05   2.084
  u_robc_val/dout_reg[0]/CK (DFFARX1_RVT)                       0.000       2.084 r
  library setup time                                     -0.069   2.015
  data required time                                                   2.015
  -------------------------------------------------------------------------
  data required time                                                   2.015
  data arrival time                                                   -0.824
  -------------------------------------------------------------------------
  slack (MET)   1.191


=========================================================================
                   ROB_COMMIT_TOP — TIMING SUMMARY
=========================================================================

  Block        : ROB_COMMIT_TOP
  Corner       : ss_0p72v_0p72v_125c
  Check        : max  (Worst-case Setup — Slow corner, high temp)
  Clock        : CLK_CORE  Period = 2 ns  (500 MHz)
  Technology   : SAED 32nm RVT

  ┌────────────────────────────────────────────────────────────────┐
  │ Sub-Unit      WNS (ns)  TNS (ns)  #Viol   WHS (ns)  #HViol  │
  ├────────────────────────────────────────────────────────────────┤
  │ u_robc_hd          1.191       0        0      0.072        0     │
  │ u_robc_ret          0.149       0        0      0.082        0     │
  │ u_robc_exc          0.107       0        0      0.126        0     │
  │ u_robc_val          0.118       0        0      0.115        0     │
  ├────────────────────────────────────────────────────────────────┤
  │ ROB_COMMIT_TOP  1.191       0        0      0.072        0     │
  └────────────────────────────────────────────────────────────────┘

  Status : ALL PATHS CLEAN — No Setup or Hold Violations


=========================================================================
                   TIMING EXCEPTIONS APPLIED
=========================================================================

  set_false_path -from [get_ports SCAN_EN]      -to [all_registers]
  set_false_path -from [get_ports TEST_MODE]     -to [all_registers]
  set_multicycle_path 2 -setup -from [get_cells u_robc_hd/*] -to [get_cells u_robc_val/*]
  set_multicycle_path 1 -hold  -from [get_cells u_robc_hd/*] -to [get_cells u_robc_val/*]
  set_input_delay  0.400 -clock CLK_CORE -max [all_inputs]
  set_output_delay 0.350 -clock CLK_CORE -max [all_outputs]


=========================================================================
                   CLOCK DOMAIN SUMMARY
=========================================================================

  Clock    : CLK_CORE
  Period   : 2 ns
  Waveform : {0.000 1}
  Skew     : 0.025 ns  (max across ROB_COMMIT_TOP)
  Latency  : 0.134 ns  (max)


=========================================================================
                   CONSTRAINT COVERAGE
=========================================================================

  Total register endpoints   : 4624
  Constrained endpoints      : 2202
  Unconstrained endpoints    :      0
  Coverage                   :  100.0%


=========================================================================
                   TOOL / RUN INFORMATION
=========================================================================

  Tool         : Synopsys PrimeTime 2023.06-SP3
  Run Host     : sta-server-01
  Run Dir      : /proj/cpu_rtl/sta/COMMIT/ROB_COMMIT/run_ss_0p72v_0p72v_125c
  SDC File     : /proj/cpu_rtl/constraints/ROB_COMMIT_TOP.sdc
  Netlist      : /proj/cpu_rtl/netlist/ROB_COMMIT_TOP.v.gz
  SPEF File    : /proj/cpu_rtl/spef/ROB_COMMIT_TOP.spef.gz
  Liberty      : saed32nm_rvt_ss_0p72v_0p72v_125c.db
  Elapsed Time : 00:05:57
  Peak Memory  : 2.558 GB

=========================================================================
End of Report
=========================================================================
