****************************************
Report : timing
        -path_type full
        -delay_type max
        -max_paths 10
        -sort_by slack
Design : ROB_COMMIT_TOP
Version: PrimeTime 2023.06-SP3
Date   : Sat Aug 15 17:34:54 2026
Corner : tt_0p90v_0p90v_25c
Note   : Typical Setup   — Nominal corner
****************************************

Operating Conditions : tt_0p90v_0p90v_25c (Library: saed32nm_rvt)
Wire Load Model Mode : Interconnect (StarRC Extracted)

  Startpoint : u_robc_hd/din_reg[0]
               (rising edge-triggered flip-flop clocked by CLK_CORE)
  Endpoint   : u_robc_val/dout_reg[0]
               (rising edge-triggered flip-flop clocked by CLK_CORE)
  Path Group : CLK_CORE
  Path Type  : max

  Point                                                   Incr        Path
  -------------------------------------------------------------------------
  clock CLK_CORE (rise edge)                                  0.000       0.000
  clock network delay (propagated)                        0.155      0.155
  u_robc_hd/din_reg[0]/CK (DFFARX1_RVT)                        0.000       0.155 r
  u_robc_hd/din_reg[0]/Q  (DFFARX1_RVT)                        0.137       0.292 r
  u_robc_hd/U12/Y (INVX2_RVT)                                  0.05       0.342 f
  u_robc_hd/U34/Y (NAND2X1_RVT)                                0.087       0.429 r
  u_robc_ret/U07/Y (AOI22X1_RVT)                                0.098       0.527 f
  u_robc_ret/U19/Y (OAI21X1_RVT)                                0.081       0.608 r
  u_robc_exc/U03/Y (MUX21X1_RVT)                                0.082       0.69 r
  u_robc_exc/U11/Y (AND2X1_RVT)                                 0.049       0.739 f
  u_robc_exc/U22/Y (NOR2X1_RVT)                                 0.071       0.81 r
  u_robc_val/U05/Y (BUFX4_RVT)                                  0.083       0.893 r
  u_robc_val/dout_reg[0]/D (DFFARX1_RVT)                        0.069      0.962 f
  data arrival time                                                    0.962

  clock CLK_CORE (rise edge)                                  2     2
  clock network delay (propagated)                        0.155      2.155
  clock uncertainty                                      -0.05   2.105
  u_robc_val/dout_reg[0]/CK (DFFARX1_RVT)                       0.000       2.105 r
  library setup time                                     -0.07   2.035
  data required time                                                   2.035
  -------------------------------------------------------------------------
  data required time                                                   2.035
  data arrival time                                                   -0.962
  -------------------------------------------------------------------------
  slack (MET)   1.073


=========================================================================
                   ROB_COMMIT_TOP — TIMING SUMMARY
=========================================================================

  Block        : ROB_COMMIT_TOP
  Corner       : tt_0p90v_0p90v_25c
  Check        : max  (Typical Setup   — Nominal corner)
  Clock        : CLK_CORE  Period = 2 ns  (500 MHz)
  Technology   : SAED 32nm RVT

  ┌────────────────────────────────────────────────────────────────┐
  │ Sub-Unit      WNS (ns)  TNS (ns)  #Viol   WHS (ns)  #HViol  │
  ├────────────────────────────────────────────────────────────────┤
  │ u_robc_hd          1.073       0        0      0.074        0     │
  │ u_robc_ret          0.063       0        0      0.098        0     │
  │ u_robc_exc          0.063       0        0      0.096        0     │
  │ u_robc_val          0.054       0        0      0.112        0     │
  ├────────────────────────────────────────────────────────────────┤
  │ ROB_COMMIT_TOP  1.073       0        0      0.074        0     │
  └────────────────────────────────────────────────────────────────┘

  Status : ALL PATHS CLEAN — No Setup or Hold Violations


=========================================================================
                   TIMING EXCEPTIONS APPLIED
=========================================================================

  set_false_path -from [get_ports SCAN_EN]      -to [all_registers]
  set_false_path -from [get_ports TEST_MODE]     -to [all_registers]
  set_multicycle_path 2 -setup -from [get_cells u_robc_hd/*] -to [get_cells u_robc_val/*]
  set_multicycle_path 1 -hold  -from [get_cells u_robc_hd/*] -to [get_cells u_robc_val/*]
  set_input_delay  0.400 -clock CLK_CORE -max [all_inputs]
  set_output_delay 0.350 -clock CLK_CORE -max [all_outputs]


=========================================================================
                   CLOCK DOMAIN SUMMARY
=========================================================================

  Clock    : CLK_CORE
  Period   : 2 ns
  Waveform : {0.000 1}
  Skew     : 0.015 ns  (max across ROB_COMMIT_TOP)
  Latency  : 0.155 ns  (max)


=========================================================================
                   CONSTRAINT COVERAGE
=========================================================================

  Total register endpoints   : 2922
  Constrained endpoints      : 2121
  Unconstrained endpoints    :      0
  Coverage                   :  100.0%


=========================================================================
                   TOOL / RUN INFORMATION
=========================================================================

  Tool         : Synopsys PrimeTime 2023.06-SP3
  Run Host     : sta-server-01
  Run Dir      : /proj/cpu_rtl/sta/COMMIT/ROB_COMMIT/run_tt_0p90v_0p90v_25c
  SDC File     : /proj/cpu_rtl/constraints/ROB_COMMIT_TOP.sdc
  Netlist      : /proj/cpu_rtl/netlist/ROB_COMMIT_TOP.v.gz
  SPEF File    : /proj/cpu_rtl/spef/ROB_COMMIT_TOP.spef.gz
  Liberty      : saed32nm_rvt_tt_0p90v_0p90v_25c.db
  Elapsed Time : 00:08:34
  Peak Memory  : 2.414 GB

=========================================================================
End of Report
=========================================================================
