****************************************
Report : timing
        -path_type full
        -delay_type max
        -max_paths 10
        -sort_by slack
Design : ROB_COMMIT_TOP
Version: PrimeTime 2023.06-SP3
Date   : Sat Aug 15 17:34:54 2026
Corner : ss_0p72v_0p72v_n40c
Note   : Cold Setup      — Slow corner, cold temp
****************************************

Operating Conditions : ss_0p72v_0p72v_n40c (Library: saed32nm_rvt)
Wire Load Model Mode : Interconnect (StarRC Extracted)

  Startpoint : u_robc_hd/din_reg[0]
               (rising edge-triggered flip-flop clocked by CLK_CORE)
  Endpoint   : u_robc_val/dout_reg[0]
               (rising edge-triggered flip-flop clocked by CLK_CORE)
  Path Group : CLK_CORE
  Path Type  : max

  Point                                                   Incr        Path
  -------------------------------------------------------------------------
  clock CLK_CORE (rise edge)                                  0.000       0.000
  clock network delay (propagated)                        0.142      0.142
  u_robc_hd/din_reg[0]/CK (DFFARX1_RVT)                        0.000       0.142 r
  u_robc_hd/din_reg[0]/Q  (DFFARX1_RVT)                        0.127       0.269 r
  u_robc_hd/U12/Y (INVX2_RVT)                                  0.053       0.322 f
  u_robc_hd/U34/Y (NAND2X1_RVT)                                0.059       0.381 r
  u_robc_ret/U07/Y (AOI22X1_RVT)                                0.098       0.479 f
  u_robc_ret/U19/Y (OAI21X1_RVT)                                0.096       0.575 r
  u_robc_exc/U03/Y (MUX21X1_RVT)                                0.081       0.656 r
  u_robc_exc/U11/Y (AND2X1_RVT)                                 0.046       0.702 f
  u_robc_exc/U22/Y (NOR2X1_RVT)                                 0.054       0.756 r
  u_robc_val/U05/Y (BUFX4_RVT)                                  0.064       0.82 r
  u_robc_val/dout_reg[0]/D (DFFARX1_RVT)                        0.062      0.882 f
  data arrival time                                                    0.882

  clock CLK_CORE (rise edge)                                  2     2
  clock network delay (propagated)                        0.142      2.142
  clock uncertainty                                      -0.05   2.092
  u_robc_val/dout_reg[0]/CK (DFFARX1_RVT)                       0.000       2.092 r
  library setup time                                     -0.069   2.023
  data required time                                                   2.023
  -------------------------------------------------------------------------
  data required time                                                   2.023
  data arrival time                                                   -0.882
  -------------------------------------------------------------------------
  slack (MET)   1.141


=========================================================================
                   ROB_COMMIT_TOP — TIMING SUMMARY
=========================================================================

  Block        : ROB_COMMIT_TOP
  Corner       : ss_0p72v_0p72v_n40c
  Check        : max  (Cold Setup      — Slow corner, cold temp)
  Clock        : CLK_CORE  Period = 2 ns  (500 MHz)
  Technology   : SAED 32nm RVT

  ┌────────────────────────────────────────────────────────────────┐
  │ Sub-Unit      WNS (ns)  TNS (ns)  #Viol   WHS (ns)  #HViol  │
  ├────────────────────────────────────────────────────────────────┤
  │ u_robc_hd          1.141       0        0      0.112        0     │
  │ u_robc_ret          0.175       0        0      0.084        0     │
  │ u_robc_exc          0.088       0        0      0.095        0     │
  │ u_robc_val          0.107       0        0      0.094        0     │
  ├────────────────────────────────────────────────────────────────┤
  │ ROB_COMMIT_TOP  1.141       0        0      0.112        0     │
  └────────────────────────────────────────────────────────────────┘

  Status : ALL PATHS CLEAN — No Setup or Hold Violations


=========================================================================
                   TIMING EXCEPTIONS APPLIED
=========================================================================

  set_false_path -from [get_ports SCAN_EN]      -to [all_registers]
  set_false_path -from [get_ports TEST_MODE]     -to [all_registers]
  set_multicycle_path 2 -setup -from [get_cells u_robc_hd/*] -to [get_cells u_robc_val/*]
  set_multicycle_path 1 -hold  -from [get_cells u_robc_hd/*] -to [get_cells u_robc_val/*]
  set_input_delay  0.400 -clock CLK_CORE -max [all_inputs]
  set_output_delay 0.350 -clock CLK_CORE -max [all_outputs]


=========================================================================
                   CLOCK DOMAIN SUMMARY
=========================================================================

  Clock    : CLK_CORE
  Period   : 2 ns
  Waveform : {0.000 1}
  Skew     : 0.016 ns  (max across ROB_COMMIT_TOP)
  Latency  : 0.142 ns  (max)


=========================================================================
                   CONSTRAINT COVERAGE
=========================================================================

  Total register endpoints   : 5175
  Constrained endpoints      : 4144
  Unconstrained endpoints    :      0
  Coverage                   :  100.0%


=========================================================================
                   TOOL / RUN INFORMATION
=========================================================================

  Tool         : Synopsys PrimeTime 2023.06-SP3
  Run Host     : sta-server-01
  Run Dir      : /proj/cpu_rtl/sta/COMMIT/ROB_COMMIT/run_ss_0p72v_0p72v_n40c
  SDC File     : /proj/cpu_rtl/constraints/ROB_COMMIT_TOP.sdc
  Netlist      : /proj/cpu_rtl/netlist/ROB_COMMIT_TOP.v.gz
  SPEF File    : /proj/cpu_rtl/spef/ROB_COMMIT_TOP.spef.gz
  Liberty      : saed32nm_rvt_ss_0p72v_0p72v_n40c.db
  Elapsed Time : 00:04:20
  Peak Memory  : 2.444 GB

=========================================================================
End of Report
=========================================================================
