****************************************
Report : timing
        -path_type full
        -delay_type min
        -max_paths 10
        -sort_by slack
Design : ROB_COMMIT_TOP
Version: PrimeTime 2023.06-SP3
Date   : Sat Aug 15 17:34:54 2026
Corner : ff_1p16v_1p16v_125c
Note   : Hot Hold        — Fast corner, high temp
****************************************

Operating Conditions : ff_1p16v_1p16v_125c (Library: saed32nm_rvt)
Wire Load Model Mode : Interconnect (StarRC Extracted)

  Startpoint : u_robc_hd/din_reg[0]
               (rising edge-triggered flip-flop clocked by CLK_CORE)
  Endpoint   : u_robc_val/dout_reg[0]
               (rising edge-triggered flip-flop clocked by CLK_CORE)
  Path Group : CLK_CORE
  Path Type  : min

  Point                                                   Incr        Path
  -------------------------------------------------------------------------
  clock CLK_CORE (rise edge)                                  0.000       0.000
  clock network delay (propagated)                        0.165      0.165
  u_robc_hd/din_reg[0]/CK (DFFARX1_RVT)                        0.000       0.165 r
  u_robc_hd/din_reg[0]/Q  (DFFARX1_RVT)                        0.11       0.275 r
  u_robc_hd/U12/Y (INVX2_RVT)                                  0.061       0.336 f
  u_robc_hd/U34/Y (NAND2X1_RVT)                                0.057       0.393 r
  u_robc_ret/U07/Y (AOI22X1_RVT)                                0.075       0.468 f
  u_robc_ret/U19/Y (OAI21X1_RVT)                                0.098       0.566 r
  u_robc_exc/U03/Y (MUX21X1_RVT)                                0.079       0.645 r
  u_robc_exc/U11/Y (AND2X1_RVT)                                 0.059       0.704 f
  u_robc_exc/U22/Y (NOR2X1_RVT)                                 0.044       0.748 r
  u_robc_val/U05/Y (BUFX4_RVT)                                  0.076       0.824 r
  u_robc_val/dout_reg[0]/D (DFFARX1_RVT)                        0.064      0.888 f
  data arrival time                                                    0.888

  clock CLK_CORE (rise edge)                                  2     2
  clock network delay (propagated)                        0.165      2.165
  clock uncertainty                                      -0.05   2.115
  u_robc_val/dout_reg[0]/CK (DFFARX1_RVT)                       0.000       2.115 r
  library setup time                                     -0.08   2.035
  data required time                                                   2.035
  -------------------------------------------------------------------------
  data required time                                                   2.035
  data arrival time                                                   -0.888
  -------------------------------------------------------------------------
  slack (MET)   1.147


=========================================================================
                   ROB_COMMIT_TOP — TIMING SUMMARY
=========================================================================

  Block        : ROB_COMMIT_TOP
  Corner       : ff_1p16v_1p16v_125c
  Check        : min  (Hot Hold        — Fast corner, high temp)
  Clock        : CLK_CORE  Period = 2 ns  (500 MHz)
  Technology   : SAED 32nm RVT

  ┌────────────────────────────────────────────────────────────────┐
  │ Sub-Unit      WNS (ns)  TNS (ns)  #Viol   WHS (ns)  #HViol  │
  ├────────────────────────────────────────────────────────────────┤
  │ u_robc_hd          1.147       0        0      0.106        0     │
  │ u_robc_ret          0.099       0        0      0.081        0     │
  │ u_robc_exc          0.095       0        0      0.063        0     │
  │ u_robc_val          0.066       0        0      0.056        0     │
  ├────────────────────────────────────────────────────────────────┤
  │ ROB_COMMIT_TOP  1.147       0        0      0.106        0     │
  └────────────────────────────────────────────────────────────────┘

  Status : ALL PATHS CLEAN — No Setup or Hold Violations


=========================================================================
                   TIMING EXCEPTIONS APPLIED
=========================================================================

  set_false_path -from [get_ports SCAN_EN]      -to [all_registers]
  set_false_path -from [get_ports TEST_MODE]     -to [all_registers]
  set_multicycle_path 2 -setup -from [get_cells u_robc_hd/*] -to [get_cells u_robc_val/*]
  set_multicycle_path 1 -hold  -from [get_cells u_robc_hd/*] -to [get_cells u_robc_val/*]
  set_input_delay  0.400 -clock CLK_CORE -max [all_inputs]
  set_output_delay 0.350 -clock CLK_CORE -max [all_outputs]


=========================================================================
                   CLOCK DOMAIN SUMMARY
=========================================================================

  Clock    : CLK_CORE
  Period   : 2 ns
  Waveform : {0.000 1}
  Skew     : 0.027 ns  (max across ROB_COMMIT_TOP)
  Latency  : 0.165 ns  (max)


=========================================================================
                   CONSTRAINT COVERAGE
=========================================================================

  Total register endpoints   : 953
  Constrained endpoints      : 2157
  Unconstrained endpoints    :      0
  Coverage                   :  100.0%


=========================================================================
                   TOOL / RUN INFORMATION
=========================================================================

  Tool         : Synopsys PrimeTime 2023.06-SP3
  Run Host     : sta-server-01
  Run Dir      : /proj/cpu_rtl/sta/COMMIT/ROB_COMMIT/run_ff_1p16v_1p16v_125c
  SDC File     : /proj/cpu_rtl/constraints/ROB_COMMIT_TOP.sdc
  Netlist      : /proj/cpu_rtl/netlist/ROB_COMMIT_TOP.v.gz
  SPEF File    : /proj/cpu_rtl/spef/ROB_COMMIT_TOP.spef.gz
  Liberty      : saed32nm_rvt_ff_1p16v_1p16v_125c.db
  Elapsed Time : 00:07:41
  Peak Memory  : 4.402 GB

=========================================================================
End of Report
=========================================================================
