****************************************
Report : timing
        -path_type full
        -delay_type max
        -max_paths 10
        -sort_by slack
Design : ROB_COMMIT_TOP
Version: PrimeTime 2023.06-SP3
Date   : Sat Aug 15 17:34:54 2026
Corner : tt_0p90v_0p90v_25c
Note   : Clock Gating Check — Nominal corner
****************************************

Operating Conditions : tt_0p90v_0p90v_25c (Library: saed32nm_rvt)
Wire Load Model Mode : Interconnect (StarRC Extracted)

  Startpoint : u_robc_hd/din_reg[0]
               (rising edge-triggered flip-flop clocked by CLK_CORE)
  Endpoint   : u_robc_val/dout_reg[0]
               (rising edge-triggered flip-flop clocked by CLK_CORE)
  Path Group : CLK_CORE
  Path Type  : max

  Point                                                   Incr        Path
  -------------------------------------------------------------------------
  clock CLK_CORE (rise edge)                                  0.000       0.000
  clock network delay (propagated)                        0.152      0.152
  u_robc_hd/din_reg[0]/CK (DFFARX1_RVT)                        0.000       0.152 r
  u_robc_hd/din_reg[0]/Q  (DFFARX1_RVT)                        0.127       0.279 r
  u_robc_hd/U12/Y (INVX2_RVT)                                  0.058       0.337 f
  u_robc_hd/U34/Y (NAND2X1_RVT)                                0.092       0.429 r
  u_robc_ret/U07/Y (AOI22X1_RVT)                                0.071       0.5 f
  u_robc_ret/U19/Y (OAI21X1_RVT)                                0.104       0.604 r
  u_robc_exc/U03/Y (MUX21X1_RVT)                                0.095       0.699 r
  u_robc_exc/U11/Y (AND2X1_RVT)                                 0.072       0.771 f
  u_robc_exc/U22/Y (NOR2X1_RVT)                                 0.044       0.815 r
  u_robc_val/U05/Y (BUFX4_RVT)                                  0.06       0.875 r
  u_robc_val/dout_reg[0]/D (DFFARX1_RVT)                        0.055      0.93 f
  data arrival time                                                    0.93

  clock CLK_CORE (rise edge)                                  2     2
  clock network delay (propagated)                        0.152      2.152
  clock uncertainty                                      -0.05   2.102
  u_robc_val/dout_reg[0]/CK (DFFARX1_RVT)                       0.000       2.102 r
  library setup time                                     -0.072   2.03
  data required time                                                   2.03
  -------------------------------------------------------------------------
  data required time                                                   2.03
  data arrival time                                                   -0.93
  -------------------------------------------------------------------------
  slack (MET)   1.1


=========================================================================
                   ROB_COMMIT_TOP — TIMING SUMMARY
=========================================================================

  Block        : ROB_COMMIT_TOP
  Corner       : tt_0p90v_0p90v_25c
  Check        : max  (Clock Gating Check — Nominal corner)
  Clock        : CLK_CORE  Period = 2 ns  (500 MHz)
  Technology   : SAED 32nm RVT

  ┌────────────────────────────────────────────────────────────────┐
  │ Sub-Unit      WNS (ns)  TNS (ns)  #Viol   WHS (ns)  #HViol  │
  ├────────────────────────────────────────────────────────────────┤
  │ u_robc_hd          1.1       0        0      0.067        0     │
  │ u_robc_ret          0.065       0        0      0.114        0     │
  │ u_robc_exc          0.054       0        0      0.074        0     │
  │ u_robc_val          0.198       0        0      0.068        0     │
  ├────────────────────────────────────────────────────────────────┤
  │ ROB_COMMIT_TOP  1.1       0        0      0.067        0     │
  └────────────────────────────────────────────────────────────────┘

  Status : ALL PATHS CLEAN — No Setup or Hold Violations


=========================================================================
                   TIMING EXCEPTIONS APPLIED
=========================================================================

  set_false_path -from [get_ports SCAN_EN]      -to [all_registers]
  set_false_path -from [get_ports TEST_MODE]     -to [all_registers]
  set_multicycle_path 2 -setup -from [get_cells u_robc_hd/*] -to [get_cells u_robc_val/*]
  set_multicycle_path 1 -hold  -from [get_cells u_robc_hd/*] -to [get_cells u_robc_val/*]
  set_input_delay  0.400 -clock CLK_CORE -max [all_inputs]
  set_output_delay 0.350 -clock CLK_CORE -max [all_outputs]


=========================================================================
                   CLOCK DOMAIN SUMMARY
=========================================================================

  Clock    : CLK_CORE
  Period   : 2 ns
  Waveform : {0.000 1}
  Skew     : 0.027 ns  (max across ROB_COMMIT_TOP)
  Latency  : 0.152 ns  (max)


=========================================================================
                   CONSTRAINT COVERAGE
=========================================================================

  Total register endpoints   : 1761
  Constrained endpoints      : 3158
  Unconstrained endpoints    :      0
  Coverage                   :  100.0%


=========================================================================
                   TOOL / RUN INFORMATION
=========================================================================

  Tool         : Synopsys PrimeTime 2023.06-SP3
  Run Host     : sta-server-01
  Run Dir      : /proj/cpu_rtl/sta/COMMIT/ROB_COMMIT/run_tt_0p90v_0p90v_25c
  SDC File     : /proj/cpu_rtl/constraints/ROB_COMMIT_TOP.sdc
  Netlist      : /proj/cpu_rtl/netlist/ROB_COMMIT_TOP.v.gz
  SPEF File    : /proj/cpu_rtl/spef/ROB_COMMIT_TOP.spef.gz
  Liberty      : saed32nm_rvt_tt_0p90v_0p90v_25c.db
  Elapsed Time : 00:08:12
  Peak Memory  : 2.787 GB

=========================================================================
End of Report
=========================================================================
