================================================================================
  STA BLOCK DUMP LOG  —  ROB_COMMIT_TOP
================================================================================

  Block Directory : D:\Certificates\PD_STA_REPORTS\COMMIT\ROB_COMMIT
  Design          : ROB_COMMIT_TOP
  Parsed At       : 2026-08-15T22:16:47
  Total Reports   : 11


OWNERSHIP
----------------------------------------
  BLOCK TIMING OWNER           : User46  <user46@company.com>  [EMP-2046]
  TEAM LEAD                    : MTO_User8  <mto8@company.com>  [EMP-1008]
  RTL TEAM LEAD                : TeamLead8  <teamlead8@company.com>
  PD ENGINEER                  : PDEng8  <pdeng8@company.com>
  STA ENGINEER                 : STAEng8  <staeng8@company.com>
  CHIP STA LEAD                : STALead1  <stalead1@company.com>  [EMP-0004]

AGGREGATE SUMMARY
----------------------------------------
  Overall Status   : MET
  Worst WNS  (ns)  : 0.000
  Worst TNS  (ns)  : 0.000
  Worst WHS  (ns)  : 0.000
  Best  WNS  (ns)  : 1.191
  Total Violations : 0

BY CORNER
----------------------------------------
  Name                                              #       WNS       TNS       WHS  STATUS
  ─────────────────────────────────────────────  ────  ────────  ────────  ────────  ──────────
  N/A                                               1     0.000     0.000     0.000  MET
  ff_1p16v_1p16v_125c                               1     1.147     0.000     0.106  MET
  ff_1p16v_1p16v_n40c                               1     1.073     0.000     0.115  MET
  ss_0p63v_0p63v_125c                               1     1.152     0.000     0.092  MET
  ss_0p72v_0p72v_125c                               2     1.065     0.000     0.072  MET
  ss_0p72v_0p72v_n40c                               1     1.141     0.000     0.112  MET
  tt_0p90v_0p90v_25c                                4     1.070     0.000     0.067  MET

BY CHECK TYPE
----------------------------------------
  Name                                              #       WNS       TNS       WHS  STATUS
  ─────────────────────────────────────────────  ────  ────────  ────────  ────────  ──────────
  N/A                                               1     0.000     0.000     0.000  MET
  hold                                              3     1.073     0.000     0.080  MET
  setup                                             7     1.065     0.000     0.067  MET

PER-REPORT DETAIL
----------------------------------------
  File     : 01_SETUP_SS_125C_ROB_COMMIT_TOP.rpt
  Design   : ROB_COMMIT_TOP        Corner : ss_0p72v_0p72v_125c
  Check    : setup       Clock  : CLK_CORE  Period = 2.0 ns  (500.0 MHz)
  WNS      :   +1.191 ns   TNS :   +0.000 ns   WHS :   +0.072 ns
  Slack    :   +1.191 ns   Status : MET
  Status   : ALL PATHS CLEAN — No Setup or Hold Violations
  Coverage : 100.0%   Endpoints : 2202 / 4624
  Tool     : Synopsys PrimeTime 2023.06-SP3
  Runtime  : 00:05:57         Memory : 2.558 GB
  Run Dir  : /proj/cpu_rtl/sta/COMMIT/ROB_COMMIT/run_ss_0p72v_0p72v_125c

  File     : 07_SETUP_LVSS_125C_ROB_COMMIT_TOP.rpt
  Design   : ROB_COMMIT_TOP        Corner : ss_0p63v_0p63v_125c
  Check    : setup       Clock  : CLK_CORE  Period = 2.0 ns  (500.0 MHz)
  WNS      :   +1.152 ns   TNS :   +0.000 ns   WHS :   +0.092 ns
  Slack    :   +1.152 ns   Status : MET
  Status   : ALL PATHS CLEAN — No Setup or Hold Violations
  Coverage : 100.0%   Endpoints : 1055 / 2667
  Tool     : Synopsys PrimeTime 2023.06-SP3
  Runtime  : 00:07:53         Memory : 3.783 GB
  Run Dir  : /proj/cpu_rtl/sta/COMMIT/ROB_COMMIT/run_ss_0p63v_0p63v_125c

  File     : 05_SETUP_SS_M40C_ROB_COMMIT_TOP.rpt
  Design   : ROB_COMMIT_TOP        Corner : ss_0p72v_0p72v_n40c
  Check    : setup       Clock  : CLK_CORE  Period = 2.0 ns  (500.0 MHz)
  WNS      :   +1.141 ns   TNS :   +0.000 ns   WHS :   +0.112 ns
  Slack    :   +1.141 ns   Status : MET
  Status   : ALL PATHS CLEAN — No Setup or Hold Violations
  Coverage : 100.0%   Endpoints : 4144 / 5175
  Tool     : Synopsys PrimeTime 2023.06-SP3
  Runtime  : 00:04:20         Memory : 2.444 GB
  Run Dir  : /proj/cpu_rtl/sta/COMMIT/ROB_COMMIT/run_ss_0p72v_0p72v_n40c

  File     : 08_CG_CHECK_TT_25C_ROB_COMMIT_TOP.rpt
  Design   : ROB_COMMIT_TOP        Corner : tt_0p90v_0p90v_25c
  Check    : setup       Clock  : CLK_CORE  Period = 2.0 ns  (500.0 MHz)
  WNS      :   +1.100 ns   TNS :   +0.000 ns   WHS :   +0.067 ns
  Slack    :   +1.100 ns   Status : MET
  Status   : ALL PATHS CLEAN — No Setup or Hold Violations
  Coverage : 100.0%   Endpoints : 3158 / 1761
  Tool     : Synopsys PrimeTime 2023.06-SP3
  Runtime  : 00:08:12         Memory : 2.787 GB
  Run Dir  : /proj/cpu_rtl/sta/COMMIT/ROB_COMMIT/run_tt_0p90v_0p90v_25c

  File     : 03_SETUP_TT_25C_ROB_COMMIT_TOP.rpt
  Design   : ROB_COMMIT_TOP        Corner : tt_0p90v_0p90v_25c
  Check    : setup       Clock  : CLK_CORE  Period = 2.0 ns  (500.0 MHz)
  WNS      :   +1.073 ns   TNS :   +0.000 ns   WHS :   +0.074 ns
  Slack    :   +1.073 ns   Status : MET
  Status   : ALL PATHS CLEAN — No Setup or Hold Violations
  Coverage : 100.0%   Endpoints : 2121 / 2922
  Tool     : Synopsys PrimeTime 2023.06-SP3
  Runtime  : 00:08:34         Memory : 2.414 GB
  Run Dir  : /proj/cpu_rtl/sta/COMMIT/ROB_COMMIT/run_tt_0p90v_0p90v_25c

  File     : 10_MULTICYCLE_TT_25C_ROB_COMMIT_TOP.rpt
  Design   : ROB_COMMIT_TOP        Corner : tt_0p90v_0p90v_25c
  Check    : setup       Clock  : CLK_CORE  Period = 2.0 ns  (500.0 MHz)
  WNS      :   +1.070 ns   TNS :   +0.000 ns   WHS :   +0.106 ns
  Slack    :   +1.070 ns   Status : MET
  Status   : ALL PATHS CLEAN — No Setup or Hold Violations
  Coverage : 100.0%   Endpoints : 3295 / 3641
  Tool     : Synopsys PrimeTime 2023.06-SP3
  Runtime  : 00:02:51         Memory : 2.866 GB
  Run Dir  : /proj/cpu_rtl/sta/COMMIT/ROB_COMMIT/run_tt_0p90v_0p90v_25c

  File     : 09_RECOVERY_SS_125C_ROB_COMMIT_TOP.rpt
  Design   : ROB_COMMIT_TOP        Corner : ss_0p72v_0p72v_125c
  Check    : setup       Clock  : CLK_CORE  Period = 2.0 ns  (500.0 MHz)
  WNS      :   +1.065 ns   TNS :   +0.000 ns   WHS :   +0.078 ns
  Slack    :   +1.065 ns   Status : MET
  Status   : ALL PATHS CLEAN — No Setup or Hold Violations
  Coverage : 100.0%   Endpoints : 4756 / 1787
  Tool     : Synopsys PrimeTime 2023.06-SP3
  Runtime  : 00:05:29         Memory : 1.705 GB
  Run Dir  : /proj/cpu_rtl/sta/COMMIT/ROB_COMMIT/run_ss_0p72v_0p72v_125c

  File     : 02_HOLD_FF_N40C_ROB_COMMIT_TOP.rpt
  Design   : ROB_COMMIT_TOP        Corner : ff_1p16v_1p16v_n40c
  Check    : hold        Clock  : CLK_CORE  Period = 2.0 ns  (500.0 MHz)
  WNS      :   +1.073 ns   TNS :   +0.000 ns   WHS :   +0.115 ns
  Slack    :   +1.073 ns   Status : MET
  Status   : ALL PATHS CLEAN — No Setup or Hold Violations
  Coverage : 100.0%   Endpoints : 5440 / 2785
  Tool     : Synopsys PrimeTime 2023.06-SP3
  Runtime  : 00:08:54         Memory : 3.593 GB
  Run Dir  : /proj/cpu_rtl/sta/COMMIT/ROB_COMMIT/run_ff_1p16v_1p16v_n40c

  File     : 06_HOLD_FF_125C_ROB_COMMIT_TOP.rpt
  Design   : ROB_COMMIT_TOP        Corner : ff_1p16v_1p16v_125c
  Check    : hold        Clock  : CLK_CORE  Period = 2.0 ns  (500.0 MHz)
  WNS      :   +1.147 ns   TNS :   +0.000 ns   WHS :   +0.106 ns
  Slack    :   +1.147 ns   Status : MET
  Status   : ALL PATHS CLEAN — No Setup or Hold Violations
  Coverage : 100.0%   Endpoints : 2157 / 953
  Tool     : Synopsys PrimeTime 2023.06-SP3
  Runtime  : 00:07:41         Memory : 4.402 GB
  Run Dir  : /proj/cpu_rtl/sta/COMMIT/ROB_COMMIT/run_ff_1p16v_1p16v_125c

  File     : 04_HOLD_TT_25C_ROB_COMMIT_TOP.rpt
  Design   : ROB_COMMIT_TOP        Corner : tt_0p90v_0p90v_25c
  Check    : hold        Clock  : CLK_CORE  Period = 2.0 ns  (500.0 MHz)
  WNS      :   +1.135 ns   TNS :   +0.000 ns   WHS :   +0.080 ns
  Slack    :   +1.135 ns   Status : MET
  Status   : ALL PATHS CLEAN — No Setup or Hold Violations
  Coverage : 100.0%   Endpoints : 3406 / 4669
  Tool     : Synopsys PrimeTime 2023.06-SP3
  Runtime  : 00:08:45         Memory : 2.667 GB
  Run Dir  : /proj/cpu_rtl/sta/COMMIT/ROB_COMMIT/run_tt_0p90v_0p90v_25c

  File     : ROB_COMMIT_TIMING.rpt
  Design   : N/A                   Corner : N/A
  Check    : N/A         Clock  : N/A  Period = 0.0 ns  (0.0 MHz)
  WNS      :   +0.000 ns   TNS :   +0.000 ns   WHS :   +0.000 ns
  Slack    :   +0.000 ns   Status : UNKNOWN
  Status   : N/A
  Coverage : 0.0%   Endpoints : 0 / 0
  Tool     : N/A
  Runtime  : N/A              Memory : N/A
  Run Dir  : N/A


================================================================================
END OF BLOCK DUMP LOG
================================================================================