================================================================================
  STA TOP-LEVEL DUMP LOG  —  PD_STA_REPORTS
================================================================================

  Root Directory   : D:\Certificates\PD_STA_REPORTS
  Parsed At        : 2026-08-15T19:15:04
  Total Blocks     : 4
  Total Reports    : 124


AGGREGATE SUMMARY
----------------------------------------
  Overall Status   : MET
  Worst WNS  (ns)  : 0.000
  Worst TNS  (ns)  : 0.000
  Worst WHS  (ns)  : 0.000
  Total Violations : 0

BY PIPELINE STAGE
----------------------------------------
  Stage                   Owner            #       WNS       TNS       WHS  STATUS
  ──────────────────────  ────────────  ────  ────────  ────────  ────────  ──────────
  RENAME_DISPATCH         MTO_User3        4     0.000     0.000     0.000  MET

BY CORNER
----------------------------------------
  Name                                              #       WNS       TNS       WHS  STATUS
  ─────────────────────────────────────────────  ────  ────────  ────────  ────────  ──────────
  N/A                                               4     0.000     0.000     0.000  MET
  ff_1p16v_1p16v_125c                               8     1.067     0.000     0.000  MET
  ff_1p16v_1p16v_n40c                              20     1.037     0.000     0.000  MET
  ff_1p32v_1p32v_n40c                               4     1.062     0.000     0.000  MET
  ss_0p63v_0p63v_125c                               4     1.056     0.000     0.073  MET
  ss_0p63v_0p63v_n40c                               4     1.045     0.000     0.000  MET
  ss_0p72v_0p72v_125c                              36     1.027     0.000     0.000  MET
  ss_0p72v_0p72v_n40c                               4     1.078     0.000     0.071  MET
  tt_0p90v_0p90v_25c                               32     1.036     0.000     0.000  MET
  tt_0p90v_0p90v_85c                                8     1.068     0.000     0.000  MET

BY CHECK TYPE
----------------------------------------
  Name                                              #       WNS       TNS       WHS  STATUS
  ─────────────────────────────────────────────  ────  ────────  ────────  ────────  ──────────
  N/A                                               4     0.000     0.000     0.000  MET
  hold                                             44     1.027     0.000     0.000  MET
  setup                                            76     1.036     0.000     0.000  MET

PER-BLOCK SUMMARY
----------------------------------------
  Block                                          Design                  Rpts       WNS       TNS       WHS  STATUS      Owner
  ─────────────────────────────────────────────  ──────────────────────  ────  ────────  ────────  ────────  ──────────  ────────────
  RENAME_DISPATCH\DISPATCH_QUEUE                 DISPATCH_QUEUE_TOP        31     0.000     0.000     0.000  MET         User13
  RENAME_DISPATCH\FREE_LIST                      FREE_LIST_TOP             31     0.000     0.000     0.000  MET         User14
  RENAME_DISPATCH\RAT                            RAT_TOP                   31     0.000     0.000     0.000  MET         User15
  RENAME_DISPATCH\ROB                            ROB_TOP                   31     0.000     0.000     0.000  MET         User16

================================================================================
END OF TOP-LEVEL DUMP LOG
================================================================================