[2026-08-15 19:15:04] [INFO    ] [sta_top_parser] [sta_top_parser.py:302] ====================================================================
[2026-08-15 19:15:04] [INFO    ] [sta_top_parser] [sta_top_parser.py:303]   sta_top_parser.py — Synopsys PrimeTime STA Hierarchy Parser
[2026-08-15 19:15:04] [INFO    ] [sta_top_parser] [sta_top_parser.py:304]   Root       : D:\Certificates\PD_STA_REPORTS
[2026-08-15 19:15:04] [INFO    ] [sta_top_parser] [sta_top_parser.py:305]   Output dir : D:\Certificates\PD_STA_REPORTS\RESULTS\RENAME_DISPATCH
[2026-08-15 19:15:04] [INFO    ] [sta_top_parser] [sta_top_parser.py:306]   Pattern    : *.rpt
[2026-08-15 19:15:04] [INFO    ] [sta_top_parser] [sta_top_parser.py:308]   Stages     : ['RENAME_DISPATCH']
[2026-08-15 19:15:04] [INFO    ] [sta_top_parser] [sta_top_parser.py:309] ====================================================================
[2026-08-15 19:15:04] [DEBUG   ] [sta_top_parser] [sta_top_parser.py:221]   Skipping stage (filtered): .git
[2026-08-15 19:15:04] [DEBUG   ] [sta_top_parser] [sta_top_parser.py:221]   Skipping stage (filtered): __pycache__
[2026-08-15 19:15:04] [DEBUG   ] [sta_top_parser] [sta_top_parser.py:221]   Skipping stage (filtered): CACHE
[2026-08-15 19:15:04] [DEBUG   ] [sta_top_parser] [sta_top_parser.py:221]   Skipping stage (filtered): COMMIT
[2026-08-15 19:15:04] [DEBUG   ] [sta_top_parser] [sta_top_parser.py:221]   Skipping stage (filtered): DECODE
[2026-08-15 19:15:04] [DEBUG   ] [sta_top_parser] [sta_top_parser.py:221]   Skipping stage (filtered): EXECUTE
[2026-08-15 19:15:04] [DEBUG   ] [sta_top_parser] [sta_top_parser.py:221]   Skipping stage (filtered): FETCH
[2026-08-15 19:15:04] [DEBUG   ] [sta_top_parser] [sta_top_parser.py:221]   Skipping stage (filtered): GENERIC_REPORT_CARD
[2026-08-15 19:15:04] [DEBUG   ] [sta_top_parser] [sta_top_parser.py:221]   Skipping stage (filtered): ISSUE
[2026-08-15 19:15:04] [DEBUG   ] [sta_top_parser] [sta_top_parser.py:221]   Skipping stage (filtered): MEMORY
[2026-08-15 19:15:04] [DEBUG   ] [sta_top_parser] [sta_top_parser.py:221]   Skipping stage (filtered): RESULTS
[2026-08-15 19:15:04] [DEBUG   ] [sta_top_parser] [sta_top_parser.py:221]   Skipping stage (filtered): sta_utils
[2026-08-15 19:15:04] [DEBUG   ] [sta_top_parser] [sta_top_parser.py:221]   Skipping stage (filtered): UNCORE
[2026-08-15 19:15:04] [DEBUG   ] [sta_top_parser] [sta_top_parser.py:221]   Skipping stage (filtered): WRITEBACK
[2026-08-15 19:15:04] [INFO    ] [sta_top_parser] [sta_top_parser.py:228] Found 4 block director(ies) with '*.rpt' files under D:\Certificates\PD_STA_REPORTS
[2026-08-15 19:15:04] [INFO    ] [sta_top_parser] [sta_top_parser.py:328] [1/4] Scanning: RENAME_DISPATCH\DISPATCH_QUEUE
[2026-08-15 19:15:04] [INFO    ] [sta_top_parser] [parser.py:284]   Found 31 report file(s) in D:\Certificates\PD_STA_REPORTS\RENAME_DISPATCH\DISPATCH_QUEUE
[2026-08-15 19:15:04] [DEBUG   ] [sta_top_parser] [parser.py:130]   Parsing: 01_SETUP_SS_125C_DISPATCH_QUEUE_TOP.rpt
[2026-08-15 19:15:04] [DEBUG   ] [sta_top_parser] [parser.py:209]     → design=DISPATCH_QUEUE_TOP   corner=ss_0p72v_0p72v_125c                 check=setup  wns=+1.118  status=MET
[2026-08-15 19:15:04] [DEBUG   ] [sta_top_parser] [parser.py:130]   Parsing: 02_HOLD_FF_N40C_DISPATCH_QUEUE_TOP.rpt
[2026-08-15 19:15:04] [DEBUG   ] [sta_top_parser] [parser.py:209]     → design=DISPATCH_QUEUE_TOP   corner=ff_1p16v_1p16v_n40c                 check=hold   wns=+1.169  status=MET
[2026-08-15 19:15:04] [DEBUG   ] [sta_top_parser] [parser.py:130]   Parsing: 03_SETUP_TT_25C_DISPATCH_QUEUE_TOP.rpt
[2026-08-15 19:15:04] [DEBUG   ] [sta_top_parser] [parser.py:209]     → design=DISPATCH_QUEUE_TOP   corner=tt_0p90v_0p90v_25c                  check=setup  wns=+1.036  status=MET
[2026-08-15 19:15:04] [DEBUG   ] [sta_top_parser] [parser.py:130]   Parsing: 04_HOLD_TT_25C_DISPATCH_QUEUE_TOP.rpt
[2026-08-15 19:15:04] [DEBUG   ] [sta_top_parser] [parser.py:209]     → design=DISPATCH_QUEUE_TOP   corner=tt_0p90v_0p90v_25c                  check=hold   wns=+1.134  status=MET
[2026-08-15 19:15:04] [DEBUG   ] [sta_top_parser] [parser.py:130]   Parsing: 05_SETUP_SS_M40C_DISPATCH_QUEUE_TOP.rpt
[2026-08-15 19:15:04] [DEBUG   ] [sta_top_parser] [parser.py:209]     → design=DISPATCH_QUEUE_TOP   corner=ss_0p72v_0p72v_n40c                 check=setup  wns=+1.087  status=MET
[2026-08-15 19:15:04] [DEBUG   ] [sta_top_parser] [parser.py:130]   Parsing: 06_HOLD_FF_125C_DISPATCH_QUEUE_TOP.rpt
[2026-08-15 19:15:04] [DEBUG   ] [sta_top_parser] [parser.py:209]     → design=DISPATCH_QUEUE_TOP   corner=ff_1p16v_1p16v_125c                 check=hold   wns=+1.074  status=MET
[2026-08-15 19:15:04] [DEBUG   ] [sta_top_parser] [parser.py:130]   Parsing: 07_SETUP_LVSS_125C_DISPATCH_QUEUE_TOP.rpt
[2026-08-15 19:15:04] [DEBUG   ] [sta_top_parser] [parser.py:209]     → design=DISPATCH_QUEUE_TOP   corner=ss_0p63v_0p63v_125c                 check=setup  wns=+1.056  status=MET
[2026-08-15 19:15:04] [DEBUG   ] [sta_top_parser] [parser.py:130]   Parsing: 08_CG_CHECK_TT_25C_DISPATCH_QUEUE_TOP.rpt
[2026-08-15 19:15:04] [DEBUG   ] [sta_top_parser] [parser.py:209]     → design=DISPATCH_QUEUE_TOP   corner=tt_0p90v_0p90v_25c                  check=setup  wns=+1.169  status=MET
[2026-08-15 19:15:04] [DEBUG   ] [sta_top_parser] [parser.py:130]   Parsing: 09_RECOVERY_SS_125C_DISPATCH_QUEUE_TOP.rpt
[2026-08-15 19:15:04] [DEBUG   ] [sta_top_parser] [parser.py:209]     → design=DISPATCH_QUEUE_TOP   corner=ss_0p72v_0p72v_125c                 check=setup  wns=+1.145  status=MET
[2026-08-15 19:15:04] [DEBUG   ] [sta_top_parser] [parser.py:130]   Parsing: 10_MULTICYCLE_TT_25C_DISPATCH_QUEUE_TOP.rpt
[2026-08-15 19:15:04] [DEBUG   ] [sta_top_parser] [parser.py:209]     → design=DISPATCH_QUEUE_TOP   corner=tt_0p90v_0p90v_25c                  check=setup  wns=+1.067  status=MET
[2026-08-15 19:15:04] [DEBUG   ] [sta_top_parser] [parser.py:130]   Parsing: 11_SETUP_SS_125C_OCV_DISPATCH_QUEUE_TOP.rpt
[2026-08-15 19:15:04] [DEBUG   ] [sta_top_parser] [parser.py:209]     → design=DISPATCH_QUEUE_TOP   corner=ss_0p72v_0p72v_125c                 check=setup  wns=+1.087  status=MET
[2026-08-15 19:15:04] [DEBUG   ] [sta_top_parser] [parser.py:130]   Parsing: 12_HOLD_FF_N40C_OCV_DISPATCH_QUEUE_TOP.rpt
[2026-08-15 19:15:04] [DEBUG   ] [sta_top_parser] [parser.py:209]     → design=DISPATCH_QUEUE_TOP   corner=ff_1p16v_1p16v_n40c                 check=hold   wns=+1.112  status=MET
[2026-08-15 19:15:04] [DEBUG   ] [sta_top_parser] [parser.py:130]   Parsing: 13_SETUP_SS_125C_POCV_DISPATCH_QUEUE_TOP.rpt
[2026-08-15 19:15:04] [DEBUG   ] [sta_top_parser] [parser.py:209]     → design=DISPATCH_QUEUE_TOP   corner=ss_0p72v_0p72v_125c                 check=setup  wns=+1.097  status=MET
[2026-08-15 19:15:04] [DEBUG   ] [sta_top_parser] [parser.py:130]   Parsing: 14_HOLD_FF_N40C_POCV_DISPATCH_QUEUE_TOP.rpt
[2026-08-15 19:15:04] [DEBUG   ] [sta_top_parser] [parser.py:209]     → design=DISPATCH_QUEUE_TOP   corner=ff_1p16v_1p16v_n40c                 check=hold   wns=+1.127  status=MET
[2026-08-15 19:15:04] [DEBUG   ] [sta_top_parser] [parser.py:130]   Parsing: 15_SETUP_TT_85C_DISPATCH_QUEUE_TOP.rpt
[2026-08-15 19:15:04] [DEBUG   ] [sta_top_parser] [parser.py:209]     → design=DISPATCH_QUEUE_TOP   corner=tt_0p90v_0p90v_85c                  check=setup  wns=+1.079  status=MET
[2026-08-15 19:15:04] [DEBUG   ] [sta_top_parser] [parser.py:130]   Parsing: 16_HOLD_TT_85C_DISPATCH_QUEUE_TOP.rpt
[2026-08-15 19:15:04] [DEBUG   ] [sta_top_parser] [parser.py:209]     → design=DISPATCH_QUEUE_TOP   corner=tt_0p90v_0p90v_85c                  check=hold   wns=+1.078  status=MET
[2026-08-15 19:15:04] [DEBUG   ] [sta_top_parser] [parser.py:130]   Parsing: 17_SETUP_FF_125C_DISPATCH_QUEUE_TOP.rpt
[2026-08-15 19:15:04] [DEBUG   ] [sta_top_parser] [parser.py:209]     → design=DISPATCH_QUEUE_TOP   corner=ff_1p16v_1p16v_125c                 check=setup  wns=+1.146  status=MET
[2026-08-15 19:15:04] [DEBUG   ] [sta_top_parser] [parser.py:130]   Parsing: 18_HOLD_SS_125C_DISPATCH_QUEUE_TOP.rpt
[2026-08-15 19:15:04] [DEBUG   ] [sta_top_parser] [parser.py:209]     → design=DISPATCH_QUEUE_TOP   corner=ss_0p72v_0p72v_125c                 check=hold   wns=+1.078  status=MET
[2026-08-15 19:15:04] [DEBUG   ] [sta_top_parser] [parser.py:130]   Parsing: 19_SETUP_LVSS_N40C_DISPATCH_QUEUE_TOP.rpt
[2026-08-15 19:15:04] [DEBUG   ] [sta_top_parser] [parser.py:209]     → design=DISPATCH_QUEUE_TOP   corner=ss_0p63v_0p63v_n40c                 check=setup  wns=+1.119  status=MET
[2026-08-15 19:15:04] [DEBUG   ] [sta_top_parser] [parser.py:130]   Parsing: 20_HOLD_LVFF_N40C_DISPATCH_QUEUE_TOP.rpt
[2026-08-15 19:15:04] [DEBUG   ] [sta_top_parser] [parser.py:209]     → design=DISPATCH_QUEUE_TOP   corner=ff_1p32v_1p32v_n40c                 check=hold   wns=+1.150  status=MET
[2026-08-15 19:15:04] [DEBUG   ] [sta_top_parser] [parser.py:130]   Parsing: 21_CG_CHECK_SS_125C_DISPATCH_QUEUE_TOP.rpt
[2026-08-15 19:15:04] [DEBUG   ] [sta_top_parser] [parser.py:209]     → design=DISPATCH_QUEUE_TOP   corner=ss_0p72v_0p72v_125c                 check=setup  wns=+1.095  status=MET
[2026-08-15 19:15:04] [DEBUG   ] [sta_top_parser] [parser.py:130]   Parsing: 22_RECOVERY_TT_25C_DISPATCH_QUEUE_TOP.rpt
[2026-08-15 19:15:04] [DEBUG   ] [sta_top_parser] [parser.py:209]     → design=DISPATCH_QUEUE_TOP   corner=tt_0p90v_0p90v_25c                  check=setup  wns=+1.075  status=MET
[2026-08-15 19:15:04] [DEBUG   ] [sta_top_parser] [parser.py:130]   Parsing: 23_MULTICYCLE_SS_125C_DISPATCH_QUEUE_TOP.rpt
[2026-08-15 19:15:04] [DEBUG   ] [sta_top_parser] [parser.py:209]     → design=DISPATCH_QUEUE_TOP   corner=ss_0p72v_0p72v_125c                 check=setup  wns=+1.067  status=MET
[2026-08-15 19:15:04] [DEBUG   ] [sta_top_parser] [parser.py:130]   Parsing: 24_SETUP_TT_25C_ECO_DISPATCH_QUEUE_TOP.rpt
[2026-08-15 19:15:04] [DEBUG   ] [sta_top_parser] [parser.py:209]     → design=DISPATCH_QUEUE_TOP   corner=tt_0p90v_0p90v_25c                  check=setup  wns=+1.120  status=MET
[2026-08-15 19:15:04] [DEBUG   ] [sta_top_parser] [parser.py:130]   Parsing: 25_HOLD_TT_25C_ECO_DISPATCH_QUEUE_TOP.rpt
[2026-08-15 19:15:04] [DEBUG   ] [sta_top_parser] [parser.py:209]     → design=DISPATCH_QUEUE_TOP   corner=tt_0p90v_0p90v_25c                  check=hold   wns=+1.075  status=MET
[2026-08-15 19:15:04] [DEBUG   ] [sta_top_parser] [parser.py:130]   Parsing: 26_SETUP_SS_125C_SI_DISPATCH_QUEUE_TOP.rpt
[2026-08-15 19:15:04] [DEBUG   ] [sta_top_parser] [parser.py:209]     → design=DISPATCH_QUEUE_TOP   corner=ss_0p72v_0p72v_125c                 check=setup  wns=+1.060  status=MET
[2026-08-15 19:15:04] [DEBUG   ] [sta_top_parser] [parser.py:130]   Parsing: 27_HOLD_FF_N40C_SI_DISPATCH_QUEUE_TOP.rpt
[2026-08-15 19:15:04] [DEBUG   ] [sta_top_parser] [parser.py:209]     → design=DISPATCH_QUEUE_TOP   corner=ff_1p16v_1p16v_n40c                 check=hold   wns=+1.042  status=MET
[2026-08-15 19:15:04] [DEBUG   ] [sta_top_parser] [parser.py:130]   Parsing: 28_SETUP_SS_125C_FINAL_DISPATCH_QUEUE_TOP.rpt
[2026-08-15 19:15:04] [DEBUG   ] [sta_top_parser] [parser.py:209]     → design=DISPATCH_QUEUE_TOP   corner=ss_0p72v_0p72v_125c                 check=setup  wns=+1.077  status=MET
[2026-08-15 19:15:04] [DEBUG   ] [sta_top_parser] [parser.py:130]   Parsing: 29_HOLD_FF_N40C_FINAL_DISPATCH_QUEUE_TOP.rpt
[2026-08-15 19:15:04] [DEBUG   ] [sta_top_parser] [parser.py:209]     → design=DISPATCH_QUEUE_TOP   corner=ff_1p16v_1p16v_n40c                 check=hold   wns=+1.074  status=MET
[2026-08-15 19:15:04] [DEBUG   ] [sta_top_parser] [parser.py:130]   Parsing: 30_SETUP_TT_25C_FINAL_DISPATCH_QUEUE_TOP.rpt
[2026-08-15 19:15:04] [DEBUG   ] [sta_top_parser] [parser.py:209]     → design=DISPATCH_QUEUE_TOP   corner=tt_0p90v_0p90v_25c                  check=setup  wns=+1.136  status=MET
[2026-08-15 19:15:04] [DEBUG   ] [sta_top_parser] [parser.py:130]   Parsing: DISPATCH_QUEUE_TIMING.rpt
[2026-08-15 19:15:04] [DEBUG   ] [sta_top_parser] [parser.py:209]     → design=N/A                  corner=N/A                                 check=N/A    wns=+0.000  status=UNKNOWN
[2026-08-15 19:15:04] [INFO    ] [sta_top_parser] [parser.py:294]   Parsed 31 / 31 report(s) OK
[2026-08-15 19:15:04] [INFO    ] [sta_top_parser] [dump_log.py:246] Dump log    → D:\Certificates\PD_STA_REPORTS\RENAME_DISPATCH\DISPATCH_QUEUE\DISPATCH_QUEUE_TOP_dump.log
[2026-08-15 19:15:04] [INFO    ] [sta_top_parser] [json_writer.py:75] JSON dump   → D:\Certificates\PD_STA_REPORTS\RENAME_DISPATCH\DISPATCH_QUEUE\DISPATCH_QUEUE_TOP_summary.json
[2026-08-15 19:15:04] [INFO    ] [sta_top_parser] [html_writer.py:361] HTML report → D:\Certificates\PD_STA_REPORTS\RENAME_DISPATCH\DISPATCH_QUEUE\DISPATCH_QUEUE_TOP_report.html
[2026-08-15 19:15:04] [INFO    ] [sta_top_parser] [sta_top_parser.py:328] [2/4] Scanning: RENAME_DISPATCH\FREE_LIST
[2026-08-15 19:15:04] [INFO    ] [sta_top_parser] [parser.py:284]   Found 31 report file(s) in D:\Certificates\PD_STA_REPORTS\RENAME_DISPATCH\FREE_LIST
[2026-08-15 19:15:04] [DEBUG   ] [sta_top_parser] [parser.py:130]   Parsing: 01_SETUP_SS_125C_FREE_LIST_TOP.rpt
[2026-08-15 19:15:04] [DEBUG   ] [sta_top_parser] [parser.py:209]     → design=FREE_LIST_TOP        corner=ss_0p72v_0p72v_125c                 check=setup  wns=+1.089  status=MET
[2026-08-15 19:15:04] [DEBUG   ] [sta_top_parser] [parser.py:130]   Parsing: 02_HOLD_FF_N40C_FREE_LIST_TOP.rpt
[2026-08-15 19:15:04] [DEBUG   ] [sta_top_parser] [parser.py:209]     → design=FREE_LIST_TOP        corner=ff_1p16v_1p16v_n40c                 check=hold   wns=+1.062  status=MET
[2026-08-15 19:15:04] [DEBUG   ] [sta_top_parser] [parser.py:130]   Parsing: 03_SETUP_TT_25C_FREE_LIST_TOP.rpt
[2026-08-15 19:15:04] [DEBUG   ] [sta_top_parser] [parser.py:209]     → design=FREE_LIST_TOP        corner=tt_0p90v_0p90v_25c                  check=setup  wns=+1.089  status=MET
[2026-08-15 19:15:04] [DEBUG   ] [sta_top_parser] [parser.py:130]   Parsing: 04_HOLD_TT_25C_FREE_LIST_TOP.rpt
[2026-08-15 19:15:04] [DEBUG   ] [sta_top_parser] [parser.py:209]     → design=FREE_LIST_TOP        corner=tt_0p90v_0p90v_25c                  check=hold   wns=+1.137  status=MET
[2026-08-15 19:15:04] [DEBUG   ] [sta_top_parser] [parser.py:130]   Parsing: 05_SETUP_SS_M40C_FREE_LIST_TOP.rpt
[2026-08-15 19:15:04] [DEBUG   ] [sta_top_parser] [parser.py:209]     → design=FREE_LIST_TOP        corner=ss_0p72v_0p72v_n40c                 check=setup  wns=+1.085  status=MET
[2026-08-15 19:15:04] [DEBUG   ] [sta_top_parser] [parser.py:130]   Parsing: 06_HOLD_FF_125C_FREE_LIST_TOP.rpt
[2026-08-15 19:15:04] [DEBUG   ] [sta_top_parser] [parser.py:209]     → design=FREE_LIST_TOP        corner=ff_1p16v_1p16v_125c                 check=hold   wns=+1.134  status=MET
[2026-08-15 19:15:04] [DEBUG   ] [sta_top_parser] [parser.py:130]   Parsing: 07_SETUP_LVSS_125C_FREE_LIST_TOP.rpt
[2026-08-15 19:15:04] [DEBUG   ] [sta_top_parser] [parser.py:209]     → design=FREE_LIST_TOP        corner=ss_0p63v_0p63v_125c                 check=setup  wns=+1.067  status=MET
[2026-08-15 19:15:04] [DEBUG   ] [sta_top_parser] [parser.py:130]   Parsing: 08_CG_CHECK_TT_25C_FREE_LIST_TOP.rpt
[2026-08-15 19:15:04] [DEBUG   ] [sta_top_parser] [parser.py:209]     → design=FREE_LIST_TOP        corner=tt_0p90v_0p90v_25c                  check=setup  wns=+1.045  status=MET
[2026-08-15 19:15:04] [DEBUG   ] [sta_top_parser] [parser.py:130]   Parsing: 09_RECOVERY_SS_125C_FREE_LIST_TOP.rpt
[2026-08-15 19:15:04] [DEBUG   ] [sta_top_parser] [parser.py:209]     → design=FREE_LIST_TOP        corner=ss_0p72v_0p72v_125c                 check=setup  wns=+1.124  status=MET
[2026-08-15 19:15:04] [DEBUG   ] [sta_top_parser] [parser.py:130]   Parsing: 10_MULTICYCLE_TT_25C_FREE_LIST_TOP.rpt
[2026-08-15 19:15:04] [DEBUG   ] [sta_top_parser] [parser.py:209]     → design=FREE_LIST_TOP        corner=tt_0p90v_0p90v_25c                  check=setup  wns=+1.086  status=MET
[2026-08-15 19:15:04] [DEBUG   ] [sta_top_parser] [parser.py:130]   Parsing: 11_SETUP_SS_125C_OCV_FREE_LIST_TOP.rpt
[2026-08-15 19:15:04] [DEBUG   ] [sta_top_parser] [parser.py:209]     → design=FREE_LIST_TOP        corner=ss_0p72v_0p72v_125c                 check=setup  wns=+1.086  status=MET
[2026-08-15 19:15:04] [DEBUG   ] [sta_top_parser] [parser.py:130]   Parsing: 12_HOLD_FF_N40C_OCV_FREE_LIST_TOP.rpt
[2026-08-15 19:15:04] [DEBUG   ] [sta_top_parser] [parser.py:209]     → design=FREE_LIST_TOP        corner=ff_1p16v_1p16v_n40c                 check=hold   wns=+1.105  status=MET
[2026-08-15 19:15:04] [DEBUG   ] [sta_top_parser] [parser.py:130]   Parsing: 13_SETUP_SS_125C_POCV_FREE_LIST_TOP.rpt
[2026-08-15 19:15:04] [DEBUG   ] [sta_top_parser] [parser.py:209]     → design=FREE_LIST_TOP        corner=ss_0p72v_0p72v_125c                 check=setup  wns=+1.081  status=MET
[2026-08-15 19:15:04] [DEBUG   ] [sta_top_parser] [parser.py:130]   Parsing: 14_HOLD_FF_N40C_POCV_FREE_LIST_TOP.rpt
[2026-08-15 19:15:04] [DEBUG   ] [sta_top_parser] [parser.py:209]     → design=FREE_LIST_TOP        corner=ff_1p16v_1p16v_n40c                 check=hold   wns=+1.129  status=MET
[2026-08-15 19:15:04] [DEBUG   ] [sta_top_parser] [parser.py:130]   Parsing: 15_SETUP_TT_85C_FREE_LIST_TOP.rpt
[2026-08-15 19:15:04] [DEBUG   ] [sta_top_parser] [parser.py:209]     → design=FREE_LIST_TOP        corner=tt_0p90v_0p90v_85c                  check=setup  wns=+1.087  status=MET
[2026-08-15 19:15:04] [DEBUG   ] [sta_top_parser] [parser.py:130]   Parsing: 16_HOLD_TT_85C_FREE_LIST_TOP.rpt
[2026-08-15 19:15:04] [DEBUG   ] [sta_top_parser] [parser.py:209]     → design=FREE_LIST_TOP        corner=tt_0p90v_0p90v_85c                  check=hold   wns=+1.068  status=MET
[2026-08-15 19:15:04] [DEBUG   ] [sta_top_parser] [parser.py:130]   Parsing: 17_SETUP_FF_125C_FREE_LIST_TOP.rpt
[2026-08-15 19:15:04] [DEBUG   ] [sta_top_parser] [parser.py:209]     → design=FREE_LIST_TOP        corner=ff_1p16v_1p16v_125c                 check=setup  wns=+1.075  status=MET
[2026-08-15 19:15:04] [DEBUG   ] [sta_top_parser] [parser.py:130]   Parsing: 18_HOLD_SS_125C_FREE_LIST_TOP.rpt
[2026-08-15 19:15:04] [DEBUG   ] [sta_top_parser] [parser.py:209]     → design=FREE_LIST_TOP        corner=ss_0p72v_0p72v_125c                 check=hold   wns=+1.110  status=MET
[2026-08-15 19:15:04] [DEBUG   ] [sta_top_parser] [parser.py:130]   Parsing: 19_SETUP_LVSS_N40C_FREE_LIST_TOP.rpt
[2026-08-15 19:15:04] [DEBUG   ] [sta_top_parser] [parser.py:209]     → design=FREE_LIST_TOP        corner=ss_0p63v_0p63v_n40c                 check=setup  wns=+1.051  status=MET
[2026-08-15 19:15:04] [DEBUG   ] [sta_top_parser] [parser.py:130]   Parsing: 20_HOLD_LVFF_N40C_FREE_LIST_TOP.rpt
[2026-08-15 19:15:04] [DEBUG   ] [sta_top_parser] [parser.py:209]     → design=FREE_LIST_TOP        corner=ff_1p32v_1p32v_n40c                 check=hold   wns=+1.081  status=MET
[2026-08-15 19:15:04] [DEBUG   ] [sta_top_parser] [parser.py:130]   Parsing: 21_CG_CHECK_SS_125C_FREE_LIST_TOP.rpt
[2026-08-15 19:15:04] [DEBUG   ] [sta_top_parser] [parser.py:209]     → design=FREE_LIST_TOP        corner=ss_0p72v_0p72v_125c                 check=setup  wns=+1.092  status=MET
[2026-08-15 19:15:04] [DEBUG   ] [sta_top_parser] [parser.py:130]   Parsing: 22_RECOVERY_TT_25C_FREE_LIST_TOP.rpt
[2026-08-15 19:15:04] [DEBUG   ] [sta_top_parser] [parser.py:209]     → design=FREE_LIST_TOP        corner=tt_0p90v_0p90v_25c                  check=setup  wns=+1.120  status=MET
[2026-08-15 19:15:04] [DEBUG   ] [sta_top_parser] [parser.py:130]   Parsing: 23_MULTICYCLE_SS_125C_FREE_LIST_TOP.rpt
[2026-08-15 19:15:04] [DEBUG   ] [sta_top_parser] [parser.py:209]     → design=FREE_LIST_TOP        corner=ss_0p72v_0p72v_125c                 check=setup  wns=+1.101  status=MET
[2026-08-15 19:15:04] [DEBUG   ] [sta_top_parser] [parser.py:130]   Parsing: 24_SETUP_TT_25C_ECO_FREE_LIST_TOP.rpt
[2026-08-15 19:15:04] [DEBUG   ] [sta_top_parser] [parser.py:209]     → design=FREE_LIST_TOP        corner=tt_0p90v_0p90v_25c                  check=setup  wns=+1.144  status=MET
[2026-08-15 19:15:04] [DEBUG   ] [sta_top_parser] [parser.py:130]   Parsing: 25_HOLD_TT_25C_ECO_FREE_LIST_TOP.rpt
[2026-08-15 19:15:04] [DEBUG   ] [sta_top_parser] [parser.py:209]     → design=FREE_LIST_TOP        corner=tt_0p90v_0p90v_25c                  check=hold   wns=+1.094  status=MET
[2026-08-15 19:15:04] [DEBUG   ] [sta_top_parser] [parser.py:130]   Parsing: 26_SETUP_SS_125C_SI_FREE_LIST_TOP.rpt
[2026-08-15 19:15:04] [DEBUG   ] [sta_top_parser] [parser.py:209]     → design=FREE_LIST_TOP        corner=ss_0p72v_0p72v_125c                 check=setup  wns=+1.095  status=MET
[2026-08-15 19:15:04] [DEBUG   ] [sta_top_parser] [parser.py:130]   Parsing: 27_HOLD_FF_N40C_SI_FREE_LIST_TOP.rpt
[2026-08-15 19:15:04] [DEBUG   ] [sta_top_parser] [parser.py:209]     → design=FREE_LIST_TOP        corner=ff_1p16v_1p16v_n40c                 check=hold   wns=+1.092  status=MET
[2026-08-15 19:15:04] [DEBUG   ] [sta_top_parser] [parser.py:130]   Parsing: 28_SETUP_SS_125C_FINAL_FREE_LIST_TOP.rpt
[2026-08-15 19:15:04] [DEBUG   ] [sta_top_parser] [parser.py:209]     → design=FREE_LIST_TOP        corner=ss_0p72v_0p72v_125c                 check=setup  wns=+1.121  status=MET
[2026-08-15 19:15:04] [DEBUG   ] [sta_top_parser] [parser.py:130]   Parsing: 29_HOLD_FF_N40C_FINAL_FREE_LIST_TOP.rpt
[2026-08-15 19:15:04] [DEBUG   ] [sta_top_parser] [parser.py:209]     → design=FREE_LIST_TOP        corner=ff_1p16v_1p16v_n40c                 check=hold   wns=+1.139  status=MET
[2026-08-15 19:15:04] [DEBUG   ] [sta_top_parser] [parser.py:130]   Parsing: 30_SETUP_TT_25C_FINAL_FREE_LIST_TOP.rpt
[2026-08-15 19:15:04] [DEBUG   ] [sta_top_parser] [parser.py:209]     → design=FREE_LIST_TOP        corner=tt_0p90v_0p90v_25c                  check=setup  wns=+1.046  status=MET
[2026-08-15 19:15:04] [DEBUG   ] [sta_top_parser] [parser.py:130]   Parsing: FREE_LIST_TIMING.rpt
[2026-08-15 19:15:04] [DEBUG   ] [sta_top_parser] [parser.py:209]     → design=N/A                  corner=N/A                                 check=N/A    wns=+0.000  status=UNKNOWN
[2026-08-15 19:15:04] [INFO    ] [sta_top_parser] [parser.py:294]   Parsed 31 / 31 report(s) OK
[2026-08-15 19:15:04] [INFO    ] [sta_top_parser] [dump_log.py:246] Dump log    → D:\Certificates\PD_STA_REPORTS\RENAME_DISPATCH\FREE_LIST\FREE_LIST_TOP_dump.log
[2026-08-15 19:15:04] [INFO    ] [sta_top_parser] [json_writer.py:75] JSON dump   → D:\Certificates\PD_STA_REPORTS\RENAME_DISPATCH\FREE_LIST\FREE_LIST_TOP_summary.json
[2026-08-15 19:15:04] [INFO    ] [sta_top_parser] [html_writer.py:361] HTML report → D:\Certificates\PD_STA_REPORTS\RENAME_DISPATCH\FREE_LIST\FREE_LIST_TOP_report.html
[2026-08-15 19:15:04] [INFO    ] [sta_top_parser] [sta_top_parser.py:328] [3/4] Scanning: RENAME_DISPATCH\RAT
[2026-08-15 19:15:04] [INFO    ] [sta_top_parser] [parser.py:284]   Found 31 report file(s) in D:\Certificates\PD_STA_REPORTS\RENAME_DISPATCH\RAT
[2026-08-15 19:15:04] [DEBUG   ] [sta_top_parser] [parser.py:130]   Parsing: 01_SETUP_SS_125C_RAT_TOP.rpt
[2026-08-15 19:15:04] [DEBUG   ] [sta_top_parser] [parser.py:209]     → design=RAT_TOP              corner=ss_0p72v_0p72v_125c                 check=setup  wns=+1.113  status=MET
[2026-08-15 19:15:04] [DEBUG   ] [sta_top_parser] [parser.py:130]   Parsing: 02_HOLD_FF_N40C_RAT_TOP.rpt
[2026-08-15 19:15:04] [DEBUG   ] [sta_top_parser] [parser.py:209]     → design=RAT_TOP              corner=ff_1p16v_1p16v_n40c                 check=hold   wns=+1.192  status=MET
[2026-08-15 19:15:04] [DEBUG   ] [sta_top_parser] [parser.py:130]   Parsing: 03_SETUP_TT_25C_RAT_TOP.rpt
[2026-08-15 19:15:04] [DEBUG   ] [sta_top_parser] [parser.py:209]     → design=RAT_TOP              corner=tt_0p90v_0p90v_25c                  check=setup  wns=+1.105  status=MET
[2026-08-15 19:15:04] [DEBUG   ] [sta_top_parser] [parser.py:130]   Parsing: 04_HOLD_TT_25C_RAT_TOP.rpt
[2026-08-15 19:15:04] [DEBUG   ] [sta_top_parser] [parser.py:209]     → design=RAT_TOP              corner=tt_0p90v_0p90v_25c                  check=hold   wns=+1.134  status=MET
[2026-08-15 19:15:04] [DEBUG   ] [sta_top_parser] [parser.py:130]   Parsing: 05_SETUP_SS_M40C_RAT_TOP.rpt
[2026-08-15 19:15:04] [DEBUG   ] [sta_top_parser] [parser.py:209]     → design=RAT_TOP              corner=ss_0p72v_0p72v_n40c                 check=setup  wns=+1.078  status=MET
[2026-08-15 19:15:04] [DEBUG   ] [sta_top_parser] [parser.py:130]   Parsing: 06_HOLD_FF_125C_RAT_TOP.rpt
[2026-08-15 19:15:04] [DEBUG   ] [sta_top_parser] [parser.py:209]     → design=RAT_TOP              corner=ff_1p16v_1p16v_125c                 check=hold   wns=+1.116  status=MET
[2026-08-15 19:15:04] [DEBUG   ] [sta_top_parser] [parser.py:130]   Parsing: 07_SETUP_LVSS_125C_RAT_TOP.rpt
[2026-08-15 19:15:04] [DEBUG   ] [sta_top_parser] [parser.py:209]     → design=RAT_TOP              corner=ss_0p63v_0p63v_125c                 check=setup  wns=+1.121  status=MET
[2026-08-15 19:15:04] [DEBUG   ] [sta_top_parser] [parser.py:130]   Parsing: 08_CG_CHECK_TT_25C_RAT_TOP.rpt
[2026-08-15 19:15:04] [DEBUG   ] [sta_top_parser] [parser.py:209]     → design=RAT_TOP              corner=tt_0p90v_0p90v_25c                  check=setup  wns=+1.149  status=MET
[2026-08-15 19:15:04] [DEBUG   ] [sta_top_parser] [parser.py:130]   Parsing: 09_RECOVERY_SS_125C_RAT_TOP.rpt
[2026-08-15 19:15:04] [DEBUG   ] [sta_top_parser] [parser.py:209]     → design=RAT_TOP              corner=ss_0p72v_0p72v_125c                 check=setup  wns=+1.086  status=MET
[2026-08-15 19:15:04] [DEBUG   ] [sta_top_parser] [parser.py:130]   Parsing: 10_MULTICYCLE_TT_25C_RAT_TOP.rpt
[2026-08-15 19:15:04] [DEBUG   ] [sta_top_parser] [parser.py:209]     → design=RAT_TOP              corner=tt_0p90v_0p90v_25c                  check=setup  wns=+1.077  status=MET
[2026-08-15 19:15:04] [DEBUG   ] [sta_top_parser] [parser.py:130]   Parsing: 11_SETUP_SS_125C_OCV_RAT_TOP.rpt
[2026-08-15 19:15:04] [DEBUG   ] [sta_top_parser] [parser.py:209]     → design=RAT_TOP              corner=ss_0p72v_0p72v_125c                 check=setup  wns=+1.128  status=MET
[2026-08-15 19:15:04] [DEBUG   ] [sta_top_parser] [parser.py:130]   Parsing: 12_HOLD_FF_N40C_OCV_RAT_TOP.rpt
[2026-08-15 19:15:04] [DEBUG   ] [sta_top_parser] [parser.py:209]     → design=RAT_TOP              corner=ff_1p16v_1p16v_n40c                 check=hold   wns=+1.118  status=MET
[2026-08-15 19:15:04] [DEBUG   ] [sta_top_parser] [parser.py:130]   Parsing: 13_SETUP_SS_125C_POCV_RAT_TOP.rpt
[2026-08-15 19:15:04] [DEBUG   ] [sta_top_parser] [parser.py:209]     → design=RAT_TOP              corner=ss_0p72v_0p72v_125c                 check=setup  wns=+1.092  status=MET
[2026-08-15 19:15:04] [DEBUG   ] [sta_top_parser] [parser.py:130]   Parsing: 14_HOLD_FF_N40C_POCV_RAT_TOP.rpt
[2026-08-15 19:15:04] [DEBUG   ] [sta_top_parser] [parser.py:209]     → design=RAT_TOP              corner=ff_1p16v_1p16v_n40c                 check=hold   wns=+1.037  status=MET
[2026-08-15 19:15:04] [DEBUG   ] [sta_top_parser] [parser.py:130]   Parsing: 15_SETUP_TT_85C_RAT_TOP.rpt
[2026-08-15 19:15:04] [DEBUG   ] [sta_top_parser] [parser.py:209]     → design=RAT_TOP              corner=tt_0p90v_0p90v_85c                  check=setup  wns=+1.120  status=MET
[2026-08-15 19:15:04] [DEBUG   ] [sta_top_parser] [parser.py:130]   Parsing: 16_HOLD_TT_85C_RAT_TOP.rpt
[2026-08-15 19:15:04] [DEBUG   ] [sta_top_parser] [parser.py:209]     → design=RAT_TOP              corner=tt_0p90v_0p90v_85c                  check=hold   wns=+1.081  status=MET
[2026-08-15 19:15:04] [DEBUG   ] [sta_top_parser] [parser.py:130]   Parsing: 17_SETUP_FF_125C_RAT_TOP.rpt
[2026-08-15 19:15:04] [DEBUG   ] [sta_top_parser] [parser.py:209]     → design=RAT_TOP              corner=ff_1p16v_1p16v_125c                 check=setup  wns=+1.067  status=MET
[2026-08-15 19:15:04] [DEBUG   ] [sta_top_parser] [parser.py:130]   Parsing: 18_HOLD_SS_125C_RAT_TOP.rpt
[2026-08-15 19:15:04] [DEBUG   ] [sta_top_parser] [parser.py:209]     → design=RAT_TOP              corner=ss_0p72v_0p72v_125c                 check=hold   wns=+1.058  status=MET
[2026-08-15 19:15:04] [DEBUG   ] [sta_top_parser] [parser.py:130]   Parsing: 19_SETUP_LVSS_N40C_RAT_TOP.rpt
[2026-08-15 19:15:04] [DEBUG   ] [sta_top_parser] [parser.py:209]     → design=RAT_TOP              corner=ss_0p63v_0p63v_n40c                 check=setup  wns=+1.045  status=MET
[2026-08-15 19:15:04] [DEBUG   ] [sta_top_parser] [parser.py:130]   Parsing: 20_HOLD_LVFF_N40C_RAT_TOP.rpt
[2026-08-15 19:15:04] [DEBUG   ] [sta_top_parser] [parser.py:209]     → design=RAT_TOP              corner=ff_1p32v_1p32v_n40c                 check=hold   wns=+1.062  status=MET
[2026-08-15 19:15:04] [DEBUG   ] [sta_top_parser] [parser.py:130]   Parsing: 21_CG_CHECK_SS_125C_RAT_TOP.rpt
[2026-08-15 19:15:04] [DEBUG   ] [sta_top_parser] [parser.py:209]     → design=RAT_TOP              corner=ss_0p72v_0p72v_125c                 check=setup  wns=+1.087  status=MET
[2026-08-15 19:15:04] [DEBUG   ] [sta_top_parser] [parser.py:130]   Parsing: 22_RECOVERY_TT_25C_RAT_TOP.rpt
[2026-08-15 19:15:04] [DEBUG   ] [sta_top_parser] [parser.py:209]     → design=RAT_TOP              corner=tt_0p90v_0p90v_25c                  check=setup  wns=+1.089  status=MET
[2026-08-15 19:15:04] [DEBUG   ] [sta_top_parser] [parser.py:130]   Parsing: 23_MULTICYCLE_SS_125C_RAT_TOP.rpt
[2026-08-15 19:15:04] [DEBUG   ] [sta_top_parser] [parser.py:209]     → design=RAT_TOP              corner=ss_0p72v_0p72v_125c                 check=setup  wns=+1.094  status=MET
[2026-08-15 19:15:04] [DEBUG   ] [sta_top_parser] [parser.py:130]   Parsing: 24_SETUP_TT_25C_ECO_RAT_TOP.rpt
[2026-08-15 19:15:04] [DEBUG   ] [sta_top_parser] [parser.py:209]     → design=RAT_TOP              corner=tt_0p90v_0p90v_25c                  check=setup  wns=+1.059  status=MET
[2026-08-15 19:15:04] [DEBUG   ] [sta_top_parser] [parser.py:130]   Parsing: 25_HOLD_TT_25C_ECO_RAT_TOP.rpt
[2026-08-15 19:15:04] [DEBUG   ] [sta_top_parser] [parser.py:209]     → design=RAT_TOP              corner=tt_0p90v_0p90v_25c                  check=hold   wns=+1.087  status=MET
[2026-08-15 19:15:04] [DEBUG   ] [sta_top_parser] [parser.py:130]   Parsing: 26_SETUP_SS_125C_SI_RAT_TOP.rpt
[2026-08-15 19:15:04] [DEBUG   ] [sta_top_parser] [parser.py:209]     → design=RAT_TOP              corner=ss_0p72v_0p72v_125c                 check=setup  wns=+1.114  status=MET
[2026-08-15 19:15:04] [DEBUG   ] [sta_top_parser] [parser.py:130]   Parsing: 27_HOLD_FF_N40C_SI_RAT_TOP.rpt
[2026-08-15 19:15:04] [DEBUG   ] [sta_top_parser] [parser.py:209]     → design=RAT_TOP              corner=ff_1p16v_1p16v_n40c                 check=hold   wns=+1.065  status=MET
[2026-08-15 19:15:04] [DEBUG   ] [sta_top_parser] [parser.py:130]   Parsing: 28_SETUP_SS_125C_FINAL_RAT_TOP.rpt
[2026-08-15 19:15:04] [DEBUG   ] [sta_top_parser] [parser.py:209]     → design=RAT_TOP              corner=ss_0p72v_0p72v_125c                 check=setup  wns=+1.100  status=MET
[2026-08-15 19:15:04] [DEBUG   ] [sta_top_parser] [parser.py:130]   Parsing: 29_HOLD_FF_N40C_FINAL_RAT_TOP.rpt
[2026-08-15 19:15:04] [DEBUG   ] [sta_top_parser] [parser.py:209]     → design=RAT_TOP              corner=ff_1p16v_1p16v_n40c                 check=hold   wns=+1.098  status=MET
[2026-08-15 19:15:04] [DEBUG   ] [sta_top_parser] [parser.py:130]   Parsing: 30_SETUP_TT_25C_FINAL_RAT_TOP.rpt
[2026-08-15 19:15:04] [DEBUG   ] [sta_top_parser] [parser.py:209]     → design=RAT_TOP              corner=tt_0p90v_0p90v_25c                  check=setup  wns=+1.123  status=MET
[2026-08-15 19:15:04] [DEBUG   ] [sta_top_parser] [parser.py:130]   Parsing: RAT_TIMING.rpt
[2026-08-15 19:15:04] [DEBUG   ] [sta_top_parser] [parser.py:209]     → design=N/A                  corner=N/A                                 check=N/A    wns=+0.000  status=UNKNOWN
[2026-08-15 19:15:04] [INFO    ] [sta_top_parser] [parser.py:294]   Parsed 31 / 31 report(s) OK
[2026-08-15 19:15:04] [INFO    ] [sta_top_parser] [dump_log.py:246] Dump log    → D:\Certificates\PD_STA_REPORTS\RENAME_DISPATCH\RAT\RAT_TOP_dump.log
[2026-08-15 19:15:04] [INFO    ] [sta_top_parser] [json_writer.py:75] JSON dump   → D:\Certificates\PD_STA_REPORTS\RENAME_DISPATCH\RAT\RAT_TOP_summary.json
[2026-08-15 19:15:04] [INFO    ] [sta_top_parser] [html_writer.py:361] HTML report → D:\Certificates\PD_STA_REPORTS\RENAME_DISPATCH\RAT\RAT_TOP_report.html
[2026-08-15 19:15:04] [INFO    ] [sta_top_parser] [sta_top_parser.py:328] [4/4] Scanning: RENAME_DISPATCH\ROB
[2026-08-15 19:15:04] [INFO    ] [sta_top_parser] [parser.py:284]   Found 31 report file(s) in D:\Certificates\PD_STA_REPORTS\RENAME_DISPATCH\ROB
[2026-08-15 19:15:04] [DEBUG   ] [sta_top_parser] [parser.py:130]   Parsing: 01_SETUP_SS_125C_ROB_TOP.rpt
[2026-08-15 19:15:04] [DEBUG   ] [sta_top_parser] [parser.py:209]     → design=ROB_TOP              corner=ss_0p72v_0p72v_125c                 check=setup  wns=+1.115  status=MET
[2026-08-15 19:15:04] [DEBUG   ] [sta_top_parser] [parser.py:130]   Parsing: 02_HOLD_FF_N40C_ROB_TOP.rpt
[2026-08-15 19:15:04] [DEBUG   ] [sta_top_parser] [parser.py:209]     → design=ROB_TOP              corner=ff_1p16v_1p16v_n40c                 check=hold   wns=+1.084  status=MET
[2026-08-15 19:15:04] [DEBUG   ] [sta_top_parser] [parser.py:130]   Parsing: 03_SETUP_TT_25C_ROB_TOP.rpt
[2026-08-15 19:15:04] [DEBUG   ] [sta_top_parser] [parser.py:209]     → design=ROB_TOP              corner=tt_0p90v_0p90v_25c                  check=setup  wns=+1.140  status=MET
[2026-08-15 19:15:04] [DEBUG   ] [sta_top_parser] [parser.py:130]   Parsing: 04_HOLD_TT_25C_ROB_TOP.rpt
[2026-08-15 19:15:04] [DEBUG   ] [sta_top_parser] [parser.py:209]     → design=ROB_TOP              corner=tt_0p90v_0p90v_25c                  check=hold   wns=+1.038  status=MET
[2026-08-15 19:15:04] [DEBUG   ] [sta_top_parser] [parser.py:130]   Parsing: 05_SETUP_SS_M40C_ROB_TOP.rpt
[2026-08-15 19:15:04] [DEBUG   ] [sta_top_parser] [parser.py:209]     → design=ROB_TOP              corner=ss_0p72v_0p72v_n40c                 check=setup  wns=+1.097  status=MET
[2026-08-15 19:15:04] [DEBUG   ] [sta_top_parser] [parser.py:130]   Parsing: 06_HOLD_FF_125C_ROB_TOP.rpt
[2026-08-15 19:15:04] [DEBUG   ] [sta_top_parser] [parser.py:209]     → design=ROB_TOP              corner=ff_1p16v_1p16v_125c                 check=hold   wns=+1.087  status=MET
[2026-08-15 19:15:04] [DEBUG   ] [sta_top_parser] [parser.py:130]   Parsing: 07_SETUP_LVSS_125C_ROB_TOP.rpt
[2026-08-15 19:15:04] [DEBUG   ] [sta_top_parser] [parser.py:209]     → design=ROB_TOP              corner=ss_0p63v_0p63v_125c                 check=setup  wns=+1.095  status=MET
[2026-08-15 19:15:04] [DEBUG   ] [sta_top_parser] [parser.py:130]   Parsing: 08_CG_CHECK_TT_25C_ROB_TOP.rpt
[2026-08-15 19:15:04] [DEBUG   ] [sta_top_parser] [parser.py:209]     → design=ROB_TOP              corner=tt_0p90v_0p90v_25c                  check=setup  wns=+1.124  status=MET
[2026-08-15 19:15:04] [DEBUG   ] [sta_top_parser] [parser.py:130]   Parsing: 09_RECOVERY_SS_125C_ROB_TOP.rpt
[2026-08-15 19:15:04] [DEBUG   ] [sta_top_parser] [parser.py:209]     → design=ROB_TOP              corner=ss_0p72v_0p72v_125c                 check=setup  wns=+1.118  status=MET
[2026-08-15 19:15:04] [DEBUG   ] [sta_top_parser] [parser.py:130]   Parsing: 10_MULTICYCLE_TT_25C_ROB_TOP.rpt
[2026-08-15 19:15:04] [DEBUG   ] [sta_top_parser] [parser.py:209]     → design=ROB_TOP              corner=tt_0p90v_0p90v_25c                  check=setup  wns=+1.061  status=MET
[2026-08-15 19:15:04] [DEBUG   ] [sta_top_parser] [parser.py:130]   Parsing: 11_SETUP_SS_125C_OCV_ROB_TOP.rpt
[2026-08-15 19:15:04] [DEBUG   ] [sta_top_parser] [parser.py:209]     → design=ROB_TOP              corner=ss_0p72v_0p72v_125c                 check=setup  wns=+1.091  status=MET
[2026-08-15 19:15:04] [DEBUG   ] [sta_top_parser] [parser.py:130]   Parsing: 12_HOLD_FF_N40C_OCV_ROB_TOP.rpt
[2026-08-15 19:15:04] [DEBUG   ] [sta_top_parser] [parser.py:209]     → design=ROB_TOP              corner=ff_1p16v_1p16v_n40c                 check=hold   wns=+1.106  status=MET
[2026-08-15 19:15:04] [DEBUG   ] [sta_top_parser] [parser.py:130]   Parsing: 13_SETUP_SS_125C_POCV_ROB_TOP.rpt
[2026-08-15 19:15:04] [DEBUG   ] [sta_top_parser] [parser.py:209]     → design=ROB_TOP              corner=ss_0p72v_0p72v_125c                 check=setup  wns=+1.061  status=MET
[2026-08-15 19:15:04] [DEBUG   ] [sta_top_parser] [parser.py:130]   Parsing: 14_HOLD_FF_N40C_POCV_ROB_TOP.rpt
[2026-08-15 19:15:04] [DEBUG   ] [sta_top_parser] [parser.py:209]     → design=ROB_TOP              corner=ff_1p16v_1p16v_n40c                 check=hold   wns=+1.105  status=MET
[2026-08-15 19:15:04] [DEBUG   ] [sta_top_parser] [parser.py:130]   Parsing: 15_SETUP_TT_85C_ROB_TOP.rpt
[2026-08-15 19:15:04] [DEBUG   ] [sta_top_parser] [parser.py:209]     → design=ROB_TOP              corner=tt_0p90v_0p90v_85c                  check=setup  wns=+1.101  status=MET
[2026-08-15 19:15:04] [DEBUG   ] [sta_top_parser] [parser.py:130]   Parsing: 16_HOLD_TT_85C_ROB_TOP.rpt
[2026-08-15 19:15:04] [DEBUG   ] [sta_top_parser] [parser.py:209]     → design=ROB_TOP              corner=tt_0p90v_0p90v_85c                  check=hold   wns=+1.139  status=MET
[2026-08-15 19:15:04] [DEBUG   ] [sta_top_parser] [parser.py:130]   Parsing: 17_SETUP_FF_125C_ROB_TOP.rpt
[2026-08-15 19:15:04] [DEBUG   ] [sta_top_parser] [parser.py:209]     → design=ROB_TOP              corner=ff_1p16v_1p16v_125c                 check=setup  wns=+1.094  status=MET
[2026-08-15 19:15:04] [DEBUG   ] [sta_top_parser] [parser.py:130]   Parsing: 18_HOLD_SS_125C_ROB_TOP.rpt
[2026-08-15 19:15:04] [DEBUG   ] [sta_top_parser] [parser.py:209]     → design=ROB_TOP              corner=ss_0p72v_0p72v_125c                 check=hold   wns=+1.027  status=MET
[2026-08-15 19:15:04] [DEBUG   ] [sta_top_parser] [parser.py:130]   Parsing: 19_SETUP_LVSS_N40C_ROB_TOP.rpt
[2026-08-15 19:15:04] [DEBUG   ] [sta_top_parser] [parser.py:209]     → design=ROB_TOP              corner=ss_0p63v_0p63v_n40c                 check=setup  wns=+1.156  status=MET
[2026-08-15 19:15:04] [DEBUG   ] [sta_top_parser] [parser.py:130]   Parsing: 20_HOLD_LVFF_N40C_ROB_TOP.rpt
[2026-08-15 19:15:04] [DEBUG   ] [sta_top_parser] [parser.py:209]     → design=ROB_TOP              corner=ff_1p32v_1p32v_n40c                 check=hold   wns=+1.095  status=MET
[2026-08-15 19:15:04] [DEBUG   ] [sta_top_parser] [parser.py:130]   Parsing: 21_CG_CHECK_SS_125C_ROB_TOP.rpt
[2026-08-15 19:15:04] [DEBUG   ] [sta_top_parser] [parser.py:209]     → design=ROB_TOP              corner=ss_0p72v_0p72v_125c                 check=setup  wns=+1.066  status=MET
[2026-08-15 19:15:04] [DEBUG   ] [sta_top_parser] [parser.py:130]   Parsing: 22_RECOVERY_TT_25C_ROB_TOP.rpt
[2026-08-15 19:15:04] [DEBUG   ] [sta_top_parser] [parser.py:209]     → design=ROB_TOP              corner=tt_0p90v_0p90v_25c                  check=setup  wns=+1.065  status=MET
[2026-08-15 19:15:04] [DEBUG   ] [sta_top_parser] [parser.py:130]   Parsing: 23_MULTICYCLE_SS_125C_ROB_TOP.rpt
[2026-08-15 19:15:04] [DEBUG   ] [sta_top_parser] [parser.py:209]     → design=ROB_TOP              corner=ss_0p72v_0p72v_125c                 check=setup  wns=+1.199  status=MET
[2026-08-15 19:15:04] [DEBUG   ] [sta_top_parser] [parser.py:130]   Parsing: 24_SETUP_TT_25C_ECO_ROB_TOP.rpt
[2026-08-15 19:15:04] [DEBUG   ] [sta_top_parser] [parser.py:209]     → design=ROB_TOP              corner=tt_0p90v_0p90v_25c                  check=setup  wns=+1.146  status=MET
[2026-08-15 19:15:04] [DEBUG   ] [sta_top_parser] [parser.py:130]   Parsing: 25_HOLD_TT_25C_ECO_ROB_TOP.rpt
[2026-08-15 19:15:04] [DEBUG   ] [sta_top_parser] [parser.py:209]     → design=ROB_TOP              corner=tt_0p90v_0p90v_25c                  check=hold   wns=+1.094  status=MET
[2026-08-15 19:15:04] [DEBUG   ] [sta_top_parser] [parser.py:130]   Parsing: 26_SETUP_SS_125C_SI_ROB_TOP.rpt
[2026-08-15 19:15:04] [DEBUG   ] [sta_top_parser] [parser.py:209]     → design=ROB_TOP              corner=ss_0p72v_0p72v_125c                 check=setup  wns=+1.055  status=MET
[2026-08-15 19:15:04] [DEBUG   ] [sta_top_parser] [parser.py:130]   Parsing: 27_HOLD_FF_N40C_SI_ROB_TOP.rpt
[2026-08-15 19:15:04] [DEBUG   ] [sta_top_parser] [parser.py:209]     → design=ROB_TOP              corner=ff_1p16v_1p16v_n40c                 check=hold   wns=+1.087  status=MET
[2026-08-15 19:15:04] [DEBUG   ] [sta_top_parser] [parser.py:130]   Parsing: 28_SETUP_SS_125C_FINAL_ROB_TOP.rpt
[2026-08-15 19:15:04] [DEBUG   ] [sta_top_parser] [parser.py:209]     → design=ROB_TOP              corner=ss_0p72v_0p72v_125c                 check=setup  wns=+1.058  status=MET
[2026-08-15 19:15:04] [DEBUG   ] [sta_top_parser] [parser.py:130]   Parsing: 29_HOLD_FF_N40C_FINAL_ROB_TOP.rpt
[2026-08-15 19:15:04] [DEBUG   ] [sta_top_parser] [parser.py:209]     → design=ROB_TOP              corner=ff_1p16v_1p16v_n40c                 check=hold   wns=+1.075  status=MET
[2026-08-15 19:15:04] [DEBUG   ] [sta_top_parser] [parser.py:130]   Parsing: 30_SETUP_TT_25C_FINAL_ROB_TOP.rpt
[2026-08-15 19:15:04] [DEBUG   ] [sta_top_parser] [parser.py:209]     → design=ROB_TOP              corner=tt_0p90v_0p90v_25c                  check=setup  wns=+1.129  status=MET
[2026-08-15 19:15:04] [DEBUG   ] [sta_top_parser] [parser.py:130]   Parsing: ROB_TIMING.rpt
[2026-08-15 19:15:04] [DEBUG   ] [sta_top_parser] [parser.py:209]     → design=N/A                  corner=N/A                                 check=N/A    wns=+0.000  status=UNKNOWN
[2026-08-15 19:15:04] [INFO    ] [sta_top_parser] [parser.py:294]   Parsed 31 / 31 report(s) OK
[2026-08-15 19:15:04] [INFO    ] [sta_top_parser] [dump_log.py:246] Dump log    → D:\Certificates\PD_STA_REPORTS\RENAME_DISPATCH\ROB\ROB_TOP_dump.log
[2026-08-15 19:15:04] [INFO    ] [sta_top_parser] [json_writer.py:75] JSON dump   → D:\Certificates\PD_STA_REPORTS\RENAME_DISPATCH\ROB\ROB_TOP_summary.json
[2026-08-15 19:15:04] [INFO    ] [sta_top_parser] [html_writer.py:361] HTML report → D:\Certificates\PD_STA_REPORTS\RENAME_DISPATCH\ROB\ROB_TOP_report.html
[2026-08-15 19:15:04] [INFO    ] [sta_top_parser] [sta_top_parser.py:353] ────────────────────────────────────────────────────────────
[2026-08-15 19:15:04] [INFO    ] [sta_top_parser] [sta_top_parser.py:354] Aggregating 4 block(s) …
[2026-08-15 19:15:04] [INFO    ] [sta_top_parser] [sta_top_parser.py:239] ────────────────────────────────────────────────────────────────────────────────
[2026-08-15 19:15:04] [INFO    ] [sta_top_parser] [sta_top_parser.py:240]   STA TOP-LEVEL SUMMARY  —  PD_STA_REPORTS
[2026-08-15 19:15:04] [INFO    ] [sta_top_parser] [sta_top_parser.py:241]   Root       : D:\Certificates\PD_STA_REPORTS
[2026-08-15 19:15:04] [INFO    ] [sta_top_parser] [sta_top_parser.py:242]   Parsed at  : 2026-08-15T19:15:04
[2026-08-15 19:15:04] [INFO    ] [sta_top_parser] [sta_top_parser.py:243]   Blocks: 4   Reports: 124
[2026-08-15 19:15:04] [INFO    ] [sta_top_parser] [sta_top_parser.py:244] ────────────────────────────────────────────────────────────────────────────────
[2026-08-15 19:15:04] [INFO    ] [sta_top_parser] [sta_top_parser.py:245]   STATUS      WORST WNS  WORST TNS  WORST WHS  VIOLATIONS
[2026-08-15 19:15:04] [INFO    ] [sta_top_parser] [sta_top_parser.py:247]   MET            +0.000     +0.000     +0.000  0
[2026-08-15 19:15:04] [INFO    ] [sta_top_parser] [sta_top_parser.py:251] ────────────────────────────────────────────────────────────────────────────────
[2026-08-15 19:15:04] [INFO    ] [sta_top_parser] [sta_top_parser.py:252]   BY PIPELINE STAGE
[2026-08-15 19:15:04] [INFO    ] [sta_top_parser] [sta_top_parser.py:253]   STAGE                      BLKS   WNS(ns)   TNS(ns)   WHS(ns)  STATUS
[2026-08-15 19:15:04] [INFO    ] [sta_top_parser] [sta_top_parser.py:255]   ──────────────────────────────────────────────────────────────────────
[2026-08-15 19:15:04] [INFO    ] [sta_top_parser] [sta_top_parser.py:257]   RENAME_DISPATCH               4    +0.000    +0.000    +0.000  MET
[2026-08-15 19:15:04] [INFO    ] [sta_top_parser] [sta_top_parser.py:260] ────────────────────────────────────────────────────────────────────────────────
[2026-08-15 19:15:04] [INFO    ] [sta_top_parser] [sta_top_parser.py:261]   BY CORNER
[2026-08-15 19:15:04] [INFO    ] [sta_top_parser] [sta_top_parser.py:262]   CORNER                                         WNS(ns)   TNS(ns)   WHS(ns)  STATUS
[2026-08-15 19:15:04] [INFO    ] [sta_top_parser] [sta_top_parser.py:264]   ────────────────────────────────────────────────────────────────────────────
[2026-08-15 19:15:04] [INFO    ] [sta_top_parser] [sta_top_parser.py:266]   N/A                                             +0.000    +0.000    +0.000  MET
[2026-08-15 19:15:04] [INFO    ] [sta_top_parser] [sta_top_parser.py:266]   ff_1p16v_1p16v_125c                             +1.067    +0.000    +0.000  MET
[2026-08-15 19:15:04] [INFO    ] [sta_top_parser] [sta_top_parser.py:266]   ff_1p16v_1p16v_n40c                             +1.037    +0.000    +0.000  MET
[2026-08-15 19:15:04] [INFO    ] [sta_top_parser] [sta_top_parser.py:266]   ff_1p32v_1p32v_n40c                             +1.062    +0.000    +0.000  MET
[2026-08-15 19:15:04] [INFO    ] [sta_top_parser] [sta_top_parser.py:266]   ss_0p63v_0p63v_125c                             +1.056    +0.000    +0.073  MET
[2026-08-15 19:15:04] [INFO    ] [sta_top_parser] [sta_top_parser.py:266]   ss_0p63v_0p63v_n40c                             +1.045    +0.000    +0.000  MET
[2026-08-15 19:15:04] [INFO    ] [sta_top_parser] [sta_top_parser.py:266]   ss_0p72v_0p72v_125c                             +1.027    +0.000    +0.000  MET
[2026-08-15 19:15:04] [INFO    ] [sta_top_parser] [sta_top_parser.py:266]   ss_0p72v_0p72v_n40c                             +1.078    +0.000    +0.071  MET
[2026-08-15 19:15:04] [INFO    ] [sta_top_parser] [sta_top_parser.py:266]   tt_0p90v_0p90v_25c                              +1.036    +0.000    +0.000  MET
[2026-08-15 19:15:04] [INFO    ] [sta_top_parser] [sta_top_parser.py:266]   tt_0p90v_0p90v_85c                              +1.068    +0.000    +0.000  MET
[2026-08-15 19:15:04] [INFO    ] [sta_top_parser] [sta_top_parser.py:268] ────────────────────────────────────────────────────────────────────────────────
[2026-08-15 19:15:04] [INFO    ] [sta_top_parser] [dump_log.py:246] Dump log    → D:\Certificates\PD_STA_REPORTS\RESULTS\RENAME_DISPATCH\RENAME_DISPATCH_STA_dump.log
[2026-08-15 19:15:04] [INFO    ] [sta_top_parser] [json_writer.py:75] JSON dump   → D:\Certificates\PD_STA_REPORTS\RESULTS\RENAME_DISPATCH\RENAME_DISPATCH_STA_summary.json
[2026-08-15 19:15:04] [INFO    ] [sta_top_parser] [html_writer.py:453] HTML report → D:\Certificates\PD_STA_REPORTS\RESULTS\RENAME_DISPATCH\RENAME_DISPATCH_STA_report.html
[2026-08-15 19:15:04] [INFO    ] [sta_top_parser] [sta_top_parser.py:392] Run log     → D:\Certificates\PD_STA_REPORTS\RESULTS\RENAME_DISPATCH\RENAME_DISPATCH_STA_run_20260815_191504.log
[2026-08-15 19:15:04] [INFO    ] [sta_top_parser] [sta_top_parser.py:393] Done.  4 blocks  |  124 reports  |  status: MET
