****************************************
Report : timing
        -path_type full
        -delay_type min
        -max_paths 10
        -sort_by slack
Design : L1D_TOP
Version: PrimeTime 2023.06-SP3
Date   : Sat Aug 15 17:34:54 2026
Corner : ff_1p16v_1p16v_n40c
Note   : Worst-case Hold  — Fast corner, cold temp
****************************************

Operating Conditions : ff_1p16v_1p16v_n40c (Library: saed32nm_rvt)
Wire Load Model Mode : Interconnect (StarRC Extracted)

  Startpoint : u_l1d_tag/din_reg[0]
               (rising edge-triggered flip-flop clocked by CLK_CORE)
  Endpoint   : u_l1d_lru/dout_reg[0]
               (rising edge-triggered flip-flop clocked by CLK_CORE)
  Path Group : CLK_CORE
  Path Type  : min

  Point                                                   Incr        Path
  -------------------------------------------------------------------------
  clock CLK_CORE (rise edge)                                  0.000       0.000
  clock network delay (propagated)                        0.146      0.146
  u_l1d_tag/din_reg[0]/CK (DFFARX1_RVT)                        0.000       0.146 r
  u_l1d_tag/din_reg[0]/Q  (DFFARX1_RVT)                        0.138       0.284 r
  u_l1d_tag/U12/Y (INVX2_RVT)                                  0.032       0.316 f
  u_l1d_tag/U34/Y (NAND2X1_RVT)                                0.077       0.393 r
  u_l1d_data/U07/Y (AOI22X1_RVT)                                0.087       0.48 f
  u_l1d_data/U19/Y (OAI21X1_RVT)                                0.089       0.569 r
  u_l1d_ctrl/U03/Y (MUX21X1_RVT)                                0.085       0.654 r
  u_l1d_ctrl/U11/Y (AND2X1_RVT)                                 0.074       0.728 f
  u_l1d_ctrl/U22/Y (NOR2X1_RVT)                                 0.067       0.795 r
  u_l1d_lru/U05/Y (BUFX4_RVT)                                  0.06       0.855 r
  u_l1d_lru/dout_reg[0]/D (DFFARX1_RVT)                        0.058      0.913 f
  data arrival time                                                    0.913

  clock CLK_CORE (rise edge)                                  2     2
  clock network delay (propagated)                        0.146      2.146
  clock uncertainty                                      -0.05   2.096
  u_l1d_lru/dout_reg[0]/CK (DFFARX1_RVT)                       0.000       2.096 r
  library setup time                                     -0.067   2.029
  data required time                                                   2.029
  -------------------------------------------------------------------------
  data required time                                                   2.029
  data arrival time                                                   -0.913
  -------------------------------------------------------------------------
  slack (MET)   1.116


=========================================================================
                   L1D_TOP — TIMING SUMMARY
=========================================================================

  Block        : L1D_TOP
  Corner       : ff_1p16v_1p16v_n40c
  Check        : min  (Worst-case Hold  — Fast corner, cold temp)
  Clock        : CLK_CORE  Period = 2 ns  (500 MHz)
  Technology   : SAED 32nm RVT

  ┌────────────────────────────────────────────────────────────────┐
  │ Sub-Unit      WNS (ns)  TNS (ns)  #Viol   WHS (ns)  #HViol  │
  ├────────────────────────────────────────────────────────────────┤
  │ u_l1d_tag          1.116       0        0      0.065        0     │
  │ u_l1d_data          0.068       0        0      0.107        0     │
  │ u_l1d_ctrl          0.119       0        0      0.127        0     │
  │ u_l1d_lru          0.123       0        0      0.072        0     │
  ├────────────────────────────────────────────────────────────────┤
  │ L1D_TOP  1.116       0        0      0.065        0     │
  └────────────────────────────────────────────────────────────────┘

  Status : ALL PATHS CLEAN — No Setup or Hold Violations


=========================================================================
                   TIMING EXCEPTIONS APPLIED
=========================================================================

  set_false_path -from [get_ports SCAN_EN]      -to [all_registers]
  set_false_path -from [get_ports TEST_MODE]     -to [all_registers]
  set_multicycle_path 2 -setup -from [get_cells u_l1d_tag/*] -to [get_cells u_l1d_lru/*]
  set_multicycle_path 1 -hold  -from [get_cells u_l1d_tag/*] -to [get_cells u_l1d_lru/*]
  set_input_delay  0.400 -clock CLK_CORE -max [all_inputs]
  set_output_delay 0.350 -clock CLK_CORE -max [all_outputs]


=========================================================================
                   CLOCK DOMAIN SUMMARY
=========================================================================

  Clock    : CLK_CORE
  Period   : 2 ns
  Waveform : {0.000 1}
  Skew     : 0.018 ns  (max across L1D_TOP)
  Latency  : 0.146 ns  (max)


=========================================================================
                   CONSTRAINT COVERAGE
=========================================================================

  Total register endpoints   : 4379
  Constrained endpoints      : 3443
  Unconstrained endpoints    :      0
  Coverage                   :  100.0%


=========================================================================
                   TOOL / RUN INFORMATION
=========================================================================

  Tool         : Synopsys PrimeTime 2023.06-SP3
  Run Host     : sta-server-01
  Run Dir      : /proj/cpu_rtl/sta/CACHE/L1D/run_ff_1p16v_1p16v_n40c
  SDC File     : /proj/cpu_rtl/constraints/L1D_TOP.sdc
  Netlist      : /proj/cpu_rtl/netlist/L1D_TOP.v.gz
  SPEF File    : /proj/cpu_rtl/spef/L1D_TOP.spef.gz
  Liberty      : saed32nm_rvt_ff_1p16v_1p16v_n40c.db
  Elapsed Time : 00:08:39
  Peak Memory  : 4.752 GB

=========================================================================
End of Report
=========================================================================
