****************************************
Report : timing
        -path_type full
        -delay_type min
        -max_paths 10
        -sort_by slack
Design : L1D_TOP
Version: PrimeTime 2023.06-SP3
Date   : Sat Aug 15 17:34:54 2026
Corner : tt_0p90v_0p90v_25c
Note   : Typical Hold    — Nominal corner
****************************************

Operating Conditions : tt_0p90v_0p90v_25c (Library: saed32nm_rvt)
Wire Load Model Mode : Interconnect (StarRC Extracted)

  Startpoint : u_l1d_tag/din_reg[0]
               (rising edge-triggered flip-flop clocked by CLK_CORE)
  Endpoint   : u_l1d_lru/dout_reg[0]
               (rising edge-triggered flip-flop clocked by CLK_CORE)
  Path Group : CLK_CORE
  Path Type  : min

  Point                                                   Incr        Path
  -------------------------------------------------------------------------
  clock CLK_CORE (rise edge)                                  0.000       0.000
  clock network delay (propagated)                        0.149      0.149
  u_l1d_tag/din_reg[0]/CK (DFFARX1_RVT)                        0.000       0.149 r
  u_l1d_tag/din_reg[0]/Q  (DFFARX1_RVT)                        0.123       0.272 r
  u_l1d_tag/U12/Y (INVX2_RVT)                                  0.064       0.336 f
  u_l1d_tag/U34/Y (NAND2X1_RVT)                                0.066       0.402 r
  u_l1d_data/U07/Y (AOI22X1_RVT)                                0.076       0.478 f
  u_l1d_data/U19/Y (OAI21X1_RVT)                                0.115       0.593 r
  u_l1d_ctrl/U03/Y (MUX21X1_RVT)                                0.089       0.682 r
  u_l1d_ctrl/U11/Y (AND2X1_RVT)                                 0.085       0.767 f
  u_l1d_ctrl/U22/Y (NOR2X1_RVT)                                 0.066       0.833 r
  u_l1d_lru/U05/Y (BUFX4_RVT)                                  0.08       0.913 r
  u_l1d_lru/dout_reg[0]/D (DFFARX1_RVT)                        0.077      0.99 f
  data arrival time                                                    0.99

  clock CLK_CORE (rise edge)                                  2     2
  clock network delay (propagated)                        0.149      2.149
  clock uncertainty                                      -0.05   2.099
  u_l1d_lru/dout_reg[0]/CK (DFFARX1_RVT)                       0.000       2.099 r
  library setup time                                     -0.069   2.03
  data required time                                                   2.03
  -------------------------------------------------------------------------
  data required time                                                   2.03
  data arrival time                                                   -0.99
  -------------------------------------------------------------------------
  slack (MET)   1.04


=========================================================================
                   L1D_TOP — TIMING SUMMARY
=========================================================================

  Block        : L1D_TOP
  Corner       : tt_0p90v_0p90v_25c
  Check        : min  (Typical Hold    — Nominal corner)
  Clock        : CLK_CORE  Period = 2 ns  (500 MHz)
  Technology   : SAED 32nm RVT

  ┌────────────────────────────────────────────────────────────────┐
  │ Sub-Unit      WNS (ns)  TNS (ns)  #Viol   WHS (ns)  #HViol  │
  ├────────────────────────────────────────────────────────────────┤
  │ u_l1d_tag          1.04       0        0      0.094        0     │
  │ u_l1d_data          0.076       0        0      0.119        0     │
  │ u_l1d_ctrl          0.085       0        0      0.087        0     │
  │ u_l1d_lru          0.08       0        0      0.109        0     │
  ├────────────────────────────────────────────────────────────────┤
  │ L1D_TOP  1.04       0        0      0.094        0     │
  └────────────────────────────────────────────────────────────────┘

  Status : ALL PATHS CLEAN — No Setup or Hold Violations


=========================================================================
                   TIMING EXCEPTIONS APPLIED
=========================================================================

  set_false_path -from [get_ports SCAN_EN]      -to [all_registers]
  set_false_path -from [get_ports TEST_MODE]     -to [all_registers]
  set_multicycle_path 2 -setup -from [get_cells u_l1d_tag/*] -to [get_cells u_l1d_lru/*]
  set_multicycle_path 1 -hold  -from [get_cells u_l1d_tag/*] -to [get_cells u_l1d_lru/*]
  set_input_delay  0.400 -clock CLK_CORE -max [all_inputs]
  set_output_delay 0.350 -clock CLK_CORE -max [all_outputs]


=========================================================================
                   CLOCK DOMAIN SUMMARY
=========================================================================

  Clock    : CLK_CORE
  Period   : 2 ns
  Waveform : {0.000 1}
  Skew     : 0.017 ns  (max across L1D_TOP)
  Latency  : 0.149 ns  (max)


=========================================================================
                   CONSTRAINT COVERAGE
=========================================================================

  Total register endpoints   : 4455
  Constrained endpoints      : 4559
  Unconstrained endpoints    :      0
  Coverage                   :  100.0%


=========================================================================
                   TOOL / RUN INFORMATION
=========================================================================

  Tool         : Synopsys PrimeTime 2023.06-SP3
  Run Host     : sta-server-01
  Run Dir      : /proj/cpu_rtl/sta/CACHE/L1D/run_tt_0p90v_0p90v_25c
  SDC File     : /proj/cpu_rtl/constraints/L1D_TOP.sdc
  Netlist      : /proj/cpu_rtl/netlist/L1D_TOP.v.gz
  SPEF File    : /proj/cpu_rtl/spef/L1D_TOP.spef.gz
  Liberty      : saed32nm_rvt_tt_0p90v_0p90v_25c.db
  Elapsed Time : 00:02:37
  Peak Memory  : 1.367 GB

=========================================================================
End of Report
=========================================================================
