****************************************
Report : timing
        -path_type full
        -delay_type min
        -max_paths 10
        -sort_by slack
Design : L1D_TOP
Version: PrimeTime 2023.06-SP3
Date   : Sat Aug 15 17:34:54 2026
Corner : ff_1p16v_1p16v_125c
Note   : Hot Hold        — Fast corner, high temp
****************************************

Operating Conditions : ff_1p16v_1p16v_125c (Library: saed32nm_rvt)
Wire Load Model Mode : Interconnect (StarRC Extracted)

  Startpoint : u_l1d_tag/din_reg[0]
               (rising edge-triggered flip-flop clocked by CLK_CORE)
  Endpoint   : u_l1d_lru/dout_reg[0]
               (rising edge-triggered flip-flop clocked by CLK_CORE)
  Path Group : CLK_CORE
  Path Type  : min

  Point                                                   Incr        Path
  -------------------------------------------------------------------------
  clock CLK_CORE (rise edge)                                  0.000       0.000
  clock network delay (propagated)                        0.155      0.155
  u_l1d_tag/din_reg[0]/CK (DFFARX1_RVT)                        0.000       0.155 r
  u_l1d_tag/din_reg[0]/Q  (DFFARX1_RVT)                        0.14       0.295 r
  u_l1d_tag/U12/Y (INVX2_RVT)                                  0.047       0.342 f
  u_l1d_tag/U34/Y (NAND2X1_RVT)                                0.08       0.422 r
  u_l1d_data/U07/Y (AOI22X1_RVT)                                0.088       0.51 f
  u_l1d_data/U19/Y (OAI21X1_RVT)                                0.114       0.624 r
  u_l1d_ctrl/U03/Y (MUX21X1_RVT)                                0.064       0.688 r
  u_l1d_ctrl/U11/Y (AND2X1_RVT)                                 0.064       0.752 f
  u_l1d_ctrl/U22/Y (NOR2X1_RVT)                                 0.05       0.802 r
  u_l1d_lru/U05/Y (BUFX4_RVT)                                  0.072       0.874 r
  u_l1d_lru/dout_reg[0]/D (DFFARX1_RVT)                        0.066      0.94 f
  data arrival time                                                    0.94

  clock CLK_CORE (rise edge)                                  2     2
  clock network delay (propagated)                        0.155      2.155
  clock uncertainty                                      -0.05   2.105
  u_l1d_lru/dout_reg[0]/CK (DFFARX1_RVT)                       0.000       2.105 r
  library setup time                                     -0.084   2.021
  data required time                                                   2.021
  -------------------------------------------------------------------------
  data required time                                                   2.021
  data arrival time                                                   -0.94
  -------------------------------------------------------------------------
  slack (MET)   1.081


=========================================================================
                   L1D_TOP — TIMING SUMMARY
=========================================================================

  Block        : L1D_TOP
  Corner       : ff_1p16v_1p16v_125c
  Check        : min  (Hot Hold        — Fast corner, high temp)
  Clock        : CLK_CORE  Period = 2 ns  (500 MHz)
  Technology   : SAED 32nm RVT

  ┌────────────────────────────────────────────────────────────────┐
  │ Sub-Unit      WNS (ns)  TNS (ns)  #Viol   WHS (ns)  #HViol  │
  ├────────────────────────────────────────────────────────────────┤
  │ u_l1d_tag          1.081       0        0      0.065        0     │
  │ u_l1d_data          0.062       0        0      0.077        0     │
  │ u_l1d_ctrl          0.069       0        0      0.055        0     │
  │ u_l1d_lru          0.136       0        0      0.112        0     │
  ├────────────────────────────────────────────────────────────────┤
  │ L1D_TOP  1.081       0        0      0.065        0     │
  └────────────────────────────────────────────────────────────────┘

  Status : ALL PATHS CLEAN — No Setup or Hold Violations


=========================================================================
                   TIMING EXCEPTIONS APPLIED
=========================================================================

  set_false_path -from [get_ports SCAN_EN]      -to [all_registers]
  set_false_path -from [get_ports TEST_MODE]     -to [all_registers]
  set_multicycle_path 2 -setup -from [get_cells u_l1d_tag/*] -to [get_cells u_l1d_lru/*]
  set_multicycle_path 1 -hold  -from [get_cells u_l1d_tag/*] -to [get_cells u_l1d_lru/*]
  set_input_delay  0.400 -clock CLK_CORE -max [all_inputs]
  set_output_delay 0.350 -clock CLK_CORE -max [all_outputs]


=========================================================================
                   CLOCK DOMAIN SUMMARY
=========================================================================

  Clock    : CLK_CORE
  Period   : 2 ns
  Waveform : {0.000 1}
  Skew     : 0.024 ns  (max across L1D_TOP)
  Latency  : 0.155 ns  (max)


=========================================================================
                   CONSTRAINT COVERAGE
=========================================================================

  Total register endpoints   : 2740
  Constrained endpoints      : 3260
  Unconstrained endpoints    :      0
  Coverage                   :  100.0%


=========================================================================
                   TOOL / RUN INFORMATION
=========================================================================

  Tool         : Synopsys PrimeTime 2023.06-SP3
  Run Host     : sta-server-01
  Run Dir      : /proj/cpu_rtl/sta/CACHE/L1D/run_ff_1p16v_1p16v_125c
  SDC File     : /proj/cpu_rtl/constraints/L1D_TOP.sdc
  Netlist      : /proj/cpu_rtl/netlist/L1D_TOP.v.gz
  SPEF File    : /proj/cpu_rtl/spef/L1D_TOP.spef.gz
  Liberty      : saed32nm_rvt_ff_1p16v_1p16v_125c.db
  Elapsed Time : 00:08:37
  Peak Memory  : 4.406 GB

=========================================================================
End of Report
=========================================================================
