****************************************
Report : timing
        -path_type full
        -delay_type max
        -max_paths 10
        -sort_by slack
Design : L1D_TOP
Version: PrimeTime 2023.06-SP3
Date   : Sat Aug 15 17:34:54 2026
Corner : ss_0p63v_0p63v_125c
Note   : Low-Vdd Setup   — Ultra-low voltage corner
****************************************

Operating Conditions : ss_0p63v_0p63v_125c (Library: saed32nm_rvt)
Wire Load Model Mode : Interconnect (StarRC Extracted)

  Startpoint : u_l1d_tag/din_reg[0]
               (rising edge-triggered flip-flop clocked by CLK_CORE)
  Endpoint   : u_l1d_lru/dout_reg[0]
               (rising edge-triggered flip-flop clocked by CLK_CORE)
  Path Group : CLK_CORE
  Path Type  : max

  Point                                                   Incr        Path
  -------------------------------------------------------------------------
  clock CLK_CORE (rise edge)                                  0.000       0.000
  clock network delay (propagated)                        0.142      0.142
  u_l1d_tag/din_reg[0]/CK (DFFARX1_RVT)                        0.000       0.142 r
  u_l1d_tag/din_reg[0]/Q  (DFFARX1_RVT)                        0.126       0.268 r
  u_l1d_tag/U12/Y (INVX2_RVT)                                  0.044       0.312 f
  u_l1d_tag/U34/Y (NAND2X1_RVT)                                0.081       0.393 r
  u_l1d_data/U07/Y (AOI22X1_RVT)                                0.077       0.47 f
  u_l1d_data/U19/Y (OAI21X1_RVT)                                0.101       0.571 r
  u_l1d_ctrl/U03/Y (MUX21X1_RVT)                                0.09       0.661 r
  u_l1d_ctrl/U11/Y (AND2X1_RVT)                                 0.046       0.707 f
  u_l1d_ctrl/U22/Y (NOR2X1_RVT)                                 0.047       0.754 r
  u_l1d_lru/U05/Y (BUFX4_RVT)                                  0.07       0.824 r
  u_l1d_lru/dout_reg[0]/D (DFFARX1_RVT)                        0.077      0.901 f
  data arrival time                                                    0.901

  clock CLK_CORE (rise edge)                                  2     2
  clock network delay (propagated)                        0.142      2.142
  clock uncertainty                                      -0.05   2.092
  u_l1d_lru/dout_reg[0]/CK (DFFARX1_RVT)                       0.000       2.092 r
  library setup time                                     -0.07   2.022
  data required time                                                   2.022
  -------------------------------------------------------------------------
  data required time                                                   2.022
  data arrival time                                                   -0.901
  -------------------------------------------------------------------------
  slack (MET)   1.121


=========================================================================
                   L1D_TOP — TIMING SUMMARY
=========================================================================

  Block        : L1D_TOP
  Corner       : ss_0p63v_0p63v_125c
  Check        : max  (Low-Vdd Setup   — Ultra-low voltage corner)
  Clock        : CLK_CORE  Period = 2 ns  (500 MHz)
  Technology   : SAED 32nm RVT

  ┌────────────────────────────────────────────────────────────────┐
  │ Sub-Unit      WNS (ns)  TNS (ns)  #Viol   WHS (ns)  #HViol  │
  ├────────────────────────────────────────────────────────────────┤
  │ u_l1d_tag          1.121       0        0      0.084        0     │
  │ u_l1d_data          0.096       0        0      0.073        0     │
  │ u_l1d_ctrl          0.162       0        0      0.09        0     │
  │ u_l1d_lru          0.137       0        0      0.063        0     │
  ├────────────────────────────────────────────────────────────────┤
  │ L1D_TOP  1.121       0        0      0.084        0     │
  └────────────────────────────────────────────────────────────────┘

  Status : ALL PATHS CLEAN — No Setup or Hold Violations


=========================================================================
                   TIMING EXCEPTIONS APPLIED
=========================================================================

  set_false_path -from [get_ports SCAN_EN]      -to [all_registers]
  set_false_path -from [get_ports TEST_MODE]     -to [all_registers]
  set_multicycle_path 2 -setup -from [get_cells u_l1d_tag/*] -to [get_cells u_l1d_lru/*]
  set_multicycle_path 1 -hold  -from [get_cells u_l1d_tag/*] -to [get_cells u_l1d_lru/*]
  set_input_delay  0.400 -clock CLK_CORE -max [all_inputs]
  set_output_delay 0.350 -clock CLK_CORE -max [all_outputs]


=========================================================================
                   CLOCK DOMAIN SUMMARY
=========================================================================

  Clock    : CLK_CORE
  Period   : 2 ns
  Waveform : {0.000 1}
  Skew     : 0.018 ns  (max across L1D_TOP)
  Latency  : 0.142 ns  (max)


=========================================================================
                   CONSTRAINT COVERAGE
=========================================================================

  Total register endpoints   : 1496
  Constrained endpoints      : 2897
  Unconstrained endpoints    :      0
  Coverage                   :  100.0%


=========================================================================
                   TOOL / RUN INFORMATION
=========================================================================

  Tool         : Synopsys PrimeTime 2023.06-SP3
  Run Host     : sta-server-01
  Run Dir      : /proj/cpu_rtl/sta/CACHE/L1D/run_ss_0p63v_0p63v_125c
  SDC File     : /proj/cpu_rtl/constraints/L1D_TOP.sdc
  Netlist      : /proj/cpu_rtl/netlist/L1D_TOP.v.gz
  SPEF File    : /proj/cpu_rtl/spef/L1D_TOP.spef.gz
  Liberty      : saed32nm_rvt_ss_0p63v_0p63v_125c.db
  Elapsed Time : 00:07:41
  Peak Memory  : 1.994 GB

=========================================================================
End of Report
=========================================================================
