****************************************
Report : timing
        -path_type full
        -delay_type max
        -max_paths 10
        -sort_by slack
Design : L1D_TOP
Version: PrimeTime 2023.06-SP3
Date   : Sat Aug 15 17:34:54 2026
Corner : ss_0p72v_0p72v_125c
Note   : Recovery/Removal Check — Async reset paths
****************************************

Operating Conditions : ss_0p72v_0p72v_125c (Library: saed32nm_rvt)
Wire Load Model Mode : Interconnect (StarRC Extracted)

  Startpoint : u_l1d_tag/din_reg[0]
               (rising edge-triggered flip-flop clocked by CLK_CORE)
  Endpoint   : u_l1d_lru/dout_reg[0]
               (rising edge-triggered flip-flop clocked by CLK_CORE)
  Path Group : CLK_CORE
  Path Type  : max

  Point                                                   Incr        Path
  -------------------------------------------------------------------------
  clock CLK_CORE (rise edge)                                  0.000       0.000
  clock network delay (propagated)                        0.16      0.16
  u_l1d_tag/din_reg[0]/CK (DFFARX1_RVT)                        0.000       0.16 r
  u_l1d_tag/din_reg[0]/Q  (DFFARX1_RVT)                        0.117       0.277 r
  u_l1d_tag/U12/Y (INVX2_RVT)                                  0.051       0.328 f
  u_l1d_tag/U34/Y (NAND2X1_RVT)                                0.086       0.414 r
  u_l1d_data/U07/Y (AOI22X1_RVT)                                0.092       0.506 f
  u_l1d_data/U19/Y (OAI21X1_RVT)                                0.105       0.611 r
  u_l1d_ctrl/U03/Y (MUX21X1_RVT)                                0.07       0.681 r
  u_l1d_ctrl/U11/Y (AND2X1_RVT)                                 0.069       0.75 f
  u_l1d_ctrl/U22/Y (NOR2X1_RVT)                                 0.038       0.788 r
  u_l1d_lru/U05/Y (BUFX4_RVT)                                  0.076       0.864 r
  u_l1d_lru/dout_reg[0]/D (DFFARX1_RVT)                        0.07      0.934 f
  data arrival time                                                    0.934

  clock CLK_CORE (rise edge)                                  2     2
  clock network delay (propagated)                        0.16      2.16
  clock uncertainty                                      -0.05   2.11
  u_l1d_lru/dout_reg[0]/CK (DFFARX1_RVT)                       0.000       2.11 r
  library setup time                                     -0.066   2.044
  data required time                                                   2.044
  -------------------------------------------------------------------------
  data required time                                                   2.044
  data arrival time                                                   -0.934
  -------------------------------------------------------------------------
  slack (MET)   1.11


=========================================================================
                   L1D_TOP — TIMING SUMMARY
=========================================================================

  Block        : L1D_TOP
  Corner       : ss_0p72v_0p72v_125c
  Check        : max  (Recovery/Removal Check — Async reset paths)
  Clock        : CLK_CORE  Period = 2 ns  (500 MHz)
  Technology   : SAED 32nm RVT

  ┌────────────────────────────────────────────────────────────────┐
  │ Sub-Unit      WNS (ns)  TNS (ns)  #Viol   WHS (ns)  #HViol  │
  ├────────────────────────────────────────────────────────────────┤
  │ u_l1d_tag          1.11       0        0      0.07        0     │
  │ u_l1d_data          0.053       0        0      0.093        0     │
  │ u_l1d_ctrl          0.12       0        0      0.116        0     │
  │ u_l1d_lru          0.165       0        0      0.127        0     │
  ├────────────────────────────────────────────────────────────────┤
  │ L1D_TOP  1.11       0        0      0.07        0     │
  └────────────────────────────────────────────────────────────────┘

  Status : ALL PATHS CLEAN — No Setup or Hold Violations


=========================================================================
                   TIMING EXCEPTIONS APPLIED
=========================================================================

  set_false_path -from [get_ports SCAN_EN]      -to [all_registers]
  set_false_path -from [get_ports TEST_MODE]     -to [all_registers]
  set_multicycle_path 2 -setup -from [get_cells u_l1d_tag/*] -to [get_cells u_l1d_lru/*]
  set_multicycle_path 1 -hold  -from [get_cells u_l1d_tag/*] -to [get_cells u_l1d_lru/*]
  set_input_delay  0.400 -clock CLK_CORE -max [all_inputs]
  set_output_delay 0.350 -clock CLK_CORE -max [all_outputs]


=========================================================================
                   CLOCK DOMAIN SUMMARY
=========================================================================

  Clock    : CLK_CORE
  Period   : 2 ns
  Waveform : {0.000 1}
  Skew     : 0.016 ns  (max across L1D_TOP)
  Latency  : 0.16 ns  (max)


=========================================================================
                   CONSTRAINT COVERAGE
=========================================================================

  Total register endpoints   : 3138
  Constrained endpoints      : 3363
  Unconstrained endpoints    :      0
  Coverage                   :  100.0%


=========================================================================
                   TOOL / RUN INFORMATION
=========================================================================

  Tool         : Synopsys PrimeTime 2023.06-SP3
  Run Host     : sta-server-01
  Run Dir      : /proj/cpu_rtl/sta/CACHE/L1D/run_ss_0p72v_0p72v_125c
  SDC File     : /proj/cpu_rtl/constraints/L1D_TOP.sdc
  Netlist      : /proj/cpu_rtl/netlist/L1D_TOP.v.gz
  SPEF File    : /proj/cpu_rtl/spef/L1D_TOP.spef.gz
  Liberty      : saed32nm_rvt_ss_0p72v_0p72v_125c.db
  Elapsed Time : 00:03:44
  Peak Memory  : 3.204 GB

=========================================================================
End of Report
=========================================================================
