****************************************
Report : timing
        -path_type full
        -delay_type max
        -max_paths 10
        -sort_by slack
Design : L1D_TOP
Version: PrimeTime 2023.06-SP3
Date   : Sat Aug 15 17:34:54 2026
Corner : tt_0p90v_0p90v_25c
Note   : Multicycle Path Check — 2-cycle paths
****************************************

Operating Conditions : tt_0p90v_0p90v_25c (Library: saed32nm_rvt)
Wire Load Model Mode : Interconnect (StarRC Extracted)

  Startpoint : u_l1d_tag/din_reg[0]
               (rising edge-triggered flip-flop clocked by CLK_CORE)
  Endpoint   : u_l1d_lru/dout_reg[0]
               (rising edge-triggered flip-flop clocked by CLK_CORE)
  Path Group : CLK_CORE
  Path Type  : max

  Point                                                   Incr        Path
  -------------------------------------------------------------------------
  clock CLK_CORE (rise edge)                                  0.000       0.000
  clock network delay (propagated)                        0.14      0.14
  u_l1d_tag/din_reg[0]/CK (DFFARX1_RVT)                        0.000       0.14 r
  u_l1d_tag/din_reg[0]/Q  (DFFARX1_RVT)                        0.118       0.258 r
  u_l1d_tag/U12/Y (INVX2_RVT)                                  0.049       0.307 f
  u_l1d_tag/U34/Y (NAND2X1_RVT)                                0.057       0.364 r
  u_l1d_data/U07/Y (AOI22X1_RVT)                                0.076       0.44 f
  u_l1d_data/U19/Y (OAI21X1_RVT)                                0.104       0.544 r
  u_l1d_ctrl/U03/Y (MUX21X1_RVT)                                0.092       0.636 r
  u_l1d_ctrl/U11/Y (AND2X1_RVT)                                 0.068       0.704 f
  u_l1d_ctrl/U22/Y (NOR2X1_RVT)                                 0.039       0.743 r
  u_l1d_lru/U05/Y (BUFX4_RVT)                                  0.064       0.807 r
  u_l1d_lru/dout_reg[0]/D (DFFARX1_RVT)                        0.075      0.882 f
  data arrival time                                                    0.882

  clock CLK_CORE (rise edge)                                  2     2
  clock network delay (propagated)                        0.14      2.14
  clock uncertainty                                      -0.05   2.09
  u_l1d_lru/dout_reg[0]/CK (DFFARX1_RVT)                       0.000       2.09 r
  library setup time                                     -0.084   2.006
  data required time                                                   2.006
  -------------------------------------------------------------------------
  data required time                                                   2.006
  data arrival time                                                   -0.882
  -------------------------------------------------------------------------
  slack (MET)   1.124


=========================================================================
                   L1D_TOP — TIMING SUMMARY
=========================================================================

  Block        : L1D_TOP
  Corner       : tt_0p90v_0p90v_25c
  Check        : max  (Multicycle Path Check — 2-cycle paths)
  Clock        : CLK_CORE  Period = 2 ns  (500 MHz)
  Technology   : SAED 32nm RVT

  ┌────────────────────────────────────────────────────────────────┐
  │ Sub-Unit      WNS (ns)  TNS (ns)  #Viol   WHS (ns)  #HViol  │
  ├────────────────────────────────────────────────────────────────┤
  │ u_l1d_tag          1.124       0        0      0.112        0     │
  │ u_l1d_data          0.191       0        0      0.092        0     │
  │ u_l1d_ctrl          0.093       0        0      0.058        0     │
  │ u_l1d_lru          0.088       0        0      0.11        0     │
  ├────────────────────────────────────────────────────────────────┤
  │ L1D_TOP  1.124       0        0      0.112        0     │
  └────────────────────────────────────────────────────────────────┘

  Status : ALL PATHS CLEAN — No Setup or Hold Violations


=========================================================================
                   TIMING EXCEPTIONS APPLIED
=========================================================================

  set_false_path -from [get_ports SCAN_EN]      -to [all_registers]
  set_false_path -from [get_ports TEST_MODE]     -to [all_registers]
  set_multicycle_path 2 -setup -from [get_cells u_l1d_tag/*] -to [get_cells u_l1d_lru/*]
  set_multicycle_path 1 -hold  -from [get_cells u_l1d_tag/*] -to [get_cells u_l1d_lru/*]
  set_input_delay  0.400 -clock CLK_CORE -max [all_inputs]
  set_output_delay 0.350 -clock CLK_CORE -max [all_outputs]


=========================================================================
                   CLOCK DOMAIN SUMMARY
=========================================================================

  Clock    : CLK_CORE
  Period   : 2 ns
  Waveform : {0.000 1}
  Skew     : 0.025 ns  (max across L1D_TOP)
  Latency  : 0.14 ns  (max)


=========================================================================
                   CONSTRAINT COVERAGE
=========================================================================

  Total register endpoints   : 3979
  Constrained endpoints      : 5940
  Unconstrained endpoints    :      0
  Coverage                   :  100.0%


=========================================================================
                   TOOL / RUN INFORMATION
=========================================================================

  Tool         : Synopsys PrimeTime 2023.06-SP3
  Run Host     : sta-server-01
  Run Dir      : /proj/cpu_rtl/sta/CACHE/L1D/run_tt_0p90v_0p90v_25c
  SDC File     : /proj/cpu_rtl/constraints/L1D_TOP.sdc
  Netlist      : /proj/cpu_rtl/netlist/L1D_TOP.v.gz
  SPEF File    : /proj/cpu_rtl/spef/L1D_TOP.spef.gz
  Liberty      : saed32nm_rvt_tt_0p90v_0p90v_25c.db
  Elapsed Time : 00:01:29
  Peak Memory  : 2.587 GB

=========================================================================
End of Report
=========================================================================
