================================================================================
  STA BLOCK DUMP LOG  —  L1D_TOP
================================================================================

  Block Directory : D:\Certificates\PD_STA_REPORTS\CACHE\L1D
  Design          : L1D_TOP
  Parsed At       : 2026-08-15T22:10:32
  Total Reports   : 11


OWNERSHIP
----------------------------------------
  BLOCK TIMING OWNER           : User48  <user48@company.com>  [EMP-2048]
  TEAM LEAD                    : MTO_User9  <mto9@company.com>  [EMP-1009]
  RTL TEAM LEAD                : TeamLead9  <teamlead9@company.com>
  PD ENGINEER                  : PDEng9  <pdeng9@company.com>
  STA ENGINEER                 : STAEng9  <staeng9@company.com>
  CHIP STA LEAD                : STALead1  <stalead1@company.com>  [EMP-0004]

AGGREGATE SUMMARY
----------------------------------------
  Overall Status   : MET
  Worst WNS  (ns)  : 0.000
  Worst TNS  (ns)  : 0.000
  Worst WHS  (ns)  : 0.000
  Best  WNS  (ns)  : 1.132
  Total Violations : 0

BY CORNER
----------------------------------------
  Name                                              #       WNS       TNS       WHS  STATUS
  ─────────────────────────────────────────────  ────  ────────  ────────  ────────  ──────────
  N/A                                               1     0.000     0.000     0.000  MET
  ff_1p16v_1p16v_125c                               1     1.081     0.000     0.065  MET
  ff_1p16v_1p16v_n40c                               1     1.116     0.000     0.065  MET
  ss_0p63v_0p63v_125c                               1     1.121     0.000     0.084  MET
  ss_0p72v_0p72v_125c                               2     1.045     0.000     0.070  MET
  ss_0p72v_0p72v_n40c                               1     1.130     0.000     0.100  MET
  tt_0p90v_0p90v_25c                                4     1.040     0.000     0.072  MET

BY CHECK TYPE
----------------------------------------
  Name                                              #       WNS       TNS       WHS  STATUS
  ─────────────────────────────────────────────  ────  ────────  ────────  ────────  ──────────
  N/A                                               1     0.000     0.000     0.000  MET
  hold                                              3     1.040     0.000     0.065  MET
  setup                                             7     1.045     0.000     0.070  MET

PER-REPORT DETAIL
----------------------------------------
  File     : 01_SETUP_SS_125C_L1D_TOP.rpt
  Design   : L1D_TOP               Corner : ss_0p72v_0p72v_125c
  Check    : setup       Clock  : CLK_CORE  Period = 2.0 ns  (500.0 MHz)
  WNS      :   +1.045 ns   TNS :   +0.000 ns   WHS :   +0.091 ns
  Slack    :   +1.045 ns   Status : MET
  Status   : ALL PATHS CLEAN — No Setup or Hold Violations
  Coverage : 100.0%   Endpoints : 2657 / 5043
  Tool     : Synopsys PrimeTime 2023.06-SP3
  Runtime  : 00:07:26         Memory : 1.922 GB
  Run Dir  : /proj/cpu_rtl/sta/CACHE/L1D/run_ss_0p72v_0p72v_125c

  File     : 02_HOLD_FF_N40C_L1D_TOP.rpt
  Design   : L1D_TOP               Corner : ff_1p16v_1p16v_n40c
  Check    : hold        Clock  : CLK_CORE  Period = 2.0 ns  (500.0 MHz)
  WNS      :   +1.116 ns   TNS :   +0.000 ns   WHS :   +0.065 ns
  Slack    :   +1.116 ns   Status : MET
  Status   : ALL PATHS CLEAN — No Setup or Hold Violations
  Coverage : 100.0%   Endpoints : 3443 / 4379
  Tool     : Synopsys PrimeTime 2023.06-SP3
  Runtime  : 00:08:39         Memory : 4.752 GB
  Run Dir  : /proj/cpu_rtl/sta/CACHE/L1D/run_ff_1p16v_1p16v_n40c

  File     : 03_SETUP_TT_25C_L1D_TOP.rpt
  Design   : L1D_TOP               Corner : tt_0p90v_0p90v_25c
  Check    : setup       Clock  : CLK_CORE  Period = 2.0 ns  (500.0 MHz)
  WNS      :   +1.132 ns   TNS :   +0.000 ns   WHS :   +0.082 ns
  Slack    :   +1.132 ns   Status : MET
  Status   : ALL PATHS CLEAN — No Setup or Hold Violations
  Coverage : 100.0%   Endpoints : 1645 / 4695
  Tool     : Synopsys PrimeTime 2023.06-SP3
  Runtime  : 00:03:17         Memory : 1.677 GB
  Run Dir  : /proj/cpu_rtl/sta/CACHE/L1D/run_tt_0p90v_0p90v_25c

  File     : 04_HOLD_TT_25C_L1D_TOP.rpt
  Design   : L1D_TOP               Corner : tt_0p90v_0p90v_25c
  Check    : hold        Clock  : CLK_CORE  Period = 2.0 ns  (500.0 MHz)
  WNS      :   +1.040 ns   TNS :   +0.000 ns   WHS :   +0.094 ns
  Slack    :   +1.040 ns   Status : MET
  Status   : ALL PATHS CLEAN — No Setup or Hold Violations
  Coverage : 100.0%   Endpoints : 4559 / 4455
  Tool     : Synopsys PrimeTime 2023.06-SP3
  Runtime  : 00:02:37         Memory : 1.367 GB
  Run Dir  : /proj/cpu_rtl/sta/CACHE/L1D/run_tt_0p90v_0p90v_25c

  File     : 05_SETUP_SS_M40C_L1D_TOP.rpt
  Design   : L1D_TOP               Corner : ss_0p72v_0p72v_n40c
  Check    : setup       Clock  : CLK_CORE  Period = 2.0 ns  (500.0 MHz)
  WNS      :   +1.130 ns   TNS :   +0.000 ns   WHS :   +0.100 ns
  Slack    :   +1.130 ns   Status : MET
  Status   : ALL PATHS CLEAN — No Setup or Hold Violations
  Coverage : 100.0%   Endpoints : 1233 / 5684
  Tool     : Synopsys PrimeTime 2023.06-SP3
  Runtime  : 00:04:28         Memory : 3.016 GB
  Run Dir  : /proj/cpu_rtl/sta/CACHE/L1D/run_ss_0p72v_0p72v_n40c

  File     : 06_HOLD_FF_125C_L1D_TOP.rpt
  Design   : L1D_TOP               Corner : ff_1p16v_1p16v_125c
  Check    : hold        Clock  : CLK_CORE  Period = 2.0 ns  (500.0 MHz)
  WNS      :   +1.081 ns   TNS :   +0.000 ns   WHS :   +0.065 ns
  Slack    :   +1.081 ns   Status : MET
  Status   : ALL PATHS CLEAN — No Setup or Hold Violations
  Coverage : 100.0%   Endpoints : 3260 / 2740
  Tool     : Synopsys PrimeTime 2023.06-SP3
  Runtime  : 00:08:37         Memory : 4.406 GB
  Run Dir  : /proj/cpu_rtl/sta/CACHE/L1D/run_ff_1p16v_1p16v_125c

  File     : 07_SETUP_LVSS_125C_L1D_TOP.rpt
  Design   : L1D_TOP               Corner : ss_0p63v_0p63v_125c
  Check    : setup       Clock  : CLK_CORE  Period = 2.0 ns  (500.0 MHz)
  WNS      :   +1.121 ns   TNS :   +0.000 ns   WHS :   +0.084 ns
  Slack    :   +1.121 ns   Status : MET
  Status   : ALL PATHS CLEAN — No Setup or Hold Violations
  Coverage : 100.0%   Endpoints : 2897 / 1496
  Tool     : Synopsys PrimeTime 2023.06-SP3
  Runtime  : 00:07:41         Memory : 1.994 GB
  Run Dir  : /proj/cpu_rtl/sta/CACHE/L1D/run_ss_0p63v_0p63v_125c

  File     : 08_CG_CHECK_TT_25C_L1D_TOP.rpt
  Design   : L1D_TOP               Corner : tt_0p90v_0p90v_25c
  Check    : setup       Clock  : CLK_CORE  Period = 2.0 ns  (500.0 MHz)
  WNS      :   +1.089 ns   TNS :   +0.000 ns   WHS :   +0.072 ns
  Slack    :   +1.089 ns   Status : MET
  Status   : ALL PATHS CLEAN — No Setup or Hold Violations
  Coverage : 100.0%   Endpoints : 5233 / 2469
  Tool     : Synopsys PrimeTime 2023.06-SP3
  Runtime  : 00:05:15         Memory : 2.575 GB
  Run Dir  : /proj/cpu_rtl/sta/CACHE/L1D/run_tt_0p90v_0p90v_25c

  File     : 09_RECOVERY_SS_125C_L1D_TOP.rpt
  Design   : L1D_TOP               Corner : ss_0p72v_0p72v_125c
  Check    : setup       Clock  : CLK_CORE  Period = 2.0 ns  (500.0 MHz)
  WNS      :   +1.110 ns   TNS :   +0.000 ns   WHS :   +0.070 ns
  Slack    :   +1.110 ns   Status : MET
  Status   : ALL PATHS CLEAN — No Setup or Hold Violations
  Coverage : 100.0%   Endpoints : 3363 / 3138
  Tool     : Synopsys PrimeTime 2023.06-SP3
  Runtime  : 00:03:44         Memory : 3.204 GB
  Run Dir  : /proj/cpu_rtl/sta/CACHE/L1D/run_ss_0p72v_0p72v_125c

  File     : 10_MULTICYCLE_TT_25C_L1D_TOP.rpt
  Design   : L1D_TOP               Corner : tt_0p90v_0p90v_25c
  Check    : setup       Clock  : CLK_CORE  Period = 2.0 ns  (500.0 MHz)
  WNS      :   +1.124 ns   TNS :   +0.000 ns   WHS :   +0.112 ns
  Slack    :   +1.124 ns   Status : MET
  Status   : ALL PATHS CLEAN — No Setup or Hold Violations
  Coverage : 100.0%   Endpoints : 5940 / 3979
  Tool     : Synopsys PrimeTime 2023.06-SP3
  Runtime  : 00:01:29         Memory : 2.587 GB
  Run Dir  : /proj/cpu_rtl/sta/CACHE/L1D/run_tt_0p90v_0p90v_25c

  File     : L1D_TIMING.rpt
  Design   : N/A                   Corner : N/A
  Check    : N/A         Clock  : N/A  Period = 0.0 ns  (0.0 MHz)
  WNS      :   +0.000 ns   TNS :   +0.000 ns   WHS :   +0.000 ns
  Slack    :   +0.000 ns   Status : UNKNOWN
  Status   : N/A
  Coverage : 0.0%   Endpoints : 0 / 0
  Tool     : N/A
  Runtime  : N/A              Memory : N/A
  Run Dir  : N/A


================================================================================
END OF BLOCK DUMP LOG
================================================================================