****************************************
Report : timing
        -path_type full
        -delay_type min
        -max_paths 10
        -sort_by slack
Design : PMU_TOP
Version: PrimeTime 2023.06-SP3
Date   : Sat Aug 15 17:34:54 2026
Corner : ff_1p16v_1p16v_n40c
Note   : Worst-case Hold  — Fast corner, cold temp
****************************************

Operating Conditions : ff_1p16v_1p16v_n40c (Library: saed32nm_rvt)
Wire Load Model Mode : Interconnect (StarRC Extracted)

  Startpoint : u_pmu_cnt/din_reg[0]
               (rising edge-triggered flip-flop clocked by CLK_CORE)
  Endpoint   : u_pmu_snap/dout_reg[0]
               (rising edge-triggered flip-flop clocked by CLK_CORE)
  Path Group : CLK_CORE
  Path Type  : min

  Point                                                   Incr        Path
  -------------------------------------------------------------------------
  clock CLK_CORE (rise edge)                                  0.000       0.000
  clock network delay (propagated)                        0.161      0.161
  u_pmu_cnt/din_reg[0]/CK (DFFARX1_RVT)                        0.000       0.161 r
  u_pmu_cnt/din_reg[0]/Q  (DFFARX1_RVT)                        0.132       0.293 r
  u_pmu_cnt/U12/Y (INVX2_RVT)                                  0.049       0.342 f
  u_pmu_cnt/U34/Y (NAND2X1_RVT)                                0.071       0.413 r
  u_pmu_thr/U07/Y (AOI22X1_RVT)                                0.089       0.502 f
  u_pmu_thr/U19/Y (OAI21X1_RVT)                                0.118       0.62 r
  u_pmu_irq/U03/Y (MUX21X1_RVT)                                0.08       0.7 r
  u_pmu_irq/U11/Y (AND2X1_RVT)                                 0.052       0.752 f
  u_pmu_irq/U22/Y (NOR2X1_RVT)                                 0.044       0.796 r
  u_pmu_snap/U05/Y (BUFX4_RVT)                                  0.088       0.884 r
  u_pmu_snap/dout_reg[0]/D (DFFARX1_RVT)                        0.075      0.959 f
  data arrival time                                                    0.959

  clock CLK_CORE (rise edge)                                  2     2
  clock network delay (propagated)                        0.161      2.161
  clock uncertainty                                      -0.05   2.111
  u_pmu_snap/dout_reg[0]/CK (DFFARX1_RVT)                       0.000       2.111 r
  library setup time                                     -0.075   2.036
  data required time                                                   2.036
  -------------------------------------------------------------------------
  data required time                                                   2.036
  data arrival time                                                   -0.959
  -------------------------------------------------------------------------
  slack (MET)   1.077


=========================================================================
                   PMU_TOP — TIMING SUMMARY
=========================================================================

  Block        : PMU_TOP
  Corner       : ff_1p16v_1p16v_n40c
  Check        : min  (Worst-case Hold  — Fast corner, cold temp)
  Clock        : CLK_CORE  Period = 2 ns  (500 MHz)
  Technology   : SAED 32nm RVT

  ┌────────────────────────────────────────────────────────────────┐
  │ Sub-Unit      WNS (ns)  TNS (ns)  #Viol   WHS (ns)  #HViol  │
  ├────────────────────────────────────────────────────────────────┤
  │ u_pmu_cnt          1.077       0        0      0.068        0     │
  │ u_pmu_thr          0.067       0        0      0.07        0     │
  │ u_pmu_irq          0.099       0        0      0.059        0     │
  │ u_pmu_snap          0.096       0        0      0.12        0     │
  ├────────────────────────────────────────────────────────────────┤
  │ PMU_TOP  1.077       0        0      0.068        0     │
  └────────────────────────────────────────────────────────────────┘

  Status : ALL PATHS CLEAN — No Setup or Hold Violations


=========================================================================
                   TIMING EXCEPTIONS APPLIED
=========================================================================

  set_false_path -from [get_ports SCAN_EN]      -to [all_registers]
  set_false_path -from [get_ports TEST_MODE]     -to [all_registers]
  set_multicycle_path 2 -setup -from [get_cells u_pmu_cnt/*] -to [get_cells u_pmu_snap/*]
  set_multicycle_path 1 -hold  -from [get_cells u_pmu_cnt/*] -to [get_cells u_pmu_snap/*]
  set_input_delay  0.400 -clock CLK_CORE -max [all_inputs]
  set_output_delay 0.350 -clock CLK_CORE -max [all_outputs]


=========================================================================
                   CLOCK DOMAIN SUMMARY
=========================================================================

  Clock    : CLK_CORE
  Period   : 2 ns
  Waveform : {0.000 1}
  Skew     : 0.024 ns  (max across PMU_TOP)
  Latency  : 0.161 ns  (max)


=========================================================================
                   CONSTRAINT COVERAGE
=========================================================================

  Total register endpoints   : 5800
  Constrained endpoints      : 2193
  Unconstrained endpoints    :      0
  Coverage                   :  100.0%


=========================================================================
                   TOOL / RUN INFORMATION
=========================================================================

  Tool         : Synopsys PrimeTime 2023.06-SP3
  Run Host     : sta-server-01
  Run Dir      : /proj/cpu_rtl/sta/UNCORE/PMU/run_ff_1p16v_1p16v_n40c
  SDC File     : /proj/cpu_rtl/constraints/PMU_TOP.sdc
  Netlist      : /proj/cpu_rtl/netlist/PMU_TOP.v.gz
  SPEF File    : /proj/cpu_rtl/spef/PMU_TOP.spef.gz
  Liberty      : saed32nm_rvt_ff_1p16v_1p16v_n40c.db
  Elapsed Time : 00:07:25
  Peak Memory  : 2.158 GB

=========================================================================
End of Report
=========================================================================
