****************************************
Report : timing
        -path_type full
        -delay_type min
        -max_paths 10
        -sort_by slack
Design : PMU_TOP
Version: PrimeTime 2023.06-SP3
Date   : Sat Aug 15 17:34:54 2026
Corner : ff_1p16v_1p16v_125c
Note   : Hot Hold        — Fast corner, high temp
****************************************

Operating Conditions : ff_1p16v_1p16v_125c (Library: saed32nm_rvt)
Wire Load Model Mode : Interconnect (StarRC Extracted)

  Startpoint : u_pmu_cnt/din_reg[0]
               (rising edge-triggered flip-flop clocked by CLK_CORE)
  Endpoint   : u_pmu_snap/dout_reg[0]
               (rising edge-triggered flip-flop clocked by CLK_CORE)
  Path Group : CLK_CORE
  Path Type  : min

  Point                                                   Incr        Path
  -------------------------------------------------------------------------
  clock CLK_CORE (rise edge)                                  0.000       0.000
  clock network delay (propagated)                        0.149      0.149
  u_pmu_cnt/din_reg[0]/CK (DFFARX1_RVT)                        0.000       0.149 r
  u_pmu_cnt/din_reg[0]/Q  (DFFARX1_RVT)                        0.141       0.29 r
  u_pmu_cnt/U12/Y (INVX2_RVT)                                  0.06       0.35 f
  u_pmu_cnt/U34/Y (NAND2X1_RVT)                                0.085       0.435 r
  u_pmu_thr/U07/Y (AOI22X1_RVT)                                0.09       0.525 f
  u_pmu_thr/U19/Y (OAI21X1_RVT)                                0.092       0.617 r
  u_pmu_irq/U03/Y (MUX21X1_RVT)                                0.07       0.687 r
  u_pmu_irq/U11/Y (AND2X1_RVT)                                 0.064       0.751 f
  u_pmu_irq/U22/Y (NOR2X1_RVT)                                 0.036       0.787 r
  u_pmu_snap/U05/Y (BUFX4_RVT)                                  0.06       0.847 r
  u_pmu_snap/dout_reg[0]/D (DFFARX1_RVT)                        0.068      0.915 f
  data arrival time                                                    0.915

  clock CLK_CORE (rise edge)                                  2     2
  clock network delay (propagated)                        0.149      2.149
  clock uncertainty                                      -0.05   2.099
  u_pmu_snap/dout_reg[0]/CK (DFFARX1_RVT)                       0.000       2.099 r
  library setup time                                     -0.083   2.016
  data required time                                                   2.016
  -------------------------------------------------------------------------
  data required time                                                   2.016
  data arrival time                                                   -0.915
  -------------------------------------------------------------------------
  slack (MET)   1.101


=========================================================================
                   PMU_TOP — TIMING SUMMARY
=========================================================================

  Block        : PMU_TOP
  Corner       : ff_1p16v_1p16v_125c
  Check        : min  (Hot Hold        — Fast corner, high temp)
  Clock        : CLK_CORE  Period = 2 ns  (500 MHz)
  Technology   : SAED 32nm RVT

  ┌────────────────────────────────────────────────────────────────┐
  │ Sub-Unit      WNS (ns)  TNS (ns)  #Viol   WHS (ns)  #HViol  │
  ├────────────────────────────────────────────────────────────────┤
  │ u_pmu_cnt          1.101       0        0      0.115        0     │
  │ u_pmu_thr          0.192       0        0      0.092        0     │
  │ u_pmu_irq          0.131       0        0      0.117        0     │
  │ u_pmu_snap          0.069       0        0      0.089        0     │
  ├────────────────────────────────────────────────────────────────┤
  │ PMU_TOP  1.101       0        0      0.115        0     │
  └────────────────────────────────────────────────────────────────┘

  Status : ALL PATHS CLEAN — No Setup or Hold Violations


=========================================================================
                   TIMING EXCEPTIONS APPLIED
=========================================================================

  set_false_path -from [get_ports SCAN_EN]      -to [all_registers]
  set_false_path -from [get_ports TEST_MODE]     -to [all_registers]
  set_multicycle_path 2 -setup -from [get_cells u_pmu_cnt/*] -to [get_cells u_pmu_snap/*]
  set_multicycle_path 1 -hold  -from [get_cells u_pmu_cnt/*] -to [get_cells u_pmu_snap/*]
  set_input_delay  0.400 -clock CLK_CORE -max [all_inputs]
  set_output_delay 0.350 -clock CLK_CORE -max [all_outputs]


=========================================================================
                   CLOCK DOMAIN SUMMARY
=========================================================================

  Clock    : CLK_CORE
  Period   : 2 ns
  Waveform : {0.000 1}
  Skew     : 0.02 ns  (max across PMU_TOP)
  Latency  : 0.149 ns  (max)


=========================================================================
                   CONSTRAINT COVERAGE
=========================================================================

  Total register endpoints   : 2043
  Constrained endpoints      : 1014
  Unconstrained endpoints    :      0
  Coverage                   :  100.0%


=========================================================================
                   TOOL / RUN INFORMATION
=========================================================================

  Tool         : Synopsys PrimeTime 2023.06-SP3
  Run Host     : sta-server-01
  Run Dir      : /proj/cpu_rtl/sta/UNCORE/PMU/run_ff_1p16v_1p16v_125c
  SDC File     : /proj/cpu_rtl/constraints/PMU_TOP.sdc
  Netlist      : /proj/cpu_rtl/netlist/PMU_TOP.v.gz
  SPEF File    : /proj/cpu_rtl/spef/PMU_TOP.spef.gz
  Liberty      : saed32nm_rvt_ff_1p16v_1p16v_125c.db
  Elapsed Time : 00:01:22
  Peak Memory  : 2.289 GB

=========================================================================
End of Report
=========================================================================
