****************************************
Report : timing
        -path_type full
        -delay_type max
        -max_paths 10
        -sort_by slack
Design : PMU_TOP
Version: PrimeTime 2023.06-SP3
Date   : Sat Aug 15 17:34:54 2026
Corner : ss_0p63v_0p63v_125c
Note   : Low-Vdd Setup   — Ultra-low voltage corner
****************************************

Operating Conditions : ss_0p63v_0p63v_125c (Library: saed32nm_rvt)
Wire Load Model Mode : Interconnect (StarRC Extracted)

  Startpoint : u_pmu_cnt/din_reg[0]
               (rising edge-triggered flip-flop clocked by CLK_CORE)
  Endpoint   : u_pmu_snap/dout_reg[0]
               (rising edge-triggered flip-flop clocked by CLK_CORE)
  Path Group : CLK_CORE
  Path Type  : max

  Point                                                   Incr        Path
  -------------------------------------------------------------------------
  clock CLK_CORE (rise edge)                                  0.000       0.000
  clock network delay (propagated)                        0.135      0.135
  u_pmu_cnt/din_reg[0]/CK (DFFARX1_RVT)                        0.000       0.135 r
  u_pmu_cnt/din_reg[0]/Q  (DFFARX1_RVT)                        0.119       0.254 r
  u_pmu_cnt/U12/Y (INVX2_RVT)                                  0.038       0.292 f
  u_pmu_cnt/U34/Y (NAND2X1_RVT)                                0.056       0.348 r
  u_pmu_thr/U07/Y (AOI22X1_RVT)                                0.093       0.441 f
  u_pmu_thr/U19/Y (OAI21X1_RVT)                                0.096       0.537 r
  u_pmu_irq/U03/Y (MUX21X1_RVT)                                0.067       0.604 r
  u_pmu_irq/U11/Y (AND2X1_RVT)                                 0.045       0.649 f
  u_pmu_irq/U22/Y (NOR2X1_RVT)                                 0.06       0.709 r
  u_pmu_snap/U05/Y (BUFX4_RVT)                                  0.073       0.782 r
  u_pmu_snap/dout_reg[0]/D (DFFARX1_RVT)                        0.067      0.849 f
  data arrival time                                                    0.849

  clock CLK_CORE (rise edge)                                  2     2
  clock network delay (propagated)                        0.135      2.135
  clock uncertainty                                      -0.05   2.085
  u_pmu_snap/dout_reg[0]/CK (DFFARX1_RVT)                       0.000       2.085 r
  library setup time                                     -0.072   2.013
  data required time                                                   2.013
  -------------------------------------------------------------------------
  data required time                                                   2.013
  data arrival time                                                   -0.849
  -------------------------------------------------------------------------
  slack (MET)   1.164


=========================================================================
                   PMU_TOP — TIMING SUMMARY
=========================================================================

  Block        : PMU_TOP
  Corner       : ss_0p63v_0p63v_125c
  Check        : max  (Low-Vdd Setup   — Ultra-low voltage corner)
  Clock        : CLK_CORE  Period = 2 ns  (500 MHz)
  Technology   : SAED 32nm RVT

  ┌────────────────────────────────────────────────────────────────┐
  │ Sub-Unit      WNS (ns)  TNS (ns)  #Viol   WHS (ns)  #HViol  │
  ├────────────────────────────────────────────────────────────────┤
  │ u_pmu_cnt          1.164       0        0      0.101        0     │
  │ u_pmu_thr          0.106       0        0      0.064        0     │
  │ u_pmu_irq          0.127       0        0      0.064        0     │
  │ u_pmu_snap          0.05       0        0      0.086        0     │
  ├────────────────────────────────────────────────────────────────┤
  │ PMU_TOP  1.164       0        0      0.101        0     │
  └────────────────────────────────────────────────────────────────┘

  Status : ALL PATHS CLEAN — No Setup or Hold Violations


=========================================================================
                   TIMING EXCEPTIONS APPLIED
=========================================================================

  set_false_path -from [get_ports SCAN_EN]      -to [all_registers]
  set_false_path -from [get_ports TEST_MODE]     -to [all_registers]
  set_multicycle_path 2 -setup -from [get_cells u_pmu_cnt/*] -to [get_cells u_pmu_snap/*]
  set_multicycle_path 1 -hold  -from [get_cells u_pmu_cnt/*] -to [get_cells u_pmu_snap/*]
  set_input_delay  0.400 -clock CLK_CORE -max [all_inputs]
  set_output_delay 0.350 -clock CLK_CORE -max [all_outputs]


=========================================================================
                   CLOCK DOMAIN SUMMARY
=========================================================================

  Clock    : CLK_CORE
  Period   : 2 ns
  Waveform : {0.000 1}
  Skew     : 0.019 ns  (max across PMU_TOP)
  Latency  : 0.135 ns  (max)


=========================================================================
                   CONSTRAINT COVERAGE
=========================================================================

  Total register endpoints   : 3962
  Constrained endpoints      : 820
  Unconstrained endpoints    :      0
  Coverage                   :  100.0%


=========================================================================
                   TOOL / RUN INFORMATION
=========================================================================

  Tool         : Synopsys PrimeTime 2023.06-SP3
  Run Host     : sta-server-01
  Run Dir      : /proj/cpu_rtl/sta/UNCORE/PMU/run_ss_0p63v_0p63v_125c
  SDC File     : /proj/cpu_rtl/constraints/PMU_TOP.sdc
  Netlist      : /proj/cpu_rtl/netlist/PMU_TOP.v.gz
  SPEF File    : /proj/cpu_rtl/spef/PMU_TOP.spef.gz
  Liberty      : saed32nm_rvt_ss_0p63v_0p63v_125c.db
  Elapsed Time : 00:03:51
  Peak Memory  : 2.916 GB

=========================================================================
End of Report
=========================================================================
