****************************************
Report : timing
        -path_type full
        -delay_type min
        -max_paths 10
        -sort_by slack
Design : PMU_TOP
Version: PrimeTime 2023.06-SP3
Date   : Sat Aug 15 18:20:45 2026
Corner : ff_1p16v_1p16v_n40c
Note   : Hold OCV — CRPR enabled, cold fast corner
****************************************

Operating Conditions : ff_1p16v_1p16v_n40c (Library: saed32nm_rvt)
Wire Load Model Mode : Interconnect (StarRC Extracted)

  Startpoint : u_pmu_cnt/din_reg[0]
               (rising edge-triggered flip-flop clocked by CLK_CORE)
  Endpoint   : u_pmu_snap/dout_reg[0]
               (rising edge-triggered flip-flop clocked by CLK_CORE)
  Path Group : CLK_CORE
  Path Type  : min

  Point                                                   Incr        Path
  -------------------------------------------------------------------------
  clock CLK_CORE (rise edge)                                  0.000       0.000
  clock network delay (propagated)                        0.158      0.158
  u_pmu_cnt/din_reg[0]/CK (DFFARX1_RVT)                        0.000       0.158 r
  u_pmu_cnt/din_reg[0]/Q  (DFFARX1_RVT)                        0.138         0.296 r
  u_pmu_cnt/U12/Y (INVX2_RVT)                                  0.064         0.36 f
  u_pmu_cnt/U34/Y (NAND2X1_RVT)                                0.074         0.434 r
  u_pmu_thr/U07/Y (AOI22X1_RVT)                                0.094         0.528 f
  u_pmu_thr/U19/Y (OAI21X1_RVT)                                0.081         0.609 r
  u_pmu_irq/U03/Y (MUX21X1_RVT)                                0.078         0.687 r
  u_pmu_irq/U11/Y (AND2X1_RVT)                                 0.046         0.733 f
  u_pmu_irq/U22/Y (NOR2X1_RVT)                                 0.036         0.769 r
  u_pmu_snap/U05/Y (BUFX4_RVT)                                  0.076         0.845 r
  u_pmu_snap/dout_reg[0]/D (DFFARX1_RVT)                        0.074        0.919 f
  data arrival time                                                    0.919

  clock CLK_CORE (rise edge)                                  2     2
  clock network delay (propagated)                        0.158      2.158
  clock uncertainty                                      -0.05   2.108
  u_pmu_snap/dout_reg[0]/CK (DFFARX1_RVT)                       0.000       2.108 r
  library setup time                                     -0.084   2.024
  data required time                                                   2.024
  -------------------------------------------------------------------------
  data required time                                                   2.024
  data arrival time                                                   -0.919
  -------------------------------------------------------------------------
  slack (MET)      1.105


=========================================================================
                   PMU_TOP -- TIMING SUMMARY
=========================================================================

  Block        : PMU_TOP
  Corner       : ff_1p16v_1p16v_n40c
  Check        : min  (Hold OCV — CRPR enabled, cold fast corner)
  Clock        : CLK_CORE  Period = 2 ns  (500 MHz)
  Technology   : SAED 32nm RVT

  +------------------------------------------------------------------+
  | Sub-Unit          WNS (ns)  TNS (ns)  #Viol   WHS (ns)  #HViol  |
  +------------------------------------------------------------------+
  | u_pmu_cnt          1.105       0.000       0      0.125        0     |
  | u_pmu_thr          0.184       0.000       0      0.112        0     |
  | u_pmu_irq          0.245       0.000       0      0.067        0     |
  | u_pmu_snap          0.17       0.000       0      0.12        0     |
  +------------------------------------------------------------------+
  | PMU_TOP   1.105       0.000       0      0.125        0     |
  +------------------------------------------------------------------+

  Status : ALL PATHS CLEAN -- No Setup or Hold Violations


=========================================================================
                   TIMING EXCEPTIONS APPLIED
=========================================================================

  set_false_path -from [get_ports SCAN_EN]      -to [all_registers]
  set_false_path -from [get_ports TEST_MODE]     -to [all_registers]
  set_multicycle_path 2 -setup -from [get_cells u_pmu_cnt/*] -to [get_cells u_pmu_snap/*]
  set_multicycle_path 1 -hold  -from [get_cells u_pmu_cnt/*] -to [get_cells u_pmu_snap/*]
  set_input_delay  0.400 -clock CLK_CORE -max [all_inputs]
  set_output_delay 0.350 -clock CLK_CORE -max [all_outputs]


=========================================================================
                   CLOCK DOMAIN SUMMARY
=========================================================================

  Clock    : CLK_CORE
  Period   : 2 ns
  Waveform : {0.000 1}
  Skew     : 0.019 ns  (max across PMU_TOP)
  Latency  : 0.158 ns  (max)


=========================================================================
                   CONSTRAINT COVERAGE
=========================================================================

  Total register endpoints   : 5531
  Constrained endpoints      : 3238
  Unconstrained endpoints    :      0
  Coverage                   :  100.0%


=========================================================================
                   TOOL / RUN INFORMATION
=========================================================================

  Tool         : Synopsys PrimeTime 2023.06-SP3
  Run Host     : sta-server-01
  Run Dir      : /proj/cpu_rtl/sta/UNCORE/PMU/run_ff_1p16v_1p16v_n40c
  SDC File     : /proj/cpu_rtl/constraints/PMU_TOP.sdc
  Netlist      : /proj/cpu_rtl/netlist/PMU_TOP.v.gz
  SPEF File    : /proj/cpu_rtl/spef/PMU_TOP.spef.gz
  Liberty      : saed32nm_rvt_ff_1p16v_1p16v_n40c.db
  Elapsed Time : 00:07:43
  Peak Memory  : 5.098 GB

=========================================================================
End of Report
=========================================================================
