****************************************
Report : timing
        -path_type full
        -delay_type min
        -max_paths 10
        -sort_by slack
Design : PMU_TOP
Version: PrimeTime 2023.06-SP3
Date   : Sat Aug 15 18:20:45 2026
Corner : ff_1p16v_1p16v_n40c
Note   : Hold POCV — sigma=3, cold fast corner
****************************************

Operating Conditions : ff_1p16v_1p16v_n40c (Library: saed32nm_rvt)
Wire Load Model Mode : Interconnect (StarRC Extracted)

  Startpoint : u_pmu_cnt/din_reg[0]
               (rising edge-triggered flip-flop clocked by CLK_CORE)
  Endpoint   : u_pmu_snap/dout_reg[0]
               (rising edge-triggered flip-flop clocked by CLK_CORE)
  Path Group : CLK_CORE
  Path Type  : min

  Point                                                   Incr        Path
  -------------------------------------------------------------------------
  clock CLK_CORE (rise edge)                                  0.000       0.000
  clock network delay (propagated)                        0.151      0.151
  u_pmu_cnt/din_reg[0]/CK (DFFARX1_RVT)                        0.000       0.151 r
  u_pmu_cnt/din_reg[0]/Q  (DFFARX1_RVT)                        0.126         0.277 r
  u_pmu_cnt/U12/Y (INVX2_RVT)                                  0.064         0.341 f
  u_pmu_cnt/U34/Y (NAND2X1_RVT)                                0.074         0.415 r
  u_pmu_thr/U07/Y (AOI22X1_RVT)                                0.088         0.503 f
  u_pmu_thr/U19/Y (OAI21X1_RVT)                                0.119         0.622 r
  u_pmu_irq/U03/Y (MUX21X1_RVT)                                0.081         0.703 r
  u_pmu_irq/U11/Y (AND2X1_RVT)                                 0.07         0.773 f
  u_pmu_irq/U22/Y (NOR2X1_RVT)                                 0.07         0.843 r
  u_pmu_snap/U05/Y (BUFX4_RVT)                                  0.075         0.918 r
  u_pmu_snap/dout_reg[0]/D (DFFARX1_RVT)                        0.078        0.996 f
  data arrival time                                                    0.996

  clock CLK_CORE (rise edge)                                  2     2
  clock network delay (propagated)                        0.151      2.151
  clock uncertainty                                      -0.05   2.101
  u_pmu_snap/dout_reg[0]/CK (DFFARX1_RVT)                       0.000       2.101 r
  library setup time                                     -0.084   2.017
  data required time                                                   2.017
  -------------------------------------------------------------------------
  data required time                                                   2.017
  data arrival time                                                   -0.996
  -------------------------------------------------------------------------
  slack (MET)      1.021


=========================================================================
                   PMU_TOP -- TIMING SUMMARY
=========================================================================

  Block        : PMU_TOP
  Corner       : ff_1p16v_1p16v_n40c
  Check        : min  (Hold POCV — sigma=3, cold fast corner)
  Clock        : CLK_CORE  Period = 2 ns  (500 MHz)
  Technology   : SAED 32nm RVT

  +------------------------------------------------------------------+
  | Sub-Unit          WNS (ns)  TNS (ns)  #Viol   WHS (ns)  #HViol  |
  +------------------------------------------------------------------+
  | u_pmu_cnt          1.021       0.000       0      0.076        0     |
  | u_pmu_thr          0.208       0.000       0      0.071        0     |
  | u_pmu_irq          0.084       0.000       0      0.105        0     |
  | u_pmu_snap          0.127       0.000       0      0.077        0     |
  +------------------------------------------------------------------+
  | PMU_TOP   1.021       0.000       0      0.076        0     |
  +------------------------------------------------------------------+

  Status : ALL PATHS CLEAN -- No Setup or Hold Violations


=========================================================================
                   TIMING EXCEPTIONS APPLIED
=========================================================================

  set_false_path -from [get_ports SCAN_EN]      -to [all_registers]
  set_false_path -from [get_ports TEST_MODE]     -to [all_registers]
  set_multicycle_path 2 -setup -from [get_cells u_pmu_cnt/*] -to [get_cells u_pmu_snap/*]
  set_multicycle_path 1 -hold  -from [get_cells u_pmu_cnt/*] -to [get_cells u_pmu_snap/*]
  set_input_delay  0.400 -clock CLK_CORE -max [all_inputs]
  set_output_delay 0.350 -clock CLK_CORE -max [all_outputs]


=========================================================================
                   CLOCK DOMAIN SUMMARY
=========================================================================

  Clock    : CLK_CORE
  Period   : 2 ns
  Waveform : {0.000 1}
  Skew     : 0.023 ns  (max across PMU_TOP)
  Latency  : 0.151 ns  (max)


=========================================================================
                   CONSTRAINT COVERAGE
=========================================================================

  Total register endpoints   : 6611
  Constrained endpoints      : 3156
  Unconstrained endpoints    :      0
  Coverage                   :  100.0%


=========================================================================
                   TOOL / RUN INFORMATION
=========================================================================

  Tool         : Synopsys PrimeTime 2023.06-SP3
  Run Host     : sta-server-01
  Run Dir      : /proj/cpu_rtl/sta/UNCORE/PMU/run_ff_1p16v_1p16v_n40c
  SDC File     : /proj/cpu_rtl/constraints/PMU_TOP.sdc
  Netlist      : /proj/cpu_rtl/netlist/PMU_TOP.v.gz
  SPEF File    : /proj/cpu_rtl/spef/PMU_TOP.spef.gz
  Liberty      : saed32nm_rvt_ff_1p16v_1p16v_n40c.db
  Elapsed Time : 00:04:43
  Peak Memory  : 2.366 GB

=========================================================================
End of Report
=========================================================================
