****************************************
Report : timing
        -path_type full
        -delay_type max
        -max_paths 10
        -sort_by slack
Design : PMU_TOP
Version: PrimeTime 2023.06-SP3
Date   : Sat Aug 15 18:20:45 2026
Corner : tt_0p90v_0p90v_85c
Note   : Setup check — Typical corner, 85 deg C
****************************************

Operating Conditions : tt_0p90v_0p90v_85c (Library: saed32nm_rvt)
Wire Load Model Mode : Interconnect (StarRC Extracted)

  Startpoint : u_pmu_cnt/din_reg[0]
               (rising edge-triggered flip-flop clocked by CLK_CORE)
  Endpoint   : u_pmu_snap/dout_reg[0]
               (rising edge-triggered flip-flop clocked by CLK_CORE)
  Path Group : CLK_CORE
  Path Type  : max

  Point                                                   Incr        Path
  -------------------------------------------------------------------------
  clock CLK_CORE (rise edge)                                  0.000       0.000
  clock network delay (propagated)                        0.144      0.144
  u_pmu_cnt/din_reg[0]/CK (DFFARX1_RVT)                        0.000       0.144 r
  u_pmu_cnt/din_reg[0]/Q  (DFFARX1_RVT)                        0.141         0.285 r
  u_pmu_cnt/U12/Y (INVX2_RVT)                                  0.031         0.316 f
  u_pmu_cnt/U34/Y (NAND2X1_RVT)                                0.068         0.384 r
  u_pmu_thr/U07/Y (AOI22X1_RVT)                                0.086         0.47 f
  u_pmu_thr/U19/Y (OAI21X1_RVT)                                0.115         0.585 r
  u_pmu_irq/U03/Y (MUX21X1_RVT)                                0.094         0.679 r
  u_pmu_irq/U11/Y (AND2X1_RVT)                                 0.053         0.732 f
  u_pmu_irq/U22/Y (NOR2X1_RVT)                                 0.065         0.797 r
  u_pmu_snap/U05/Y (BUFX4_RVT)                                  0.077         0.874 r
  u_pmu_snap/dout_reg[0]/D (DFFARX1_RVT)                        0.059        0.933 f
  data arrival time                                                    0.933

  clock CLK_CORE (rise edge)                                  2     2
  clock network delay (propagated)                        0.144      2.144
  clock uncertainty                                      -0.05   2.094
  u_pmu_snap/dout_reg[0]/CK (DFFARX1_RVT)                       0.000       2.094 r
  library setup time                                     -0.065   2.029
  data required time                                                   2.029
  -------------------------------------------------------------------------
  data required time                                                   2.029
  data arrival time                                                   -0.933
  -------------------------------------------------------------------------
  slack (MET)      1.096


=========================================================================
                   PMU_TOP -- TIMING SUMMARY
=========================================================================

  Block        : PMU_TOP
  Corner       : tt_0p90v_0p90v_85c
  Check        : max  (Setup check — Typical corner, 85 deg C)
  Clock        : CLK_CORE  Period = 2 ns  (500 MHz)
  Technology   : SAED 32nm RVT

  +------------------------------------------------------------------+
  | Sub-Unit          WNS (ns)  TNS (ns)  #Viol   WHS (ns)  #HViol  |
  +------------------------------------------------------------------+
  | u_pmu_cnt          1.096       0.000       0      0.08        0     |
  | u_pmu_thr          0.224       0.000       0      0.091        0     |
  | u_pmu_irq          0.084       0.000       0      0.088        0     |
  | u_pmu_snap          0.141       0.000       0      0.073        0     |
  +------------------------------------------------------------------+
  | PMU_TOP   1.096       0.000       0      0.08        0     |
  +------------------------------------------------------------------+

  Status : ALL PATHS CLEAN -- No Setup or Hold Violations


=========================================================================
                   TIMING EXCEPTIONS APPLIED
=========================================================================

  set_false_path -from [get_ports SCAN_EN]      -to [all_registers]
  set_false_path -from [get_ports TEST_MODE]     -to [all_registers]
  set_multicycle_path 2 -setup -from [get_cells u_pmu_cnt/*] -to [get_cells u_pmu_snap/*]
  set_multicycle_path 1 -hold  -from [get_cells u_pmu_cnt/*] -to [get_cells u_pmu_snap/*]
  set_input_delay  0.400 -clock CLK_CORE -max [all_inputs]
  set_output_delay 0.350 -clock CLK_CORE -max [all_outputs]


=========================================================================
                   CLOCK DOMAIN SUMMARY
=========================================================================

  Clock    : CLK_CORE
  Period   : 2 ns
  Waveform : {0.000 1}
  Skew     : 0.018 ns  (max across PMU_TOP)
  Latency  : 0.144 ns  (max)


=========================================================================
                   CONSTRAINT COVERAGE
=========================================================================

  Total register endpoints   : 2289
  Constrained endpoints      : 6413
  Unconstrained endpoints    :      0
  Coverage                   :  100.0%


=========================================================================
                   TOOL / RUN INFORMATION
=========================================================================

  Tool         : Synopsys PrimeTime 2023.06-SP3
  Run Host     : sta-server-01
  Run Dir      : /proj/cpu_rtl/sta/UNCORE/PMU/run_tt_0p90v_0p90v_85c
  SDC File     : /proj/cpu_rtl/constraints/PMU_TOP.sdc
  Netlist      : /proj/cpu_rtl/netlist/PMU_TOP.v.gz
  SPEF File    : /proj/cpu_rtl/spef/PMU_TOP.spef.gz
  Liberty      : saed32nm_rvt_tt_0p90v_0p90v_85c.db
  Elapsed Time : 00:06:28
  Peak Memory  : 3.928 GB

=========================================================================
End of Report
=========================================================================
