****************************************
Report : timing
        -path_type full
        -delay_type max
        -max_paths 10
        -sort_by slack
Design : PMU_TOP
Version: PrimeTime 2023.06-SP3
Date   : Sat Aug 15 18:20:45 2026
Corner : ss_0p63v_0p63v_n40c
Note   : Setup — Ultra-low-voltage, cold
****************************************

Operating Conditions : ss_0p63v_0p63v_n40c (Library: saed32nm_rvt)
Wire Load Model Mode : Interconnect (StarRC Extracted)

  Startpoint : u_pmu_cnt/din_reg[0]
               (rising edge-triggered flip-flop clocked by CLK_CORE)
  Endpoint   : u_pmu_snap/dout_reg[0]
               (rising edge-triggered flip-flop clocked by CLK_CORE)
  Path Group : CLK_CORE
  Path Type  : max

  Point                                                   Incr        Path
  -------------------------------------------------------------------------
  clock CLK_CORE (rise edge)                                  0.000       0.000
  clock network delay (propagated)                        0.156      0.156
  u_pmu_cnt/din_reg[0]/CK (DFFARX1_RVT)                        0.000       0.156 r
  u_pmu_cnt/din_reg[0]/Q  (DFFARX1_RVT)                        0.141         0.297 r
  u_pmu_cnt/U12/Y (INVX2_RVT)                                  0.048         0.345 f
  u_pmu_cnt/U34/Y (NAND2X1_RVT)                                0.091         0.436 r
  u_pmu_thr/U07/Y (AOI22X1_RVT)                                0.084         0.52 f
  u_pmu_thr/U19/Y (OAI21X1_RVT)                                0.094         0.614 r
  u_pmu_irq/U03/Y (MUX21X1_RVT)                                0.063         0.677 r
  u_pmu_irq/U11/Y (AND2X1_RVT)                                 0.053         0.73 f
  u_pmu_irq/U22/Y (NOR2X1_RVT)                                 0.071         0.801 r
  u_pmu_snap/U05/Y (BUFX4_RVT)                                  0.066         0.867 r
  u_pmu_snap/dout_reg[0]/D (DFFARX1_RVT)                        0.051        0.918 f
  data arrival time                                                    0.918

  clock CLK_CORE (rise edge)                                  2     2
  clock network delay (propagated)                        0.156      2.156
  clock uncertainty                                      -0.05   2.106
  u_pmu_snap/dout_reg[0]/CK (DFFARX1_RVT)                       0.000       2.106 r
  library setup time                                     -0.085   2.021
  data required time                                                   2.021
  -------------------------------------------------------------------------
  data required time                                                   2.021
  data arrival time                                                   -0.918
  -------------------------------------------------------------------------
  slack (MET)      1.103


=========================================================================
                   PMU_TOP -- TIMING SUMMARY
=========================================================================

  Block        : PMU_TOP
  Corner       : ss_0p63v_0p63v_n40c
  Check        : max  (Setup — Ultra-low-voltage, cold)
  Clock        : CLK_CORE  Period = 2 ns  (500 MHz)
  Technology   : SAED 32nm RVT

  +------------------------------------------------------------------+
  | Sub-Unit          WNS (ns)  TNS (ns)  #Viol   WHS (ns)  #HViol  |
  +------------------------------------------------------------------+
  | u_pmu_cnt          1.103       0.000       0      0.06        0     |
  | u_pmu_thr          0.066       0.000       0      0.13        0     |
  | u_pmu_irq          0.184       0.000       0      0.097        0     |
  | u_pmu_snap          0.08       0.000       0      0.083        0     |
  +------------------------------------------------------------------+
  | PMU_TOP   1.103       0.000       0      0.06        0     |
  +------------------------------------------------------------------+

  Status : ALL PATHS CLEAN -- No Setup or Hold Violations


=========================================================================
                   TIMING EXCEPTIONS APPLIED
=========================================================================

  set_false_path -from [get_ports SCAN_EN]      -to [all_registers]
  set_false_path -from [get_ports TEST_MODE]     -to [all_registers]
  set_multicycle_path 2 -setup -from [get_cells u_pmu_cnt/*] -to [get_cells u_pmu_snap/*]
  set_multicycle_path 1 -hold  -from [get_cells u_pmu_cnt/*] -to [get_cells u_pmu_snap/*]
  set_input_delay  0.400 -clock CLK_CORE -max [all_inputs]
  set_output_delay 0.350 -clock CLK_CORE -max [all_outputs]


=========================================================================
                   CLOCK DOMAIN SUMMARY
=========================================================================

  Clock    : CLK_CORE
  Period   : 2 ns
  Waveform : {0.000 1}
  Skew     : 0.027 ns  (max across PMU_TOP)
  Latency  : 0.156 ns  (max)


=========================================================================
                   CONSTRAINT COVERAGE
=========================================================================

  Total register endpoints   : 2946
  Constrained endpoints      : 1579
  Unconstrained endpoints    :      0
  Coverage                   :  100.0%


=========================================================================
                   TOOL / RUN INFORMATION
=========================================================================

  Tool         : Synopsys PrimeTime 2023.06-SP3
  Run Host     : sta-server-01
  Run Dir      : /proj/cpu_rtl/sta/UNCORE/PMU/run_ss_0p63v_0p63v_n40c
  SDC File     : /proj/cpu_rtl/constraints/PMU_TOP.sdc
  Netlist      : /proj/cpu_rtl/netlist/PMU_TOP.v.gz
  SPEF File    : /proj/cpu_rtl/spef/PMU_TOP.spef.gz
  Liberty      : saed32nm_rvt_ss_0p63v_0p63v_n40c.db
  Elapsed Time : 00:08:43
  Peak Memory  : 1.216 GB

=========================================================================
End of Report
=========================================================================
