****************************************
Report : timing
        -path_type full
        -delay_type min
        -max_paths 10
        -sort_by slack
Design : PMU_TOP
Version: PrimeTime 2023.06-SP3
Date   : Sat Aug 15 18:20:45 2026
Corner : ff_1p32v_1p32v_n40c
Note   : Hold — High-voltage fast corner, cold
****************************************

Operating Conditions : ff_1p32v_1p32v_n40c (Library: saed32nm_rvt)
Wire Load Model Mode : Interconnect (StarRC Extracted)

  Startpoint : u_pmu_cnt/din_reg[0]
               (rising edge-triggered flip-flop clocked by CLK_CORE)
  Endpoint   : u_pmu_snap/dout_reg[0]
               (rising edge-triggered flip-flop clocked by CLK_CORE)
  Path Group : CLK_CORE
  Path Type  : min

  Point                                                   Incr        Path
  -------------------------------------------------------------------------
  clock CLK_CORE (rise edge)                                  0.000       0.000
  clock network delay (propagated)                        0.153      0.153
  u_pmu_cnt/din_reg[0]/CK (DFFARX1_RVT)                        0.000       0.153 r
  u_pmu_cnt/din_reg[0]/Q  (DFFARX1_RVT)                        0.113         0.266 r
  u_pmu_cnt/U12/Y (INVX2_RVT)                                  0.055         0.321 f
  u_pmu_cnt/U34/Y (NAND2X1_RVT)                                0.088         0.409 r
  u_pmu_thr/U07/Y (AOI22X1_RVT)                                0.092         0.501 f
  u_pmu_thr/U19/Y (OAI21X1_RVT)                                0.081         0.582 r
  u_pmu_irq/U03/Y (MUX21X1_RVT)                                0.063         0.645 r
  u_pmu_irq/U11/Y (AND2X1_RVT)                                 0.067         0.712 f
  u_pmu_irq/U22/Y (NOR2X1_RVT)                                 0.056         0.768 r
  u_pmu_snap/U05/Y (BUFX4_RVT)                                  0.064         0.832 r
  u_pmu_snap/dout_reg[0]/D (DFFARX1_RVT)                        0.077        0.909 f
  data arrival time                                                    0.909

  clock CLK_CORE (rise edge)                                  2     2
  clock network delay (propagated)                        0.153      2.153
  clock uncertainty                                      -0.05   2.103
  u_pmu_snap/dout_reg[0]/CK (DFFARX1_RVT)                       0.000       2.103 r
  library setup time                                     -0.068   2.035
  data required time                                                   2.035
  -------------------------------------------------------------------------
  data required time                                                   2.035
  data arrival time                                                   -0.909
  -------------------------------------------------------------------------
  slack (MET)      1.126


=========================================================================
                   PMU_TOP -- TIMING SUMMARY
=========================================================================

  Block        : PMU_TOP
  Corner       : ff_1p32v_1p32v_n40c
  Check        : min  (Hold — High-voltage fast corner, cold)
  Clock        : CLK_CORE  Period = 2 ns  (500 MHz)
  Technology   : SAED 32nm RVT

  +------------------------------------------------------------------+
  | Sub-Unit          WNS (ns)  TNS (ns)  #Viol   WHS (ns)  #HViol  |
  +------------------------------------------------------------------+
  | u_pmu_cnt          1.126       0.000       0      0.109        0     |
  | u_pmu_thr          0.221       0.000       0      0.108        0     |
  | u_pmu_irq          0.047       0.000       0      0.055        0     |
  | u_pmu_snap          0.123       0.000       0      0.084        0     |
  +------------------------------------------------------------------+
  | PMU_TOP   1.126       0.000       0      0.109        0     |
  +------------------------------------------------------------------+

  Status : ALL PATHS CLEAN -- No Setup or Hold Violations


=========================================================================
                   TIMING EXCEPTIONS APPLIED
=========================================================================

  set_false_path -from [get_ports SCAN_EN]      -to [all_registers]
  set_false_path -from [get_ports TEST_MODE]     -to [all_registers]
  set_multicycle_path 2 -setup -from [get_cells u_pmu_cnt/*] -to [get_cells u_pmu_snap/*]
  set_multicycle_path 1 -hold  -from [get_cells u_pmu_cnt/*] -to [get_cells u_pmu_snap/*]
  set_input_delay  0.400 -clock CLK_CORE -max [all_inputs]
  set_output_delay 0.350 -clock CLK_CORE -max [all_outputs]


=========================================================================
                   CLOCK DOMAIN SUMMARY
=========================================================================

  Clock    : CLK_CORE
  Period   : 2 ns
  Waveform : {0.000 1}
  Skew     : 0.016 ns  (max across PMU_TOP)
  Latency  : 0.153 ns  (max)


=========================================================================
                   CONSTRAINT COVERAGE
=========================================================================

  Total register endpoints   : 6510
  Constrained endpoints      : 5164
  Unconstrained endpoints    :      0
  Coverage                   :  100.0%


=========================================================================
                   TOOL / RUN INFORMATION
=========================================================================

  Tool         : Synopsys PrimeTime 2023.06-SP3
  Run Host     : sta-server-01
  Run Dir      : /proj/cpu_rtl/sta/UNCORE/PMU/run_ff_1p32v_1p32v_n40c
  SDC File     : /proj/cpu_rtl/constraints/PMU_TOP.sdc
  Netlist      : /proj/cpu_rtl/netlist/PMU_TOP.v.gz
  SPEF File    : /proj/cpu_rtl/spef/PMU_TOP.spef.gz
  Liberty      : saed32nm_rvt_ff_1p32v_1p32v_n40c.db
  Elapsed Time : 00:05:25
  Peak Memory  : 2.837 GB

=========================================================================
End of Report
=========================================================================
