****************************************
Report : timing
        -path_type full
        -delay_type max
        -max_paths 10
        -sort_by slack
Design : PMU_TOP
Version: PrimeTime 2023.06-SP3
Date   : Sat Aug 15 18:20:45 2026
Corner : ss_0p72v_0p72v_125c
Note   : Multicycle 2-cycle — Worst-case corner
****************************************

Operating Conditions : ss_0p72v_0p72v_125c (Library: saed32nm_rvt)
Wire Load Model Mode : Interconnect (StarRC Extracted)

  Startpoint : u_pmu_cnt/din_reg[0]
               (rising edge-triggered flip-flop clocked by CLK_CORE)
  Endpoint   : u_pmu_snap/dout_reg[0]
               (rising edge-triggered flip-flop clocked by CLK_CORE)
  Path Group : CLK_CORE
  Path Type  : max

  Point                                                   Incr        Path
  -------------------------------------------------------------------------
  clock CLK_CORE (rise edge)                                  0.000       0.000
  clock network delay (propagated)                        0.142      0.142
  u_pmu_cnt/din_reg[0]/CK (DFFARX1_RVT)                        0.000       0.142 r
  u_pmu_cnt/din_reg[0]/Q  (DFFARX1_RVT)                        0.133         0.275 r
  u_pmu_cnt/U12/Y (INVX2_RVT)                                  0.048         0.323 f
  u_pmu_cnt/U34/Y (NAND2X1_RVT)                                0.062         0.385 r
  u_pmu_thr/U07/Y (AOI22X1_RVT)                                0.075         0.46 f
  u_pmu_thr/U19/Y (OAI21X1_RVT)                                0.109         0.569 r
  u_pmu_irq/U03/Y (MUX21X1_RVT)                                0.091         0.66 r
  u_pmu_irq/U11/Y (AND2X1_RVT)                                 0.067         0.727 f
  u_pmu_irq/U22/Y (NOR2X1_RVT)                                 0.048         0.775 r
  u_pmu_snap/U05/Y (BUFX4_RVT)                                  0.073         0.848 r
  u_pmu_snap/dout_reg[0]/D (DFFARX1_RVT)                        0.063        0.911 f
  data arrival time                                                    0.911

  clock CLK_CORE (rise edge)                                  2     2
  clock network delay (propagated)                        0.142      2.142
  clock uncertainty                                      -0.05   2.092
  u_pmu_snap/dout_reg[0]/CK (DFFARX1_RVT)                       0.000       2.092 r
  library setup time                                     -0.085   2.007
  data required time                                                   2.007
  -------------------------------------------------------------------------
  data required time                                                   2.007
  data arrival time                                                   -0.911
  -------------------------------------------------------------------------
  slack (MET)      1.096


=========================================================================
                   PMU_TOP -- TIMING SUMMARY
=========================================================================

  Block        : PMU_TOP
  Corner       : ss_0p72v_0p72v_125c
  Check        : max  (Multicycle 2-cycle — Worst-case corner)
  Clock        : CLK_CORE  Period = 2 ns  (500 MHz)
  Technology   : SAED 32nm RVT

  +------------------------------------------------------------------+
  | Sub-Unit          WNS (ns)  TNS (ns)  #Viol   WHS (ns)  #HViol  |
  +------------------------------------------------------------------+
  | u_pmu_cnt          1.096       0.000       0      0.125        0     |
  | u_pmu_thr          0.227       0.000       0      0.119        0     |
  | u_pmu_irq          0.217       0.000       0      0.115        0     |
  | u_pmu_snap          0.155       0.000       0      0.125        0     |
  +------------------------------------------------------------------+
  | PMU_TOP   1.096       0.000       0      0.125        0     |
  +------------------------------------------------------------------+

  Status : ALL PATHS CLEAN -- No Setup or Hold Violations


=========================================================================
                   TIMING EXCEPTIONS APPLIED
=========================================================================

  set_false_path -from [get_ports SCAN_EN]      -to [all_registers]
  set_false_path -from [get_ports TEST_MODE]     -to [all_registers]
  set_multicycle_path 2 -setup -from [get_cells u_pmu_cnt/*] -to [get_cells u_pmu_snap/*]
  set_multicycle_path 1 -hold  -from [get_cells u_pmu_cnt/*] -to [get_cells u_pmu_snap/*]
  set_input_delay  0.400 -clock CLK_CORE -max [all_inputs]
  set_output_delay 0.350 -clock CLK_CORE -max [all_outputs]


=========================================================================
                   CLOCK DOMAIN SUMMARY
=========================================================================

  Clock    : CLK_CORE
  Period   : 2 ns
  Waveform : {0.000 1}
  Skew     : 0.018 ns  (max across PMU_TOP)
  Latency  : 0.142 ns  (max)


=========================================================================
                   CONSTRAINT COVERAGE
=========================================================================

  Total register endpoints   : 4859
  Constrained endpoints      : 4401
  Unconstrained endpoints    :      0
  Coverage                   :  100.0%


=========================================================================
                   TOOL / RUN INFORMATION
=========================================================================

  Tool         : Synopsys PrimeTime 2023.06-SP3
  Run Host     : sta-server-01
  Run Dir      : /proj/cpu_rtl/sta/UNCORE/PMU/run_ss_0p72v_0p72v_125c
  SDC File     : /proj/cpu_rtl/constraints/PMU_TOP.sdc
  Netlist      : /proj/cpu_rtl/netlist/PMU_TOP.v.gz
  SPEF File    : /proj/cpu_rtl/spef/PMU_TOP.spef.gz
  Liberty      : saed32nm_rvt_ss_0p72v_0p72v_125c.db
  Elapsed Time : 00:05:58
  Peak Memory  : 4.631 GB

=========================================================================
End of Report
=========================================================================
