****************************************
Report : timing
        -path_type full
        -delay_type max
        -max_paths 10
        -sort_by slack
Design : PMU_TOP
Version: PrimeTime 2023.06-SP3
Date   : Sat Aug 15 18:20:45 2026
Corner : tt_0p90v_0p90v_25c
Note   : Final tapeout sign-off setup — Nominal corner
****************************************

Operating Conditions : tt_0p90v_0p90v_25c (Library: saed32nm_rvt)
Wire Load Model Mode : Interconnect (StarRC Extracted)

  Startpoint : u_pmu_cnt/din_reg[0]
               (rising edge-triggered flip-flop clocked by CLK_CORE)
  Endpoint   : u_pmu_snap/dout_reg[0]
               (rising edge-triggered flip-flop clocked by CLK_CORE)
  Path Group : CLK_CORE
  Path Type  : max

  Point                                                   Incr        Path
  -------------------------------------------------------------------------
  clock CLK_CORE (rise edge)                                  0.000       0.000
  clock network delay (propagated)                        0.141      0.141
  u_pmu_cnt/din_reg[0]/CK (DFFARX1_RVT)                        0.000       0.141 r
  u_pmu_cnt/din_reg[0]/Q  (DFFARX1_RVT)                        0.118         0.259 r
  u_pmu_cnt/U12/Y (INVX2_RVT)                                  0.047         0.306 f
  u_pmu_cnt/U34/Y (NAND2X1_RVT)                                0.076         0.382 r
  u_pmu_thr/U07/Y (AOI22X1_RVT)                                0.096         0.478 f
  u_pmu_thr/U19/Y (OAI21X1_RVT)                                0.101         0.579 r
  u_pmu_irq/U03/Y (MUX21X1_RVT)                                0.095         0.674 r
  u_pmu_irq/U11/Y (AND2X1_RVT)                                 0.05         0.724 f
  u_pmu_irq/U22/Y (NOR2X1_RVT)                                 0.047         0.771 r
  u_pmu_snap/U05/Y (BUFX4_RVT)                                  0.07         0.841 r
  u_pmu_snap/dout_reg[0]/D (DFFARX1_RVT)                        0.063        0.904 f
  data arrival time                                                    0.904

  clock CLK_CORE (rise edge)                                  2     2
  clock network delay (propagated)                        0.141      2.141
  clock uncertainty                                      -0.05   2.091
  u_pmu_snap/dout_reg[0]/CK (DFFARX1_RVT)                       0.000       2.091 r
  library setup time                                     -0.072   2.019
  data required time                                                   2.019
  -------------------------------------------------------------------------
  data required time                                                   2.019
  data arrival time                                                   -0.904
  -------------------------------------------------------------------------
  slack (MET)      1.115


=========================================================================
                   PMU_TOP -- TIMING SUMMARY
=========================================================================

  Block        : PMU_TOP
  Corner       : tt_0p90v_0p90v_25c
  Check        : max  (Final tapeout sign-off setup — Nominal corner)
  Clock        : CLK_CORE  Period = 2 ns  (500 MHz)
  Technology   : SAED 32nm RVT

  +------------------------------------------------------------------+
  | Sub-Unit          WNS (ns)  TNS (ns)  #Viol   WHS (ns)  #HViol  |
  +------------------------------------------------------------------+
  | u_pmu_cnt          1.115       0.000       0      0.058        0     |
  | u_pmu_thr          0.221       0.000       0      0.051        0     |
  | u_pmu_irq          0.231       0.000       0      0.102        0     |
  | u_pmu_snap          0.246       0.000       0      0.082        0     |
  +------------------------------------------------------------------+
  | PMU_TOP   1.115       0.000       0      0.058        0     |
  +------------------------------------------------------------------+

  Status : ALL PATHS CLEAN -- No Setup or Hold Violations


=========================================================================
                   TIMING EXCEPTIONS APPLIED
=========================================================================

  set_false_path -from [get_ports SCAN_EN]      -to [all_registers]
  set_false_path -from [get_ports TEST_MODE]     -to [all_registers]
  set_multicycle_path 2 -setup -from [get_cells u_pmu_cnt/*] -to [get_cells u_pmu_snap/*]
  set_multicycle_path 1 -hold  -from [get_cells u_pmu_cnt/*] -to [get_cells u_pmu_snap/*]
  set_input_delay  0.400 -clock CLK_CORE -max [all_inputs]
  set_output_delay 0.350 -clock CLK_CORE -max [all_outputs]


=========================================================================
                   CLOCK DOMAIN SUMMARY
=========================================================================

  Clock    : CLK_CORE
  Period   : 2 ns
  Waveform : {0.000 1}
  Skew     : 0.017 ns  (max across PMU_TOP)
  Latency  : 0.141 ns  (max)


=========================================================================
                   CONSTRAINT COVERAGE
=========================================================================

  Total register endpoints   : 3978
  Constrained endpoints      : 3034
  Unconstrained endpoints    :      0
  Coverage                   :  100.0%


=========================================================================
                   TOOL / RUN INFORMATION
=========================================================================

  Tool         : Synopsys PrimeTime 2023.06-SP3
  Run Host     : sta-server-01
  Run Dir      : /proj/cpu_rtl/sta/UNCORE/PMU/run_tt_0p90v_0p90v_25c
  SDC File     : /proj/cpu_rtl/constraints/PMU_TOP.sdc
  Netlist      : /proj/cpu_rtl/netlist/PMU_TOP.v.gz
  SPEF File    : /proj/cpu_rtl/spef/PMU_TOP.spef.gz
  Liberty      : saed32nm_rvt_tt_0p90v_0p90v_25c.db
  Elapsed Time : 00:06:40
  Peak Memory  : 2.049 GB

=========================================================================
End of Report
=========================================================================
