****************************************
Report : timing
        -path_type full
        -delay_type min
        -max_paths 10
        -sort_by slack
Design : FDIV_TOP
Version: PrimeTime 2023.06-SP3
Date   : Sat Aug 15 17:34:53 2026
Corner : ff_1p16v_1p16v_n40c
Note   : Worst-case Hold  — Fast corner, cold temp
****************************************

Operating Conditions : ff_1p16v_1p16v_n40c (Library: saed32nm_rvt)
Wire Load Model Mode : Interconnect (StarRC Extracted)

  Startpoint : u_fdiv_iter/din_reg[0]
               (rising edge-triggered flip-flop clocked by CLK_CORE)
  Endpoint   : u_fdiv_rnd/dout_reg[0]
               (rising edge-triggered flip-flop clocked by CLK_CORE)
  Path Group : CLK_CORE
  Path Type  : min

  Point                                                   Incr        Path
  -------------------------------------------------------------------------
  clock CLK_CORE (rise edge)                                  0.000       0.000
  clock network delay (propagated)                        0.138      0.138
  u_fdiv_iter/din_reg[0]/CK (DFFARX1_RVT)                        0.000       0.138 r
  u_fdiv_iter/din_reg[0]/Q  (DFFARX1_RVT)                        0.124       0.262 r
  u_fdiv_iter/U12/Y (INVX2_RVT)                                  0.05       0.312 f
  u_fdiv_iter/U34/Y (NAND2X1_RVT)                                0.072       0.384 r
  u_fdiv_rem/U07/Y (AOI22X1_RVT)                                0.081       0.465 f
  u_fdiv_rem/U19/Y (OAI21X1_RVT)                                0.085       0.55 r
  u_fdiv_quo/U03/Y (MUX21X1_RVT)                                0.062       0.612 r
  u_fdiv_quo/U11/Y (AND2X1_RVT)                                 0.075       0.687 f
  u_fdiv_quo/U22/Y (NOR2X1_RVT)                                 0.054       0.741 r
  u_fdiv_rnd/U05/Y (BUFX4_RVT)                                  0.075       0.816 r
  u_fdiv_rnd/dout_reg[0]/D (DFFARX1_RVT)                        0.072      0.888 f
  data arrival time                                                    0.888

  clock CLK_CORE (rise edge)                                  2     2
  clock network delay (propagated)                        0.138      2.138
  clock uncertainty                                      -0.05   2.088
  u_fdiv_rnd/dout_reg[0]/CK (DFFARX1_RVT)                       0.000       2.088 r
  library setup time                                     -0.075   2.013
  data required time                                                   2.013
  -------------------------------------------------------------------------
  data required time                                                   2.013
  data arrival time                                                   -0.888
  -------------------------------------------------------------------------
  slack (MET)   1.125


=========================================================================
                   FDIV_TOP — TIMING SUMMARY
=========================================================================

  Block        : FDIV_TOP
  Corner       : ff_1p16v_1p16v_n40c
  Check        : min  (Worst-case Hold  — Fast corner, cold temp)
  Clock        : CLK_CORE  Period = 2 ns  (500 MHz)
  Technology   : SAED 32nm RVT

  ┌────────────────────────────────────────────────────────────────┐
  │ Sub-Unit      WNS (ns)  TNS (ns)  #Viol   WHS (ns)  #HViol  │
  ├────────────────────────────────────────────────────────────────┤
  │ u_fdiv_iter          1.125       0        0      0.108        0     │
  │ u_fdiv_rem          0.142       0        0      0.078        0     │
  │ u_fdiv_quo          0.177       0        0      0.118        0     │
  │ u_fdiv_rnd          0.182       0        0      0.119        0     │
  ├────────────────────────────────────────────────────────────────┤
  │ FDIV_TOP  1.125       0        0      0.108        0     │
  └────────────────────────────────────────────────────────────────┘

  Status : ALL PATHS CLEAN — No Setup or Hold Violations


=========================================================================
                   TIMING EXCEPTIONS APPLIED
=========================================================================

  set_false_path -from [get_ports SCAN_EN]      -to [all_registers]
  set_false_path -from [get_ports TEST_MODE]     -to [all_registers]
  set_multicycle_path 2 -setup -from [get_cells u_fdiv_iter/*] -to [get_cells u_fdiv_rnd/*]
  set_multicycle_path 1 -hold  -from [get_cells u_fdiv_iter/*] -to [get_cells u_fdiv_rnd/*]
  set_input_delay  0.400 -clock CLK_CORE -max [all_inputs]
  set_output_delay 0.350 -clock CLK_CORE -max [all_outputs]


=========================================================================
                   CLOCK DOMAIN SUMMARY
=========================================================================

  Clock    : CLK_CORE
  Period   : 2 ns
  Waveform : {0.000 1}
  Skew     : 0.02 ns  (max across FDIV_TOP)
  Latency  : 0.138 ns  (max)


=========================================================================
                   CONSTRAINT COVERAGE
=========================================================================

  Total register endpoints   : 5309
  Constrained endpoints      : 3569
  Unconstrained endpoints    :      0
  Coverage                   :  100.0%


=========================================================================
                   TOOL / RUN INFORMATION
=========================================================================

  Tool         : Synopsys PrimeTime 2023.06-SP3
  Run Host     : sta-server-01
  Run Dir      : /proj/cpu_rtl/sta/EXECUTE/FPU/FDIV/run_ff_1p16v_1p16v_n40c
  SDC File     : /proj/cpu_rtl/constraints/FDIV_TOP.sdc
  Netlist      : /proj/cpu_rtl/netlist/FDIV_TOP.v.gz
  SPEF File    : /proj/cpu_rtl/spef/FDIV_TOP.spef.gz
  Liberty      : saed32nm_rvt_ff_1p16v_1p16v_n40c.db
  Elapsed Time : 00:07:19
  Peak Memory  : 1.991 GB

=========================================================================
End of Report
=========================================================================
