****************************************
Report : timing
        -path_type full
        -delay_type max
        -max_paths 10
        -sort_by slack
Design : FDIV_TOP
Version: PrimeTime 2023.06-SP3
Date   : Sat Aug 15 17:34:53 2026
Corner : ss_0p72v_0p72v_n40c
Note   : Cold Setup      — Slow corner, cold temp
****************************************

Operating Conditions : ss_0p72v_0p72v_n40c (Library: saed32nm_rvt)
Wire Load Model Mode : Interconnect (StarRC Extracted)

  Startpoint : u_fdiv_iter/din_reg[0]
               (rising edge-triggered flip-flop clocked by CLK_CORE)
  Endpoint   : u_fdiv_rnd/dout_reg[0]
               (rising edge-triggered flip-flop clocked by CLK_CORE)
  Path Group : CLK_CORE
  Path Type  : max

  Point                                                   Incr        Path
  -------------------------------------------------------------------------
  clock CLK_CORE (rise edge)                                  0.000       0.000
  clock network delay (propagated)                        0.161      0.161
  u_fdiv_iter/din_reg[0]/CK (DFFARX1_RVT)                        0.000       0.161 r
  u_fdiv_iter/din_reg[0]/Q  (DFFARX1_RVT)                        0.126       0.287 r
  u_fdiv_iter/U12/Y (INVX2_RVT)                                  0.063       0.35 f
  u_fdiv_iter/U34/Y (NAND2X1_RVT)                                0.062       0.412 r
  u_fdiv_rem/U07/Y (AOI22X1_RVT)                                0.093       0.505 f
  u_fdiv_rem/U19/Y (OAI21X1_RVT)                                0.119       0.624 r
  u_fdiv_quo/U03/Y (MUX21X1_RVT)                                0.062       0.686 r
  u_fdiv_quo/U11/Y (AND2X1_RVT)                                 0.061       0.747 f
  u_fdiv_quo/U22/Y (NOR2X1_RVT)                                 0.054       0.801 r
  u_fdiv_rnd/U05/Y (BUFX4_RVT)                                  0.074       0.875 r
  u_fdiv_rnd/dout_reg[0]/D (DFFARX1_RVT)                        0.067      0.942 f
  data arrival time                                                    0.942

  clock CLK_CORE (rise edge)                                  2     2
  clock network delay (propagated)                        0.161      2.161
  clock uncertainty                                      -0.05   2.111
  u_fdiv_rnd/dout_reg[0]/CK (DFFARX1_RVT)                       0.000       2.111 r
  library setup time                                     -0.078   2.033
  data required time                                                   2.033
  -------------------------------------------------------------------------
  data required time                                                   2.033
  data arrival time                                                   -0.942
  -------------------------------------------------------------------------
  slack (MET)   1.091


=========================================================================
                   FDIV_TOP — TIMING SUMMARY
=========================================================================

  Block        : FDIV_TOP
  Corner       : ss_0p72v_0p72v_n40c
  Check        : max  (Cold Setup      — Slow corner, cold temp)
  Clock        : CLK_CORE  Period = 2 ns  (500 MHz)
  Technology   : SAED 32nm RVT

  ┌────────────────────────────────────────────────────────────────┐
  │ Sub-Unit      WNS (ns)  TNS (ns)  #Viol   WHS (ns)  #HViol  │
  ├────────────────────────────────────────────────────────────────┤
  │ u_fdiv_iter          1.091       0        0      0.114        0     │
  │ u_fdiv_rem          0.189       0        0      0.072        0     │
  │ u_fdiv_quo          0.113       0        0      0.125        0     │
  │ u_fdiv_rnd          0.067       0        0      0.071        0     │
  ├────────────────────────────────────────────────────────────────┤
  │ FDIV_TOP  1.091       0        0      0.114        0     │
  └────────────────────────────────────────────────────────────────┘

  Status : ALL PATHS CLEAN — No Setup or Hold Violations


=========================================================================
                   TIMING EXCEPTIONS APPLIED
=========================================================================

  set_false_path -from [get_ports SCAN_EN]      -to [all_registers]
  set_false_path -from [get_ports TEST_MODE]     -to [all_registers]
  set_multicycle_path 2 -setup -from [get_cells u_fdiv_iter/*] -to [get_cells u_fdiv_rnd/*]
  set_multicycle_path 1 -hold  -from [get_cells u_fdiv_iter/*] -to [get_cells u_fdiv_rnd/*]
  set_input_delay  0.400 -clock CLK_CORE -max [all_inputs]
  set_output_delay 0.350 -clock CLK_CORE -max [all_outputs]


=========================================================================
                   CLOCK DOMAIN SUMMARY
=========================================================================

  Clock    : CLK_CORE
  Period   : 2 ns
  Waveform : {0.000 1}
  Skew     : 0.026 ns  (max across FDIV_TOP)
  Latency  : 0.161 ns  (max)


=========================================================================
                   CONSTRAINT COVERAGE
=========================================================================

  Total register endpoints   : 5485
  Constrained endpoints      : 4002
  Unconstrained endpoints    :      0
  Coverage                   :  100.0%


=========================================================================
                   TOOL / RUN INFORMATION
=========================================================================

  Tool         : Synopsys PrimeTime 2023.06-SP3
  Run Host     : sta-server-01
  Run Dir      : /proj/cpu_rtl/sta/EXECUTE/FPU/FDIV/run_ss_0p72v_0p72v_n40c
  SDC File     : /proj/cpu_rtl/constraints/FDIV_TOP.sdc
  Netlist      : /proj/cpu_rtl/netlist/FDIV_TOP.v.gz
  SPEF File    : /proj/cpu_rtl/spef/FDIV_TOP.spef.gz
  Liberty      : saed32nm_rvt_ss_0p72v_0p72v_n40c.db
  Elapsed Time : 00:07:27
  Peak Memory  : 4.659 GB

=========================================================================
End of Report
=========================================================================
