****************************************
Report : timing
        -path_type full
        -delay_type min
        -max_paths 10
        -sort_by slack
Design : FDIV_TOP
Version: PrimeTime 2023.06-SP3
Date   : Sat Aug 15 17:34:53 2026
Corner : ff_1p16v_1p16v_125c
Note   : Hot Hold        — Fast corner, high temp
****************************************

Operating Conditions : ff_1p16v_1p16v_125c (Library: saed32nm_rvt)
Wire Load Model Mode : Interconnect (StarRC Extracted)

  Startpoint : u_fdiv_iter/din_reg[0]
               (rising edge-triggered flip-flop clocked by CLK_CORE)
  Endpoint   : u_fdiv_rnd/dout_reg[0]
               (rising edge-triggered flip-flop clocked by CLK_CORE)
  Path Group : CLK_CORE
  Path Type  : min

  Point                                                   Incr        Path
  -------------------------------------------------------------------------
  clock CLK_CORE (rise edge)                                  0.000       0.000
  clock network delay (propagated)                        0.162      0.162
  u_fdiv_iter/din_reg[0]/CK (DFFARX1_RVT)                        0.000       0.162 r
  u_fdiv_iter/din_reg[0]/Q  (DFFARX1_RVT)                        0.145       0.307 r
  u_fdiv_iter/U12/Y (INVX2_RVT)                                  0.053       0.36 f
  u_fdiv_iter/U34/Y (NAND2X1_RVT)                                0.072       0.432 r
  u_fdiv_rem/U07/Y (AOI22X1_RVT)                                0.11       0.542 f
  u_fdiv_rem/U19/Y (OAI21X1_RVT)                                0.083       0.625 r
  u_fdiv_quo/U03/Y (MUX21X1_RVT)                                0.066       0.691 r
  u_fdiv_quo/U11/Y (AND2X1_RVT)                                 0.062       0.753 f
  u_fdiv_quo/U22/Y (NOR2X1_RVT)                                 0.065       0.818 r
  u_fdiv_rnd/U05/Y (BUFX4_RVT)                                  0.089       0.907 r
  u_fdiv_rnd/dout_reg[0]/D (DFFARX1_RVT)                        0.065      0.972 f
  data arrival time                                                    0.972

  clock CLK_CORE (rise edge)                                  2     2
  clock network delay (propagated)                        0.162      2.162
  clock uncertainty                                      -0.05   2.112
  u_fdiv_rnd/dout_reg[0]/CK (DFFARX1_RVT)                       0.000       2.112 r
  library setup time                                     -0.074   2.038
  data required time                                                   2.038
  -------------------------------------------------------------------------
  data required time                                                   2.038
  data arrival time                                                   -0.972
  -------------------------------------------------------------------------
  slack (MET)   1.066


=========================================================================
                   FDIV_TOP — TIMING SUMMARY
=========================================================================

  Block        : FDIV_TOP
  Corner       : ff_1p16v_1p16v_125c
  Check        : min  (Hot Hold        — Fast corner, high temp)
  Clock        : CLK_CORE  Period = 2 ns  (500 MHz)
  Technology   : SAED 32nm RVT

  ┌────────────────────────────────────────────────────────────────┐
  │ Sub-Unit      WNS (ns)  TNS (ns)  #Viol   WHS (ns)  #HViol  │
  ├────────────────────────────────────────────────────────────────┤
  │ u_fdiv_iter          1.066       0        0      0.092        0     │
  │ u_fdiv_rem          0.168       0        0      0.123        0     │
  │ u_fdiv_quo          0.075       0        0      0.095        0     │
  │ u_fdiv_rnd          0.155       0        0      0.096        0     │
  ├────────────────────────────────────────────────────────────────┤
  │ FDIV_TOP  1.066       0        0      0.092        0     │
  └────────────────────────────────────────────────────────────────┘

  Status : ALL PATHS CLEAN — No Setup or Hold Violations


=========================================================================
                   TIMING EXCEPTIONS APPLIED
=========================================================================

  set_false_path -from [get_ports SCAN_EN]      -to [all_registers]
  set_false_path -from [get_ports TEST_MODE]     -to [all_registers]
  set_multicycle_path 2 -setup -from [get_cells u_fdiv_iter/*] -to [get_cells u_fdiv_rnd/*]
  set_multicycle_path 1 -hold  -from [get_cells u_fdiv_iter/*] -to [get_cells u_fdiv_rnd/*]
  set_input_delay  0.400 -clock CLK_CORE -max [all_inputs]
  set_output_delay 0.350 -clock CLK_CORE -max [all_outputs]


=========================================================================
                   CLOCK DOMAIN SUMMARY
=========================================================================

  Clock    : CLK_CORE
  Period   : 2 ns
  Waveform : {0.000 1}
  Skew     : 0.024 ns  (max across FDIV_TOP)
  Latency  : 0.162 ns  (max)


=========================================================================
                   CONSTRAINT COVERAGE
=========================================================================

  Total register endpoints   : 1629
  Constrained endpoints      : 4306
  Unconstrained endpoints    :      0
  Coverage                   :  100.0%


=========================================================================
                   TOOL / RUN INFORMATION
=========================================================================

  Tool         : Synopsys PrimeTime 2023.06-SP3
  Run Host     : sta-server-01
  Run Dir      : /proj/cpu_rtl/sta/EXECUTE/FPU/FDIV/run_ff_1p16v_1p16v_125c
  SDC File     : /proj/cpu_rtl/constraints/FDIV_TOP.sdc
  Netlist      : /proj/cpu_rtl/netlist/FDIV_TOP.v.gz
  SPEF File    : /proj/cpu_rtl/spef/FDIV_TOP.spef.gz
  Liberty      : saed32nm_rvt_ff_1p16v_1p16v_125c.db
  Elapsed Time : 00:06:14
  Peak Memory  : 4.331 GB

=========================================================================
End of Report
=========================================================================
