****************************************
Report : timing
        -path_type full
        -delay_type max
        -max_paths 10
        -sort_by slack
Design : FDIV_TOP
Version: PrimeTime 2023.06-SP3
Date   : Sat Aug 15 17:34:53 2026
Corner : ss_0p72v_0p72v_125c
Note   : Recovery/Removal Check — Async reset paths
****************************************

Operating Conditions : ss_0p72v_0p72v_125c (Library: saed32nm_rvt)
Wire Load Model Mode : Interconnect (StarRC Extracted)

  Startpoint : u_fdiv_iter/din_reg[0]
               (rising edge-triggered flip-flop clocked by CLK_CORE)
  Endpoint   : u_fdiv_rnd/dout_reg[0]
               (rising edge-triggered flip-flop clocked by CLK_CORE)
  Path Group : CLK_CORE
  Path Type  : max

  Point                                                   Incr        Path
  -------------------------------------------------------------------------
  clock CLK_CORE (rise edge)                                  0.000       0.000
  clock network delay (propagated)                        0.156      0.156
  u_fdiv_iter/din_reg[0]/CK (DFFARX1_RVT)                        0.000       0.156 r
  u_fdiv_iter/din_reg[0]/Q  (DFFARX1_RVT)                        0.137       0.293 r
  u_fdiv_iter/U12/Y (INVX2_RVT)                                  0.045       0.338 f
  u_fdiv_iter/U34/Y (NAND2X1_RVT)                                0.061       0.399 r
  u_fdiv_rem/U07/Y (AOI22X1_RVT)                                0.095       0.494 f
  u_fdiv_rem/U19/Y (OAI21X1_RVT)                                0.102       0.596 r
  u_fdiv_quo/U03/Y (MUX21X1_RVT)                                0.065       0.661 r
  u_fdiv_quo/U11/Y (AND2X1_RVT)                                 0.064       0.725 f
  u_fdiv_quo/U22/Y (NOR2X1_RVT)                                 0.048       0.773 r
  u_fdiv_rnd/U05/Y (BUFX4_RVT)                                  0.069       0.842 r
  u_fdiv_rnd/dout_reg[0]/D (DFFARX1_RVT)                        0.06      0.902 f
  data arrival time                                                    0.902

  clock CLK_CORE (rise edge)                                  2     2
  clock network delay (propagated)                        0.156      2.156
  clock uncertainty                                      -0.05   2.106
  u_fdiv_rnd/dout_reg[0]/CK (DFFARX1_RVT)                       0.000       2.106 r
  library setup time                                     -0.066   2.04
  data required time                                                   2.04
  -------------------------------------------------------------------------
  data required time                                                   2.04
  data arrival time                                                   -0.902
  -------------------------------------------------------------------------
  slack (MET)   1.138


=========================================================================
                   FDIV_TOP — TIMING SUMMARY
=========================================================================

  Block        : FDIV_TOP
  Corner       : ss_0p72v_0p72v_125c
  Check        : max  (Recovery/Removal Check — Async reset paths)
  Clock        : CLK_CORE  Period = 2 ns  (500 MHz)
  Technology   : SAED 32nm RVT

  ┌────────────────────────────────────────────────────────────────┐
  │ Sub-Unit      WNS (ns)  TNS (ns)  #Viol   WHS (ns)  #HViol  │
  ├────────────────────────────────────────────────────────────────┤
  │ u_fdiv_iter          1.138       0        0      0.106        0     │
  │ u_fdiv_rem          0.117       0        0      0.089        0     │
  │ u_fdiv_quo          0.173       0        0      0.056        0     │
  │ u_fdiv_rnd          0.129       0        0      0.071        0     │
  ├────────────────────────────────────────────────────────────────┤
  │ FDIV_TOP  1.138       0        0      0.106        0     │
  └────────────────────────────────────────────────────────────────┘

  Status : ALL PATHS CLEAN — No Setup or Hold Violations


=========================================================================
                   TIMING EXCEPTIONS APPLIED
=========================================================================

  set_false_path -from [get_ports SCAN_EN]      -to [all_registers]
  set_false_path -from [get_ports TEST_MODE]     -to [all_registers]
  set_multicycle_path 2 -setup -from [get_cells u_fdiv_iter/*] -to [get_cells u_fdiv_rnd/*]
  set_multicycle_path 1 -hold  -from [get_cells u_fdiv_iter/*] -to [get_cells u_fdiv_rnd/*]
  set_input_delay  0.400 -clock CLK_CORE -max [all_inputs]
  set_output_delay 0.350 -clock CLK_CORE -max [all_outputs]


=========================================================================
                   CLOCK DOMAIN SUMMARY
=========================================================================

  Clock    : CLK_CORE
  Period   : 2 ns
  Waveform : {0.000 1}
  Skew     : 0.017 ns  (max across FDIV_TOP)
  Latency  : 0.156 ns  (max)


=========================================================================
                   CONSTRAINT COVERAGE
=========================================================================

  Total register endpoints   : 4020
  Constrained endpoints      : 1990
  Unconstrained endpoints    :      0
  Coverage                   :  100.0%


=========================================================================
                   TOOL / RUN INFORMATION
=========================================================================

  Tool         : Synopsys PrimeTime 2023.06-SP3
  Run Host     : sta-server-01
  Run Dir      : /proj/cpu_rtl/sta/EXECUTE/FPU/FDIV/run_ss_0p72v_0p72v_125c
  SDC File     : /proj/cpu_rtl/constraints/FDIV_TOP.sdc
  Netlist      : /proj/cpu_rtl/netlist/FDIV_TOP.v.gz
  SPEF File    : /proj/cpu_rtl/spef/FDIV_TOP.spef.gz
  Liberty      : saed32nm_rvt_ss_0p72v_0p72v_125c.db
  Elapsed Time : 00:01:29
  Peak Memory  : 3.695 GB

=========================================================================
End of Report
=========================================================================
