****************************************
Report : timing
        -path_type full
        -delay_type max
        -max_paths 10
        -sort_by slack
Design : FDIV_TOP
Version: PrimeTime 2023.06-SP3
Date   : Sat Aug 15 17:34:53 2026
Corner : tt_0p90v_0p90v_25c
Note   : Multicycle Path Check — 2-cycle paths
****************************************

Operating Conditions : tt_0p90v_0p90v_25c (Library: saed32nm_rvt)
Wire Load Model Mode : Interconnect (StarRC Extracted)

  Startpoint : u_fdiv_iter/din_reg[0]
               (rising edge-triggered flip-flop clocked by CLK_CORE)
  Endpoint   : u_fdiv_rnd/dout_reg[0]
               (rising edge-triggered flip-flop clocked by CLK_CORE)
  Path Group : CLK_CORE
  Path Type  : max

  Point                                                   Incr        Path
  -------------------------------------------------------------------------
  clock CLK_CORE (rise edge)                                  0.000       0.000
  clock network delay (propagated)                        0.141      0.141
  u_fdiv_iter/din_reg[0]/CK (DFFARX1_RVT)                        0.000       0.141 r
  u_fdiv_iter/din_reg[0]/Q  (DFFARX1_RVT)                        0.116       0.257 r
  u_fdiv_iter/U12/Y (INVX2_RVT)                                  0.039       0.296 f
  u_fdiv_iter/U34/Y (NAND2X1_RVT)                                0.077       0.373 r
  u_fdiv_rem/U07/Y (AOI22X1_RVT)                                0.108       0.481 f
  u_fdiv_rem/U19/Y (OAI21X1_RVT)                                0.106       0.587 r
  u_fdiv_quo/U03/Y (MUX21X1_RVT)                                0.098       0.685 r
  u_fdiv_quo/U11/Y (AND2X1_RVT)                                 0.051       0.736 f
  u_fdiv_quo/U22/Y (NOR2X1_RVT)                                 0.068       0.804 r
  u_fdiv_rnd/U05/Y (BUFX4_RVT)                                  0.056       0.86 r
  u_fdiv_rnd/dout_reg[0]/D (DFFARX1_RVT)                        0.056      0.916 f
  data arrival time                                                    0.916

  clock CLK_CORE (rise edge)                                  2     2
  clock network delay (propagated)                        0.141      2.141
  clock uncertainty                                      -0.05   2.091
  u_fdiv_rnd/dout_reg[0]/CK (DFFARX1_RVT)                       0.000       2.091 r
  library setup time                                     -0.072   2.019
  data required time                                                   2.019
  -------------------------------------------------------------------------
  data required time                                                   2.019
  data arrival time                                                   -0.916
  -------------------------------------------------------------------------
  slack (MET)   1.103


=========================================================================
                   FDIV_TOP — TIMING SUMMARY
=========================================================================

  Block        : FDIV_TOP
  Corner       : tt_0p90v_0p90v_25c
  Check        : max  (Multicycle Path Check — 2-cycle paths)
  Clock        : CLK_CORE  Period = 2 ns  (500 MHz)
  Technology   : SAED 32nm RVT

  ┌────────────────────────────────────────────────────────────────┐
  │ Sub-Unit      WNS (ns)  TNS (ns)  #Viol   WHS (ns)  #HViol  │
  ├────────────────────────────────────────────────────────────────┤
  │ u_fdiv_iter          1.103       0        0      0.062        0     │
  │ u_fdiv_rem          0.129       0        0      0.092        0     │
  │ u_fdiv_quo          0.112       0        0      0.059        0     │
  │ u_fdiv_rnd          0.116       0        0      0.057        0     │
  ├────────────────────────────────────────────────────────────────┤
  │ FDIV_TOP  1.103       0        0      0.062        0     │
  └────────────────────────────────────────────────────────────────┘

  Status : ALL PATHS CLEAN — No Setup or Hold Violations


=========================================================================
                   TIMING EXCEPTIONS APPLIED
=========================================================================

  set_false_path -from [get_ports SCAN_EN]      -to [all_registers]
  set_false_path -from [get_ports TEST_MODE]     -to [all_registers]
  set_multicycle_path 2 -setup -from [get_cells u_fdiv_iter/*] -to [get_cells u_fdiv_rnd/*]
  set_multicycle_path 1 -hold  -from [get_cells u_fdiv_iter/*] -to [get_cells u_fdiv_rnd/*]
  set_input_delay  0.400 -clock CLK_CORE -max [all_inputs]
  set_output_delay 0.350 -clock CLK_CORE -max [all_outputs]


=========================================================================
                   CLOCK DOMAIN SUMMARY
=========================================================================

  Clock    : CLK_CORE
  Period   : 2 ns
  Waveform : {0.000 1}
  Skew     : 0.025 ns  (max across FDIV_TOP)
  Latency  : 0.141 ns  (max)


=========================================================================
                   CONSTRAINT COVERAGE
=========================================================================

  Total register endpoints   : 2366
  Constrained endpoints      : 3974
  Unconstrained endpoints    :      0
  Coverage                   :  100.0%


=========================================================================
                   TOOL / RUN INFORMATION
=========================================================================

  Tool         : Synopsys PrimeTime 2023.06-SP3
  Run Host     : sta-server-01
  Run Dir      : /proj/cpu_rtl/sta/EXECUTE/FPU/FDIV/run_tt_0p90v_0p90v_25c
  SDC File     : /proj/cpu_rtl/constraints/FDIV_TOP.sdc
  Netlist      : /proj/cpu_rtl/netlist/FDIV_TOP.v.gz
  SPEF File    : /proj/cpu_rtl/spef/FDIV_TOP.spef.gz
  Liberty      : saed32nm_rvt_tt_0p90v_0p90v_25c.db
  Elapsed Time : 00:03:36
  Peak Memory  : 4.707 GB

=========================================================================
End of Report
=========================================================================
