================================================================================
  STA TOP-LEVEL DUMP LOG  —  PD_STA_REPORTS
================================================================================

  Root Directory   : D:\Certificates\PD_STA_REPORTS
  Parsed At        : 2026-08-15T19:15:02
  Total Blocks     : 5
  Total Reports    : 55


AGGREGATE SUMMARY
----------------------------------------
  Overall Status   : MET
  Worst WNS  (ns)  : 0.000
  Worst TNS  (ns)  : 0.000
  Worst WHS  (ns)  : 0.000
  Total Violations : 0

BY PIPELINE STAGE
----------------------------------------
  Stage                   Owner            #       WNS       TNS       WHS  STATUS
  ──────────────────────  ────────────  ────  ────────  ────────  ────────  ──────────
  DECODE                  MTO_User2        5     0.000     0.000     0.000  MET

BY CORNER
----------------------------------------
  Name                                              #       WNS       TNS       WHS  STATUS
  ─────────────────────────────────────────────  ────  ────────  ────────  ────────  ──────────
  N/A                                               5     0.000     0.000     0.000  MET
  ff_1p16v_1p16v_125c                               5     1.035     0.000     0.061  MET
  ff_1p16v_1p16v_n40c                               5     1.081     0.000     0.072  MET
  ss_0p63v_0p63v_125c                               5     1.084     0.000     0.065  MET
  ss_0p72v_0p72v_125c                              10     1.021     0.000     0.062  MET
  ss_0p72v_0p72v_n40c                               5     1.093     0.000     0.061  MET
  tt_0p90v_0p90v_25c                               20     1.009     0.000     0.062  MET

BY CHECK TYPE
----------------------------------------
  Name                                              #       WNS       TNS       WHS  STATUS
  ─────────────────────────────────────────────  ────  ────────  ────────  ────────  ──────────
  N/A                                               5     0.000     0.000     0.000  MET
  hold                                             15     1.035     0.000     0.061  MET
  setup                                            35     1.009     0.000     0.061  MET

PER-BLOCK SUMMARY
----------------------------------------
  Block                                          Design                  Rpts       WNS       TNS       WHS  STATUS      Owner
  ─────────────────────────────────────────────  ──────────────────────  ────  ────────  ────────  ────────  ──────────  ────────────
  DECODE\DECODE_QUEUE                            DECODE_QUEUE_TOP          11     0.000     0.000     0.000  MET         User8
  DECODE\INSTRUCTION_DECODER                     INSTR_DECODER_TOP         11     0.000     0.000     0.000  MET         User9
  DECODE\INSTRUCTION_LENGTH_DECODER              ILD_TOP                   11     0.000     0.000     0.000  MET         User10
  DECODE\MICRO_OP_SPLITTER                       MICRO_OP_SPLIT_TOP        11     0.000     0.000     0.000  MET         User11
  DECODE\PRE_DECODE                              PRE_DECODE_TOP            11     0.000     0.000     0.000  MET         User12

================================================================================
END OF TOP-LEVEL DUMP LOG
================================================================================