****************************************
Report : timing
        -path_type full
        -delay_type min
        -max_paths 10
        -sort_by slack
Design : ARF_TOP
Version: PrimeTime 2023.06-SP3
Date   : Sat Aug 15 17:34:54 2026
Corner : tt_0p90v_0p90v_25c
Note   : Typical Hold    — Nominal corner
****************************************

Operating Conditions : tt_0p90v_0p90v_25c (Library: saed32nm_rvt)
Wire Load Model Mode : Interconnect (StarRC Extracted)

  Startpoint : u_arf_rd/din_reg[0]
               (rising edge-triggered flip-flop clocked by CLK_CORE)
  Endpoint   : u_arf_rst/dout_reg[0]
               (rising edge-triggered flip-flop clocked by CLK_CORE)
  Path Group : CLK_CORE
  Path Type  : min

  Point                                                   Incr        Path
  -------------------------------------------------------------------------
  clock CLK_CORE (rise edge)                                  0.000       0.000
  clock network delay (propagated)                        0.132      0.132
  u_arf_rd/din_reg[0]/CK (DFFARX1_RVT)                        0.000       0.132 r
  u_arf_rd/din_reg[0]/Q  (DFFARX1_RVT)                        0.119       0.251 r
  u_arf_rd/U12/Y (INVX2_RVT)                                  0.044       0.295 f
  u_arf_rd/U34/Y (NAND2X1_RVT)                                0.092       0.387 r
  u_arf_wr/U07/Y (AOI22X1_RVT)                                0.096       0.483 f
  u_arf_wr/U19/Y (OAI21X1_RVT)                                0.111       0.594 r
  u_arf_chkpt/U03/Y (MUX21X1_RVT)                                0.072       0.666 r
  u_arf_chkpt/U11/Y (AND2X1_RVT)                                 0.083       0.749 f
  u_arf_chkpt/U22/Y (NOR2X1_RVT)                                 0.038       0.787 r
  u_arf_rst/U05/Y (BUFX4_RVT)                                  0.06       0.847 r
  u_arf_rst/dout_reg[0]/D (DFFARX1_RVT)                        0.059      0.906 f
  data arrival time                                                    0.906

  clock CLK_CORE (rise edge)                                  2     2
  clock network delay (propagated)                        0.132      2.132
  clock uncertainty                                      -0.05   2.082
  u_arf_rst/dout_reg[0]/CK (DFFARX1_RVT)                       0.000       2.082 r
  library setup time                                     -0.075   2.007
  data required time                                                   2.007
  -------------------------------------------------------------------------
  data required time                                                   2.007
  data arrival time                                                   -0.906
  -------------------------------------------------------------------------
  slack (MET)   1.101


=========================================================================
                   ARF_TOP — TIMING SUMMARY
=========================================================================

  Block        : ARF_TOP
  Corner       : tt_0p90v_0p90v_25c
  Check        : min  (Typical Hold    — Nominal corner)
  Clock        : CLK_CORE  Period = 2 ns  (500 MHz)
  Technology   : SAED 32nm RVT

  ┌────────────────────────────────────────────────────────────────┐
  │ Sub-Unit      WNS (ns)  TNS (ns)  #Viol   WHS (ns)  #HViol  │
  ├────────────────────────────────────────────────────────────────┤
  │ u_arf_rd          1.101       0        0      0.116        0     │
  │ u_arf_wr          0.11       0        0      0.125        0     │
  │ u_arf_chkpt          0.133       0        0      0.077        0     │
  │ u_arf_rst          0.058       0        0      0.057        0     │
  ├────────────────────────────────────────────────────────────────┤
  │ ARF_TOP  1.101       0        0      0.116        0     │
  └────────────────────────────────────────────────────────────────┘

  Status : ALL PATHS CLEAN — No Setup or Hold Violations


=========================================================================
                   TIMING EXCEPTIONS APPLIED
=========================================================================

  set_false_path -from [get_ports SCAN_EN]      -to [all_registers]
  set_false_path -from [get_ports TEST_MODE]     -to [all_registers]
  set_multicycle_path 2 -setup -from [get_cells u_arf_rd/*] -to [get_cells u_arf_rst/*]
  set_multicycle_path 1 -hold  -from [get_cells u_arf_rd/*] -to [get_cells u_arf_rst/*]
  set_input_delay  0.400 -clock CLK_CORE -max [all_inputs]
  set_output_delay 0.350 -clock CLK_CORE -max [all_outputs]


=========================================================================
                   CLOCK DOMAIN SUMMARY
=========================================================================

  Clock    : CLK_CORE
  Period   : 2 ns
  Waveform : {0.000 1}
  Skew     : 0.015 ns  (max across ARF_TOP)
  Latency  : 0.132 ns  (max)


=========================================================================
                   CONSTRAINT COVERAGE
=========================================================================

  Total register endpoints   : 3186
  Constrained endpoints      : 2180
  Unconstrained endpoints    :      0
  Coverage                   :  100.0%


=========================================================================
                   TOOL / RUN INFORMATION
=========================================================================

  Tool         : Synopsys PrimeTime 2023.06-SP3
  Run Host     : sta-server-01
  Run Dir      : /proj/cpu_rtl/sta/COMMIT/ARF/run_tt_0p90v_0p90v_25c
  SDC File     : /proj/cpu_rtl/constraints/ARF_TOP.sdc
  Netlist      : /proj/cpu_rtl/netlist/ARF_TOP.v.gz
  SPEF File    : /proj/cpu_rtl/spef/ARF_TOP.spef.gz
  Liberty      : saed32nm_rvt_tt_0p90v_0p90v_25c.db
  Elapsed Time : 00:02:49
  Peak Memory  : 2.898 GB

=========================================================================
End of Report
=========================================================================
