****************************************
Report : timing
        -path_type full
        -delay_type min
        -max_paths 10
        -sort_by slack
Design : ARF_TOP
Version: PrimeTime 2023.06-SP3
Date   : Sat Aug 15 17:34:54 2026
Corner : ff_1p16v_1p16v_125c
Note   : Hot Hold        — Fast corner, high temp
****************************************

Operating Conditions : ff_1p16v_1p16v_125c (Library: saed32nm_rvt)
Wire Load Model Mode : Interconnect (StarRC Extracted)

  Startpoint : u_arf_rd/din_reg[0]
               (rising edge-triggered flip-flop clocked by CLK_CORE)
  Endpoint   : u_arf_rst/dout_reg[0]
               (rising edge-triggered flip-flop clocked by CLK_CORE)
  Path Group : CLK_CORE
  Path Type  : min

  Point                                                   Incr        Path
  -------------------------------------------------------------------------
  clock CLK_CORE (rise edge)                                  0.000       0.000
  clock network delay (propagated)                        0.134      0.134
  u_arf_rd/din_reg[0]/CK (DFFARX1_RVT)                        0.000       0.134 r
  u_arf_rd/din_reg[0]/Q  (DFFARX1_RVT)                        0.126       0.26 r
  u_arf_rd/U12/Y (INVX2_RVT)                                  0.056       0.316 f
  u_arf_rd/U34/Y (NAND2X1_RVT)                                0.079       0.395 r
  u_arf_wr/U07/Y (AOI22X1_RVT)                                0.087       0.482 f
  u_arf_wr/U19/Y (OAI21X1_RVT)                                0.111       0.593 r
  u_arf_chkpt/U03/Y (MUX21X1_RVT)                                0.094       0.687 r
  u_arf_chkpt/U11/Y (AND2X1_RVT)                                 0.064       0.751 f
  u_arf_chkpt/U22/Y (NOR2X1_RVT)                                 0.045       0.796 r
  u_arf_rst/U05/Y (BUFX4_RVT)                                  0.073       0.869 r
  u_arf_rst/dout_reg[0]/D (DFFARX1_RVT)                        0.065      0.934 f
  data arrival time                                                    0.934

  clock CLK_CORE (rise edge)                                  2     2
  clock network delay (propagated)                        0.134      2.134
  clock uncertainty                                      -0.05   2.084
  u_arf_rst/dout_reg[0]/CK (DFFARX1_RVT)                       0.000       2.084 r
  library setup time                                     -0.083   2.001
  data required time                                                   2.001
  -------------------------------------------------------------------------
  data required time                                                   2.001
  data arrival time                                                   -0.934
  -------------------------------------------------------------------------
  slack (MET)   1.067


=========================================================================
                   ARF_TOP — TIMING SUMMARY
=========================================================================

  Block        : ARF_TOP
  Corner       : ff_1p16v_1p16v_125c
  Check        : min  (Hot Hold        — Fast corner, high temp)
  Clock        : CLK_CORE  Period = 2 ns  (500 MHz)
  Technology   : SAED 32nm RVT

  ┌────────────────────────────────────────────────────────────────┐
  │ Sub-Unit      WNS (ns)  TNS (ns)  #Viol   WHS (ns)  #HViol  │
  ├────────────────────────────────────────────────────────────────┤
  │ u_arf_rd          1.067       0        0      0.073        0     │
  │ u_arf_wr          0.114       0        0      0.064        0     │
  │ u_arf_chkpt          0.113       0        0      0.128        0     │
  │ u_arf_rst          0.08       0        0      0.104        0     │
  ├────────────────────────────────────────────────────────────────┤
  │ ARF_TOP  1.067       0        0      0.073        0     │
  └────────────────────────────────────────────────────────────────┘

  Status : ALL PATHS CLEAN — No Setup or Hold Violations


=========================================================================
                   TIMING EXCEPTIONS APPLIED
=========================================================================

  set_false_path -from [get_ports SCAN_EN]      -to [all_registers]
  set_false_path -from [get_ports TEST_MODE]     -to [all_registers]
  set_multicycle_path 2 -setup -from [get_cells u_arf_rd/*] -to [get_cells u_arf_rst/*]
  set_multicycle_path 1 -hold  -from [get_cells u_arf_rd/*] -to [get_cells u_arf_rst/*]
  set_input_delay  0.400 -clock CLK_CORE -max [all_inputs]
  set_output_delay 0.350 -clock CLK_CORE -max [all_outputs]


=========================================================================
                   CLOCK DOMAIN SUMMARY
=========================================================================

  Clock    : CLK_CORE
  Period   : 2 ns
  Waveform : {0.000 1}
  Skew     : 0.02 ns  (max across ARF_TOP)
  Latency  : 0.134 ns  (max)


=========================================================================
                   CONSTRAINT COVERAGE
=========================================================================

  Total register endpoints   : 4172
  Constrained endpoints      : 1700
  Unconstrained endpoints    :      0
  Coverage                   :  100.0%


=========================================================================
                   TOOL / RUN INFORMATION
=========================================================================

  Tool         : Synopsys PrimeTime 2023.06-SP3
  Run Host     : sta-server-01
  Run Dir      : /proj/cpu_rtl/sta/COMMIT/ARF/run_ff_1p16v_1p16v_125c
  SDC File     : /proj/cpu_rtl/constraints/ARF_TOP.sdc
  Netlist      : /proj/cpu_rtl/netlist/ARF_TOP.v.gz
  SPEF File    : /proj/cpu_rtl/spef/ARF_TOP.spef.gz
  Liberty      : saed32nm_rvt_ff_1p16v_1p16v_125c.db
  Elapsed Time : 00:01:53
  Peak Memory  : 4.775 GB

=========================================================================
End of Report
=========================================================================
