****************************************
Report : timing
        -path_type full
        -delay_type max
        -max_paths 10
        -sort_by slack
Design : PRE_DECODE_TOP
Version: PrimeTime 2023.06-SP3
Date   : Sat Aug 15 17:34:53 2026
Corner : ss_0p72v_0p72v_125c
Note   : Worst-case Setup — Slow corner, high temp
****************************************

Operating Conditions : ss_0p72v_0p72v_125c (Library: saed32nm_rvt)
Wire Load Model Mode : Interconnect (StarRC Extracted)

  Startpoint : u_pd_scan/din_reg[0]
               (rising edge-triggered flip-flop clocked by CLK_CORE)
  Endpoint   : u_pd_buf/dout_reg[0]
               (rising edge-triggered flip-flop clocked by CLK_CORE)
  Path Group : CLK_CORE
  Path Type  : max

  Point                                                   Incr        Path
  -------------------------------------------------------------------------
  clock CLK_CORE (rise edge)                                  0.000       0.000
  clock network delay (propagated)                        0.131      0.131
  u_pd_scan/din_reg[0]/CK (DFFARX1_RVT)                        0.000       0.131 r
  u_pd_scan/din_reg[0]/Q  (DFFARX1_RVT)                        0.138       0.269 r
  u_pd_scan/U12/Y (INVX2_RVT)                                  0.034       0.303 f
  u_pd_scan/U34/Y (NAND2X1_RVT)                                0.061       0.364 r
  u_pd_len/U07/Y (AOI22X1_RVT)                                0.074       0.438 f
  u_pd_len/U19/Y (OAI21X1_RVT)                                0.1       0.538 r
  u_pd_mark/U03/Y (MUX21X1_RVT)                                0.082       0.62 r
  u_pd_mark/U11/Y (AND2X1_RVT)                                 0.065       0.685 f
  u_pd_mark/U22/Y (NOR2X1_RVT)                                 0.055       0.74 r
  u_pd_buf/U05/Y (BUFX4_RVT)                                  0.088       0.828 r
  u_pd_buf/dout_reg[0]/D (DFFARX1_RVT)                        0.075      0.903 f
  data arrival time                                                    0.903

  clock CLK_CORE (rise edge)                                  2     2
  clock network delay (propagated)                        0.131      2.131
  clock uncertainty                                      -0.05   2.081
  u_pd_buf/dout_reg[0]/CK (DFFARX1_RVT)                       0.000       2.081 r
  library setup time                                     -0.077   2.004
  data required time                                                   2.004
  -------------------------------------------------------------------------
  data required time                                                   2.004
  data arrival time                                                   -0.903
  -------------------------------------------------------------------------
  slack (MET)   1.101


=========================================================================
                   PRE_DECODE_TOP — TIMING SUMMARY
=========================================================================

  Block        : PRE_DECODE_TOP
  Corner       : ss_0p72v_0p72v_125c
  Check        : max  (Worst-case Setup — Slow corner, high temp)
  Clock        : CLK_CORE  Period = 2 ns  (500 MHz)
  Technology   : SAED 32nm RVT

  ┌────────────────────────────────────────────────────────────────┐
  │ Sub-Unit      WNS (ns)  TNS (ns)  #Viol   WHS (ns)  #HViol  │
  ├────────────────────────────────────────────────────────────────┤
  │ u_pd_scan          1.101       0        0      0.074        0     │
  │ u_pd_len          0.116       0        0      0.105        0     │
  │ u_pd_mark          0.152       0        0      0.111        0     │
  │ u_pd_buf          0.17       0        0      0.098        0     │
  ├────────────────────────────────────────────────────────────────┤
  │ PRE_DECODE_TOP  1.101       0        0      0.074        0     │
  └────────────────────────────────────────────────────────────────┘

  Status : ALL PATHS CLEAN — No Setup or Hold Violations


=========================================================================
                   TIMING EXCEPTIONS APPLIED
=========================================================================

  set_false_path -from [get_ports SCAN_EN]      -to [all_registers]
  set_false_path -from [get_ports TEST_MODE]     -to [all_registers]
  set_multicycle_path 2 -setup -from [get_cells u_pd_scan/*] -to [get_cells u_pd_buf/*]
  set_multicycle_path 1 -hold  -from [get_cells u_pd_scan/*] -to [get_cells u_pd_buf/*]
  set_input_delay  0.400 -clock CLK_CORE -max [all_inputs]
  set_output_delay 0.350 -clock CLK_CORE -max [all_outputs]


=========================================================================
                   CLOCK DOMAIN SUMMARY
=========================================================================

  Clock    : CLK_CORE
  Period   : 2 ns
  Waveform : {0.000 1}
  Skew     : 0.02 ns  (max across PRE_DECODE_TOP)
  Latency  : 0.131 ns  (max)


=========================================================================
                   CONSTRAINT COVERAGE
=========================================================================

  Total register endpoints   : 3642
  Constrained endpoints      : 3889
  Unconstrained endpoints    :      0
  Coverage                   :  100.0%


=========================================================================
                   TOOL / RUN INFORMATION
=========================================================================

  Tool         : Synopsys PrimeTime 2023.06-SP3
  Run Host     : sta-server-01
  Run Dir      : /proj/cpu_rtl/sta/DECODE/PRE_DECODE/run_ss_0p72v_0p72v_125c
  SDC File     : /proj/cpu_rtl/constraints/PRE_DECODE_TOP.sdc
  Netlist      : /proj/cpu_rtl/netlist/PRE_DECODE_TOP.v.gz
  SPEF File    : /proj/cpu_rtl/spef/PRE_DECODE_TOP.spef.gz
  Liberty      : saed32nm_rvt_ss_0p72v_0p72v_125c.db
  Elapsed Time : 00:04:50
  Peak Memory  : 3.601 GB

=========================================================================
End of Report
=========================================================================
