****************************************
Report : timing
        -path_type full
        -delay_type max
        -max_paths 10
        -sort_by slack
Design : PRE_DECODE_TOP
Version: PrimeTime 2023.06-SP3
Date   : Sat Aug 15 17:34:53 2026
Corner : tt_0p90v_0p90v_25c
Note   : Typical Setup   — Nominal corner
****************************************

Operating Conditions : tt_0p90v_0p90v_25c (Library: saed32nm_rvt)
Wire Load Model Mode : Interconnect (StarRC Extracted)

  Startpoint : u_pd_scan/din_reg[0]
               (rising edge-triggered flip-flop clocked by CLK_CORE)
  Endpoint   : u_pd_buf/dout_reg[0]
               (rising edge-triggered flip-flop clocked by CLK_CORE)
  Path Group : CLK_CORE
  Path Type  : max

  Point                                                   Incr        Path
  -------------------------------------------------------------------------
  clock CLK_CORE (rise edge)                                  0.000       0.000
  clock network delay (propagated)                        0.149      0.149
  u_pd_scan/din_reg[0]/CK (DFFARX1_RVT)                        0.000       0.149 r
  u_pd_scan/din_reg[0]/Q  (DFFARX1_RVT)                        0.127       0.276 r
  u_pd_scan/U12/Y (INVX2_RVT)                                  0.033       0.309 f
  u_pd_scan/U34/Y (NAND2X1_RVT)                                0.057       0.366 r
  u_pd_len/U07/Y (AOI22X1_RVT)                                0.086       0.452 f
  u_pd_len/U19/Y (OAI21X1_RVT)                                0.085       0.537 r
  u_pd_mark/U03/Y (MUX21X1_RVT)                                0.076       0.613 r
  u_pd_mark/U11/Y (AND2X1_RVT)                                 0.049       0.662 f
  u_pd_mark/U22/Y (NOR2X1_RVT)                                 0.068       0.73 r
  u_pd_buf/U05/Y (BUFX4_RVT)                                  0.064       0.794 r
  u_pd_buf/dout_reg[0]/D (DFFARX1_RVT)                        0.074      0.868 f
  data arrival time                                                    0.868

  clock CLK_CORE (rise edge)                                  2     2
  clock network delay (propagated)                        0.149      2.149
  clock uncertainty                                      -0.05   2.099
  u_pd_buf/dout_reg[0]/CK (DFFARX1_RVT)                       0.000       2.099 r
  library setup time                                     -0.079   2.02
  data required time                                                   2.02
  -------------------------------------------------------------------------
  data required time                                                   2.02
  data arrival time                                                   -0.868
  -------------------------------------------------------------------------
  slack (MET)   1.152


=========================================================================
                   PRE_DECODE_TOP — TIMING SUMMARY
=========================================================================

  Block        : PRE_DECODE_TOP
  Corner       : tt_0p90v_0p90v_25c
  Check        : max  (Typical Setup   — Nominal corner)
  Clock        : CLK_CORE  Period = 2 ns  (500 MHz)
  Technology   : SAED 32nm RVT

  ┌────────────────────────────────────────────────────────────────┐
  │ Sub-Unit      WNS (ns)  TNS (ns)  #Viol   WHS (ns)  #HViol  │
  ├────────────────────────────────────────────────────────────────┤
  │ u_pd_scan          1.152       0        0      0.076        0     │
  │ u_pd_len          0.108       0        0      0.076        0     │
  │ u_pd_mark          0.154       0        0      0.057        0     │
  │ u_pd_buf          0.059       0        0      0.122        0     │
  ├────────────────────────────────────────────────────────────────┤
  │ PRE_DECODE_TOP  1.152       0        0      0.076        0     │
  └────────────────────────────────────────────────────────────────┘

  Status : ALL PATHS CLEAN — No Setup or Hold Violations


=========================================================================
                   TIMING EXCEPTIONS APPLIED
=========================================================================

  set_false_path -from [get_ports SCAN_EN]      -to [all_registers]
  set_false_path -from [get_ports TEST_MODE]     -to [all_registers]
  set_multicycle_path 2 -setup -from [get_cells u_pd_scan/*] -to [get_cells u_pd_buf/*]
  set_multicycle_path 1 -hold  -from [get_cells u_pd_scan/*] -to [get_cells u_pd_buf/*]
  set_input_delay  0.400 -clock CLK_CORE -max [all_inputs]
  set_output_delay 0.350 -clock CLK_CORE -max [all_outputs]


=========================================================================
                   CLOCK DOMAIN SUMMARY
=========================================================================

  Clock    : CLK_CORE
  Period   : 2 ns
  Waveform : {0.000 1}
  Skew     : 0.027 ns  (max across PRE_DECODE_TOP)
  Latency  : 0.149 ns  (max)


=========================================================================
                   CONSTRAINT COVERAGE
=========================================================================

  Total register endpoints   : 1784
  Constrained endpoints      : 1678
  Unconstrained endpoints    :      0
  Coverage                   :  100.0%


=========================================================================
                   TOOL / RUN INFORMATION
=========================================================================

  Tool         : Synopsys PrimeTime 2023.06-SP3
  Run Host     : sta-server-01
  Run Dir      : /proj/cpu_rtl/sta/DECODE/PRE_DECODE/run_tt_0p90v_0p90v_25c
  SDC File     : /proj/cpu_rtl/constraints/PRE_DECODE_TOP.sdc
  Netlist      : /proj/cpu_rtl/netlist/PRE_DECODE_TOP.v.gz
  SPEF File    : /proj/cpu_rtl/spef/PRE_DECODE_TOP.spef.gz
  Liberty      : saed32nm_rvt_tt_0p90v_0p90v_25c.db
  Elapsed Time : 00:08:41
  Peak Memory  : 3.563 GB

=========================================================================
End of Report
=========================================================================
