****************************************
Report : timing
        -path_type full
        -delay_type max
        -max_paths 10
        -sort_by slack
Design : PRE_DECODE_TOP
Version: PrimeTime 2023.06-SP3
Date   : Sat Aug 15 17:34:53 2026
Corner : ss_0p72v_0p72v_n40c
Note   : Cold Setup      — Slow corner, cold temp
****************************************

Operating Conditions : ss_0p72v_0p72v_n40c (Library: saed32nm_rvt)
Wire Load Model Mode : Interconnect (StarRC Extracted)

  Startpoint : u_pd_scan/din_reg[0]
               (rising edge-triggered flip-flop clocked by CLK_CORE)
  Endpoint   : u_pd_buf/dout_reg[0]
               (rising edge-triggered flip-flop clocked by CLK_CORE)
  Path Group : CLK_CORE
  Path Type  : max

  Point                                                   Incr        Path
  -------------------------------------------------------------------------
  clock CLK_CORE (rise edge)                                  0.000       0.000
  clock network delay (propagated)                        0.143      0.143
  u_pd_scan/din_reg[0]/CK (DFFARX1_RVT)                        0.000       0.143 r
  u_pd_scan/din_reg[0]/Q  (DFFARX1_RVT)                        0.127       0.27 r
  u_pd_scan/U12/Y (INVX2_RVT)                                  0.031       0.301 f
  u_pd_scan/U34/Y (NAND2X1_RVT)                                0.072       0.373 r
  u_pd_len/U07/Y (AOI22X1_RVT)                                0.102       0.475 f
  u_pd_len/U19/Y (OAI21X1_RVT)                                0.095       0.57 r
  u_pd_mark/U03/Y (MUX21X1_RVT)                                0.084       0.654 r
  u_pd_mark/U11/Y (AND2X1_RVT)                                 0.066       0.72 f
  u_pd_mark/U22/Y (NOR2X1_RVT)                                 0.05       0.77 r
  u_pd_buf/U05/Y (BUFX4_RVT)                                  0.077       0.847 r
  u_pd_buf/dout_reg[0]/D (DFFARX1_RVT)                        0.051      0.898 f
  data arrival time                                                    0.898

  clock CLK_CORE (rise edge)                                  2     2
  clock network delay (propagated)                        0.143      2.143
  clock uncertainty                                      -0.05   2.093
  u_pd_buf/dout_reg[0]/CK (DFFARX1_RVT)                       0.000       2.093 r
  library setup time                                     -0.065   2.028
  data required time                                                   2.028
  -------------------------------------------------------------------------
  data required time                                                   2.028
  data arrival time                                                   -0.898
  -------------------------------------------------------------------------
  slack (MET)   1.13


=========================================================================
                   PRE_DECODE_TOP — TIMING SUMMARY
=========================================================================

  Block        : PRE_DECODE_TOP
  Corner       : ss_0p72v_0p72v_n40c
  Check        : max  (Cold Setup      — Slow corner, cold temp)
  Clock        : CLK_CORE  Period = 2 ns  (500 MHz)
  Technology   : SAED 32nm RVT

  ┌────────────────────────────────────────────────────────────────┐
  │ Sub-Unit      WNS (ns)  TNS (ns)  #Viol   WHS (ns)  #HViol  │
  ├────────────────────────────────────────────────────────────────┤
  │ u_pd_scan          1.13       0        0      0.068        0     │
  │ u_pd_len          0.081       0        0      0.107        0     │
  │ u_pd_mark          0.159       0        0      0.12        0     │
  │ u_pd_buf          0.064       0        0      0.059        0     │
  ├────────────────────────────────────────────────────────────────┤
  │ PRE_DECODE_TOP  1.13       0        0      0.068        0     │
  └────────────────────────────────────────────────────────────────┘

  Status : ALL PATHS CLEAN — No Setup or Hold Violations


=========================================================================
                   TIMING EXCEPTIONS APPLIED
=========================================================================

  set_false_path -from [get_ports SCAN_EN]      -to [all_registers]
  set_false_path -from [get_ports TEST_MODE]     -to [all_registers]
  set_multicycle_path 2 -setup -from [get_cells u_pd_scan/*] -to [get_cells u_pd_buf/*]
  set_multicycle_path 1 -hold  -from [get_cells u_pd_scan/*] -to [get_cells u_pd_buf/*]
  set_input_delay  0.400 -clock CLK_CORE -max [all_inputs]
  set_output_delay 0.350 -clock CLK_CORE -max [all_outputs]


=========================================================================
                   CLOCK DOMAIN SUMMARY
=========================================================================

  Clock    : CLK_CORE
  Period   : 2 ns
  Waveform : {0.000 1}
  Skew     : 0.026 ns  (max across PRE_DECODE_TOP)
  Latency  : 0.143 ns  (max)


=========================================================================
                   CONSTRAINT COVERAGE
=========================================================================

  Total register endpoints   : 2941
  Constrained endpoints      : 5149
  Unconstrained endpoints    :      0
  Coverage                   :  100.0%


=========================================================================
                   TOOL / RUN INFORMATION
=========================================================================

  Tool         : Synopsys PrimeTime 2023.06-SP3
  Run Host     : sta-server-01
  Run Dir      : /proj/cpu_rtl/sta/DECODE/PRE_DECODE/run_ss_0p72v_0p72v_n40c
  SDC File     : /proj/cpu_rtl/constraints/PRE_DECODE_TOP.sdc
  Netlist      : /proj/cpu_rtl/netlist/PRE_DECODE_TOP.v.gz
  SPEF File    : /proj/cpu_rtl/spef/PRE_DECODE_TOP.spef.gz
  Liberty      : saed32nm_rvt_ss_0p72v_0p72v_n40c.db
  Elapsed Time : 00:03:11
  Peak Memory  : 2.168 GB

=========================================================================
End of Report
=========================================================================
