****************************************
Report : timing
        -path_type full
        -delay_type min
        -max_paths 10
        -sort_by slack
Design : PRE_DECODE_TOP
Version: PrimeTime 2023.06-SP3
Date   : Sat Aug 15 17:34:53 2026
Corner : ff_1p16v_1p16v_125c
Note   : Hot Hold        — Fast corner, high temp
****************************************

Operating Conditions : ff_1p16v_1p16v_125c (Library: saed32nm_rvt)
Wire Load Model Mode : Interconnect (StarRC Extracted)

  Startpoint : u_pd_scan/din_reg[0]
               (rising edge-triggered flip-flop clocked by CLK_CORE)
  Endpoint   : u_pd_buf/dout_reg[0]
               (rising edge-triggered flip-flop clocked by CLK_CORE)
  Path Group : CLK_CORE
  Path Type  : min

  Point                                                   Incr        Path
  -------------------------------------------------------------------------
  clock CLK_CORE (rise edge)                                  0.000       0.000
  clock network delay (propagated)                        0.139      0.139
  u_pd_scan/din_reg[0]/CK (DFFARX1_RVT)                        0.000       0.139 r
  u_pd_scan/din_reg[0]/Q  (DFFARX1_RVT)                        0.123       0.262 r
  u_pd_scan/U12/Y (INVX2_RVT)                                  0.035       0.297 f
  u_pd_scan/U34/Y (NAND2X1_RVT)                                0.056       0.353 r
  u_pd_len/U07/Y (AOI22X1_RVT)                                0.089       0.442 f
  u_pd_len/U19/Y (OAI21X1_RVT)                                0.102       0.544 r
  u_pd_mark/U03/Y (MUX21X1_RVT)                                0.061       0.605 r
  u_pd_mark/U11/Y (AND2X1_RVT)                                 0.059       0.664 f
  u_pd_mark/U22/Y (NOR2X1_RVT)                                 0.047       0.711 r
  u_pd_buf/U05/Y (BUFX4_RVT)                                  0.065       0.776 r
  u_pd_buf/dout_reg[0]/D (DFFARX1_RVT)                        0.067      0.843 f
  data arrival time                                                    0.843

  clock CLK_CORE (rise edge)                                  2     2
  clock network delay (propagated)                        0.139      2.139
  clock uncertainty                                      -0.05   2.089
  u_pd_buf/dout_reg[0]/CK (DFFARX1_RVT)                       0.000       2.089 r
  library setup time                                     -0.073   2.016
  data required time                                                   2.016
  -------------------------------------------------------------------------
  data required time                                                   2.016
  data arrival time                                                   -0.843
  -------------------------------------------------------------------------
  slack (MET)   1.173


=========================================================================
                   PRE_DECODE_TOP — TIMING SUMMARY
=========================================================================

  Block        : PRE_DECODE_TOP
  Corner       : ff_1p16v_1p16v_125c
  Check        : min  (Hot Hold        — Fast corner, high temp)
  Clock        : CLK_CORE  Period = 2 ns  (500 MHz)
  Technology   : SAED 32nm RVT

  ┌────────────────────────────────────────────────────────────────┐
  │ Sub-Unit      WNS (ns)  TNS (ns)  #Viol   WHS (ns)  #HViol  │
  ├────────────────────────────────────────────────────────────────┤
  │ u_pd_scan          1.173       0        0      0.118        0     │
  │ u_pd_len          0.103       0        0      0.074        0     │
  │ u_pd_mark          0.12       0        0      0.085        0     │
  │ u_pd_buf          0.137       0        0      0.121        0     │
  ├────────────────────────────────────────────────────────────────┤
  │ PRE_DECODE_TOP  1.173       0        0      0.118        0     │
  └────────────────────────────────────────────────────────────────┘

  Status : ALL PATHS CLEAN — No Setup or Hold Violations


=========================================================================
                   TIMING EXCEPTIONS APPLIED
=========================================================================

  set_false_path -from [get_ports SCAN_EN]      -to [all_registers]
  set_false_path -from [get_ports TEST_MODE]     -to [all_registers]
  set_multicycle_path 2 -setup -from [get_cells u_pd_scan/*] -to [get_cells u_pd_buf/*]
  set_multicycle_path 1 -hold  -from [get_cells u_pd_scan/*] -to [get_cells u_pd_buf/*]
  set_input_delay  0.400 -clock CLK_CORE -max [all_inputs]
  set_output_delay 0.350 -clock CLK_CORE -max [all_outputs]


=========================================================================
                   CLOCK DOMAIN SUMMARY
=========================================================================

  Clock    : CLK_CORE
  Period   : 2 ns
  Waveform : {0.000 1}
  Skew     : 0.016 ns  (max across PRE_DECODE_TOP)
  Latency  : 0.139 ns  (max)


=========================================================================
                   CONSTRAINT COVERAGE
=========================================================================

  Total register endpoints   : 1250
  Constrained endpoints      : 4566
  Unconstrained endpoints    :      0
  Coverage                   :  100.0%


=========================================================================
                   TOOL / RUN INFORMATION
=========================================================================

  Tool         : Synopsys PrimeTime 2023.06-SP3
  Run Host     : sta-server-01
  Run Dir      : /proj/cpu_rtl/sta/DECODE/PRE_DECODE/run_ff_1p16v_1p16v_125c
  SDC File     : /proj/cpu_rtl/constraints/PRE_DECODE_TOP.sdc
  Netlist      : /proj/cpu_rtl/netlist/PRE_DECODE_TOP.v.gz
  SPEF File    : /proj/cpu_rtl/spef/PRE_DECODE_TOP.spef.gz
  Liberty      : saed32nm_rvt_ff_1p16v_1p16v_125c.db
  Elapsed Time : 00:03:40
  Peak Memory  : 2.897 GB

=========================================================================
End of Report
=========================================================================
