****************************************
Report : timing
        -path_type full
        -delay_type max
        -max_paths 10
        -sort_by slack
Design : PRE_DECODE_TOP
Version: PrimeTime 2023.06-SP3
Date   : Sat Aug 15 17:34:53 2026
Corner : ss_0p63v_0p63v_125c
Note   : Low-Vdd Setup   — Ultra-low voltage corner
****************************************

Operating Conditions : ss_0p63v_0p63v_125c (Library: saed32nm_rvt)
Wire Load Model Mode : Interconnect (StarRC Extracted)

  Startpoint : u_pd_scan/din_reg[0]
               (rising edge-triggered flip-flop clocked by CLK_CORE)
  Endpoint   : u_pd_buf/dout_reg[0]
               (rising edge-triggered flip-flop clocked by CLK_CORE)
  Path Group : CLK_CORE
  Path Type  : max

  Point                                                   Incr        Path
  -------------------------------------------------------------------------
  clock CLK_CORE (rise edge)                                  0.000       0.000
  clock network delay (propagated)                        0.159      0.159
  u_pd_scan/din_reg[0]/CK (DFFARX1_RVT)                        0.000       0.159 r
  u_pd_scan/din_reg[0]/Q  (DFFARX1_RVT)                        0.112       0.271 r
  u_pd_scan/U12/Y (INVX2_RVT)                                  0.036       0.307 f
  u_pd_scan/U34/Y (NAND2X1_RVT)                                0.08       0.387 r
  u_pd_len/U07/Y (AOI22X1_RVT)                                0.098       0.485 f
  u_pd_len/U19/Y (OAI21X1_RVT)                                0.084       0.569 r
  u_pd_mark/U03/Y (MUX21X1_RVT)                                0.069       0.638 r
  u_pd_mark/U11/Y (AND2X1_RVT)                                 0.081       0.719 f
  u_pd_mark/U22/Y (NOR2X1_RVT)                                 0.068       0.787 r
  u_pd_buf/U05/Y (BUFX4_RVT)                                  0.09       0.877 r
  u_pd_buf/dout_reg[0]/D (DFFARX1_RVT)                        0.066      0.943 f
  data arrival time                                                    0.943

  clock CLK_CORE (rise edge)                                  2     2
  clock network delay (propagated)                        0.159      2.159
  clock uncertainty                                      -0.05   2.109
  u_pd_buf/dout_reg[0]/CK (DFFARX1_RVT)                       0.000       2.109 r
  library setup time                                     -0.082   2.027
  data required time                                                   2.027
  -------------------------------------------------------------------------
  data required time                                                   2.027
  data arrival time                                                   -0.943
  -------------------------------------------------------------------------
  slack (MET)   1.084


=========================================================================
                   PRE_DECODE_TOP — TIMING SUMMARY
=========================================================================

  Block        : PRE_DECODE_TOP
  Corner       : ss_0p63v_0p63v_125c
  Check        : max  (Low-Vdd Setup   — Ultra-low voltage corner)
  Clock        : CLK_CORE  Period = 2 ns  (500 MHz)
  Technology   : SAED 32nm RVT

  ┌────────────────────────────────────────────────────────────────┐
  │ Sub-Unit      WNS (ns)  TNS (ns)  #Viol   WHS (ns)  #HViol  │
  ├────────────────────────────────────────────────────────────────┤
  │ u_pd_scan          1.084       0        0      0.1        0     │
  │ u_pd_len          0.134       0        0      0.104        0     │
  │ u_pd_mark          0.138       0        0      0.1        0     │
  │ u_pd_buf          0.179       0        0      0.105        0     │
  ├────────────────────────────────────────────────────────────────┤
  │ PRE_DECODE_TOP  1.084       0        0      0.1        0     │
  └────────────────────────────────────────────────────────────────┘

  Status : ALL PATHS CLEAN — No Setup or Hold Violations


=========================================================================
                   TIMING EXCEPTIONS APPLIED
=========================================================================

  set_false_path -from [get_ports SCAN_EN]      -to [all_registers]
  set_false_path -from [get_ports TEST_MODE]     -to [all_registers]
  set_multicycle_path 2 -setup -from [get_cells u_pd_scan/*] -to [get_cells u_pd_buf/*]
  set_multicycle_path 1 -hold  -from [get_cells u_pd_scan/*] -to [get_cells u_pd_buf/*]
  set_input_delay  0.400 -clock CLK_CORE -max [all_inputs]
  set_output_delay 0.350 -clock CLK_CORE -max [all_outputs]


=========================================================================
                   CLOCK DOMAIN SUMMARY
=========================================================================

  Clock    : CLK_CORE
  Period   : 2 ns
  Waveform : {0.000 1}
  Skew     : 0.024 ns  (max across PRE_DECODE_TOP)
  Latency  : 0.159 ns  (max)


=========================================================================
                   CONSTRAINT COVERAGE
=========================================================================

  Total register endpoints   : 2560
  Constrained endpoints      : 1914
  Unconstrained endpoints    :      0
  Coverage                   :  100.0%


=========================================================================
                   TOOL / RUN INFORMATION
=========================================================================

  Tool         : Synopsys PrimeTime 2023.06-SP3
  Run Host     : sta-server-01
  Run Dir      : /proj/cpu_rtl/sta/DECODE/PRE_DECODE/run_ss_0p63v_0p63v_125c
  SDC File     : /proj/cpu_rtl/constraints/PRE_DECODE_TOP.sdc
  Netlist      : /proj/cpu_rtl/netlist/PRE_DECODE_TOP.v.gz
  SPEF File    : /proj/cpu_rtl/spef/PRE_DECODE_TOP.spef.gz
  Liberty      : saed32nm_rvt_ss_0p63v_0p63v_125c.db
  Elapsed Time : 00:02:17
  Peak Memory  : 4.429 GB

=========================================================================
End of Report
=========================================================================
