****************************************
Report : timing
        -path_type full
        -delay_type max
        -max_paths 10
        -sort_by slack
Design : PRE_DECODE_TOP
Version: PrimeTime 2023.06-SP3
Date   : Sat Aug 15 17:34:53 2026
Corner : tt_0p90v_0p90v_25c
Note   : Multicycle Path Check — 2-cycle paths
****************************************

Operating Conditions : tt_0p90v_0p90v_25c (Library: saed32nm_rvt)
Wire Load Model Mode : Interconnect (StarRC Extracted)

  Startpoint : u_pd_scan/din_reg[0]
               (rising edge-triggered flip-flop clocked by CLK_CORE)
  Endpoint   : u_pd_buf/dout_reg[0]
               (rising edge-triggered flip-flop clocked by CLK_CORE)
  Path Group : CLK_CORE
  Path Type  : max

  Point                                                   Incr        Path
  -------------------------------------------------------------------------
  clock CLK_CORE (rise edge)                                  0.000       0.000
  clock network delay (propagated)                        0.162      0.162
  u_pd_scan/din_reg[0]/CK (DFFARX1_RVT)                        0.000       0.162 r
  u_pd_scan/din_reg[0]/Q  (DFFARX1_RVT)                        0.111       0.273 r
  u_pd_scan/U12/Y (INVX2_RVT)                                  0.035       0.308 f
  u_pd_scan/U34/Y (NAND2X1_RVT)                                0.082       0.39 r
  u_pd_len/U07/Y (AOI22X1_RVT)                                0.079       0.469 f
  u_pd_len/U19/Y (OAI21X1_RVT)                                0.081       0.55 r
  u_pd_mark/U03/Y (MUX21X1_RVT)                                0.072       0.622 r
  u_pd_mark/U11/Y (AND2X1_RVT)                                 0.055       0.677 f
  u_pd_mark/U22/Y (NOR2X1_RVT)                                 0.058       0.735 r
  u_pd_buf/U05/Y (BUFX4_RVT)                                  0.072       0.807 r
  u_pd_buf/dout_reg[0]/D (DFFARX1_RVT)                        0.057      0.864 f
  data arrival time                                                    0.864

  clock CLK_CORE (rise edge)                                  2     2
  clock network delay (propagated)                        0.162      2.162
  clock uncertainty                                      -0.05   2.112
  u_pd_buf/dout_reg[0]/CK (DFFARX1_RVT)                       0.000       2.112 r
  library setup time                                     -0.074   2.038
  data required time                                                   2.038
  -------------------------------------------------------------------------
  data required time                                                   2.038
  data arrival time                                                   -0.864
  -------------------------------------------------------------------------
  slack (MET)   1.174


=========================================================================
                   PRE_DECODE_TOP — TIMING SUMMARY
=========================================================================

  Block        : PRE_DECODE_TOP
  Corner       : tt_0p90v_0p90v_25c
  Check        : max  (Multicycle Path Check — 2-cycle paths)
  Clock        : CLK_CORE  Period = 2 ns  (500 MHz)
  Technology   : SAED 32nm RVT

  ┌────────────────────────────────────────────────────────────────┐
  │ Sub-Unit      WNS (ns)  TNS (ns)  #Viol   WHS (ns)  #HViol  │
  ├────────────────────────────────────────────────────────────────┤
  │ u_pd_scan          1.174       0        0      0.063        0     │
  │ u_pd_len          0.098       0        0      0.055        0     │
  │ u_pd_mark          0.098       0        0      0.067        0     │
  │ u_pd_buf          0.077       0        0      0.069        0     │
  ├────────────────────────────────────────────────────────────────┤
  │ PRE_DECODE_TOP  1.174       0        0      0.063        0     │
  └────────────────────────────────────────────────────────────────┘

  Status : ALL PATHS CLEAN — No Setup or Hold Violations


=========================================================================
                   TIMING EXCEPTIONS APPLIED
=========================================================================

  set_false_path -from [get_ports SCAN_EN]      -to [all_registers]
  set_false_path -from [get_ports TEST_MODE]     -to [all_registers]
  set_multicycle_path 2 -setup -from [get_cells u_pd_scan/*] -to [get_cells u_pd_buf/*]
  set_multicycle_path 1 -hold  -from [get_cells u_pd_scan/*] -to [get_cells u_pd_buf/*]
  set_input_delay  0.400 -clock CLK_CORE -max [all_inputs]
  set_output_delay 0.350 -clock CLK_CORE -max [all_outputs]


=========================================================================
                   CLOCK DOMAIN SUMMARY
=========================================================================

  Clock    : CLK_CORE
  Period   : 2 ns
  Waveform : {0.000 1}
  Skew     : 0.027 ns  (max across PRE_DECODE_TOP)
  Latency  : 0.162 ns  (max)


=========================================================================
                   CONSTRAINT COVERAGE
=========================================================================

  Total register endpoints   : 3262
  Constrained endpoints      : 4318
  Unconstrained endpoints    :      0
  Coverage                   :  100.0%


=========================================================================
                   TOOL / RUN INFORMATION
=========================================================================

  Tool         : Synopsys PrimeTime 2023.06-SP3
  Run Host     : sta-server-01
  Run Dir      : /proj/cpu_rtl/sta/DECODE/PRE_DECODE/run_tt_0p90v_0p90v_25c
  SDC File     : /proj/cpu_rtl/constraints/PRE_DECODE_TOP.sdc
  Netlist      : /proj/cpu_rtl/netlist/PRE_DECODE_TOP.v.gz
  SPEF File    : /proj/cpu_rtl/spef/PRE_DECODE_TOP.spef.gz
  Liberty      : saed32nm_rvt_tt_0p90v_0p90v_25c.db
  Elapsed Time : 00:06:16
  Peak Memory  : 1.977 GB

=========================================================================
End of Report
=========================================================================
