================================================================================
  STA BLOCK DUMP LOG  —  PRE_DECODE_TOP
================================================================================

  Block Directory : D:\Certificates\PD_STA_REPORTS\DECODE\PRE_DECODE
  Design          : PRE_DECODE_TOP
  Parsed At       : 2026-08-15T22:16:47
  Total Reports   : 11


OWNERSHIP
----------------------------------------
  BLOCK TIMING OWNER           : User12  <user12@company.com>  [EMP-2012]
  TEAM LEAD                    : MTO_User2  <mto2@company.com>  [EMP-1002]
  RTL TEAM LEAD                : TeamLead2  <teamlead2@company.com>
  PD ENGINEER                  : PDEng2  <pdeng2@company.com>
  STA ENGINEER                 : STAEng2  <staeng2@company.com>
  CHIP STA LEAD                : STALead1  <stalead1@company.com>  [EMP-0004]

AGGREGATE SUMMARY
----------------------------------------
  Overall Status   : MET
  Worst WNS  (ns)  : 0.000
  Worst TNS  (ns)  : 0.000
  Worst WHS  (ns)  : 0.000
  Best  WNS  (ns)  : 1.174
  Total Violations : 0

BY CORNER
----------------------------------------
  Name                                              #       WNS       TNS       WHS  STATUS
  ─────────────────────────────────────────────  ────  ────────  ────────  ────────  ──────────
  N/A                                               1     0.000     0.000     0.000  MET
  ff_1p16v_1p16v_125c                               1     1.173     0.000     0.118  MET
  ff_1p16v_1p16v_n40c                               1     1.081     0.000     0.093  MET
  ss_0p63v_0p63v_125c                               1     1.084     0.000     0.100  MET
  ss_0p72v_0p72v_125c                               2     1.069     0.000     0.062  MET
  ss_0p72v_0p72v_n40c                               1     1.130     0.000     0.068  MET
  tt_0p90v_0p90v_25c                                4     1.068     0.000     0.063  MET

BY CHECK TYPE
----------------------------------------
  Name                                              #       WNS       TNS       WHS  STATUS
  ─────────────────────────────────────────────  ────  ────────  ────────  ────────  ──────────
  N/A                                               1     0.000     0.000     0.000  MET
  hold                                              3     1.081     0.000     0.082  MET
  setup                                             7     1.068     0.000     0.062  MET

PER-REPORT DETAIL
----------------------------------------
  File     : 10_MULTICYCLE_TT_25C_PRE_DECODE_TOP.rpt
  Design   : PRE_DECODE_TOP        Corner : tt_0p90v_0p90v_25c
  Check    : setup       Clock  : CLK_CORE  Period = 2.0 ns  (500.0 MHz)
  WNS      :   +1.174 ns   TNS :   +0.000 ns   WHS :   +0.063 ns
  Slack    :   +1.174 ns   Status : MET
  Status   : ALL PATHS CLEAN — No Setup or Hold Violations
  Coverage : 100.0%   Endpoints : 4318 / 3262
  Tool     : Synopsys PrimeTime 2023.06-SP3
  Runtime  : 00:06:16         Memory : 1.977 GB
  Run Dir  : /proj/cpu_rtl/sta/DECODE/PRE_DECODE/run_tt_0p90v_0p90v_25c

  File     : 03_SETUP_TT_25C_PRE_DECODE_TOP.rpt
  Design   : PRE_DECODE_TOP        Corner : tt_0p90v_0p90v_25c
  Check    : setup       Clock  : CLK_CORE  Period = 2.0 ns  (500.0 MHz)
  WNS      :   +1.152 ns   TNS :   +0.000 ns   WHS :   +0.076 ns
  Slack    :   +1.152 ns   Status : MET
  Status   : ALL PATHS CLEAN — No Setup or Hold Violations
  Coverage : 100.0%   Endpoints : 1678 / 1784
  Tool     : Synopsys PrimeTime 2023.06-SP3
  Runtime  : 00:08:41         Memory : 3.563 GB
  Run Dir  : /proj/cpu_rtl/sta/DECODE/PRE_DECODE/run_tt_0p90v_0p90v_25c

  File     : 05_SETUP_SS_M40C_PRE_DECODE_TOP.rpt
  Design   : PRE_DECODE_TOP        Corner : ss_0p72v_0p72v_n40c
  Check    : setup       Clock  : CLK_CORE  Period = 2.0 ns  (500.0 MHz)
  WNS      :   +1.130 ns   TNS :   +0.000 ns   WHS :   +0.068 ns
  Slack    :   +1.130 ns   Status : MET
  Status   : ALL PATHS CLEAN — No Setup or Hold Violations
  Coverage : 100.0%   Endpoints : 5149 / 2941
  Tool     : Synopsys PrimeTime 2023.06-SP3
  Runtime  : 00:03:11         Memory : 2.168 GB
  Run Dir  : /proj/cpu_rtl/sta/DECODE/PRE_DECODE/run_ss_0p72v_0p72v_n40c

  File     : 01_SETUP_SS_125C_PRE_DECODE_TOP.rpt
  Design   : PRE_DECODE_TOP        Corner : ss_0p72v_0p72v_125c
  Check    : setup       Clock  : CLK_CORE  Period = 2.0 ns  (500.0 MHz)
  WNS      :   +1.101 ns   TNS :   +0.000 ns   WHS :   +0.074 ns
  Slack    :   +1.101 ns   Status : MET
  Status   : ALL PATHS CLEAN — No Setup or Hold Violations
  Coverage : 100.0%   Endpoints : 3889 / 3642
  Tool     : Synopsys PrimeTime 2023.06-SP3
  Runtime  : 00:04:50         Memory : 3.601 GB
  Run Dir  : /proj/cpu_rtl/sta/DECODE/PRE_DECODE/run_ss_0p72v_0p72v_125c

  File     : 07_SETUP_LVSS_125C_PRE_DECODE_TOP.rpt
  Design   : PRE_DECODE_TOP        Corner : ss_0p63v_0p63v_125c
  Check    : setup       Clock  : CLK_CORE  Period = 2.0 ns  (500.0 MHz)
  WNS      :   +1.084 ns   TNS :   +0.000 ns   WHS :   +0.100 ns
  Slack    :   +1.084 ns   Status : MET
  Status   : ALL PATHS CLEAN — No Setup or Hold Violations
  Coverage : 100.0%   Endpoints : 1914 / 2560
  Tool     : Synopsys PrimeTime 2023.06-SP3
  Runtime  : 00:02:17         Memory : 4.429 GB
  Run Dir  : /proj/cpu_rtl/sta/DECODE/PRE_DECODE/run_ss_0p63v_0p63v_125c

  File     : 09_RECOVERY_SS_125C_PRE_DECODE_TOP.rpt
  Design   : PRE_DECODE_TOP        Corner : ss_0p72v_0p72v_125c
  Check    : setup       Clock  : CLK_CORE  Period = 2.0 ns  (500.0 MHz)
  WNS      :   +1.069 ns   TNS :   +0.000 ns   WHS :   +0.062 ns
  Slack    :   +1.069 ns   Status : MET
  Status   : ALL PATHS CLEAN — No Setup or Hold Violations
  Coverage : 100.0%   Endpoints : 5944 / 4454
  Tool     : Synopsys PrimeTime 2023.06-SP3
  Runtime  : 00:05:53         Memory : 4.353 GB
  Run Dir  : /proj/cpu_rtl/sta/DECODE/PRE_DECODE/run_ss_0p72v_0p72v_125c

  File     : 08_CG_CHECK_TT_25C_PRE_DECODE_TOP.rpt
  Design   : PRE_DECODE_TOP        Corner : tt_0p90v_0p90v_25c
  Check    : setup       Clock  : CLK_CORE  Period = 2.0 ns  (500.0 MHz)
  WNS      :   +1.068 ns   TNS :   +0.000 ns   WHS :   +0.104 ns
  Slack    :   +1.068 ns   Status : MET
  Status   : ALL PATHS CLEAN — No Setup or Hold Violations
  Coverage : 100.0%   Endpoints : 3716 / 3863
  Tool     : Synopsys PrimeTime 2023.06-SP3
  Runtime  : 00:03:27         Memory : 1.925 GB
  Run Dir  : /proj/cpu_rtl/sta/DECODE/PRE_DECODE/run_tt_0p90v_0p90v_25c

  File     : 06_HOLD_FF_125C_PRE_DECODE_TOP.rpt
  Design   : PRE_DECODE_TOP        Corner : ff_1p16v_1p16v_125c
  Check    : hold        Clock  : CLK_CORE  Period = 2.0 ns  (500.0 MHz)
  WNS      :   +1.173 ns   TNS :   +0.000 ns   WHS :   +0.118 ns
  Slack    :   +1.173 ns   Status : MET
  Status   : ALL PATHS CLEAN — No Setup or Hold Violations
  Coverage : 100.0%   Endpoints : 4566 / 1250
  Tool     : Synopsys PrimeTime 2023.06-SP3
  Runtime  : 00:03:40         Memory : 2.897 GB
  Run Dir  : /proj/cpu_rtl/sta/DECODE/PRE_DECODE/run_ff_1p16v_1p16v_125c

  File     : 02_HOLD_FF_N40C_PRE_DECODE_TOP.rpt
  Design   : PRE_DECODE_TOP        Corner : ff_1p16v_1p16v_n40c
  Check    : hold        Clock  : CLK_CORE  Period = 2.0 ns  (500.0 MHz)
  WNS      :   +1.081 ns   TNS :   +0.000 ns   WHS :   +0.093 ns
  Slack    :   +1.081 ns   Status : MET
  Status   : ALL PATHS CLEAN — No Setup or Hold Violations
  Coverage : 100.0%   Endpoints : 2007 / 3681
  Tool     : Synopsys PrimeTime 2023.06-SP3
  Runtime  : 00:01:28         Memory : 4.23 GB
  Run Dir  : /proj/cpu_rtl/sta/DECODE/PRE_DECODE/run_ff_1p16v_1p16v_n40c

  File     : 04_HOLD_TT_25C_PRE_DECODE_TOP.rpt
  Design   : PRE_DECODE_TOP        Corner : tt_0p90v_0p90v_25c
  Check    : hold        Clock  : CLK_CORE  Period = 2.0 ns  (500.0 MHz)
  WNS      :   +1.128 ns   TNS :   +0.000 ns   WHS :   +0.082 ns
  Slack    :   +1.128 ns   Status : MET
  Status   : ALL PATHS CLEAN — No Setup or Hold Violations
  Coverage : 100.0%   Endpoints : 2786 / 2883
  Tool     : Synopsys PrimeTime 2023.06-SP3
  Runtime  : 00:07:36         Memory : 3.422 GB
  Run Dir  : /proj/cpu_rtl/sta/DECODE/PRE_DECODE/run_tt_0p90v_0p90v_25c

  File     : PRE_DECODE_TIMING.rpt
  Design   : N/A                   Corner : N/A
  Check    : N/A         Clock  : N/A  Period = 0.0 ns  (0.0 MHz)
  WNS      :   +0.000 ns   TNS :   +0.000 ns   WHS :   +0.000 ns
  Slack    :   +0.000 ns   Status : UNKNOWN
  Status   : N/A
  Coverage : 0.0%   Endpoints : 0 / 0
  Tool     : N/A
  Runtime  : N/A              Memory : N/A
  Run Dir  : N/A


================================================================================
END OF BLOCK DUMP LOG
================================================================================