****************************************
Report : timing
        -path_type full
        -delay_type min
        -max_paths 10
        -sort_by slack
Design : LDU_TOP
Version: PrimeTime 2023.06-SP3
Date   : Sat Aug 15 17:34:53 2026
Corner : ff_1p16v_1p16v_125c
Note   : Hot Hold        — Fast corner, high temp
****************************************

Operating Conditions : ff_1p16v_1p16v_125c (Library: saed32nm_rvt)
Wire Load Model Mode : Interconnect (StarRC Extracted)

  Startpoint : u_ldu_agen/din_reg[0]
               (rising edge-triggered flip-flop clocked by CLK_CORE)
  Endpoint   : u_ldu_align/dout_reg[0]
               (rising edge-triggered flip-flop clocked by CLK_CORE)
  Path Group : CLK_CORE
  Path Type  : min

  Point                                                   Incr        Path
  -------------------------------------------------------------------------
  clock CLK_CORE (rise edge)                                  0.000       0.000
  clock network delay (propagated)                        0.132      0.132
  u_ldu_agen/din_reg[0]/CK (DFFARX1_RVT)                        0.000       0.132 r
  u_ldu_agen/din_reg[0]/Q  (DFFARX1_RVT)                        0.119       0.251 r
  u_ldu_agen/U12/Y (INVX2_RVT)                                  0.039       0.29 f
  u_ldu_agen/U34/Y (NAND2X1_RVT)                                0.089       0.379 r
  u_ldu_tlb/U07/Y (AOI22X1_RVT)                                0.095       0.474 f
  u_ldu_tlb/U19/Y (OAI21X1_RVT)                                0.089       0.563 r
  u_ldu_dc/U03/Y (MUX21X1_RVT)                                0.077       0.64 r
  u_ldu_dc/U11/Y (AND2X1_RVT)                                 0.055       0.695 f
  u_ldu_dc/U22/Y (NOR2X1_RVT)                                 0.056       0.751 r
  u_ldu_align/U05/Y (BUFX4_RVT)                                  0.07       0.821 r
  u_ldu_align/dout_reg[0]/D (DFFARX1_RVT)                        0.06      0.881 f
  data arrival time                                                    0.881

  clock CLK_CORE (rise edge)                                  2     2
  clock network delay (propagated)                        0.132      2.132
  clock uncertainty                                      -0.05   2.082
  u_ldu_align/dout_reg[0]/CK (DFFARX1_RVT)                       0.000       2.082 r
  library setup time                                     -0.075   2.007
  data required time                                                   2.007
  -------------------------------------------------------------------------
  data required time                                                   2.007
  data arrival time                                                   -0.881
  -------------------------------------------------------------------------
  slack (MET)   1.126


=========================================================================
                   LDU_TOP — TIMING SUMMARY
=========================================================================

  Block        : LDU_TOP
  Corner       : ff_1p16v_1p16v_125c
  Check        : min  (Hot Hold        — Fast corner, high temp)
  Clock        : CLK_CORE  Period = 2 ns  (500 MHz)
  Technology   : SAED 32nm RVT

  ┌────────────────────────────────────────────────────────────────┐
  │ Sub-Unit      WNS (ns)  TNS (ns)  #Viol   WHS (ns)  #HViol  │
  ├────────────────────────────────────────────────────────────────┤
  │ u_ldu_agen          1.126       0        0      0.119        0     │
  │ u_ldu_tlb          0.111       0        0      0.126        0     │
  │ u_ldu_dc          0.107       0        0      0.061        0     │
  │ u_ldu_align          0.133       0        0      0.096        0     │
  ├────────────────────────────────────────────────────────────────┤
  │ LDU_TOP  1.126       0        0      0.119        0     │
  └────────────────────────────────────────────────────────────────┘

  Status : ALL PATHS CLEAN — No Setup or Hold Violations


=========================================================================
                   TIMING EXCEPTIONS APPLIED
=========================================================================

  set_false_path -from [get_ports SCAN_EN]      -to [all_registers]
  set_false_path -from [get_ports TEST_MODE]     -to [all_registers]
  set_multicycle_path 2 -setup -from [get_cells u_ldu_agen/*] -to [get_cells u_ldu_align/*]
  set_multicycle_path 1 -hold  -from [get_cells u_ldu_agen/*] -to [get_cells u_ldu_align/*]
  set_input_delay  0.400 -clock CLK_CORE -max [all_inputs]
  set_output_delay 0.350 -clock CLK_CORE -max [all_outputs]


=========================================================================
                   CLOCK DOMAIN SUMMARY
=========================================================================

  Clock    : CLK_CORE
  Period   : 2 ns
  Waveform : {0.000 1}
  Skew     : 0.027 ns  (max across LDU_TOP)
  Latency  : 0.132 ns  (max)


=========================================================================
                   CONSTRAINT COVERAGE
=========================================================================

  Total register endpoints   : 4659
  Constrained endpoints      : 2012
  Unconstrained endpoints    :      0
  Coverage                   :  100.0%


=========================================================================
                   TOOL / RUN INFORMATION
=========================================================================

  Tool         : Synopsys PrimeTime 2023.06-SP3
  Run Host     : sta-server-01
  Run Dir      : /proj/cpu_rtl/sta/EXECUTE/LSU/LDU/run_ff_1p16v_1p16v_125c
  SDC File     : /proj/cpu_rtl/constraints/LDU_TOP.sdc
  Netlist      : /proj/cpu_rtl/netlist/LDU_TOP.v.gz
  SPEF File    : /proj/cpu_rtl/spef/LDU_TOP.spef.gz
  Liberty      : saed32nm_rvt_ff_1p16v_1p16v_125c.db
  Elapsed Time : 00:01:31
  Peak Memory  : 3.536 GB

=========================================================================
End of Report
=========================================================================
