================================================================================
  STA BLOCK DUMP LOG  —  LDU_TOP
================================================================================

  Block Directory : D:\Certificates\PD_STA_REPORTS\EXECUTE\LSU\LDU
  Design          : LDU_TOP
  Parsed At       : 2026-08-15T19:15:03
  Total Reports   : 11


OWNERSHIP
----------------------------------------
  BLOCK TIMING OWNER           : User29  <user29@company.com>  [EMP-2029]
  TEAM LEAD                    : MTO_User5  <mto5@company.com>  [EMP-1005]
  RTL TEAM LEAD                : TeamLead5  <teamlead5@company.com>
  PD ENGINEER                  : PDEng5  <pdeng5@company.com>
  STA ENGINEER                 : STAEng5  <staeng5@company.com>
  CHIP STA LEAD                : STALead1  <stalead1@company.com>  [EMP-0004]

AGGREGATE SUMMARY
----------------------------------------
  Overall Status   : MET
  Worst WNS  (ns)  : 0.000
  Worst TNS  (ns)  : 0.000
  Worst WHS  (ns)  : 0.000
  Best  WNS  (ns)  : 1.146
  Total Violations : 0

BY CORNER
----------------------------------------
  Name                                              #       WNS       TNS       WHS  STATUS
  ─────────────────────────────────────────────  ────  ────────  ────────  ────────  ──────────
  N/A                                               1     0.000     0.000     0.000  MET
  ff_1p16v_1p16v_125c                               1     1.126     0.000     0.119  MET
  ff_1p16v_1p16v_n40c                               1     1.111     0.000     0.094  MET
  ss_0p63v_0p63v_125c                               1     1.146     0.000     0.096  MET
  ss_0p72v_0p72v_125c                               2     1.092     0.000     0.086  MET
  ss_0p72v_0p72v_n40c                               1     1.105     0.000     0.087  MET
  tt_0p90v_0p90v_25c                                4     1.078     0.000     0.081  MET

BY CHECK TYPE
----------------------------------------
  Name                                              #       WNS       TNS       WHS  STATUS
  ─────────────────────────────────────────────  ────  ────────  ────────  ────────  ──────────
  N/A                                               1     0.000     0.000     0.000  MET
  hold                                              3     1.111     0.000     0.083  MET
  setup                                             7     1.078     0.000     0.081  MET

PER-REPORT DETAIL
----------------------------------------
  File     : 01_SETUP_SS_125C_LDU_TOP.rpt
  Design   : LDU_TOP               Corner : ss_0p72v_0p72v_125c
  Check    : setup       Clock  : CLK_CORE  Period = 2.0 ns  (500.0 MHz)
  WNS      :   +1.133 ns   TNS :   +0.000 ns   WHS :   +0.114 ns
  Slack    :   +1.133 ns   Status : MET
  Status   : ALL PATHS CLEAN — No Setup or Hold Violations
  Coverage : 100.0%   Endpoints : 4499 / 5357
  Tool     : Synopsys PrimeTime 2023.06-SP3
  Runtime  : 00:06:28         Memory : 1.517 GB
  Run Dir  : /proj/cpu_rtl/sta/EXECUTE/LSU/LDU/run_ss_0p72v_0p72v_125c

  File     : 02_HOLD_FF_N40C_LDU_TOP.rpt
  Design   : LDU_TOP               Corner : ff_1p16v_1p16v_n40c
  Check    : hold        Clock  : CLK_CORE  Period = 2.0 ns  (500.0 MHz)
  WNS      :   +1.111 ns   TNS :   +0.000 ns   WHS :   +0.094 ns
  Slack    :   +1.111 ns   Status : MET
  Status   : ALL PATHS CLEAN — No Setup or Hold Violations
  Coverage : 100.0%   Endpoints : 3138 / 2283
  Tool     : Synopsys PrimeTime 2023.06-SP3
  Runtime  : 00:08:46         Memory : 4.625 GB
  Run Dir  : /proj/cpu_rtl/sta/EXECUTE/LSU/LDU/run_ff_1p16v_1p16v_n40c

  File     : 03_SETUP_TT_25C_LDU_TOP.rpt
  Design   : LDU_TOP               Corner : tt_0p90v_0p90v_25c
  Check    : setup       Clock  : CLK_CORE  Period = 2.0 ns  (500.0 MHz)
  WNS      :   +1.098 ns   TNS :   +0.000 ns   WHS :   +0.108 ns
  Slack    :   +1.098 ns   Status : MET
  Status   : ALL PATHS CLEAN — No Setup or Hold Violations
  Coverage : 100.0%   Endpoints : 5472 / 5781
  Tool     : Synopsys PrimeTime 2023.06-SP3
  Runtime  : 00:02:57         Memory : 3.291 GB
  Run Dir  : /proj/cpu_rtl/sta/EXECUTE/LSU/LDU/run_tt_0p90v_0p90v_25c

  File     : 04_HOLD_TT_25C_LDU_TOP.rpt
  Design   : LDU_TOP               Corner : tt_0p90v_0p90v_25c
  Check    : hold        Clock  : CLK_CORE  Period = 2.0 ns  (500.0 MHz)
  WNS      :   +1.114 ns   TNS :   +0.000 ns   WHS :   +0.083 ns
  Slack    :   +1.114 ns   Status : MET
  Status   : ALL PATHS CLEAN — No Setup or Hold Violations
  Coverage : 100.0%   Endpoints : 1510 / 5311
  Tool     : Synopsys PrimeTime 2023.06-SP3
  Runtime  : 00:08:48         Memory : 3.899 GB
  Run Dir  : /proj/cpu_rtl/sta/EXECUTE/LSU/LDU/run_tt_0p90v_0p90v_25c

  File     : 05_SETUP_SS_M40C_LDU_TOP.rpt
  Design   : LDU_TOP               Corner : ss_0p72v_0p72v_n40c
  Check    : setup       Clock  : CLK_CORE  Period = 2.0 ns  (500.0 MHz)
  WNS      :   +1.105 ns   TNS :   +0.000 ns   WHS :   +0.087 ns
  Slack    :   +1.105 ns   Status : MET
  Status   : ALL PATHS CLEAN — No Setup or Hold Violations
  Coverage : 100.0%   Endpoints : 5477 / 5712
  Tool     : Synopsys PrimeTime 2023.06-SP3
  Runtime  : 00:02:32         Memory : 4.382 GB
  Run Dir  : /proj/cpu_rtl/sta/EXECUTE/LSU/LDU/run_ss_0p72v_0p72v_n40c

  File     : 06_HOLD_FF_125C_LDU_TOP.rpt
  Design   : LDU_TOP               Corner : ff_1p16v_1p16v_125c
  Check    : hold        Clock  : CLK_CORE  Period = 2.0 ns  (500.0 MHz)
  WNS      :   +1.126 ns   TNS :   +0.000 ns   WHS :   +0.119 ns
  Slack    :   +1.126 ns   Status : MET
  Status   : ALL PATHS CLEAN — No Setup or Hold Violations
  Coverage : 100.0%   Endpoints : 2012 / 4659
  Tool     : Synopsys PrimeTime 2023.06-SP3
  Runtime  : 00:01:31         Memory : 3.536 GB
  Run Dir  : /proj/cpu_rtl/sta/EXECUTE/LSU/LDU/run_ff_1p16v_1p16v_125c

  File     : 07_SETUP_LVSS_125C_LDU_TOP.rpt
  Design   : LDU_TOP               Corner : ss_0p63v_0p63v_125c
  Check    : setup       Clock  : CLK_CORE  Period = 2.0 ns  (500.0 MHz)
  WNS      :   +1.146 ns   TNS :   +0.000 ns   WHS :   +0.096 ns
  Slack    :   +1.146 ns   Status : MET
  Status   : ALL PATHS CLEAN — No Setup or Hold Violations
  Coverage : 100.0%   Endpoints : 2778 / 877
  Tool     : Synopsys PrimeTime 2023.06-SP3
  Runtime  : 00:01:13         Memory : 2.224 GB
  Run Dir  : /proj/cpu_rtl/sta/EXECUTE/LSU/LDU/run_ss_0p63v_0p63v_125c

  File     : 08_CG_CHECK_TT_25C_LDU_TOP.rpt
  Design   : LDU_TOP               Corner : tt_0p90v_0p90v_25c
  Check    : setup       Clock  : CLK_CORE  Period = 2.0 ns  (500.0 MHz)
  WNS      :   +1.078 ns   TNS :   +0.000 ns   WHS :   +0.110 ns
  Slack    :   +1.078 ns   Status : MET
  Status   : ALL PATHS CLEAN — No Setup or Hold Violations
  Coverage : 100.0%   Endpoints : 1673 / 2588
  Tool     : Synopsys PrimeTime 2023.06-SP3
  Runtime  : 00:06:41         Memory : 4.21 GB
  Run Dir  : /proj/cpu_rtl/sta/EXECUTE/LSU/LDU/run_tt_0p90v_0p90v_25c

  File     : 09_RECOVERY_SS_125C_LDU_TOP.rpt
  Design   : LDU_TOP               Corner : ss_0p72v_0p72v_125c
  Check    : setup       Clock  : CLK_CORE  Period = 2.0 ns  (500.0 MHz)
  WNS      :   +1.092 ns   TNS :   +0.000 ns   WHS :   +0.086 ns
  Slack    :   +1.092 ns   Status : MET
  Status   : ALL PATHS CLEAN — No Setup or Hold Violations
  Coverage : 100.0%   Endpoints : 3459 / 3130
  Tool     : Synopsys PrimeTime 2023.06-SP3
  Runtime  : 00:03:45         Memory : 2.904 GB
  Run Dir  : /proj/cpu_rtl/sta/EXECUTE/LSU/LDU/run_ss_0p72v_0p72v_125c

  File     : 10_MULTICYCLE_TT_25C_LDU_TOP.rpt
  Design   : LDU_TOP               Corner : tt_0p90v_0p90v_25c
  Check    : setup       Clock  : CLK_CORE  Period = 2.0 ns  (500.0 MHz)
  WNS      :   +1.106 ns   TNS :   +0.000 ns   WHS :   +0.081 ns
  Slack    :   +1.106 ns   Status : MET
  Status   : ALL PATHS CLEAN — No Setup or Hold Violations
  Coverage : 100.0%   Endpoints : 5628 / 4906
  Tool     : Synopsys PrimeTime 2023.06-SP3
  Runtime  : 00:06:38         Memory : 1.514 GB
  Run Dir  : /proj/cpu_rtl/sta/EXECUTE/LSU/LDU/run_tt_0p90v_0p90v_25c

  File     : LDU_TIMING.rpt
  Design   : N/A                   Corner : N/A
  Check    : N/A         Clock  : N/A  Period = 0.0 ns  (0.0 MHz)
  WNS      :   +0.000 ns   TNS :   +0.000 ns   WHS :   +0.000 ns
  Slack    :   +0.000 ns   Status : UNKNOWN
  Status   : N/A
  Coverage : 0.0%   Endpoints : 0 / 0
  Tool     : N/A
  Runtime  : N/A              Memory : N/A
  Run Dir  : N/A


================================================================================
END OF BLOCK DUMP LOG
================================================================================