****************************************
Report : timing
        -path_type full
        -delay_type min
        -max_paths 10
        -sort_by slack
Design : MOB_TOP
Version: PrimeTime 2023.06-SP3
Date   : Sat Aug 15 17:34:54 2026
Corner : ff_1p16v_1p16v_n40c
Note   : Worst-case Hold  — Fast corner, cold temp
****************************************

Operating Conditions : ff_1p16v_1p16v_n40c (Library: saed32nm_rvt)
Wire Load Model Mode : Interconnect (StarRC Extracted)

  Startpoint : u_mob_ord/din_reg[0]
               (rising edge-triggered flip-flop clocked by CLK_CORE)
  Endpoint   : u_mob_ctrl/dout_reg[0]
               (rising edge-triggered flip-flop clocked by CLK_CORE)
  Path Group : CLK_CORE
  Path Type  : min

  Point                                                   Incr        Path
  -------------------------------------------------------------------------
  clock CLK_CORE (rise edge)                                  0.000       0.000
  clock network delay (propagated)                        0.145      0.145
  u_mob_ord/din_reg[0]/CK (DFFARX1_RVT)                        0.000       0.145 r
  u_mob_ord/din_reg[0]/Q  (DFFARX1_RVT)                        0.135       0.28 r
  u_mob_ord/U12/Y (INVX2_RVT)                                  0.056       0.336 f
  u_mob_ord/U34/Y (NAND2X1_RVT)                                0.061       0.397 r
  u_mob_chk/U07/Y (AOI22X1_RVT)                                0.086       0.483 f
  u_mob_chk/U19/Y (OAI21X1_RVT)                                0.086       0.569 r
  u_mob_rep/U03/Y (MUX21X1_RVT)                                0.098       0.667 r
  u_mob_rep/U11/Y (AND2X1_RVT)                                 0.069       0.736 f
  u_mob_rep/U22/Y (NOR2X1_RVT)                                 0.069       0.805 r
  u_mob_ctrl/U05/Y (BUFX4_RVT)                                  0.059       0.864 r
  u_mob_ctrl/dout_reg[0]/D (DFFARX1_RVT)                        0.066      0.93 f
  data arrival time                                                    0.93

  clock CLK_CORE (rise edge)                                  2     2
  clock network delay (propagated)                        0.145      2.145
  clock uncertainty                                      -0.05   2.095
  u_mob_ctrl/dout_reg[0]/CK (DFFARX1_RVT)                       0.000       2.095 r
  library setup time                                     -0.066   2.029
  data required time                                                   2.029
  -------------------------------------------------------------------------
  data required time                                                   2.029
  data arrival time                                                   -0.93
  -------------------------------------------------------------------------
  slack (MET)   1.099


=========================================================================
                   MOB_TOP — TIMING SUMMARY
=========================================================================

  Block        : MOB_TOP
  Corner       : ff_1p16v_1p16v_n40c
  Check        : min  (Worst-case Hold  — Fast corner, cold temp)
  Clock        : CLK_CORE  Period = 2 ns  (500 MHz)
  Technology   : SAED 32nm RVT

  ┌────────────────────────────────────────────────────────────────┐
  │ Sub-Unit      WNS (ns)  TNS (ns)  #Viol   WHS (ns)  #HViol  │
  ├────────────────────────────────────────────────────────────────┤
  │ u_mob_ord          1.099       0        0      0.073        0     │
  │ u_mob_chk          0.078       0        0      0.102        0     │
  │ u_mob_rep          0.156       0        0      0.109        0     │
  │ u_mob_ctrl          0.14       0        0      0.077        0     │
  ├────────────────────────────────────────────────────────────────┤
  │ MOB_TOP  1.099       0        0      0.073        0     │
  └────────────────────────────────────────────────────────────────┘

  Status : ALL PATHS CLEAN — No Setup or Hold Violations


=========================================================================
                   TIMING EXCEPTIONS APPLIED
=========================================================================

  set_false_path -from [get_ports SCAN_EN]      -to [all_registers]
  set_false_path -from [get_ports TEST_MODE]     -to [all_registers]
  set_multicycle_path 2 -setup -from [get_cells u_mob_ord/*] -to [get_cells u_mob_ctrl/*]
  set_multicycle_path 1 -hold  -from [get_cells u_mob_ord/*] -to [get_cells u_mob_ctrl/*]
  set_input_delay  0.400 -clock CLK_CORE -max [all_inputs]
  set_output_delay 0.350 -clock CLK_CORE -max [all_outputs]


=========================================================================
                   CLOCK DOMAIN SUMMARY
=========================================================================

  Clock    : CLK_CORE
  Period   : 2 ns
  Waveform : {0.000 1}
  Skew     : 0.028 ns  (max across MOB_TOP)
  Latency  : 0.145 ns  (max)


=========================================================================
                   CONSTRAINT COVERAGE
=========================================================================

  Total register endpoints   : 2009
  Constrained endpoints      : 3564
  Unconstrained endpoints    :      0
  Coverage                   :  100.0%


=========================================================================
                   TOOL / RUN INFORMATION
=========================================================================

  Tool         : Synopsys PrimeTime 2023.06-SP3
  Run Host     : sta-server-01
  Run Dir      : /proj/cpu_rtl/sta/MEMORY/MOB/run_ff_1p16v_1p16v_n40c
  SDC File     : /proj/cpu_rtl/constraints/MOB_TOP.sdc
  Netlist      : /proj/cpu_rtl/netlist/MOB_TOP.v.gz
  SPEF File    : /proj/cpu_rtl/spef/MOB_TOP.spef.gz
  Liberty      : saed32nm_rvt_ff_1p16v_1p16v_n40c.db
  Elapsed Time : 00:04:52
  Peak Memory  : 3.384 GB

=========================================================================
End of Report
=========================================================================
