****************************************
Report : timing
        -path_type full
        -delay_type max
        -max_paths 10
        -sort_by slack
Design : MOB_TOP
Version: PrimeTime 2023.06-SP3
Date   : Sat Aug 15 17:34:54 2026
Corner : tt_0p90v_0p90v_25c
Note   : Multicycle Path Check — 2-cycle paths
****************************************

Operating Conditions : tt_0p90v_0p90v_25c (Library: saed32nm_rvt)
Wire Load Model Mode : Interconnect (StarRC Extracted)

  Startpoint : u_mob_ord/din_reg[0]
               (rising edge-triggered flip-flop clocked by CLK_CORE)
  Endpoint   : u_mob_ctrl/dout_reg[0]
               (rising edge-triggered flip-flop clocked by CLK_CORE)
  Path Group : CLK_CORE
  Path Type  : max

  Point                                                   Incr        Path
  -------------------------------------------------------------------------
  clock CLK_CORE (rise edge)                                  0.000       0.000
  clock network delay (propagated)                        0.13      0.13
  u_mob_ord/din_reg[0]/CK (DFFARX1_RVT)                        0.000       0.13 r
  u_mob_ord/din_reg[0]/Q  (DFFARX1_RVT)                        0.13       0.26 r
  u_mob_ord/U12/Y (INVX2_RVT)                                  0.045       0.305 f
  u_mob_ord/U34/Y (NAND2X1_RVT)                                0.09       0.395 r
  u_mob_chk/U07/Y (AOI22X1_RVT)                                0.103       0.498 f
  u_mob_chk/U19/Y (OAI21X1_RVT)                                0.111       0.609 r
  u_mob_rep/U03/Y (MUX21X1_RVT)                                0.08       0.689 r
  u_mob_rep/U11/Y (AND2X1_RVT)                                 0.076       0.765 f
  u_mob_rep/U22/Y (NOR2X1_RVT)                                 0.057       0.822 r
  u_mob_ctrl/U05/Y (BUFX4_RVT)                                  0.07       0.892 r
  u_mob_ctrl/dout_reg[0]/D (DFFARX1_RVT)                        0.056      0.948 f
  data arrival time                                                    0.948

  clock CLK_CORE (rise edge)                                  2     2
  clock network delay (propagated)                        0.13      2.13
  clock uncertainty                                      -0.05   2.08
  u_mob_ctrl/dout_reg[0]/CK (DFFARX1_RVT)                       0.000       2.08 r
  library setup time                                     -0.067   2.013
  data required time                                                   2.013
  -------------------------------------------------------------------------
  data required time                                                   2.013
  data arrival time                                                   -0.948
  -------------------------------------------------------------------------
  slack (MET)   1.065


=========================================================================
                   MOB_TOP — TIMING SUMMARY
=========================================================================

  Block        : MOB_TOP
  Corner       : tt_0p90v_0p90v_25c
  Check        : max  (Multicycle Path Check — 2-cycle paths)
  Clock        : CLK_CORE  Period = 2 ns  (500 MHz)
  Technology   : SAED 32nm RVT

  ┌────────────────────────────────────────────────────────────────┐
  │ Sub-Unit      WNS (ns)  TNS (ns)  #Viol   WHS (ns)  #HViol  │
  ├────────────────────────────────────────────────────────────────┤
  │ u_mob_ord          1.065       0        0      0.072        0     │
  │ u_mob_chk          0.126       0        0      0.066        0     │
  │ u_mob_rep          0.14       0        0      0.097        0     │
  │ u_mob_ctrl          0.075       0        0      0.065        0     │
  ├────────────────────────────────────────────────────────────────┤
  │ MOB_TOP  1.065       0        0      0.072        0     │
  └────────────────────────────────────────────────────────────────┘

  Status : ALL PATHS CLEAN — No Setup or Hold Violations


=========================================================================
                   TIMING EXCEPTIONS APPLIED
=========================================================================

  set_false_path -from [get_ports SCAN_EN]      -to [all_registers]
  set_false_path -from [get_ports TEST_MODE]     -to [all_registers]
  set_multicycle_path 2 -setup -from [get_cells u_mob_ord/*] -to [get_cells u_mob_ctrl/*]
  set_multicycle_path 1 -hold  -from [get_cells u_mob_ord/*] -to [get_cells u_mob_ctrl/*]
  set_input_delay  0.400 -clock CLK_CORE -max [all_inputs]
  set_output_delay 0.350 -clock CLK_CORE -max [all_outputs]


=========================================================================
                   CLOCK DOMAIN SUMMARY
=========================================================================

  Clock    : CLK_CORE
  Period   : 2 ns
  Waveform : {0.000 1}
  Skew     : 0.026 ns  (max across MOB_TOP)
  Latency  : 0.13 ns  (max)


=========================================================================
                   CONSTRAINT COVERAGE
=========================================================================

  Total register endpoints   : 1045
  Constrained endpoints      : 1311
  Unconstrained endpoints    :      0
  Coverage                   :  100.0%


=========================================================================
                   TOOL / RUN INFORMATION
=========================================================================

  Tool         : Synopsys PrimeTime 2023.06-SP3
  Run Host     : sta-server-01
  Run Dir      : /proj/cpu_rtl/sta/MEMORY/MOB/run_tt_0p90v_0p90v_25c
  SDC File     : /proj/cpu_rtl/constraints/MOB_TOP.sdc
  Netlist      : /proj/cpu_rtl/netlist/MOB_TOP.v.gz
  SPEF File    : /proj/cpu_rtl/spef/MOB_TOP.spef.gz
  Liberty      : saed32nm_rvt_tt_0p90v_0p90v_25c.db
  Elapsed Time : 00:04:16
  Peak Memory  : 1.283 GB

=========================================================================
End of Report
=========================================================================
