****************************************
Report : timing
        -path_type full
        -delay_type max
        -max_paths 10
        -sort_by slack
Design : MOB_TOP
Version: PrimeTime 2023.06-SP3
Date   : Sat Aug 15 18:20:45 2026
Corner : ss_0p72v_0p72v_125c
Note   : Setup POCV (Parametric OCV) — sigma=3
****************************************

Operating Conditions : ss_0p72v_0p72v_125c (Library: saed32nm_rvt)
Wire Load Model Mode : Interconnect (StarRC Extracted)

  Startpoint : u_mob_ord/din_reg[0]
               (rising edge-triggered flip-flop clocked by CLK_CORE)
  Endpoint   : u_mob_ctrl/dout_reg[0]
               (rising edge-triggered flip-flop clocked by CLK_CORE)
  Path Group : CLK_CORE
  Path Type  : max

  Point                                                   Incr        Path
  -------------------------------------------------------------------------
  clock CLK_CORE (rise edge)                                  0.000       0.000
  clock network delay (propagated)                        0.139      0.139
  u_mob_ord/din_reg[0]/CK (DFFARX1_RVT)                        0.000       0.139 r
  u_mob_ord/din_reg[0]/Q  (DFFARX1_RVT)                        0.115         0.254 r
  u_mob_ord/U12/Y (INVX2_RVT)                                  0.056         0.31 f
  u_mob_ord/U34/Y (NAND2X1_RVT)                                0.083         0.393 r
  u_mob_chk/U07/Y (AOI22X1_RVT)                                0.102         0.495 f
  u_mob_chk/U19/Y (OAI21X1_RVT)                                0.087         0.582 r
  u_mob_rep/U03/Y (MUX21X1_RVT)                                0.077         0.659 r
  u_mob_rep/U11/Y (AND2X1_RVT)                                 0.072         0.731 f
  u_mob_rep/U22/Y (NOR2X1_RVT)                                 0.054         0.785 r
  u_mob_ctrl/U05/Y (BUFX4_RVT)                                  0.071         0.856 r
  u_mob_ctrl/dout_reg[0]/D (DFFARX1_RVT)                        0.078        0.934 f
  data arrival time                                                    0.934

  clock CLK_CORE (rise edge)                                  2     2
  clock network delay (propagated)                        0.139      2.139
  clock uncertainty                                      -0.05   2.089
  u_mob_ctrl/dout_reg[0]/CK (DFFARX1_RVT)                       0.000       2.089 r
  library setup time                                     -0.08   2.009
  data required time                                                   2.009
  -------------------------------------------------------------------------
  data required time                                                   2.009
  data arrival time                                                   -0.934
  -------------------------------------------------------------------------
  slack (MET)      1.075


=========================================================================
                   MOB_TOP -- TIMING SUMMARY
=========================================================================

  Block        : MOB_TOP
  Corner       : ss_0p72v_0p72v_125c
  Check        : max  (Setup POCV (Parametric OCV) — sigma=3)
  Clock        : CLK_CORE  Period = 2 ns  (500 MHz)
  Technology   : SAED 32nm RVT

  +------------------------------------------------------------------+
  | Sub-Unit          WNS (ns)  TNS (ns)  #Viol   WHS (ns)  #HViol  |
  +------------------------------------------------------------------+
  | u_mob_ord          1.075       0.000       0      0.087        0     |
  | u_mob_chk          0.068       0.000       0      0.042        0     |
  | u_mob_rep          0.188       0.000       0      0.057        0     |
  | u_mob_ctrl          0.077       0.000       0      0.098        0     |
  +------------------------------------------------------------------+
  | MOB_TOP   1.075       0.000       0      0.087        0     |
  +------------------------------------------------------------------+

  Status : ALL PATHS CLEAN -- No Setup or Hold Violations


=========================================================================
                   TIMING EXCEPTIONS APPLIED
=========================================================================

  set_false_path -from [get_ports SCAN_EN]      -to [all_registers]
  set_false_path -from [get_ports TEST_MODE]     -to [all_registers]
  set_multicycle_path 2 -setup -from [get_cells u_mob_ord/*] -to [get_cells u_mob_ctrl/*]
  set_multicycle_path 1 -hold  -from [get_cells u_mob_ord/*] -to [get_cells u_mob_ctrl/*]
  set_input_delay  0.400 -clock CLK_CORE -max [all_inputs]
  set_output_delay 0.350 -clock CLK_CORE -max [all_outputs]


=========================================================================
                   CLOCK DOMAIN SUMMARY
=========================================================================

  Clock    : CLK_CORE
  Period   : 2 ns
  Waveform : {0.000 1}
  Skew     : 0.023 ns  (max across MOB_TOP)
  Latency  : 0.139 ns  (max)


=========================================================================
                   CONSTRAINT COVERAGE
=========================================================================

  Total register endpoints   : 1937
  Constrained endpoints      : 1743
  Unconstrained endpoints    :      0
  Coverage                   :  100.0%


=========================================================================
                   TOOL / RUN INFORMATION
=========================================================================

  Tool         : Synopsys PrimeTime 2023.06-SP3
  Run Host     : sta-server-01
  Run Dir      : /proj/cpu_rtl/sta/MEMORY/MOB/run_ss_0p72v_0p72v_125c
  SDC File     : /proj/cpu_rtl/constraints/MOB_TOP.sdc
  Netlist      : /proj/cpu_rtl/netlist/MOB_TOP.v.gz
  SPEF File    : /proj/cpu_rtl/spef/MOB_TOP.spef.gz
  Liberty      : saed32nm_rvt_ss_0p72v_0p72v_125c.db
  Elapsed Time : 00:07:32
  Peak Memory  : 4.549 GB

=========================================================================
End of Report
=========================================================================
