****************************************
Report : timing
        -path_type full
        -delay_type min
        -max_paths 10
        -sort_by slack
Design : MOB_TOP
Version: PrimeTime 2023.06-SP3
Date   : Sat Aug 15 18:20:45 2026
Corner : ff_1p16v_1p16v_n40c
Note   : Hold POCV — sigma=3, cold fast corner
****************************************

Operating Conditions : ff_1p16v_1p16v_n40c (Library: saed32nm_rvt)
Wire Load Model Mode : Interconnect (StarRC Extracted)

  Startpoint : u_mob_ord/din_reg[0]
               (rising edge-triggered flip-flop clocked by CLK_CORE)
  Endpoint   : u_mob_ctrl/dout_reg[0]
               (rising edge-triggered flip-flop clocked by CLK_CORE)
  Path Group : CLK_CORE
  Path Type  : min

  Point                                                   Incr        Path
  -------------------------------------------------------------------------
  clock CLK_CORE (rise edge)                                  0.000       0.000
  clock network delay (propagated)                        0.156      0.156
  u_mob_ord/din_reg[0]/CK (DFFARX1_RVT)                        0.000       0.156 r
  u_mob_ord/din_reg[0]/Q  (DFFARX1_RVT)                        0.13         0.286 r
  u_mob_ord/U12/Y (INVX2_RVT)                                  0.051         0.337 f
  u_mob_ord/U34/Y (NAND2X1_RVT)                                0.07         0.407 r
  u_mob_chk/U07/Y (AOI22X1_RVT)                                0.103         0.51 f
  u_mob_chk/U19/Y (OAI21X1_RVT)                                0.103         0.613 r
  u_mob_rep/U03/Y (MUX21X1_RVT)                                0.081         0.694 r
  u_mob_rep/U11/Y (AND2X1_RVT)                                 0.077         0.771 f
  u_mob_rep/U22/Y (NOR2X1_RVT)                                 0.053         0.824 r
  u_mob_ctrl/U05/Y (BUFX4_RVT)                                  0.086         0.91 r
  u_mob_ctrl/dout_reg[0]/D (DFFARX1_RVT)                        0.066        0.976 f
  data arrival time                                                    0.976

  clock CLK_CORE (rise edge)                                  2     2
  clock network delay (propagated)                        0.156      2.156
  clock uncertainty                                      -0.05   2.106
  u_mob_ctrl/dout_reg[0]/CK (DFFARX1_RVT)                       0.000       2.106 r
  library setup time                                     -0.075   2.031
  data required time                                                   2.031
  -------------------------------------------------------------------------
  data required time                                                   2.031
  data arrival time                                                   -0.976
  -------------------------------------------------------------------------
  slack (MET)      1.055


=========================================================================
                   MOB_TOP -- TIMING SUMMARY
=========================================================================

  Block        : MOB_TOP
  Corner       : ff_1p16v_1p16v_n40c
  Check        : min  (Hold POCV — sigma=3, cold fast corner)
  Clock        : CLK_CORE  Period = 2 ns  (500 MHz)
  Technology   : SAED 32nm RVT

  +------------------------------------------------------------------+
  | Sub-Unit          WNS (ns)  TNS (ns)  #Viol   WHS (ns)  #HViol  |
  +------------------------------------------------------------------+
  | u_mob_ord          1.055       0.000       0      0.108        0     |
  | u_mob_chk          0.047       0.000       0      0.121        0     |
  | u_mob_rep          0.216       0.000       0      0.075        0     |
  | u_mob_ctrl          0.16       0.000       0      0.121        0     |
  +------------------------------------------------------------------+
  | MOB_TOP   1.055       0.000       0      0.108        0     |
  +------------------------------------------------------------------+

  Status : ALL PATHS CLEAN -- No Setup or Hold Violations


=========================================================================
                   TIMING EXCEPTIONS APPLIED
=========================================================================

  set_false_path -from [get_ports SCAN_EN]      -to [all_registers]
  set_false_path -from [get_ports TEST_MODE]     -to [all_registers]
  set_multicycle_path 2 -setup -from [get_cells u_mob_ord/*] -to [get_cells u_mob_ctrl/*]
  set_multicycle_path 1 -hold  -from [get_cells u_mob_ord/*] -to [get_cells u_mob_ctrl/*]
  set_input_delay  0.400 -clock CLK_CORE -max [all_inputs]
  set_output_delay 0.350 -clock CLK_CORE -max [all_outputs]


=========================================================================
                   CLOCK DOMAIN SUMMARY
=========================================================================

  Clock    : CLK_CORE
  Period   : 2 ns
  Waveform : {0.000 1}
  Skew     : 0.018 ns  (max across MOB_TOP)
  Latency  : 0.156 ns  (max)


=========================================================================
                   CONSTRAINT COVERAGE
=========================================================================

  Total register endpoints   : 927
  Constrained endpoints      : 5891
  Unconstrained endpoints    :      0
  Coverage                   :  100.0%


=========================================================================
                   TOOL / RUN INFORMATION
=========================================================================

  Tool         : Synopsys PrimeTime 2023.06-SP3
  Run Host     : sta-server-01
  Run Dir      : /proj/cpu_rtl/sta/MEMORY/MOB/run_ff_1p16v_1p16v_n40c
  SDC File     : /proj/cpu_rtl/constraints/MOB_TOP.sdc
  Netlist      : /proj/cpu_rtl/netlist/MOB_TOP.v.gz
  SPEF File    : /proj/cpu_rtl/spef/MOB_TOP.spef.gz
  Liberty      : saed32nm_rvt_ff_1p16v_1p16v_n40c.db
  Elapsed Time : 00:05:37
  Peak Memory  : 3.029 GB

=========================================================================
End of Report
=========================================================================
