****************************************
Report : timing
        -path_type full
        -delay_type min
        -max_paths 10
        -sort_by slack
Design : MOB_TOP
Version: PrimeTime 2023.06-SP3
Date   : Sat Aug 15 18:20:45 2026
Corner : tt_0p90v_0p90v_25c
Note   : Hold post-ECO sign-off — Nominal corner
****************************************

Operating Conditions : tt_0p90v_0p90v_25c (Library: saed32nm_rvt)
Wire Load Model Mode : Interconnect (StarRC Extracted)

  Startpoint : u_mob_ord/din_reg[0]
               (rising edge-triggered flip-flop clocked by CLK_CORE)
  Endpoint   : u_mob_ctrl/dout_reg[0]
               (rising edge-triggered flip-flop clocked by CLK_CORE)
  Path Group : CLK_CORE
  Path Type  : min

  Point                                                   Incr        Path
  -------------------------------------------------------------------------
  clock CLK_CORE (rise edge)                                  0.000       0.000
  clock network delay (propagated)                        0.164      0.164
  u_mob_ord/din_reg[0]/CK (DFFARX1_RVT)                        0.000       0.164 r
  u_mob_ord/din_reg[0]/Q  (DFFARX1_RVT)                        0.11         0.274 r
  u_mob_ord/U12/Y (INVX2_RVT)                                  0.03         0.304 f
  u_mob_ord/U34/Y (NAND2X1_RVT)                                0.066         0.37 r
  u_mob_chk/U07/Y (AOI22X1_RVT)                                0.088         0.458 f
  u_mob_chk/U19/Y (OAI21X1_RVT)                                0.106         0.564 r
  u_mob_rep/U03/Y (MUX21X1_RVT)                                0.069         0.633 r
  u_mob_rep/U11/Y (AND2X1_RVT)                                 0.05         0.683 f
  u_mob_rep/U22/Y (NOR2X1_RVT)                                 0.059         0.742 r
  u_mob_ctrl/U05/Y (BUFX4_RVT)                                  0.079         0.821 r
  u_mob_ctrl/dout_reg[0]/D (DFFARX1_RVT)                        0.078        0.899 f
  data arrival time                                                    0.899

  clock CLK_CORE (rise edge)                                  2     2
  clock network delay (propagated)                        0.164      2.164
  clock uncertainty                                      -0.05   2.114
  u_mob_ctrl/dout_reg[0]/CK (DFFARX1_RVT)                       0.000       2.114 r
  library setup time                                     -0.08   2.034
  data required time                                                   2.034
  -------------------------------------------------------------------------
  data required time                                                   2.034
  data arrival time                                                   -0.899
  -------------------------------------------------------------------------
  slack (MET)      1.135


=========================================================================
                   MOB_TOP -- TIMING SUMMARY
=========================================================================

  Block        : MOB_TOP
  Corner       : tt_0p90v_0p90v_25c
  Check        : min  (Hold post-ECO sign-off — Nominal corner)
  Clock        : CLK_CORE  Period = 2 ns  (500 MHz)
  Technology   : SAED 32nm RVT

  +------------------------------------------------------------------+
  | Sub-Unit          WNS (ns)  TNS (ns)  #Viol   WHS (ns)  #HViol  |
  +------------------------------------------------------------------+
  | u_mob_ord          1.135       0.000       0      0.087        0     |
  | u_mob_chk          0.062       0.000       0      0.121        0     |
  | u_mob_rep          0.205       0.000       0      0.058        0     |
  | u_mob_ctrl          0.208       0.000       0      0.126        0     |
  +------------------------------------------------------------------+
  | MOB_TOP   1.135       0.000       0      0.087        0     |
  +------------------------------------------------------------------+

  Status : ALL PATHS CLEAN -- No Setup or Hold Violations


=========================================================================
                   TIMING EXCEPTIONS APPLIED
=========================================================================

  set_false_path -from [get_ports SCAN_EN]      -to [all_registers]
  set_false_path -from [get_ports TEST_MODE]     -to [all_registers]
  set_multicycle_path 2 -setup -from [get_cells u_mob_ord/*] -to [get_cells u_mob_ctrl/*]
  set_multicycle_path 1 -hold  -from [get_cells u_mob_ord/*] -to [get_cells u_mob_ctrl/*]
  set_input_delay  0.400 -clock CLK_CORE -max [all_inputs]
  set_output_delay 0.350 -clock CLK_CORE -max [all_outputs]


=========================================================================
                   CLOCK DOMAIN SUMMARY
=========================================================================

  Clock    : CLK_CORE
  Period   : 2 ns
  Waveform : {0.000 1}
  Skew     : 0.02 ns  (max across MOB_TOP)
  Latency  : 0.164 ns  (max)


=========================================================================
                   CONSTRAINT COVERAGE
=========================================================================

  Total register endpoints   : 4139
  Constrained endpoints      : 4948
  Unconstrained endpoints    :      0
  Coverage                   :  100.0%


=========================================================================
                   TOOL / RUN INFORMATION
=========================================================================

  Tool         : Synopsys PrimeTime 2023.06-SP3
  Run Host     : sta-server-01
  Run Dir      : /proj/cpu_rtl/sta/MEMORY/MOB/run_tt_0p90v_0p90v_25c
  SDC File     : /proj/cpu_rtl/constraints/MOB_TOP.sdc
  Netlist      : /proj/cpu_rtl/netlist/MOB_TOP.v.gz
  SPEF File    : /proj/cpu_rtl/spef/MOB_TOP.spef.gz
  Liberty      : saed32nm_rvt_tt_0p90v_0p90v_25c.db
  Elapsed Time : 00:05:16
  Peak Memory  : 1.656 GB

=========================================================================
End of Report
=========================================================================
