****************************************
Report : timing
        -path_type full
        -delay_type max
        -max_paths 10
        -sort_by slack
Design : MOB_TOP
Version: PrimeTime 2023.06-SP3
Date   : Sat Aug 15 18:20:45 2026
Corner : tt_0p90v_0p90v_25c
Note   : Final tapeout sign-off setup — Nominal corner
****************************************

Operating Conditions : tt_0p90v_0p90v_25c (Library: saed32nm_rvt)
Wire Load Model Mode : Interconnect (StarRC Extracted)

  Startpoint : u_mob_ord/din_reg[0]
               (rising edge-triggered flip-flop clocked by CLK_CORE)
  Endpoint   : u_mob_ctrl/dout_reg[0]
               (rising edge-triggered flip-flop clocked by CLK_CORE)
  Path Group : CLK_CORE
  Path Type  : max

  Point                                                   Incr        Path
  -------------------------------------------------------------------------
  clock CLK_CORE (rise edge)                                  0.000       0.000
  clock network delay (propagated)                        0.16      0.16
  u_mob_ord/din_reg[0]/CK (DFFARX1_RVT)                        0.000       0.16 r
  u_mob_ord/din_reg[0]/Q  (DFFARX1_RVT)                        0.124         0.284 r
  u_mob_ord/U12/Y (INVX2_RVT)                                  0.035         0.319 f
  u_mob_ord/U34/Y (NAND2X1_RVT)                                0.088         0.407 r
  u_mob_chk/U07/Y (AOI22X1_RVT)                                0.098         0.505 f
  u_mob_chk/U19/Y (OAI21X1_RVT)                                0.106         0.611 r
  u_mob_rep/U03/Y (MUX21X1_RVT)                                0.08         0.691 r
  u_mob_rep/U11/Y (AND2X1_RVT)                                 0.065         0.756 f
  u_mob_rep/U22/Y (NOR2X1_RVT)                                 0.064         0.82 r
  u_mob_ctrl/U05/Y (BUFX4_RVT)                                  0.075         0.895 r
  u_mob_ctrl/dout_reg[0]/D (DFFARX1_RVT)                        0.054        0.949 f
  data arrival time                                                    0.949

  clock CLK_CORE (rise edge)                                  2     2
  clock network delay (propagated)                        0.16      2.16
  clock uncertainty                                      -0.05   2.11
  u_mob_ctrl/dout_reg[0]/CK (DFFARX1_RVT)                       0.000       2.11 r
  library setup time                                     -0.065   2.045
  data required time                                                   2.045
  -------------------------------------------------------------------------
  data required time                                                   2.045
  data arrival time                                                   -0.949
  -------------------------------------------------------------------------
  slack (MET)      1.096


=========================================================================
                   MOB_TOP -- TIMING SUMMARY
=========================================================================

  Block        : MOB_TOP
  Corner       : tt_0p90v_0p90v_25c
  Check        : max  (Final tapeout sign-off setup — Nominal corner)
  Clock        : CLK_CORE  Period = 2 ns  (500 MHz)
  Technology   : SAED 32nm RVT

  +------------------------------------------------------------------+
  | Sub-Unit          WNS (ns)  TNS (ns)  #Viol   WHS (ns)  #HViol  |
  +------------------------------------------------------------------+
  | u_mob_ord          1.096       0.000       0      0.1        0     |
  | u_mob_chk          0.219       0.000       0      0.051        0     |
  | u_mob_rep          0.077       0.000       0      0.107        0     |
  | u_mob_ctrl          0.079       0.000       0      0.094        0     |
  +------------------------------------------------------------------+
  | MOB_TOP   1.096       0.000       0      0.1        0     |
  +------------------------------------------------------------------+

  Status : ALL PATHS CLEAN -- No Setup or Hold Violations


=========================================================================
                   TIMING EXCEPTIONS APPLIED
=========================================================================

  set_false_path -from [get_ports SCAN_EN]      -to [all_registers]
  set_false_path -from [get_ports TEST_MODE]     -to [all_registers]
  set_multicycle_path 2 -setup -from [get_cells u_mob_ord/*] -to [get_cells u_mob_ctrl/*]
  set_multicycle_path 1 -hold  -from [get_cells u_mob_ord/*] -to [get_cells u_mob_ctrl/*]
  set_input_delay  0.400 -clock CLK_CORE -max [all_inputs]
  set_output_delay 0.350 -clock CLK_CORE -max [all_outputs]


=========================================================================
                   CLOCK DOMAIN SUMMARY
=========================================================================

  Clock    : CLK_CORE
  Period   : 2 ns
  Waveform : {0.000 1}
  Skew     : 0.025 ns  (max across MOB_TOP)
  Latency  : 0.16 ns  (max)


=========================================================================
                   CONSTRAINT COVERAGE
=========================================================================

  Total register endpoints   : 6491
  Constrained endpoints      : 5890
  Unconstrained endpoints    :      0
  Coverage                   :  100.0%


=========================================================================
                   TOOL / RUN INFORMATION
=========================================================================

  Tool         : Synopsys PrimeTime 2023.06-SP3
  Run Host     : sta-server-01
  Run Dir      : /proj/cpu_rtl/sta/MEMORY/MOB/run_tt_0p90v_0p90v_25c
  SDC File     : /proj/cpu_rtl/constraints/MOB_TOP.sdc
  Netlist      : /proj/cpu_rtl/netlist/MOB_TOP.v.gz
  SPEF File    : /proj/cpu_rtl/spef/MOB_TOP.spef.gz
  Liberty      : saed32nm_rvt_tt_0p90v_0p90v_25c.db
  Elapsed Time : 00:02:31
  Peak Memory  : 1.677 GB

=========================================================================
End of Report
=========================================================================
